Checking the headers and starting positions of 25 files
Concatenating /scratch/rohlfslab/abierly2/LongTR/longTR_pipeline_NA19070/NA19070.chr10.vcf.gz	0.029027 seconds
Concatenating /scratch/rohlfslab/abierly2/LongTR/longTR_pipeline_NA19070/NA19070.chr11.vcf.gz	0.028902 seconds
Concatenating /scratch/rohlfslab/abierly2/LongTR/longTR_pipeline_NA19070/NA19070.chr12.vcf.gz	0.027942 seconds
Concatenating /scratch/rohlfslab/abierly2/LongTR/longTR_pipeline_NA19070/NA19070.chr13.vcf.gz	0.013821 seconds
Concatenating /scratch/rohlfslab/abierly2/LongTR/longTR_pipeline_NA19070/NA19070.chr14.vcf.gz	0.020489 seconds
Concatenating /scratch/rohlfslab/abierly2/LongTR/longTR_pipeline_NA19070/NA19070.chr15.vcf.gz	0.016944 seconds
Concatenating /scratch/rohlfslab/abierly2/LongTR/longTR_pipeline_NA19070/NA19070.chr16.vcf.gz	0.026083 seconds
Concatenating /scratch/rohlfslab/abierly2/LongTR/longTR_pipeline_NA19070/NA19070.chr17.vcf.gz	0.029582 seconds
Concatenating /scratch/rohlfslab/abierly2/LongTR/longTR_pipeline_NA19070/NA19070.chr18.vcf.gz	0.011737 seconds
Concatenating /scratch/rohlfslab/abierly2/LongTR/longTR_pipeline_NA19070/NA19070.chr19.vcf.gz	0.034944 seconds
Concatenating /scratch/rohlfslab/abierly2/LongTR/longTR_pipeline_NA19070/NA19070.chr1.vcf.gz	0.053455 seconds
Concatenating /scratch/rohlfslab/abierly2/LongTR/longTR_pipeline_NA19070/NA19070.chr20.vcf.gz	0.014920 seconds
Concatenating /scratch/rohlfslab/abierly2/LongTR/longTR_pipeline_NA19070/NA19070.chr21.vcf.gz	0.005888 seconds
Concatenating /scratch/rohlfslab/abierly2/LongTR/longTR_pipeline_NA19070/NA19070.chr22.vcf.gz	0.011079 seconds
Concatenating /scratch/rohlfslab/abierly2/LongTR/longTR_pipeline_NA19070/NA19070.chr2.vcf.gz	0.044405 seconds
Concatenating /scratch/rohlfslab/abierly2/LongTR/longTR_pipeline_NA19070/NA19070.chr3.vcf.gz	0.033333 seconds
Concatenating /scratch/rohlfslab/abierly2/LongTR/longTR_pipeline_NA19070/NA19070.chr4.vcf.gz	0.026433 seconds
Concatenating /scratch/rohlfslab/abierly2/LongTR/longTR_pipeline_NA19070/NA19070.chr5.vcf.gz	0.028623 seconds
Concatenating /scratch/rohlfslab/abierly2/LongTR/longTR_pipeline_NA19070/NA19070.chr6.vcf.gz	0.031400 seconds
Concatenating /scratch/rohlfslab/abierly2/LongTR/longTR_pipeline_NA19070/NA19070.chr7.vcf.gz	0.032112 seconds
Concatenating /scratch/rohlfslab/abierly2/LongTR/longTR_pipeline_NA19070/NA19070.chr8.vcf.gz	0.022534 seconds
Concatenating /scratch/rohlfslab/abierly2/LongTR/longTR_pipeline_NA19070/NA19070.chr9.vcf.gz	0.024008 seconds
Concatenating /scratch/rohlfslab/abierly2/LongTR/longTR_pipeline_NA19070/NA19070.chrM.vcf.gz	0.000284 seconds
Concatenating /scratch/rohlfslab/abierly2/LongTR/longTR_pipeline_NA19070/NA19070.chrX.vcf.gz	0.002379 seconds
Concatenating /scratch/rohlfslab/abierly2/LongTR/longTR_pipeline_NA19070/NA19070.chrY.vcf.gz	0.000303 seconds
