Checking the headers and starting positions of 25 files
Concatenating /scratch/rohlfslab/abierly2/LongTR/longTR_pipeline_HG02105/HG02105.chr10.vcf.gz	1.273114 seconds
Concatenating /scratch/rohlfslab/abierly2/LongTR/longTR_pipeline_HG02105/HG02105.chr11.vcf.gz	1.213120 seconds
Concatenating /scratch/rohlfslab/abierly2/LongTR/longTR_pipeline_HG02105/HG02105.chr12.vcf.gz	1.284116 seconds
Concatenating /scratch/rohlfslab/abierly2/LongTR/longTR_pipeline_HG02105/HG02105.chr13.vcf.gz	0.884718 seconds
Concatenating /scratch/rohlfslab/abierly2/LongTR/longTR_pipeline_HG02105/HG02105.chr14.vcf.gz	0.848573 seconds
Concatenating /scratch/rohlfslab/abierly2/LongTR/longTR_pipeline_HG02105/HG02105.chr15.vcf.gz	0.792153 seconds
Concatenating /scratch/rohlfslab/abierly2/LongTR/longTR_pipeline_HG02105/HG02105.chr16.vcf.gz	0.830945 seconds
Concatenating /scratch/rohlfslab/abierly2/LongTR/longTR_pipeline_HG02105/HG02105.chr17.vcf.gz	0.863815 seconds
Concatenating /scratch/rohlfslab/abierly2/LongTR/longTR_pipeline_HG02105/HG02105.chr18.vcf.gz	0.638196 seconds
Concatenating /scratch/rohlfslab/abierly2/LongTR/longTR_pipeline_HG02105/HG02105.chr19.vcf.gz	0.712987 seconds
Concatenating /scratch/rohlfslab/abierly2/LongTR/longTR_pipeline_HG02105/HG02105.chr1.vcf.gz	2.278234 seconds
Concatenating /scratch/rohlfslab/abierly2/LongTR/longTR_pipeline_HG02105/HG02105.chr20.vcf.gz	0.532694 seconds
Concatenating /scratch/rohlfslab/abierly2/LongTR/longTR_pipeline_HG02105/HG02105.chr21.vcf.gz	0.309109 seconds
Concatenating /scratch/rohlfslab/abierly2/LongTR/longTR_pipeline_HG02105/HG02105.chr22.vcf.gz	0.374630 seconds
Concatenating /scratch/rohlfslab/abierly2/LongTR/longTR_pipeline_HG02105/HG02105.chr2.vcf.gz	2.268268 seconds
Concatenating /scratch/rohlfslab/abierly2/LongTR/longTR_pipeline_HG02105/HG02105.chr3.vcf.gz	1.827658 seconds
Concatenating /scratch/rohlfslab/abierly2/LongTR/longTR_pipeline_HG02105/HG02105.chr4.vcf.gz	1.750554 seconds
Concatenating /scratch/rohlfslab/abierly2/LongTR/longTR_pipeline_HG02105/HG02105.chr5.vcf.gz	1.647212 seconds
Concatenating /scratch/rohlfslab/abierly2/LongTR/longTR_pipeline_HG02105/HG02105.chr6.vcf.gz	1.580411 seconds
Concatenating /scratch/rohlfslab/abierly2/LongTR/longTR_pipeline_HG02105/HG02105.chr7.vcf.gz	1.525662 seconds
Concatenating /scratch/rohlfslab/abierly2/LongTR/longTR_pipeline_HG02105/HG02105.chr8.vcf.gz	1.314873 seconds
Concatenating /scratch/rohlfslab/abierly2/LongTR/longTR_pipeline_HG02105/HG02105.chr9.vcf.gz	1.115012 seconds
Concatenating /scratch/rohlfslab/abierly2/LongTR/longTR_pipeline_HG02105/HG02105.chrM.vcf.gz	0.000367 seconds
Concatenating /scratch/rohlfslab/abierly2/LongTR/longTR_pipeline_HG02105/HG02105.chrX.vcf.gz	1.365106 seconds
Concatenating /scratch/rohlfslab/abierly2/LongTR/longTR_pipeline_HG02105/HG02105.chrY.vcf.gz	0.000409 seconds
