Checking the headers and starting positions of 25 files
Concatenating /scratch/rohlfslab/abierly2/LongTR/longTR_pipeline_NA07048/NA07048.chr10.vcf.gz	1.054819 seconds
Concatenating /scratch/rohlfslab/abierly2/LongTR/longTR_pipeline_NA07048/NA07048.chr11.vcf.gz	1.013657 seconds
Concatenating /scratch/rohlfslab/abierly2/LongTR/longTR_pipeline_NA07048/NA07048.chr12.vcf.gz	1.076753 seconds
Concatenating /scratch/rohlfslab/abierly2/LongTR/longTR_pipeline_NA07048/NA07048.chr13.vcf.gz	0.708620 seconds
Concatenating /scratch/rohlfslab/abierly2/LongTR/longTR_pipeline_NA07048/NA07048.chr14.vcf.gz	0.705204 seconds
Concatenating /scratch/rohlfslab/abierly2/LongTR/longTR_pipeline_NA07048/NA07048.chr15.vcf.gz	0.655745 seconds
Concatenating /scratch/rohlfslab/abierly2/LongTR/longTR_pipeline_NA07048/NA07048.chr16.vcf.gz	0.694549 seconds
Concatenating /scratch/rohlfslab/abierly2/LongTR/longTR_pipeline_NA07048/NA07048.chr17.vcf.gz	0.718513 seconds
Concatenating /scratch/rohlfslab/abierly2/LongTR/longTR_pipeline_NA07048/NA07048.chr18.vcf.gz	0.531473 seconds
Concatenating /scratch/rohlfslab/abierly2/LongTR/longTR_pipeline_NA07048/NA07048.chr19.vcf.gz	0.607848 seconds
Concatenating /scratch/rohlfslab/abierly2/LongTR/longTR_pipeline_NA07048/NA07048.chr1.vcf.gz	1.911629 seconds
Concatenating /scratch/rohlfslab/abierly2/LongTR/longTR_pipeline_NA07048/NA07048.chr20.vcf.gz	0.458786 seconds
Concatenating /scratch/rohlfslab/abierly2/LongTR/longTR_pipeline_NA07048/NA07048.chr21.vcf.gz	0.259597 seconds
Concatenating /scratch/rohlfslab/abierly2/LongTR/longTR_pipeline_NA07048/NA07048.chr22.vcf.gz	0.309909 seconds
Concatenating /scratch/rohlfslab/abierly2/LongTR/longTR_pipeline_NA07048/NA07048.chr2.vcf.gz	1.853440 seconds
Concatenating /scratch/rohlfslab/abierly2/LongTR/longTR_pipeline_NA07048/NA07048.chr3.vcf.gz	1.481609 seconds
Concatenating /scratch/rohlfslab/abierly2/LongTR/longTR_pipeline_NA07048/NA07048.chr4.vcf.gz	1.388706 seconds
Concatenating /scratch/rohlfslab/abierly2/LongTR/longTR_pipeline_NA07048/NA07048.chr5.vcf.gz	1.323981 seconds
Concatenating /scratch/rohlfslab/abierly2/LongTR/longTR_pipeline_NA07048/NA07048.chr6.vcf.gz	1.294796 seconds
Concatenating /scratch/rohlfslab/abierly2/LongTR/longTR_pipeline_NA07048/NA07048.chr7.vcf.gz	1.251870 seconds
Concatenating /scratch/rohlfslab/abierly2/LongTR/longTR_pipeline_NA07048/NA07048.chr8.vcf.gz	1.086168 seconds
Concatenating /scratch/rohlfslab/abierly2/LongTR/longTR_pipeline_NA07048/NA07048.chr9.vcf.gz	0.933049 seconds
Concatenating /scratch/rohlfslab/abierly2/LongTR/longTR_pipeline_NA07048/NA07048.chrM.vcf.gz	0.000429 seconds
Concatenating /scratch/rohlfslab/abierly2/LongTR/longTR_pipeline_NA07048/NA07048.chrX.vcf.gz	0.217123 seconds
Concatenating /scratch/rohlfslab/abierly2/LongTR/longTR_pipeline_NA07048/NA07048.chrY.vcf.gz	0.008730 seconds
