Checking the headers and starting positions of 25 files
Concatenating /scratch/rohlfslab/abierly2/LongTR/longTR_pipeline_HG02128/HG02128.chr10.vcf.gz	1.252303 seconds
Concatenating /scratch/rohlfslab/abierly2/LongTR/longTR_pipeline_HG02128/HG02128.chr11.vcf.gz	1.196008 seconds
Concatenating /scratch/rohlfslab/abierly2/LongTR/longTR_pipeline_HG02128/HG02128.chr12.vcf.gz	1.265392 seconds
Concatenating /scratch/rohlfslab/abierly2/LongTR/longTR_pipeline_HG02128/HG02128.chr13.vcf.gz	0.873903 seconds
Concatenating /scratch/rohlfslab/abierly2/LongTR/longTR_pipeline_HG02128/HG02128.chr14.vcf.gz	0.829206 seconds
Concatenating /scratch/rohlfslab/abierly2/LongTR/longTR_pipeline_HG02128/HG02128.chr15.vcf.gz	0.778708 seconds
Concatenating /scratch/rohlfslab/abierly2/LongTR/longTR_pipeline_HG02128/HG02128.chr16.vcf.gz	0.817383 seconds
Concatenating /scratch/rohlfslab/abierly2/LongTR/longTR_pipeline_HG02128/HG02128.chr17.vcf.gz	0.845407 seconds
Concatenating /scratch/rohlfslab/abierly2/LongTR/longTR_pipeline_HG02128/HG02128.chr18.vcf.gz	0.629483 seconds
Concatenating /scratch/rohlfslab/abierly2/LongTR/longTR_pipeline_HG02128/HG02128.chr19.vcf.gz	0.696644 seconds
Concatenating /scratch/rohlfslab/abierly2/LongTR/longTR_pipeline_HG02128/HG02128.chr1.vcf.gz	2.261095 seconds
Concatenating /scratch/rohlfslab/abierly2/LongTR/longTR_pipeline_HG02128/HG02128.chr20.vcf.gz	0.523304 seconds
Concatenating /scratch/rohlfslab/abierly2/LongTR/longTR_pipeline_HG02128/HG02128.chr21.vcf.gz	0.304442 seconds
Concatenating /scratch/rohlfslab/abierly2/LongTR/longTR_pipeline_HG02128/HG02128.chr22.vcf.gz	0.366999 seconds
Concatenating /scratch/rohlfslab/abierly2/LongTR/longTR_pipeline_HG02128/HG02128.chr2.vcf.gz	2.232072 seconds
Concatenating /scratch/rohlfslab/abierly2/LongTR/longTR_pipeline_HG02128/HG02128.chr3.vcf.gz	1.798288 seconds
Concatenating /scratch/rohlfslab/abierly2/LongTR/longTR_pipeline_HG02128/HG02128.chr4.vcf.gz	1.717859 seconds
Concatenating /scratch/rohlfslab/abierly2/LongTR/longTR_pipeline_HG02128/HG02128.chr5.vcf.gz	1.651262 seconds
Concatenating /scratch/rohlfslab/abierly2/LongTR/longTR_pipeline_HG02128/HG02128.chr6.vcf.gz	1.553743 seconds
Concatenating /scratch/rohlfslab/abierly2/LongTR/longTR_pipeline_HG02128/HG02128.chr7.vcf.gz	1.494535 seconds
Concatenating /scratch/rohlfslab/abierly2/LongTR/longTR_pipeline_HG02128/HG02128.chr8.vcf.gz	1.301470 seconds
Concatenating /scratch/rohlfslab/abierly2/LongTR/longTR_pipeline_HG02128/HG02128.chr9.vcf.gz	1.098307 seconds
Concatenating /scratch/rohlfslab/abierly2/LongTR/longTR_pipeline_HG02128/HG02128.chrM.vcf.gz	0.000396 seconds
Concatenating /scratch/rohlfslab/abierly2/LongTR/longTR_pipeline_HG02128/HG02128.chrX.vcf.gz	1.216096 seconds
Concatenating /scratch/rohlfslab/abierly2/LongTR/longTR_pipeline_HG02128/HG02128.chrY.vcf.gz	0.065489 seconds
