Checking the headers and starting positions of 25 files
Concatenating /scratch/rohlfslab/abierly2/LongTR/longTR_pipeline_HG02364/HG02364.chr10.vcf.gz	1.279071 seconds
Concatenating /scratch/rohlfslab/abierly2/LongTR/longTR_pipeline_HG02364/HG02364.chr11.vcf.gz	1.219284 seconds
Concatenating /scratch/rohlfslab/abierly2/LongTR/longTR_pipeline_HG02364/HG02364.chr12.vcf.gz	1.288568 seconds
Concatenating /scratch/rohlfslab/abierly2/LongTR/longTR_pipeline_HG02364/HG02364.chr13.vcf.gz	0.891120 seconds
Concatenating /scratch/rohlfslab/abierly2/LongTR/longTR_pipeline_HG02364/HG02364.chr14.vcf.gz	0.840331 seconds
Concatenating /scratch/rohlfslab/abierly2/LongTR/longTR_pipeline_HG02364/HG02364.chr15.vcf.gz	0.790716 seconds
Concatenating /scratch/rohlfslab/abierly2/LongTR/longTR_pipeline_HG02364/HG02364.chr16.vcf.gz	0.822707 seconds
Concatenating /scratch/rohlfslab/abierly2/LongTR/longTR_pipeline_HG02364/HG02364.chr17.vcf.gz	0.860802 seconds
Concatenating /scratch/rohlfslab/abierly2/LongTR/longTR_pipeline_HG02364/HG02364.chr18.vcf.gz	0.641304 seconds
Concatenating /scratch/rohlfslab/abierly2/LongTR/longTR_pipeline_HG02364/HG02364.chr19.vcf.gz	0.712310 seconds
Concatenating /scratch/rohlfslab/abierly2/LongTR/longTR_pipeline_HG02364/HG02364.chr1.vcf.gz	2.271835 seconds
Concatenating /scratch/rohlfslab/abierly2/LongTR/longTR_pipeline_HG02364/HG02364.chr20.vcf.gz	0.537981 seconds
Concatenating /scratch/rohlfslab/abierly2/LongTR/longTR_pipeline_HG02364/HG02364.chr21.vcf.gz	0.309113 seconds
Concatenating /scratch/rohlfslab/abierly2/LongTR/longTR_pipeline_HG02364/HG02364.chr22.vcf.gz	0.375998 seconds
Concatenating /scratch/rohlfslab/abierly2/LongTR/longTR_pipeline_HG02364/HG02364.chr2.vcf.gz	2.277484 seconds
Concatenating /scratch/rohlfslab/abierly2/LongTR/longTR_pipeline_HG02364/HG02364.chr3.vcf.gz	1.811221 seconds
Concatenating /scratch/rohlfslab/abierly2/LongTR/longTR_pipeline_HG02364/HG02364.chr4.vcf.gz	1.739461 seconds
Concatenating /scratch/rohlfslab/abierly2/LongTR/longTR_pipeline_HG02364/HG02364.chr5.vcf.gz	1.645464 seconds
Concatenating /scratch/rohlfslab/abierly2/LongTR/longTR_pipeline_HG02364/HG02364.chr6.vcf.gz	1.591030 seconds
Concatenating /scratch/rohlfslab/abierly2/LongTR/longTR_pipeline_HG02364/HG02364.chr7.vcf.gz	1.535522 seconds
Concatenating /scratch/rohlfslab/abierly2/LongTR/longTR_pipeline_HG02364/HG02364.chr8.vcf.gz	1.320936 seconds
Concatenating /scratch/rohlfslab/abierly2/LongTR/longTR_pipeline_HG02364/HG02364.chr9.vcf.gz	1.119333 seconds
Concatenating /scratch/rohlfslab/abierly2/LongTR/longTR_pipeline_HG02364/HG02364.chrM.vcf.gz	0.000364 seconds
Concatenating /scratch/rohlfslab/abierly2/LongTR/longTR_pipeline_HG02364/HG02364.chrX.vcf.gz	0.958104 seconds
Concatenating /scratch/rohlfslab/abierly2/LongTR/longTR_pipeline_HG02364/HG02364.chrY.vcf.gz	0.046650 seconds
