Checking the headers and starting positions of 25 files
Concatenating /scratch/rohlfslab/abierly2/LongTR/longTR_pipeline_HG02116/HG02116.chr10.vcf.gz	0.812053 seconds
Concatenating /scratch/rohlfslab/abierly2/LongTR/longTR_pipeline_HG02116/HG02116.chr11.vcf.gz	0.769348 seconds
Concatenating /scratch/rohlfslab/abierly2/LongTR/longTR_pipeline_HG02116/HG02116.chr12.vcf.gz	0.839599 seconds
Concatenating /scratch/rohlfslab/abierly2/LongTR/longTR_pipeline_HG02116/HG02116.chr13.vcf.gz	0.583488 seconds
Concatenating /scratch/rohlfslab/abierly2/LongTR/longTR_pipeline_HG02116/HG02116.chr14.vcf.gz	0.546688 seconds
Concatenating /scratch/rohlfslab/abierly2/LongTR/longTR_pipeline_HG02116/HG02116.chr15.vcf.gz	0.497744 seconds
Concatenating /scratch/rohlfslab/abierly2/LongTR/longTR_pipeline_HG02116/HG02116.chr16.vcf.gz	0.488444 seconds
Concatenating /scratch/rohlfslab/abierly2/LongTR/longTR_pipeline_HG02116/HG02116.chr17.vcf.gz	0.527258 seconds
Concatenating /scratch/rohlfslab/abierly2/LongTR/longTR_pipeline_HG02116/HG02116.chr18.vcf.gz	0.420246 seconds
Concatenating /scratch/rohlfslab/abierly2/LongTR/longTR_pipeline_HG02116/HG02116.chr19.vcf.gz	0.373573 seconds
Concatenating /scratch/rohlfslab/abierly2/LongTR/longTR_pipeline_HG02116/HG02116.chr1.vcf.gz	1.461888 seconds
Concatenating /scratch/rohlfslab/abierly2/LongTR/longTR_pipeline_HG02116/HG02116.chr20.vcf.gz	0.329645 seconds
Concatenating /scratch/rohlfslab/abierly2/LongTR/longTR_pipeline_HG02116/HG02116.chr21.vcf.gz	0.190002 seconds
Concatenating /scratch/rohlfslab/abierly2/LongTR/longTR_pipeline_HG02116/HG02116.chr22.vcf.gz	0.210602 seconds
Concatenating /scratch/rohlfslab/abierly2/LongTR/longTR_pipeline_HG02116/HG02116.chr2.vcf.gz	1.503740 seconds
Concatenating /scratch/rohlfslab/abierly2/LongTR/longTR_pipeline_HG02116/HG02116.chr3.vcf.gz	1.190542 seconds
Concatenating /scratch/rohlfslab/abierly2/LongTR/longTR_pipeline_HG02116/HG02116.chr4.vcf.gz	1.139185 seconds
Concatenating /scratch/rohlfslab/abierly2/LongTR/longTR_pipeline_HG02116/HG02116.chr5.vcf.gz	1.082648 seconds
Concatenating /scratch/rohlfslab/abierly2/LongTR/longTR_pipeline_HG02116/HG02116.chr6.vcf.gz	1.033722 seconds
Concatenating /scratch/rohlfslab/abierly2/LongTR/longTR_pipeline_HG02116/HG02116.chr7.vcf.gz	0.977954 seconds
Concatenating /scratch/rohlfslab/abierly2/LongTR/longTR_pipeline_HG02116/HG02116.chr8.vcf.gz	0.860682 seconds
Concatenating /scratch/rohlfslab/abierly2/LongTR/longTR_pipeline_HG02116/HG02116.chr9.vcf.gz	0.705222 seconds
Concatenating /scratch/rohlfslab/abierly2/LongTR/longTR_pipeline_HG02116/HG02116.chrM.vcf.gz	0.000367 seconds
Concatenating /scratch/rohlfslab/abierly2/LongTR/longTR_pipeline_HG02116/HG02116.chrX.vcf.gz	0.107002 seconds
Concatenating /scratch/rohlfslab/abierly2/LongTR/longTR_pipeline_HG02116/HG02116.chrY.vcf.gz	0.004472 seconds
