Checking the headers and starting positions of 25 files
Concatenating /scratch/rohlfslab/abierly2/LongTR/longTR_pipeline_HG01362/HG01362.chr10.vcf.gz	1.216770 seconds
Concatenating /scratch/rohlfslab/abierly2/LongTR/longTR_pipeline_HG01362/HG01362.chr11.vcf.gz	1.160146 seconds
Concatenating /scratch/rohlfslab/abierly2/LongTR/longTR_pipeline_HG01362/HG01362.chr12.vcf.gz	1.242270 seconds
Concatenating /scratch/rohlfslab/abierly2/LongTR/longTR_pipeline_HG01362/HG01362.chr13.vcf.gz	0.847113 seconds
Concatenating /scratch/rohlfslab/abierly2/LongTR/longTR_pipeline_HG01362/HG01362.chr14.vcf.gz	0.804201 seconds
Concatenating /scratch/rohlfslab/abierly2/LongTR/longTR_pipeline_HG01362/HG01362.chr15.vcf.gz	0.755528 seconds
Concatenating /scratch/rohlfslab/abierly2/LongTR/longTR_pipeline_HG01362/HG01362.chr16.vcf.gz	0.792646 seconds
Concatenating /scratch/rohlfslab/abierly2/LongTR/longTR_pipeline_HG01362/HG01362.chr17.vcf.gz	0.828672 seconds
Concatenating /scratch/rohlfslab/abierly2/LongTR/longTR_pipeline_HG01362/HG01362.chr18.vcf.gz	0.610320 seconds
Concatenating /scratch/rohlfslab/abierly2/LongTR/longTR_pipeline_HG01362/HG01362.chr19.vcf.gz	0.684670 seconds
Concatenating /scratch/rohlfslab/abierly2/LongTR/longTR_pipeline_HG01362/HG01362.chr1.vcf.gz	2.172922 seconds
Concatenating /scratch/rohlfslab/abierly2/LongTR/longTR_pipeline_HG01362/HG01362.chr20.vcf.gz	0.512912 seconds
Concatenating /scratch/rohlfslab/abierly2/LongTR/longTR_pipeline_HG01362/HG01362.chr21.vcf.gz	0.295804 seconds
Concatenating /scratch/rohlfslab/abierly2/LongTR/longTR_pipeline_HG01362/HG01362.chr22.vcf.gz	0.359900 seconds
Concatenating /scratch/rohlfslab/abierly2/LongTR/longTR_pipeline_HG01362/HG01362.chr2.vcf.gz	2.171224 seconds
Concatenating /scratch/rohlfslab/abierly2/LongTR/longTR_pipeline_HG01362/HG01362.chr3.vcf.gz	1.729653 seconds
Concatenating /scratch/rohlfslab/abierly2/LongTR/longTR_pipeline_HG01362/HG01362.chr4.vcf.gz	1.657794 seconds
Concatenating /scratch/rohlfslab/abierly2/LongTR/longTR_pipeline_HG01362/HG01362.chr5.vcf.gz	1.565651 seconds
Concatenating /scratch/rohlfslab/abierly2/LongTR/longTR_pipeline_HG01362/HG01362.chr6.vcf.gz	1.506257 seconds
Concatenating /scratch/rohlfslab/abierly2/LongTR/longTR_pipeline_HG01362/HG01362.chr7.vcf.gz	1.454618 seconds
Concatenating /scratch/rohlfslab/abierly2/LongTR/longTR_pipeline_HG01362/HG01362.chr8.vcf.gz	1.258156 seconds
Concatenating /scratch/rohlfslab/abierly2/LongTR/longTR_pipeline_HG01362/HG01362.chr9.vcf.gz	1.070292 seconds
Concatenating /scratch/rohlfslab/abierly2/LongTR/longTR_pipeline_HG01362/HG01362.chrM.vcf.gz	0.000286 seconds
Concatenating /scratch/rohlfslab/abierly2/LongTR/longTR_pipeline_HG01362/HG01362.chrX.vcf.gz	0.797605 seconds
Concatenating /scratch/rohlfslab/abierly2/LongTR/longTR_pipeline_HG01362/HG01362.chrY.vcf.gz	0.039117 seconds
