Checking the headers and starting positions of 25 files
Concatenating /scratch/rohlfslab/abierly2/LongTR/longTR_pipeline_HG03703/HG03703.chr10.vcf.gz	0.343570 seconds
Concatenating /scratch/rohlfslab/abierly2/LongTR/longTR_pipeline_HG03703/HG03703.chr11.vcf.gz	0.342617 seconds
Concatenating /scratch/rohlfslab/abierly2/LongTR/longTR_pipeline_HG03703/HG03703.chr12.vcf.gz	0.365073 seconds
Concatenating /scratch/rohlfslab/abierly2/LongTR/longTR_pipeline_HG03703/HG03703.chr13.vcf.gz	0.209017 seconds
Concatenating /scratch/rohlfslab/abierly2/LongTR/longTR_pipeline_HG03703/HG03703.chr14.vcf.gz	0.235611 seconds
Concatenating /scratch/rohlfslab/abierly2/LongTR/longTR_pipeline_HG03703/HG03703.chr15.vcf.gz	0.237307 seconds
Concatenating /scratch/rohlfslab/abierly2/LongTR/longTR_pipeline_HG03703/HG03703.chr16.vcf.gz	0.246898 seconds
Concatenating /scratch/rohlfslab/abierly2/LongTR/longTR_pipeline_HG03703/HG03703.chr17.vcf.gz	0.277922 seconds
Concatenating /scratch/rohlfslab/abierly2/LongTR/longTR_pipeline_HG03703/HG03703.chr18.vcf.gz	0.161331 seconds
Concatenating /scratch/rohlfslab/abierly2/LongTR/longTR_pipeline_HG03703/HG03703.chr19.vcf.gz	0.237444 seconds
Concatenating /scratch/rohlfslab/abierly2/LongTR/longTR_pipeline_HG03703/HG03703.chr1.vcf.gz	0.666293 seconds
Concatenating /scratch/rohlfslab/abierly2/LongTR/longTR_pipeline_HG03703/HG03703.chr20.vcf.gz	0.158720 seconds
Concatenating /scratch/rohlfslab/abierly2/LongTR/longTR_pipeline_HG03703/HG03703.chr21.vcf.gz	0.083513 seconds
Concatenating /scratch/rohlfslab/abierly2/LongTR/longTR_pipeline_HG03703/HG03703.chr22.vcf.gz	0.113419 seconds
Concatenating /scratch/rohlfslab/abierly2/LongTR/longTR_pipeline_HG03703/HG03703.chr2.vcf.gz	0.584732 seconds
Concatenating /scratch/rohlfslab/abierly2/LongTR/longTR_pipeline_HG03703/HG03703.chr3.vcf.gz	0.484986 seconds
Concatenating /scratch/rohlfslab/abierly2/LongTR/longTR_pipeline_HG03703/HG03703.chr4.vcf.gz	0.413410 seconds
Concatenating /scratch/rohlfslab/abierly2/LongTR/longTR_pipeline_HG03703/HG03703.chr5.vcf.gz	0.421990 seconds
Concatenating /scratch/rohlfslab/abierly2/LongTR/longTR_pipeline_HG03703/HG03703.chr6.vcf.gz	0.421743 seconds
Concatenating /scratch/rohlfslab/abierly2/LongTR/longTR_pipeline_HG03703/HG03703.chr7.vcf.gz	0.398896 seconds
Concatenating /scratch/rohlfslab/abierly2/LongTR/longTR_pipeline_HG03703/HG03703.chr8.vcf.gz	0.344535 seconds
Concatenating /scratch/rohlfslab/abierly2/LongTR/longTR_pipeline_HG03703/HG03703.chr9.vcf.gz	0.310656 seconds
Concatenating /scratch/rohlfslab/abierly2/LongTR/longTR_pipeline_HG03703/HG03703.chrM.vcf.gz	0.000291 seconds
Concatenating /scratch/rohlfslab/abierly2/LongTR/longTR_pipeline_HG03703/HG03703.chrX.vcf.gz	0.276424 seconds
Concatenating /scratch/rohlfslab/abierly2/LongTR/longTR_pipeline_HG03703/HG03703.chrY.vcf.gz	0.000284 seconds
