Checking the headers and starting positions of 25 files
Concatenating /scratch/rohlfslab/abierly2/LongTR/longTR_pipeline_HG01101/HG01101.chr10.vcf.gz	1.232363 seconds
Concatenating /scratch/rohlfslab/abierly2/LongTR/longTR_pipeline_HG01101/HG01101.chr11.vcf.gz	1.175892 seconds
Concatenating /scratch/rohlfslab/abierly2/LongTR/longTR_pipeline_HG01101/HG01101.chr12.vcf.gz	1.251273 seconds
Concatenating /scratch/rohlfslab/abierly2/LongTR/longTR_pipeline_HG01101/HG01101.chr13.vcf.gz	0.858725 seconds
Concatenating /scratch/rohlfslab/abierly2/LongTR/longTR_pipeline_HG01101/HG01101.chr14.vcf.gz	0.814718 seconds
Concatenating /scratch/rohlfslab/abierly2/LongTR/longTR_pipeline_HG01101/HG01101.chr15.vcf.gz	0.759709 seconds
Concatenating /scratch/rohlfslab/abierly2/LongTR/longTR_pipeline_HG01101/HG01101.chr16.vcf.gz	0.794466 seconds
Concatenating /scratch/rohlfslab/abierly2/LongTR/longTR_pipeline_HG01101/HG01101.chr17.vcf.gz	0.827572 seconds
Concatenating /scratch/rohlfslab/abierly2/LongTR/longTR_pipeline_HG01101/HG01101.chr18.vcf.gz	0.618652 seconds
Concatenating /scratch/rohlfslab/abierly2/LongTR/longTR_pipeline_HG01101/HG01101.chr19.vcf.gz	0.686787 seconds
Concatenating /scratch/rohlfslab/abierly2/LongTR/longTR_pipeline_HG01101/HG01101.chr1.vcf.gz	2.201974 seconds
Concatenating /scratch/rohlfslab/abierly2/LongTR/longTR_pipeline_HG01101/HG01101.chr20.vcf.gz	0.516140 seconds
Concatenating /scratch/rohlfslab/abierly2/LongTR/longTR_pipeline_HG01101/HG01101.chr21.vcf.gz	0.300825 seconds
Concatenating /scratch/rohlfslab/abierly2/LongTR/longTR_pipeline_HG01101/HG01101.chr22.vcf.gz	0.362973 seconds
Concatenating /scratch/rohlfslab/abierly2/LongTR/longTR_pipeline_HG01101/HG01101.chr2.vcf.gz	2.194409 seconds
Concatenating /scratch/rohlfslab/abierly2/LongTR/longTR_pipeline_HG01101/HG01101.chr3.vcf.gz	1.749664 seconds
Concatenating /scratch/rohlfslab/abierly2/LongTR/longTR_pipeline_HG01101/HG01101.chr4.vcf.gz	1.676088 seconds
Concatenating /scratch/rohlfslab/abierly2/LongTR/longTR_pipeline_HG01101/HG01101.chr5.vcf.gz	1.586616 seconds
Concatenating /scratch/rohlfslab/abierly2/LongTR/longTR_pipeline_HG01101/HG01101.chr6.vcf.gz	1.526716 seconds
Concatenating /scratch/rohlfslab/abierly2/LongTR/longTR_pipeline_HG01101/HG01101.chr7.vcf.gz	1.469256 seconds
Concatenating /scratch/rohlfslab/abierly2/LongTR/longTR_pipeline_HG01101/HG01101.chr8.vcf.gz	1.275842 seconds
Concatenating /scratch/rohlfslab/abierly2/LongTR/longTR_pipeline_HG01101/HG01101.chr9.vcf.gz	1.079622 seconds
Concatenating /scratch/rohlfslab/abierly2/LongTR/longTR_pipeline_HG01101/HG01101.chrM.vcf.gz	0.000305 seconds
Concatenating /scratch/rohlfslab/abierly2/LongTR/longTR_pipeline_HG01101/HG01101.chrX.vcf.gz	0.823595 seconds
Concatenating /scratch/rohlfslab/abierly2/LongTR/longTR_pipeline_HG01101/HG01101.chrY.vcf.gz	0.041964 seconds
