Checking the headers and starting positions of 25 files
Concatenating /scratch/rohlfslab/abierly2/LongTR/longTR_pipeline_NA18571/NA18571.chr10.vcf.gz	1.077224 seconds
Concatenating /scratch/rohlfslab/abierly2/LongTR/longTR_pipeline_NA18571/NA18571.chr11.vcf.gz	1.040891 seconds
Concatenating /scratch/rohlfslab/abierly2/LongTR/longTR_pipeline_NA18571/NA18571.chr12.vcf.gz	1.097471 seconds
Concatenating /scratch/rohlfslab/abierly2/LongTR/longTR_pipeline_NA18571/NA18571.chr13.vcf.gz	0.774099 seconds
Concatenating /scratch/rohlfslab/abierly2/LongTR/longTR_pipeline_NA18571/NA18571.chr14.vcf.gz	0.715552 seconds
Concatenating /scratch/rohlfslab/abierly2/LongTR/longTR_pipeline_NA18571/NA18571.chr15.vcf.gz	0.670524 seconds
Concatenating /scratch/rohlfslab/abierly2/LongTR/longTR_pipeline_NA18571/NA18571.chr16.vcf.gz	0.680585 seconds
Concatenating /scratch/rohlfslab/abierly2/LongTR/longTR_pipeline_NA18571/NA18571.chr17.vcf.gz	0.701639 seconds
Concatenating /scratch/rohlfslab/abierly2/LongTR/longTR_pipeline_NA18571/NA18571.chr18.vcf.gz	0.550668 seconds
Concatenating /scratch/rohlfslab/abierly2/LongTR/longTR_pipeline_NA18571/NA18571.chr19.vcf.gz	0.571460 seconds
Concatenating /scratch/rohlfslab/abierly2/LongTR/longTR_pipeline_NA18571/NA18571.chr1.vcf.gz	1.922050 seconds
Concatenating /scratch/rohlfslab/abierly2/LongTR/longTR_pipeline_NA18571/NA18571.chr20.vcf.gz	0.463028 seconds
Concatenating /scratch/rohlfslab/abierly2/LongTR/longTR_pipeline_NA18571/NA18571.chr21.vcf.gz	0.261623 seconds
Concatenating /scratch/rohlfslab/abierly2/LongTR/longTR_pipeline_NA18571/NA18571.chr22.vcf.gz	0.304218 seconds
Concatenating /scratch/rohlfslab/abierly2/LongTR/longTR_pipeline_NA18571/NA18571.chr2.vcf.gz	1.953347 seconds
Concatenating /scratch/rohlfslab/abierly2/LongTR/longTR_pipeline_NA18571/NA18571.chr3.vcf.gz	1.556177 seconds
Concatenating /scratch/rohlfslab/abierly2/LongTR/longTR_pipeline_NA18571/NA18571.chr4.vcf.gz	1.494381 seconds
Concatenating /scratch/rohlfslab/abierly2/LongTR/longTR_pipeline_NA18571/NA18571.chr5.vcf.gz	1.414129 seconds
Concatenating /scratch/rohlfslab/abierly2/LongTR/longTR_pipeline_NA18571/NA18571.chr6.vcf.gz	1.361366 seconds
Concatenating /scratch/rohlfslab/abierly2/LongTR/longTR_pipeline_NA18571/NA18571.chr7.vcf.gz	1.287137 seconds
Concatenating /scratch/rohlfslab/abierly2/LongTR/longTR_pipeline_NA18571/NA18571.chr8.vcf.gz	1.132382 seconds
Concatenating /scratch/rohlfslab/abierly2/LongTR/longTR_pipeline_NA18571/NA18571.chr9.vcf.gz	0.957044 seconds
Concatenating /scratch/rohlfslab/abierly2/LongTR/longTR_pipeline_NA18571/NA18571.chrM.vcf.gz	0.000325 seconds
Concatenating /scratch/rohlfslab/abierly2/LongTR/longTR_pipeline_NA18571/NA18571.chrX.vcf.gz	1.181753 seconds
Concatenating /scratch/rohlfslab/abierly2/LongTR/longTR_pipeline_NA18571/NA18571.chrY.vcf.gz	0.000309 seconds
