Checking the headers and starting positions of 25 files
Concatenating /scratch/rohlfslab/abierly2/LongTR/longTR_pipeline_HG01455/HG01455.chr10.vcf.gz	1.246739 seconds
Concatenating /scratch/rohlfslab/abierly2/LongTR/longTR_pipeline_HG01455/HG01455.chr11.vcf.gz	1.184804 seconds
Concatenating /scratch/rohlfslab/abierly2/LongTR/longTR_pipeline_HG01455/HG01455.chr12.vcf.gz	1.263769 seconds
Concatenating /scratch/rohlfslab/abierly2/LongTR/longTR_pipeline_HG01455/HG01455.chr13.vcf.gz	0.869115 seconds
Concatenating /scratch/rohlfslab/abierly2/LongTR/longTR_pipeline_HG01455/HG01455.chr14.vcf.gz	0.830507 seconds
Concatenating /scratch/rohlfslab/abierly2/LongTR/longTR_pipeline_HG01455/HG01455.chr15.vcf.gz	0.770801 seconds
Concatenating /scratch/rohlfslab/abierly2/LongTR/longTR_pipeline_HG01455/HG01455.chr16.vcf.gz	0.815240 seconds
Concatenating /scratch/rohlfslab/abierly2/LongTR/longTR_pipeline_HG01455/HG01455.chr17.vcf.gz	0.848193 seconds
Concatenating /scratch/rohlfslab/abierly2/LongTR/longTR_pipeline_HG01455/HG01455.chr18.vcf.gz	0.628012 seconds
Concatenating /scratch/rohlfslab/abierly2/LongTR/longTR_pipeline_HG01455/HG01455.chr19.vcf.gz	0.705012 seconds
Concatenating /scratch/rohlfslab/abierly2/LongTR/longTR_pipeline_HG01455/HG01455.chr1.vcf.gz	2.221391 seconds
Concatenating /scratch/rohlfslab/abierly2/LongTR/longTR_pipeline_HG01455/HG01455.chr20.vcf.gz	0.525278 seconds
Concatenating /scratch/rohlfslab/abierly2/LongTR/longTR_pipeline_HG01455/HG01455.chr21.vcf.gz	0.307251 seconds
Concatenating /scratch/rohlfslab/abierly2/LongTR/longTR_pipeline_HG01455/HG01455.chr22.vcf.gz	0.370265 seconds
Concatenating /scratch/rohlfslab/abierly2/LongTR/longTR_pipeline_HG01455/HG01455.chr2.vcf.gz	2.225909 seconds
Concatenating /scratch/rohlfslab/abierly2/LongTR/longTR_pipeline_HG01455/HG01455.chr3.vcf.gz	1.782717 seconds
Concatenating /scratch/rohlfslab/abierly2/LongTR/longTR_pipeline_HG01455/HG01455.chr4.vcf.gz	1.692563 seconds
Concatenating /scratch/rohlfslab/abierly2/LongTR/longTR_pipeline_HG01455/HG01455.chr5.vcf.gz	1.602192 seconds
Concatenating /scratch/rohlfslab/abierly2/LongTR/longTR_pipeline_HG01455/HG01455.chr6.vcf.gz	1.553134 seconds
Concatenating /scratch/rohlfslab/abierly2/LongTR/longTR_pipeline_HG01455/HG01455.chr7.vcf.gz	1.489415 seconds
Concatenating /scratch/rohlfslab/abierly2/LongTR/longTR_pipeline_HG01455/HG01455.chr8.vcf.gz	1.292024 seconds
Concatenating /scratch/rohlfslab/abierly2/LongTR/longTR_pipeline_HG01455/HG01455.chr9.vcf.gz	1.093833 seconds
Concatenating /scratch/rohlfslab/abierly2/LongTR/longTR_pipeline_HG01455/HG01455.chrM.vcf.gz	0.000323 seconds
Concatenating /scratch/rohlfslab/abierly2/LongTR/longTR_pipeline_HG01455/HG01455.chrX.vcf.gz	0.851644 seconds
Concatenating /scratch/rohlfslab/abierly2/LongTR/longTR_pipeline_HG01455/HG01455.chrY.vcf.gz	0.041913 seconds
