Checking the headers and starting positions of 25 files
Concatenating /scratch/rohlfslab/abierly2/LongTR/longTR_pipeline_HG00610/HG00610.chr10.vcf.gz	1.041653 seconds
Concatenating /scratch/rohlfslab/abierly2/LongTR/longTR_pipeline_HG00610/HG00610.chr11.vcf.gz	1.003517 seconds
Concatenating /scratch/rohlfslab/abierly2/LongTR/longTR_pipeline_HG00610/HG00610.chr12.vcf.gz	1.077549 seconds
Concatenating /scratch/rohlfslab/abierly2/LongTR/longTR_pipeline_HG00610/HG00610.chr13.vcf.gz	0.702622 seconds
Concatenating /scratch/rohlfslab/abierly2/LongTR/longTR_pipeline_HG00610/HG00610.chr14.vcf.gz	0.689445 seconds
Concatenating /scratch/rohlfslab/abierly2/LongTR/longTR_pipeline_HG00610/HG00610.chr15.vcf.gz	0.661636 seconds
Concatenating /scratch/rohlfslab/abierly2/LongTR/longTR_pipeline_HG00610/HG00610.chr16.vcf.gz	0.671345 seconds
Concatenating /scratch/rohlfslab/abierly2/LongTR/longTR_pipeline_HG00610/HG00610.chr17.vcf.gz	0.734408 seconds
Concatenating /scratch/rohlfslab/abierly2/LongTR/longTR_pipeline_HG00610/HG00610.chr18.vcf.gz	0.510561 seconds
Concatenating /scratch/rohlfslab/abierly2/LongTR/longTR_pipeline_HG00610/HG00610.chr19.vcf.gz	0.620007 seconds
Concatenating /scratch/rohlfslab/abierly2/LongTR/longTR_pipeline_HG00610/HG00610.chr1.vcf.gz	1.890011 seconds
Concatenating /scratch/rohlfslab/abierly2/LongTR/longTR_pipeline_HG00610/HG00610.chr20.vcf.gz	0.440227 seconds
Concatenating /scratch/rohlfslab/abierly2/LongTR/longTR_pipeline_HG00610/HG00610.chr21.vcf.gz	0.245329 seconds
Concatenating /scratch/rohlfslab/abierly2/LongTR/longTR_pipeline_HG00610/HG00610.chr22.vcf.gz	0.313934 seconds
Concatenating /scratch/rohlfslab/abierly2/LongTR/longTR_pipeline_HG00610/HG00610.chr2.vcf.gz	1.861263 seconds
Concatenating /scratch/rohlfslab/abierly2/LongTR/longTR_pipeline_HG00610/HG00610.chr3.vcf.gz	1.481716 seconds
Concatenating /scratch/rohlfslab/abierly2/LongTR/longTR_pipeline_HG00610/HG00610.chr4.vcf.gz	1.411214 seconds
Concatenating /scratch/rohlfslab/abierly2/LongTR/longTR_pipeline_HG00610/HG00610.chr5.vcf.gz	1.333455 seconds
Concatenating /scratch/rohlfslab/abierly2/LongTR/longTR_pipeline_HG00610/HG00610.chr6.vcf.gz	1.307731 seconds
Concatenating /scratch/rohlfslab/abierly2/LongTR/longTR_pipeline_HG00610/HG00610.chr7.vcf.gz	1.243851 seconds
Concatenating /scratch/rohlfslab/abierly2/LongTR/longTR_pipeline_HG00610/HG00610.chr8.vcf.gz	1.068155 seconds
Concatenating /scratch/rohlfslab/abierly2/LongTR/longTR_pipeline_HG00610/HG00610.chr9.vcf.gz	0.908548 seconds
Concatenating /scratch/rohlfslab/abierly2/LongTR/longTR_pipeline_HG00610/HG00610.chrM.vcf.gz	0.000354 seconds
Concatenating /scratch/rohlfslab/abierly2/LongTR/longTR_pipeline_HG00610/HG00610.chrX.vcf.gz	0.216894 seconds
Concatenating /scratch/rohlfslab/abierly2/LongTR/longTR_pipeline_HG00610/HG00610.chrY.vcf.gz	0.008460 seconds
