Checking the headers and starting positions of 25 files
Concatenating /scratch/rohlfslab/abierly2/LongTR/longTR_pipeline_HG01942/HG01942.chr10.vcf.gz	1.082794 seconds
Concatenating /scratch/rohlfslab/abierly2/LongTR/longTR_pipeline_HG01942/HG01942.chr11.vcf.gz	1.044334 seconds
Concatenating /scratch/rohlfslab/abierly2/LongTR/longTR_pipeline_HG01942/HG01942.chr12.vcf.gz	1.112181 seconds
Concatenating /scratch/rohlfslab/abierly2/LongTR/longTR_pipeline_HG01942/HG01942.chr13.vcf.gz	0.754998 seconds
Concatenating /scratch/rohlfslab/abierly2/LongTR/longTR_pipeline_HG01942/HG01942.chr14.vcf.gz	0.723866 seconds
Concatenating /scratch/rohlfslab/abierly2/LongTR/longTR_pipeline_HG01942/HG01942.chr15.vcf.gz	0.670561 seconds
Concatenating /scratch/rohlfslab/abierly2/LongTR/longTR_pipeline_HG01942/HG01942.chr16.vcf.gz	0.701445 seconds
Concatenating /scratch/rohlfslab/abierly2/LongTR/longTR_pipeline_HG01942/HG01942.chr17.vcf.gz	0.726119 seconds
Concatenating /scratch/rohlfslab/abierly2/LongTR/longTR_pipeline_HG01942/HG01942.chr18.vcf.gz	0.548874 seconds
Concatenating /scratch/rohlfslab/abierly2/LongTR/longTR_pipeline_HG01942/HG01942.chr19.vcf.gz	0.588027 seconds
Concatenating /scratch/rohlfslab/abierly2/LongTR/longTR_pipeline_HG01942/HG01942.chr1.vcf.gz	1.943745 seconds
Concatenating /scratch/rohlfslab/abierly2/LongTR/longTR_pipeline_HG01942/HG01942.chr20.vcf.gz	0.454343 seconds
Concatenating /scratch/rohlfslab/abierly2/LongTR/longTR_pipeline_HG01942/HG01942.chr21.vcf.gz	0.264521 seconds
Concatenating /scratch/rohlfslab/abierly2/LongTR/longTR_pipeline_HG01942/HG01942.chr22.vcf.gz	0.315986 seconds
Concatenating /scratch/rohlfslab/abierly2/LongTR/longTR_pipeline_HG01942/HG01942.chr2.vcf.gz	1.938713 seconds
Concatenating /scratch/rohlfslab/abierly2/LongTR/longTR_pipeline_HG01942/HG01942.chr3.vcf.gz	1.572208 seconds
Concatenating /scratch/rohlfslab/abierly2/LongTR/longTR_pipeline_HG01942/HG01942.chr4.vcf.gz	1.482729 seconds
Concatenating /scratch/rohlfslab/abierly2/LongTR/longTR_pipeline_HG01942/HG01942.chr5.vcf.gz	1.407205 seconds
Concatenating /scratch/rohlfslab/abierly2/LongTR/longTR_pipeline_HG01942/HG01942.chr6.vcf.gz	1.354944 seconds
Concatenating /scratch/rohlfslab/abierly2/LongTR/longTR_pipeline_HG01942/HG01942.chr7.vcf.gz	1.325352 seconds
Concatenating /scratch/rohlfslab/abierly2/LongTR/longTR_pipeline_HG01942/HG01942.chr8.vcf.gz	1.121713 seconds
Concatenating /scratch/rohlfslab/abierly2/LongTR/longTR_pipeline_HG01942/HG01942.chr9.vcf.gz	0.958837 seconds
Concatenating /scratch/rohlfslab/abierly2/LongTR/longTR_pipeline_HG01942/HG01942.chrM.vcf.gz	0.000291 seconds
Concatenating /scratch/rohlfslab/abierly2/LongTR/longTR_pipeline_HG01942/HG01942.chrX.vcf.gz	1.154344 seconds
Concatenating /scratch/rohlfslab/abierly2/LongTR/longTR_pipeline_HG01942/HG01942.chrY.vcf.gz	0.000316 seconds
