Checking the headers and starting positions of 25 files
Concatenating /scratch/rohlfslab/abierly2/LongTR/longTR_pipeline_HG01527/HG01527.chr10.vcf.gz	0.008123 seconds
Concatenating /scratch/rohlfslab/abierly2/LongTR/longTR_pipeline_HG01527/HG01527.chr11.vcf.gz	0.009310 seconds
Concatenating /scratch/rohlfslab/abierly2/LongTR/longTR_pipeline_HG01527/HG01527.chr12.vcf.gz	0.007672 seconds
Concatenating /scratch/rohlfslab/abierly2/LongTR/longTR_pipeline_HG01527/HG01527.chr13.vcf.gz	0.005542 seconds
Concatenating /scratch/rohlfslab/abierly2/LongTR/longTR_pipeline_HG01527/HG01527.chr14.vcf.gz	0.004010 seconds
Concatenating /scratch/rohlfslab/abierly2/LongTR/longTR_pipeline_HG01527/HG01527.chr15.vcf.gz	0.004097 seconds
Concatenating /scratch/rohlfslab/abierly2/LongTR/longTR_pipeline_HG01527/HG01527.chr16.vcf.gz	0.005607 seconds
Concatenating /scratch/rohlfslab/abierly2/LongTR/longTR_pipeline_HG01527/HG01527.chr17.vcf.gz	0.009008 seconds
Concatenating /scratch/rohlfslab/abierly2/LongTR/longTR_pipeline_HG01527/HG01527.chr18.vcf.gz	0.002255 seconds
Concatenating /scratch/rohlfslab/abierly2/LongTR/longTR_pipeline_HG01527/HG01527.chr19.vcf.gz	0.012947 seconds
Concatenating /scratch/rohlfslab/abierly2/LongTR/longTR_pipeline_HG01527/HG01527.chr1.vcf.gz	0.014781 seconds
Concatenating /scratch/rohlfslab/abierly2/LongTR/longTR_pipeline_HG01527/HG01527.chr20.vcf.gz	0.003987 seconds
Concatenating /scratch/rohlfslab/abierly2/LongTR/longTR_pipeline_HG01527/HG01527.chr21.vcf.gz	0.000460 seconds
Concatenating /scratch/rohlfslab/abierly2/LongTR/longTR_pipeline_HG01527/HG01527.chr22.vcf.gz	0.003885 seconds
Concatenating /scratch/rohlfslab/abierly2/LongTR/longTR_pipeline_HG01527/HG01527.chr2.vcf.gz	0.013180 seconds
Concatenating /scratch/rohlfslab/abierly2/LongTR/longTR_pipeline_HG01527/HG01527.chr3.vcf.gz	0.009364 seconds
Concatenating /scratch/rohlfslab/abierly2/LongTR/longTR_pipeline_HG01527/HG01527.chr4.vcf.gz	0.007967 seconds
Concatenating /scratch/rohlfslab/abierly2/LongTR/longTR_pipeline_HG01527/HG01527.chr5.vcf.gz	0.009738 seconds
Concatenating /scratch/rohlfslab/abierly2/LongTR/longTR_pipeline_HG01527/HG01527.chr6.vcf.gz	0.007970 seconds
Concatenating /scratch/rohlfslab/abierly2/LongTR/longTR_pipeline_HG01527/HG01527.chr7.vcf.gz	0.011510 seconds
Concatenating /scratch/rohlfslab/abierly2/LongTR/longTR_pipeline_HG01527/HG01527.chr8.vcf.gz	0.005913 seconds
Concatenating /scratch/rohlfslab/abierly2/LongTR/longTR_pipeline_HG01527/HG01527.chr9.vcf.gz	0.007481 seconds
Concatenating /scratch/rohlfslab/abierly2/LongTR/longTR_pipeline_HG01527/HG01527.chrM.vcf.gz	0.000266 seconds
Concatenating /scratch/rohlfslab/abierly2/LongTR/longTR_pipeline_HG01527/HG01527.chrX.vcf.gz	0.000384 seconds
Concatenating /scratch/rohlfslab/abierly2/LongTR/longTR_pipeline_HG01527/HG01527.chrY.vcf.gz	0.000258 seconds
