Checking the headers and starting positions of 25 files
Concatenating /scratch/rohlfslab/abierly2/LongTR/longTR_pipeline_HG01626/HG01626.chr10.vcf.gz	0.802368 seconds
Concatenating /scratch/rohlfslab/abierly2/LongTR/longTR_pipeline_HG01626/HG01626.chr11.vcf.gz	0.758444 seconds
Concatenating /scratch/rohlfslab/abierly2/LongTR/longTR_pipeline_HG01626/HG01626.chr12.vcf.gz	0.840774 seconds
Concatenating /scratch/rohlfslab/abierly2/LongTR/longTR_pipeline_HG01626/HG01626.chr13.vcf.gz	0.559275 seconds
Concatenating /scratch/rohlfslab/abierly2/LongTR/longTR_pipeline_HG01626/HG01626.chr14.vcf.gz	0.529960 seconds
Concatenating /scratch/rohlfslab/abierly2/LongTR/longTR_pipeline_HG01626/HG01626.chr15.vcf.gz	0.504598 seconds
Concatenating /scratch/rohlfslab/abierly2/LongTR/longTR_pipeline_HG01626/HG01626.chr16.vcf.gz	0.503482 seconds
Concatenating /scratch/rohlfslab/abierly2/LongTR/longTR_pipeline_HG01626/HG01626.chr17.vcf.gz	0.525500 seconds
Concatenating /scratch/rohlfslab/abierly2/LongTR/longTR_pipeline_HG01626/HG01626.chr18.vcf.gz	0.397673 seconds
Concatenating /scratch/rohlfslab/abierly2/LongTR/longTR_pipeline_HG01626/HG01626.chr19.vcf.gz	0.437348 seconds
Concatenating /scratch/rohlfslab/abierly2/LongTR/longTR_pipeline_HG01626/HG01626.chr1.vcf.gz	1.443863 seconds
Concatenating /scratch/rohlfslab/abierly2/LongTR/longTR_pipeline_HG01626/HG01626.chr20.vcf.gz	0.313065 seconds
Concatenating /scratch/rohlfslab/abierly2/LongTR/longTR_pipeline_HG01626/HG01626.chr21.vcf.gz	0.183570 seconds
Concatenating /scratch/rohlfslab/abierly2/LongTR/longTR_pipeline_HG01626/HG01626.chr22.vcf.gz	0.204274 seconds
Concatenating /scratch/rohlfslab/abierly2/LongTR/longTR_pipeline_HG01626/HG01626.chr2.vcf.gz	1.446583 seconds
Concatenating /scratch/rohlfslab/abierly2/LongTR/longTR_pipeline_HG01626/HG01626.chr3.vcf.gz	1.146408 seconds
Concatenating /scratch/rohlfslab/abierly2/LongTR/longTR_pipeline_HG01626/HG01626.chr4.vcf.gz	1.087256 seconds
Concatenating /scratch/rohlfslab/abierly2/LongTR/longTR_pipeline_HG01626/HG01626.chr5.vcf.gz	1.042436 seconds
Concatenating /scratch/rohlfslab/abierly2/LongTR/longTR_pipeline_HG01626/HG01626.chr6.vcf.gz	1.020049 seconds
Concatenating /scratch/rohlfslab/abierly2/LongTR/longTR_pipeline_HG01626/HG01626.chr7.vcf.gz	0.943143 seconds
Concatenating /scratch/rohlfslab/abierly2/LongTR/longTR_pipeline_HG01626/HG01626.chr8.vcf.gz	0.818774 seconds
Concatenating /scratch/rohlfslab/abierly2/LongTR/longTR_pipeline_HG01626/HG01626.chr9.vcf.gz	0.683753 seconds
Concatenating /scratch/rohlfslab/abierly2/LongTR/longTR_pipeline_HG01626/HG01626.chrM.vcf.gz	0.000314 seconds
Concatenating /scratch/rohlfslab/abierly2/LongTR/longTR_pipeline_HG01626/HG01626.chrX.vcf.gz	0.826454 seconds
Concatenating /scratch/rohlfslab/abierly2/LongTR/longTR_pipeline_HG01626/HG01626.chrY.vcf.gz	0.000314 seconds
