Checking the headers and starting positions of 25 files
Concatenating /scratch/rohlfslab/abierly2/LongTR/longTR_pipeline_HG00404/HG00404.chr10.vcf.gz	1.235811 seconds
Concatenating /scratch/rohlfslab/abierly2/LongTR/longTR_pipeline_HG00404/HG00404.chr11.vcf.gz	1.172721 seconds
Concatenating /scratch/rohlfslab/abierly2/LongTR/longTR_pipeline_HG00404/HG00404.chr12.vcf.gz	1.245733 seconds
Concatenating /scratch/rohlfslab/abierly2/LongTR/longTR_pipeline_HG00404/HG00404.chr13.vcf.gz	0.860026 seconds
Concatenating /scratch/rohlfslab/abierly2/LongTR/longTR_pipeline_HG00404/HG00404.chr14.vcf.gz	0.813591 seconds
Concatenating /scratch/rohlfslab/abierly2/LongTR/longTR_pipeline_HG00404/HG00404.chr15.vcf.gz	0.764236 seconds
Concatenating /scratch/rohlfslab/abierly2/LongTR/longTR_pipeline_HG00404/HG00404.chr16.vcf.gz	0.800288 seconds
Concatenating /scratch/rohlfslab/abierly2/LongTR/longTR_pipeline_HG00404/HG00404.chr17.vcf.gz	0.835460 seconds
Concatenating /scratch/rohlfslab/abierly2/LongTR/longTR_pipeline_HG00404/HG00404.chr18.vcf.gz	0.617624 seconds
Concatenating /scratch/rohlfslab/abierly2/LongTR/longTR_pipeline_HG00404/HG00404.chr19.vcf.gz	0.690939 seconds
Concatenating /scratch/rohlfslab/abierly2/LongTR/longTR_pipeline_HG00404/HG00404.chr1.vcf.gz	2.186982 seconds
Concatenating /scratch/rohlfslab/abierly2/LongTR/longTR_pipeline_HG00404/HG00404.chr20.vcf.gz	0.518206 seconds
Concatenating /scratch/rohlfslab/abierly2/LongTR/longTR_pipeline_HG00404/HG00404.chr21.vcf.gz	0.301129 seconds
Concatenating /scratch/rohlfslab/abierly2/LongTR/longTR_pipeline_HG00404/HG00404.chr22.vcf.gz	0.364251 seconds
Concatenating /scratch/rohlfslab/abierly2/LongTR/longTR_pipeline_HG00404/HG00404.chr2.vcf.gz	2.199120 seconds
Concatenating /scratch/rohlfslab/abierly2/LongTR/longTR_pipeline_HG00404/HG00404.chr3.vcf.gz	1.753316 seconds
Concatenating /scratch/rohlfslab/abierly2/LongTR/longTR_pipeline_HG00404/HG00404.chr4.vcf.gz	1.686738 seconds
Concatenating /scratch/rohlfslab/abierly2/LongTR/longTR_pipeline_HG00404/HG00404.chr5.vcf.gz	1.593684 seconds
Concatenating /scratch/rohlfslab/abierly2/LongTR/longTR_pipeline_HG00404/HG00404.chr6.vcf.gz	1.527404 seconds
Concatenating /scratch/rohlfslab/abierly2/LongTR/longTR_pipeline_HG00404/HG00404.chr7.vcf.gz	1.473227 seconds
Concatenating /scratch/rohlfslab/abierly2/LongTR/longTR_pipeline_HG00404/HG00404.chr8.vcf.gz	1.276197 seconds
Concatenating /scratch/rohlfslab/abierly2/LongTR/longTR_pipeline_HG00404/HG00404.chr9.vcf.gz	1.083131 seconds
Concatenating /scratch/rohlfslab/abierly2/LongTR/longTR_pipeline_HG00404/HG00404.chrM.vcf.gz	0.000376 seconds
Concatenating /scratch/rohlfslab/abierly2/LongTR/longTR_pipeline_HG00404/HG00404.chrX.vcf.gz	1.323023 seconds
Concatenating /scratch/rohlfslab/abierly2/LongTR/longTR_pipeline_HG00404/HG00404.chrY.vcf.gz	0.000394 seconds
