Checking the headers and starting positions of 25 files
Concatenating /scratch/rohlfslab/abierly2/LongTR/longTR_pipeline_HG00982/HG00982.chr10.vcf.gz	0.995694 seconds
Concatenating /scratch/rohlfslab/abierly2/LongTR/longTR_pipeline_HG00982/HG00982.chr11.vcf.gz	0.929374 seconds
Concatenating /scratch/rohlfslab/abierly2/LongTR/longTR_pipeline_HG00982/HG00982.chr12.vcf.gz	1.010610 seconds
Concatenating /scratch/rohlfslab/abierly2/LongTR/longTR_pipeline_HG00982/HG00982.chr13.vcf.gz	0.668503 seconds
Concatenating /scratch/rohlfslab/abierly2/LongTR/longTR_pipeline_HG00982/HG00982.chr14.vcf.gz	0.657226 seconds
Concatenating /scratch/rohlfslab/abierly2/LongTR/longTR_pipeline_HG00982/HG00982.chr15.vcf.gz	0.616397 seconds
Concatenating /scratch/rohlfslab/abierly2/LongTR/longTR_pipeline_HG00982/HG00982.chr16.vcf.gz	0.640437 seconds
Concatenating /scratch/rohlfslab/abierly2/LongTR/longTR_pipeline_HG00982/HG00982.chr17.vcf.gz	0.683935 seconds
Concatenating /scratch/rohlfslab/abierly2/LongTR/longTR_pipeline_HG00982/HG00982.chr18.vcf.gz	0.484723 seconds
Concatenating /scratch/rohlfslab/abierly2/LongTR/longTR_pipeline_HG00982/HG00982.chr19.vcf.gz	0.569659 seconds
Concatenating /scratch/rohlfslab/abierly2/LongTR/longTR_pipeline_HG00982/HG00982.chr1.vcf.gz	1.784686 seconds
Concatenating /scratch/rohlfslab/abierly2/LongTR/longTR_pipeline_HG00982/HG00982.chr20.vcf.gz	0.434708 seconds
Concatenating /scratch/rohlfslab/abierly2/LongTR/longTR_pipeline_HG00982/HG00982.chr21.vcf.gz	0.234853 seconds
Concatenating /scratch/rohlfslab/abierly2/LongTR/longTR_pipeline_HG00982/HG00982.chr22.vcf.gz	0.296323 seconds
Concatenating /scratch/rohlfslab/abierly2/LongTR/longTR_pipeline_HG00982/HG00982.chr2.vcf.gz	1.805274 seconds
Concatenating /scratch/rohlfslab/abierly2/LongTR/longTR_pipeline_HG00982/HG00982.chr3.vcf.gz	1.441006 seconds
Concatenating /scratch/rohlfslab/abierly2/LongTR/longTR_pipeline_HG00982/HG00982.chr4.vcf.gz	1.313230 seconds
Concatenating /scratch/rohlfslab/abierly2/LongTR/longTR_pipeline_HG00982/HG00982.chr5.vcf.gz	1.279998 seconds
Concatenating /scratch/rohlfslab/abierly2/LongTR/longTR_pipeline_HG00982/HG00982.chr6.vcf.gz	1.245044 seconds
Concatenating /scratch/rohlfslab/abierly2/LongTR/longTR_pipeline_HG00982/HG00982.chr7.vcf.gz	1.183516 seconds
Concatenating /scratch/rohlfslab/abierly2/LongTR/longTR_pipeline_HG00982/HG00982.chr8.vcf.gz	1.021219 seconds
Concatenating /scratch/rohlfslab/abierly2/LongTR/longTR_pipeline_HG00982/HG00982.chr9.vcf.gz	0.865978 seconds
Concatenating /scratch/rohlfslab/abierly2/LongTR/longTR_pipeline_HG00982/HG00982.chrM.vcf.gz	0.000320 seconds
Concatenating /scratch/rohlfslab/abierly2/LongTR/longTR_pipeline_HG00982/HG00982.chrX.vcf.gz	0.174040 seconds
Concatenating /scratch/rohlfslab/abierly2/LongTR/longTR_pipeline_HG00982/HG00982.chrY.vcf.gz	0.006589 seconds
