Checking the headers and starting positions of 25 files
Concatenating /scratch/rohlfslab/abierly2/LongTR/longTR_pipeline_HG01142/HG01142.chr10.vcf.gz	1.145312 seconds
Concatenating /scratch/rohlfslab/abierly2/LongTR/longTR_pipeline_HG01142/HG01142.chr11.vcf.gz	1.092063 seconds
Concatenating /scratch/rohlfslab/abierly2/LongTR/longTR_pipeline_HG01142/HG01142.chr12.vcf.gz	1.170171 seconds
Concatenating /scratch/rohlfslab/abierly2/LongTR/longTR_pipeline_HG01142/HG01142.chr13.vcf.gz	0.800888 seconds
Concatenating /scratch/rohlfslab/abierly2/LongTR/longTR_pipeline_HG01142/HG01142.chr14.vcf.gz	0.762418 seconds
Concatenating /scratch/rohlfslab/abierly2/LongTR/longTR_pipeline_HG01142/HG01142.chr15.vcf.gz	0.705314 seconds
Concatenating /scratch/rohlfslab/abierly2/LongTR/longTR_pipeline_HG01142/HG01142.chr16.vcf.gz	0.720750 seconds
Concatenating /scratch/rohlfslab/abierly2/LongTR/longTR_pipeline_HG01142/HG01142.chr17.vcf.gz	0.766544 seconds
Concatenating /scratch/rohlfslab/abierly2/LongTR/longTR_pipeline_HG01142/HG01142.chr18.vcf.gz	0.579659 seconds
Concatenating /scratch/rohlfslab/abierly2/LongTR/longTR_pipeline_HG01142/HG01142.chr19.vcf.gz	0.624354 seconds
Concatenating /scratch/rohlfslab/abierly2/LongTR/longTR_pipeline_HG01142/HG01142.chr1.vcf.gz	2.041257 seconds
Concatenating /scratch/rohlfslab/abierly2/LongTR/longTR_pipeline_HG01142/HG01142.chr20.vcf.gz	0.476240 seconds
Concatenating /scratch/rohlfslab/abierly2/LongTR/longTR_pipeline_HG01142/HG01142.chr21.vcf.gz	0.281882 seconds
Concatenating /scratch/rohlfslab/abierly2/LongTR/longTR_pipeline_HG01142/HG01142.chr22.vcf.gz	0.322724 seconds
Concatenating /scratch/rohlfslab/abierly2/LongTR/longTR_pipeline_HG01142/HG01142.chr2.vcf.gz	2.066669 seconds
Concatenating /scratch/rohlfslab/abierly2/LongTR/longTR_pipeline_HG01142/HG01142.chr3.vcf.gz	1.644566 seconds
Concatenating /scratch/rohlfslab/abierly2/LongTR/longTR_pipeline_HG01142/HG01142.chr4.vcf.gz	1.573538 seconds
Concatenating /scratch/rohlfslab/abierly2/LongTR/longTR_pipeline_HG01142/HG01142.chr5.vcf.gz	1.480940 seconds
Concatenating /scratch/rohlfslab/abierly2/LongTR/longTR_pipeline_HG01142/HG01142.chr6.vcf.gz	1.460677 seconds
Concatenating /scratch/rohlfslab/abierly2/LongTR/longTR_pipeline_HG01142/HG01142.chr7.vcf.gz	1.398789 seconds
Concatenating /scratch/rohlfslab/abierly2/LongTR/longTR_pipeline_HG01142/HG01142.chr8.vcf.gz	1.209626 seconds
Concatenating /scratch/rohlfslab/abierly2/LongTR/longTR_pipeline_HG01142/HG01142.chr9.vcf.gz	0.996153 seconds
Concatenating /scratch/rohlfslab/abierly2/LongTR/longTR_pipeline_HG01142/HG01142.chrM.vcf.gz	0.000299 seconds
Concatenating /scratch/rohlfslab/abierly2/LongTR/longTR_pipeline_HG01142/HG01142.chrX.vcf.gz	0.357119 seconds
Concatenating /scratch/rohlfslab/abierly2/LongTR/longTR_pipeline_HG01142/HG01142.chrY.vcf.gz	0.017948 seconds
