Checking the headers and starting positions of 25 files
Concatenating /scratch/rohlfslab/abierly2/LongTR/longTR_pipeline_HG04025/HG04025.chr10.vcf.gz	0.000719 seconds
Concatenating /scratch/rohlfslab/abierly2/LongTR/longTR_pipeline_HG04025/HG04025.chr11.vcf.gz	0.002258 seconds
Concatenating /scratch/rohlfslab/abierly2/LongTR/longTR_pipeline_HG04025/HG04025.chr12.vcf.gz	0.000454 seconds
Concatenating /scratch/rohlfslab/abierly2/LongTR/longTR_pipeline_HG04025/HG04025.chr13.vcf.gz	0.002050 seconds
Concatenating /scratch/rohlfslab/abierly2/LongTR/longTR_pipeline_HG04025/HG04025.chr14.vcf.gz	0.000418 seconds
Concatenating /scratch/rohlfslab/abierly2/LongTR/longTR_pipeline_HG04025/HG04025.chr15.vcf.gz	0.000388 seconds
Concatenating /scratch/rohlfslab/abierly2/LongTR/longTR_pipeline_HG04025/HG04025.chr16.vcf.gz	0.000332 seconds
Concatenating /scratch/rohlfslab/abierly2/LongTR/longTR_pipeline_HG04025/HG04025.chr17.vcf.gz	0.001959 seconds
Concatenating /scratch/rohlfslab/abierly2/LongTR/longTR_pipeline_HG04025/HG04025.chr18.vcf.gz	0.000392 seconds
Concatenating /scratch/rohlfslab/abierly2/LongTR/longTR_pipeline_HG04025/HG04025.chr19.vcf.gz	0.000291 seconds
Concatenating /scratch/rohlfslab/abierly2/LongTR/longTR_pipeline_HG04025/HG04025.chr1.vcf.gz	0.002247 seconds
Concatenating /scratch/rohlfslab/abierly2/LongTR/longTR_pipeline_HG04025/HG04025.chr20.vcf.gz	0.000323 seconds
Concatenating /scratch/rohlfslab/abierly2/LongTR/longTR_pipeline_HG04025/HG04025.chr21.vcf.gz	0.000284 seconds
Concatenating /scratch/rohlfslab/abierly2/LongTR/longTR_pipeline_HG04025/HG04025.chr22.vcf.gz	0.000299 seconds
Concatenating /scratch/rohlfslab/abierly2/LongTR/longTR_pipeline_HG04025/HG04025.chr2.vcf.gz	0.002220 seconds
Concatenating /scratch/rohlfslab/abierly2/LongTR/longTR_pipeline_HG04025/HG04025.chr3.vcf.gz	0.002255 seconds
Concatenating /scratch/rohlfslab/abierly2/LongTR/longTR_pipeline_HG04025/HG04025.chr4.vcf.gz	0.002283 seconds
Concatenating /scratch/rohlfslab/abierly2/LongTR/longTR_pipeline_HG04025/HG04025.chr5.vcf.gz	0.000566 seconds
Concatenating /scratch/rohlfslab/abierly2/LongTR/longTR_pipeline_HG04025/HG04025.chr6.vcf.gz	0.002335 seconds
Concatenating /scratch/rohlfslab/abierly2/LongTR/longTR_pipeline_HG04025/HG04025.chr7.vcf.gz	0.002156 seconds
Concatenating /scratch/rohlfslab/abierly2/LongTR/longTR_pipeline_HG04025/HG04025.chr8.vcf.gz	0.000472 seconds
Concatenating /scratch/rohlfslab/abierly2/LongTR/longTR_pipeline_HG04025/HG04025.chr9.vcf.gz	0.002042 seconds
Concatenating /scratch/rohlfslab/abierly2/LongTR/longTR_pipeline_HG04025/HG04025.chrM.vcf.gz	0.000256 seconds
Concatenating /scratch/rohlfslab/abierly2/LongTR/longTR_pipeline_HG04025/HG04025.chrX.vcf.gz	0.000456 seconds
Concatenating /scratch/rohlfslab/abierly2/LongTR/longTR_pipeline_HG04025/HG04025.chrY.vcf.gz	0.000255 seconds
