Checking the headers and starting positions of 25 files
Concatenating /scratch/rohlfslab/abierly2/LongTR/longTR_pipeline_NA18980/NA18980.chr10.vcf.gz	1.273784 seconds
Concatenating /scratch/rohlfslab/abierly2/LongTR/longTR_pipeline_NA18980/NA18980.chr11.vcf.gz	1.209019 seconds
Concatenating /scratch/rohlfslab/abierly2/LongTR/longTR_pipeline_NA18980/NA18980.chr12.vcf.gz	1.280819 seconds
Concatenating /scratch/rohlfslab/abierly2/LongTR/longTR_pipeline_NA18980/NA18980.chr13.vcf.gz	0.878903 seconds
Concatenating /scratch/rohlfslab/abierly2/LongTR/longTR_pipeline_NA18980/NA18980.chr14.vcf.gz	0.840972 seconds
Concatenating /scratch/rohlfslab/abierly2/LongTR/longTR_pipeline_NA18980/NA18980.chr15.vcf.gz	0.792636 seconds
Concatenating /scratch/rohlfslab/abierly2/LongTR/longTR_pipeline_NA18980/NA18980.chr16.vcf.gz	0.837374 seconds
Concatenating /scratch/rohlfslab/abierly2/LongTR/longTR_pipeline_NA18980/NA18980.chr17.vcf.gz	0.868010 seconds
Concatenating /scratch/rohlfslab/abierly2/LongTR/longTR_pipeline_NA18980/NA18980.chr18.vcf.gz	0.636938 seconds
Concatenating /scratch/rohlfslab/abierly2/LongTR/longTR_pipeline_NA18980/NA18980.chr19.vcf.gz	0.724405 seconds
Concatenating /scratch/rohlfslab/abierly2/LongTR/longTR_pipeline_NA18980/NA18980.chr1.vcf.gz	2.270644 seconds
Concatenating /scratch/rohlfslab/abierly2/LongTR/longTR_pipeline_NA18980/NA18980.chr20.vcf.gz	0.537635 seconds
Concatenating /scratch/rohlfslab/abierly2/LongTR/longTR_pipeline_NA18980/NA18980.chr21.vcf.gz	0.310548 seconds
Concatenating /scratch/rohlfslab/abierly2/LongTR/longTR_pipeline_NA18980/NA18980.chr22.vcf.gz	0.381707 seconds
Concatenating /scratch/rohlfslab/abierly2/LongTR/longTR_pipeline_NA18980/NA18980.chr2.vcf.gz	2.254550 seconds
Concatenating /scratch/rohlfslab/abierly2/LongTR/longTR_pipeline_NA18980/NA18980.chr3.vcf.gz	1.802367 seconds
Concatenating /scratch/rohlfslab/abierly2/LongTR/longTR_pipeline_NA18980/NA18980.chr4.vcf.gz	1.713586 seconds
Concatenating /scratch/rohlfslab/abierly2/LongTR/longTR_pipeline_NA18980/NA18980.chr5.vcf.gz	1.632571 seconds
Concatenating /scratch/rohlfslab/abierly2/LongTR/longTR_pipeline_NA18980/NA18980.chr6.vcf.gz	1.573639 seconds
Concatenating /scratch/rohlfslab/abierly2/LongTR/longTR_pipeline_NA18980/NA18980.chr7.vcf.gz	1.526347 seconds
Concatenating /scratch/rohlfslab/abierly2/LongTR/longTR_pipeline_NA18980/NA18980.chr8.vcf.gz	1.313155 seconds
Concatenating /scratch/rohlfslab/abierly2/LongTR/longTR_pipeline_NA18980/NA18980.chr9.vcf.gz	1.119190 seconds
Concatenating /scratch/rohlfslab/abierly2/LongTR/longTR_pipeline_NA18980/NA18980.chrM.vcf.gz	0.000337 seconds
Concatenating /scratch/rohlfslab/abierly2/LongTR/longTR_pipeline_NA18980/NA18980.chrX.vcf.gz	1.363272 seconds
Concatenating /scratch/rohlfslab/abierly2/LongTR/longTR_pipeline_NA18980/NA18980.chrY.vcf.gz	0.000322 seconds
