Checking the headers and starting positions of 25 files
Concatenating /scratch/rohlfslab/abierly2/LongTR/longTR_pipeline_NA18946/NA18946.chr10.vcf.gz	1.210979 seconds
Concatenating /scratch/rohlfslab/abierly2/LongTR/longTR_pipeline_NA18946/NA18946.chr11.vcf.gz	1.146969 seconds
Concatenating /scratch/rohlfslab/abierly2/LongTR/longTR_pipeline_NA18946/NA18946.chr12.vcf.gz	1.215715 seconds
Concatenating /scratch/rohlfslab/abierly2/LongTR/longTR_pipeline_NA18946/NA18946.chr13.vcf.gz	0.843613 seconds
Concatenating /scratch/rohlfslab/abierly2/LongTR/longTR_pipeline_NA18946/NA18946.chr14.vcf.gz	0.801614 seconds
Concatenating /scratch/rohlfslab/abierly2/LongTR/longTR_pipeline_NA18946/NA18946.chr15.vcf.gz	0.747144 seconds
Concatenating /scratch/rohlfslab/abierly2/LongTR/longTR_pipeline_NA18946/NA18946.chr16.vcf.gz	0.774057 seconds
Concatenating /scratch/rohlfslab/abierly2/LongTR/longTR_pipeline_NA18946/NA18946.chr17.vcf.gz	0.810956 seconds
Concatenating /scratch/rohlfslab/abierly2/LongTR/longTR_pipeline_NA18946/NA18946.chr18.vcf.gz	0.608167 seconds
Concatenating /scratch/rohlfslab/abierly2/LongTR/longTR_pipeline_NA18946/NA18946.chr19.vcf.gz	0.667870 seconds
Concatenating /scratch/rohlfslab/abierly2/LongTR/longTR_pipeline_NA18946/NA18946.chr1.vcf.gz	2.138887 seconds
Concatenating /scratch/rohlfslab/abierly2/LongTR/longTR_pipeline_NA18946/NA18946.chr20.vcf.gz	0.507076 seconds
Concatenating /scratch/rohlfslab/abierly2/LongTR/longTR_pipeline_NA18946/NA18946.chr21.vcf.gz	0.314077 seconds
Concatenating /scratch/rohlfslab/abierly2/LongTR/longTR_pipeline_NA18946/NA18946.chr22.vcf.gz	0.351989 seconds
Concatenating /scratch/rohlfslab/abierly2/LongTR/longTR_pipeline_NA18946/NA18946.chr2.vcf.gz	2.145432 seconds
Concatenating /scratch/rohlfslab/abierly2/LongTR/longTR_pipeline_NA18946/NA18946.chr3.vcf.gz	1.702129 seconds
Concatenating /scratch/rohlfslab/abierly2/LongTR/longTR_pipeline_NA18946/NA18946.chr4.vcf.gz	1.634394 seconds
Concatenating /scratch/rohlfslab/abierly2/LongTR/longTR_pipeline_NA18946/NA18946.chr5.vcf.gz	1.572710 seconds
Concatenating /scratch/rohlfslab/abierly2/LongTR/longTR_pipeline_NA18946/NA18946.chr6.vcf.gz	1.492567 seconds
Concatenating /scratch/rohlfslab/abierly2/LongTR/longTR_pipeline_NA18946/NA18946.chr7.vcf.gz	1.428056 seconds
Concatenating /scratch/rohlfslab/abierly2/LongTR/longTR_pipeline_NA18946/NA18946.chr8.vcf.gz	1.242497 seconds
Concatenating /scratch/rohlfslab/abierly2/LongTR/longTR_pipeline_NA18946/NA18946.chr9.vcf.gz	1.048639 seconds
Concatenating /scratch/rohlfslab/abierly2/LongTR/longTR_pipeline_NA18946/NA18946.chrM.vcf.gz	0.000364 seconds
Concatenating /scratch/rohlfslab/abierly2/LongTR/longTR_pipeline_NA18946/NA18946.chrX.vcf.gz	1.331700 seconds
Concatenating /scratch/rohlfslab/abierly2/LongTR/longTR_pipeline_NA18946/NA18946.chrY.vcf.gz	0.000837 seconds
