Checking the headers and starting positions of 25 files
Concatenating /scratch/rohlfslab/abierly2/LongTR/longTR_pipeline_HG03888/HG03888.chr10.vcf.gz	0.613352 seconds
Concatenating /scratch/rohlfslab/abierly2/LongTR/longTR_pipeline_HG03888/HG03888.chr11.vcf.gz	0.594819 seconds
Concatenating /scratch/rohlfslab/abierly2/LongTR/longTR_pipeline_HG03888/HG03888.chr12.vcf.gz	0.633379 seconds
Concatenating /scratch/rohlfslab/abierly2/LongTR/longTR_pipeline_HG03888/HG03888.chr13.vcf.gz	0.431658 seconds
Concatenating /scratch/rohlfslab/abierly2/LongTR/longTR_pipeline_HG03888/HG03888.chr14.vcf.gz	0.418820 seconds
Concatenating /scratch/rohlfslab/abierly2/LongTR/longTR_pipeline_HG03888/HG03888.chr15.vcf.gz	0.397288 seconds
Concatenating /scratch/rohlfslab/abierly2/LongTR/longTR_pipeline_HG03888/HG03888.chr16.vcf.gz	0.383256 seconds
Concatenating /scratch/rohlfslab/abierly2/LongTR/longTR_pipeline_HG03888/HG03888.chr17.vcf.gz	0.400751 seconds
Concatenating /scratch/rohlfslab/abierly2/LongTR/longTR_pipeline_HG03888/HG03888.chr18.vcf.gz	0.312846 seconds
Concatenating /scratch/rohlfslab/abierly2/LongTR/longTR_pipeline_HG03888/HG03888.chr19.vcf.gz	0.298585 seconds
Concatenating /scratch/rohlfslab/abierly2/LongTR/longTR_pipeline_HG03888/HG03888.chr1.vcf.gz	1.110151 seconds
Concatenating /scratch/rohlfslab/abierly2/LongTR/longTR_pipeline_HG03888/HG03888.chr20.vcf.gz	0.258281 seconds
Concatenating /scratch/rohlfslab/abierly2/LongTR/longTR_pipeline_HG03888/HG03888.chr21.vcf.gz	0.149626 seconds
Concatenating /scratch/rohlfslab/abierly2/LongTR/longTR_pipeline_HG03888/HG03888.chr22.vcf.gz	0.162902 seconds
Concatenating /scratch/rohlfslab/abierly2/LongTR/longTR_pipeline_HG03888/HG03888.chr2.vcf.gz	1.118747 seconds
Concatenating /scratch/rohlfslab/abierly2/LongTR/longTR_pipeline_HG03888/HG03888.chr3.vcf.gz	0.900459 seconds
Concatenating /scratch/rohlfslab/abierly2/LongTR/longTR_pipeline_HG03888/HG03888.chr4.vcf.gz	0.849031 seconds
Concatenating /scratch/rohlfslab/abierly2/LongTR/longTR_pipeline_HG03888/HG03888.chr5.vcf.gz	0.794221 seconds
Concatenating /scratch/rohlfslab/abierly2/LongTR/longTR_pipeline_HG03888/HG03888.chr6.vcf.gz	0.786640 seconds
Concatenating /scratch/rohlfslab/abierly2/LongTR/longTR_pipeline_HG03888/HG03888.chr7.vcf.gz	0.736806 seconds
Concatenating /scratch/rohlfslab/abierly2/LongTR/longTR_pipeline_HG03888/HG03888.chr8.vcf.gz	0.646459 seconds
Concatenating /scratch/rohlfslab/abierly2/LongTR/longTR_pipeline_HG03888/HG03888.chr9.vcf.gz	0.539372 seconds
Concatenating /scratch/rohlfslab/abierly2/LongTR/longTR_pipeline_HG03888/HG03888.chrM.vcf.gz	0.000298 seconds
Concatenating /scratch/rohlfslab/abierly2/LongTR/longTR_pipeline_HG03888/HG03888.chrX.vcf.gz	0.654928 seconds
Concatenating /scratch/rohlfslab/abierly2/LongTR/longTR_pipeline_HG03888/HG03888.chrY.vcf.gz	0.000294 seconds
