Checking the headers and starting positions of 25 files
Concatenating /scratch/rohlfslab/abierly2/LongTR/longTR_pipeline_HG03695/HG03695.chr10.vcf.gz	0.589642 seconds
Concatenating /scratch/rohlfslab/abierly2/LongTR/longTR_pipeline_HG03695/HG03695.chr11.vcf.gz	0.565738 seconds
Concatenating /scratch/rohlfslab/abierly2/LongTR/longTR_pipeline_HG03695/HG03695.chr12.vcf.gz	0.597204 seconds
Concatenating /scratch/rohlfslab/abierly2/LongTR/longTR_pipeline_HG03695/HG03695.chr13.vcf.gz	0.394844 seconds
Concatenating /scratch/rohlfslab/abierly2/LongTR/longTR_pipeline_HG03695/HG03695.chr14.vcf.gz	0.391000 seconds
Concatenating /scratch/rohlfslab/abierly2/LongTR/longTR_pipeline_HG03695/HG03695.chr15.vcf.gz	0.368976 seconds
Concatenating /scratch/rohlfslab/abierly2/LongTR/longTR_pipeline_HG03695/HG03695.chr16.vcf.gz	0.357089 seconds
Concatenating /scratch/rohlfslab/abierly2/LongTR/longTR_pipeline_HG03695/HG03695.chr17.vcf.gz	0.396929 seconds
Concatenating /scratch/rohlfslab/abierly2/LongTR/longTR_pipeline_HG03695/HG03695.chr18.vcf.gz	0.289274 seconds
Concatenating /scratch/rohlfslab/abierly2/LongTR/longTR_pipeline_HG03695/HG03695.chr19.vcf.gz	0.301064 seconds
Concatenating /scratch/rohlfslab/abierly2/LongTR/longTR_pipeline_HG03695/HG03695.chr1.vcf.gz	1.064306 seconds
Concatenating /scratch/rohlfslab/abierly2/LongTR/longTR_pipeline_HG03695/HG03695.chr20.vcf.gz	0.241862 seconds
Concatenating /scratch/rohlfslab/abierly2/LongTR/longTR_pipeline_HG03695/HG03695.chr21.vcf.gz	0.141057 seconds
Concatenating /scratch/rohlfslab/abierly2/LongTR/longTR_pipeline_HG03695/HG03695.chr22.vcf.gz	0.168434 seconds
Concatenating /scratch/rohlfslab/abierly2/LongTR/longTR_pipeline_HG03695/HG03695.chr2.vcf.gz	1.051675 seconds
Concatenating /scratch/rohlfslab/abierly2/LongTR/longTR_pipeline_HG03695/HG03695.chr3.vcf.gz	0.853520 seconds
Concatenating /scratch/rohlfslab/abierly2/LongTR/longTR_pipeline_HG03695/HG03695.chr4.vcf.gz	0.777756 seconds
Concatenating /scratch/rohlfslab/abierly2/LongTR/longTR_pipeline_HG03695/HG03695.chr5.vcf.gz	0.758611 seconds
Concatenating /scratch/rohlfslab/abierly2/LongTR/longTR_pipeline_HG03695/HG03695.chr6.vcf.gz	0.740305 seconds
Concatenating /scratch/rohlfslab/abierly2/LongTR/longTR_pipeline_HG03695/HG03695.chr7.vcf.gz	0.675097 seconds
Concatenating /scratch/rohlfslab/abierly2/LongTR/longTR_pipeline_HG03695/HG03695.chr8.vcf.gz	0.623085 seconds
Concatenating /scratch/rohlfslab/abierly2/LongTR/longTR_pipeline_HG03695/HG03695.chr9.vcf.gz	0.517619 seconds
Concatenating /scratch/rohlfslab/abierly2/LongTR/longTR_pipeline_HG03695/HG03695.chrM.vcf.gz	0.000368 seconds
Concatenating /scratch/rohlfslab/abierly2/LongTR/longTR_pipeline_HG03695/HG03695.chrX.vcf.gz	0.055707 seconds
Concatenating /scratch/rohlfslab/abierly2/LongTR/longTR_pipeline_HG03695/HG03695.chrY.vcf.gz	0.002196 seconds
