Checking the headers and starting positions of 25 files
Concatenating /scratch/rohlfslab/abierly2/LongTR/longTR_pipeline_HG01241/HG01241.chr10.vcf.gz	1.291445 seconds
Concatenating /scratch/rohlfslab/abierly2/LongTR/longTR_pipeline_HG01241/HG01241.chr11.vcf.gz	1.202596 seconds
Concatenating /scratch/rohlfslab/abierly2/LongTR/longTR_pipeline_HG01241/HG01241.chr12.vcf.gz	1.259812 seconds
Concatenating /scratch/rohlfslab/abierly2/LongTR/longTR_pipeline_HG01241/HG01241.chr13.vcf.gz	0.866828 seconds
Concatenating /scratch/rohlfslab/abierly2/LongTR/longTR_pipeline_HG01241/HG01241.chr14.vcf.gz	0.820364 seconds
Concatenating /scratch/rohlfslab/abierly2/LongTR/longTR_pipeline_HG01241/HG01241.chr15.vcf.gz	0.765667 seconds
Concatenating /scratch/rohlfslab/abierly2/LongTR/longTR_pipeline_HG01241/HG01241.chr16.vcf.gz	0.801373 seconds
Concatenating /scratch/rohlfslab/abierly2/LongTR/longTR_pipeline_HG01241/HG01241.chr17.vcf.gz	0.842300 seconds
Concatenating /scratch/rohlfslab/abierly2/LongTR/longTR_pipeline_HG01241/HG01241.chr18.vcf.gz	0.622467 seconds
Concatenating /scratch/rohlfslab/abierly2/LongTR/longTR_pipeline_HG01241/HG01241.chr19.vcf.gz	0.695996 seconds
Concatenating /scratch/rohlfslab/abierly2/LongTR/longTR_pipeline_HG01241/HG01241.chr1.vcf.gz	2.213205 seconds
Concatenating /scratch/rohlfslab/abierly2/LongTR/longTR_pipeline_HG01241/HG01241.chr20.vcf.gz	0.518870 seconds
Concatenating /scratch/rohlfslab/abierly2/LongTR/longTR_pipeline_HG01241/HG01241.chr21.vcf.gz	0.300404 seconds
Concatenating /scratch/rohlfslab/abierly2/LongTR/longTR_pipeline_HG01241/HG01241.chr22.vcf.gz	0.367736 seconds
Concatenating /scratch/rohlfslab/abierly2/LongTR/longTR_pipeline_HG01241/HG01241.chr2.vcf.gz	2.195980 seconds
Concatenating /scratch/rohlfslab/abierly2/LongTR/longTR_pipeline_HG01241/HG01241.chr3.vcf.gz	1.757594 seconds
Concatenating /scratch/rohlfslab/abierly2/LongTR/longTR_pipeline_HG01241/HG01241.chr4.vcf.gz	1.676607 seconds
Concatenating /scratch/rohlfslab/abierly2/LongTR/longTR_pipeline_HG01241/HG01241.chr5.vcf.gz	1.590645 seconds
Concatenating /scratch/rohlfslab/abierly2/LongTR/longTR_pipeline_HG01241/HG01241.chr6.vcf.gz	1.534552 seconds
Concatenating /scratch/rohlfslab/abierly2/LongTR/longTR_pipeline_HG01241/HG01241.chr7.vcf.gz	1.480983 seconds
Concatenating /scratch/rohlfslab/abierly2/LongTR/longTR_pipeline_HG01241/HG01241.chr8.vcf.gz	1.277943 seconds
Concatenating /scratch/rohlfslab/abierly2/LongTR/longTR_pipeline_HG01241/HG01241.chr9.vcf.gz	1.083843 seconds
Concatenating /scratch/rohlfslab/abierly2/LongTR/longTR_pipeline_HG01241/HG01241.chrM.vcf.gz	0.000300 seconds
Concatenating /scratch/rohlfslab/abierly2/LongTR/longTR_pipeline_HG01241/HG01241.chrX.vcf.gz	0.958559 seconds
Concatenating /scratch/rohlfslab/abierly2/LongTR/longTR_pipeline_HG01241/HG01241.chrY.vcf.gz	0.046595 seconds
