Checking the headers and starting positions of 25 files
Concatenating /scratch/rohlfslab/abierly2/LongTR/longTR_pipeline_HG01390/HG01390.chr10.vcf.gz	1.242572 seconds
Concatenating /scratch/rohlfslab/abierly2/LongTR/longTR_pipeline_HG01390/HG01390.chr11.vcf.gz	1.189829 seconds
Concatenating /scratch/rohlfslab/abierly2/LongTR/longTR_pipeline_HG01390/HG01390.chr12.vcf.gz	1.256039 seconds
Concatenating /scratch/rohlfslab/abierly2/LongTR/longTR_pipeline_HG01390/HG01390.chr13.vcf.gz	0.863844 seconds
Concatenating /scratch/rohlfslab/abierly2/LongTR/longTR_pipeline_HG01390/HG01390.chr14.vcf.gz	0.821868 seconds
Concatenating /scratch/rohlfslab/abierly2/LongTR/longTR_pipeline_HG01390/HG01390.chr15.vcf.gz	0.769812 seconds
Concatenating /scratch/rohlfslab/abierly2/LongTR/longTR_pipeline_HG01390/HG01390.chr16.vcf.gz	0.808186 seconds
Concatenating /scratch/rohlfslab/abierly2/LongTR/longTR_pipeline_HG01390/HG01390.chr17.vcf.gz	0.841019 seconds
Concatenating /scratch/rohlfslab/abierly2/LongTR/longTR_pipeline_HG01390/HG01390.chr18.vcf.gz	0.625656 seconds
Concatenating /scratch/rohlfslab/abierly2/LongTR/longTR_pipeline_HG01390/HG01390.chr19.vcf.gz	0.696388 seconds
Concatenating /scratch/rohlfslab/abierly2/LongTR/longTR_pipeline_HG01390/HG01390.chr1.vcf.gz	2.215498 seconds
Concatenating /scratch/rohlfslab/abierly2/LongTR/longTR_pipeline_HG01390/HG01390.chr20.vcf.gz	0.520694 seconds
Concatenating /scratch/rohlfslab/abierly2/LongTR/longTR_pipeline_HG01390/HG01390.chr21.vcf.gz	0.300334 seconds
Concatenating /scratch/rohlfslab/abierly2/LongTR/longTR_pipeline_HG01390/HG01390.chr22.vcf.gz	0.363435 seconds
Concatenating /scratch/rohlfslab/abierly2/LongTR/longTR_pipeline_HG01390/HG01390.chr2.vcf.gz	2.209861 seconds
Concatenating /scratch/rohlfslab/abierly2/LongTR/longTR_pipeline_HG01390/HG01390.chr3.vcf.gz	1.779350 seconds
Concatenating /scratch/rohlfslab/abierly2/LongTR/longTR_pipeline_HG01390/HG01390.chr4.vcf.gz	1.685724 seconds
Concatenating /scratch/rohlfslab/abierly2/LongTR/longTR_pipeline_HG01390/HG01390.chr5.vcf.gz	1.600046 seconds
Concatenating /scratch/rohlfslab/abierly2/LongTR/longTR_pipeline_HG01390/HG01390.chr6.vcf.gz	1.548861 seconds
Concatenating /scratch/rohlfslab/abierly2/LongTR/longTR_pipeline_HG01390/HG01390.chr7.vcf.gz	1.512228 seconds
Concatenating /scratch/rohlfslab/abierly2/LongTR/longTR_pipeline_HG01390/HG01390.chr8.vcf.gz	1.286451 seconds
Concatenating /scratch/rohlfslab/abierly2/LongTR/longTR_pipeline_HG01390/HG01390.chr9.vcf.gz	1.092412 seconds
Concatenating /scratch/rohlfslab/abierly2/LongTR/longTR_pipeline_HG01390/HG01390.chrM.vcf.gz	0.000355 seconds
Concatenating /scratch/rohlfslab/abierly2/LongTR/longTR_pipeline_HG01390/HG01390.chrX.vcf.gz	1.336630 seconds
Concatenating /scratch/rohlfslab/abierly2/LongTR/longTR_pipeline_HG01390/HG01390.chrY.vcf.gz	0.000341 seconds
