Checking the headers and starting positions of 25 files
Concatenating /scratch/rohlfslab/abierly2/LongTR/longTR_pipeline_HG01513/HG01513.chr10.vcf.gz	0.507965 seconds
Concatenating /scratch/rohlfslab/abierly2/LongTR/longTR_pipeline_HG01513/HG01513.chr11.vcf.gz	0.459499 seconds
Concatenating /scratch/rohlfslab/abierly2/LongTR/longTR_pipeline_HG01513/HG01513.chr12.vcf.gz	0.538324 seconds
Concatenating /scratch/rohlfslab/abierly2/LongTR/longTR_pipeline_HG01513/HG01513.chr13.vcf.gz	0.350923 seconds
Concatenating /scratch/rohlfslab/abierly2/LongTR/longTR_pipeline_HG01513/HG01513.chr14.vcf.gz	0.342569 seconds
Concatenating /scratch/rohlfslab/abierly2/LongTR/longTR_pipeline_HG01513/HG01513.chr15.vcf.gz	0.330912 seconds
Concatenating /scratch/rohlfslab/abierly2/LongTR/longTR_pipeline_HG01513/HG01513.chr16.vcf.gz	0.323672 seconds
Concatenating /scratch/rohlfslab/abierly2/LongTR/longTR_pipeline_HG01513/HG01513.chr17.vcf.gz	0.364014 seconds
Concatenating /scratch/rohlfslab/abierly2/LongTR/longTR_pipeline_HG01513/HG01513.chr18.vcf.gz	0.254380 seconds
Concatenating /scratch/rohlfslab/abierly2/LongTR/longTR_pipeline_HG01513/HG01513.chr19.vcf.gz	0.284898 seconds
Concatenating /scratch/rohlfslab/abierly2/LongTR/longTR_pipeline_HG01513/HG01513.chr1.vcf.gz	0.945684 seconds
Concatenating /scratch/rohlfslab/abierly2/LongTR/longTR_pipeline_HG01513/HG01513.chr20.vcf.gz	0.208937 seconds
Concatenating /scratch/rohlfslab/abierly2/LongTR/longTR_pipeline_HG01513/HG01513.chr21.vcf.gz	0.122765 seconds
Concatenating /scratch/rohlfslab/abierly2/LongTR/longTR_pipeline_HG01513/HG01513.chr22.vcf.gz	0.158588 seconds
Concatenating /scratch/rohlfslab/abierly2/LongTR/longTR_pipeline_HG01513/HG01513.chr2.vcf.gz	0.908599 seconds
Concatenating /scratch/rohlfslab/abierly2/LongTR/longTR_pipeline_HG01513/HG01513.chr3.vcf.gz	0.726879 seconds
Concatenating /scratch/rohlfslab/abierly2/LongTR/longTR_pipeline_HG01513/HG01513.chr4.vcf.gz	0.657879 seconds
Concatenating /scratch/rohlfslab/abierly2/LongTR/longTR_pipeline_HG01513/HG01513.chr5.vcf.gz	0.650719 seconds
Concatenating /scratch/rohlfslab/abierly2/LongTR/longTR_pipeline_HG01513/HG01513.chr6.vcf.gz	0.643635 seconds
Concatenating /scratch/rohlfslab/abierly2/LongTR/longTR_pipeline_HG01513/HG01513.chr7.vcf.gz	0.590711 seconds
Concatenating /scratch/rohlfslab/abierly2/LongTR/longTR_pipeline_HG01513/HG01513.chr8.vcf.gz	0.531839 seconds
Concatenating /scratch/rohlfslab/abierly2/LongTR/longTR_pipeline_HG01513/HG01513.chr9.vcf.gz	0.441325 seconds
Concatenating /scratch/rohlfslab/abierly2/LongTR/longTR_pipeline_HG01513/HG01513.chrM.vcf.gz	0.000426 seconds
Concatenating /scratch/rohlfslab/abierly2/LongTR/longTR_pipeline_HG01513/HG01513.chrX.vcf.gz	0.487778 seconds
Concatenating /scratch/rohlfslab/abierly2/LongTR/longTR_pipeline_HG01513/HG01513.chrY.vcf.gz	0.000358 seconds
