Checking the headers and starting positions of 25 files
Concatenating /scratch/rohlfslab/abierly2/LongTR/longTR_pipeline_NA18989/NA18989.chr10.vcf.gz	1.238643 seconds
Concatenating /scratch/rohlfslab/abierly2/LongTR/longTR_pipeline_NA18989/NA18989.chr11.vcf.gz	1.179084 seconds
Concatenating /scratch/rohlfslab/abierly2/LongTR/longTR_pipeline_NA18989/NA18989.chr12.vcf.gz	1.253746 seconds
Concatenating /scratch/rohlfslab/abierly2/LongTR/longTR_pipeline_NA18989/NA18989.chr13.vcf.gz	0.864591 seconds
Concatenating /scratch/rohlfslab/abierly2/LongTR/longTR_pipeline_NA18989/NA18989.chr14.vcf.gz	0.820399 seconds
Concatenating /scratch/rohlfslab/abierly2/LongTR/longTR_pipeline_NA18989/NA18989.chr15.vcf.gz	0.768329 seconds
Concatenating /scratch/rohlfslab/abierly2/LongTR/longTR_pipeline_NA18989/NA18989.chr16.vcf.gz	0.802820 seconds
Concatenating /scratch/rohlfslab/abierly2/LongTR/longTR_pipeline_NA18989/NA18989.chr17.vcf.gz	0.839447 seconds
Concatenating /scratch/rohlfslab/abierly2/LongTR/longTR_pipeline_NA18989/NA18989.chr18.vcf.gz	0.624922 seconds
Concatenating /scratch/rohlfslab/abierly2/LongTR/longTR_pipeline_NA18989/NA18989.chr19.vcf.gz	0.691088 seconds
Concatenating /scratch/rohlfslab/abierly2/LongTR/longTR_pipeline_NA18989/NA18989.chr1.vcf.gz	2.211167 seconds
Concatenating /scratch/rohlfslab/abierly2/LongTR/longTR_pipeline_NA18989/NA18989.chr20.vcf.gz	0.520749 seconds
Concatenating /scratch/rohlfslab/abierly2/LongTR/longTR_pipeline_NA18989/NA18989.chr21.vcf.gz	0.299446 seconds
Concatenating /scratch/rohlfslab/abierly2/LongTR/longTR_pipeline_NA18989/NA18989.chr22.vcf.gz	0.365069 seconds
Concatenating /scratch/rohlfslab/abierly2/LongTR/longTR_pipeline_NA18989/NA18989.chr2.vcf.gz	2.211668 seconds
Concatenating /scratch/rohlfslab/abierly2/LongTR/longTR_pipeline_NA18989/NA18989.chr3.vcf.gz	1.768835 seconds
Concatenating /scratch/rohlfslab/abierly2/LongTR/longTR_pipeline_NA18989/NA18989.chr4.vcf.gz	1.703549 seconds
Concatenating /scratch/rohlfslab/abierly2/LongTR/longTR_pipeline_NA18989/NA18989.chr5.vcf.gz	1.631608 seconds
Concatenating /scratch/rohlfslab/abierly2/LongTR/longTR_pipeline_NA18989/NA18989.chr6.vcf.gz	1.542846 seconds
Concatenating /scratch/rohlfslab/abierly2/LongTR/longTR_pipeline_NA18989/NA18989.chr7.vcf.gz	1.482741 seconds
Concatenating /scratch/rohlfslab/abierly2/LongTR/longTR_pipeline_NA18989/NA18989.chr8.vcf.gz	1.279758 seconds
Concatenating /scratch/rohlfslab/abierly2/LongTR/longTR_pipeline_NA18989/NA18989.chr9.vcf.gz	1.086187 seconds
Concatenating /scratch/rohlfslab/abierly2/LongTR/longTR_pipeline_NA18989/NA18989.chrM.vcf.gz	0.000329 seconds
Concatenating /scratch/rohlfslab/abierly2/LongTR/longTR_pipeline_NA18989/NA18989.chrX.vcf.gz	0.641402 seconds
Concatenating /scratch/rohlfslab/abierly2/LongTR/longTR_pipeline_NA18989/NA18989.chrY.vcf.gz	0.030791 seconds
