Checking the headers and starting positions of 25 files
Concatenating /scratch/rohlfslab/abierly2/LongTR/longTR_pipeline_NA18637/NA18637.chr10.vcf.gz	0.853458 seconds
Concatenating /scratch/rohlfslab/abierly2/LongTR/longTR_pipeline_NA18637/NA18637.chr11.vcf.gz	0.825567 seconds
Concatenating /scratch/rohlfslab/abierly2/LongTR/longTR_pipeline_NA18637/NA18637.chr12.vcf.gz	0.879659 seconds
Concatenating /scratch/rohlfslab/abierly2/LongTR/longTR_pipeline_NA18637/NA18637.chr13.vcf.gz	0.598216 seconds
Concatenating /scratch/rohlfslab/abierly2/LongTR/longTR_pipeline_NA18637/NA18637.chr14.vcf.gz	0.573958 seconds
Concatenating /scratch/rohlfslab/abierly2/LongTR/longTR_pipeline_NA18637/NA18637.chr15.vcf.gz	0.534133 seconds
Concatenating /scratch/rohlfslab/abierly2/LongTR/longTR_pipeline_NA18637/NA18637.chr16.vcf.gz	0.533659 seconds
Concatenating /scratch/rohlfslab/abierly2/LongTR/longTR_pipeline_NA18637/NA18637.chr17.vcf.gz	0.577597 seconds
Concatenating /scratch/rohlfslab/abierly2/LongTR/longTR_pipeline_NA18637/NA18637.chr18.vcf.gz	0.425603 seconds
Concatenating /scratch/rohlfslab/abierly2/LongTR/longTR_pipeline_NA18637/NA18637.chr19.vcf.gz	0.444030 seconds
Concatenating /scratch/rohlfslab/abierly2/LongTR/longTR_pipeline_NA18637/NA18637.chr1.vcf.gz	1.548718 seconds
Concatenating /scratch/rohlfslab/abierly2/LongTR/longTR_pipeline_NA18637/NA18637.chr20.vcf.gz	0.367923 seconds
Concatenating /scratch/rohlfslab/abierly2/LongTR/longTR_pipeline_NA18637/NA18637.chr21.vcf.gz	0.200581 seconds
Concatenating /scratch/rohlfslab/abierly2/LongTR/longTR_pipeline_NA18637/NA18637.chr22.vcf.gz	0.239449 seconds
Concatenating /scratch/rohlfslab/abierly2/LongTR/longTR_pipeline_NA18637/NA18637.chr2.vcf.gz	1.544605 seconds
Concatenating /scratch/rohlfslab/abierly2/LongTR/longTR_pipeline_NA18637/NA18637.chr3.vcf.gz	1.230952 seconds
Concatenating /scratch/rohlfslab/abierly2/LongTR/longTR_pipeline_NA18637/NA18637.chr4.vcf.gz	1.170770 seconds
Concatenating /scratch/rohlfslab/abierly2/LongTR/longTR_pipeline_NA18637/NA18637.chr5.vcf.gz	1.109606 seconds
Concatenating /scratch/rohlfslab/abierly2/LongTR/longTR_pipeline_NA18637/NA18637.chr6.vcf.gz	1.084200 seconds
Concatenating /scratch/rohlfslab/abierly2/LongTR/longTR_pipeline_NA18637/NA18637.chr7.vcf.gz	1.028260 seconds
Concatenating /scratch/rohlfslab/abierly2/LongTR/longTR_pipeline_NA18637/NA18637.chr8.vcf.gz	0.898507 seconds
Concatenating /scratch/rohlfslab/abierly2/LongTR/longTR_pipeline_NA18637/NA18637.chr9.vcf.gz	0.743097 seconds
Concatenating /scratch/rohlfslab/abierly2/LongTR/longTR_pipeline_NA18637/NA18637.chrM.vcf.gz	0.000360 seconds
Concatenating /scratch/rohlfslab/abierly2/LongTR/longTR_pipeline_NA18637/NA18637.chrX.vcf.gz	0.131944 seconds
Concatenating /scratch/rohlfslab/abierly2/LongTR/longTR_pipeline_NA18637/NA18637.chrY.vcf.gz	0.006320 seconds
