Checking the headers and starting positions of 25 files
Concatenating /scratch/rohlfslab/abierly2/LongTR/longTR_pipeline_HG03999/HG03999.chr10.vcf.gz	0.686437 seconds
Concatenating /scratch/rohlfslab/abierly2/LongTR/longTR_pipeline_HG03999/HG03999.chr11.vcf.gz	0.660312 seconds
Concatenating /scratch/rohlfslab/abierly2/LongTR/longTR_pipeline_HG03999/HG03999.chr12.vcf.gz	0.723968 seconds
Concatenating /scratch/rohlfslab/abierly2/LongTR/longTR_pipeline_HG03999/HG03999.chr13.vcf.gz	0.468271 seconds
Concatenating /scratch/rohlfslab/abierly2/LongTR/longTR_pipeline_HG03999/HG03999.chr14.vcf.gz	0.467062 seconds
Concatenating /scratch/rohlfslab/abierly2/LongTR/longTR_pipeline_HG03999/HG03999.chr15.vcf.gz	0.448937 seconds
Concatenating /scratch/rohlfslab/abierly2/LongTR/longTR_pipeline_HG03999/HG03999.chr16.vcf.gz	0.431259 seconds
Concatenating /scratch/rohlfslab/abierly2/LongTR/longTR_pipeline_HG03999/HG03999.chr17.vcf.gz	0.471574 seconds
Concatenating /scratch/rohlfslab/abierly2/LongTR/longTR_pipeline_HG03999/HG03999.chr18.vcf.gz	0.343591 seconds
Concatenating /scratch/rohlfslab/abierly2/LongTR/longTR_pipeline_HG03999/HG03999.chr19.vcf.gz	0.354578 seconds
Concatenating /scratch/rohlfslab/abierly2/LongTR/longTR_pipeline_HG03999/HG03999.chr1.vcf.gz	1.271035 seconds
Concatenating /scratch/rohlfslab/abierly2/LongTR/longTR_pipeline_HG03999/HG03999.chr20.vcf.gz	0.294547 seconds
Concatenating /scratch/rohlfslab/abierly2/LongTR/longTR_pipeline_HG03999/HG03999.chr21.vcf.gz	0.161567 seconds
Concatenating /scratch/rohlfslab/abierly2/LongTR/longTR_pipeline_HG03999/HG03999.chr22.vcf.gz	0.206161 seconds
Concatenating /scratch/rohlfslab/abierly2/LongTR/longTR_pipeline_HG03999/HG03999.chr2.vcf.gz	1.260545 seconds
Concatenating /scratch/rohlfslab/abierly2/LongTR/longTR_pipeline_HG03999/HG03999.chr3.vcf.gz	1.026718 seconds
Concatenating /scratch/rohlfslab/abierly2/LongTR/longTR_pipeline_HG03999/HG03999.chr4.vcf.gz	0.918751 seconds
Concatenating /scratch/rohlfslab/abierly2/LongTR/longTR_pipeline_HG03999/HG03999.chr5.vcf.gz	0.912292 seconds
Concatenating /scratch/rohlfslab/abierly2/LongTR/longTR_pipeline_HG03999/HG03999.chr6.vcf.gz	0.885238 seconds
Concatenating /scratch/rohlfslab/abierly2/LongTR/longTR_pipeline_HG03999/HG03999.chr7.vcf.gz	0.817667 seconds
Concatenating /scratch/rohlfslab/abierly2/LongTR/longTR_pipeline_HG03999/HG03999.chr8.vcf.gz	0.713354 seconds
Concatenating /scratch/rohlfslab/abierly2/LongTR/longTR_pipeline_HG03999/HG03999.chr9.vcf.gz	0.609240 seconds
Concatenating /scratch/rohlfslab/abierly2/LongTR/longTR_pipeline_HG03999/HG03999.chrM.vcf.gz	0.000320 seconds
Concatenating /scratch/rohlfslab/abierly2/LongTR/longTR_pipeline_HG03999/HG03999.chrX.vcf.gz	0.068062 seconds
Concatenating /scratch/rohlfslab/abierly2/LongTR/longTR_pipeline_HG03999/HG03999.chrY.vcf.gz	0.002291 seconds
