Checking the headers and starting positions of 25 files
Concatenating /scratch/rohlfslab/abierly2/LongTR/longTR_pipeline_HG01500/HG01500.chr10.vcf.gz	1.179701 seconds
Concatenating /scratch/rohlfslab/abierly2/LongTR/longTR_pipeline_HG01500/HG01500.chr11.vcf.gz	1.126085 seconds
Concatenating /scratch/rohlfslab/abierly2/LongTR/longTR_pipeline_HG01500/HG01500.chr12.vcf.gz	1.196760 seconds
Concatenating /scratch/rohlfslab/abierly2/LongTR/longTR_pipeline_HG01500/HG01500.chr13.vcf.gz	0.834865 seconds
Concatenating /scratch/rohlfslab/abierly2/LongTR/longTR_pipeline_HG01500/HG01500.chr14.vcf.gz	0.782370 seconds
Concatenating /scratch/rohlfslab/abierly2/LongTR/longTR_pipeline_HG01500/HG01500.chr15.vcf.gz	0.729917 seconds
Concatenating /scratch/rohlfslab/abierly2/LongTR/longTR_pipeline_HG01500/HG01500.chr16.vcf.gz	0.755917 seconds
Concatenating /scratch/rohlfslab/abierly2/LongTR/longTR_pipeline_HG01500/HG01500.chr17.vcf.gz	0.792970 seconds
Concatenating /scratch/rohlfslab/abierly2/LongTR/longTR_pipeline_HG01500/HG01500.chr18.vcf.gz	0.594695 seconds
Concatenating /scratch/rohlfslab/abierly2/LongTR/longTR_pipeline_HG01500/HG01500.chr19.vcf.gz	0.655007 seconds
Concatenating /scratch/rohlfslab/abierly2/LongTR/longTR_pipeline_HG01500/HG01500.chr1.vcf.gz	2.099486 seconds
Concatenating /scratch/rohlfslab/abierly2/LongTR/longTR_pipeline_HG01500/HG01500.chr20.vcf.gz	0.496419 seconds
Concatenating /scratch/rohlfslab/abierly2/LongTR/longTR_pipeline_HG01500/HG01500.chr21.vcf.gz	0.284616 seconds
Concatenating /scratch/rohlfslab/abierly2/LongTR/longTR_pipeline_HG01500/HG01500.chr22.vcf.gz	0.345390 seconds
Concatenating /scratch/rohlfslab/abierly2/LongTR/longTR_pipeline_HG01500/HG01500.chr2.vcf.gz	2.124748 seconds
Concatenating /scratch/rohlfslab/abierly2/LongTR/longTR_pipeline_HG01500/HG01500.chr3.vcf.gz	1.703284 seconds
Concatenating /scratch/rohlfslab/abierly2/LongTR/longTR_pipeline_HG01500/HG01500.chr4.vcf.gz	1.604112 seconds
Concatenating /scratch/rohlfslab/abierly2/LongTR/longTR_pipeline_HG01500/HG01500.chr5.vcf.gz	1.525522 seconds
Concatenating /scratch/rohlfslab/abierly2/LongTR/longTR_pipeline_HG01500/HG01500.chr6.vcf.gz	1.468864 seconds
Concatenating /scratch/rohlfslab/abierly2/LongTR/longTR_pipeline_HG01500/HG01500.chr7.vcf.gz	1.407984 seconds
Concatenating /scratch/rohlfslab/abierly2/LongTR/longTR_pipeline_HG01500/HG01500.chr8.vcf.gz	1.214452 seconds
Concatenating /scratch/rohlfslab/abierly2/LongTR/longTR_pipeline_HG01500/HG01500.chr9.vcf.gz	1.036083 seconds
Concatenating /scratch/rohlfslab/abierly2/LongTR/longTR_pipeline_HG01500/HG01500.chrM.vcf.gz	0.000299 seconds
Concatenating /scratch/rohlfslab/abierly2/LongTR/longTR_pipeline_HG01500/HG01500.chrX.vcf.gz	0.466153 seconds
Concatenating /scratch/rohlfslab/abierly2/LongTR/longTR_pipeline_HG01500/HG01500.chrY.vcf.gz	0.021905 seconds
