Checking the headers and starting positions of 25 files
Concatenating /scratch/rohlfslab/abierly2/LongTR/longTR_pipeline_HG04132/HG04132.chr10.vcf.gz	1.100926 seconds
Concatenating /scratch/rohlfslab/abierly2/LongTR/longTR_pipeline_HG04132/HG04132.chr11.vcf.gz	1.050333 seconds
Concatenating /scratch/rohlfslab/abierly2/LongTR/longTR_pipeline_HG04132/HG04132.chr12.vcf.gz	1.124392 seconds
Concatenating /scratch/rohlfslab/abierly2/LongTR/longTR_pipeline_HG04132/HG04132.chr13.vcf.gz	0.793666 seconds
Concatenating /scratch/rohlfslab/abierly2/LongTR/longTR_pipeline_HG04132/HG04132.chr14.vcf.gz	0.728853 seconds
Concatenating /scratch/rohlfslab/abierly2/LongTR/longTR_pipeline_HG04132/HG04132.chr15.vcf.gz	0.686948 seconds
Concatenating /scratch/rohlfslab/abierly2/LongTR/longTR_pipeline_HG04132/HG04132.chr16.vcf.gz	0.662909 seconds
Concatenating /scratch/rohlfslab/abierly2/LongTR/longTR_pipeline_HG04132/HG04132.chr17.vcf.gz	0.692415 seconds
Concatenating /scratch/rohlfslab/abierly2/LongTR/longTR_pipeline_HG04132/HG04132.chr18.vcf.gz	0.573589 seconds
Concatenating /scratch/rohlfslab/abierly2/LongTR/longTR_pipeline_HG04132/HG04132.chr19.vcf.gz	0.512909 seconds
Concatenating /scratch/rohlfslab/abierly2/LongTR/longTR_pipeline_HG04132/HG04132.chr1.vcf.gz	1.967111 seconds
Concatenating /scratch/rohlfslab/abierly2/LongTR/longTR_pipeline_HG04132/HG04132.chr20.vcf.gz	0.445288 seconds
Concatenating /scratch/rohlfslab/abierly2/LongTR/longTR_pipeline_HG04132/HG04132.chr21.vcf.gz	0.265050 seconds
Concatenating /scratch/rohlfslab/abierly2/LongTR/longTR_pipeline_HG04132/HG04132.chr22.vcf.gz	0.294387 seconds
Concatenating /scratch/rohlfslab/abierly2/LongTR/longTR_pipeline_HG04132/HG04132.chr2.vcf.gz	2.005131 seconds
Concatenating /scratch/rohlfslab/abierly2/LongTR/longTR_pipeline_HG04132/HG04132.chr3.vcf.gz	1.610594 seconds
Concatenating /scratch/rohlfslab/abierly2/LongTR/longTR_pipeline_HG04132/HG04132.chr4.vcf.gz	1.587350 seconds
Concatenating /scratch/rohlfslab/abierly2/LongTR/longTR_pipeline_HG04132/HG04132.chr5.vcf.gz	1.452366 seconds
Concatenating /scratch/rohlfslab/abierly2/LongTR/longTR_pipeline_HG04132/HG04132.chr6.vcf.gz	1.405618 seconds
Concatenating /scratch/rohlfslab/abierly2/LongTR/longTR_pipeline_HG04132/HG04132.chr7.vcf.gz	1.320506 seconds
Concatenating /scratch/rohlfslab/abierly2/LongTR/longTR_pipeline_HG04132/HG04132.chr8.vcf.gz	1.168827 seconds
Concatenating /scratch/rohlfslab/abierly2/LongTR/longTR_pipeline_HG04132/HG04132.chr9.vcf.gz	0.966324 seconds
Concatenating /scratch/rohlfslab/abierly2/LongTR/longTR_pipeline_HG04132/HG04132.chrM.vcf.gz	0.000418 seconds
Concatenating /scratch/rohlfslab/abierly2/LongTR/longTR_pipeline_HG04132/HG04132.chrX.vcf.gz	1.196142 seconds
Concatenating /scratch/rohlfslab/abierly2/LongTR/longTR_pipeline_HG04132/HG04132.chrY.vcf.gz	0.000356 seconds
