Checking the headers and starting positions of 25 files
Concatenating /scratch/rohlfslab/abierly2/LongTR/longTR_pipeline_HG02165/HG02165.chr10.vcf.gz	1.024914 seconds
Concatenating /scratch/rohlfslab/abierly2/LongTR/longTR_pipeline_HG02165/HG02165.chr11.vcf.gz	0.977003 seconds
Concatenating /scratch/rohlfslab/abierly2/LongTR/longTR_pipeline_HG02165/HG02165.chr12.vcf.gz	1.041786 seconds
Concatenating /scratch/rohlfslab/abierly2/LongTR/longTR_pipeline_HG02165/HG02165.chr13.vcf.gz	0.714078 seconds
Concatenating /scratch/rohlfslab/abierly2/LongTR/longTR_pipeline_HG02165/HG02165.chr14.vcf.gz	0.693777 seconds
Concatenating /scratch/rohlfslab/abierly2/LongTR/longTR_pipeline_HG02165/HG02165.chr15.vcf.gz	0.648316 seconds
Concatenating /scratch/rohlfslab/abierly2/LongTR/longTR_pipeline_HG02165/HG02165.chr16.vcf.gz	0.669992 seconds
Concatenating /scratch/rohlfslab/abierly2/LongTR/longTR_pipeline_HG02165/HG02165.chr17.vcf.gz	0.694444 seconds
Concatenating /scratch/rohlfslab/abierly2/LongTR/longTR_pipeline_HG02165/HG02165.chr18.vcf.gz	0.514765 seconds
Concatenating /scratch/rohlfslab/abierly2/LongTR/longTR_pipeline_HG02165/HG02165.chr19.vcf.gz	0.588339 seconds
Concatenating /scratch/rohlfslab/abierly2/LongTR/longTR_pipeline_HG02165/HG02165.chr1.vcf.gz	1.820467 seconds
Concatenating /scratch/rohlfslab/abierly2/LongTR/longTR_pipeline_HG02165/HG02165.chr20.vcf.gz	0.436292 seconds
Concatenating /scratch/rohlfslab/abierly2/LongTR/longTR_pipeline_HG02165/HG02165.chr21.vcf.gz	0.252310 seconds
Concatenating /scratch/rohlfslab/abierly2/LongTR/longTR_pipeline_HG02165/HG02165.chr22.vcf.gz	0.294061 seconds
Concatenating /scratch/rohlfslab/abierly2/LongTR/longTR_pipeline_HG02165/HG02165.chr2.vcf.gz	1.836327 seconds
Concatenating /scratch/rohlfslab/abierly2/LongTR/longTR_pipeline_HG02165/HG02165.chr3.vcf.gz	1.452221 seconds
Concatenating /scratch/rohlfslab/abierly2/LongTR/longTR_pipeline_HG02165/HG02165.chr4.vcf.gz	1.379420 seconds
Concatenating /scratch/rohlfslab/abierly2/LongTR/longTR_pipeline_HG02165/HG02165.chr5.vcf.gz	1.311560 seconds
Concatenating /scratch/rohlfslab/abierly2/LongTR/longTR_pipeline_HG02165/HG02165.chr6.vcf.gz	1.291548 seconds
Concatenating /scratch/rohlfslab/abierly2/LongTR/longTR_pipeline_HG02165/HG02165.chr7.vcf.gz	1.226360 seconds
Concatenating /scratch/rohlfslab/abierly2/LongTR/longTR_pipeline_HG02165/HG02165.chr8.vcf.gz	1.061479 seconds
Concatenating /scratch/rohlfslab/abierly2/LongTR/longTR_pipeline_HG02165/HG02165.chr9.vcf.gz	0.896118 seconds
Concatenating /scratch/rohlfslab/abierly2/LongTR/longTR_pipeline_HG02165/HG02165.chrM.vcf.gz	0.000315 seconds
Concatenating /scratch/rohlfslab/abierly2/LongTR/longTR_pipeline_HG02165/HG02165.chrX.vcf.gz	1.093835 seconds
Concatenating /scratch/rohlfslab/abierly2/LongTR/longTR_pipeline_HG02165/HG02165.chrY.vcf.gz	0.000296 seconds
