Checking the headers and starting positions of 25 files
Concatenating /scratch/rohlfslab/abierly2/LongTR/longTR_pipeline_NA18966/NA18966.chr10.vcf.gz	1.114853 seconds
Concatenating /scratch/rohlfslab/abierly2/LongTR/longTR_pipeline_NA18966/NA18966.chr11.vcf.gz	1.066203 seconds
Concatenating /scratch/rohlfslab/abierly2/LongTR/longTR_pipeline_NA18966/NA18966.chr12.vcf.gz	1.139464 seconds
Concatenating /scratch/rohlfslab/abierly2/LongTR/longTR_pipeline_NA18966/NA18966.chr13.vcf.gz	0.754708 seconds
Concatenating /scratch/rohlfslab/abierly2/LongTR/longTR_pipeline_NA18966/NA18966.chr14.vcf.gz	0.732321 seconds
Concatenating /scratch/rohlfslab/abierly2/LongTR/longTR_pipeline_NA18966/NA18966.chr15.vcf.gz	0.697022 seconds
Concatenating /scratch/rohlfslab/abierly2/LongTR/longTR_pipeline_NA18966/NA18966.chr16.vcf.gz	0.726200 seconds
Concatenating /scratch/rohlfslab/abierly2/LongTR/longTR_pipeline_NA18966/NA18966.chr17.vcf.gz	0.762492 seconds
Concatenating /scratch/rohlfslab/abierly2/LongTR/longTR_pipeline_NA18966/NA18966.chr18.vcf.gz	0.552053 seconds
Concatenating /scratch/rohlfslab/abierly2/LongTR/longTR_pipeline_NA18966/NA18966.chr19.vcf.gz	0.630288 seconds
Concatenating /scratch/rohlfslab/abierly2/LongTR/longTR_pipeline_NA18966/NA18966.chr1.vcf.gz	2.003097 seconds
Concatenating /scratch/rohlfslab/abierly2/LongTR/longTR_pipeline_NA18966/NA18966.chr20.vcf.gz	0.477353 seconds
Concatenating /scratch/rohlfslab/abierly2/LongTR/longTR_pipeline_NA18966/NA18966.chr21.vcf.gz	0.263923 seconds
Concatenating /scratch/rohlfslab/abierly2/LongTR/longTR_pipeline_NA18966/NA18966.chr22.vcf.gz	0.331634 seconds
Concatenating /scratch/rohlfslab/abierly2/LongTR/longTR_pipeline_NA18966/NA18966.chr2.vcf.gz	1.981708 seconds
Concatenating /scratch/rohlfslab/abierly2/LongTR/longTR_pipeline_NA18966/NA18966.chr3.vcf.gz	1.577978 seconds
Concatenating /scratch/rohlfslab/abierly2/LongTR/longTR_pipeline_NA18966/NA18966.chr4.vcf.gz	1.481887 seconds
Concatenating /scratch/rohlfslab/abierly2/LongTR/longTR_pipeline_NA18966/NA18966.chr5.vcf.gz	1.432370 seconds
Concatenating /scratch/rohlfslab/abierly2/LongTR/longTR_pipeline_NA18966/NA18966.chr6.vcf.gz	1.390117 seconds
Concatenating /scratch/rohlfslab/abierly2/LongTR/longTR_pipeline_NA18966/NA18966.chr7.vcf.gz	1.326794 seconds
Concatenating /scratch/rohlfslab/abierly2/LongTR/longTR_pipeline_NA18966/NA18966.chr8.vcf.gz	1.152437 seconds
Concatenating /scratch/rohlfslab/abierly2/LongTR/longTR_pipeline_NA18966/NA18966.chr9.vcf.gz	0.979612 seconds
Concatenating /scratch/rohlfslab/abierly2/LongTR/longTR_pipeline_NA18966/NA18966.chrM.vcf.gz	0.000488 seconds
Concatenating /scratch/rohlfslab/abierly2/LongTR/longTR_pipeline_NA18966/NA18966.chrX.vcf.gz	0.312404 seconds
Concatenating /scratch/rohlfslab/abierly2/LongTR/longTR_pipeline_NA18966/NA18966.chrY.vcf.gz	0.033896 seconds
