Checking the headers and starting positions of 25 files
Concatenating /scratch/rohlfslab/abierly2/LongTR/longTR_pipeline_HG01507/HG01507.chr10.vcf.gz	0.346586 seconds
Concatenating /scratch/rohlfslab/abierly2/LongTR/longTR_pipeline_HG01507/HG01507.chr11.vcf.gz	0.351969 seconds
Concatenating /scratch/rohlfslab/abierly2/LongTR/longTR_pipeline_HG01507/HG01507.chr12.vcf.gz	0.409979 seconds
Concatenating /scratch/rohlfslab/abierly2/LongTR/longTR_pipeline_HG01507/HG01507.chr13.vcf.gz	0.246251 seconds
Concatenating /scratch/rohlfslab/abierly2/LongTR/longTR_pipeline_HG01507/HG01507.chr14.vcf.gz	0.249694 seconds
Concatenating /scratch/rohlfslab/abierly2/LongTR/longTR_pipeline_HG01507/HG01507.chr15.vcf.gz	0.221311 seconds
Concatenating /scratch/rohlfslab/abierly2/LongTR/longTR_pipeline_HG01507/HG01507.chr16.vcf.gz	0.224691 seconds
Concatenating /scratch/rohlfslab/abierly2/LongTR/longTR_pipeline_HG01507/HG01507.chr17.vcf.gz	0.253093 seconds
Concatenating /scratch/rohlfslab/abierly2/LongTR/longTR_pipeline_HG01507/HG01507.chr18.vcf.gz	0.170454 seconds
Concatenating /scratch/rohlfslab/abierly2/LongTR/longTR_pipeline_HG01507/HG01507.chr19.vcf.gz	0.194874 seconds
Concatenating /scratch/rohlfslab/abierly2/LongTR/longTR_pipeline_HG01507/HG01507.chr1.vcf.gz	0.643619 seconds
Concatenating /scratch/rohlfslab/abierly2/LongTR/longTR_pipeline_HG01507/HG01507.chr20.vcf.gz	0.138280 seconds
Concatenating /scratch/rohlfslab/abierly2/LongTR/longTR_pipeline_HG01507/HG01507.chr21.vcf.gz	0.082897 seconds
Concatenating /scratch/rohlfslab/abierly2/LongTR/longTR_pipeline_HG01507/HG01507.chr22.vcf.gz	0.095956 seconds
Concatenating /scratch/rohlfslab/abierly2/LongTR/longTR_pipeline_HG01507/HG01507.chr2.vcf.gz	0.648730 seconds
Concatenating /scratch/rohlfslab/abierly2/LongTR/longTR_pipeline_HG01507/HG01507.chr3.vcf.gz	0.509963 seconds
Concatenating /scratch/rohlfslab/abierly2/LongTR/longTR_pipeline_HG01507/HG01507.chr4.vcf.gz	0.486770 seconds
Concatenating /scratch/rohlfslab/abierly2/LongTR/longTR_pipeline_HG01507/HG01507.chr5.vcf.gz	0.456775 seconds
Concatenating /scratch/rohlfslab/abierly2/LongTR/longTR_pipeline_HG01507/HG01507.chr6.vcf.gz	0.443924 seconds
Concatenating /scratch/rohlfslab/abierly2/LongTR/longTR_pipeline_HG01507/HG01507.chr7.vcf.gz	0.413450 seconds
Concatenating /scratch/rohlfslab/abierly2/LongTR/longTR_pipeline_HG01507/HG01507.chr8.vcf.gz	0.361000 seconds
Concatenating /scratch/rohlfslab/abierly2/LongTR/longTR_pipeline_HG01507/HG01507.chr9.vcf.gz	0.305038 seconds
Concatenating /scratch/rohlfslab/abierly2/LongTR/longTR_pipeline_HG01507/HG01507.chrM.vcf.gz	0.002027 seconds
Concatenating /scratch/rohlfslab/abierly2/LongTR/longTR_pipeline_HG01507/HG01507.chrX.vcf.gz	0.340182 seconds
Concatenating /scratch/rohlfslab/abierly2/LongTR/longTR_pipeline_HG01507/HG01507.chrY.vcf.gz	0.000293 seconds
