Checking the headers and starting positions of 25 files
Concatenating /scratch/rohlfslab/abierly2/LongTR/longTR_pipeline_NA19664/NA19664.chr10.vcf.gz	1.130237 seconds
Concatenating /scratch/rohlfslab/abierly2/LongTR/longTR_pipeline_NA19664/NA19664.chr11.vcf.gz	1.072027 seconds
Concatenating /scratch/rohlfslab/abierly2/LongTR/longTR_pipeline_NA19664/NA19664.chr12.vcf.gz	1.143426 seconds
Concatenating /scratch/rohlfslab/abierly2/LongTR/longTR_pipeline_NA19664/NA19664.chr13.vcf.gz	0.784328 seconds
Concatenating /scratch/rohlfslab/abierly2/LongTR/longTR_pipeline_NA19664/NA19664.chr14.vcf.gz	0.753172 seconds
Concatenating /scratch/rohlfslab/abierly2/LongTR/longTR_pipeline_NA19664/NA19664.chr15.vcf.gz	0.705094 seconds
Concatenating /scratch/rohlfslab/abierly2/LongTR/longTR_pipeline_NA19664/NA19664.chr16.vcf.gz	0.732605 seconds
Concatenating /scratch/rohlfslab/abierly2/LongTR/longTR_pipeline_NA19664/NA19664.chr17.vcf.gz	0.764199 seconds
Concatenating /scratch/rohlfslab/abierly2/LongTR/longTR_pipeline_NA19664/NA19664.chr18.vcf.gz	0.572247 seconds
Concatenating /scratch/rohlfslab/abierly2/LongTR/longTR_pipeline_NA19664/NA19664.chr19.vcf.gz	0.634332 seconds
Concatenating /scratch/rohlfslab/abierly2/LongTR/longTR_pipeline_NA19664/NA19664.chr1.vcf.gz	2.019135 seconds
Concatenating /scratch/rohlfslab/abierly2/LongTR/longTR_pipeline_NA19664/NA19664.chr20.vcf.gz	0.476226 seconds
Concatenating /scratch/rohlfslab/abierly2/LongTR/longTR_pipeline_NA19664/NA19664.chr21.vcf.gz	0.271508 seconds
Concatenating /scratch/rohlfslab/abierly2/LongTR/longTR_pipeline_NA19664/NA19664.chr22.vcf.gz	0.336204 seconds
Concatenating /scratch/rohlfslab/abierly2/LongTR/longTR_pipeline_NA19664/NA19664.chr2.vcf.gz	2.013662 seconds
Concatenating /scratch/rohlfslab/abierly2/LongTR/longTR_pipeline_NA19664/NA19664.chr3.vcf.gz	1.610311 seconds
Concatenating /scratch/rohlfslab/abierly2/LongTR/longTR_pipeline_NA19664/NA19664.chr4.vcf.gz	1.535355 seconds
Concatenating /scratch/rohlfslab/abierly2/LongTR/longTR_pipeline_NA19664/NA19664.chr5.vcf.gz	1.479459 seconds
Concatenating /scratch/rohlfslab/abierly2/LongTR/longTR_pipeline_NA19664/NA19664.chr6.vcf.gz	1.415803 seconds
Concatenating /scratch/rohlfslab/abierly2/LongTR/longTR_pipeline_NA19664/NA19664.chr7.vcf.gz	1.381241 seconds
Concatenating /scratch/rohlfslab/abierly2/LongTR/longTR_pipeline_NA19664/NA19664.chr8.vcf.gz	1.165237 seconds
Concatenating /scratch/rohlfslab/abierly2/LongTR/longTR_pipeline_NA19664/NA19664.chr9.vcf.gz	0.998388 seconds
Concatenating /scratch/rohlfslab/abierly2/LongTR/longTR_pipeline_NA19664/NA19664.chrM.vcf.gz	0.000363 seconds
Concatenating /scratch/rohlfslab/abierly2/LongTR/longTR_pipeline_NA19664/NA19664.chrX.vcf.gz	0.315010 seconds
Concatenating /scratch/rohlfslab/abierly2/LongTR/longTR_pipeline_NA19664/NA19664.chrY.vcf.gz	0.014732 seconds
