Checking the headers and starting positions of 25 files
Concatenating /scratch/rohlfslab/abierly2/LongTR/longTR_pipeline_HG01066/HG01066.chr10.vcf.gz	1.239078 seconds
Concatenating /scratch/rohlfslab/abierly2/LongTR/longTR_pipeline_HG01066/HG01066.chr11.vcf.gz	1.175201 seconds
Concatenating /scratch/rohlfslab/abierly2/LongTR/longTR_pipeline_HG01066/HG01066.chr12.vcf.gz	1.247337 seconds
Concatenating /scratch/rohlfslab/abierly2/LongTR/longTR_pipeline_HG01066/HG01066.chr13.vcf.gz	0.859926 seconds
Concatenating /scratch/rohlfslab/abierly2/LongTR/longTR_pipeline_HG01066/HG01066.chr14.vcf.gz	0.817296 seconds
Concatenating /scratch/rohlfslab/abierly2/LongTR/longTR_pipeline_HG01066/HG01066.chr15.vcf.gz	0.765939 seconds
Concatenating /scratch/rohlfslab/abierly2/LongTR/longTR_pipeline_HG01066/HG01066.chr16.vcf.gz	0.813988 seconds
Concatenating /scratch/rohlfslab/abierly2/LongTR/longTR_pipeline_HG01066/HG01066.chr17.vcf.gz	0.838191 seconds
Concatenating /scratch/rohlfslab/abierly2/LongTR/longTR_pipeline_HG01066/HG01066.chr18.vcf.gz	0.618308 seconds
Concatenating /scratch/rohlfslab/abierly2/LongTR/longTR_pipeline_HG01066/HG01066.chr19.vcf.gz	0.691664 seconds
Concatenating /scratch/rohlfslab/abierly2/LongTR/longTR_pipeline_HG01066/HG01066.chr1.vcf.gz	2.202385 seconds
Concatenating /scratch/rohlfslab/abierly2/LongTR/longTR_pipeline_HG01066/HG01066.chr20.vcf.gz	0.519178 seconds
Concatenating /scratch/rohlfslab/abierly2/LongTR/longTR_pipeline_HG01066/HG01066.chr21.vcf.gz	0.298715 seconds
Concatenating /scratch/rohlfslab/abierly2/LongTR/longTR_pipeline_HG01066/HG01066.chr22.vcf.gz	0.366718 seconds
Concatenating /scratch/rohlfslab/abierly2/LongTR/longTR_pipeline_HG01066/HG01066.chr2.vcf.gz	2.200972 seconds
Concatenating /scratch/rohlfslab/abierly2/LongTR/longTR_pipeline_HG01066/HG01066.chr3.vcf.gz	1.760599 seconds
Concatenating /scratch/rohlfslab/abierly2/LongTR/longTR_pipeline_HG01066/HG01066.chr4.vcf.gz	1.678890 seconds
Concatenating /scratch/rohlfslab/abierly2/LongTR/longTR_pipeline_HG01066/HG01066.chr5.vcf.gz	1.599911 seconds
Concatenating /scratch/rohlfslab/abierly2/LongTR/longTR_pipeline_HG01066/HG01066.chr6.vcf.gz	1.536686 seconds
Concatenating /scratch/rohlfslab/abierly2/LongTR/longTR_pipeline_HG01066/HG01066.chr7.vcf.gz	1.485662 seconds
Concatenating /scratch/rohlfslab/abierly2/LongTR/longTR_pipeline_HG01066/HG01066.chr8.vcf.gz	1.280681 seconds
Concatenating /scratch/rohlfslab/abierly2/LongTR/longTR_pipeline_HG01066/HG01066.chr9.vcf.gz	1.086054 seconds
Concatenating /scratch/rohlfslab/abierly2/LongTR/longTR_pipeline_HG01066/HG01066.chrM.vcf.gz	0.000364 seconds
Concatenating /scratch/rohlfslab/abierly2/LongTR/longTR_pipeline_HG01066/HG01066.chrX.vcf.gz	1.094585 seconds
Concatenating /scratch/rohlfslab/abierly2/LongTR/longTR_pipeline_HG01066/HG01066.chrY.vcf.gz	0.047296 seconds
