Checking the headers and starting positions of 25 files
Concatenating /scratch/rohlfslab/abierly2/LongTR/longTR_pipeline_NA18546/NA18546.chr10.vcf.gz	1.091040 seconds
Concatenating /scratch/rohlfslab/abierly2/LongTR/longTR_pipeline_NA18546/NA18546.chr11.vcf.gz	1.035791 seconds
Concatenating /scratch/rohlfslab/abierly2/LongTR/longTR_pipeline_NA18546/NA18546.chr12.vcf.gz	1.099608 seconds
Concatenating /scratch/rohlfslab/abierly2/LongTR/longTR_pipeline_NA18546/NA18546.chr13.vcf.gz	0.729807 seconds
Concatenating /scratch/rohlfslab/abierly2/LongTR/longTR_pipeline_NA18546/NA18546.chr14.vcf.gz	0.718007 seconds
Concatenating /scratch/rohlfslab/abierly2/LongTR/longTR_pipeline_NA18546/NA18546.chr15.vcf.gz	0.685130 seconds
Concatenating /scratch/rohlfslab/abierly2/LongTR/longTR_pipeline_NA18546/NA18546.chr16.vcf.gz	0.726224 seconds
Concatenating /scratch/rohlfslab/abierly2/LongTR/longTR_pipeline_NA18546/NA18546.chr17.vcf.gz	0.782716 seconds
Concatenating /scratch/rohlfslab/abierly2/LongTR/longTR_pipeline_NA18546/NA18546.chr18.vcf.gz	0.532449 seconds
Concatenating /scratch/rohlfslab/abierly2/LongTR/longTR_pipeline_NA18546/NA18546.chr19.vcf.gz	0.647321 seconds
Concatenating /scratch/rohlfslab/abierly2/LongTR/longTR_pipeline_NA18546/NA18546.chr1.vcf.gz	1.953275 seconds
Concatenating /scratch/rohlfslab/abierly2/LongTR/longTR_pipeline_NA18546/NA18546.chr20.vcf.gz	0.469775 seconds
Concatenating /scratch/rohlfslab/abierly2/LongTR/longTR_pipeline_NA18546/NA18546.chr21.vcf.gz	0.263905 seconds
Concatenating /scratch/rohlfslab/abierly2/LongTR/longTR_pipeline_NA18546/NA18546.chr22.vcf.gz	0.329836 seconds
Concatenating /scratch/rohlfslab/abierly2/LongTR/longTR_pipeline_NA18546/NA18546.chr2.vcf.gz	1.924960 seconds
Concatenating /scratch/rohlfslab/abierly2/LongTR/longTR_pipeline_NA18546/NA18546.chr3.vcf.gz	1.527230 seconds
Concatenating /scratch/rohlfslab/abierly2/LongTR/longTR_pipeline_NA18546/NA18546.chr4.vcf.gz	1.423784 seconds
Concatenating /scratch/rohlfslab/abierly2/LongTR/longTR_pipeline_NA18546/NA18546.chr5.vcf.gz	1.370547 seconds
Concatenating /scratch/rohlfslab/abierly2/LongTR/longTR_pipeline_NA18546/NA18546.chr6.vcf.gz	1.338032 seconds
Concatenating /scratch/rohlfslab/abierly2/LongTR/longTR_pipeline_NA18546/NA18546.chr7.vcf.gz	1.294134 seconds
Concatenating /scratch/rohlfslab/abierly2/LongTR/longTR_pipeline_NA18546/NA18546.chr8.vcf.gz	1.108241 seconds
Concatenating /scratch/rohlfslab/abierly2/LongTR/longTR_pipeline_NA18546/NA18546.chr9.vcf.gz	0.952680 seconds
Concatenating /scratch/rohlfslab/abierly2/LongTR/longTR_pipeline_NA18546/NA18546.chrM.vcf.gz	0.000318 seconds
Concatenating /scratch/rohlfslab/abierly2/LongTR/longTR_pipeline_NA18546/NA18546.chrX.vcf.gz	0.252413 seconds
Concatenating /scratch/rohlfslab/abierly2/LongTR/longTR_pipeline_NA18546/NA18546.chrY.vcf.gz	0.008191 seconds
