Checking the headers and starting positions of 25 files
Concatenating /scratch/rohlfslab/abierly2/LongTR/longTR_pipeline_HG01377/HG01377.chr10.vcf.gz	1.136949 seconds
Concatenating /scratch/rohlfslab/abierly2/LongTR/longTR_pipeline_HG01377/HG01377.chr11.vcf.gz	1.082181 seconds
Concatenating /scratch/rohlfslab/abierly2/LongTR/longTR_pipeline_HG01377/HG01377.chr12.vcf.gz	1.146228 seconds
Concatenating /scratch/rohlfslab/abierly2/LongTR/longTR_pipeline_HG01377/HG01377.chr13.vcf.gz	0.780983 seconds
Concatenating /scratch/rohlfslab/abierly2/LongTR/longTR_pipeline_HG01377/HG01377.chr14.vcf.gz	0.752131 seconds
Concatenating /scratch/rohlfslab/abierly2/LongTR/longTR_pipeline_HG01377/HG01377.chr15.vcf.gz	0.701523 seconds
Concatenating /scratch/rohlfslab/abierly2/LongTR/longTR_pipeline_HG01377/HG01377.chr16.vcf.gz	0.747226 seconds
Concatenating /scratch/rohlfslab/abierly2/LongTR/longTR_pipeline_HG01377/HG01377.chr17.vcf.gz	0.779044 seconds
Concatenating /scratch/rohlfslab/abierly2/LongTR/longTR_pipeline_HG01377/HG01377.chr18.vcf.gz	0.566413 seconds
Concatenating /scratch/rohlfslab/abierly2/LongTR/longTR_pipeline_HG01377/HG01377.chr19.vcf.gz	0.648568 seconds
Concatenating /scratch/rohlfslab/abierly2/LongTR/longTR_pipeline_HG01377/HG01377.chr1.vcf.gz	2.032190 seconds
Concatenating /scratch/rohlfslab/abierly2/LongTR/longTR_pipeline_HG01377/HG01377.chr20.vcf.gz	0.483371 seconds
Concatenating /scratch/rohlfslab/abierly2/LongTR/longTR_pipeline_HG01377/HG01377.chr21.vcf.gz	0.277624 seconds
Concatenating /scratch/rohlfslab/abierly2/LongTR/longTR_pipeline_HG01377/HG01377.chr22.vcf.gz	0.335784 seconds
Concatenating /scratch/rohlfslab/abierly2/LongTR/longTR_pipeline_HG01377/HG01377.chr2.vcf.gz	2.000961 seconds
Concatenating /scratch/rohlfslab/abierly2/LongTR/longTR_pipeline_HG01377/HG01377.chr3.vcf.gz	1.608634 seconds
Concatenating /scratch/rohlfslab/abierly2/LongTR/longTR_pipeline_HG01377/HG01377.chr4.vcf.gz	1.519613 seconds
Concatenating /scratch/rohlfslab/abierly2/LongTR/longTR_pipeline_HG01377/HG01377.chr5.vcf.gz	1.453104 seconds
Concatenating /scratch/rohlfslab/abierly2/LongTR/longTR_pipeline_HG01377/HG01377.chr6.vcf.gz	1.397549 seconds
Concatenating /scratch/rohlfslab/abierly2/LongTR/longTR_pipeline_HG01377/HG01377.chr7.vcf.gz	1.353334 seconds
Concatenating /scratch/rohlfslab/abierly2/LongTR/longTR_pipeline_HG01377/HG01377.chr8.vcf.gz	1.169699 seconds
Concatenating /scratch/rohlfslab/abierly2/LongTR/longTR_pipeline_HG01377/HG01377.chr9.vcf.gz	0.988473 seconds
Concatenating /scratch/rohlfslab/abierly2/LongTR/longTR_pipeline_HG01377/HG01377.chrM.vcf.gz	0.000351 seconds
Concatenating /scratch/rohlfslab/abierly2/LongTR/longTR_pipeline_HG01377/HG01377.chrX.vcf.gz	0.347329 seconds
Concatenating /scratch/rohlfslab/abierly2/LongTR/longTR_pipeline_HG01377/HG01377.chrY.vcf.gz	0.014551 seconds
