Checking the headers and starting positions of 25 files
Concatenating /scratch/rohlfslab/abierly2/LongTR/longTR_pipeline_NA19652/NA19652.chr10.vcf.gz	0.566715 seconds
Concatenating /scratch/rohlfslab/abierly2/LongTR/longTR_pipeline_NA19652/NA19652.chr11.vcf.gz	0.552336 seconds
Concatenating /scratch/rohlfslab/abierly2/LongTR/longTR_pipeline_NA19652/NA19652.chr12.vcf.gz	0.647611 seconds
Concatenating /scratch/rohlfslab/abierly2/LongTR/longTR_pipeline_NA19652/NA19652.chr13.vcf.gz	0.354071 seconds
Concatenating /scratch/rohlfslab/abierly2/LongTR/longTR_pipeline_NA19652/NA19652.chr14.vcf.gz	0.371169 seconds
Concatenating /scratch/rohlfslab/abierly2/LongTR/longTR_pipeline_NA19652/NA19652.chr15.vcf.gz	0.367840 seconds
Concatenating /scratch/rohlfslab/abierly2/LongTR/longTR_pipeline_NA19652/NA19652.chr16.vcf.gz	0.394612 seconds
Concatenating /scratch/rohlfslab/abierly2/LongTR/longTR_pipeline_NA19652/NA19652.chr17.vcf.gz	0.414989 seconds
Concatenating /scratch/rohlfslab/abierly2/LongTR/longTR_pipeline_NA19652/NA19652.chr18.vcf.gz	0.269986 seconds
Concatenating /scratch/rohlfslab/abierly2/LongTR/longTR_pipeline_NA19652/NA19652.chr19.vcf.gz	0.349600 seconds
Concatenating /scratch/rohlfslab/abierly2/LongTR/longTR_pipeline_NA19652/NA19652.chr1.vcf.gz	1.016200 seconds
Concatenating /scratch/rohlfslab/abierly2/LongTR/longTR_pipeline_NA19652/NA19652.chr20.vcf.gz	0.256303 seconds
Concatenating /scratch/rohlfslab/abierly2/LongTR/longTR_pipeline_NA19652/NA19652.chr21.vcf.gz	0.130089 seconds
Concatenating /scratch/rohlfslab/abierly2/LongTR/longTR_pipeline_NA19652/NA19652.chr22.vcf.gz	0.187883 seconds
Concatenating /scratch/rohlfslab/abierly2/LongTR/longTR_pipeline_NA19652/NA19652.chr2.vcf.gz	1.002460 seconds
Concatenating /scratch/rohlfslab/abierly2/LongTR/longTR_pipeline_NA19652/NA19652.chr3.vcf.gz	0.782675 seconds
Concatenating /scratch/rohlfslab/abierly2/LongTR/longTR_pipeline_NA19652/NA19652.chr4.vcf.gz	0.718414 seconds
Concatenating /scratch/rohlfslab/abierly2/LongTR/longTR_pipeline_NA19652/NA19652.chr5.vcf.gz	0.711059 seconds
Concatenating /scratch/rohlfslab/abierly2/LongTR/longTR_pipeline_NA19652/NA19652.chr6.vcf.gz	0.677928 seconds
Concatenating /scratch/rohlfslab/abierly2/LongTR/longTR_pipeline_NA19652/NA19652.chr7.vcf.gz	0.669343 seconds
Concatenating /scratch/rohlfslab/abierly2/LongTR/longTR_pipeline_NA19652/NA19652.chr8.vcf.gz	0.576865 seconds
Concatenating /scratch/rohlfslab/abierly2/LongTR/longTR_pipeline_NA19652/NA19652.chr9.vcf.gz	0.491497 seconds
Concatenating /scratch/rohlfslab/abierly2/LongTR/longTR_pipeline_NA19652/NA19652.chrM.vcf.gz	0.000296 seconds
Concatenating /scratch/rohlfslab/abierly2/LongTR/longTR_pipeline_NA19652/NA19652.chrX.vcf.gz	0.058502 seconds
Concatenating /scratch/rohlfslab/abierly2/LongTR/longTR_pipeline_NA19652/NA19652.chrY.vcf.gz	0.002220 seconds
