Checking the headers and starting positions of 25 files
Concatenating /scratch/rohlfslab/abierly2/LongTR/longTR_pipeline_HG01756/HG01756.chr10.vcf.gz	1.192890 seconds
Concatenating /scratch/rohlfslab/abierly2/LongTR/longTR_pipeline_HG01756/HG01756.chr11.vcf.gz	1.141533 seconds
Concatenating /scratch/rohlfslab/abierly2/LongTR/longTR_pipeline_HG01756/HG01756.chr12.vcf.gz	1.210941 seconds
Concatenating /scratch/rohlfslab/abierly2/LongTR/longTR_pipeline_HG01756/HG01756.chr13.vcf.gz	0.834038 seconds
Concatenating /scratch/rohlfslab/abierly2/LongTR/longTR_pipeline_HG01756/HG01756.chr14.vcf.gz	0.791730 seconds
Concatenating /scratch/rohlfslab/abierly2/LongTR/longTR_pipeline_HG01756/HG01756.chr15.vcf.gz	0.745972 seconds
Concatenating /scratch/rohlfslab/abierly2/LongTR/longTR_pipeline_HG01756/HG01756.chr16.vcf.gz	0.770874 seconds
Concatenating /scratch/rohlfslab/abierly2/LongTR/longTR_pipeline_HG01756/HG01756.chr17.vcf.gz	0.812867 seconds
Concatenating /scratch/rohlfslab/abierly2/LongTR/longTR_pipeline_HG01756/HG01756.chr18.vcf.gz	0.596681 seconds
Concatenating /scratch/rohlfslab/abierly2/LongTR/longTR_pipeline_HG01756/HG01756.chr19.vcf.gz	0.669850 seconds
Concatenating /scratch/rohlfslab/abierly2/LongTR/longTR_pipeline_HG01756/HG01756.chr1.vcf.gz	2.130539 seconds
Concatenating /scratch/rohlfslab/abierly2/LongTR/longTR_pipeline_HG01756/HG01756.chr20.vcf.gz	0.496172 seconds
Concatenating /scratch/rohlfslab/abierly2/LongTR/longTR_pipeline_HG01756/HG01756.chr21.vcf.gz	0.289068 seconds
Concatenating /scratch/rohlfslab/abierly2/LongTR/longTR_pipeline_HG01756/HG01756.chr22.vcf.gz	0.350812 seconds
Concatenating /scratch/rohlfslab/abierly2/LongTR/longTR_pipeline_HG01756/HG01756.chr2.vcf.gz	2.128442 seconds
Concatenating /scratch/rohlfslab/abierly2/LongTR/longTR_pipeline_HG01756/HG01756.chr3.vcf.gz	1.704559 seconds
Concatenating /scratch/rohlfslab/abierly2/LongTR/longTR_pipeline_HG01756/HG01756.chr4.vcf.gz	1.619945 seconds
Concatenating /scratch/rohlfslab/abierly2/LongTR/longTR_pipeline_HG01756/HG01756.chr5.vcf.gz	1.539348 seconds
Concatenating /scratch/rohlfslab/abierly2/LongTR/longTR_pipeline_HG01756/HG01756.chr6.vcf.gz	1.487474 seconds
Concatenating /scratch/rohlfslab/abierly2/LongTR/longTR_pipeline_HG01756/HG01756.chr7.vcf.gz	1.419419 seconds
Concatenating /scratch/rohlfslab/abierly2/LongTR/longTR_pipeline_HG01756/HG01756.chr8.vcf.gz	1.233412 seconds
Concatenating /scratch/rohlfslab/abierly2/LongTR/longTR_pipeline_HG01756/HG01756.chr9.vcf.gz	1.052783 seconds
Concatenating /scratch/rohlfslab/abierly2/LongTR/longTR_pipeline_HG01756/HG01756.chrM.vcf.gz	0.000303 seconds
Concatenating /scratch/rohlfslab/abierly2/LongTR/longTR_pipeline_HG01756/HG01756.chrX.vcf.gz	0.489448 seconds
Concatenating /scratch/rohlfslab/abierly2/LongTR/longTR_pipeline_HG01756/HG01756.chrY.vcf.gz	0.018434 seconds
