Checking the headers and starting positions of 25 files
Concatenating /scratch/rohlfslab/abierly2/LongTR/longTR_pipeline_HG03650/HG03650.chr10.vcf.gz	0.878506 seconds
Concatenating /scratch/rohlfslab/abierly2/LongTR/longTR_pipeline_HG03650/HG03650.chr11.vcf.gz	0.816881 seconds
Concatenating /scratch/rohlfslab/abierly2/LongTR/longTR_pipeline_HG03650/HG03650.chr12.vcf.gz	0.876631 seconds
Concatenating /scratch/rohlfslab/abierly2/LongTR/longTR_pipeline_HG03650/HG03650.chr13.vcf.gz	0.610391 seconds
Concatenating /scratch/rohlfslab/abierly2/LongTR/longTR_pipeline_HG03650/HG03650.chr14.vcf.gz	0.563804 seconds
Concatenating /scratch/rohlfslab/abierly2/LongTR/longTR_pipeline_HG03650/HG03650.chr15.vcf.gz	0.524730 seconds
Concatenating /scratch/rohlfslab/abierly2/LongTR/longTR_pipeline_HG03650/HG03650.chr16.vcf.gz	0.520329 seconds
Concatenating /scratch/rohlfslab/abierly2/LongTR/longTR_pipeline_HG03650/HG03650.chr17.vcf.gz	0.543542 seconds
Concatenating /scratch/rohlfslab/abierly2/LongTR/longTR_pipeline_HG03650/HG03650.chr18.vcf.gz	0.434850 seconds
Concatenating /scratch/rohlfslab/abierly2/LongTR/longTR_pipeline_HG03650/HG03650.chr19.vcf.gz	0.417865 seconds
Concatenating /scratch/rohlfslab/abierly2/LongTR/longTR_pipeline_HG03650/HG03650.chr1.vcf.gz	1.509312 seconds
Concatenating /scratch/rohlfslab/abierly2/LongTR/longTR_pipeline_HG03650/HG03650.chr20.vcf.gz	0.348296 seconds
Concatenating /scratch/rohlfslab/abierly2/LongTR/longTR_pipeline_HG03650/HG03650.chr21.vcf.gz	0.214579 seconds
Concatenating /scratch/rohlfslab/abierly2/LongTR/longTR_pipeline_HG03650/HG03650.chr22.vcf.gz	0.227266 seconds
Concatenating /scratch/rohlfslab/abierly2/LongTR/longTR_pipeline_HG03650/HG03650.chr2.vcf.gz	1.563168 seconds
Concatenating /scratch/rohlfslab/abierly2/LongTR/longTR_pipeline_HG03650/HG03650.chr3.vcf.gz	1.243222 seconds
Concatenating /scratch/rohlfslab/abierly2/LongTR/longTR_pipeline_HG03650/HG03650.chr4.vcf.gz	1.198292 seconds
Concatenating /scratch/rohlfslab/abierly2/LongTR/longTR_pipeline_HG03650/HG03650.chr5.vcf.gz	1.127537 seconds
Concatenating /scratch/rohlfslab/abierly2/LongTR/longTR_pipeline_HG03650/HG03650.chr6.vcf.gz	1.086414 seconds
Concatenating /scratch/rohlfslab/abierly2/LongTR/longTR_pipeline_HG03650/HG03650.chr7.vcf.gz	1.030595 seconds
Concatenating /scratch/rohlfslab/abierly2/LongTR/longTR_pipeline_HG03650/HG03650.chr8.vcf.gz	0.894151 seconds
Concatenating /scratch/rohlfslab/abierly2/LongTR/longTR_pipeline_HG03650/HG03650.chr9.vcf.gz	0.748985 seconds
Concatenating /scratch/rohlfslab/abierly2/LongTR/longTR_pipeline_HG03650/HG03650.chrM.vcf.gz	0.000412 seconds
Concatenating /scratch/rohlfslab/abierly2/LongTR/longTR_pipeline_HG03650/HG03650.chrX.vcf.gz	0.926157 seconds
Concatenating /scratch/rohlfslab/abierly2/LongTR/longTR_pipeline_HG03650/HG03650.chrY.vcf.gz	0.000362 seconds
