Checking the headers and starting positions of 25 files
Concatenating /scratch/rohlfslab/abierly2/LongTR/longTR_pipeline_HG03837/HG03837.chr10.vcf.gz	1.260405 seconds
Concatenating /scratch/rohlfslab/abierly2/LongTR/longTR_pipeline_HG03837/HG03837.chr11.vcf.gz	1.205810 seconds
Concatenating /scratch/rohlfslab/abierly2/LongTR/longTR_pipeline_HG03837/HG03837.chr12.vcf.gz	1.271248 seconds
Concatenating /scratch/rohlfslab/abierly2/LongTR/longTR_pipeline_HG03837/HG03837.chr13.vcf.gz	0.878176 seconds
Concatenating /scratch/rohlfslab/abierly2/LongTR/longTR_pipeline_HG03837/HG03837.chr14.vcf.gz	0.834456 seconds
Concatenating /scratch/rohlfslab/abierly2/LongTR/longTR_pipeline_HG03837/HG03837.chr15.vcf.gz	0.781738 seconds
Concatenating /scratch/rohlfslab/abierly2/LongTR/longTR_pipeline_HG03837/HG03837.chr16.vcf.gz	0.822035 seconds
Concatenating /scratch/rohlfslab/abierly2/LongTR/longTR_pipeline_HG03837/HG03837.chr17.vcf.gz	0.848166 seconds
Concatenating /scratch/rohlfslab/abierly2/LongTR/longTR_pipeline_HG03837/HG03837.chr18.vcf.gz	0.630772 seconds
Concatenating /scratch/rohlfslab/abierly2/LongTR/longTR_pipeline_HG03837/HG03837.chr19.vcf.gz	0.708255 seconds
Concatenating /scratch/rohlfslab/abierly2/LongTR/longTR_pipeline_HG03837/HG03837.chr1.vcf.gz	2.255856 seconds
Concatenating /scratch/rohlfslab/abierly2/LongTR/longTR_pipeline_HG03837/HG03837.chr20.vcf.gz	0.532078 seconds
Concatenating /scratch/rohlfslab/abierly2/LongTR/longTR_pipeline_HG03837/HG03837.chr21.vcf.gz	0.305388 seconds
Concatenating /scratch/rohlfslab/abierly2/LongTR/longTR_pipeline_HG03837/HG03837.chr22.vcf.gz	0.370793 seconds
Concatenating /scratch/rohlfslab/abierly2/LongTR/longTR_pipeline_HG03837/HG03837.chr2.vcf.gz	2.236115 seconds
Concatenating /scratch/rohlfslab/abierly2/LongTR/longTR_pipeline_HG03837/HG03837.chr3.vcf.gz	1.803976 seconds
Concatenating /scratch/rohlfslab/abierly2/LongTR/longTR_pipeline_HG03837/HG03837.chr4.vcf.gz	1.720379 seconds
Concatenating /scratch/rohlfslab/abierly2/LongTR/longTR_pipeline_HG03837/HG03837.chr5.vcf.gz	1.633677 seconds
Concatenating /scratch/rohlfslab/abierly2/LongTR/longTR_pipeline_HG03837/HG03837.chr6.vcf.gz	1.559215 seconds
Concatenating /scratch/rohlfslab/abierly2/LongTR/longTR_pipeline_HG03837/HG03837.chr7.vcf.gz	1.505539 seconds
Concatenating /scratch/rohlfslab/abierly2/LongTR/longTR_pipeline_HG03837/HG03837.chr8.vcf.gz	1.305801 seconds
Concatenating /scratch/rohlfslab/abierly2/LongTR/longTR_pipeline_HG03837/HG03837.chr9.vcf.gz	1.103234 seconds
Concatenating /scratch/rohlfslab/abierly2/LongTR/longTR_pipeline_HG03837/HG03837.chrM.vcf.gz	0.000301 seconds
Concatenating /scratch/rohlfslab/abierly2/LongTR/longTR_pipeline_HG03837/HG03837.chrX.vcf.gz	1.283974 seconds
Concatenating /scratch/rohlfslab/abierly2/LongTR/longTR_pipeline_HG03837/HG03837.chrY.vcf.gz	0.069568 seconds
