Checking the headers and starting positions of 25 files
Concatenating /scratch/rohlfslab/abierly2/LongTR/longTR_pipeline_HG01977/HG01977.chr10.vcf.gz	0.414194 seconds
Concatenating /scratch/rohlfslab/abierly2/LongTR/longTR_pipeline_HG01977/HG01977.chr11.vcf.gz	0.432126 seconds
Concatenating /scratch/rohlfslab/abierly2/LongTR/longTR_pipeline_HG01977/HG01977.chr12.vcf.gz	0.479322 seconds
Concatenating /scratch/rohlfslab/abierly2/LongTR/longTR_pipeline_HG01977/HG01977.chr13.vcf.gz	0.248043 seconds
Concatenating /scratch/rohlfslab/abierly2/LongTR/longTR_pipeline_HG01977/HG01977.chr14.vcf.gz	0.295610 seconds
Concatenating /scratch/rohlfslab/abierly2/LongTR/longTR_pipeline_HG01977/HG01977.chr15.vcf.gz	0.296307 seconds
Concatenating /scratch/rohlfslab/abierly2/LongTR/longTR_pipeline_HG01977/HG01977.chr16.vcf.gz	0.315979 seconds
Concatenating /scratch/rohlfslab/abierly2/LongTR/longTR_pipeline_HG01977/HG01977.chr17.vcf.gz	0.369515 seconds
Concatenating /scratch/rohlfslab/abierly2/LongTR/longTR_pipeline_HG01977/HG01977.chr18.vcf.gz	0.184731 seconds
Concatenating /scratch/rohlfslab/abierly2/LongTR/longTR_pipeline_HG01977/HG01977.chr19.vcf.gz	0.365259 seconds
Concatenating /scratch/rohlfslab/abierly2/LongTR/longTR_pipeline_HG01977/HG01977.chr1.vcf.gz	0.870123 seconds
Concatenating /scratch/rohlfslab/abierly2/LongTR/longTR_pipeline_HG01977/HG01977.chr20.vcf.gz	0.202015 seconds
Concatenating /scratch/rohlfslab/abierly2/LongTR/longTR_pipeline_HG01977/HG01977.chr21.vcf.gz	0.102808 seconds
Concatenating /scratch/rohlfslab/abierly2/LongTR/longTR_pipeline_HG01977/HG01977.chr22.vcf.gz	0.154596 seconds
Concatenating /scratch/rohlfslab/abierly2/LongTR/longTR_pipeline_HG01977/HG01977.chr2.vcf.gz	0.748554 seconds
Concatenating /scratch/rohlfslab/abierly2/LongTR/longTR_pipeline_HG01977/HG01977.chr3.vcf.gz	0.619748 seconds
Concatenating /scratch/rohlfslab/abierly2/LongTR/longTR_pipeline_HG01977/HG01977.chr4.vcf.gz	0.520425 seconds
Concatenating /scratch/rohlfslab/abierly2/LongTR/longTR_pipeline_HG01977/HG01977.chr5.vcf.gz	0.534508 seconds
Concatenating /scratch/rohlfslab/abierly2/LongTR/longTR_pipeline_HG01977/HG01977.chr6.vcf.gz	0.548599 seconds
Concatenating /scratch/rohlfslab/abierly2/LongTR/longTR_pipeline_HG01977/HG01977.chr7.vcf.gz	0.511248 seconds
Concatenating /scratch/rohlfslab/abierly2/LongTR/longTR_pipeline_HG01977/HG01977.chr8.vcf.gz	0.424826 seconds
Concatenating /scratch/rohlfslab/abierly2/LongTR/longTR_pipeline_HG01977/HG01977.chr9.vcf.gz	0.391170 seconds
Concatenating /scratch/rohlfslab/abierly2/LongTR/longTR_pipeline_HG01977/HG01977.chrM.vcf.gz	0.000514 seconds
Concatenating /scratch/rohlfslab/abierly2/LongTR/longTR_pipeline_HG01977/HG01977.chrX.vcf.gz	0.041026 seconds
Concatenating /scratch/rohlfslab/abierly2/LongTR/longTR_pipeline_HG01977/HG01977.chrY.vcf.gz	0.002079 seconds
