Checking the headers and starting positions of 25 files
Concatenating /scratch/rohlfslab/abierly2/LongTR/longTR_pipeline_HG03862/HG03862.chr10.vcf.gz	1.217772 seconds
Concatenating /scratch/rohlfslab/abierly2/LongTR/longTR_pipeline_HG03862/HG03862.chr11.vcf.gz	1.168387 seconds
Concatenating /scratch/rohlfslab/abierly2/LongTR/longTR_pipeline_HG03862/HG03862.chr12.vcf.gz	1.238737 seconds
Concatenating /scratch/rohlfslab/abierly2/LongTR/longTR_pipeline_HG03862/HG03862.chr13.vcf.gz	0.855404 seconds
Concatenating /scratch/rohlfslab/abierly2/LongTR/longTR_pipeline_HG03862/HG03862.chr14.vcf.gz	0.810352 seconds
Concatenating /scratch/rohlfslab/abierly2/LongTR/longTR_pipeline_HG03862/HG03862.chr15.vcf.gz	0.750986 seconds
Concatenating /scratch/rohlfslab/abierly2/LongTR/longTR_pipeline_HG03862/HG03862.chr16.vcf.gz	0.792128 seconds
Concatenating /scratch/rohlfslab/abierly2/LongTR/longTR_pipeline_HG03862/HG03862.chr17.vcf.gz	0.830715 seconds
Concatenating /scratch/rohlfslab/abierly2/LongTR/longTR_pipeline_HG03862/HG03862.chr18.vcf.gz	0.616844 seconds
Concatenating /scratch/rohlfslab/abierly2/LongTR/longTR_pipeline_HG03862/HG03862.chr19.vcf.gz	0.674177 seconds
Concatenating /scratch/rohlfslab/abierly2/LongTR/longTR_pipeline_HG03862/HG03862.chr1.vcf.gz	2.164727 seconds
Concatenating /scratch/rohlfslab/abierly2/LongTR/longTR_pipeline_HG03862/HG03862.chr20.vcf.gz	0.510525 seconds
Concatenating /scratch/rohlfslab/abierly2/LongTR/longTR_pipeline_HG03862/HG03862.chr21.vcf.gz	0.295657 seconds
Concatenating /scratch/rohlfslab/abierly2/LongTR/longTR_pipeline_HG03862/HG03862.chr22.vcf.gz	0.364196 seconds
Concatenating /scratch/rohlfslab/abierly2/LongTR/longTR_pipeline_HG03862/HG03862.chr2.vcf.gz	2.177444 seconds
Concatenating /scratch/rohlfslab/abierly2/LongTR/longTR_pipeline_HG03862/HG03862.chr3.vcf.gz	1.733021 seconds
Concatenating /scratch/rohlfslab/abierly2/LongTR/longTR_pipeline_HG03862/HG03862.chr4.vcf.gz	1.667963 seconds
Concatenating /scratch/rohlfslab/abierly2/LongTR/longTR_pipeline_HG03862/HG03862.chr5.vcf.gz	1.571233 seconds
Concatenating /scratch/rohlfslab/abierly2/LongTR/longTR_pipeline_HG03862/HG03862.chr6.vcf.gz	1.509298 seconds
Concatenating /scratch/rohlfslab/abierly2/LongTR/longTR_pipeline_HG03862/HG03862.chr7.vcf.gz	1.497979 seconds
Concatenating /scratch/rohlfslab/abierly2/LongTR/longTR_pipeline_HG03862/HG03862.chr8.vcf.gz	1.262610 seconds
Concatenating /scratch/rohlfslab/abierly2/LongTR/longTR_pipeline_HG03862/HG03862.chr9.vcf.gz	1.063791 seconds
Concatenating /scratch/rohlfslab/abierly2/LongTR/longTR_pipeline_HG03862/HG03862.chrM.vcf.gz	0.000316 seconds
Concatenating /scratch/rohlfslab/abierly2/LongTR/longTR_pipeline_HG03862/HG03862.chrX.vcf.gz	1.312922 seconds
Concatenating /scratch/rohlfslab/abierly2/LongTR/longTR_pipeline_HG03862/HG03862.chrY.vcf.gz	0.000309 seconds
