Checking the headers and starting positions of 25 files
Concatenating /scratch/rohlfslab/abierly2/LongTR/longTR_pipeline_NA19651/NA19651.chr10.vcf.gz	1.200584 seconds
Concatenating /scratch/rohlfslab/abierly2/LongTR/longTR_pipeline_NA19651/NA19651.chr11.vcf.gz	1.125661 seconds
Concatenating /scratch/rohlfslab/abierly2/LongTR/longTR_pipeline_NA19651/NA19651.chr12.vcf.gz	1.203291 seconds
Concatenating /scratch/rohlfslab/abierly2/LongTR/longTR_pipeline_NA19651/NA19651.chr13.vcf.gz	0.822197 seconds
Concatenating /scratch/rohlfslab/abierly2/LongTR/longTR_pipeline_NA19651/NA19651.chr14.vcf.gz	0.783002 seconds
Concatenating /scratch/rohlfslab/abierly2/LongTR/longTR_pipeline_NA19651/NA19651.chr15.vcf.gz	0.720817 seconds
Concatenating /scratch/rohlfslab/abierly2/LongTR/longTR_pipeline_NA19651/NA19651.chr16.vcf.gz	0.767035 seconds
Concatenating /scratch/rohlfslab/abierly2/LongTR/longTR_pipeline_NA19651/NA19651.chr17.vcf.gz	0.809601 seconds
Concatenating /scratch/rohlfslab/abierly2/LongTR/longTR_pipeline_NA19651/NA19651.chr18.vcf.gz	0.606146 seconds
Concatenating /scratch/rohlfslab/abierly2/LongTR/longTR_pipeline_NA19651/NA19651.chr19.vcf.gz	0.681040 seconds
Concatenating /scratch/rohlfslab/abierly2/LongTR/longTR_pipeline_NA19651/NA19651.chr1.vcf.gz	2.114524 seconds
Concatenating /scratch/rohlfslab/abierly2/LongTR/longTR_pipeline_NA19651/NA19651.chr20.vcf.gz	0.491936 seconds
Concatenating /scratch/rohlfslab/abierly2/LongTR/longTR_pipeline_NA19651/NA19651.chr21.vcf.gz	0.288599 seconds
Concatenating /scratch/rohlfslab/abierly2/LongTR/longTR_pipeline_NA19651/NA19651.chr22.vcf.gz	0.358598 seconds
Concatenating /scratch/rohlfslab/abierly2/LongTR/longTR_pipeline_NA19651/NA19651.chr2.vcf.gz	2.115816 seconds
Concatenating /scratch/rohlfslab/abierly2/LongTR/longTR_pipeline_NA19651/NA19651.chr3.vcf.gz	1.692410 seconds
Concatenating /scratch/rohlfslab/abierly2/LongTR/longTR_pipeline_NA19651/NA19651.chr4.vcf.gz	1.645268 seconds
Concatenating /scratch/rohlfslab/abierly2/LongTR/longTR_pipeline_NA19651/NA19651.chr5.vcf.gz	1.535182 seconds
Concatenating /scratch/rohlfslab/abierly2/LongTR/longTR_pipeline_NA19651/NA19651.chr6.vcf.gz	1.479220 seconds
Concatenating /scratch/rohlfslab/abierly2/LongTR/longTR_pipeline_NA19651/NA19651.chr7.vcf.gz	1.419836 seconds
Concatenating /scratch/rohlfslab/abierly2/LongTR/longTR_pipeline_NA19651/NA19651.chr8.vcf.gz	1.225770 seconds
Concatenating /scratch/rohlfslab/abierly2/LongTR/longTR_pipeline_NA19651/NA19651.chr9.vcf.gz	1.021903 seconds
Concatenating /scratch/rohlfslab/abierly2/LongTR/longTR_pipeline_NA19651/NA19651.chrM.vcf.gz	0.000324 seconds
Concatenating /scratch/rohlfslab/abierly2/LongTR/longTR_pipeline_NA19651/NA19651.chrX.vcf.gz	1.278079 seconds
Concatenating /scratch/rohlfslab/abierly2/LongTR/longTR_pipeline_NA19651/NA19651.chrY.vcf.gz	0.000329 seconds
