Checking the headers and starting positions of 25 files
Concatenating /scratch/rohlfslab/abierly2/LongTR/longTR_pipeline_HG04183/HG04183.chr10.vcf.gz	0.858228 seconds
Concatenating /scratch/rohlfslab/abierly2/LongTR/longTR_pipeline_HG04183/HG04183.chr11.vcf.gz	0.817876 seconds
Concatenating /scratch/rohlfslab/abierly2/LongTR/longTR_pipeline_HG04183/HG04183.chr12.vcf.gz	0.866575 seconds
Concatenating /scratch/rohlfslab/abierly2/LongTR/longTR_pipeline_HG04183/HG04183.chr13.vcf.gz	0.573073 seconds
Concatenating /scratch/rohlfslab/abierly2/LongTR/longTR_pipeline_HG04183/HG04183.chr14.vcf.gz	0.557139 seconds
Concatenating /scratch/rohlfslab/abierly2/LongTR/longTR_pipeline_HG04183/HG04183.chr15.vcf.gz	0.534319 seconds
Concatenating /scratch/rohlfslab/abierly2/LongTR/longTR_pipeline_HG04183/HG04183.chr16.vcf.gz	0.529373 seconds
Concatenating /scratch/rohlfslab/abierly2/LongTR/longTR_pipeline_HG04183/HG04183.chr17.vcf.gz	0.578543 seconds
Concatenating /scratch/rohlfslab/abierly2/LongTR/longTR_pipeline_HG04183/HG04183.chr18.vcf.gz	0.412882 seconds
Concatenating /scratch/rohlfslab/abierly2/LongTR/longTR_pipeline_HG04183/HG04183.chr19.vcf.gz	0.447580 seconds
Concatenating /scratch/rohlfslab/abierly2/LongTR/longTR_pipeline_HG04183/HG04183.chr1.vcf.gz	1.516509 seconds
Concatenating /scratch/rohlfslab/abierly2/LongTR/longTR_pipeline_HG04183/HG04183.chr20.vcf.gz	0.348439 seconds
Concatenating /scratch/rohlfslab/abierly2/LongTR/longTR_pipeline_HG04183/HG04183.chr21.vcf.gz	0.203601 seconds
Concatenating /scratch/rohlfslab/abierly2/LongTR/longTR_pipeline_HG04183/HG04183.chr22.vcf.gz	0.247117 seconds
Concatenating /scratch/rohlfslab/abierly2/LongTR/longTR_pipeline_HG04183/HG04183.chr2.vcf.gz	1.513054 seconds
Concatenating /scratch/rohlfslab/abierly2/LongTR/longTR_pipeline_HG04183/HG04183.chr3.vcf.gz	1.194695 seconds
Concatenating /scratch/rohlfslab/abierly2/LongTR/longTR_pipeline_HG04183/HG04183.chr4.vcf.gz	1.126831 seconds
Concatenating /scratch/rohlfslab/abierly2/LongTR/longTR_pipeline_HG04183/HG04183.chr5.vcf.gz	1.093998 seconds
Concatenating /scratch/rohlfslab/abierly2/LongTR/longTR_pipeline_HG04183/HG04183.chr6.vcf.gz	1.071253 seconds
Concatenating /scratch/rohlfslab/abierly2/LongTR/longTR_pipeline_HG04183/HG04183.chr7.vcf.gz	1.006941 seconds
Concatenating /scratch/rohlfslab/abierly2/LongTR/longTR_pipeline_HG04183/HG04183.chr8.vcf.gz	0.857084 seconds
Concatenating /scratch/rohlfslab/abierly2/LongTR/longTR_pipeline_HG04183/HG04183.chr9.vcf.gz	0.737443 seconds
Concatenating /scratch/rohlfslab/abierly2/LongTR/longTR_pipeline_HG04183/HG04183.chrM.vcf.gz	0.000295 seconds
Concatenating /scratch/rohlfslab/abierly2/LongTR/longTR_pipeline_HG04183/HG04183.chrX.vcf.gz	0.865538 seconds
Concatenating /scratch/rohlfslab/abierly2/LongTR/longTR_pipeline_HG04183/HG04183.chrY.vcf.gz	0.000299 seconds
