Checking the headers and starting positions of 25 files
Concatenating /scratch/rohlfslab/abierly2/LongTR/longTR_pipeline_HG04039/HG04039.chr10.vcf.gz	1.248977 seconds
Concatenating /scratch/rohlfslab/abierly2/LongTR/longTR_pipeline_HG04039/HG04039.chr11.vcf.gz	1.186372 seconds
Concatenating /scratch/rohlfslab/abierly2/LongTR/longTR_pipeline_HG04039/HG04039.chr12.vcf.gz	1.257271 seconds
Concatenating /scratch/rohlfslab/abierly2/LongTR/longTR_pipeline_HG04039/HG04039.chr13.vcf.gz	0.867790 seconds
Concatenating /scratch/rohlfslab/abierly2/LongTR/longTR_pipeline_HG04039/HG04039.chr14.vcf.gz	0.825248 seconds
Concatenating /scratch/rohlfslab/abierly2/LongTR/longTR_pipeline_HG04039/HG04039.chr15.vcf.gz	0.769222 seconds
Concatenating /scratch/rohlfslab/abierly2/LongTR/longTR_pipeline_HG04039/HG04039.chr16.vcf.gz	0.806713 seconds
Concatenating /scratch/rohlfslab/abierly2/LongTR/longTR_pipeline_HG04039/HG04039.chr17.vcf.gz	0.835385 seconds
Concatenating /scratch/rohlfslab/abierly2/LongTR/longTR_pipeline_HG04039/HG04039.chr18.vcf.gz	0.628466 seconds
Concatenating /scratch/rohlfslab/abierly2/LongTR/longTR_pipeline_HG04039/HG04039.chr19.vcf.gz	0.696581 seconds
Concatenating /scratch/rohlfslab/abierly2/LongTR/longTR_pipeline_HG04039/HG04039.chr1.vcf.gz	2.226563 seconds
Concatenating /scratch/rohlfslab/abierly2/LongTR/longTR_pipeline_HG04039/HG04039.chr20.vcf.gz	0.520253 seconds
Concatenating /scratch/rohlfslab/abierly2/LongTR/longTR_pipeline_HG04039/HG04039.chr21.vcf.gz	0.303510 seconds
Concatenating /scratch/rohlfslab/abierly2/LongTR/longTR_pipeline_HG04039/HG04039.chr22.vcf.gz	0.366476 seconds
Concatenating /scratch/rohlfslab/abierly2/LongTR/longTR_pipeline_HG04039/HG04039.chr2.vcf.gz	2.215715 seconds
Concatenating /scratch/rohlfslab/abierly2/LongTR/longTR_pipeline_HG04039/HG04039.chr3.vcf.gz	1.770192 seconds
Concatenating /scratch/rohlfslab/abierly2/LongTR/longTR_pipeline_HG04039/HG04039.chr4.vcf.gz	1.696087 seconds
Concatenating /scratch/rohlfslab/abierly2/LongTR/longTR_pipeline_HG04039/HG04039.chr5.vcf.gz	1.608317 seconds
Concatenating /scratch/rohlfslab/abierly2/LongTR/longTR_pipeline_HG04039/HG04039.chr6.vcf.gz	1.553131 seconds
Concatenating /scratch/rohlfslab/abierly2/LongTR/longTR_pipeline_HG04039/HG04039.chr7.vcf.gz	1.492027 seconds
Concatenating /scratch/rohlfslab/abierly2/LongTR/longTR_pipeline_HG04039/HG04039.chr8.vcf.gz	1.293645 seconds
Concatenating /scratch/rohlfslab/abierly2/LongTR/longTR_pipeline_HG04039/HG04039.chr9.vcf.gz	1.099358 seconds
Concatenating /scratch/rohlfslab/abierly2/LongTR/longTR_pipeline_HG04039/HG04039.chrM.vcf.gz	0.000341 seconds
Concatenating /scratch/rohlfslab/abierly2/LongTR/longTR_pipeline_HG04039/HG04039.chrX.vcf.gz	1.041582 seconds
Concatenating /scratch/rohlfslab/abierly2/LongTR/longTR_pipeline_HG04039/HG04039.chrY.vcf.gz	0.054442 seconds
