Checking the headers and starting positions of 25 files
Concatenating /scratch/rohlfslab/abierly2/LongTR/longTR_pipeline_HG00692/HG00692.chr10.vcf.gz	1.217787 seconds
Concatenating /scratch/rohlfslab/abierly2/LongTR/longTR_pipeline_HG00692/HG00692.chr11.vcf.gz	1.155256 seconds
Concatenating /scratch/rohlfslab/abierly2/LongTR/longTR_pipeline_HG00692/HG00692.chr12.vcf.gz	1.231433 seconds
Concatenating /scratch/rohlfslab/abierly2/LongTR/longTR_pipeline_HG00692/HG00692.chr13.vcf.gz	0.847974 seconds
Concatenating /scratch/rohlfslab/abierly2/LongTR/longTR_pipeline_HG00692/HG00692.chr14.vcf.gz	0.803681 seconds
Concatenating /scratch/rohlfslab/abierly2/LongTR/longTR_pipeline_HG00692/HG00692.chr15.vcf.gz	0.749635 seconds
Concatenating /scratch/rohlfslab/abierly2/LongTR/longTR_pipeline_HG00692/HG00692.chr16.vcf.gz	0.783010 seconds
Concatenating /scratch/rohlfslab/abierly2/LongTR/longTR_pipeline_HG00692/HG00692.chr17.vcf.gz	0.818440 seconds
Concatenating /scratch/rohlfslab/abierly2/LongTR/longTR_pipeline_HG00692/HG00692.chr18.vcf.gz	0.611797 seconds
Concatenating /scratch/rohlfslab/abierly2/LongTR/longTR_pipeline_HG00692/HG00692.chr19.vcf.gz	0.674584 seconds
Concatenating /scratch/rohlfslab/abierly2/LongTR/longTR_pipeline_HG00692/HG00692.chr1.vcf.gz	2.174311 seconds
Concatenating /scratch/rohlfslab/abierly2/LongTR/longTR_pipeline_HG00692/HG00692.chr20.vcf.gz	0.511025 seconds
Concatenating /scratch/rohlfslab/abierly2/LongTR/longTR_pipeline_HG00692/HG00692.chr21.vcf.gz	0.293649 seconds
Concatenating /scratch/rohlfslab/abierly2/LongTR/longTR_pipeline_HG00692/HG00692.chr22.vcf.gz	0.356599 seconds
Concatenating /scratch/rohlfslab/abierly2/LongTR/longTR_pipeline_HG00692/HG00692.chr2.vcf.gz	2.175232 seconds
Concatenating /scratch/rohlfslab/abierly2/LongTR/longTR_pipeline_HG00692/HG00692.chr3.vcf.gz	1.726596 seconds
Concatenating /scratch/rohlfslab/abierly2/LongTR/longTR_pipeline_HG00692/HG00692.chr4.vcf.gz	1.657950 seconds
Concatenating /scratch/rohlfslab/abierly2/LongTR/longTR_pipeline_HG00692/HG00692.chr5.vcf.gz	1.571093 seconds
Concatenating /scratch/rohlfslab/abierly2/LongTR/longTR_pipeline_HG00692/HG00692.chr6.vcf.gz	1.512297 seconds
Concatenating /scratch/rohlfslab/abierly2/LongTR/longTR_pipeline_HG00692/HG00692.chr7.vcf.gz	1.456573 seconds
Concatenating /scratch/rohlfslab/abierly2/LongTR/longTR_pipeline_HG00692/HG00692.chr8.vcf.gz	1.259029 seconds
Concatenating /scratch/rohlfslab/abierly2/LongTR/longTR_pipeline_HG00692/HG00692.chr9.vcf.gz	1.064365 seconds
Concatenating /scratch/rohlfslab/abierly2/LongTR/longTR_pipeline_HG00692/HG00692.chrM.vcf.gz	0.000311 seconds
Concatenating /scratch/rohlfslab/abierly2/LongTR/longTR_pipeline_HG00692/HG00692.chrX.vcf.gz	0.639239 seconds
Concatenating /scratch/rohlfslab/abierly2/LongTR/longTR_pipeline_HG00692/HG00692.chrY.vcf.gz	0.031521 seconds
