Checking the headers and starting positions of 25 files
Concatenating /scratch/rohlfslab/abierly2/LongTR/longTR_pipeline_HG01779/HG01779.chr10.vcf.gz	1.213223 seconds
Concatenating /scratch/rohlfslab/abierly2/LongTR/longTR_pipeline_HG01779/HG01779.chr11.vcf.gz	1.158681 seconds
Concatenating /scratch/rohlfslab/abierly2/LongTR/longTR_pipeline_HG01779/HG01779.chr12.vcf.gz	1.224893 seconds
Concatenating /scratch/rohlfslab/abierly2/LongTR/longTR_pipeline_HG01779/HG01779.chr13.vcf.gz	0.847136 seconds
Concatenating /scratch/rohlfslab/abierly2/LongTR/longTR_pipeline_HG01779/HG01779.chr14.vcf.gz	0.796002 seconds
Concatenating /scratch/rohlfslab/abierly2/LongTR/longTR_pipeline_HG01779/HG01779.chr15.vcf.gz	0.751784 seconds
Concatenating /scratch/rohlfslab/abierly2/LongTR/longTR_pipeline_HG01779/HG01779.chr16.vcf.gz	0.787513 seconds
Concatenating /scratch/rohlfslab/abierly2/LongTR/longTR_pipeline_HG01779/HG01779.chr17.vcf.gz	0.824985 seconds
Concatenating /scratch/rohlfslab/abierly2/LongTR/longTR_pipeline_HG01779/HG01779.chr18.vcf.gz	0.610034 seconds
Concatenating /scratch/rohlfslab/abierly2/LongTR/longTR_pipeline_HG01779/HG01779.chr19.vcf.gz	0.677361 seconds
Concatenating /scratch/rohlfslab/abierly2/LongTR/longTR_pipeline_HG01779/HG01779.chr1.vcf.gz	2.152909 seconds
Concatenating /scratch/rohlfslab/abierly2/LongTR/longTR_pipeline_HG01779/HG01779.chr20.vcf.gz	0.512580 seconds
Concatenating /scratch/rohlfslab/abierly2/LongTR/longTR_pipeline_HG01779/HG01779.chr21.vcf.gz	0.293976 seconds
Concatenating /scratch/rohlfslab/abierly2/LongTR/longTR_pipeline_HG01779/HG01779.chr22.vcf.gz	0.357244 seconds
Concatenating /scratch/rohlfslab/abierly2/LongTR/longTR_pipeline_HG01779/HG01779.chr2.vcf.gz	2.160605 seconds
Concatenating /scratch/rohlfslab/abierly2/LongTR/longTR_pipeline_HG01779/HG01779.chr3.vcf.gz	1.725216 seconds
Concatenating /scratch/rohlfslab/abierly2/LongTR/longTR_pipeline_HG01779/HG01779.chr4.vcf.gz	1.653681 seconds
Concatenating /scratch/rohlfslab/abierly2/LongTR/longTR_pipeline_HG01779/HG01779.chr5.vcf.gz	1.563424 seconds
Concatenating /scratch/rohlfslab/abierly2/LongTR/longTR_pipeline_HG01779/HG01779.chr6.vcf.gz	1.500429 seconds
Concatenating /scratch/rohlfslab/abierly2/LongTR/longTR_pipeline_HG01779/HG01779.chr7.vcf.gz	1.449346 seconds
Concatenating /scratch/rohlfslab/abierly2/LongTR/longTR_pipeline_HG01779/HG01779.chr8.vcf.gz	1.253043 seconds
Concatenating /scratch/rohlfslab/abierly2/LongTR/longTR_pipeline_HG01779/HG01779.chr9.vcf.gz	1.064382 seconds
Concatenating /scratch/rohlfslab/abierly2/LongTR/longTR_pipeline_HG01779/HG01779.chrM.vcf.gz	0.000344 seconds
Concatenating /scratch/rohlfslab/abierly2/LongTR/longTR_pipeline_HG01779/HG01779.chrX.vcf.gz	1.345636 seconds
Concatenating /scratch/rohlfslab/abierly2/LongTR/longTR_pipeline_HG01779/HG01779.chrY.vcf.gz	0.000331 seconds
