Checking the headers and starting positions of 25 files
Concatenating /scratch/rohlfslab/abierly2/LongTR/longTR_pipeline_HG00736/HG00736.chr10.vcf.gz	1.242736 seconds
Concatenating /scratch/rohlfslab/abierly2/LongTR/longTR_pipeline_HG00736/HG00736.chr11.vcf.gz	1.179957 seconds
Concatenating /scratch/rohlfslab/abierly2/LongTR/longTR_pipeline_HG00736/HG00736.chr12.vcf.gz	1.253219 seconds
Concatenating /scratch/rohlfslab/abierly2/LongTR/longTR_pipeline_HG00736/HG00736.chr13.vcf.gz	0.865043 seconds
Concatenating /scratch/rohlfslab/abierly2/LongTR/longTR_pipeline_HG00736/HG00736.chr14.vcf.gz	0.818916 seconds
Concatenating /scratch/rohlfslab/abierly2/LongTR/longTR_pipeline_HG00736/HG00736.chr15.vcf.gz	0.771851 seconds
Concatenating /scratch/rohlfslab/abierly2/LongTR/longTR_pipeline_HG00736/HG00736.chr16.vcf.gz	0.812805 seconds
Concatenating /scratch/rohlfslab/abierly2/LongTR/longTR_pipeline_HG00736/HG00736.chr17.vcf.gz	0.839349 seconds
Concatenating /scratch/rohlfslab/abierly2/LongTR/longTR_pipeline_HG00736/HG00736.chr18.vcf.gz	0.621535 seconds
Concatenating /scratch/rohlfslab/abierly2/LongTR/longTR_pipeline_HG00736/HG00736.chr19.vcf.gz	0.694987 seconds
Concatenating /scratch/rohlfslab/abierly2/LongTR/longTR_pipeline_HG00736/HG00736.chr1.vcf.gz	2.213104 seconds
Concatenating /scratch/rohlfslab/abierly2/LongTR/longTR_pipeline_HG00736/HG00736.chr20.vcf.gz	0.519778 seconds
Concatenating /scratch/rohlfslab/abierly2/LongTR/longTR_pipeline_HG00736/HG00736.chr21.vcf.gz	0.301203 seconds
Concatenating /scratch/rohlfslab/abierly2/LongTR/longTR_pipeline_HG00736/HG00736.chr22.vcf.gz	0.365513 seconds
Concatenating /scratch/rohlfslab/abierly2/LongTR/longTR_pipeline_HG00736/HG00736.chr2.vcf.gz	2.209607 seconds
Concatenating /scratch/rohlfslab/abierly2/LongTR/longTR_pipeline_HG00736/HG00736.chr3.vcf.gz	1.782989 seconds
Concatenating /scratch/rohlfslab/abierly2/LongTR/longTR_pipeline_HG00736/HG00736.chr4.vcf.gz	1.707180 seconds
Concatenating /scratch/rohlfslab/abierly2/LongTR/longTR_pipeline_HG00736/HG00736.chr5.vcf.gz	1.598352 seconds
Concatenating /scratch/rohlfslab/abierly2/LongTR/longTR_pipeline_HG00736/HG00736.chr6.vcf.gz	1.540471 seconds
Concatenating /scratch/rohlfslab/abierly2/LongTR/longTR_pipeline_HG00736/HG00736.chr7.vcf.gz	1.491397 seconds
Concatenating /scratch/rohlfslab/abierly2/LongTR/longTR_pipeline_HG00736/HG00736.chr8.vcf.gz	1.286929 seconds
Concatenating /scratch/rohlfslab/abierly2/LongTR/longTR_pipeline_HG00736/HG00736.chr9.vcf.gz	1.089082 seconds
Concatenating /scratch/rohlfslab/abierly2/LongTR/longTR_pipeline_HG00736/HG00736.chrM.vcf.gz	0.000283 seconds
Concatenating /scratch/rohlfslab/abierly2/LongTR/longTR_pipeline_HG00736/HG00736.chrX.vcf.gz	1.108780 seconds
Concatenating /scratch/rohlfslab/abierly2/LongTR/longTR_pipeline_HG00736/HG00736.chrY.vcf.gz	0.059745 seconds
