Checking the headers and starting positions of 25 files
Concatenating /scratch/rohlfslab/abierly2/LongTR/longTR_pipeline_HG01259/HG01259.chr10.vcf.gz	1.248092 seconds
Concatenating /scratch/rohlfslab/abierly2/LongTR/longTR_pipeline_HG01259/HG01259.chr11.vcf.gz	1.188497 seconds
Concatenating /scratch/rohlfslab/abierly2/LongTR/longTR_pipeline_HG01259/HG01259.chr12.vcf.gz	1.261478 seconds
Concatenating /scratch/rohlfslab/abierly2/LongTR/longTR_pipeline_HG01259/HG01259.chr13.vcf.gz	0.869573 seconds
Concatenating /scratch/rohlfslab/abierly2/LongTR/longTR_pipeline_HG01259/HG01259.chr14.vcf.gz	0.823067 seconds
Concatenating /scratch/rohlfslab/abierly2/LongTR/longTR_pipeline_HG01259/HG01259.chr15.vcf.gz	0.776451 seconds
Concatenating /scratch/rohlfslab/abierly2/LongTR/longTR_pipeline_HG01259/HG01259.chr16.vcf.gz	0.813343 seconds
Concatenating /scratch/rohlfslab/abierly2/LongTR/longTR_pipeline_HG01259/HG01259.chr17.vcf.gz	0.839031 seconds
Concatenating /scratch/rohlfslab/abierly2/LongTR/longTR_pipeline_HG01259/HG01259.chr18.vcf.gz	0.626012 seconds
Concatenating /scratch/rohlfslab/abierly2/LongTR/longTR_pipeline_HG01259/HG01259.chr19.vcf.gz	0.691520 seconds
Concatenating /scratch/rohlfslab/abierly2/LongTR/longTR_pipeline_HG01259/HG01259.chr1.vcf.gz	2.229054 seconds
Concatenating /scratch/rohlfslab/abierly2/LongTR/longTR_pipeline_HG01259/HG01259.chr20.vcf.gz	0.522516 seconds
Concatenating /scratch/rohlfslab/abierly2/LongTR/longTR_pipeline_HG01259/HG01259.chr21.vcf.gz	0.301204 seconds
Concatenating /scratch/rohlfslab/abierly2/LongTR/longTR_pipeline_HG01259/HG01259.chr22.vcf.gz	0.367912 seconds
Concatenating /scratch/rohlfslab/abierly2/LongTR/longTR_pipeline_HG01259/HG01259.chr2.vcf.gz	2.221231 seconds
Concatenating /scratch/rohlfslab/abierly2/LongTR/longTR_pipeline_HG01259/HG01259.chr3.vcf.gz	1.801022 seconds
Concatenating /scratch/rohlfslab/abierly2/LongTR/longTR_pipeline_HG01259/HG01259.chr4.vcf.gz	1.708458 seconds
Concatenating /scratch/rohlfslab/abierly2/LongTR/longTR_pipeline_HG01259/HG01259.chr5.vcf.gz	1.608795 seconds
Concatenating /scratch/rohlfslab/abierly2/LongTR/longTR_pipeline_HG01259/HG01259.chr6.vcf.gz	1.553193 seconds
Concatenating /scratch/rohlfslab/abierly2/LongTR/longTR_pipeline_HG01259/HG01259.chr7.vcf.gz	1.490492 seconds
Concatenating /scratch/rohlfslab/abierly2/LongTR/longTR_pipeline_HG01259/HG01259.chr8.vcf.gz	1.287936 seconds
Concatenating /scratch/rohlfslab/abierly2/LongTR/longTR_pipeline_HG01259/HG01259.chr9.vcf.gz	1.092884 seconds
Concatenating /scratch/rohlfslab/abierly2/LongTR/longTR_pipeline_HG01259/HG01259.chrM.vcf.gz	0.000396 seconds
Concatenating /scratch/rohlfslab/abierly2/LongTR/longTR_pipeline_HG01259/HG01259.chrX.vcf.gz	0.990745 seconds
Concatenating /scratch/rohlfslab/abierly2/LongTR/longTR_pipeline_HG01259/HG01259.chrY.vcf.gz	0.053969 seconds
