Checking the headers and starting positions of 25 files
Concatenating /scratch/rohlfslab/abierly2/LongTR/longTR_pipeline_HG03882/HG03882.chr10.vcf.gz	1.268307 seconds
Concatenating /scratch/rohlfslab/abierly2/LongTR/longTR_pipeline_HG03882/HG03882.chr11.vcf.gz	1.210559 seconds
Concatenating /scratch/rohlfslab/abierly2/LongTR/longTR_pipeline_HG03882/HG03882.chr12.vcf.gz	1.282449 seconds
Concatenating /scratch/rohlfslab/abierly2/LongTR/longTR_pipeline_HG03882/HG03882.chr13.vcf.gz	0.883531 seconds
Concatenating /scratch/rohlfslab/abierly2/LongTR/longTR_pipeline_HG03882/HG03882.chr14.vcf.gz	0.840161 seconds
Concatenating /scratch/rohlfslab/abierly2/LongTR/longTR_pipeline_HG03882/HG03882.chr15.vcf.gz	0.783512 seconds
Concatenating /scratch/rohlfslab/abierly2/LongTR/longTR_pipeline_HG03882/HG03882.chr16.vcf.gz	0.823192 seconds
Concatenating /scratch/rohlfslab/abierly2/LongTR/longTR_pipeline_HG03882/HG03882.chr17.vcf.gz	0.860217 seconds
Concatenating /scratch/rohlfslab/abierly2/LongTR/longTR_pipeline_HG03882/HG03882.chr18.vcf.gz	0.642843 seconds
Concatenating /scratch/rohlfslab/abierly2/LongTR/longTR_pipeline_HG03882/HG03882.chr19.vcf.gz	0.707579 seconds
Concatenating /scratch/rohlfslab/abierly2/LongTR/longTR_pipeline_HG03882/HG03882.chr1.vcf.gz	2.258850 seconds
Concatenating /scratch/rohlfslab/abierly2/LongTR/longTR_pipeline_HG03882/HG03882.chr20.vcf.gz	0.533191 seconds
Concatenating /scratch/rohlfslab/abierly2/LongTR/longTR_pipeline_HG03882/HG03882.chr21.vcf.gz	0.309576 seconds
Concatenating /scratch/rohlfslab/abierly2/LongTR/longTR_pipeline_HG03882/HG03882.chr22.vcf.gz	0.375683 seconds
Concatenating /scratch/rohlfslab/abierly2/LongTR/longTR_pipeline_HG03882/HG03882.chr2.vcf.gz	2.292621 seconds
Concatenating /scratch/rohlfslab/abierly2/LongTR/longTR_pipeline_HG03882/HG03882.chr3.vcf.gz	1.803186 seconds
Concatenating /scratch/rohlfslab/abierly2/LongTR/longTR_pipeline_HG03882/HG03882.chr4.vcf.gz	1.727149 seconds
Concatenating /scratch/rohlfslab/abierly2/LongTR/longTR_pipeline_HG03882/HG03882.chr5.vcf.gz	1.623998 seconds
Concatenating /scratch/rohlfslab/abierly2/LongTR/longTR_pipeline_HG03882/HG03882.chr6.vcf.gz	1.568072 seconds
Concatenating /scratch/rohlfslab/abierly2/LongTR/longTR_pipeline_HG03882/HG03882.chr7.vcf.gz	1.517699 seconds
Concatenating /scratch/rohlfslab/abierly2/LongTR/longTR_pipeline_HG03882/HG03882.chr8.vcf.gz	1.324590 seconds
Concatenating /scratch/rohlfslab/abierly2/LongTR/longTR_pipeline_HG03882/HG03882.chr9.vcf.gz	1.112019 seconds
Concatenating /scratch/rohlfslab/abierly2/LongTR/longTR_pipeline_HG03882/HG03882.chrM.vcf.gz	0.000429 seconds
Concatenating /scratch/rohlfslab/abierly2/LongTR/longTR_pipeline_HG03882/HG03882.chrX.vcf.gz	1.369243 seconds
Concatenating /scratch/rohlfslab/abierly2/LongTR/longTR_pipeline_HG03882/HG03882.chrY.vcf.gz	0.000483 seconds
