Checking the headers and starting positions of 25 files
Concatenating /scratch/rohlfslab/abierly2/LongTR/longTR_pipeline_NA20505/NA20505.chr10.vcf.gz	0.460263 seconds
Concatenating /scratch/rohlfslab/abierly2/LongTR/longTR_pipeline_NA20505/NA20505.chr11.vcf.gz	0.442917 seconds
Concatenating /scratch/rohlfslab/abierly2/LongTR/longTR_pipeline_NA20505/NA20505.chr12.vcf.gz	0.469138 seconds
Concatenating /scratch/rohlfslab/abierly2/LongTR/longTR_pipeline_NA20505/NA20505.chr13.vcf.gz	0.307747 seconds
Concatenating /scratch/rohlfslab/abierly2/LongTR/longTR_pipeline_NA20505/NA20505.chr14.vcf.gz	0.303085 seconds
Concatenating /scratch/rohlfslab/abierly2/LongTR/longTR_pipeline_NA20505/NA20505.chr15.vcf.gz	0.284085 seconds
Concatenating /scratch/rohlfslab/abierly2/LongTR/longTR_pipeline_NA20505/NA20505.chr16.vcf.gz	0.289899 seconds
Concatenating /scratch/rohlfslab/abierly2/LongTR/longTR_pipeline_NA20505/NA20505.chr17.vcf.gz	0.318793 seconds
Concatenating /scratch/rohlfslab/abierly2/LongTR/longTR_pipeline_NA20505/NA20505.chr18.vcf.gz	0.219337 seconds
Concatenating /scratch/rohlfslab/abierly2/LongTR/longTR_pipeline_NA20505/NA20505.chr19.vcf.gz	0.262965 seconds
Concatenating /scratch/rohlfslab/abierly2/LongTR/longTR_pipeline_NA20505/NA20505.chr1.vcf.gz	0.822987 seconds
Concatenating /scratch/rohlfslab/abierly2/LongTR/longTR_pipeline_NA20505/NA20505.chr20.vcf.gz	0.196702 seconds
Concatenating /scratch/rohlfslab/abierly2/LongTR/longTR_pipeline_NA20505/NA20505.chr21.vcf.gz	0.110652 seconds
Concatenating /scratch/rohlfslab/abierly2/LongTR/longTR_pipeline_NA20505/NA20505.chr22.vcf.gz	0.139107 seconds
Concatenating /scratch/rohlfslab/abierly2/LongTR/longTR_pipeline_NA20505/NA20505.chr2.vcf.gz	0.818028 seconds
Concatenating /scratch/rohlfslab/abierly2/LongTR/longTR_pipeline_NA20505/NA20505.chr3.vcf.gz	0.648484 seconds
Concatenating /scratch/rohlfslab/abierly2/LongTR/longTR_pipeline_NA20505/NA20505.chr4.vcf.gz	0.590198 seconds
Concatenating /scratch/rohlfslab/abierly2/LongTR/longTR_pipeline_NA20505/NA20505.chr5.vcf.gz	0.584947 seconds
Concatenating /scratch/rohlfslab/abierly2/LongTR/longTR_pipeline_NA20505/NA20505.chr6.vcf.gz	0.558521 seconds
Concatenating /scratch/rohlfslab/abierly2/LongTR/longTR_pipeline_NA20505/NA20505.chr7.vcf.gz	0.537065 seconds
Concatenating /scratch/rohlfslab/abierly2/LongTR/longTR_pipeline_NA20505/NA20505.chr8.vcf.gz	0.462250 seconds
Concatenating /scratch/rohlfslab/abierly2/LongTR/longTR_pipeline_NA20505/NA20505.chr9.vcf.gz	0.401258 seconds
Concatenating /scratch/rohlfslab/abierly2/LongTR/longTR_pipeline_NA20505/NA20505.chrM.vcf.gz	0.000329 seconds
Concatenating /scratch/rohlfslab/abierly2/LongTR/longTR_pipeline_NA20505/NA20505.chrX.vcf.gz	0.457261 seconds
Concatenating /scratch/rohlfslab/abierly2/LongTR/longTR_pipeline_NA20505/NA20505.chrY.vcf.gz	0.000302 seconds
