Checking the headers and starting positions of 25 files
Concatenating /scratch/rohlfslab/abierly2/LongTR/longTR_pipeline_NA12890/NA12890.chr10.vcf.gz	1.239398 seconds
Concatenating /scratch/rohlfslab/abierly2/LongTR/longTR_pipeline_NA12890/NA12890.chr11.vcf.gz	1.181295 seconds
Concatenating /scratch/rohlfslab/abierly2/LongTR/longTR_pipeline_NA12890/NA12890.chr12.vcf.gz	1.246016 seconds
Concatenating /scratch/rohlfslab/abierly2/LongTR/longTR_pipeline_NA12890/NA12890.chr13.vcf.gz	0.865733 seconds
Concatenating /scratch/rohlfslab/abierly2/LongTR/longTR_pipeline_NA12890/NA12890.chr14.vcf.gz	0.819586 seconds
Concatenating /scratch/rohlfslab/abierly2/LongTR/longTR_pipeline_NA12890/NA12890.chr15.vcf.gz	0.768927 seconds
Concatenating /scratch/rohlfslab/abierly2/LongTR/longTR_pipeline_NA12890/NA12890.chr16.vcf.gz	0.811788 seconds
Concatenating /scratch/rohlfslab/abierly2/LongTR/longTR_pipeline_NA12890/NA12890.chr17.vcf.gz	0.843732 seconds
Concatenating /scratch/rohlfslab/abierly2/LongTR/longTR_pipeline_NA12890/NA12890.chr18.vcf.gz	0.630814 seconds
Concatenating /scratch/rohlfslab/abierly2/LongTR/longTR_pipeline_NA12890/NA12890.chr19.vcf.gz	0.695432 seconds
Concatenating /scratch/rohlfslab/abierly2/LongTR/longTR_pipeline_NA12890/NA12890.chr1.vcf.gz	2.202882 seconds
Concatenating /scratch/rohlfslab/abierly2/LongTR/longTR_pipeline_NA12890/NA12890.chr20.vcf.gz	0.526966 seconds
Concatenating /scratch/rohlfslab/abierly2/LongTR/longTR_pipeline_NA12890/NA12890.chr21.vcf.gz	0.309957 seconds
Concatenating /scratch/rohlfslab/abierly2/LongTR/longTR_pipeline_NA12890/NA12890.chr22.vcf.gz	0.367140 seconds
Concatenating /scratch/rohlfslab/abierly2/LongTR/longTR_pipeline_NA12890/NA12890.chr2.vcf.gz	2.201027 seconds
Concatenating /scratch/rohlfslab/abierly2/LongTR/longTR_pipeline_NA12890/NA12890.chr3.vcf.gz	1.759693 seconds
Concatenating /scratch/rohlfslab/abierly2/LongTR/longTR_pipeline_NA12890/NA12890.chr4.vcf.gz	1.706235 seconds
Concatenating /scratch/rohlfslab/abierly2/LongTR/longTR_pipeline_NA12890/NA12890.chr5.vcf.gz	1.624471 seconds
Concatenating /scratch/rohlfslab/abierly2/LongTR/longTR_pipeline_NA12890/NA12890.chr6.vcf.gz	1.573202 seconds
Concatenating /scratch/rohlfslab/abierly2/LongTR/longTR_pipeline_NA12890/NA12890.chr7.vcf.gz	1.489766 seconds
Concatenating /scratch/rohlfslab/abierly2/LongTR/longTR_pipeline_NA12890/NA12890.chr8.vcf.gz	1.302301 seconds
Concatenating /scratch/rohlfslab/abierly2/LongTR/longTR_pipeline_NA12890/NA12890.chr9.vcf.gz	1.106709 seconds
Concatenating /scratch/rohlfslab/abierly2/LongTR/longTR_pipeline_NA12890/NA12890.chrM.vcf.gz	0.000512 seconds
Concatenating /scratch/rohlfslab/abierly2/LongTR/longTR_pipeline_NA12890/NA12890.chrX.vcf.gz	1.355738 seconds
Concatenating /scratch/rohlfslab/abierly2/LongTR/longTR_pipeline_NA12890/NA12890.chrY.vcf.gz	0.000493 seconds
