Checking the headers and starting positions of 25 files
Concatenating /scratch/rohlfslab/abierly2/LongTR/longTR_pipeline_HG02727/HG02727.chr10.vcf.gz	1.088358 seconds
Concatenating /scratch/rohlfslab/abierly2/LongTR/longTR_pipeline_HG02727/HG02727.chr11.vcf.gz	1.055025 seconds
Concatenating /scratch/rohlfslab/abierly2/LongTR/longTR_pipeline_HG02727/HG02727.chr12.vcf.gz	1.109227 seconds
Concatenating /scratch/rohlfslab/abierly2/LongTR/longTR_pipeline_HG02727/HG02727.chr13.vcf.gz	0.739459 seconds
Concatenating /scratch/rohlfslab/abierly2/LongTR/longTR_pipeline_HG02727/HG02727.chr14.vcf.gz	0.721526 seconds
Concatenating /scratch/rohlfslab/abierly2/LongTR/longTR_pipeline_HG02727/HG02727.chr15.vcf.gz	0.701061 seconds
Concatenating /scratch/rohlfslab/abierly2/LongTR/longTR_pipeline_HG02727/HG02727.chr16.vcf.gz	0.720208 seconds
Concatenating /scratch/rohlfslab/abierly2/LongTR/longTR_pipeline_HG02727/HG02727.chr17.vcf.gz	0.753297 seconds
Concatenating /scratch/rohlfslab/abierly2/LongTR/longTR_pipeline_HG02727/HG02727.chr18.vcf.gz	0.539187 seconds
Concatenating /scratch/rohlfslab/abierly2/LongTR/longTR_pipeline_HG02727/HG02727.chr19.vcf.gz	0.631822 seconds
Concatenating /scratch/rohlfslab/abierly2/LongTR/longTR_pipeline_HG02727/HG02727.chr1.vcf.gz	1.956036 seconds
Concatenating /scratch/rohlfslab/abierly2/LongTR/longTR_pipeline_HG02727/HG02727.chr20.vcf.gz	0.472579 seconds
Concatenating /scratch/rohlfslab/abierly2/LongTR/longTR_pipeline_HG02727/HG02727.chr21.vcf.gz	0.266893 seconds
Concatenating /scratch/rohlfslab/abierly2/LongTR/longTR_pipeline_HG02727/HG02727.chr22.vcf.gz	0.335222 seconds
Concatenating /scratch/rohlfslab/abierly2/LongTR/longTR_pipeline_HG02727/HG02727.chr2.vcf.gz	1.935414 seconds
Concatenating /scratch/rohlfslab/abierly2/LongTR/longTR_pipeline_HG02727/HG02727.chr3.vcf.gz	1.546525 seconds
Concatenating /scratch/rohlfslab/abierly2/LongTR/longTR_pipeline_HG02727/HG02727.chr4.vcf.gz	1.449146 seconds
Concatenating /scratch/rohlfslab/abierly2/LongTR/longTR_pipeline_HG02727/HG02727.chr5.vcf.gz	1.394986 seconds
Concatenating /scratch/rohlfslab/abierly2/LongTR/longTR_pipeline_HG02727/HG02727.chr6.vcf.gz	1.347071 seconds
Concatenating /scratch/rohlfslab/abierly2/LongTR/longTR_pipeline_HG02727/HG02727.chr7.vcf.gz	1.307281 seconds
Concatenating /scratch/rohlfslab/abierly2/LongTR/longTR_pipeline_HG02727/HG02727.chr8.vcf.gz	1.132258 seconds
Concatenating /scratch/rohlfslab/abierly2/LongTR/longTR_pipeline_HG02727/HG02727.chr9.vcf.gz	0.968798 seconds
Concatenating /scratch/rohlfslab/abierly2/LongTR/longTR_pipeline_HG02727/HG02727.chrM.vcf.gz	0.000466 seconds
Concatenating /scratch/rohlfslab/abierly2/LongTR/longTR_pipeline_HG02727/HG02727.chrX.vcf.gz	0.261714 seconds
Concatenating /scratch/rohlfslab/abierly2/LongTR/longTR_pipeline_HG02727/HG02727.chrY.vcf.gz	0.010879 seconds
