Checking the headers and starting positions of 25 files
Concatenating /scratch/rohlfslab/abierly2/LongTR/longTR_pipeline_HG04070/HG04070.chr10.vcf.gz	0.970809 seconds
Concatenating /scratch/rohlfslab/abierly2/LongTR/longTR_pipeline_HG04070/HG04070.chr11.vcf.gz	0.930754 seconds
Concatenating /scratch/rohlfslab/abierly2/LongTR/longTR_pipeline_HG04070/HG04070.chr12.vcf.gz	0.978670 seconds
Concatenating /scratch/rohlfslab/abierly2/LongTR/longTR_pipeline_HG04070/HG04070.chr13.vcf.gz	0.662849 seconds
Concatenating /scratch/rohlfslab/abierly2/LongTR/longTR_pipeline_HG04070/HG04070.chr14.vcf.gz	0.641570 seconds
Concatenating /scratch/rohlfslab/abierly2/LongTR/longTR_pipeline_HG04070/HG04070.chr15.vcf.gz	0.598542 seconds
Concatenating /scratch/rohlfslab/abierly2/LongTR/longTR_pipeline_HG04070/HG04070.chr16.vcf.gz	0.617023 seconds
Concatenating /scratch/rohlfslab/abierly2/LongTR/longTR_pipeline_HG04070/HG04070.chr17.vcf.gz	0.661079 seconds
Concatenating /scratch/rohlfslab/abierly2/LongTR/longTR_pipeline_HG04070/HG04070.chr18.vcf.gz	0.478302 seconds
Concatenating /scratch/rohlfslab/abierly2/LongTR/longTR_pipeline_HG04070/HG04070.chr19.vcf.gz	0.536317 seconds
Concatenating /scratch/rohlfslab/abierly2/LongTR/longTR_pipeline_HG04070/HG04070.chr1.vcf.gz	1.735425 seconds
Concatenating /scratch/rohlfslab/abierly2/LongTR/longTR_pipeline_HG04070/HG04070.chr20.vcf.gz	0.412045 seconds
Concatenating /scratch/rohlfslab/abierly2/LongTR/longTR_pipeline_HG04070/HG04070.chr21.vcf.gz	0.235214 seconds
Concatenating /scratch/rohlfslab/abierly2/LongTR/longTR_pipeline_HG04070/HG04070.chr22.vcf.gz	0.287033 seconds
Concatenating /scratch/rohlfslab/abierly2/LongTR/longTR_pipeline_HG04070/HG04070.chr2.vcf.gz	1.726439 seconds
Concatenating /scratch/rohlfslab/abierly2/LongTR/longTR_pipeline_HG04070/HG04070.chr3.vcf.gz	1.389260 seconds
Concatenating /scratch/rohlfslab/abierly2/LongTR/longTR_pipeline_HG04070/HG04070.chr4.vcf.gz	1.297480 seconds
Concatenating /scratch/rohlfslab/abierly2/LongTR/longTR_pipeline_HG04070/HG04070.chr5.vcf.gz	1.240902 seconds
Concatenating /scratch/rohlfslab/abierly2/LongTR/longTR_pipeline_HG04070/HG04070.chr6.vcf.gz	1.217818 seconds
Concatenating /scratch/rohlfslab/abierly2/LongTR/longTR_pipeline_HG04070/HG04070.chr7.vcf.gz	1.150540 seconds
Concatenating /scratch/rohlfslab/abierly2/LongTR/longTR_pipeline_HG04070/HG04070.chr8.vcf.gz	0.984031 seconds
Concatenating /scratch/rohlfslab/abierly2/LongTR/longTR_pipeline_HG04070/HG04070.chr9.vcf.gz	0.856981 seconds
Concatenating /scratch/rohlfslab/abierly2/LongTR/longTR_pipeline_HG04070/HG04070.chrM.vcf.gz	0.000311 seconds
Concatenating /scratch/rohlfslab/abierly2/LongTR/longTR_pipeline_HG04070/HG04070.chrX.vcf.gz	1.014932 seconds
Concatenating /scratch/rohlfslab/abierly2/LongTR/longTR_pipeline_HG04070/HG04070.chrY.vcf.gz	0.000323 seconds
