Checking the headers and starting positions of 25 files
Concatenating /scratch/rohlfslab/abierly2/LongTR/longTR_pipeline_NA20525/NA20525.chr10.vcf.gz	1.086386 seconds
Concatenating /scratch/rohlfslab/abierly2/LongTR/longTR_pipeline_NA20525/NA20525.chr11.vcf.gz	1.021827 seconds
Concatenating /scratch/rohlfslab/abierly2/LongTR/longTR_pipeline_NA20525/NA20525.chr12.vcf.gz	1.089222 seconds
Concatenating /scratch/rohlfslab/abierly2/LongTR/longTR_pipeline_NA20525/NA20525.chr13.vcf.gz	0.750905 seconds
Concatenating /scratch/rohlfslab/abierly2/LongTR/longTR_pipeline_NA20525/NA20525.chr14.vcf.gz	0.710189 seconds
Concatenating /scratch/rohlfslab/abierly2/LongTR/longTR_pipeline_NA20525/NA20525.chr15.vcf.gz	0.664672 seconds
Concatenating /scratch/rohlfslab/abierly2/LongTR/longTR_pipeline_NA20525/NA20525.chr16.vcf.gz	0.687549 seconds
Concatenating /scratch/rohlfslab/abierly2/LongTR/longTR_pipeline_NA20525/NA20525.chr17.vcf.gz	0.714639 seconds
Concatenating /scratch/rohlfslab/abierly2/LongTR/longTR_pipeline_NA20525/NA20525.chr18.vcf.gz	0.535630 seconds
Concatenating /scratch/rohlfslab/abierly2/LongTR/longTR_pipeline_NA20525/NA20525.chr19.vcf.gz	0.576927 seconds
Concatenating /scratch/rohlfslab/abierly2/LongTR/longTR_pipeline_NA20525/NA20525.chr1.vcf.gz	1.896286 seconds
Concatenating /scratch/rohlfslab/abierly2/LongTR/longTR_pipeline_NA20525/NA20525.chr20.vcf.gz	0.443776 seconds
Concatenating /scratch/rohlfslab/abierly2/LongTR/longTR_pipeline_NA20525/NA20525.chr21.vcf.gz	0.258569 seconds
Concatenating /scratch/rohlfslab/abierly2/LongTR/longTR_pipeline_NA20525/NA20525.chr22.vcf.gz	0.308606 seconds
Concatenating /scratch/rohlfslab/abierly2/LongTR/longTR_pipeline_NA20525/NA20525.chr2.vcf.gz	1.916418 seconds
Concatenating /scratch/rohlfslab/abierly2/LongTR/longTR_pipeline_NA20525/NA20525.chr3.vcf.gz	1.514181 seconds
Concatenating /scratch/rohlfslab/abierly2/LongTR/longTR_pipeline_NA20525/NA20525.chr4.vcf.gz	1.457275 seconds
Concatenating /scratch/rohlfslab/abierly2/LongTR/longTR_pipeline_NA20525/NA20525.chr5.vcf.gz	1.376356 seconds
Concatenating /scratch/rohlfslab/abierly2/LongTR/longTR_pipeline_NA20525/NA20525.chr6.vcf.gz	1.328773 seconds
Concatenating /scratch/rohlfslab/abierly2/LongTR/longTR_pipeline_NA20525/NA20525.chr7.vcf.gz	1.271878 seconds
Concatenating /scratch/rohlfslab/abierly2/LongTR/longTR_pipeline_NA20525/NA20525.chr8.vcf.gz	1.100059 seconds
Concatenating /scratch/rohlfslab/abierly2/LongTR/longTR_pipeline_NA20525/NA20525.chr9.vcf.gz	0.925065 seconds
Concatenating /scratch/rohlfslab/abierly2/LongTR/longTR_pipeline_NA20525/NA20525.chrM.vcf.gz	0.002194 seconds
Concatenating /scratch/rohlfslab/abierly2/LongTR/longTR_pipeline_NA20525/NA20525.chrX.vcf.gz	0.269805 seconds
Concatenating /scratch/rohlfslab/abierly2/LongTR/longTR_pipeline_NA20525/NA20525.chrY.vcf.gz	0.012146 seconds
