Checking the headers and starting positions of 25 files
Concatenating /scratch/rohlfslab/abierly2/LongTR/longTR_pipeline_HG02690/HG02690.chr10.vcf.gz	0.832741 seconds
Concatenating /scratch/rohlfslab/abierly2/LongTR/longTR_pipeline_HG02690/HG02690.chr11.vcf.gz	0.797746 seconds
Concatenating /scratch/rohlfslab/abierly2/LongTR/longTR_pipeline_HG02690/HG02690.chr12.vcf.gz	0.850137 seconds
Concatenating /scratch/rohlfslab/abierly2/LongTR/longTR_pipeline_HG02690/HG02690.chr13.vcf.gz	0.578348 seconds
Concatenating /scratch/rohlfslab/abierly2/LongTR/longTR_pipeline_HG02690/HG02690.chr14.vcf.gz	0.550696 seconds
Concatenating /scratch/rohlfslab/abierly2/LongTR/longTR_pipeline_HG02690/HG02690.chr15.vcf.gz	0.520950 seconds
Concatenating /scratch/rohlfslab/abierly2/LongTR/longTR_pipeline_HG02690/HG02690.chr16.vcf.gz	0.536427 seconds
Concatenating /scratch/rohlfslab/abierly2/LongTR/longTR_pipeline_HG02690/HG02690.chr17.vcf.gz	0.581149 seconds
Concatenating /scratch/rohlfslab/abierly2/LongTR/longTR_pipeline_HG02690/HG02690.chr18.vcf.gz	0.417043 seconds
Concatenating /scratch/rohlfslab/abierly2/LongTR/longTR_pipeline_HG02690/HG02690.chr19.vcf.gz	0.457593 seconds
Concatenating /scratch/rohlfslab/abierly2/LongTR/longTR_pipeline_HG02690/HG02690.chr1.vcf.gz	1.514379 seconds
Concatenating /scratch/rohlfslab/abierly2/LongTR/longTR_pipeline_HG02690/HG02690.chr20.vcf.gz	0.360333 seconds
Concatenating /scratch/rohlfslab/abierly2/LongTR/longTR_pipeline_HG02690/HG02690.chr21.vcf.gz	0.198563 seconds
Concatenating /scratch/rohlfslab/abierly2/LongTR/longTR_pipeline_HG02690/HG02690.chr22.vcf.gz	0.246911 seconds
Concatenating /scratch/rohlfslab/abierly2/LongTR/longTR_pipeline_HG02690/HG02690.chr2.vcf.gz	1.501802 seconds
Concatenating /scratch/rohlfslab/abierly2/LongTR/longTR_pipeline_HG02690/HG02690.chr3.vcf.gz	1.189499 seconds
Concatenating /scratch/rohlfslab/abierly2/LongTR/longTR_pipeline_HG02690/HG02690.chr4.vcf.gz	1.100592 seconds
Concatenating /scratch/rohlfslab/abierly2/LongTR/longTR_pipeline_HG02690/HG02690.chr5.vcf.gz	1.069103 seconds
Concatenating /scratch/rohlfslab/abierly2/LongTR/longTR_pipeline_HG02690/HG02690.chr6.vcf.gz	1.026059 seconds
Concatenating /scratch/rohlfslab/abierly2/LongTR/longTR_pipeline_HG02690/HG02690.chr7.vcf.gz	0.983735 seconds
Concatenating /scratch/rohlfslab/abierly2/LongTR/longTR_pipeline_HG02690/HG02690.chr8.vcf.gz	0.867088 seconds
Concatenating /scratch/rohlfslab/abierly2/LongTR/longTR_pipeline_HG02690/HG02690.chr9.vcf.gz	0.729313 seconds
Concatenating /scratch/rohlfslab/abierly2/LongTR/longTR_pipeline_HG02690/HG02690.chrM.vcf.gz	0.000346 seconds
Concatenating /scratch/rohlfslab/abierly2/LongTR/longTR_pipeline_HG02690/HG02690.chrX.vcf.gz	0.112218 seconds
Concatenating /scratch/rohlfslab/abierly2/LongTR/longTR_pipeline_HG02690/HG02690.chrY.vcf.gz	0.005856 seconds
