Checking the headers and starting positions of 25 files
Concatenating /scratch/rohlfslab/abierly2/LongTR/longTR_pipeline_HG02067/HG02067.chr10.vcf.gz	0.847182 seconds
Concatenating /scratch/rohlfslab/abierly2/LongTR/longTR_pipeline_HG02067/HG02067.chr11.vcf.gz	0.770184 seconds
Concatenating /scratch/rohlfslab/abierly2/LongTR/longTR_pipeline_HG02067/HG02067.chr12.vcf.gz	0.834071 seconds
Concatenating /scratch/rohlfslab/abierly2/LongTR/longTR_pipeline_HG02067/HG02067.chr13.vcf.gz	0.590980 seconds
Concatenating /scratch/rohlfslab/abierly2/LongTR/longTR_pipeline_HG02067/HG02067.chr14.vcf.gz	0.543997 seconds
Concatenating /scratch/rohlfslab/abierly2/LongTR/longTR_pipeline_HG02067/HG02067.chr15.vcf.gz	0.518408 seconds
Concatenating /scratch/rohlfslab/abierly2/LongTR/longTR_pipeline_HG02067/HG02067.chr16.vcf.gz	0.512064 seconds
Concatenating /scratch/rohlfslab/abierly2/LongTR/longTR_pipeline_HG02067/HG02067.chr17.vcf.gz	0.546364 seconds
Concatenating /scratch/rohlfslab/abierly2/LongTR/longTR_pipeline_HG02067/HG02067.chr18.vcf.gz	0.424158 seconds
Concatenating /scratch/rohlfslab/abierly2/LongTR/longTR_pipeline_HG02067/HG02067.chr19.vcf.gz	0.429292 seconds
Concatenating /scratch/rohlfslab/abierly2/LongTR/longTR_pipeline_HG02067/HG02067.chr1.vcf.gz	1.469962 seconds
Concatenating /scratch/rohlfslab/abierly2/LongTR/longTR_pipeline_HG02067/HG02067.chr20.vcf.gz	0.334929 seconds
Concatenating /scratch/rohlfslab/abierly2/LongTR/longTR_pipeline_HG02067/HG02067.chr21.vcf.gz	0.200187 seconds
Concatenating /scratch/rohlfslab/abierly2/LongTR/longTR_pipeline_HG02067/HG02067.chr22.vcf.gz	0.242964 seconds
Concatenating /scratch/rohlfslab/abierly2/LongTR/longTR_pipeline_HG02067/HG02067.chr2.vcf.gz	1.483857 seconds
Concatenating /scratch/rohlfslab/abierly2/LongTR/longTR_pipeline_HG02067/HG02067.chr3.vcf.gz	1.178755 seconds
Concatenating /scratch/rohlfslab/abierly2/LongTR/longTR_pipeline_HG02067/HG02067.chr4.vcf.gz	1.141685 seconds
Concatenating /scratch/rohlfslab/abierly2/LongTR/longTR_pipeline_HG02067/HG02067.chr5.vcf.gz	1.074816 seconds
Concatenating /scratch/rohlfslab/abierly2/LongTR/longTR_pipeline_HG02067/HG02067.chr6.vcf.gz	1.033122 seconds
Concatenating /scratch/rohlfslab/abierly2/LongTR/longTR_pipeline_HG02067/HG02067.chr7.vcf.gz	0.982179 seconds
Concatenating /scratch/rohlfslab/abierly2/LongTR/longTR_pipeline_HG02067/HG02067.chr8.vcf.gz	0.862143 seconds
Concatenating /scratch/rohlfslab/abierly2/LongTR/longTR_pipeline_HG02067/HG02067.chr9.vcf.gz	0.710457 seconds
Concatenating /scratch/rohlfslab/abierly2/LongTR/longTR_pipeline_HG02067/HG02067.chrM.vcf.gz	0.000339 seconds
Concatenating /scratch/rohlfslab/abierly2/LongTR/longTR_pipeline_HG02067/HG02067.chrX.vcf.gz	0.119369 seconds
Concatenating /scratch/rohlfslab/abierly2/LongTR/longTR_pipeline_HG02067/HG02067.chrY.vcf.gz	0.004515 seconds
