Checking the headers and starting positions of 25 files
Concatenating /scratch/rohlfslab/abierly2/LongTR/longTR_pipeline_HG03689/HG03689.chr10.vcf.gz	0.362337 seconds
Concatenating /scratch/rohlfslab/abierly2/LongTR/longTR_pipeline_HG03689/HG03689.chr11.vcf.gz	0.355738 seconds
Concatenating /scratch/rohlfslab/abierly2/LongTR/longTR_pipeline_HG03689/HG03689.chr12.vcf.gz	0.370496 seconds
Concatenating /scratch/rohlfslab/abierly2/LongTR/longTR_pipeline_HG03689/HG03689.chr13.vcf.gz	0.249354 seconds
Concatenating /scratch/rohlfslab/abierly2/LongTR/longTR_pipeline_HG03689/HG03689.chr14.vcf.gz	0.242882 seconds
Concatenating /scratch/rohlfslab/abierly2/LongTR/longTR_pipeline_HG03689/HG03689.chr15.vcf.gz	0.228313 seconds
Concatenating /scratch/rohlfslab/abierly2/LongTR/longTR_pipeline_HG03689/HG03689.chr16.vcf.gz	0.221463 seconds
Concatenating /scratch/rohlfslab/abierly2/LongTR/longTR_pipeline_HG03689/HG03689.chr17.vcf.gz	0.229733 seconds
Concatenating /scratch/rohlfslab/abierly2/LongTR/longTR_pipeline_HG03689/HG03689.chr18.vcf.gz	0.192798 seconds
Concatenating /scratch/rohlfslab/abierly2/LongTR/longTR_pipeline_HG03689/HG03689.chr19.vcf.gz	0.179141 seconds
Concatenating /scratch/rohlfslab/abierly2/LongTR/longTR_pipeline_HG03689/HG03689.chr1.vcf.gz	0.681705 seconds
Concatenating /scratch/rohlfslab/abierly2/LongTR/longTR_pipeline_HG03689/HG03689.chr20.vcf.gz	0.151459 seconds
Concatenating /scratch/rohlfslab/abierly2/LongTR/longTR_pipeline_HG03689/HG03689.chr21.vcf.gz	0.086702 seconds
Concatenating /scratch/rohlfslab/abierly2/LongTR/longTR_pipeline_HG03689/HG03689.chr22.vcf.gz	0.102579 seconds
Concatenating /scratch/rohlfslab/abierly2/LongTR/longTR_pipeline_HG03689/HG03689.chr2.vcf.gz	0.667800 seconds
Concatenating /scratch/rohlfslab/abierly2/LongTR/longTR_pipeline_HG03689/HG03689.chr3.vcf.gz	0.547630 seconds
Concatenating /scratch/rohlfslab/abierly2/LongTR/longTR_pipeline_HG03689/HG03689.chr4.vcf.gz	0.513893 seconds
Concatenating /scratch/rohlfslab/abierly2/LongTR/longTR_pipeline_HG03689/HG03689.chr5.vcf.gz	0.484423 seconds
Concatenating /scratch/rohlfslab/abierly2/LongTR/longTR_pipeline_HG03689/HG03689.chr6.vcf.gz	0.473550 seconds
Concatenating /scratch/rohlfslab/abierly2/LongTR/longTR_pipeline_HG03689/HG03689.chr7.vcf.gz	0.445088 seconds
Concatenating /scratch/rohlfslab/abierly2/LongTR/longTR_pipeline_HG03689/HG03689.chr8.vcf.gz	0.370144 seconds
Concatenating /scratch/rohlfslab/abierly2/LongTR/longTR_pipeline_HG03689/HG03689.chr9.vcf.gz	0.316002 seconds
Concatenating /scratch/rohlfslab/abierly2/LongTR/longTR_pipeline_HG03689/HG03689.chrM.vcf.gz	0.000365 seconds
Concatenating /scratch/rohlfslab/abierly2/LongTR/longTR_pipeline_HG03689/HG03689.chrX.vcf.gz	0.371610 seconds
Concatenating /scratch/rohlfslab/abierly2/LongTR/longTR_pipeline_HG03689/HG03689.chrY.vcf.gz	0.000349 seconds
