Checking the headers and starting positions of 25 files
Concatenating /scratch/rohlfslab/abierly2/LongTR/longTR_pipeline_NA18539/NA18539.chr10.vcf.gz	1.192171 seconds
Concatenating /scratch/rohlfslab/abierly2/LongTR/longTR_pipeline_NA18539/NA18539.chr11.vcf.gz	1.130233 seconds
Concatenating /scratch/rohlfslab/abierly2/LongTR/longTR_pipeline_NA18539/NA18539.chr12.vcf.gz	1.197676 seconds
Concatenating /scratch/rohlfslab/abierly2/LongTR/longTR_pipeline_NA18539/NA18539.chr13.vcf.gz	0.823223 seconds
Concatenating /scratch/rohlfslab/abierly2/LongTR/longTR_pipeline_NA18539/NA18539.chr14.vcf.gz	0.781866 seconds
Concatenating /scratch/rohlfslab/abierly2/LongTR/longTR_pipeline_NA18539/NA18539.chr15.vcf.gz	0.738158 seconds
Concatenating /scratch/rohlfslab/abierly2/LongTR/longTR_pipeline_NA18539/NA18539.chr16.vcf.gz	0.773138 seconds
Concatenating /scratch/rohlfslab/abierly2/LongTR/longTR_pipeline_NA18539/NA18539.chr17.vcf.gz	0.807147 seconds
Concatenating /scratch/rohlfslab/abierly2/LongTR/longTR_pipeline_NA18539/NA18539.chr18.vcf.gz	0.593207 seconds
Concatenating /scratch/rohlfslab/abierly2/LongTR/longTR_pipeline_NA18539/NA18539.chr19.vcf.gz	0.670640 seconds
Concatenating /scratch/rohlfslab/abierly2/LongTR/longTR_pipeline_NA18539/NA18539.chr1.vcf.gz	2.117130 seconds
Concatenating /scratch/rohlfslab/abierly2/LongTR/longTR_pipeline_NA18539/NA18539.chr20.vcf.gz	0.502781 seconds
Concatenating /scratch/rohlfslab/abierly2/LongTR/longTR_pipeline_NA18539/NA18539.chr21.vcf.gz	0.288326 seconds
Concatenating /scratch/rohlfslab/abierly2/LongTR/longTR_pipeline_NA18539/NA18539.chr22.vcf.gz	0.358900 seconds
Concatenating /scratch/rohlfslab/abierly2/LongTR/longTR_pipeline_NA18539/NA18539.chr2.vcf.gz	2.107239 seconds
Concatenating /scratch/rohlfslab/abierly2/LongTR/longTR_pipeline_NA18539/NA18539.chr3.vcf.gz	1.690826 seconds
Concatenating /scratch/rohlfslab/abierly2/LongTR/longTR_pipeline_NA18539/NA18539.chr4.vcf.gz	1.597597 seconds
Concatenating /scratch/rohlfslab/abierly2/LongTR/longTR_pipeline_NA18539/NA18539.chr5.vcf.gz	1.523194 seconds
Concatenating /scratch/rohlfslab/abierly2/LongTR/longTR_pipeline_NA18539/NA18539.chr6.vcf.gz	1.476681 seconds
Concatenating /scratch/rohlfslab/abierly2/LongTR/longTR_pipeline_NA18539/NA18539.chr7.vcf.gz	1.418710 seconds
Concatenating /scratch/rohlfslab/abierly2/LongTR/longTR_pipeline_NA18539/NA18539.chr8.vcf.gz	1.225846 seconds
Concatenating /scratch/rohlfslab/abierly2/LongTR/longTR_pipeline_NA18539/NA18539.chr9.vcf.gz	1.041711 seconds
Concatenating /scratch/rohlfslab/abierly2/LongTR/longTR_pipeline_NA18539/NA18539.chrM.vcf.gz	0.000353 seconds
Concatenating /scratch/rohlfslab/abierly2/LongTR/longTR_pipeline_NA18539/NA18539.chrX.vcf.gz	1.252984 seconds
Concatenating /scratch/rohlfslab/abierly2/LongTR/longTR_pipeline_NA18539/NA18539.chrY.vcf.gz	0.000355 seconds
