Checking the headers and starting positions of 25 files
Concatenating /scratch/rohlfslab/abierly2/LongTR/longTR_pipeline_HG03019/HG03019.chr10.vcf.gz	1.128049 seconds
Concatenating /scratch/rohlfslab/abierly2/LongTR/longTR_pipeline_HG03019/HG03019.chr11.vcf.gz	1.081597 seconds
Concatenating /scratch/rohlfslab/abierly2/LongTR/longTR_pipeline_HG03019/HG03019.chr12.vcf.gz	1.150311 seconds
Concatenating /scratch/rohlfslab/abierly2/LongTR/longTR_pipeline_HG03019/HG03019.chr13.vcf.gz	0.779425 seconds
Concatenating /scratch/rohlfslab/abierly2/LongTR/longTR_pipeline_HG03019/HG03019.chr14.vcf.gz	0.746640 seconds
Concatenating /scratch/rohlfslab/abierly2/LongTR/longTR_pipeline_HG03019/HG03019.chr15.vcf.gz	0.705338 seconds
Concatenating /scratch/rohlfslab/abierly2/LongTR/longTR_pipeline_HG03019/HG03019.chr16.vcf.gz	0.739620 seconds
Concatenating /scratch/rohlfslab/abierly2/LongTR/longTR_pipeline_HG03019/HG03019.chr17.vcf.gz	0.765635 seconds
Concatenating /scratch/rohlfslab/abierly2/LongTR/longTR_pipeline_HG03019/HG03019.chr18.vcf.gz	0.566830 seconds
Concatenating /scratch/rohlfslab/abierly2/LongTR/longTR_pipeline_HG03019/HG03019.chr19.vcf.gz	0.638000 seconds
Concatenating /scratch/rohlfslab/abierly2/LongTR/longTR_pipeline_HG03019/HG03019.chr1.vcf.gz	2.022824 seconds
Concatenating /scratch/rohlfslab/abierly2/LongTR/longTR_pipeline_HG03019/HG03019.chr20.vcf.gz	0.478577 seconds
Concatenating /scratch/rohlfslab/abierly2/LongTR/longTR_pipeline_HG03019/HG03019.chr21.vcf.gz	0.274533 seconds
Concatenating /scratch/rohlfslab/abierly2/LongTR/longTR_pipeline_HG03019/HG03019.chr22.vcf.gz	0.336914 seconds
Concatenating /scratch/rohlfslab/abierly2/LongTR/longTR_pipeline_HG03019/HG03019.chr2.vcf.gz	2.003423 seconds
Concatenating /scratch/rohlfslab/abierly2/LongTR/longTR_pipeline_HG03019/HG03019.chr3.vcf.gz	1.606987 seconds
Concatenating /scratch/rohlfslab/abierly2/LongTR/longTR_pipeline_HG03019/HG03019.chr4.vcf.gz	1.523321 seconds
Concatenating /scratch/rohlfslab/abierly2/LongTR/longTR_pipeline_HG03019/HG03019.chr5.vcf.gz	1.459189 seconds
Concatenating /scratch/rohlfslab/abierly2/LongTR/longTR_pipeline_HG03019/HG03019.chr6.vcf.gz	1.401127 seconds
Concatenating /scratch/rohlfslab/abierly2/LongTR/longTR_pipeline_HG03019/HG03019.chr7.vcf.gz	1.341657 seconds
Concatenating /scratch/rohlfslab/abierly2/LongTR/longTR_pipeline_HG03019/HG03019.chr8.vcf.gz	1.167792 seconds
Concatenating /scratch/rohlfslab/abierly2/LongTR/longTR_pipeline_HG03019/HG03019.chr9.vcf.gz	0.998026 seconds
Concatenating /scratch/rohlfslab/abierly2/LongTR/longTR_pipeline_HG03019/HG03019.chrM.vcf.gz	0.000753 seconds
Concatenating /scratch/rohlfslab/abierly2/LongTR/longTR_pipeline_HG03019/HG03019.chrX.vcf.gz	0.678656 seconds
Concatenating /scratch/rohlfslab/abierly2/LongTR/longTR_pipeline_HG03019/HG03019.chrY.vcf.gz	0.000343 seconds
