Checking the headers and starting positions of 25 files
Concatenating /scratch/rohlfslab/abierly2/LongTR/longTR_pipeline_HG00475/HG00475.chr10.vcf.gz	0.832849 seconds
Concatenating /scratch/rohlfslab/abierly2/LongTR/longTR_pipeline_HG00475/HG00475.chr11.vcf.gz	0.796382 seconds
Concatenating /scratch/rohlfslab/abierly2/LongTR/longTR_pipeline_HG00475/HG00475.chr12.vcf.gz	0.858739 seconds
Concatenating /scratch/rohlfslab/abierly2/LongTR/longTR_pipeline_HG00475/HG00475.chr13.vcf.gz	0.559240 seconds
Concatenating /scratch/rohlfslab/abierly2/LongTR/longTR_pipeline_HG00475/HG00475.chr14.vcf.gz	0.548205 seconds
Concatenating /scratch/rohlfslab/abierly2/LongTR/longTR_pipeline_HG00475/HG00475.chr15.vcf.gz	0.520837 seconds
Concatenating /scratch/rohlfslab/abierly2/LongTR/longTR_pipeline_HG00475/HG00475.chr16.vcf.gz	0.507159 seconds
Concatenating /scratch/rohlfslab/abierly2/LongTR/longTR_pipeline_HG00475/HG00475.chr17.vcf.gz	0.548107 seconds
Concatenating /scratch/rohlfslab/abierly2/LongTR/longTR_pipeline_HG00475/HG00475.chr18.vcf.gz	0.419118 seconds
Concatenating /scratch/rohlfslab/abierly2/LongTR/longTR_pipeline_HG00475/HG00475.chr19.vcf.gz	0.423950 seconds
Concatenating /scratch/rohlfslab/abierly2/LongTR/longTR_pipeline_HG00475/HG00475.chr1.vcf.gz	1.461658 seconds
Concatenating /scratch/rohlfslab/abierly2/LongTR/longTR_pipeline_HG00475/HG00475.chr20.vcf.gz	0.329052 seconds
Concatenating /scratch/rohlfslab/abierly2/LongTR/longTR_pipeline_HG00475/HG00475.chr21.vcf.gz	0.195172 seconds
Concatenating /scratch/rohlfslab/abierly2/LongTR/longTR_pipeline_HG00475/HG00475.chr22.vcf.gz	0.236635 seconds
Concatenating /scratch/rohlfslab/abierly2/LongTR/longTR_pipeline_HG00475/HG00475.chr2.vcf.gz	1.487558 seconds
Concatenating /scratch/rohlfslab/abierly2/LongTR/longTR_pipeline_HG00475/HG00475.chr3.vcf.gz	1.196933 seconds
Concatenating /scratch/rohlfslab/abierly2/LongTR/longTR_pipeline_HG00475/HG00475.chr4.vcf.gz	1.111885 seconds
Concatenating /scratch/rohlfslab/abierly2/LongTR/longTR_pipeline_HG00475/HG00475.chr5.vcf.gz	1.065103 seconds
Concatenating /scratch/rohlfslab/abierly2/LongTR/longTR_pipeline_HG00475/HG00475.chr6.vcf.gz	1.048786 seconds
Concatenating /scratch/rohlfslab/abierly2/LongTR/longTR_pipeline_HG00475/HG00475.chr7.vcf.gz	0.963245 seconds
Concatenating /scratch/rohlfslab/abierly2/LongTR/longTR_pipeline_HG00475/HG00475.chr8.vcf.gz	0.849832 seconds
Concatenating /scratch/rohlfslab/abierly2/LongTR/longTR_pipeline_HG00475/HG00475.chr9.vcf.gz	0.724577 seconds
Concatenating /scratch/rohlfslab/abierly2/LongTR/longTR_pipeline_HG00475/HG00475.chrM.vcf.gz	0.000315 seconds
Concatenating /scratch/rohlfslab/abierly2/LongTR/longTR_pipeline_HG00475/HG00475.chrX.vcf.gz	0.102152 seconds
Concatenating /scratch/rohlfslab/abierly2/LongTR/longTR_pipeline_HG00475/HG00475.chrY.vcf.gz	0.004287 seconds
