Checking the headers and starting positions of 25 files
Concatenating /scratch/rohlfslab/abierly2/LongTR/longTR_pipeline_HG03812/HG03812.chr10.vcf.gz	1.212728 seconds
Concatenating /scratch/rohlfslab/abierly2/LongTR/longTR_pipeline_HG03812/HG03812.chr11.vcf.gz	1.158525 seconds
Concatenating /scratch/rohlfslab/abierly2/LongTR/longTR_pipeline_HG03812/HG03812.chr12.vcf.gz	1.221295 seconds
Concatenating /scratch/rohlfslab/abierly2/LongTR/longTR_pipeline_HG03812/HG03812.chr13.vcf.gz	0.843047 seconds
Concatenating /scratch/rohlfslab/abierly2/LongTR/longTR_pipeline_HG03812/HG03812.chr14.vcf.gz	0.800279 seconds
Concatenating /scratch/rohlfslab/abierly2/LongTR/longTR_pipeline_HG03812/HG03812.chr15.vcf.gz	0.750741 seconds
Concatenating /scratch/rohlfslab/abierly2/LongTR/longTR_pipeline_HG03812/HG03812.chr16.vcf.gz	0.787956 seconds
Concatenating /scratch/rohlfslab/abierly2/LongTR/longTR_pipeline_HG03812/HG03812.chr17.vcf.gz	0.822600 seconds
Concatenating /scratch/rohlfslab/abierly2/LongTR/longTR_pipeline_HG03812/HG03812.chr18.vcf.gz	0.612218 seconds
Concatenating /scratch/rohlfslab/abierly2/LongTR/longTR_pipeline_HG03812/HG03812.chr19.vcf.gz	0.675816 seconds
Concatenating /scratch/rohlfslab/abierly2/LongTR/longTR_pipeline_HG03812/HG03812.chr1.vcf.gz	2.158786 seconds
Concatenating /scratch/rohlfslab/abierly2/LongTR/longTR_pipeline_HG03812/HG03812.chr20.vcf.gz	0.512271 seconds
Concatenating /scratch/rohlfslab/abierly2/LongTR/longTR_pipeline_HG03812/HG03812.chr21.vcf.gz	0.293996 seconds
Concatenating /scratch/rohlfslab/abierly2/LongTR/longTR_pipeline_HG03812/HG03812.chr22.vcf.gz	0.360351 seconds
Concatenating /scratch/rohlfslab/abierly2/LongTR/longTR_pipeline_HG03812/HG03812.chr2.vcf.gz	2.159600 seconds
Concatenating /scratch/rohlfslab/abierly2/LongTR/longTR_pipeline_HG03812/HG03812.chr3.vcf.gz	1.723061 seconds
Concatenating /scratch/rohlfslab/abierly2/LongTR/longTR_pipeline_HG03812/HG03812.chr4.vcf.gz	1.650069 seconds
Concatenating /scratch/rohlfslab/abierly2/LongTR/longTR_pipeline_HG03812/HG03812.chr5.vcf.gz	1.562180 seconds
Concatenating /scratch/rohlfslab/abierly2/LongTR/longTR_pipeline_HG03812/HG03812.chr6.vcf.gz	1.501992 seconds
Concatenating /scratch/rohlfslab/abierly2/LongTR/longTR_pipeline_HG03812/HG03812.chr7.vcf.gz	1.448121 seconds
Concatenating /scratch/rohlfslab/abierly2/LongTR/longTR_pipeline_HG03812/HG03812.chr8.vcf.gz	1.252946 seconds
Concatenating /scratch/rohlfslab/abierly2/LongTR/longTR_pipeline_HG03812/HG03812.chr9.vcf.gz	1.067950 seconds
Concatenating /scratch/rohlfslab/abierly2/LongTR/longTR_pipeline_HG03812/HG03812.chrM.vcf.gz	0.000340 seconds
Concatenating /scratch/rohlfslab/abierly2/LongTR/longTR_pipeline_HG03812/HG03812.chrX.vcf.gz	0.610308 seconds
Concatenating /scratch/rohlfslab/abierly2/LongTR/longTR_pipeline_HG03812/HG03812.chrY.vcf.gz	0.032232 seconds
