Checking the headers and starting positions of 25 files
Concatenating /scratch/rohlfslab/abierly2/LongTR/longTR_pipeline_HG04194/HG04194.chr10.vcf.gz	0.930891 seconds
Concatenating /scratch/rohlfslab/abierly2/LongTR/longTR_pipeline_HG04194/HG04194.chr11.vcf.gz	0.912523 seconds
Concatenating /scratch/rohlfslab/abierly2/LongTR/longTR_pipeline_HG04194/HG04194.chr12.vcf.gz	0.960909 seconds
Concatenating /scratch/rohlfslab/abierly2/LongTR/longTR_pipeline_HG04194/HG04194.chr13.vcf.gz	0.635557 seconds
Concatenating /scratch/rohlfslab/abierly2/LongTR/longTR_pipeline_HG04194/HG04194.chr14.vcf.gz	0.628076 seconds
Concatenating /scratch/rohlfslab/abierly2/LongTR/longTR_pipeline_HG04194/HG04194.chr15.vcf.gz	0.596595 seconds
Concatenating /scratch/rohlfslab/abierly2/LongTR/longTR_pipeline_HG04194/HG04194.chr16.vcf.gz	0.613586 seconds
Concatenating /scratch/rohlfslab/abierly2/LongTR/longTR_pipeline_HG04194/HG04194.chr17.vcf.gz	0.660450 seconds
Concatenating /scratch/rohlfslab/abierly2/LongTR/longTR_pipeline_HG04194/HG04194.chr18.vcf.gz	0.467297 seconds
Concatenating /scratch/rohlfslab/abierly2/LongTR/longTR_pipeline_HG04194/HG04194.chr19.vcf.gz	0.547079 seconds
Concatenating /scratch/rohlfslab/abierly2/LongTR/longTR_pipeline_HG04194/HG04194.chr1.vcf.gz	1.692207 seconds
Concatenating /scratch/rohlfslab/abierly2/LongTR/longTR_pipeline_HG04194/HG04194.chr20.vcf.gz	0.406200 seconds
Concatenating /scratch/rohlfslab/abierly2/LongTR/longTR_pipeline_HG04194/HG04194.chr21.vcf.gz	0.230321 seconds
Concatenating /scratch/rohlfslab/abierly2/LongTR/longTR_pipeline_HG04194/HG04194.chr22.vcf.gz	0.292445 seconds
Concatenating /scratch/rohlfslab/abierly2/LongTR/longTR_pipeline_HG04194/HG04194.chr2.vcf.gz	1.665010 seconds
Concatenating /scratch/rohlfslab/abierly2/LongTR/longTR_pipeline_HG04194/HG04194.chr3.vcf.gz	1.338283 seconds
Concatenating /scratch/rohlfslab/abierly2/LongTR/longTR_pipeline_HG04194/HG04194.chr4.vcf.gz	1.242798 seconds
Concatenating /scratch/rohlfslab/abierly2/LongTR/longTR_pipeline_HG04194/HG04194.chr5.vcf.gz	1.206560 seconds
Concatenating /scratch/rohlfslab/abierly2/LongTR/longTR_pipeline_HG04194/HG04194.chr6.vcf.gz	1.166828 seconds
Concatenating /scratch/rohlfslab/abierly2/LongTR/longTR_pipeline_HG04194/HG04194.chr7.vcf.gz	1.120012 seconds
Concatenating /scratch/rohlfslab/abierly2/LongTR/longTR_pipeline_HG04194/HG04194.chr8.vcf.gz	0.967947 seconds
Concatenating /scratch/rohlfslab/abierly2/LongTR/longTR_pipeline_HG04194/HG04194.chr9.vcf.gz	0.837959 seconds
Concatenating /scratch/rohlfslab/abierly2/LongTR/longTR_pipeline_HG04194/HG04194.chrM.vcf.gz	0.000317 seconds
Concatenating /scratch/rohlfslab/abierly2/LongTR/longTR_pipeline_HG04194/HG04194.chrX.vcf.gz	0.156011 seconds
Concatenating /scratch/rohlfslab/abierly2/LongTR/longTR_pipeline_HG04194/HG04194.chrY.vcf.gz	0.006067 seconds
