Checking the headers and starting positions of 25 files
Concatenating /scratch/rohlfslab/abierly2/LongTR/longTR_pipeline_HG02087/HG02087.chr10.vcf.gz	1.242532 seconds
Concatenating /scratch/rohlfslab/abierly2/LongTR/longTR_pipeline_HG02087/HG02087.chr11.vcf.gz	1.187350 seconds
Concatenating /scratch/rohlfslab/abierly2/LongTR/longTR_pipeline_HG02087/HG02087.chr12.vcf.gz	1.257956 seconds
Concatenating /scratch/rohlfslab/abierly2/LongTR/longTR_pipeline_HG02087/HG02087.chr13.vcf.gz	0.867861 seconds
Concatenating /scratch/rohlfslab/abierly2/LongTR/longTR_pipeline_HG02087/HG02087.chr14.vcf.gz	0.820348 seconds
Concatenating /scratch/rohlfslab/abierly2/LongTR/longTR_pipeline_HG02087/HG02087.chr15.vcf.gz	0.767930 seconds
Concatenating /scratch/rohlfslab/abierly2/LongTR/longTR_pipeline_HG02087/HG02087.chr16.vcf.gz	0.804561 seconds
Concatenating /scratch/rohlfslab/abierly2/LongTR/longTR_pipeline_HG02087/HG02087.chr17.vcf.gz	0.834464 seconds
Concatenating /scratch/rohlfslab/abierly2/LongTR/longTR_pipeline_HG02087/HG02087.chr18.vcf.gz	0.626571 seconds
Concatenating /scratch/rohlfslab/abierly2/LongTR/longTR_pipeline_HG02087/HG02087.chr19.vcf.gz	0.707319 seconds
Concatenating /scratch/rohlfslab/abierly2/LongTR/longTR_pipeline_HG02087/HG02087.chr1.vcf.gz	2.211776 seconds
Concatenating /scratch/rohlfslab/abierly2/LongTR/longTR_pipeline_HG02087/HG02087.chr20.vcf.gz	0.522278 seconds
Concatenating /scratch/rohlfslab/abierly2/LongTR/longTR_pipeline_HG02087/HG02087.chr21.vcf.gz	0.304254 seconds
Concatenating /scratch/rohlfslab/abierly2/LongTR/longTR_pipeline_HG02087/HG02087.chr22.vcf.gz	0.368320 seconds
Concatenating /scratch/rohlfslab/abierly2/LongTR/longTR_pipeline_HG02087/HG02087.chr2.vcf.gz	2.212697 seconds
Concatenating /scratch/rohlfslab/abierly2/LongTR/longTR_pipeline_HG02087/HG02087.chr3.vcf.gz	1.784028 seconds
Concatenating /scratch/rohlfslab/abierly2/LongTR/longTR_pipeline_HG02087/HG02087.chr4.vcf.gz	1.714085 seconds
Concatenating /scratch/rohlfslab/abierly2/LongTR/longTR_pipeline_HG02087/HG02087.chr5.vcf.gz	1.597232 seconds
Concatenating /scratch/rohlfslab/abierly2/LongTR/longTR_pipeline_HG02087/HG02087.chr6.vcf.gz	1.542529 seconds
Concatenating /scratch/rohlfslab/abierly2/LongTR/longTR_pipeline_HG02087/HG02087.chr7.vcf.gz	1.506496 seconds
Concatenating /scratch/rohlfslab/abierly2/LongTR/longTR_pipeline_HG02087/HG02087.chr8.vcf.gz	1.291338 seconds
Concatenating /scratch/rohlfslab/abierly2/LongTR/longTR_pipeline_HG02087/HG02087.chr9.vcf.gz	1.089310 seconds
Concatenating /scratch/rohlfslab/abierly2/LongTR/longTR_pipeline_HG02087/HG02087.chrM.vcf.gz	0.002137 seconds
Concatenating /scratch/rohlfslab/abierly2/LongTR/longTR_pipeline_HG02087/HG02087.chrX.vcf.gz	1.332742 seconds
Concatenating /scratch/rohlfslab/abierly2/LongTR/longTR_pipeline_HG02087/HG02087.chrY.vcf.gz	0.000300 seconds
