Checking the headers and starting positions of 25 files
Concatenating /scratch/rohlfslab/abierly2/LongTR/longTR_pipeline_HG02604/HG02604.chr10.vcf.gz	1.185823 seconds
Concatenating /scratch/rohlfslab/abierly2/LongTR/longTR_pipeline_HG02604/HG02604.chr11.vcf.gz	1.127801 seconds
Concatenating /scratch/rohlfslab/abierly2/LongTR/longTR_pipeline_HG02604/HG02604.chr12.vcf.gz	1.198709 seconds
Concatenating /scratch/rohlfslab/abierly2/LongTR/longTR_pipeline_HG02604/HG02604.chr13.vcf.gz	0.824292 seconds
Concatenating /scratch/rohlfslab/abierly2/LongTR/longTR_pipeline_HG02604/HG02604.chr14.vcf.gz	0.776702 seconds
Concatenating /scratch/rohlfslab/abierly2/LongTR/longTR_pipeline_HG02604/HG02604.chr15.vcf.gz	0.726314 seconds
Concatenating /scratch/rohlfslab/abierly2/LongTR/longTR_pipeline_HG02604/HG02604.chr16.vcf.gz	0.754386 seconds
Concatenating /scratch/rohlfslab/abierly2/LongTR/longTR_pipeline_HG02604/HG02604.chr17.vcf.gz	0.784061 seconds
Concatenating /scratch/rohlfslab/abierly2/LongTR/longTR_pipeline_HG02604/HG02604.chr18.vcf.gz	0.597004 seconds
Concatenating /scratch/rohlfslab/abierly2/LongTR/longTR_pipeline_HG02604/HG02604.chr19.vcf.gz	0.648050 seconds
Concatenating /scratch/rohlfslab/abierly2/LongTR/longTR_pipeline_HG02604/HG02604.chr1.vcf.gz	2.107311 seconds
Concatenating /scratch/rohlfslab/abierly2/LongTR/longTR_pipeline_HG02604/HG02604.chr20.vcf.gz	0.497648 seconds
Concatenating /scratch/rohlfslab/abierly2/LongTR/longTR_pipeline_HG02604/HG02604.chr21.vcf.gz	0.289024 seconds
Concatenating /scratch/rohlfslab/abierly2/LongTR/longTR_pipeline_HG02604/HG02604.chr22.vcf.gz	0.342756 seconds
Concatenating /scratch/rohlfslab/abierly2/LongTR/longTR_pipeline_HG02604/HG02604.chr2.vcf.gz	2.110561 seconds
Concatenating /scratch/rohlfslab/abierly2/LongTR/longTR_pipeline_HG02604/HG02604.chr3.vcf.gz	1.684282 seconds
Concatenating /scratch/rohlfslab/abierly2/LongTR/longTR_pipeline_HG02604/HG02604.chr4.vcf.gz	1.607507 seconds
Concatenating /scratch/rohlfslab/abierly2/LongTR/longTR_pipeline_HG02604/HG02604.chr5.vcf.gz	1.531724 seconds
Concatenating /scratch/rohlfslab/abierly2/LongTR/longTR_pipeline_HG02604/HG02604.chr6.vcf.gz	1.471497 seconds
Concatenating /scratch/rohlfslab/abierly2/LongTR/longTR_pipeline_HG02604/HG02604.chr7.vcf.gz	1.418601 seconds
Concatenating /scratch/rohlfslab/abierly2/LongTR/longTR_pipeline_HG02604/HG02604.chr8.vcf.gz	1.223203 seconds
Concatenating /scratch/rohlfslab/abierly2/LongTR/longTR_pipeline_HG02604/HG02604.chr9.vcf.gz	1.031203 seconds
Concatenating /scratch/rohlfslab/abierly2/LongTR/longTR_pipeline_HG02604/HG02604.chrM.vcf.gz	0.000326 seconds
Concatenating /scratch/rohlfslab/abierly2/LongTR/longTR_pipeline_HG02604/HG02604.chrX.vcf.gz	1.265634 seconds
Concatenating /scratch/rohlfslab/abierly2/LongTR/longTR_pipeline_HG02604/HG02604.chrY.vcf.gz	0.000313 seconds
