Checking the headers and starting positions of 25 files
Concatenating /scratch/rohlfslab/abierly2/LongTR/longTR_pipeline_NA10843/NA10843.chr10.vcf.gz	1.244628 seconds
Concatenating /scratch/rohlfslab/abierly2/LongTR/longTR_pipeline_NA10843/NA10843.chr11.vcf.gz	1.177286 seconds
Concatenating /scratch/rohlfslab/abierly2/LongTR/longTR_pipeline_NA10843/NA10843.chr12.vcf.gz	1.255128 seconds
Concatenating /scratch/rohlfslab/abierly2/LongTR/longTR_pipeline_NA10843/NA10843.chr13.vcf.gz	0.863104 seconds
Concatenating /scratch/rohlfslab/abierly2/LongTR/longTR_pipeline_NA10843/NA10843.chr14.vcf.gz	0.819369 seconds
Concatenating /scratch/rohlfslab/abierly2/LongTR/longTR_pipeline_NA10843/NA10843.chr15.vcf.gz	0.777942 seconds
Concatenating /scratch/rohlfslab/abierly2/LongTR/longTR_pipeline_NA10843/NA10843.chr16.vcf.gz	0.811781 seconds
Concatenating /scratch/rohlfslab/abierly2/LongTR/longTR_pipeline_NA10843/NA10843.chr17.vcf.gz	0.839798 seconds
Concatenating /scratch/rohlfslab/abierly2/LongTR/longTR_pipeline_NA10843/NA10843.chr18.vcf.gz	0.618636 seconds
Concatenating /scratch/rohlfslab/abierly2/LongTR/longTR_pipeline_NA10843/NA10843.chr19.vcf.gz	0.696520 seconds
Concatenating /scratch/rohlfslab/abierly2/LongTR/longTR_pipeline_NA10843/NA10843.chr1.vcf.gz	2.199613 seconds
Concatenating /scratch/rohlfslab/abierly2/LongTR/longTR_pipeline_NA10843/NA10843.chr20.vcf.gz	0.520001 seconds
Concatenating /scratch/rohlfslab/abierly2/LongTR/longTR_pipeline_NA10843/NA10843.chr21.vcf.gz	0.299910 seconds
Concatenating /scratch/rohlfslab/abierly2/LongTR/longTR_pipeline_NA10843/NA10843.chr22.vcf.gz	0.367590 seconds
Concatenating /scratch/rohlfslab/abierly2/LongTR/longTR_pipeline_NA10843/NA10843.chr2.vcf.gz	2.194492 seconds
Concatenating /scratch/rohlfslab/abierly2/LongTR/longTR_pipeline_NA10843/NA10843.chr3.vcf.gz	1.752183 seconds
Concatenating /scratch/rohlfslab/abierly2/LongTR/longTR_pipeline_NA10843/NA10843.chr4.vcf.gz	1.675002 seconds
Concatenating /scratch/rohlfslab/abierly2/LongTR/longTR_pipeline_NA10843/NA10843.chr5.vcf.gz	1.602968 seconds
Concatenating /scratch/rohlfslab/abierly2/LongTR/longTR_pipeline_NA10843/NA10843.chr6.vcf.gz	1.541826 seconds
Concatenating /scratch/rohlfslab/abierly2/LongTR/longTR_pipeline_NA10843/NA10843.chr7.vcf.gz	1.479284 seconds
Concatenating /scratch/rohlfslab/abierly2/LongTR/longTR_pipeline_NA10843/NA10843.chr8.vcf.gz	1.282565 seconds
Concatenating /scratch/rohlfslab/abierly2/LongTR/longTR_pipeline_NA10843/NA10843.chr9.vcf.gz	1.092550 seconds
Concatenating /scratch/rohlfslab/abierly2/LongTR/longTR_pipeline_NA10843/NA10843.chrM.vcf.gz	0.001372 seconds
Concatenating /scratch/rohlfslab/abierly2/LongTR/longTR_pipeline_NA10843/NA10843.chrX.vcf.gz	1.336081 seconds
Concatenating /scratch/rohlfslab/abierly2/LongTR/longTR_pipeline_NA10843/NA10843.chrY.vcf.gz	0.000491 seconds
