Checking the headers and starting positions of 25 files
Concatenating /scratch/rohlfslab/abierly2/LongTR/longTR_pipeline_HG03687/HG03687.chr10.vcf.gz	1.322076 seconds
Concatenating /scratch/rohlfslab/abierly2/LongTR/longTR_pipeline_HG03687/HG03687.chr11.vcf.gz	1.251180 seconds
Concatenating /scratch/rohlfslab/abierly2/LongTR/longTR_pipeline_HG03687/HG03687.chr12.vcf.gz	1.328487 seconds
Concatenating /scratch/rohlfslab/abierly2/LongTR/longTR_pipeline_HG03687/HG03687.chr13.vcf.gz	0.916082 seconds
Concatenating /scratch/rohlfslab/abierly2/LongTR/longTR_pipeline_HG03687/HG03687.chr14.vcf.gz	0.881146 seconds
Concatenating /scratch/rohlfslab/abierly2/LongTR/longTR_pipeline_HG03687/HG03687.chr15.vcf.gz	0.817332 seconds
Concatenating /scratch/rohlfslab/abierly2/LongTR/longTR_pipeline_HG03687/HG03687.chr16.vcf.gz	0.859409 seconds
Concatenating /scratch/rohlfslab/abierly2/LongTR/longTR_pipeline_HG03687/HG03687.chr17.vcf.gz	0.897757 seconds
Concatenating /scratch/rohlfslab/abierly2/LongTR/longTR_pipeline_HG03687/HG03687.chr18.vcf.gz	0.659815 seconds
Concatenating /scratch/rohlfslab/abierly2/LongTR/longTR_pipeline_HG03687/HG03687.chr19.vcf.gz	0.732985 seconds
Concatenating /scratch/rohlfslab/abierly2/LongTR/longTR_pipeline_HG03687/HG03687.chr1.vcf.gz	2.339410 seconds
Concatenating /scratch/rohlfslab/abierly2/LongTR/longTR_pipeline_HG03687/HG03687.chr20.vcf.gz	0.552648 seconds
Concatenating /scratch/rohlfslab/abierly2/LongTR/longTR_pipeline_HG03687/HG03687.chr21.vcf.gz	0.318736 seconds
Concatenating /scratch/rohlfslab/abierly2/LongTR/longTR_pipeline_HG03687/HG03687.chr22.vcf.gz	0.389933 seconds
Concatenating /scratch/rohlfslab/abierly2/LongTR/longTR_pipeline_HG03687/HG03687.chr2.vcf.gz	2.358751 seconds
Concatenating /scratch/rohlfslab/abierly2/LongTR/longTR_pipeline_HG03687/HG03687.chr3.vcf.gz	1.870381 seconds
Concatenating /scratch/rohlfslab/abierly2/LongTR/longTR_pipeline_HG03687/HG03687.chr4.vcf.gz	1.800287 seconds
Concatenating /scratch/rohlfslab/abierly2/LongTR/longTR_pipeline_HG03687/HG03687.chr5.vcf.gz	1.708820 seconds
Concatenating /scratch/rohlfslab/abierly2/LongTR/longTR_pipeline_HG03687/HG03687.chr6.vcf.gz	1.641144 seconds
Concatenating /scratch/rohlfslab/abierly2/LongTR/longTR_pipeline_HG03687/HG03687.chr7.vcf.gz	1.574924 seconds
Concatenating /scratch/rohlfslab/abierly2/LongTR/longTR_pipeline_HG03687/HG03687.chr8.vcf.gz	1.361772 seconds
Concatenating /scratch/rohlfslab/abierly2/LongTR/longTR_pipeline_HG03687/HG03687.chr9.vcf.gz	1.157772 seconds
Concatenating /scratch/rohlfslab/abierly2/LongTR/longTR_pipeline_HG03687/HG03687.chrM.vcf.gz	0.000427 seconds
Concatenating /scratch/rohlfslab/abierly2/LongTR/longTR_pipeline_HG03687/HG03687.chrX.vcf.gz	1.355170 seconds
Concatenating /scratch/rohlfslab/abierly2/LongTR/longTR_pipeline_HG03687/HG03687.chrY.vcf.gz	0.072441 seconds
