Checking the headers and starting positions of 25 files
Concatenating /scratch/rohlfslab/abierly2/LongTR/longTR_pipeline_HG04191/HG04191.chr10.vcf.gz	1.068966 seconds
Concatenating /scratch/rohlfslab/abierly2/LongTR/longTR_pipeline_HG04191/HG04191.chr11.vcf.gz	1.022438 seconds
Concatenating /scratch/rohlfslab/abierly2/LongTR/longTR_pipeline_HG04191/HG04191.chr12.vcf.gz	1.080989 seconds
Concatenating /scratch/rohlfslab/abierly2/LongTR/longTR_pipeline_HG04191/HG04191.chr13.vcf.gz	0.716702 seconds
Concatenating /scratch/rohlfslab/abierly2/LongTR/longTR_pipeline_HG04191/HG04191.chr14.vcf.gz	0.708870 seconds
Concatenating /scratch/rohlfslab/abierly2/LongTR/longTR_pipeline_HG04191/HG04191.chr15.vcf.gz	0.663902 seconds
Concatenating /scratch/rohlfslab/abierly2/LongTR/longTR_pipeline_HG04191/HG04191.chr16.vcf.gz	0.702567 seconds
Concatenating /scratch/rohlfslab/abierly2/LongTR/longTR_pipeline_HG04191/HG04191.chr17.vcf.gz	0.740299 seconds
Concatenating /scratch/rohlfslab/abierly2/LongTR/longTR_pipeline_HG04191/HG04191.chr18.vcf.gz	0.524275 seconds
Concatenating /scratch/rohlfslab/abierly2/LongTR/longTR_pipeline_HG04191/HG04191.chr19.vcf.gz	0.611166 seconds
Concatenating /scratch/rohlfslab/abierly2/LongTR/longTR_pipeline_HG04191/HG04191.chr1.vcf.gz	1.908649 seconds
Concatenating /scratch/rohlfslab/abierly2/LongTR/longTR_pipeline_HG04191/HG04191.chr20.vcf.gz	0.467351 seconds
Concatenating /scratch/rohlfslab/abierly2/LongTR/longTR_pipeline_HG04191/HG04191.chr21.vcf.gz	0.257543 seconds
Concatenating /scratch/rohlfslab/abierly2/LongTR/longTR_pipeline_HG04191/HG04191.chr22.vcf.gz	0.323058 seconds
Concatenating /scratch/rohlfslab/abierly2/LongTR/longTR_pipeline_HG04191/HG04191.chr2.vcf.gz	1.891861 seconds
Concatenating /scratch/rohlfslab/abierly2/LongTR/longTR_pipeline_HG04191/HG04191.chr3.vcf.gz	1.503515 seconds
Concatenating /scratch/rohlfslab/abierly2/LongTR/longTR_pipeline_HG04191/HG04191.chr4.vcf.gz	1.414072 seconds
Concatenating /scratch/rohlfslab/abierly2/LongTR/longTR_pipeline_HG04191/HG04191.chr5.vcf.gz	1.359481 seconds
Concatenating /scratch/rohlfslab/abierly2/LongTR/longTR_pipeline_HG04191/HG04191.chr6.vcf.gz	1.308329 seconds
Concatenating /scratch/rohlfslab/abierly2/LongTR/longTR_pipeline_HG04191/HG04191.chr7.vcf.gz	1.252485 seconds
Concatenating /scratch/rohlfslab/abierly2/LongTR/longTR_pipeline_HG04191/HG04191.chr8.vcf.gz	1.080873 seconds
Concatenating /scratch/rohlfslab/abierly2/LongTR/longTR_pipeline_HG04191/HG04191.chr9.vcf.gz	0.928351 seconds
Concatenating /scratch/rohlfslab/abierly2/LongTR/longTR_pipeline_HG04191/HG04191.chrM.vcf.gz	0.000367 seconds
Concatenating /scratch/rohlfslab/abierly2/LongTR/longTR_pipeline_HG04191/HG04191.chrX.vcf.gz	0.228684 seconds
Concatenating /scratch/rohlfslab/abierly2/LongTR/longTR_pipeline_HG04191/HG04191.chrY.vcf.gz	0.010559 seconds
