Checking the headers and starting positions of 25 files
Concatenating /scratch/rohlfslab/abierly2/LongTR/longTR_pipeline_HG04022/HG04022.chr10.vcf.gz	0.338482 seconds
Concatenating /scratch/rohlfslab/abierly2/LongTR/longTR_pipeline_HG04022/HG04022.chr11.vcf.gz	0.335852 seconds
Concatenating /scratch/rohlfslab/abierly2/LongTR/longTR_pipeline_HG04022/HG04022.chr12.vcf.gz	0.360491 seconds
Concatenating /scratch/rohlfslab/abierly2/LongTR/longTR_pipeline_HG04022/HG04022.chr13.vcf.gz	0.222273 seconds
Concatenating /scratch/rohlfslab/abierly2/LongTR/longTR_pipeline_HG04022/HG04022.chr14.vcf.gz	0.235664 seconds
Concatenating /scratch/rohlfslab/abierly2/LongTR/longTR_pipeline_HG04022/HG04022.chr15.vcf.gz	0.231233 seconds
Concatenating /scratch/rohlfslab/abierly2/LongTR/longTR_pipeline_HG04022/HG04022.chr16.vcf.gz	0.221389 seconds
Concatenating /scratch/rohlfslab/abierly2/LongTR/longTR_pipeline_HG04022/HG04022.chr17.vcf.gz	0.245169 seconds
Concatenating /scratch/rohlfslab/abierly2/LongTR/longTR_pipeline_HG04022/HG04022.chr18.vcf.gz	0.161124 seconds
Concatenating /scratch/rohlfslab/abierly2/LongTR/longTR_pipeline_HG04022/HG04022.chr19.vcf.gz	0.212939 seconds
Concatenating /scratch/rohlfslab/abierly2/LongTR/longTR_pipeline_HG04022/HG04022.chr1.vcf.gz	0.641101 seconds
Concatenating /scratch/rohlfslab/abierly2/LongTR/longTR_pipeline_HG04022/HG04022.chr20.vcf.gz	0.150142 seconds
Concatenating /scratch/rohlfslab/abierly2/LongTR/longTR_pipeline_HG04022/HG04022.chr21.vcf.gz	0.081923 seconds
Concatenating /scratch/rohlfslab/abierly2/LongTR/longTR_pipeline_HG04022/HG04022.chr22.vcf.gz	0.104183 seconds
Concatenating /scratch/rohlfslab/abierly2/LongTR/longTR_pipeline_HG04022/HG04022.chr2.vcf.gz	0.610270 seconds
Concatenating /scratch/rohlfslab/abierly2/LongTR/longTR_pipeline_HG04022/HG04022.chr3.vcf.gz	0.474282 seconds
Concatenating /scratch/rohlfslab/abierly2/LongTR/longTR_pipeline_HG04022/HG04022.chr4.vcf.gz	0.444807 seconds
Concatenating /scratch/rohlfslab/abierly2/LongTR/longTR_pipeline_HG04022/HG04022.chr5.vcf.gz	0.431158 seconds
Concatenating /scratch/rohlfslab/abierly2/LongTR/longTR_pipeline_HG04022/HG04022.chr6.vcf.gz	0.431204 seconds
Concatenating /scratch/rohlfslab/abierly2/LongTR/longTR_pipeline_HG04022/HG04022.chr7.vcf.gz	0.416624 seconds
Concatenating /scratch/rohlfslab/abierly2/LongTR/longTR_pipeline_HG04022/HG04022.chr8.vcf.gz	0.353197 seconds
Concatenating /scratch/rohlfslab/abierly2/LongTR/longTR_pipeline_HG04022/HG04022.chr9.vcf.gz	0.297440 seconds
Concatenating /scratch/rohlfslab/abierly2/LongTR/longTR_pipeline_HG04022/HG04022.chrM.vcf.gz	0.000309 seconds
Concatenating /scratch/rohlfslab/abierly2/LongTR/longTR_pipeline_HG04022/HG04022.chrX.vcf.gz	0.030338 seconds
Concatenating /scratch/rohlfslab/abierly2/LongTR/longTR_pipeline_HG04022/HG04022.chrY.vcf.gz	0.000359 seconds
