Checking the headers and starting positions of 25 files
Concatenating /scratch/rohlfslab/abierly2/LongTR/longTR_pipeline_HG02231/HG02231.chr10.vcf.gz	1.228966 seconds
Concatenating /scratch/rohlfslab/abierly2/LongTR/longTR_pipeline_HG02231/HG02231.chr11.vcf.gz	1.172366 seconds
Concatenating /scratch/rohlfslab/abierly2/LongTR/longTR_pipeline_HG02231/HG02231.chr12.vcf.gz	1.241345 seconds
Concatenating /scratch/rohlfslab/abierly2/LongTR/longTR_pipeline_HG02231/HG02231.chr13.vcf.gz	0.859174 seconds
Concatenating /scratch/rohlfslab/abierly2/LongTR/longTR_pipeline_HG02231/HG02231.chr14.vcf.gz	0.814822 seconds
Concatenating /scratch/rohlfslab/abierly2/LongTR/longTR_pipeline_HG02231/HG02231.chr15.vcf.gz	0.772962 seconds
Concatenating /scratch/rohlfslab/abierly2/LongTR/longTR_pipeline_HG02231/HG02231.chr16.vcf.gz	0.803448 seconds
Concatenating /scratch/rohlfslab/abierly2/LongTR/longTR_pipeline_HG02231/HG02231.chr17.vcf.gz	0.829127 seconds
Concatenating /scratch/rohlfslab/abierly2/LongTR/longTR_pipeline_HG02231/HG02231.chr18.vcf.gz	0.617995 seconds
Concatenating /scratch/rohlfslab/abierly2/LongTR/longTR_pipeline_HG02231/HG02231.chr19.vcf.gz	0.682737 seconds
Concatenating /scratch/rohlfslab/abierly2/LongTR/longTR_pipeline_HG02231/HG02231.chr1.vcf.gz	2.190052 seconds
Concatenating /scratch/rohlfslab/abierly2/LongTR/longTR_pipeline_HG02231/HG02231.chr20.vcf.gz	0.513114 seconds
Concatenating /scratch/rohlfslab/abierly2/LongTR/longTR_pipeline_HG02231/HG02231.chr21.vcf.gz	0.298414 seconds
Concatenating /scratch/rohlfslab/abierly2/LongTR/longTR_pipeline_HG02231/HG02231.chr22.vcf.gz	0.362260 seconds
Concatenating /scratch/rohlfslab/abierly2/LongTR/longTR_pipeline_HG02231/HG02231.chr2.vcf.gz	2.188870 seconds
Concatenating /scratch/rohlfslab/abierly2/LongTR/longTR_pipeline_HG02231/HG02231.chr3.vcf.gz	1.744097 seconds
Concatenating /scratch/rohlfslab/abierly2/LongTR/longTR_pipeline_HG02231/HG02231.chr4.vcf.gz	1.672385 seconds
Concatenating /scratch/rohlfslab/abierly2/LongTR/longTR_pipeline_HG02231/HG02231.chr5.vcf.gz	1.585845 seconds
Concatenating /scratch/rohlfslab/abierly2/LongTR/longTR_pipeline_HG02231/HG02231.chr6.vcf.gz	1.526372 seconds
Concatenating /scratch/rohlfslab/abierly2/LongTR/longTR_pipeline_HG02231/HG02231.chr7.vcf.gz	1.474965 seconds
Concatenating /scratch/rohlfslab/abierly2/LongTR/longTR_pipeline_HG02231/HG02231.chr8.vcf.gz	1.271830 seconds
Concatenating /scratch/rohlfslab/abierly2/LongTR/longTR_pipeline_HG02231/HG02231.chr9.vcf.gz	1.078160 seconds
Concatenating /scratch/rohlfslab/abierly2/LongTR/longTR_pipeline_HG02231/HG02231.chrM.vcf.gz	0.000408 seconds
Concatenating /scratch/rohlfslab/abierly2/LongTR/longTR_pipeline_HG02231/HG02231.chrX.vcf.gz	1.129028 seconds
Concatenating /scratch/rohlfslab/abierly2/LongTR/longTR_pipeline_HG02231/HG02231.chrY.vcf.gz	0.061294 seconds
