Checking the headers and starting positions of 25 files
Concatenating /scratch/rohlfslab/abierly2/LongTR/longTR_pipeline_NA19676/NA19676.chr10.vcf.gz	0.000472 seconds
Concatenating /scratch/rohlfslab/abierly2/LongTR/longTR_pipeline_NA19676/NA19676.chr11.vcf.gz	0.000338 seconds
Concatenating /scratch/rohlfslab/abierly2/LongTR/longTR_pipeline_NA19676/NA19676.chr12.vcf.gz	0.000334 seconds
Concatenating /scratch/rohlfslab/abierly2/LongTR/longTR_pipeline_NA19676/NA19676.chr13.vcf.gz	0.000324 seconds
Concatenating /scratch/rohlfslab/abierly2/LongTR/longTR_pipeline_NA19676/NA19676.chr14.vcf.gz	0.000416 seconds
Concatenating /scratch/rohlfslab/abierly2/LongTR/longTR_pipeline_NA19676/NA19676.chr15.vcf.gz	0.000300 seconds
Concatenating /scratch/rohlfslab/abierly2/LongTR/longTR_pipeline_NA19676/NA19676.chr16.vcf.gz	0.000280 seconds
Concatenating /scratch/rohlfslab/abierly2/LongTR/longTR_pipeline_NA19676/NA19676.chr17.vcf.gz	0.000322 seconds
Concatenating /scratch/rohlfslab/abierly2/LongTR/longTR_pipeline_NA19676/NA19676.chr18.vcf.gz	0.000277 seconds
Concatenating /scratch/rohlfslab/abierly2/LongTR/longTR_pipeline_NA19676/NA19676.chr19.vcf.gz	0.000268 seconds
Concatenating /scratch/rohlfslab/abierly2/LongTR/longTR_pipeline_NA19676/NA19676.chr1.vcf.gz	0.000378 seconds
Concatenating /scratch/rohlfslab/abierly2/LongTR/longTR_pipeline_NA19676/NA19676.chr20.vcf.gz	0.000358 seconds
Concatenating /scratch/rohlfslab/abierly2/LongTR/longTR_pipeline_NA19676/NA19676.chr21.vcf.gz	0.000299 seconds
Concatenating /scratch/rohlfslab/abierly2/LongTR/longTR_pipeline_NA19676/NA19676.chr22.vcf.gz	0.000327 seconds
Concatenating /scratch/rohlfslab/abierly2/LongTR/longTR_pipeline_NA19676/NA19676.chr2.vcf.gz	0.000433 seconds
Concatenating /scratch/rohlfslab/abierly2/LongTR/longTR_pipeline_NA19676/NA19676.chr3.vcf.gz	0.000446 seconds
Concatenating /scratch/rohlfslab/abierly2/LongTR/longTR_pipeline_NA19676/NA19676.chr4.vcf.gz	0.000460 seconds
Concatenating /scratch/rohlfslab/abierly2/LongTR/longTR_pipeline_NA19676/NA19676.chr5.vcf.gz	0.000407 seconds
Concatenating /scratch/rohlfslab/abierly2/LongTR/longTR_pipeline_NA19676/NA19676.chr6.vcf.gz	0.000347 seconds
Concatenating /scratch/rohlfslab/abierly2/LongTR/longTR_pipeline_NA19676/NA19676.chr7.vcf.gz	0.000440 seconds
Concatenating /scratch/rohlfslab/abierly2/LongTR/longTR_pipeline_NA19676/NA19676.chr8.vcf.gz	0.000277 seconds
Concatenating /scratch/rohlfslab/abierly2/LongTR/longTR_pipeline_NA19676/NA19676.chr9.vcf.gz	0.000283 seconds
Concatenating /scratch/rohlfslab/abierly2/LongTR/longTR_pipeline_NA19676/NA19676.chrM.vcf.gz	0.000281 seconds
Concatenating /scratch/rohlfslab/abierly2/LongTR/longTR_pipeline_NA19676/NA19676.chrX.vcf.gz	0.000257 seconds
Concatenating /scratch/rohlfslab/abierly2/LongTR/longTR_pipeline_NA19676/NA19676.chrY.vcf.gz	0.000252 seconds
