Checking the headers and starting positions of 25 files
Concatenating /scratch/rohlfslab/abierly2/LongTR/longTR_pipeline_HG04118/HG04118.chr10.vcf.gz	0.017432 seconds
Concatenating /scratch/rohlfslab/abierly2/LongTR/longTR_pipeline_HG04118/HG04118.chr11.vcf.gz	0.016943 seconds
Concatenating /scratch/rohlfslab/abierly2/LongTR/longTR_pipeline_HG04118/HG04118.chr12.vcf.gz	0.016452 seconds
Concatenating /scratch/rohlfslab/abierly2/LongTR/longTR_pipeline_HG04118/HG04118.chr13.vcf.gz	0.011450 seconds
Concatenating /scratch/rohlfslab/abierly2/LongTR/longTR_pipeline_HG04118/HG04118.chr14.vcf.gz	0.011303 seconds
Concatenating /scratch/rohlfslab/abierly2/LongTR/longTR_pipeline_HG04118/HG04118.chr15.vcf.gz	0.013030 seconds
Concatenating /scratch/rohlfslab/abierly2/LongTR/longTR_pipeline_HG04118/HG04118.chr16.vcf.gz	0.014596 seconds
Concatenating /scratch/rohlfslab/abierly2/LongTR/longTR_pipeline_HG04118/HG04118.chr17.vcf.gz	0.012721 seconds
Concatenating /scratch/rohlfslab/abierly2/LongTR/longTR_pipeline_HG04118/HG04118.chr18.vcf.gz	0.007786 seconds
Concatenating /scratch/rohlfslab/abierly2/LongTR/longTR_pipeline_HG04118/HG04118.chr19.vcf.gz	0.011171 seconds
Concatenating /scratch/rohlfslab/abierly2/LongTR/longTR_pipeline_HG04118/HG04118.chr1.vcf.gz	0.029412 seconds
Concatenating /scratch/rohlfslab/abierly2/LongTR/longTR_pipeline_HG04118/HG04118.chr20.vcf.gz	0.007520 seconds
Concatenating /scratch/rohlfslab/abierly2/LongTR/longTR_pipeline_HG04118/HG04118.chr21.vcf.gz	0.004118 seconds
Concatenating /scratch/rohlfslab/abierly2/LongTR/longTR_pipeline_HG04118/HG04118.chr22.vcf.gz	0.005674 seconds
Concatenating /scratch/rohlfslab/abierly2/LongTR/longTR_pipeline_HG04118/HG04118.chr2.vcf.gz	0.027965 seconds
Concatenating /scratch/rohlfslab/abierly2/LongTR/longTR_pipeline_HG04118/HG04118.chr3.vcf.gz	0.022502 seconds
Concatenating /scratch/rohlfslab/abierly2/LongTR/longTR_pipeline_HG04118/HG04118.chr4.vcf.gz	0.020538 seconds
Concatenating /scratch/rohlfslab/abierly2/LongTR/longTR_pipeline_HG04118/HG04118.chr5.vcf.gz	0.020758 seconds
Concatenating /scratch/rohlfslab/abierly2/LongTR/longTR_pipeline_HG04118/HG04118.chr6.vcf.gz	0.022221 seconds
Concatenating /scratch/rohlfslab/abierly2/LongTR/longTR_pipeline_HG04118/HG04118.chr7.vcf.gz	0.020447 seconds
Concatenating /scratch/rohlfslab/abierly2/LongTR/longTR_pipeline_HG04118/HG04118.chr8.vcf.gz	0.016748 seconds
Concatenating /scratch/rohlfslab/abierly2/LongTR/longTR_pipeline_HG04118/HG04118.chr9.vcf.gz	0.015230 seconds
Concatenating /scratch/rohlfslab/abierly2/LongTR/longTR_pipeline_HG04118/HG04118.chrM.vcf.gz	0.000277 seconds
Concatenating /scratch/rohlfslab/abierly2/LongTR/longTR_pipeline_HG04118/HG04118.chrX.vcf.gz	0.013310 seconds
Concatenating /scratch/rohlfslab/abierly2/LongTR/longTR_pipeline_HG04118/HG04118.chrY.vcf.gz	0.000272 seconds
