Checking the headers and starting positions of 25 files
Concatenating /scratch/rohlfslab/abierly2/LongTR/longTR_pipeline_HG03786/HG03786.chr10.vcf.gz	1.232306 seconds
Concatenating /scratch/rohlfslab/abierly2/LongTR/longTR_pipeline_HG03786/HG03786.chr11.vcf.gz	1.170842 seconds
Concatenating /scratch/rohlfslab/abierly2/LongTR/longTR_pipeline_HG03786/HG03786.chr12.vcf.gz	1.258739 seconds
Concatenating /scratch/rohlfslab/abierly2/LongTR/longTR_pipeline_HG03786/HG03786.chr13.vcf.gz	0.860566 seconds
Concatenating /scratch/rohlfslab/abierly2/LongTR/longTR_pipeline_HG03786/HG03786.chr14.vcf.gz	0.815907 seconds
Concatenating /scratch/rohlfslab/abierly2/LongTR/longTR_pipeline_HG03786/HG03786.chr15.vcf.gz	0.761531 seconds
Concatenating /scratch/rohlfslab/abierly2/LongTR/longTR_pipeline_HG03786/HG03786.chr16.vcf.gz	0.790540 seconds
Concatenating /scratch/rohlfslab/abierly2/LongTR/longTR_pipeline_HG03786/HG03786.chr17.vcf.gz	0.822197 seconds
Concatenating /scratch/rohlfslab/abierly2/LongTR/longTR_pipeline_HG03786/HG03786.chr18.vcf.gz	0.621861 seconds
Concatenating /scratch/rohlfslab/abierly2/LongTR/longTR_pipeline_HG03786/HG03786.chr19.vcf.gz	0.675841 seconds
Concatenating /scratch/rohlfslab/abierly2/LongTR/longTR_pipeline_HG03786/HG03786.chr1.vcf.gz	2.207768 seconds
Concatenating /scratch/rohlfslab/abierly2/LongTR/longTR_pipeline_HG03786/HG03786.chr20.vcf.gz	0.517200 seconds
Concatenating /scratch/rohlfslab/abierly2/LongTR/longTR_pipeline_HG03786/HG03786.chr21.vcf.gz	0.298175 seconds
Concatenating /scratch/rohlfslab/abierly2/LongTR/longTR_pipeline_HG03786/HG03786.chr22.vcf.gz	0.362390 seconds
Concatenating /scratch/rohlfslab/abierly2/LongTR/longTR_pipeline_HG03786/HG03786.chr2.vcf.gz	2.202060 seconds
Concatenating /scratch/rohlfslab/abierly2/LongTR/longTR_pipeline_HG03786/HG03786.chr3.vcf.gz	1.748871 seconds
Concatenating /scratch/rohlfslab/abierly2/LongTR/longTR_pipeline_HG03786/HG03786.chr4.vcf.gz	1.678661 seconds
Concatenating /scratch/rohlfslab/abierly2/LongTR/longTR_pipeline_HG03786/HG03786.chr5.vcf.gz	1.590207 seconds
Concatenating /scratch/rohlfslab/abierly2/LongTR/longTR_pipeline_HG03786/HG03786.chr6.vcf.gz	1.531044 seconds
Concatenating /scratch/rohlfslab/abierly2/LongTR/longTR_pipeline_HG03786/HG03786.chr7.vcf.gz	1.475800 seconds
Concatenating /scratch/rohlfslab/abierly2/LongTR/longTR_pipeline_HG03786/HG03786.chr8.vcf.gz	1.275745 seconds
Concatenating /scratch/rohlfslab/abierly2/LongTR/longTR_pipeline_HG03786/HG03786.chr9.vcf.gz	1.081851 seconds
Concatenating /scratch/rohlfslab/abierly2/LongTR/longTR_pipeline_HG03786/HG03786.chrM.vcf.gz	0.000360 seconds
Concatenating /scratch/rohlfslab/abierly2/LongTR/longTR_pipeline_HG03786/HG03786.chrX.vcf.gz	0.779354 seconds
Concatenating /scratch/rohlfslab/abierly2/LongTR/longTR_pipeline_HG03786/HG03786.chrY.vcf.gz	0.042591 seconds
