Checking the headers and starting positions of 25 files
Concatenating /scratch/rohlfslab/abierly2/LongTR/longTR_pipeline_NA19759/NA19759.chr10.vcf.gz	0.912548 seconds
Concatenating /scratch/rohlfslab/abierly2/LongTR/longTR_pipeline_NA19759/NA19759.chr11.vcf.gz	0.866718 seconds
Concatenating /scratch/rohlfslab/abierly2/LongTR/longTR_pipeline_NA19759/NA19759.chr12.vcf.gz	0.933243 seconds
Concatenating /scratch/rohlfslab/abierly2/LongTR/longTR_pipeline_NA19759/NA19759.chr13.vcf.gz	0.621638 seconds
Concatenating /scratch/rohlfslab/abierly2/LongTR/longTR_pipeline_NA19759/NA19759.chr14.vcf.gz	0.600374 seconds
Concatenating /scratch/rohlfslab/abierly2/LongTR/longTR_pipeline_NA19759/NA19759.chr15.vcf.gz	0.576206 seconds
Concatenating /scratch/rohlfslab/abierly2/LongTR/longTR_pipeline_NA19759/NA19759.chr16.vcf.gz	0.593418 seconds
Concatenating /scratch/rohlfslab/abierly2/LongTR/longTR_pipeline_NA19759/NA19759.chr17.vcf.gz	0.641794 seconds
Concatenating /scratch/rohlfslab/abierly2/LongTR/longTR_pipeline_NA19759/NA19759.chr18.vcf.gz	0.443749 seconds
Concatenating /scratch/rohlfslab/abierly2/LongTR/longTR_pipeline_NA19759/NA19759.chr19.vcf.gz	0.528057 seconds
Concatenating /scratch/rohlfslab/abierly2/LongTR/longTR_pipeline_NA19759/NA19759.chr1.vcf.gz	1.635159 seconds
Concatenating /scratch/rohlfslab/abierly2/LongTR/longTR_pipeline_NA19759/NA19759.chr20.vcf.gz	0.388798 seconds
Concatenating /scratch/rohlfslab/abierly2/LongTR/longTR_pipeline_NA19759/NA19759.chr21.vcf.gz	0.224205 seconds
Concatenating /scratch/rohlfslab/abierly2/LongTR/longTR_pipeline_NA19759/NA19759.chr22.vcf.gz	0.277189 seconds
Concatenating /scratch/rohlfslab/abierly2/LongTR/longTR_pipeline_NA19759/NA19759.chr2.vcf.gz	1.608686 seconds
Concatenating /scratch/rohlfslab/abierly2/LongTR/longTR_pipeline_NA19759/NA19759.chr3.vcf.gz	1.301441 seconds
Concatenating /scratch/rohlfslab/abierly2/LongTR/longTR_pipeline_NA19759/NA19759.chr4.vcf.gz	1.205921 seconds
Concatenating /scratch/rohlfslab/abierly2/LongTR/longTR_pipeline_NA19759/NA19759.chr5.vcf.gz	1.150789 seconds
Concatenating /scratch/rohlfslab/abierly2/LongTR/longTR_pipeline_NA19759/NA19759.chr6.vcf.gz	1.121231 seconds
Concatenating /scratch/rohlfslab/abierly2/LongTR/longTR_pipeline_NA19759/NA19759.chr7.vcf.gz	1.081044 seconds
Concatenating /scratch/rohlfslab/abierly2/LongTR/longTR_pipeline_NA19759/NA19759.chr8.vcf.gz	0.920863 seconds
Concatenating /scratch/rohlfslab/abierly2/LongTR/longTR_pipeline_NA19759/NA19759.chr9.vcf.gz	0.786976 seconds
Concatenating /scratch/rohlfslab/abierly2/LongTR/longTR_pipeline_NA19759/NA19759.chrM.vcf.gz	0.000315 seconds
Concatenating /scratch/rohlfslab/abierly2/LongTR/longTR_pipeline_NA19759/NA19759.chrX.vcf.gz	0.144208 seconds
Concatenating /scratch/rohlfslab/abierly2/LongTR/longTR_pipeline_NA19759/NA19759.chrY.vcf.gz	0.006229 seconds
