Checking the headers and starting positions of 25 files
Concatenating /scratch/rohlfslab/abierly2/LongTR/longTR_pipeline_HG01947/HG01947.chr10.vcf.gz	1.208406 seconds
Concatenating /scratch/rohlfslab/abierly2/LongTR/longTR_pipeline_HG01947/HG01947.chr11.vcf.gz	1.155613 seconds
Concatenating /scratch/rohlfslab/abierly2/LongTR/longTR_pipeline_HG01947/HG01947.chr12.vcf.gz	1.224189 seconds
Concatenating /scratch/rohlfslab/abierly2/LongTR/longTR_pipeline_HG01947/HG01947.chr13.vcf.gz	0.841940 seconds
Concatenating /scratch/rohlfslab/abierly2/LongTR/longTR_pipeline_HG01947/HG01947.chr14.vcf.gz	0.800359 seconds
Concatenating /scratch/rohlfslab/abierly2/LongTR/longTR_pipeline_HG01947/HG01947.chr15.vcf.gz	0.747843 seconds
Concatenating /scratch/rohlfslab/abierly2/LongTR/longTR_pipeline_HG01947/HG01947.chr16.vcf.gz	0.787398 seconds
Concatenating /scratch/rohlfslab/abierly2/LongTR/longTR_pipeline_HG01947/HG01947.chr17.vcf.gz	0.820040 seconds
Concatenating /scratch/rohlfslab/abierly2/LongTR/longTR_pipeline_HG01947/HG01947.chr18.vcf.gz	0.611407 seconds
Concatenating /scratch/rohlfslab/abierly2/LongTR/longTR_pipeline_HG01947/HG01947.chr19.vcf.gz	0.675595 seconds
Concatenating /scratch/rohlfslab/abierly2/LongTR/longTR_pipeline_HG01947/HG01947.chr1.vcf.gz	2.155471 seconds
Concatenating /scratch/rohlfslab/abierly2/LongTR/longTR_pipeline_HG01947/HG01947.chr20.vcf.gz	0.509340 seconds
Concatenating /scratch/rohlfslab/abierly2/LongTR/longTR_pipeline_HG01947/HG01947.chr21.vcf.gz	0.293664 seconds
Concatenating /scratch/rohlfslab/abierly2/LongTR/longTR_pipeline_HG01947/HG01947.chr22.vcf.gz	0.354103 seconds
Concatenating /scratch/rohlfslab/abierly2/LongTR/longTR_pipeline_HG01947/HG01947.chr2.vcf.gz	2.153746 seconds
Concatenating /scratch/rohlfslab/abierly2/LongTR/longTR_pipeline_HG01947/HG01947.chr3.vcf.gz	1.722465 seconds
Concatenating /scratch/rohlfslab/abierly2/LongTR/longTR_pipeline_HG01947/HG01947.chr4.vcf.gz	1.647413 seconds
Concatenating /scratch/rohlfslab/abierly2/LongTR/longTR_pipeline_HG01947/HG01947.chr5.vcf.gz	1.558181 seconds
Concatenating /scratch/rohlfslab/abierly2/LongTR/longTR_pipeline_HG01947/HG01947.chr6.vcf.gz	1.527643 seconds
Concatenating /scratch/rohlfslab/abierly2/LongTR/longTR_pipeline_HG01947/HG01947.chr7.vcf.gz	1.446330 seconds
Concatenating /scratch/rohlfslab/abierly2/LongTR/longTR_pipeline_HG01947/HG01947.chr8.vcf.gz	1.248604 seconds
Concatenating /scratch/rohlfslab/abierly2/LongTR/longTR_pipeline_HG01947/HG01947.chr9.vcf.gz	1.057816 seconds
Concatenating /scratch/rohlfslab/abierly2/LongTR/longTR_pipeline_HG01947/HG01947.chrM.vcf.gz	0.000372 seconds
Concatenating /scratch/rohlfslab/abierly2/LongTR/longTR_pipeline_HG01947/HG01947.chrX.vcf.gz	0.629481 seconds
Concatenating /scratch/rohlfslab/abierly2/LongTR/longTR_pipeline_HG01947/HG01947.chrY.vcf.gz	0.029856 seconds
