Checking the headers and starting positions of 25 files
Concatenating /scratch/rohlfslab/abierly2/LongTR/longTR_pipeline_HG01983/HG01983.chr10.vcf.gz	1.148091 seconds
Concatenating /scratch/rohlfslab/abierly2/LongTR/longTR_pipeline_HG01983/HG01983.chr11.vcf.gz	1.092058 seconds
Concatenating /scratch/rohlfslab/abierly2/LongTR/longTR_pipeline_HG01983/HG01983.chr12.vcf.gz	1.227391 seconds
Concatenating /scratch/rohlfslab/abierly2/LongTR/longTR_pipeline_HG01983/HG01983.chr13.vcf.gz	0.796017 seconds
Concatenating /scratch/rohlfslab/abierly2/LongTR/longTR_pipeline_HG01983/HG01983.chr14.vcf.gz	0.752852 seconds
Concatenating /scratch/rohlfslab/abierly2/LongTR/longTR_pipeline_HG01983/HG01983.chr15.vcf.gz	0.710499 seconds
Concatenating /scratch/rohlfslab/abierly2/LongTR/longTR_pipeline_HG01983/HG01983.chr16.vcf.gz	0.738607 seconds
Concatenating /scratch/rohlfslab/abierly2/LongTR/longTR_pipeline_HG01983/HG01983.chr17.vcf.gz	0.774374 seconds
Concatenating /scratch/rohlfslab/abierly2/LongTR/longTR_pipeline_HG01983/HG01983.chr18.vcf.gz	0.576780 seconds
Concatenating /scratch/rohlfslab/abierly2/LongTR/longTR_pipeline_HG01983/HG01983.chr19.vcf.gz	0.634572 seconds
Concatenating /scratch/rohlfslab/abierly2/LongTR/longTR_pipeline_HG01983/HG01983.chr1.vcf.gz	2.045883 seconds
Concatenating /scratch/rohlfslab/abierly2/LongTR/longTR_pipeline_HG01983/HG01983.chr20.vcf.gz	0.480271 seconds
Concatenating /scratch/rohlfslab/abierly2/LongTR/longTR_pipeline_HG01983/HG01983.chr21.vcf.gz	0.276951 seconds
Concatenating /scratch/rohlfslab/abierly2/LongTR/longTR_pipeline_HG01983/HG01983.chr22.vcf.gz	0.336769 seconds
Concatenating /scratch/rohlfslab/abierly2/LongTR/longTR_pipeline_HG01983/HG01983.chr2.vcf.gz	2.053767 seconds
Concatenating /scratch/rohlfslab/abierly2/LongTR/longTR_pipeline_HG01983/HG01983.chr3.vcf.gz	1.649034 seconds
Concatenating /scratch/rohlfslab/abierly2/LongTR/longTR_pipeline_HG01983/HG01983.chr4.vcf.gz	1.556592 seconds
Concatenating /scratch/rohlfslab/abierly2/LongTR/longTR_pipeline_HG01983/HG01983.chr5.vcf.gz	1.473150 seconds
Concatenating /scratch/rohlfslab/abierly2/LongTR/longTR_pipeline_HG01983/HG01983.chr6.vcf.gz	1.431573 seconds
Concatenating /scratch/rohlfslab/abierly2/LongTR/longTR_pipeline_HG01983/HG01983.chr7.vcf.gz	1.368288 seconds
Concatenating /scratch/rohlfslab/abierly2/LongTR/longTR_pipeline_HG01983/HG01983.chr8.vcf.gz	1.188802 seconds
Concatenating /scratch/rohlfslab/abierly2/LongTR/longTR_pipeline_HG01983/HG01983.chr9.vcf.gz	1.002983 seconds
Concatenating /scratch/rohlfslab/abierly2/LongTR/longTR_pipeline_HG01983/HG01983.chrM.vcf.gz	0.000305 seconds
Concatenating /scratch/rohlfslab/abierly2/LongTR/longTR_pipeline_HG01983/HG01983.chrX.vcf.gz	1.228349 seconds
Concatenating /scratch/rohlfslab/abierly2/LongTR/longTR_pipeline_HG01983/HG01983.chrY.vcf.gz	0.000298 seconds
