Checking the headers and starting positions of 25 files
Concatenating /scratch/rohlfslab/abierly2/LongTR/longTR_pipeline_HG02275/HG02275.chr10.vcf.gz	1.232061 seconds
Concatenating /scratch/rohlfslab/abierly2/LongTR/longTR_pipeline_HG02275/HG02275.chr11.vcf.gz	1.194030 seconds
Concatenating /scratch/rohlfslab/abierly2/LongTR/longTR_pipeline_HG02275/HG02275.chr12.vcf.gz	1.243840 seconds
Concatenating /scratch/rohlfslab/abierly2/LongTR/longTR_pipeline_HG02275/HG02275.chr13.vcf.gz	0.864375 seconds
Concatenating /scratch/rohlfslab/abierly2/LongTR/longTR_pipeline_HG02275/HG02275.chr14.vcf.gz	0.816618 seconds
Concatenating /scratch/rohlfslab/abierly2/LongTR/longTR_pipeline_HG02275/HG02275.chr15.vcf.gz	0.760733 seconds
Concatenating /scratch/rohlfslab/abierly2/LongTR/longTR_pipeline_HG02275/HG02275.chr16.vcf.gz	0.800278 seconds
Concatenating /scratch/rohlfslab/abierly2/LongTR/longTR_pipeline_HG02275/HG02275.chr17.vcf.gz	0.833106 seconds
Concatenating /scratch/rohlfslab/abierly2/LongTR/longTR_pipeline_HG02275/HG02275.chr18.vcf.gz	0.619005 seconds
Concatenating /scratch/rohlfslab/abierly2/LongTR/longTR_pipeline_HG02275/HG02275.chr19.vcf.gz	0.694421 seconds
Concatenating /scratch/rohlfslab/abierly2/LongTR/longTR_pipeline_HG02275/HG02275.chr1.vcf.gz	2.193110 seconds
Concatenating /scratch/rohlfslab/abierly2/LongTR/longTR_pipeline_HG02275/HG02275.chr20.vcf.gz	0.516210 seconds
Concatenating /scratch/rohlfslab/abierly2/LongTR/longTR_pipeline_HG02275/HG02275.chr21.vcf.gz	0.301202 seconds
Concatenating /scratch/rohlfslab/abierly2/LongTR/longTR_pipeline_HG02275/HG02275.chr22.vcf.gz	0.360251 seconds
Concatenating /scratch/rohlfslab/abierly2/LongTR/longTR_pipeline_HG02275/HG02275.chr2.vcf.gz	2.196076 seconds
Concatenating /scratch/rohlfslab/abierly2/LongTR/longTR_pipeline_HG02275/HG02275.chr3.vcf.gz	1.747163 seconds
Concatenating /scratch/rohlfslab/abierly2/LongTR/longTR_pipeline_HG02275/HG02275.chr4.vcf.gz	1.672425 seconds
Concatenating /scratch/rohlfslab/abierly2/LongTR/longTR_pipeline_HG02275/HG02275.chr5.vcf.gz	1.584079 seconds
Concatenating /scratch/rohlfslab/abierly2/LongTR/longTR_pipeline_HG02275/HG02275.chr6.vcf.gz	1.527690 seconds
Concatenating /scratch/rohlfslab/abierly2/LongTR/longTR_pipeline_HG02275/HG02275.chr7.vcf.gz	1.473733 seconds
Concatenating /scratch/rohlfslab/abierly2/LongTR/longTR_pipeline_HG02275/HG02275.chr8.vcf.gz	1.277732 seconds
Concatenating /scratch/rohlfslab/abierly2/LongTR/longTR_pipeline_HG02275/HG02275.chr9.vcf.gz	1.110822 seconds
Concatenating /scratch/rohlfslab/abierly2/LongTR/longTR_pipeline_HG02275/HG02275.chrM.vcf.gz	0.000420 seconds
Concatenating /scratch/rohlfslab/abierly2/LongTR/longTR_pipeline_HG02275/HG02275.chrX.vcf.gz	1.317064 seconds
Concatenating /scratch/rohlfslab/abierly2/LongTR/longTR_pipeline_HG02275/HG02275.chrY.vcf.gz	0.000410 seconds
