Checking the headers and starting positions of 25 files
Concatenating /scratch/rohlfslab/abierly2/LongTR/longTR_pipeline_HG03792/HG03792.chr10.vcf.gz	1.232280 seconds
Concatenating /scratch/rohlfslab/abierly2/LongTR/longTR_pipeline_HG03792/HG03792.chr11.vcf.gz	1.173433 seconds
Concatenating /scratch/rohlfslab/abierly2/LongTR/longTR_pipeline_HG03792/HG03792.chr12.vcf.gz	1.242193 seconds
Concatenating /scratch/rohlfslab/abierly2/LongTR/longTR_pipeline_HG03792/HG03792.chr13.vcf.gz	0.858608 seconds
Concatenating /scratch/rohlfslab/abierly2/LongTR/longTR_pipeline_HG03792/HG03792.chr14.vcf.gz	0.815212 seconds
Concatenating /scratch/rohlfslab/abierly2/LongTR/longTR_pipeline_HG03792/HG03792.chr15.vcf.gz	0.762361 seconds
Concatenating /scratch/rohlfslab/abierly2/LongTR/longTR_pipeline_HG03792/HG03792.chr16.vcf.gz	0.802983 seconds
Concatenating /scratch/rohlfslab/abierly2/LongTR/longTR_pipeline_HG03792/HG03792.chr17.vcf.gz	0.831024 seconds
Concatenating /scratch/rohlfslab/abierly2/LongTR/longTR_pipeline_HG03792/HG03792.chr18.vcf.gz	0.619017 seconds
Concatenating /scratch/rohlfslab/abierly2/LongTR/longTR_pipeline_HG03792/HG03792.chr19.vcf.gz	0.691105 seconds
Concatenating /scratch/rohlfslab/abierly2/LongTR/longTR_pipeline_HG03792/HG03792.chr1.vcf.gz	2.191062 seconds
Concatenating /scratch/rohlfslab/abierly2/LongTR/longTR_pipeline_HG03792/HG03792.chr20.vcf.gz	0.519483 seconds
Concatenating /scratch/rohlfslab/abierly2/LongTR/longTR_pipeline_HG03792/HG03792.chr21.vcf.gz	0.297561 seconds
Concatenating /scratch/rohlfslab/abierly2/LongTR/longTR_pipeline_HG03792/HG03792.chr22.vcf.gz	0.362982 seconds
Concatenating /scratch/rohlfslab/abierly2/LongTR/longTR_pipeline_HG03792/HG03792.chr2.vcf.gz	2.188463 seconds
Concatenating /scratch/rohlfslab/abierly2/LongTR/longTR_pipeline_HG03792/HG03792.chr3.vcf.gz	1.745203 seconds
Concatenating /scratch/rohlfslab/abierly2/LongTR/longTR_pipeline_HG03792/HG03792.chr4.vcf.gz	1.675907 seconds
Concatenating /scratch/rohlfslab/abierly2/LongTR/longTR_pipeline_HG03792/HG03792.chr5.vcf.gz	1.588414 seconds
Concatenating /scratch/rohlfslab/abierly2/LongTR/longTR_pipeline_HG03792/HG03792.chr6.vcf.gz	1.527629 seconds
Concatenating /scratch/rohlfslab/abierly2/LongTR/longTR_pipeline_HG03792/HG03792.chr7.vcf.gz	1.471239 seconds
Concatenating /scratch/rohlfslab/abierly2/LongTR/longTR_pipeline_HG03792/HG03792.chr8.vcf.gz	1.273236 seconds
Concatenating /scratch/rohlfslab/abierly2/LongTR/longTR_pipeline_HG03792/HG03792.chr9.vcf.gz	1.081106 seconds
Concatenating /scratch/rohlfslab/abierly2/LongTR/longTR_pipeline_HG03792/HG03792.chrM.vcf.gz	0.000309 seconds
Concatenating /scratch/rohlfslab/abierly2/LongTR/longTR_pipeline_HG03792/HG03792.chrX.vcf.gz	0.767299 seconds
Concatenating /scratch/rohlfslab/abierly2/LongTR/longTR_pipeline_HG03792/HG03792.chrY.vcf.gz	0.039655 seconds
