Checking the headers and starting positions of 25 files
Concatenating /scratch/rohlfslab/abierly2/LongTR/longTR_pipeline_NA07014/NA07014.chr10.vcf.gz	0.895451 seconds
Concatenating /scratch/rohlfslab/abierly2/LongTR/longTR_pipeline_NA07014/NA07014.chr11.vcf.gz	0.875729 seconds
Concatenating /scratch/rohlfslab/abierly2/LongTR/longTR_pipeline_NA07014/NA07014.chr12.vcf.gz	0.933942 seconds
Concatenating /scratch/rohlfslab/abierly2/LongTR/longTR_pipeline_NA07014/NA07014.chr13.vcf.gz	0.642059 seconds
Concatenating /scratch/rohlfslab/abierly2/LongTR/longTR_pipeline_NA07014/NA07014.chr14.vcf.gz	0.610813 seconds
Concatenating /scratch/rohlfslab/abierly2/LongTR/longTR_pipeline_NA07014/NA07014.chr15.vcf.gz	0.570561 seconds
Concatenating /scratch/rohlfslab/abierly2/LongTR/longTR_pipeline_NA07014/NA07014.chr16.vcf.gz	0.571953 seconds
Concatenating /scratch/rohlfslab/abierly2/LongTR/longTR_pipeline_NA07014/NA07014.chr17.vcf.gz	0.595510 seconds
Concatenating /scratch/rohlfslab/abierly2/LongTR/longTR_pipeline_NA07014/NA07014.chr18.vcf.gz	0.460211 seconds
Concatenating /scratch/rohlfslab/abierly2/LongTR/longTR_pipeline_NA07014/NA07014.chr19.vcf.gz	0.464200 seconds
Concatenating /scratch/rohlfslab/abierly2/LongTR/longTR_pipeline_NA07014/NA07014.chr1.vcf.gz	1.622455 seconds
Concatenating /scratch/rohlfslab/abierly2/LongTR/longTR_pipeline_NA07014/NA07014.chr20.vcf.gz	0.374006 seconds
Concatenating /scratch/rohlfslab/abierly2/LongTR/longTR_pipeline_NA07014/NA07014.chr21.vcf.gz	0.218576 seconds
Concatenating /scratch/rohlfslab/abierly2/LongTR/longTR_pipeline_NA07014/NA07014.chr22.vcf.gz	0.248365 seconds
Concatenating /scratch/rohlfslab/abierly2/LongTR/longTR_pipeline_NA07014/NA07014.chr2.vcf.gz	1.638906 seconds
Concatenating /scratch/rohlfslab/abierly2/LongTR/longTR_pipeline_NA07014/NA07014.chr3.vcf.gz	1.327121 seconds
Concatenating /scratch/rohlfslab/abierly2/LongTR/longTR_pipeline_NA07014/NA07014.chr4.vcf.gz	1.263575 seconds
Concatenating /scratch/rohlfslab/abierly2/LongTR/longTR_pipeline_NA07014/NA07014.chr5.vcf.gz	1.191340 seconds
Concatenating /scratch/rohlfslab/abierly2/LongTR/longTR_pipeline_NA07014/NA07014.chr6.vcf.gz	1.163208 seconds
Concatenating /scratch/rohlfslab/abierly2/LongTR/longTR_pipeline_NA07014/NA07014.chr7.vcf.gz	1.079892 seconds
Concatenating /scratch/rohlfslab/abierly2/LongTR/longTR_pipeline_NA07014/NA07014.chr8.vcf.gz	0.958529 seconds
Concatenating /scratch/rohlfslab/abierly2/LongTR/longTR_pipeline_NA07014/NA07014.chr9.vcf.gz	0.797761 seconds
Concatenating /scratch/rohlfslab/abierly2/LongTR/longTR_pipeline_NA07014/NA07014.chrM.vcf.gz	0.000419 seconds
Concatenating /scratch/rohlfslab/abierly2/LongTR/longTR_pipeline_NA07014/NA07014.chrX.vcf.gz	0.962526 seconds
Concatenating /scratch/rohlfslab/abierly2/LongTR/longTR_pipeline_NA07014/NA07014.chrY.vcf.gz	0.000435 seconds
