Checking the headers and starting positions of 25 files
Concatenating /scratch/rohlfslab/abierly2/LongTR/longTR_pipeline_NA19011/NA19011.chr10.vcf.gz	0.629011 seconds
Concatenating /scratch/rohlfslab/abierly2/LongTR/longTR_pipeline_NA19011/NA19011.chr11.vcf.gz	0.606586 seconds
Concatenating /scratch/rohlfslab/abierly2/LongTR/longTR_pipeline_NA19011/NA19011.chr12.vcf.gz	0.660590 seconds
Concatenating /scratch/rohlfslab/abierly2/LongTR/longTR_pipeline_NA19011/NA19011.chr13.vcf.gz	0.429319 seconds
Concatenating /scratch/rohlfslab/abierly2/LongTR/longTR_pipeline_NA19011/NA19011.chr14.vcf.gz	0.422951 seconds
Concatenating /scratch/rohlfslab/abierly2/LongTR/longTR_pipeline_NA19011/NA19011.chr15.vcf.gz	0.405595 seconds
Concatenating /scratch/rohlfslab/abierly2/LongTR/longTR_pipeline_NA19011/NA19011.chr16.vcf.gz	0.406137 seconds
Concatenating /scratch/rohlfslab/abierly2/LongTR/longTR_pipeline_NA19011/NA19011.chr17.vcf.gz	0.441669 seconds
Concatenating /scratch/rohlfslab/abierly2/LongTR/longTR_pipeline_NA19011/NA19011.chr18.vcf.gz	0.299430 seconds
Concatenating /scratch/rohlfslab/abierly2/LongTR/longTR_pipeline_NA19011/NA19011.chr19.vcf.gz	0.356190 seconds
Concatenating /scratch/rohlfslab/abierly2/LongTR/longTR_pipeline_NA19011/NA19011.chr1.vcf.gz	1.137839 seconds
Concatenating /scratch/rohlfslab/abierly2/LongTR/longTR_pipeline_NA19011/NA19011.chr20.vcf.gz	0.267958 seconds
Concatenating /scratch/rohlfslab/abierly2/LongTR/longTR_pipeline_NA19011/NA19011.chr21.vcf.gz	0.151844 seconds
Concatenating /scratch/rohlfslab/abierly2/LongTR/longTR_pipeline_NA19011/NA19011.chr22.vcf.gz	0.201090 seconds
Concatenating /scratch/rohlfslab/abierly2/LongTR/longTR_pipeline_NA19011/NA19011.chr2.vcf.gz	1.117585 seconds
Concatenating /scratch/rohlfslab/abierly2/LongTR/longTR_pipeline_NA19011/NA19011.chr3.vcf.gz	0.891972 seconds
Concatenating /scratch/rohlfslab/abierly2/LongTR/longTR_pipeline_NA19011/NA19011.chr4.vcf.gz	0.831184 seconds
Concatenating /scratch/rohlfslab/abierly2/LongTR/longTR_pipeline_NA19011/NA19011.chr5.vcf.gz	0.781856 seconds
Concatenating /scratch/rohlfslab/abierly2/LongTR/longTR_pipeline_NA19011/NA19011.chr6.vcf.gz	0.780591 seconds
Concatenating /scratch/rohlfslab/abierly2/LongTR/longTR_pipeline_NA19011/NA19011.chr7.vcf.gz	0.739123 seconds
Concatenating /scratch/rohlfslab/abierly2/LongTR/longTR_pipeline_NA19011/NA19011.chr8.vcf.gz	0.655740 seconds
Concatenating /scratch/rohlfslab/abierly2/LongTR/longTR_pipeline_NA19011/NA19011.chr9.vcf.gz	0.544144 seconds
Concatenating /scratch/rohlfslab/abierly2/LongTR/longTR_pipeline_NA19011/NA19011.chrM.vcf.gz	0.000364 seconds
Concatenating /scratch/rohlfslab/abierly2/LongTR/longTR_pipeline_NA19011/NA19011.chrX.vcf.gz	0.622138 seconds
Concatenating /scratch/rohlfslab/abierly2/LongTR/longTR_pipeline_NA19011/NA19011.chrY.vcf.gz	0.000337 seconds
