Checking the headers and starting positions of 25 files
Concatenating /scratch/rohlfslab/abierly2/LongTR/longTR_pipeline_HG03894/HG03894.chr10.vcf.gz	0.020506 seconds
Concatenating /scratch/rohlfslab/abierly2/LongTR/longTR_pipeline_HG03894/HG03894.chr11.vcf.gz	0.020895 seconds
Concatenating /scratch/rohlfslab/abierly2/LongTR/longTR_pipeline_HG03894/HG03894.chr12.vcf.gz	0.027005 seconds
Concatenating /scratch/rohlfslab/abierly2/LongTR/longTR_pipeline_HG03894/HG03894.chr13.vcf.gz	0.014964 seconds
Concatenating /scratch/rohlfslab/abierly2/LongTR/longTR_pipeline_HG03894/HG03894.chr14.vcf.gz	0.014912 seconds
Concatenating /scratch/rohlfslab/abierly2/LongTR/longTR_pipeline_HG03894/HG03894.chr15.vcf.gz	0.016474 seconds
Concatenating /scratch/rohlfslab/abierly2/LongTR/longTR_pipeline_HG03894/HG03894.chr16.vcf.gz	0.012777 seconds
Concatenating /scratch/rohlfslab/abierly2/LongTR/longTR_pipeline_HG03894/HG03894.chr17.vcf.gz	0.018229 seconds
Concatenating /scratch/rohlfslab/abierly2/LongTR/longTR_pipeline_HG03894/HG03894.chr18.vcf.gz	0.011442 seconds
Concatenating /scratch/rohlfslab/abierly2/LongTR/longTR_pipeline_HG03894/HG03894.chr19.vcf.gz	0.015173 seconds
Concatenating /scratch/rohlfslab/abierly2/LongTR/longTR_pipeline_HG03894/HG03894.chr1.vcf.gz	0.041461 seconds
Concatenating /scratch/rohlfslab/abierly2/LongTR/longTR_pipeline_HG03894/HG03894.chr20.vcf.gz	0.011293 seconds
Concatenating /scratch/rohlfslab/abierly2/LongTR/longTR_pipeline_HG03894/HG03894.chr21.vcf.gz	0.005912 seconds
Concatenating /scratch/rohlfslab/abierly2/LongTR/longTR_pipeline_HG03894/HG03894.chr22.vcf.gz	0.005817 seconds
Concatenating /scratch/rohlfslab/abierly2/LongTR/longTR_pipeline_HG03894/HG03894.chr2.vcf.gz	0.042040 seconds
Concatenating /scratch/rohlfslab/abierly2/LongTR/longTR_pipeline_HG03894/HG03894.chr3.vcf.gz	0.032797 seconds
Concatenating /scratch/rohlfslab/abierly2/LongTR/longTR_pipeline_HG03894/HG03894.chr4.vcf.gz	0.024559 seconds
Concatenating /scratch/rohlfslab/abierly2/LongTR/longTR_pipeline_HG03894/HG03894.chr5.vcf.gz	0.029671 seconds
Concatenating /scratch/rohlfslab/abierly2/LongTR/longTR_pipeline_HG03894/HG03894.chr6.vcf.gz	0.025964 seconds
Concatenating /scratch/rohlfslab/abierly2/LongTR/longTR_pipeline_HG03894/HG03894.chr7.vcf.gz	0.027561 seconds
Concatenating /scratch/rohlfslab/abierly2/LongTR/longTR_pipeline_HG03894/HG03894.chr8.vcf.gz	0.022171 seconds
Concatenating /scratch/rohlfslab/abierly2/LongTR/longTR_pipeline_HG03894/HG03894.chr9.vcf.gz	0.020216 seconds
Concatenating /scratch/rohlfslab/abierly2/LongTR/longTR_pipeline_HG03894/HG03894.chrM.vcf.gz	0.000291 seconds
Concatenating /scratch/rohlfslab/abierly2/LongTR/longTR_pipeline_HG03894/HG03894.chrX.vcf.gz	0.020574 seconds
Concatenating /scratch/rohlfslab/abierly2/LongTR/longTR_pipeline_HG03894/HG03894.chrY.vcf.gz	0.000277 seconds
