Checking the headers and starting positions of 25 files
Concatenating /scratch/rohlfslab/abierly2/LongTR/longTR_pipeline_HG01997/HG01997.chr10.vcf.gz	0.618190 seconds
Concatenating /scratch/rohlfslab/abierly2/LongTR/longTR_pipeline_HG01997/HG01997.chr11.vcf.gz	0.586840 seconds
Concatenating /scratch/rohlfslab/abierly2/LongTR/longTR_pipeline_HG01997/HG01997.chr12.vcf.gz	0.646187 seconds
Concatenating /scratch/rohlfslab/abierly2/LongTR/longTR_pipeline_HG01997/HG01997.chr13.vcf.gz	0.445074 seconds
Concatenating /scratch/rohlfslab/abierly2/LongTR/longTR_pipeline_HG01997/HG01997.chr14.vcf.gz	0.430026 seconds
Concatenating /scratch/rohlfslab/abierly2/LongTR/longTR_pipeline_HG01997/HG01997.chr15.vcf.gz	0.384174 seconds
Concatenating /scratch/rohlfslab/abierly2/LongTR/longTR_pipeline_HG01997/HG01997.chr16.vcf.gz	0.388727 seconds
Concatenating /scratch/rohlfslab/abierly2/LongTR/longTR_pipeline_HG01997/HG01997.chr17.vcf.gz	0.397114 seconds
Concatenating /scratch/rohlfslab/abierly2/LongTR/longTR_pipeline_HG01997/HG01997.chr18.vcf.gz	0.320613 seconds
Concatenating /scratch/rohlfslab/abierly2/LongTR/longTR_pipeline_HG01997/HG01997.chr19.vcf.gz	0.308958 seconds
Concatenating /scratch/rohlfslab/abierly2/LongTR/longTR_pipeline_HG01997/HG01997.chr1.vcf.gz	1.090155 seconds
Concatenating /scratch/rohlfslab/abierly2/LongTR/longTR_pipeline_HG01997/HG01997.chr20.vcf.gz	0.262257 seconds
Concatenating /scratch/rohlfslab/abierly2/LongTR/longTR_pipeline_HG01997/HG01997.chr21.vcf.gz	0.148836 seconds
Concatenating /scratch/rohlfslab/abierly2/LongTR/longTR_pipeline_HG01997/HG01997.chr22.vcf.gz	0.167259 seconds
Concatenating /scratch/rohlfslab/abierly2/LongTR/longTR_pipeline_HG01997/HG01997.chr2.vcf.gz	1.139860 seconds
Concatenating /scratch/rohlfslab/abierly2/LongTR/longTR_pipeline_HG01997/HG01997.chr3.vcf.gz	0.922049 seconds
Concatenating /scratch/rohlfslab/abierly2/LongTR/longTR_pipeline_HG01997/HG01997.chr4.vcf.gz	0.877872 seconds
Concatenating /scratch/rohlfslab/abierly2/LongTR/longTR_pipeline_HG01997/HG01997.chr5.vcf.gz	0.817612 seconds
Concatenating /scratch/rohlfslab/abierly2/LongTR/longTR_pipeline_HG01997/HG01997.chr6.vcf.gz	0.790961 seconds
Concatenating /scratch/rohlfslab/abierly2/LongTR/longTR_pipeline_HG01997/HG01997.chr7.vcf.gz	0.722355 seconds
Concatenating /scratch/rohlfslab/abierly2/LongTR/longTR_pipeline_HG01997/HG01997.chr8.vcf.gz	0.660992 seconds
Concatenating /scratch/rohlfslab/abierly2/LongTR/longTR_pipeline_HG01997/HG01997.chr9.vcf.gz	0.549441 seconds
Concatenating /scratch/rohlfslab/abierly2/LongTR/longTR_pipeline_HG01997/HG01997.chrM.vcf.gz	0.000339 seconds
Concatenating /scratch/rohlfslab/abierly2/LongTR/longTR_pipeline_HG01997/HG01997.chrX.vcf.gz	0.670945 seconds
Concatenating /scratch/rohlfslab/abierly2/LongTR/longTR_pipeline_HG01997/HG01997.chrY.vcf.gz	0.000358 seconds
