Checking the headers and starting positions of 25 files
Concatenating /scratch/rohlfslab/abierly2/LongTR/longTR_pipeline_HG00739/HG00739.chr10.vcf.gz	1.248004 seconds
Concatenating /scratch/rohlfslab/abierly2/LongTR/longTR_pipeline_HG00739/HG00739.chr11.vcf.gz	1.195832 seconds
Concatenating /scratch/rohlfslab/abierly2/LongTR/longTR_pipeline_HG00739/HG00739.chr12.vcf.gz	1.261450 seconds
Concatenating /scratch/rohlfslab/abierly2/LongTR/longTR_pipeline_HG00739/HG00739.chr13.vcf.gz	0.864228 seconds
Concatenating /scratch/rohlfslab/abierly2/LongTR/longTR_pipeline_HG00739/HG00739.chr14.vcf.gz	0.819903 seconds
Concatenating /scratch/rohlfslab/abierly2/LongTR/longTR_pipeline_HG00739/HG00739.chr15.vcf.gz	0.775024 seconds
Concatenating /scratch/rohlfslab/abierly2/LongTR/longTR_pipeline_HG00739/HG00739.chr16.vcf.gz	0.817009 seconds
Concatenating /scratch/rohlfslab/abierly2/LongTR/longTR_pipeline_HG00739/HG00739.chr17.vcf.gz	0.840918 seconds
Concatenating /scratch/rohlfslab/abierly2/LongTR/longTR_pipeline_HG00739/HG00739.chr18.vcf.gz	0.622398 seconds
Concatenating /scratch/rohlfslab/abierly2/LongTR/longTR_pipeline_HG00739/HG00739.chr19.vcf.gz	0.697959 seconds
Concatenating /scratch/rohlfslab/abierly2/LongTR/longTR_pipeline_HG00739/HG00739.chr1.vcf.gz	2.210748 seconds
Concatenating /scratch/rohlfslab/abierly2/LongTR/longTR_pipeline_HG00739/HG00739.chr20.vcf.gz	0.522399 seconds
Concatenating /scratch/rohlfslab/abierly2/LongTR/longTR_pipeline_HG00739/HG00739.chr21.vcf.gz	0.303209 seconds
Concatenating /scratch/rohlfslab/abierly2/LongTR/longTR_pipeline_HG00739/HG00739.chr22.vcf.gz	0.367605 seconds
Concatenating /scratch/rohlfslab/abierly2/LongTR/longTR_pipeline_HG00739/HG00739.chr2.vcf.gz	2.212098 seconds
Concatenating /scratch/rohlfslab/abierly2/LongTR/longTR_pipeline_HG00739/HG00739.chr3.vcf.gz	1.787303 seconds
Concatenating /scratch/rohlfslab/abierly2/LongTR/longTR_pipeline_HG00739/HG00739.chr4.vcf.gz	1.706788 seconds
Concatenating /scratch/rohlfslab/abierly2/LongTR/longTR_pipeline_HG00739/HG00739.chr5.vcf.gz	1.603650 seconds
Concatenating /scratch/rohlfslab/abierly2/LongTR/longTR_pipeline_HG00739/HG00739.chr6.vcf.gz	1.538991 seconds
Concatenating /scratch/rohlfslab/abierly2/LongTR/longTR_pipeline_HG00739/HG00739.chr7.vcf.gz	1.491359 seconds
Concatenating /scratch/rohlfslab/abierly2/LongTR/longTR_pipeline_HG00739/HG00739.chr8.vcf.gz	1.285589 seconds
Concatenating /scratch/rohlfslab/abierly2/LongTR/longTR_pipeline_HG00739/HG00739.chr9.vcf.gz	1.091667 seconds
Concatenating /scratch/rohlfslab/abierly2/LongTR/longTR_pipeline_HG00739/HG00739.chrM.vcf.gz	0.000310 seconds
Concatenating /scratch/rohlfslab/abierly2/LongTR/longTR_pipeline_HG00739/HG00739.chrX.vcf.gz	1.206207 seconds
Concatenating /scratch/rohlfslab/abierly2/LongTR/longTR_pipeline_HG00739/HG00739.chrY.vcf.gz	0.065257 seconds
