Checking the headers and starting positions of 25 files
Concatenating /scratch/rohlfslab/abierly2/LongTR/longTR_pipeline_HG01961/HG01961.chr10.vcf.gz	0.684393 seconds
Concatenating /scratch/rohlfslab/abierly2/LongTR/longTR_pipeline_HG01961/HG01961.chr11.vcf.gz	0.671544 seconds
Concatenating /scratch/rohlfslab/abierly2/LongTR/longTR_pipeline_HG01961/HG01961.chr12.vcf.gz	0.705911 seconds
Concatenating /scratch/rohlfslab/abierly2/LongTR/longTR_pipeline_HG01961/HG01961.chr13.vcf.gz	0.445272 seconds
Concatenating /scratch/rohlfslab/abierly2/LongTR/longTR_pipeline_HG01961/HG01961.chr14.vcf.gz	0.461662 seconds
Concatenating /scratch/rohlfslab/abierly2/LongTR/longTR_pipeline_HG01961/HG01961.chr15.vcf.gz	0.445668 seconds
Concatenating /scratch/rohlfslab/abierly2/LongTR/longTR_pipeline_HG01961/HG01961.chr16.vcf.gz	0.489258 seconds
Concatenating /scratch/rohlfslab/abierly2/LongTR/longTR_pipeline_HG01961/HG01961.chr17.vcf.gz	0.532914 seconds
Concatenating /scratch/rohlfslab/abierly2/LongTR/longTR_pipeline_HG01961/HG01961.chr18.vcf.gz	0.314784 seconds
Concatenating /scratch/rohlfslab/abierly2/LongTR/longTR_pipeline_HG01961/HG01961.chr19.vcf.gz	0.535283 seconds
Concatenating /scratch/rohlfslab/abierly2/LongTR/longTR_pipeline_HG01961/HG01961.chr1.vcf.gz	1.280112 seconds
Concatenating /scratch/rohlfslab/abierly2/LongTR/longTR_pipeline_HG01961/HG01961.chr20.vcf.gz	0.302687 seconds
Concatenating /scratch/rohlfslab/abierly2/LongTR/longTR_pipeline_HG01961/HG01961.chr21.vcf.gz	0.173284 seconds
Concatenating /scratch/rohlfslab/abierly2/LongTR/longTR_pipeline_HG01961/HG01961.chr22.vcf.gz	0.236447 seconds
Concatenating /scratch/rohlfslab/abierly2/LongTR/longTR_pipeline_HG01961/HG01961.chr2.vcf.gz	1.182374 seconds
Concatenating /scratch/rohlfslab/abierly2/LongTR/longTR_pipeline_HG01961/HG01961.chr3.vcf.gz	0.944431 seconds
Concatenating /scratch/rohlfslab/abierly2/LongTR/longTR_pipeline_HG01961/HG01961.chr4.vcf.gz	0.857048 seconds
Concatenating /scratch/rohlfslab/abierly2/LongTR/longTR_pipeline_HG01961/HG01961.chr5.vcf.gz	0.846426 seconds
Concatenating /scratch/rohlfslab/abierly2/LongTR/longTR_pipeline_HG01961/HG01961.chr6.vcf.gz	0.838407 seconds
Concatenating /scratch/rohlfslab/abierly2/LongTR/longTR_pipeline_HG01961/HG01961.chr7.vcf.gz	0.830825 seconds
Concatenating /scratch/rohlfslab/abierly2/LongTR/longTR_pipeline_HG01961/HG01961.chr8.vcf.gz	0.669512 seconds
Concatenating /scratch/rohlfslab/abierly2/LongTR/longTR_pipeline_HG01961/HG01961.chr9.vcf.gz	0.609056 seconds
Concatenating /scratch/rohlfslab/abierly2/LongTR/longTR_pipeline_HG01961/HG01961.chrM.vcf.gz	0.000338 seconds
Concatenating /scratch/rohlfslab/abierly2/LongTR/longTR_pipeline_HG01961/HG01961.chrX.vcf.gz	0.086941 seconds
Concatenating /scratch/rohlfslab/abierly2/LongTR/longTR_pipeline_HG01961/HG01961.chrY.vcf.gz	0.002377 seconds
