Checking the headers and starting positions of 25 files
Concatenating /scratch/rohlfslab/abierly2/LongTR/longTR_pipeline_HG03793/HG03793.chr10.vcf.gz	0.991452 seconds
Concatenating /scratch/rohlfslab/abierly2/LongTR/longTR_pipeline_HG03793/HG03793.chr11.vcf.gz	0.938652 seconds
Concatenating /scratch/rohlfslab/abierly2/LongTR/longTR_pipeline_HG03793/HG03793.chr12.vcf.gz	1.009062 seconds
Concatenating /scratch/rohlfslab/abierly2/LongTR/longTR_pipeline_HG03793/HG03793.chr13.vcf.gz	0.700946 seconds
Concatenating /scratch/rohlfslab/abierly2/LongTR/longTR_pipeline_HG03793/HG03793.chr14.vcf.gz	0.655176 seconds
Concatenating /scratch/rohlfslab/abierly2/LongTR/longTR_pipeline_HG03793/HG03793.chr15.vcf.gz	0.615928 seconds
Concatenating /scratch/rohlfslab/abierly2/LongTR/longTR_pipeline_HG03793/HG03793.chr16.vcf.gz	0.613674 seconds
Concatenating /scratch/rohlfslab/abierly2/LongTR/longTR_pipeline_HG03793/HG03793.chr17.vcf.gz	0.633945 seconds
Concatenating /scratch/rohlfslab/abierly2/LongTR/longTR_pipeline_HG03793/HG03793.chr18.vcf.gz	0.506954 seconds
Concatenating /scratch/rohlfslab/abierly2/LongTR/longTR_pipeline_HG03793/HG03793.chr19.vcf.gz	0.484038 seconds
Concatenating /scratch/rohlfslab/abierly2/LongTR/longTR_pipeline_HG03793/HG03793.chr1.vcf.gz	1.764642 seconds
Concatenating /scratch/rohlfslab/abierly2/LongTR/longTR_pipeline_HG03793/HG03793.chr20.vcf.gz	0.400360 seconds
Concatenating /scratch/rohlfslab/abierly2/LongTR/longTR_pipeline_HG03793/HG03793.chr21.vcf.gz	0.242152 seconds
Concatenating /scratch/rohlfslab/abierly2/LongTR/longTR_pipeline_HG03793/HG03793.chr22.vcf.gz	0.277085 seconds
Concatenating /scratch/rohlfslab/abierly2/LongTR/longTR_pipeline_HG03793/HG03793.chr2.vcf.gz	1.798075 seconds
Concatenating /scratch/rohlfslab/abierly2/LongTR/longTR_pipeline_HG03793/HG03793.chr3.vcf.gz	1.426019 seconds
Concatenating /scratch/rohlfslab/abierly2/LongTR/longTR_pipeline_HG03793/HG03793.chr4.vcf.gz	1.375703 seconds
Concatenating /scratch/rohlfslab/abierly2/LongTR/longTR_pipeline_HG03793/HG03793.chr5.vcf.gz	1.302630 seconds
Concatenating /scratch/rohlfslab/abierly2/LongTR/longTR_pipeline_HG03793/HG03793.chr6.vcf.gz	1.243817 seconds
Concatenating /scratch/rohlfslab/abierly2/LongTR/longTR_pipeline_HG03793/HG03793.chr7.vcf.gz	1.172274 seconds
Concatenating /scratch/rohlfslab/abierly2/LongTR/longTR_pipeline_HG03793/HG03793.chr8.vcf.gz	1.025462 seconds
Concatenating /scratch/rohlfslab/abierly2/LongTR/longTR_pipeline_HG03793/HG03793.chr9.vcf.gz	0.872192 seconds
Concatenating /scratch/rohlfslab/abierly2/LongTR/longTR_pipeline_HG03793/HG03793.chrM.vcf.gz	0.000359 seconds
Concatenating /scratch/rohlfslab/abierly2/LongTR/longTR_pipeline_HG03793/HG03793.chrX.vcf.gz	1.028210 seconds
Concatenating /scratch/rohlfslab/abierly2/LongTR/longTR_pipeline_HG03793/HG03793.chrY.vcf.gz	0.000371 seconds
