Checking the headers and starting positions of 25 files
Concatenating /scratch/rohlfslab/abierly2/LongTR/longTR_pipeline_HG01392/HG01392.chr10.vcf.gz	1.220658 seconds
Concatenating /scratch/rohlfslab/abierly2/LongTR/longTR_pipeline_HG01392/HG01392.chr11.vcf.gz	1.166650 seconds
Concatenating /scratch/rohlfslab/abierly2/LongTR/longTR_pipeline_HG01392/HG01392.chr12.vcf.gz	1.230294 seconds
Concatenating /scratch/rohlfslab/abierly2/LongTR/longTR_pipeline_HG01392/HG01392.chr13.vcf.gz	0.852699 seconds
Concatenating /scratch/rohlfslab/abierly2/LongTR/longTR_pipeline_HG01392/HG01392.chr14.vcf.gz	0.804974 seconds
Concatenating /scratch/rohlfslab/abierly2/LongTR/longTR_pipeline_HG01392/HG01392.chr15.vcf.gz	0.756111 seconds
Concatenating /scratch/rohlfslab/abierly2/LongTR/longTR_pipeline_HG01392/HG01392.chr16.vcf.gz	0.792323 seconds
Concatenating /scratch/rohlfslab/abierly2/LongTR/longTR_pipeline_HG01392/HG01392.chr17.vcf.gz	0.820309 seconds
Concatenating /scratch/rohlfslab/abierly2/LongTR/longTR_pipeline_HG01392/HG01392.chr18.vcf.gz	0.616905 seconds
Concatenating /scratch/rohlfslab/abierly2/LongTR/longTR_pipeline_HG01392/HG01392.chr19.vcf.gz	0.679515 seconds
Concatenating /scratch/rohlfslab/abierly2/LongTR/longTR_pipeline_HG01392/HG01392.chr1.vcf.gz	2.170980 seconds
Concatenating /scratch/rohlfslab/abierly2/LongTR/longTR_pipeline_HG01392/HG01392.chr20.vcf.gz	0.514021 seconds
Concatenating /scratch/rohlfslab/abierly2/LongTR/longTR_pipeline_HG01392/HG01392.chr21.vcf.gz	0.295342 seconds
Concatenating /scratch/rohlfslab/abierly2/LongTR/longTR_pipeline_HG01392/HG01392.chr22.vcf.gz	0.360263 seconds
Concatenating /scratch/rohlfslab/abierly2/LongTR/longTR_pipeline_HG01392/HG01392.chr2.vcf.gz	2.184113 seconds
Concatenating /scratch/rohlfslab/abierly2/LongTR/longTR_pipeline_HG01392/HG01392.chr3.vcf.gz	1.740966 seconds
Concatenating /scratch/rohlfslab/abierly2/LongTR/longTR_pipeline_HG01392/HG01392.chr4.vcf.gz	1.663694 seconds
Concatenating /scratch/rohlfslab/abierly2/LongTR/longTR_pipeline_HG01392/HG01392.chr5.vcf.gz	1.576134 seconds
Concatenating /scratch/rohlfslab/abierly2/LongTR/longTR_pipeline_HG01392/HG01392.chr6.vcf.gz	1.524784 seconds
Concatenating /scratch/rohlfslab/abierly2/LongTR/longTR_pipeline_HG01392/HG01392.chr7.vcf.gz	1.459677 seconds
Concatenating /scratch/rohlfslab/abierly2/LongTR/longTR_pipeline_HG01392/HG01392.chr8.vcf.gz	1.263494 seconds
Concatenating /scratch/rohlfslab/abierly2/LongTR/longTR_pipeline_HG01392/HG01392.chr9.vcf.gz	1.073540 seconds
Concatenating /scratch/rohlfslab/abierly2/LongTR/longTR_pipeline_HG01392/HG01392.chrM.vcf.gz	0.000297 seconds
Concatenating /scratch/rohlfslab/abierly2/LongTR/longTR_pipeline_HG01392/HG01392.chrX.vcf.gz	0.862110 seconds
Concatenating /scratch/rohlfslab/abierly2/LongTR/longTR_pipeline_HG01392/HG01392.chrY.vcf.gz	0.044339 seconds
