Checking the headers and starting positions of 25 files
Concatenating /scratch/rohlfslab/abierly2/LongTR/longTR_pipeline_NA18565/NA18565.chr10.vcf.gz	0.892554 seconds
Concatenating /scratch/rohlfslab/abierly2/LongTR/longTR_pipeline_NA18565/NA18565.chr11.vcf.gz	0.854710 seconds
Concatenating /scratch/rohlfslab/abierly2/LongTR/longTR_pipeline_NA18565/NA18565.chr12.vcf.gz	0.884972 seconds
Concatenating /scratch/rohlfslab/abierly2/LongTR/longTR_pipeline_NA18565/NA18565.chr13.vcf.gz	0.618595 seconds
Concatenating /scratch/rohlfslab/abierly2/LongTR/longTR_pipeline_NA18565/NA18565.chr14.vcf.gz	0.587943 seconds
Concatenating /scratch/rohlfslab/abierly2/LongTR/longTR_pipeline_NA18565/NA18565.chr15.vcf.gz	0.567018 seconds
Concatenating /scratch/rohlfslab/abierly2/LongTR/longTR_pipeline_NA18565/NA18565.chr16.vcf.gz	0.567362 seconds
Concatenating /scratch/rohlfslab/abierly2/LongTR/longTR_pipeline_NA18565/NA18565.chr17.vcf.gz	0.576022 seconds
Concatenating /scratch/rohlfslab/abierly2/LongTR/longTR_pipeline_NA18565/NA18565.chr18.vcf.gz	0.432146 seconds
Concatenating /scratch/rohlfslab/abierly2/LongTR/longTR_pipeline_NA18565/NA18565.chr19.vcf.gz	0.464323 seconds
Concatenating /scratch/rohlfslab/abierly2/LongTR/longTR_pipeline_NA18565/NA18565.chr1.vcf.gz	1.614404 seconds
Concatenating /scratch/rohlfslab/abierly2/LongTR/longTR_pipeline_NA18565/NA18565.chr20.vcf.gz	0.388225 seconds
Concatenating /scratch/rohlfslab/abierly2/LongTR/longTR_pipeline_NA18565/NA18565.chr21.vcf.gz	0.217376 seconds
Concatenating /scratch/rohlfslab/abierly2/LongTR/longTR_pipeline_NA18565/NA18565.chr22.vcf.gz	0.258756 seconds
Concatenating /scratch/rohlfslab/abierly2/LongTR/longTR_pipeline_NA18565/NA18565.chr2.vcf.gz	1.596383 seconds
Concatenating /scratch/rohlfslab/abierly2/LongTR/longTR_pipeline_NA18565/NA18565.chr3.vcf.gz	1.285611 seconds
Concatenating /scratch/rohlfslab/abierly2/LongTR/longTR_pipeline_NA18565/NA18565.chr4.vcf.gz	1.212161 seconds
Concatenating /scratch/rohlfslab/abierly2/LongTR/longTR_pipeline_NA18565/NA18565.chr5.vcf.gz	1.155264 seconds
Concatenating /scratch/rohlfslab/abierly2/LongTR/longTR_pipeline_NA18565/NA18565.chr6.vcf.gz	1.114811 seconds
Concatenating /scratch/rohlfslab/abierly2/LongTR/longTR_pipeline_NA18565/NA18565.chr7.vcf.gz	1.057335 seconds
Concatenating /scratch/rohlfslab/abierly2/LongTR/longTR_pipeline_NA18565/NA18565.chr8.vcf.gz	0.927748 seconds
Concatenating /scratch/rohlfslab/abierly2/LongTR/longTR_pipeline_NA18565/NA18565.chr9.vcf.gz	0.760752 seconds
Concatenating /scratch/rohlfslab/abierly2/LongTR/longTR_pipeline_NA18565/NA18565.chrM.vcf.gz	0.000357 seconds
Concatenating /scratch/rohlfslab/abierly2/LongTR/longTR_pipeline_NA18565/NA18565.chrX.vcf.gz	0.945623 seconds
Concatenating /scratch/rohlfslab/abierly2/LongTR/longTR_pipeline_NA18565/NA18565.chrY.vcf.gz	0.000317 seconds
