Checking the headers and starting positions of 25 files
Concatenating /scratch/rohlfslab/abierly2/LongTR/longTR_pipeline_HG03228/HG03228.chr10.vcf.gz	1.092121 seconds
Concatenating /scratch/rohlfslab/abierly2/LongTR/longTR_pipeline_HG03228/HG03228.chr11.vcf.gz	1.206021 seconds
Concatenating /scratch/rohlfslab/abierly2/LongTR/longTR_pipeline_HG03228/HG03228.chr12.vcf.gz	1.838208 seconds
Concatenating /scratch/rohlfslab/abierly2/LongTR/longTR_pipeline_HG03228/HG03228.chr13.vcf.gz	1.215736 seconds
Concatenating /scratch/rohlfslab/abierly2/LongTR/longTR_pipeline_HG03228/HG03228.chr14.vcf.gz	1.199900 seconds
Concatenating /scratch/rohlfslab/abierly2/LongTR/longTR_pipeline_HG03228/HG03228.chr15.vcf.gz	1.135718 seconds
Concatenating /scratch/rohlfslab/abierly2/LongTR/longTR_pipeline_HG03228/HG03228.chr16.vcf.gz	1.215456 seconds
Concatenating /scratch/rohlfslab/abierly2/LongTR/longTR_pipeline_HG03228/HG03228.chr17.vcf.gz	1.262461 seconds
Concatenating /scratch/rohlfslab/abierly2/LongTR/longTR_pipeline_HG03228/HG03228.chr18.vcf.gz	0.904949 seconds
Concatenating /scratch/rohlfslab/abierly2/LongTR/longTR_pipeline_HG03228/HG03228.chr19.vcf.gz	1.087745 seconds
Concatenating /scratch/rohlfslab/abierly2/LongTR/longTR_pipeline_HG03228/HG03228.chr1.vcf.gz	3.235584 seconds
Concatenating /scratch/rohlfslab/abierly2/LongTR/longTR_pipeline_HG03228/HG03228.chr20.vcf.gz	0.789152 seconds
Concatenating /scratch/rohlfslab/abierly2/LongTR/longTR_pipeline_HG03228/HG03228.chr21.vcf.gz	0.419772 seconds
Concatenating /scratch/rohlfslab/abierly2/LongTR/longTR_pipeline_HG03228/HG03228.chr22.vcf.gz	0.498943 seconds
Concatenating /scratch/rohlfslab/abierly2/LongTR/longTR_pipeline_HG03228/HG03228.chr2.vcf.gz	3.191495 seconds
Concatenating /scratch/rohlfslab/abierly2/LongTR/longTR_pipeline_HG03228/HG03228.chr3.vcf.gz	2.522414 seconds
Concatenating /scratch/rohlfslab/abierly2/LongTR/longTR_pipeline_HG03228/HG03228.chr4.vcf.gz	2.388497 seconds
Concatenating /scratch/rohlfslab/abierly2/LongTR/longTR_pipeline_HG03228/HG03228.chr5.vcf.gz	2.292933 seconds
Concatenating /scratch/rohlfslab/abierly2/LongTR/longTR_pipeline_HG03228/HG03228.chr6.vcf.gz	2.204428 seconds
Concatenating /scratch/rohlfslab/abierly2/LongTR/longTR_pipeline_HG03228/HG03228.chr7.vcf.gz	2.134383 seconds
Concatenating /scratch/rohlfslab/abierly2/LongTR/longTR_pipeline_HG03228/HG03228.chr8.vcf.gz	1.846859 seconds
Concatenating /scratch/rohlfslab/abierly2/LongTR/longTR_pipeline_HG03228/HG03228.chr9.vcf.gz	1.590028 seconds
Concatenating /scratch/rohlfslab/abierly2/LongTR/longTR_pipeline_HG03228/HG03228.chrM.vcf.gz	0.000655 seconds
Concatenating /scratch/rohlfslab/abierly2/LongTR/longTR_pipeline_HG03228/HG03228.chrX.vcf.gz	0.345871 seconds
Concatenating /scratch/rohlfslab/abierly2/LongTR/longTR_pipeline_HG03228/HG03228.chrY.vcf.gz	0.011004 seconds
