Checking the headers and starting positions of 25 files
Concatenating /scratch/rohlfslab/abierly2/LongTR/longTR_pipeline_NA19762/NA19762.chr10.vcf.gz	0.038250 seconds
Concatenating /scratch/rohlfslab/abierly2/LongTR/longTR_pipeline_NA19762/NA19762.chr11.vcf.gz	0.037102 seconds
Concatenating /scratch/rohlfslab/abierly2/LongTR/longTR_pipeline_NA19762/NA19762.chr12.vcf.gz	0.040661 seconds
Concatenating /scratch/rohlfslab/abierly2/LongTR/longTR_pipeline_NA19762/NA19762.chr13.vcf.gz	0.027919 seconds
Concatenating /scratch/rohlfslab/abierly2/LongTR/longTR_pipeline_NA19762/NA19762.chr14.vcf.gz	0.025739 seconds
Concatenating /scratch/rohlfslab/abierly2/LongTR/longTR_pipeline_NA19762/NA19762.chr15.vcf.gz	0.031562 seconds
Concatenating /scratch/rohlfslab/abierly2/LongTR/longTR_pipeline_NA19762/NA19762.chr16.vcf.gz	0.023555 seconds
Concatenating /scratch/rohlfslab/abierly2/LongTR/longTR_pipeline_NA19762/NA19762.chr17.vcf.gz	0.028616 seconds
Concatenating /scratch/rohlfslab/abierly2/LongTR/longTR_pipeline_NA19762/NA19762.chr18.vcf.gz	0.020077 seconds
Concatenating /scratch/rohlfslab/abierly2/LongTR/longTR_pipeline_NA19762/NA19762.chr19.vcf.gz	0.017921 seconds
Concatenating /scratch/rohlfslab/abierly2/LongTR/longTR_pipeline_NA19762/NA19762.chr1.vcf.gz	0.069394 seconds
Concatenating /scratch/rohlfslab/abierly2/LongTR/longTR_pipeline_NA19762/NA19762.chr20.vcf.gz	0.017684 seconds
Concatenating /scratch/rohlfslab/abierly2/LongTR/longTR_pipeline_NA19762/NA19762.chr21.vcf.gz	0.010202 seconds
Concatenating /scratch/rohlfslab/abierly2/LongTR/longTR_pipeline_NA19762/NA19762.chr22.vcf.gz	0.010096 seconds
Concatenating /scratch/rohlfslab/abierly2/LongTR/longTR_pipeline_NA19762/NA19762.chr2.vcf.gz	0.072906 seconds
Concatenating /scratch/rohlfslab/abierly2/LongTR/longTR_pipeline_NA19762/NA19762.chr3.vcf.gz	0.057811 seconds
Concatenating /scratch/rohlfslab/abierly2/LongTR/longTR_pipeline_NA19762/NA19762.chr4.vcf.gz	0.055261 seconds
Concatenating /scratch/rohlfslab/abierly2/LongTR/longTR_pipeline_NA19762/NA19762.chr5.vcf.gz	0.050139 seconds
Concatenating /scratch/rohlfslab/abierly2/LongTR/longTR_pipeline_NA19762/NA19762.chr6.vcf.gz	0.050205 seconds
Concatenating /scratch/rohlfslab/abierly2/LongTR/longTR_pipeline_NA19762/NA19762.chr7.vcf.gz	0.050168 seconds
Concatenating /scratch/rohlfslab/abierly2/LongTR/longTR_pipeline_NA19762/NA19762.chr8.vcf.gz	0.039605 seconds
Concatenating /scratch/rohlfslab/abierly2/LongTR/longTR_pipeline_NA19762/NA19762.chr9.vcf.gz	0.031208 seconds
Concatenating /scratch/rohlfslab/abierly2/LongTR/longTR_pipeline_NA19762/NA19762.chrM.vcf.gz	0.000321 seconds
Concatenating /scratch/rohlfslab/abierly2/LongTR/longTR_pipeline_NA19762/NA19762.chrX.vcf.gz	0.002497 seconds
Concatenating /scratch/rohlfslab/abierly2/LongTR/longTR_pipeline_NA19762/NA19762.chrY.vcf.gz	0.000351 seconds
