Checking the headers and starting positions of 25 files
Concatenating /scratch/rohlfslab/abierly2/LongTR/longTR_pipeline_HG01073/HG01073.chr10.vcf.gz	1.158672 seconds
Concatenating /scratch/rohlfslab/abierly2/LongTR/longTR_pipeline_HG01073/HG01073.chr11.vcf.gz	1.110722 seconds
Concatenating /scratch/rohlfslab/abierly2/LongTR/longTR_pipeline_HG01073/HG01073.chr12.vcf.gz	1.170925 seconds
Concatenating /scratch/rohlfslab/abierly2/LongTR/longTR_pipeline_HG01073/HG01073.chr13.vcf.gz	0.802041 seconds
Concatenating /scratch/rohlfslab/abierly2/LongTR/longTR_pipeline_HG01073/HG01073.chr14.vcf.gz	0.770441 seconds
Concatenating /scratch/rohlfslab/abierly2/LongTR/longTR_pipeline_HG01073/HG01073.chr15.vcf.gz	0.718920 seconds
Concatenating /scratch/rohlfslab/abierly2/LongTR/longTR_pipeline_HG01073/HG01073.chr16.vcf.gz	0.760243 seconds
Concatenating /scratch/rohlfslab/abierly2/LongTR/longTR_pipeline_HG01073/HG01073.chr17.vcf.gz	0.794187 seconds
Concatenating /scratch/rohlfslab/abierly2/LongTR/longTR_pipeline_HG01073/HG01073.chr18.vcf.gz	0.580047 seconds
Concatenating /scratch/rohlfslab/abierly2/LongTR/longTR_pipeline_HG01073/HG01073.chr19.vcf.gz	0.648249 seconds
Concatenating /scratch/rohlfslab/abierly2/LongTR/longTR_pipeline_HG01073/HG01073.chr1.vcf.gz	2.068934 seconds
Concatenating /scratch/rohlfslab/abierly2/LongTR/longTR_pipeline_HG01073/HG01073.chr20.vcf.gz	0.489873 seconds
Concatenating /scratch/rohlfslab/abierly2/LongTR/longTR_pipeline_HG01073/HG01073.chr21.vcf.gz	0.282602 seconds
Concatenating /scratch/rohlfslab/abierly2/LongTR/longTR_pipeline_HG01073/HG01073.chr22.vcf.gz	0.343898 seconds
Concatenating /scratch/rohlfslab/abierly2/LongTR/longTR_pipeline_HG01073/HG01073.chr2.vcf.gz	2.062120 seconds
Concatenating /scratch/rohlfslab/abierly2/LongTR/longTR_pipeline_HG01073/HG01073.chr3.vcf.gz	1.663724 seconds
Concatenating /scratch/rohlfslab/abierly2/LongTR/longTR_pipeline_HG01073/HG01073.chr4.vcf.gz	1.559548 seconds
Concatenating /scratch/rohlfslab/abierly2/LongTR/longTR_pipeline_HG01073/HG01073.chr5.vcf.gz	1.503412 seconds
Concatenating /scratch/rohlfslab/abierly2/LongTR/longTR_pipeline_HG01073/HG01073.chr6.vcf.gz	1.433035 seconds
Concatenating /scratch/rohlfslab/abierly2/LongTR/longTR_pipeline_HG01073/HG01073.chr7.vcf.gz	1.390853 seconds
Concatenating /scratch/rohlfslab/abierly2/LongTR/longTR_pipeline_HG01073/HG01073.chr8.vcf.gz	1.201975 seconds
Concatenating /scratch/rohlfslab/abierly2/LongTR/longTR_pipeline_HG01073/HG01073.chr9.vcf.gz	1.014690 seconds
Concatenating /scratch/rohlfslab/abierly2/LongTR/longTR_pipeline_HG01073/HG01073.chrM.vcf.gz	0.000297 seconds
Concatenating /scratch/rohlfslab/abierly2/LongTR/longTR_pipeline_HG01073/HG01073.chrX.vcf.gz	1.184313 seconds
Concatenating /scratch/rohlfslab/abierly2/LongTR/longTR_pipeline_HG01073/HG01073.chrY.vcf.gz	0.000307 seconds
