Checking the headers and starting positions of 25 files
Concatenating /scratch/rohlfslab/abierly2/LongTR/longTR_pipeline_NA19717/NA19717.chr10.vcf.gz	0.839138 seconds
Concatenating /scratch/rohlfslab/abierly2/LongTR/longTR_pipeline_NA19717/NA19717.chr11.vcf.gz	0.810559 seconds
Concatenating /scratch/rohlfslab/abierly2/LongTR/longTR_pipeline_NA19717/NA19717.chr12.vcf.gz	0.867628 seconds
Concatenating /scratch/rohlfslab/abierly2/LongTR/longTR_pipeline_NA19717/NA19717.chr13.vcf.gz	0.552817 seconds
Concatenating /scratch/rohlfslab/abierly2/LongTR/longTR_pipeline_NA19717/NA19717.chr14.vcf.gz	0.558106 seconds
Concatenating /scratch/rohlfslab/abierly2/LongTR/longTR_pipeline_NA19717/NA19717.chr15.vcf.gz	0.535300 seconds
Concatenating /scratch/rohlfslab/abierly2/LongTR/longTR_pipeline_NA19717/NA19717.chr16.vcf.gz	0.548565 seconds
Concatenating /scratch/rohlfslab/abierly2/LongTR/longTR_pipeline_NA19717/NA19717.chr17.vcf.gz	0.607774 seconds
Concatenating /scratch/rohlfslab/abierly2/LongTR/longTR_pipeline_NA19717/NA19717.chr18.vcf.gz	0.411342 seconds
Concatenating /scratch/rohlfslab/abierly2/LongTR/longTR_pipeline_NA19717/NA19717.chr19.vcf.gz	0.519189 seconds
Concatenating /scratch/rohlfslab/abierly2/LongTR/longTR_pipeline_NA19717/NA19717.chr1.vcf.gz	1.517435 seconds
Concatenating /scratch/rohlfslab/abierly2/LongTR/longTR_pipeline_NA19717/NA19717.chr20.vcf.gz	0.368369 seconds
Concatenating /scratch/rohlfslab/abierly2/LongTR/longTR_pipeline_NA19717/NA19717.chr21.vcf.gz	0.205563 seconds
Concatenating /scratch/rohlfslab/abierly2/LongTR/longTR_pipeline_NA19717/NA19717.chr22.vcf.gz	0.261977 seconds
Concatenating /scratch/rohlfslab/abierly2/LongTR/longTR_pipeline_NA19717/NA19717.chr2.vcf.gz	1.483663 seconds
Concatenating /scratch/rohlfslab/abierly2/LongTR/longTR_pipeline_NA19717/NA19717.chr3.vcf.gz	1.196576 seconds
Concatenating /scratch/rohlfslab/abierly2/LongTR/longTR_pipeline_NA19717/NA19717.chr4.vcf.gz	1.079138 seconds
Concatenating /scratch/rohlfslab/abierly2/LongTR/longTR_pipeline_NA19717/NA19717.chr5.vcf.gz	1.092606 seconds
Concatenating /scratch/rohlfslab/abierly2/LongTR/longTR_pipeline_NA19717/NA19717.chr6.vcf.gz	1.027766 seconds
Concatenating /scratch/rohlfslab/abierly2/LongTR/longTR_pipeline_NA19717/NA19717.chr7.vcf.gz	1.001386 seconds
Concatenating /scratch/rohlfslab/abierly2/LongTR/longTR_pipeline_NA19717/NA19717.chr8.vcf.gz	0.858978 seconds
Concatenating /scratch/rohlfslab/abierly2/LongTR/longTR_pipeline_NA19717/NA19717.chr9.vcf.gz	0.736314 seconds
Concatenating /scratch/rohlfslab/abierly2/LongTR/longTR_pipeline_NA19717/NA19717.chrM.vcf.gz	0.000287 seconds
Concatenating /scratch/rohlfslab/abierly2/LongTR/longTR_pipeline_NA19717/NA19717.chrX.vcf.gz	0.115103 seconds
Concatenating /scratch/rohlfslab/abierly2/LongTR/longTR_pipeline_NA19717/NA19717.chrY.vcf.gz	0.004488 seconds
