Checking the headers and starting positions of 25 files
Concatenating /scratch/rohlfslab/abierly2/LongTR/longTR_pipeline_HG02490/HG02490.chr10.vcf.gz	1.249608 seconds
Concatenating /scratch/rohlfslab/abierly2/LongTR/longTR_pipeline_HG02490/HG02490.chr11.vcf.gz	1.191228 seconds
Concatenating /scratch/rohlfslab/abierly2/LongTR/longTR_pipeline_HG02490/HG02490.chr12.vcf.gz	1.271252 seconds
Concatenating /scratch/rohlfslab/abierly2/LongTR/longTR_pipeline_HG02490/HG02490.chr13.vcf.gz	0.871626 seconds
Concatenating /scratch/rohlfslab/abierly2/LongTR/longTR_pipeline_HG02490/HG02490.chr14.vcf.gz	0.827636 seconds
Concatenating /scratch/rohlfslab/abierly2/LongTR/longTR_pipeline_HG02490/HG02490.chr15.vcf.gz	0.775781 seconds
Concatenating /scratch/rohlfslab/abierly2/LongTR/longTR_pipeline_HG02490/HG02490.chr16.vcf.gz	0.811340 seconds
Concatenating /scratch/rohlfslab/abierly2/LongTR/longTR_pipeline_HG02490/HG02490.chr17.vcf.gz	0.841946 seconds
Concatenating /scratch/rohlfslab/abierly2/LongTR/longTR_pipeline_HG02490/HG02490.chr18.vcf.gz	0.627780 seconds
Concatenating /scratch/rohlfslab/abierly2/LongTR/longTR_pipeline_HG02490/HG02490.chr19.vcf.gz	0.696275 seconds
Concatenating /scratch/rohlfslab/abierly2/LongTR/longTR_pipeline_HG02490/HG02490.chr1.vcf.gz	2.232912 seconds
Concatenating /scratch/rohlfslab/abierly2/LongTR/longTR_pipeline_HG02490/HG02490.chr20.vcf.gz	0.520783 seconds
Concatenating /scratch/rohlfslab/abierly2/LongTR/longTR_pipeline_HG02490/HG02490.chr21.vcf.gz	0.306104 seconds
Concatenating /scratch/rohlfslab/abierly2/LongTR/longTR_pipeline_HG02490/HG02490.chr22.vcf.gz	0.367879 seconds
Concatenating /scratch/rohlfslab/abierly2/LongTR/longTR_pipeline_HG02490/HG02490.chr2.vcf.gz	2.229089 seconds
Concatenating /scratch/rohlfslab/abierly2/LongTR/longTR_pipeline_HG02490/HG02490.chr3.vcf.gz	1.808923 seconds
Concatenating /scratch/rohlfslab/abierly2/LongTR/longTR_pipeline_HG02490/HG02490.chr4.vcf.gz	1.714736 seconds
Concatenating /scratch/rohlfslab/abierly2/LongTR/longTR_pipeline_HG02490/HG02490.chr5.vcf.gz	1.611630 seconds
Concatenating /scratch/rohlfslab/abierly2/LongTR/longTR_pipeline_HG02490/HG02490.chr6.vcf.gz	1.550840 seconds
Concatenating /scratch/rohlfslab/abierly2/LongTR/longTR_pipeline_HG02490/HG02490.chr7.vcf.gz	1.496446 seconds
Concatenating /scratch/rohlfslab/abierly2/LongTR/longTR_pipeline_HG02490/HG02490.chr8.vcf.gz	1.296008 seconds
Concatenating /scratch/rohlfslab/abierly2/LongTR/longTR_pipeline_HG02490/HG02490.chr9.vcf.gz	1.099939 seconds
Concatenating /scratch/rohlfslab/abierly2/LongTR/longTR_pipeline_HG02490/HG02490.chrM.vcf.gz	0.000393 seconds
Concatenating /scratch/rohlfslab/abierly2/LongTR/longTR_pipeline_HG02490/HG02490.chrX.vcf.gz	1.099881 seconds
Concatenating /scratch/rohlfslab/abierly2/LongTR/longTR_pipeline_HG02490/HG02490.chrY.vcf.gz	0.054305 seconds
