Checking the headers and starting positions of 25 files
Concatenating /scratch/rohlfslab/abierly2/LongTR/longTR_pipeline_HG03890/HG03890.chr10.vcf.gz	0.055256 seconds
Concatenating /scratch/rohlfslab/abierly2/LongTR/longTR_pipeline_HG03890/HG03890.chr11.vcf.gz	0.056599 seconds
Concatenating /scratch/rohlfslab/abierly2/LongTR/longTR_pipeline_HG03890/HG03890.chr12.vcf.gz	0.054815 seconds
Concatenating /scratch/rohlfslab/abierly2/LongTR/longTR_pipeline_HG03890/HG03890.chr13.vcf.gz	0.031905 seconds
Concatenating /scratch/rohlfslab/abierly2/LongTR/longTR_pipeline_HG03890/HG03890.chr14.vcf.gz	0.035217 seconds
Concatenating /scratch/rohlfslab/abierly2/LongTR/longTR_pipeline_HG03890/HG03890.chr15.vcf.gz	0.028499 seconds
Concatenating /scratch/rohlfslab/abierly2/LongTR/longTR_pipeline_HG03890/HG03890.chr16.vcf.gz	0.039431 seconds
Concatenating /scratch/rohlfslab/abierly2/LongTR/longTR_pipeline_HG03890/HG03890.chr17.vcf.gz	0.031857 seconds
Concatenating /scratch/rohlfslab/abierly2/LongTR/longTR_pipeline_HG03890/HG03890.chr18.vcf.gz	0.025263 seconds
Concatenating /scratch/rohlfslab/abierly2/LongTR/longTR_pipeline_HG03890/HG03890.chr19.vcf.gz	0.029467 seconds
Concatenating /scratch/rohlfslab/abierly2/LongTR/longTR_pipeline_HG03890/HG03890.chr1.vcf.gz	0.097108 seconds
Concatenating /scratch/rohlfslab/abierly2/LongTR/longTR_pipeline_HG03890/HG03890.chr20.vcf.gz	0.021914 seconds
Concatenating /scratch/rohlfslab/abierly2/LongTR/longTR_pipeline_HG03890/HG03890.chr21.vcf.gz	0.012197 seconds
Concatenating /scratch/rohlfslab/abierly2/LongTR/longTR_pipeline_HG03890/HG03890.chr22.vcf.gz	0.014061 seconds
Concatenating /scratch/rohlfslab/abierly2/LongTR/longTR_pipeline_HG03890/HG03890.chr2.vcf.gz	0.094185 seconds
Concatenating /scratch/rohlfslab/abierly2/LongTR/longTR_pipeline_HG03890/HG03890.chr3.vcf.gz	0.073725 seconds
Concatenating /scratch/rohlfslab/abierly2/LongTR/longTR_pipeline_HG03890/HG03890.chr4.vcf.gz	0.064223 seconds
Concatenating /scratch/rohlfslab/abierly2/LongTR/longTR_pipeline_HG03890/HG03890.chr5.vcf.gz	0.068035 seconds
Concatenating /scratch/rohlfslab/abierly2/LongTR/longTR_pipeline_HG03890/HG03890.chr6.vcf.gz	0.066922 seconds
Concatenating /scratch/rohlfslab/abierly2/LongTR/longTR_pipeline_HG03890/HG03890.chr7.vcf.gz	0.064754 seconds
Concatenating /scratch/rohlfslab/abierly2/LongTR/longTR_pipeline_HG03890/HG03890.chr8.vcf.gz	0.054441 seconds
Concatenating /scratch/rohlfslab/abierly2/LongTR/longTR_pipeline_HG03890/HG03890.chr9.vcf.gz	0.044161 seconds
Concatenating /scratch/rohlfslab/abierly2/LongTR/longTR_pipeline_HG03890/HG03890.chrM.vcf.gz	0.000300 seconds
Concatenating /scratch/rohlfslab/abierly2/LongTR/longTR_pipeline_HG03890/HG03890.chrX.vcf.gz	0.004425 seconds
Concatenating /scratch/rohlfslab/abierly2/LongTR/longTR_pipeline_HG03890/HG03890.chrY.vcf.gz	0.000295 seconds
