Checking the headers and starting positions of 25 files
Concatenating /scratch/rohlfslab/abierly2/LongTR/longTR_pipeline_HG00464/HG00464.chr10.vcf.gz	1.429290 seconds
Concatenating /scratch/rohlfslab/abierly2/LongTR/longTR_pipeline_HG00464/HG00464.chr11.vcf.gz	1.362069 seconds
Concatenating /scratch/rohlfslab/abierly2/LongTR/longTR_pipeline_HG00464/HG00464.chr12.vcf.gz	1.434843 seconds
Concatenating /scratch/rohlfslab/abierly2/LongTR/longTR_pipeline_HG00464/HG00464.chr13.vcf.gz	0.979333 seconds
Concatenating /scratch/rohlfslab/abierly2/LongTR/longTR_pipeline_HG00464/HG00464.chr14.vcf.gz	0.924644 seconds
Concatenating /scratch/rohlfslab/abierly2/LongTR/longTR_pipeline_HG00464/HG00464.chr15.vcf.gz	0.869358 seconds
Concatenating /scratch/rohlfslab/abierly2/LongTR/longTR_pipeline_HG00464/HG00464.chr16.vcf.gz	0.897965 seconds
Concatenating /scratch/rohlfslab/abierly2/LongTR/longTR_pipeline_HG00464/HG00464.chr17.vcf.gz	0.932291 seconds
Concatenating /scratch/rohlfslab/abierly2/LongTR/longTR_pipeline_HG00464/HG00464.chr18.vcf.gz	0.701487 seconds
Concatenating /scratch/rohlfslab/abierly2/LongTR/longTR_pipeline_HG00464/HG00464.chr19.vcf.gz	0.776370 seconds
Concatenating /scratch/rohlfslab/abierly2/LongTR/longTR_pipeline_HG00464/HG00464.chr1.vcf.gz	2.471707 seconds
Concatenating /scratch/rohlfslab/abierly2/LongTR/longTR_pipeline_HG00464/HG00464.chr20.vcf.gz	0.582240 seconds
Concatenating /scratch/rohlfslab/abierly2/LongTR/longTR_pipeline_HG00464/HG00464.chr21.vcf.gz	0.335053 seconds
Concatenating /scratch/rohlfslab/abierly2/LongTR/longTR_pipeline_HG00464/HG00464.chr22.vcf.gz	0.406986 seconds
Concatenating /scratch/rohlfslab/abierly2/LongTR/longTR_pipeline_HG00464/HG00464.chr2.vcf.gz	2.461646 seconds
Concatenating /scratch/rohlfslab/abierly2/LongTR/longTR_pipeline_HG00464/HG00464.chr3.vcf.gz	1.968652 seconds
Concatenating /scratch/rohlfslab/abierly2/LongTR/longTR_pipeline_HG00464/HG00464.chr4.vcf.gz	1.875725 seconds
Concatenating /scratch/rohlfslab/abierly2/LongTR/longTR_pipeline_HG00464/HG00464.chr5.vcf.gz	1.769701 seconds
Concatenating /scratch/rohlfslab/abierly2/LongTR/longTR_pipeline_HG00464/HG00464.chr6.vcf.gz	1.697968 seconds
Concatenating /scratch/rohlfslab/abierly2/LongTR/longTR_pipeline_HG00464/HG00464.chr7.vcf.gz	1.666108 seconds
Concatenating /scratch/rohlfslab/abierly2/LongTR/longTR_pipeline_HG00464/HG00464.chr8.vcf.gz	1.431203 seconds
Concatenating /scratch/rohlfslab/abierly2/LongTR/longTR_pipeline_HG00464/HG00464.chr9.vcf.gz	1.203771 seconds
Concatenating /scratch/rohlfslab/abierly2/LongTR/longTR_pipeline_HG00464/HG00464.chrM.vcf.gz	0.000529 seconds
Concatenating /scratch/rohlfslab/abierly2/LongTR/longTR_pipeline_HG00464/HG00464.chrX.vcf.gz	1.466625 seconds
Concatenating /scratch/rohlfslab/abierly2/LongTR/longTR_pipeline_HG00464/HG00464.chrY.vcf.gz	0.000485 seconds
