Checking the headers and starting positions of 25 files
Concatenating /scratch/rohlfslab/abierly2/LongTR/longTR_pipeline_HG01933/HG01933.chr10.vcf.gz	0.449311 seconds
Concatenating /scratch/rohlfslab/abierly2/LongTR/longTR_pipeline_HG01933/HG01933.chr11.vcf.gz	0.428300 seconds
Concatenating /scratch/rohlfslab/abierly2/LongTR/longTR_pipeline_HG01933/HG01933.chr12.vcf.gz	0.476015 seconds
Concatenating /scratch/rohlfslab/abierly2/LongTR/longTR_pipeline_HG01933/HG01933.chr13.vcf.gz	0.271900 seconds
Concatenating /scratch/rohlfslab/abierly2/LongTR/longTR_pipeline_HG01933/HG01933.chr14.vcf.gz	0.288746 seconds
Concatenating /scratch/rohlfslab/abierly2/LongTR/longTR_pipeline_HG01933/HG01933.chr15.vcf.gz	0.272680 seconds
Concatenating /scratch/rohlfslab/abierly2/LongTR/longTR_pipeline_HG01933/HG01933.chr16.vcf.gz	0.304656 seconds
Concatenating /scratch/rohlfslab/abierly2/LongTR/longTR_pipeline_HG01933/HG01933.chr17.vcf.gz	0.332239 seconds
Concatenating /scratch/rohlfslab/abierly2/LongTR/longTR_pipeline_HG01933/HG01933.chr18.vcf.gz	0.208152 seconds
Concatenating /scratch/rohlfslab/abierly2/LongTR/longTR_pipeline_HG01933/HG01933.chr19.vcf.gz	0.304043 seconds
Concatenating /scratch/rohlfslab/abierly2/LongTR/longTR_pipeline_HG01933/HG01933.chr1.vcf.gz	0.799235 seconds
Concatenating /scratch/rohlfslab/abierly2/LongTR/longTR_pipeline_HG01933/HG01933.chr20.vcf.gz	0.191760 seconds
Concatenating /scratch/rohlfslab/abierly2/LongTR/longTR_pipeline_HG01933/HG01933.chr21.vcf.gz	0.107424 seconds
Concatenating /scratch/rohlfslab/abierly2/LongTR/longTR_pipeline_HG01933/HG01933.chr22.vcf.gz	0.140383 seconds
Concatenating /scratch/rohlfslab/abierly2/LongTR/longTR_pipeline_HG01933/HG01933.chr2.vcf.gz	0.761696 seconds
Concatenating /scratch/rohlfslab/abierly2/LongTR/longTR_pipeline_HG01933/HG01933.chr3.vcf.gz	0.618106 seconds
Concatenating /scratch/rohlfslab/abierly2/LongTR/longTR_pipeline_HG01933/HG01933.chr4.vcf.gz	0.548962 seconds
Concatenating /scratch/rohlfslab/abierly2/LongTR/longTR_pipeline_HG01933/HG01933.chr5.vcf.gz	0.560707 seconds
Concatenating /scratch/rohlfslab/abierly2/LongTR/longTR_pipeline_HG01933/HG01933.chr6.vcf.gz	0.530543 seconds
Concatenating /scratch/rohlfslab/abierly2/LongTR/longTR_pipeline_HG01933/HG01933.chr7.vcf.gz	0.508986 seconds
Concatenating /scratch/rohlfslab/abierly2/LongTR/longTR_pipeline_HG01933/HG01933.chr8.vcf.gz	0.445388 seconds
Concatenating /scratch/rohlfslab/abierly2/LongTR/longTR_pipeline_HG01933/HG01933.chr9.vcf.gz	0.389838 seconds
Concatenating /scratch/rohlfslab/abierly2/LongTR/longTR_pipeline_HG01933/HG01933.chrM.vcf.gz	0.000330 seconds
Concatenating /scratch/rohlfslab/abierly2/LongTR/longTR_pipeline_HG01933/HG01933.chrX.vcf.gz	0.417264 seconds
Concatenating /scratch/rohlfslab/abierly2/LongTR/longTR_pipeline_HG01933/HG01933.chrY.vcf.gz	0.000335 seconds
