Checking the headers and starting positions of 25 files
Concatenating /scratch/rohlfslab/abierly2/LongTR/longTR_pipeline_HG00443/HG00443.chr10.vcf.gz	1.250883 seconds
Concatenating /scratch/rohlfslab/abierly2/LongTR/longTR_pipeline_HG00443/HG00443.chr11.vcf.gz	1.186234 seconds
Concatenating /scratch/rohlfslab/abierly2/LongTR/longTR_pipeline_HG00443/HG00443.chr12.vcf.gz	1.261366 seconds
Concatenating /scratch/rohlfslab/abierly2/LongTR/longTR_pipeline_HG00443/HG00443.chr13.vcf.gz	0.865522 seconds
Concatenating /scratch/rohlfslab/abierly2/LongTR/longTR_pipeline_HG00443/HG00443.chr14.vcf.gz	0.828281 seconds
Concatenating /scratch/rohlfslab/abierly2/LongTR/longTR_pipeline_HG00443/HG00443.chr15.vcf.gz	0.771489 seconds
Concatenating /scratch/rohlfslab/abierly2/LongTR/longTR_pipeline_HG00443/HG00443.chr16.vcf.gz	0.808856 seconds
Concatenating /scratch/rohlfslab/abierly2/LongTR/longTR_pipeline_HG00443/HG00443.chr17.vcf.gz	0.844418 seconds
Concatenating /scratch/rohlfslab/abierly2/LongTR/longTR_pipeline_HG00443/HG00443.chr18.vcf.gz	0.622738 seconds
Concatenating /scratch/rohlfslab/abierly2/LongTR/longTR_pipeline_HG00443/HG00443.chr19.vcf.gz	0.698939 seconds
Concatenating /scratch/rohlfslab/abierly2/LongTR/longTR_pipeline_HG00443/HG00443.chr1.vcf.gz	2.211083 seconds
Concatenating /scratch/rohlfslab/abierly2/LongTR/longTR_pipeline_HG00443/HG00443.chr20.vcf.gz	0.520965 seconds
Concatenating /scratch/rohlfslab/abierly2/LongTR/longTR_pipeline_HG00443/HG00443.chr21.vcf.gz	0.304917 seconds
Concatenating /scratch/rohlfslab/abierly2/LongTR/longTR_pipeline_HG00443/HG00443.chr22.vcf.gz	0.364757 seconds
Concatenating /scratch/rohlfslab/abierly2/LongTR/longTR_pipeline_HG00443/HG00443.chr2.vcf.gz	2.224655 seconds
Concatenating /scratch/rohlfslab/abierly2/LongTR/longTR_pipeline_HG00443/HG00443.chr3.vcf.gz	1.781002 seconds
Concatenating /scratch/rohlfslab/abierly2/LongTR/longTR_pipeline_HG00443/HG00443.chr4.vcf.gz	1.697741 seconds
Concatenating /scratch/rohlfslab/abierly2/LongTR/longTR_pipeline_HG00443/HG00443.chr5.vcf.gz	1.595213 seconds
Concatenating /scratch/rohlfslab/abierly2/LongTR/longTR_pipeline_HG00443/HG00443.chr6.vcf.gz	1.536336 seconds
Concatenating /scratch/rohlfslab/abierly2/LongTR/longTR_pipeline_HG00443/HG00443.chr7.vcf.gz	1.488820 seconds
Concatenating /scratch/rohlfslab/abierly2/LongTR/longTR_pipeline_HG00443/HG00443.chr8.vcf.gz	1.286943 seconds
Concatenating /scratch/rohlfslab/abierly2/LongTR/longTR_pipeline_HG00443/HG00443.chr9.vcf.gz	1.087417 seconds
Concatenating /scratch/rohlfslab/abierly2/LongTR/longTR_pipeline_HG00443/HG00443.chrM.vcf.gz	0.000659 seconds
Concatenating /scratch/rohlfslab/abierly2/LongTR/longTR_pipeline_HG00443/HG00443.chrX.vcf.gz	1.335269 seconds
Concatenating /scratch/rohlfslab/abierly2/LongTR/longTR_pipeline_HG00443/HG00443.chrY.vcf.gz	0.000722 seconds
