Checking the headers and starting positions of 25 files
Concatenating /scratch/rohlfslab/abierly2/LongTR/longTR_pipeline_HG03721/HG03721.chr10.vcf.gz	1.214008 seconds
Concatenating /scratch/rohlfslab/abierly2/LongTR/longTR_pipeline_HG03721/HG03721.chr11.vcf.gz	1.188231 seconds
Concatenating /scratch/rohlfslab/abierly2/LongTR/longTR_pipeline_HG03721/HG03721.chr12.vcf.gz	1.257776 seconds
Concatenating /scratch/rohlfslab/abierly2/LongTR/longTR_pipeline_HG03721/HG03721.chr13.vcf.gz	0.847320 seconds
Concatenating /scratch/rohlfslab/abierly2/LongTR/longTR_pipeline_HG03721/HG03721.chr14.vcf.gz	0.801850 seconds
Concatenating /scratch/rohlfslab/abierly2/LongTR/longTR_pipeline_HG03721/HG03721.chr15.vcf.gz	0.755770 seconds
Concatenating /scratch/rohlfslab/abierly2/LongTR/longTR_pipeline_HG03721/HG03721.chr16.vcf.gz	0.793388 seconds
Concatenating /scratch/rohlfslab/abierly2/LongTR/longTR_pipeline_HG03721/HG03721.chr17.vcf.gz	0.822954 seconds
Concatenating /scratch/rohlfslab/abierly2/LongTR/longTR_pipeline_HG03721/HG03721.chr18.vcf.gz	0.607984 seconds
Concatenating /scratch/rohlfslab/abierly2/LongTR/longTR_pipeline_HG03721/HG03721.chr19.vcf.gz	0.689415 seconds
Concatenating /scratch/rohlfslab/abierly2/LongTR/longTR_pipeline_HG03721/HG03721.chr1.vcf.gz	2.158299 seconds
Concatenating /scratch/rohlfslab/abierly2/LongTR/longTR_pipeline_HG03721/HG03721.chr20.vcf.gz	0.515826 seconds
Concatenating /scratch/rohlfslab/abierly2/LongTR/longTR_pipeline_HG03721/HG03721.chr21.vcf.gz	0.297593 seconds
Concatenating /scratch/rohlfslab/abierly2/LongTR/longTR_pipeline_HG03721/HG03721.chr22.vcf.gz	0.362722 seconds
Concatenating /scratch/rohlfslab/abierly2/LongTR/longTR_pipeline_HG03721/HG03721.chr2.vcf.gz	2.157604 seconds
Concatenating /scratch/rohlfslab/abierly2/LongTR/longTR_pipeline_HG03721/HG03721.chr3.vcf.gz	1.724440 seconds
Concatenating /scratch/rohlfslab/abierly2/LongTR/longTR_pipeline_HG03721/HG03721.chr4.vcf.gz	1.644275 seconds
Concatenating /scratch/rohlfslab/abierly2/LongTR/longTR_pipeline_HG03721/HG03721.chr5.vcf.gz	1.560759 seconds
Concatenating /scratch/rohlfslab/abierly2/LongTR/longTR_pipeline_HG03721/HG03721.chr6.vcf.gz	1.497772 seconds
Concatenating /scratch/rohlfslab/abierly2/LongTR/longTR_pipeline_HG03721/HG03721.chr7.vcf.gz	1.452193 seconds
Concatenating /scratch/rohlfslab/abierly2/LongTR/longTR_pipeline_HG03721/HG03721.chr8.vcf.gz	1.252117 seconds
Concatenating /scratch/rohlfslab/abierly2/LongTR/longTR_pipeline_HG03721/HG03721.chr9.vcf.gz	1.067537 seconds
Concatenating /scratch/rohlfslab/abierly2/LongTR/longTR_pipeline_HG03721/HG03721.chrM.vcf.gz	0.000317 seconds
Concatenating /scratch/rohlfslab/abierly2/LongTR/longTR_pipeline_HG03721/HG03721.chrX.vcf.gz	1.298980 seconds
Concatenating /scratch/rohlfslab/abierly2/LongTR/longTR_pipeline_HG03721/HG03721.chrY.vcf.gz	0.000304 seconds
