Checking the headers and starting positions of 25 files
Concatenating /scratch/rohlfslab/abierly2/LongTR/longTR_pipeline_HG01694/HG01694.chr10.vcf.gz	0.800692 seconds
Concatenating /scratch/rohlfslab/abierly2/LongTR/longTR_pipeline_HG01694/HG01694.chr11.vcf.gz	0.786000 seconds
Concatenating /scratch/rohlfslab/abierly2/LongTR/longTR_pipeline_HG01694/HG01694.chr12.vcf.gz	0.847681 seconds
Concatenating /scratch/rohlfslab/abierly2/LongTR/longTR_pipeline_HG01694/HG01694.chr13.vcf.gz	0.529257 seconds
Concatenating /scratch/rohlfslab/abierly2/LongTR/longTR_pipeline_HG01694/HG01694.chr14.vcf.gz	0.533943 seconds
Concatenating /scratch/rohlfslab/abierly2/LongTR/longTR_pipeline_HG01694/HG01694.chr15.vcf.gz	0.510509 seconds
Concatenating /scratch/rohlfslab/abierly2/LongTR/longTR_pipeline_HG01694/HG01694.chr16.vcf.gz	0.545353 seconds
Concatenating /scratch/rohlfslab/abierly2/LongTR/longTR_pipeline_HG01694/HG01694.chr17.vcf.gz	0.598872 seconds
Concatenating /scratch/rohlfslab/abierly2/LongTR/longTR_pipeline_HG01694/HG01694.chr18.vcf.gz	0.380432 seconds
Concatenating /scratch/rohlfslab/abierly2/LongTR/longTR_pipeline_HG01694/HG01694.chr19.vcf.gz	0.547632 seconds
Concatenating /scratch/rohlfslab/abierly2/LongTR/longTR_pipeline_HG01694/HG01694.chr1.vcf.gz	1.505789 seconds
Concatenating /scratch/rohlfslab/abierly2/LongTR/longTR_pipeline_HG01694/HG01694.chr20.vcf.gz	0.347121 seconds
Concatenating /scratch/rohlfslab/abierly2/LongTR/longTR_pipeline_HG01694/HG01694.chr21.vcf.gz	0.198062 seconds
Concatenating /scratch/rohlfslab/abierly2/LongTR/longTR_pipeline_HG01694/HG01694.chr22.vcf.gz	0.254661 seconds
Concatenating /scratch/rohlfslab/abierly2/LongTR/longTR_pipeline_HG01694/HG01694.chr2.vcf.gz	1.447507 seconds
Concatenating /scratch/rohlfslab/abierly2/LongTR/longTR_pipeline_HG01694/HG01694.chr3.vcf.gz	1.170062 seconds
Concatenating /scratch/rohlfslab/abierly2/LongTR/longTR_pipeline_HG01694/HG01694.chr4.vcf.gz	1.016090 seconds
Concatenating /scratch/rohlfslab/abierly2/LongTR/longTR_pipeline_HG01694/HG01694.chr5.vcf.gz	1.026124 seconds
Concatenating /scratch/rohlfslab/abierly2/LongTR/longTR_pipeline_HG01694/HG01694.chr6.vcf.gz	0.998661 seconds
Concatenating /scratch/rohlfslab/abierly2/LongTR/longTR_pipeline_HG01694/HG01694.chr7.vcf.gz	0.970336 seconds
Concatenating /scratch/rohlfslab/abierly2/LongTR/longTR_pipeline_HG01694/HG01694.chr8.vcf.gz	0.824725 seconds
Concatenating /scratch/rohlfslab/abierly2/LongTR/longTR_pipeline_HG01694/HG01694.chr9.vcf.gz	0.712197 seconds
Concatenating /scratch/rohlfslab/abierly2/LongTR/longTR_pipeline_HG01694/HG01694.chrM.vcf.gz	0.000311 seconds
Concatenating /scratch/rohlfslab/abierly2/LongTR/longTR_pipeline_HG01694/HG01694.chrX.vcf.gz	0.113893 seconds
Concatenating /scratch/rohlfslab/abierly2/LongTR/longTR_pipeline_HG01694/HG01694.chrY.vcf.gz	0.002350 seconds
