Checking the headers and starting positions of 25 files
Concatenating /scratch/rohlfslab/abierly2/LongTR/longTR_pipeline_HG03904/HG03904.chr10.vcf.gz	1.318484 seconds
Concatenating /scratch/rohlfslab/abierly2/LongTR/longTR_pipeline_HG03904/HG03904.chr11.vcf.gz	1.248482 seconds
Concatenating /scratch/rohlfslab/abierly2/LongTR/longTR_pipeline_HG03904/HG03904.chr12.vcf.gz	1.344080 seconds
Concatenating /scratch/rohlfslab/abierly2/LongTR/longTR_pipeline_HG03904/HG03904.chr13.vcf.gz	0.927098 seconds
Concatenating /scratch/rohlfslab/abierly2/LongTR/longTR_pipeline_HG03904/HG03904.chr14.vcf.gz	0.867839 seconds
Concatenating /scratch/rohlfslab/abierly2/LongTR/longTR_pipeline_HG03904/HG03904.chr15.vcf.gz	0.803636 seconds
Concatenating /scratch/rohlfslab/abierly2/LongTR/longTR_pipeline_HG03904/HG03904.chr16.vcf.gz	0.855718 seconds
Concatenating /scratch/rohlfslab/abierly2/LongTR/longTR_pipeline_HG03904/HG03904.chr17.vcf.gz	0.884586 seconds
Concatenating /scratch/rohlfslab/abierly2/LongTR/longTR_pipeline_HG03904/HG03904.chr18.vcf.gz	0.660571 seconds
Concatenating /scratch/rohlfslab/abierly2/LongTR/longTR_pipeline_HG03904/HG03904.chr19.vcf.gz	0.723968 seconds
Concatenating /scratch/rohlfslab/abierly2/LongTR/longTR_pipeline_HG03904/HG03904.chr1.vcf.gz	2.347726 seconds
Concatenating /scratch/rohlfslab/abierly2/LongTR/longTR_pipeline_HG03904/HG03904.chr20.vcf.gz	0.553244 seconds
Concatenating /scratch/rohlfslab/abierly2/LongTR/longTR_pipeline_HG03904/HG03904.chr21.vcf.gz	0.320953 seconds
Concatenating /scratch/rohlfslab/abierly2/LongTR/longTR_pipeline_HG03904/HG03904.chr22.vcf.gz	0.395449 seconds
Concatenating /scratch/rohlfslab/abierly2/LongTR/longTR_pipeline_HG03904/HG03904.chr2.vcf.gz	2.334167 seconds
Concatenating /scratch/rohlfslab/abierly2/LongTR/longTR_pipeline_HG03904/HG03904.chr3.vcf.gz	1.868889 seconds
Concatenating /scratch/rohlfslab/abierly2/LongTR/longTR_pipeline_HG03904/HG03904.chr4.vcf.gz	1.779706 seconds
Concatenating /scratch/rohlfslab/abierly2/LongTR/longTR_pipeline_HG03904/HG03904.chr5.vcf.gz	1.678217 seconds
Concatenating /scratch/rohlfslab/abierly2/LongTR/longTR_pipeline_HG03904/HG03904.chr6.vcf.gz	1.615998 seconds
Concatenating /scratch/rohlfslab/abierly2/LongTR/longTR_pipeline_HG03904/HG03904.chr7.vcf.gz	1.563375 seconds
Concatenating /scratch/rohlfslab/abierly2/LongTR/longTR_pipeline_HG03904/HG03904.chr8.vcf.gz	1.363513 seconds
Concatenating /scratch/rohlfslab/abierly2/LongTR/longTR_pipeline_HG03904/HG03904.chr9.vcf.gz	1.147962 seconds
Concatenating /scratch/rohlfslab/abierly2/LongTR/longTR_pipeline_HG03904/HG03904.chrM.vcf.gz	0.000395 seconds
Concatenating /scratch/rohlfslab/abierly2/LongTR/longTR_pipeline_HG03904/HG03904.chrX.vcf.gz	1.404682 seconds
Concatenating /scratch/rohlfslab/abierly2/LongTR/longTR_pipeline_HG03904/HG03904.chrY.vcf.gz	0.000385 seconds
