Checking the headers and starting positions of 25 files
Concatenating /scratch/rohlfslab/abierly2/LongTR/longTR_pipeline_HG02139/HG02139.chr10.vcf.gz	1.203864 seconds
Concatenating /scratch/rohlfslab/abierly2/LongTR/longTR_pipeline_HG02139/HG02139.chr11.vcf.gz	1.147260 seconds
Concatenating /scratch/rohlfslab/abierly2/LongTR/longTR_pipeline_HG02139/HG02139.chr12.vcf.gz	1.215486 seconds
Concatenating /scratch/rohlfslab/abierly2/LongTR/longTR_pipeline_HG02139/HG02139.chr13.vcf.gz	0.838325 seconds
Concatenating /scratch/rohlfslab/abierly2/LongTR/longTR_pipeline_HG02139/HG02139.chr14.vcf.gz	0.796424 seconds
Concatenating /scratch/rohlfslab/abierly2/LongTR/longTR_pipeline_HG02139/HG02139.chr15.vcf.gz	0.749563 seconds
Concatenating /scratch/rohlfslab/abierly2/LongTR/longTR_pipeline_HG02139/HG02139.chr16.vcf.gz	0.780053 seconds
Concatenating /scratch/rohlfslab/abierly2/LongTR/longTR_pipeline_HG02139/HG02139.chr17.vcf.gz	0.809446 seconds
Concatenating /scratch/rohlfslab/abierly2/LongTR/longTR_pipeline_HG02139/HG02139.chr18.vcf.gz	0.604249 seconds
Concatenating /scratch/rohlfslab/abierly2/LongTR/longTR_pipeline_HG02139/HG02139.chr19.vcf.gz	0.676026 seconds
Concatenating /scratch/rohlfslab/abierly2/LongTR/longTR_pipeline_HG02139/HG02139.chr1.vcf.gz	2.141282 seconds
Concatenating /scratch/rohlfslab/abierly2/LongTR/longTR_pipeline_HG02139/HG02139.chr20.vcf.gz	0.504307 seconds
Concatenating /scratch/rohlfslab/abierly2/LongTR/longTR_pipeline_HG02139/HG02139.chr21.vcf.gz	0.291890 seconds
Concatenating /scratch/rohlfslab/abierly2/LongTR/longTR_pipeline_HG02139/HG02139.chr22.vcf.gz	0.357773 seconds
Concatenating /scratch/rohlfslab/abierly2/LongTR/longTR_pipeline_HG02139/HG02139.chr2.vcf.gz	2.140821 seconds
Concatenating /scratch/rohlfslab/abierly2/LongTR/longTR_pipeline_HG02139/HG02139.chr3.vcf.gz	1.728213 seconds
Concatenating /scratch/rohlfslab/abierly2/LongTR/longTR_pipeline_HG02139/HG02139.chr4.vcf.gz	1.632898 seconds
Concatenating /scratch/rohlfslab/abierly2/LongTR/longTR_pipeline_HG02139/HG02139.chr5.vcf.gz	1.544424 seconds
Concatenating /scratch/rohlfslab/abierly2/LongTR/longTR_pipeline_HG02139/HG02139.chr6.vcf.gz	1.490905 seconds
Concatenating /scratch/rohlfslab/abierly2/LongTR/longTR_pipeline_HG02139/HG02139.chr7.vcf.gz	1.439854 seconds
Concatenating /scratch/rohlfslab/abierly2/LongTR/longTR_pipeline_HG02139/HG02139.chr8.vcf.gz	1.245594 seconds
Concatenating /scratch/rohlfslab/abierly2/LongTR/longTR_pipeline_HG02139/HG02139.chr9.vcf.gz	1.053513 seconds
Concatenating /scratch/rohlfslab/abierly2/LongTR/longTR_pipeline_HG02139/HG02139.chrM.vcf.gz	0.000408 seconds
Concatenating /scratch/rohlfslab/abierly2/LongTR/longTR_pipeline_HG02139/HG02139.chrX.vcf.gz	1.282125 seconds
Concatenating /scratch/rohlfslab/abierly2/LongTR/longTR_pipeline_HG02139/HG02139.chrY.vcf.gz	0.000367 seconds
