Checking the headers and starting positions of 25 files
Concatenating /scratch/rohlfslab/abierly2/LongTR/longTR_pipeline_NA18968/NA18968.chr10.vcf.gz	1.258987 seconds
Concatenating /scratch/rohlfslab/abierly2/LongTR/longTR_pipeline_NA18968/NA18968.chr11.vcf.gz	1.200491 seconds
Concatenating /scratch/rohlfslab/abierly2/LongTR/longTR_pipeline_NA18968/NA18968.chr12.vcf.gz	1.281606 seconds
Concatenating /scratch/rohlfslab/abierly2/LongTR/longTR_pipeline_NA18968/NA18968.chr13.vcf.gz	0.882076 seconds
Concatenating /scratch/rohlfslab/abierly2/LongTR/longTR_pipeline_NA18968/NA18968.chr14.vcf.gz	0.842637 seconds
Concatenating /scratch/rohlfslab/abierly2/LongTR/longTR_pipeline_NA18968/NA18968.chr15.vcf.gz	0.791092 seconds
Concatenating /scratch/rohlfslab/abierly2/LongTR/longTR_pipeline_NA18968/NA18968.chr16.vcf.gz	0.829264 seconds
Concatenating /scratch/rohlfslab/abierly2/LongTR/longTR_pipeline_NA18968/NA18968.chr17.vcf.gz	0.857308 seconds
Concatenating /scratch/rohlfslab/abierly2/LongTR/longTR_pipeline_NA18968/NA18968.chr18.vcf.gz	0.630371 seconds
Concatenating /scratch/rohlfslab/abierly2/LongTR/longTR_pipeline_NA18968/NA18968.chr19.vcf.gz	0.718275 seconds
Concatenating /scratch/rohlfslab/abierly2/LongTR/longTR_pipeline_NA18968/NA18968.chr1.vcf.gz	2.275917 seconds
Concatenating /scratch/rohlfslab/abierly2/LongTR/longTR_pipeline_NA18968/NA18968.chr20.vcf.gz	0.530187 seconds
Concatenating /scratch/rohlfslab/abierly2/LongTR/longTR_pipeline_NA18968/NA18968.chr21.vcf.gz	0.305276 seconds
Concatenating /scratch/rohlfslab/abierly2/LongTR/longTR_pipeline_NA18968/NA18968.chr22.vcf.gz	0.373838 seconds
Concatenating /scratch/rohlfslab/abierly2/LongTR/longTR_pipeline_NA18968/NA18968.chr2.vcf.gz	2.269078 seconds
Concatenating /scratch/rohlfslab/abierly2/LongTR/longTR_pipeline_NA18968/NA18968.chr3.vcf.gz	1.813018 seconds
Concatenating /scratch/rohlfslab/abierly2/LongTR/longTR_pipeline_NA18968/NA18968.chr4.vcf.gz	1.730467 seconds
Concatenating /scratch/rohlfslab/abierly2/LongTR/longTR_pipeline_NA18968/NA18968.chr5.vcf.gz	1.648740 seconds
Concatenating /scratch/rohlfslab/abierly2/LongTR/longTR_pipeline_NA18968/NA18968.chr6.vcf.gz	1.585094 seconds
Concatenating /scratch/rohlfslab/abierly2/LongTR/longTR_pipeline_NA18968/NA18968.chr7.vcf.gz	1.516947 seconds
Concatenating /scratch/rohlfslab/abierly2/LongTR/longTR_pipeline_NA18968/NA18968.chr8.vcf.gz	1.303022 seconds
Concatenating /scratch/rohlfslab/abierly2/LongTR/longTR_pipeline_NA18968/NA18968.chr9.vcf.gz	1.111795 seconds
Concatenating /scratch/rohlfslab/abierly2/LongTR/longTR_pipeline_NA18968/NA18968.chrM.vcf.gz	0.000314 seconds
Concatenating /scratch/rohlfslab/abierly2/LongTR/longTR_pipeline_NA18968/NA18968.chrX.vcf.gz	1.347435 seconds
Concatenating /scratch/rohlfslab/abierly2/LongTR/longTR_pipeline_NA18968/NA18968.chrY.vcf.gz	0.000296 seconds
