Checking the headers and starting positions of 25 files
Concatenating /scratch/rohlfslab/abierly2/LongTR/longTR_pipeline_HG01447/HG01447.chr10.vcf.gz	0.908926 seconds
Concatenating /scratch/rohlfslab/abierly2/LongTR/longTR_pipeline_HG01447/HG01447.chr11.vcf.gz	0.866692 seconds
Concatenating /scratch/rohlfslab/abierly2/LongTR/longTR_pipeline_HG01447/HG01447.chr12.vcf.gz	0.935167 seconds
Concatenating /scratch/rohlfslab/abierly2/LongTR/longTR_pipeline_HG01447/HG01447.chr13.vcf.gz	0.631100 seconds
Concatenating /scratch/rohlfslab/abierly2/LongTR/longTR_pipeline_HG01447/HG01447.chr14.vcf.gz	0.610201 seconds
Concatenating /scratch/rohlfslab/abierly2/LongTR/longTR_pipeline_HG01447/HG01447.chr15.vcf.gz	0.570165 seconds
Concatenating /scratch/rohlfslab/abierly2/LongTR/longTR_pipeline_HG01447/HG01447.chr16.vcf.gz	0.573971 seconds
Concatenating /scratch/rohlfslab/abierly2/LongTR/longTR_pipeline_HG01447/HG01447.chr17.vcf.gz	0.623775 seconds
Concatenating /scratch/rohlfslab/abierly2/LongTR/longTR_pipeline_HG01447/HG01447.chr18.vcf.gz	0.445478 seconds
Concatenating /scratch/rohlfslab/abierly2/LongTR/longTR_pipeline_HG01447/HG01447.chr19.vcf.gz	0.550961 seconds
Concatenating /scratch/rohlfslab/abierly2/LongTR/longTR_pipeline_HG01447/HG01447.chr1.vcf.gz	1.644945 seconds
Concatenating /scratch/rohlfslab/abierly2/LongTR/longTR_pipeline_HG01447/HG01447.chr20.vcf.gz	0.378978 seconds
Concatenating /scratch/rohlfslab/abierly2/LongTR/longTR_pipeline_HG01447/HG01447.chr21.vcf.gz	0.212864 seconds
Concatenating /scratch/rohlfslab/abierly2/LongTR/longTR_pipeline_HG01447/HG01447.chr22.vcf.gz	0.261006 seconds
Concatenating /scratch/rohlfslab/abierly2/LongTR/longTR_pipeline_HG01447/HG01447.chr2.vcf.gz	1.640890 seconds
Concatenating /scratch/rohlfslab/abierly2/LongTR/longTR_pipeline_HG01447/HG01447.chr3.vcf.gz	1.312815 seconds
Concatenating /scratch/rohlfslab/abierly2/LongTR/longTR_pipeline_HG01447/HG01447.chr4.vcf.gz	1.235354 seconds
Concatenating /scratch/rohlfslab/abierly2/LongTR/longTR_pipeline_HG01447/HG01447.chr5.vcf.gz	1.177262 seconds
Concatenating /scratch/rohlfslab/abierly2/LongTR/longTR_pipeline_HG01447/HG01447.chr6.vcf.gz	1.151007 seconds
Concatenating /scratch/rohlfslab/abierly2/LongTR/longTR_pipeline_HG01447/HG01447.chr7.vcf.gz	1.074854 seconds
Concatenating /scratch/rohlfslab/abierly2/LongTR/longTR_pipeline_HG01447/HG01447.chr8.vcf.gz	0.917780 seconds
Concatenating /scratch/rohlfslab/abierly2/LongTR/longTR_pipeline_HG01447/HG01447.chr9.vcf.gz	0.799657 seconds
Concatenating /scratch/rohlfslab/abierly2/LongTR/longTR_pipeline_HG01447/HG01447.chrM.vcf.gz	0.000303 seconds
Concatenating /scratch/rohlfslab/abierly2/LongTR/longTR_pipeline_HG01447/HG01447.chrX.vcf.gz	0.919927 seconds
Concatenating /scratch/rohlfslab/abierly2/LongTR/longTR_pipeline_HG01447/HG01447.chrY.vcf.gz	0.000287 seconds
