Checking the headers and starting positions of 25 files
Concatenating /scratch/rohlfslab/abierly2/LongTR/longTR_pipeline_HG00737/HG00737.chr10.vcf.gz	1.205891 seconds
Concatenating /scratch/rohlfslab/abierly2/LongTR/longTR_pipeline_HG00737/HG00737.chr11.vcf.gz	1.141737 seconds
Concatenating /scratch/rohlfslab/abierly2/LongTR/longTR_pipeline_HG00737/HG00737.chr12.vcf.gz	1.207928 seconds
Concatenating /scratch/rohlfslab/abierly2/LongTR/longTR_pipeline_HG00737/HG00737.chr13.vcf.gz	0.836029 seconds
Concatenating /scratch/rohlfslab/abierly2/LongTR/longTR_pipeline_HG00737/HG00737.chr14.vcf.gz	0.786318 seconds
Concatenating /scratch/rohlfslab/abierly2/LongTR/longTR_pipeline_HG00737/HG00737.chr15.vcf.gz	0.741309 seconds
Concatenating /scratch/rohlfslab/abierly2/LongTR/longTR_pipeline_HG00737/HG00737.chr16.vcf.gz	0.772378 seconds
Concatenating /scratch/rohlfslab/abierly2/LongTR/longTR_pipeline_HG00737/HG00737.chr17.vcf.gz	0.801171 seconds
Concatenating /scratch/rohlfslab/abierly2/LongTR/longTR_pipeline_HG00737/HG00737.chr18.vcf.gz	0.598519 seconds
Concatenating /scratch/rohlfslab/abierly2/LongTR/longTR_pipeline_HG00737/HG00737.chr19.vcf.gz	0.663763 seconds
Concatenating /scratch/rohlfslab/abierly2/LongTR/longTR_pipeline_HG00737/HG00737.chr1.vcf.gz	2.128424 seconds
Concatenating /scratch/rohlfslab/abierly2/LongTR/longTR_pipeline_HG00737/HG00737.chr20.vcf.gz	0.501105 seconds
Concatenating /scratch/rohlfslab/abierly2/LongTR/longTR_pipeline_HG00737/HG00737.chr21.vcf.gz	0.287556 seconds
Concatenating /scratch/rohlfslab/abierly2/LongTR/longTR_pipeline_HG00737/HG00737.chr22.vcf.gz	0.351331 seconds
Concatenating /scratch/rohlfslab/abierly2/LongTR/longTR_pipeline_HG00737/HG00737.chr2.vcf.gz	2.127163 seconds
Concatenating /scratch/rohlfslab/abierly2/LongTR/longTR_pipeline_HG00737/HG00737.chr3.vcf.gz	1.702586 seconds
Concatenating /scratch/rohlfslab/abierly2/LongTR/longTR_pipeline_HG00737/HG00737.chr4.vcf.gz	1.625124 seconds
Concatenating /scratch/rohlfslab/abierly2/LongTR/longTR_pipeline_HG00737/HG00737.chr5.vcf.gz	1.536094 seconds
Concatenating /scratch/rohlfslab/abierly2/LongTR/longTR_pipeline_HG00737/HG00737.chr6.vcf.gz	1.482100 seconds
Concatenating /scratch/rohlfslab/abierly2/LongTR/longTR_pipeline_HG00737/HG00737.chr7.vcf.gz	1.430273 seconds
Concatenating /scratch/rohlfslab/abierly2/LongTR/longTR_pipeline_HG00737/HG00737.chr8.vcf.gz	1.233300 seconds
Concatenating /scratch/rohlfslab/abierly2/LongTR/longTR_pipeline_HG00737/HG00737.chr9.vcf.gz	1.045120 seconds
Concatenating /scratch/rohlfslab/abierly2/LongTR/longTR_pipeline_HG00737/HG00737.chrM.vcf.gz	0.000299 seconds
Concatenating /scratch/rohlfslab/abierly2/LongTR/longTR_pipeline_HG00737/HG00737.chrX.vcf.gz	1.274216 seconds
Concatenating /scratch/rohlfslab/abierly2/LongTR/longTR_pipeline_HG00737/HG00737.chrY.vcf.gz	0.000284 seconds
