Checking the headers and starting positions of 25 files
Concatenating /scratch/rohlfslab/abierly2/LongTR/longTR_pipeline_NA12376/NA12376.chr10.vcf.gz	1.040248 seconds
Concatenating /scratch/rohlfslab/abierly2/LongTR/longTR_pipeline_NA12376/NA12376.chr11.vcf.gz	0.975855 seconds
Concatenating /scratch/rohlfslab/abierly2/LongTR/longTR_pipeline_NA12376/NA12376.chr12.vcf.gz	1.045323 seconds
Concatenating /scratch/rohlfslab/abierly2/LongTR/longTR_pipeline_NA12376/NA12376.chr13.vcf.gz	0.710163 seconds
Concatenating /scratch/rohlfslab/abierly2/LongTR/longTR_pipeline_NA12376/NA12376.chr14.vcf.gz	0.668500 seconds
Concatenating /scratch/rohlfslab/abierly2/LongTR/longTR_pipeline_NA12376/NA12376.chr15.vcf.gz	0.654929 seconds
Concatenating /scratch/rohlfslab/abierly2/LongTR/longTR_pipeline_NA12376/NA12376.chr16.vcf.gz	0.646647 seconds
Concatenating /scratch/rohlfslab/abierly2/LongTR/longTR_pipeline_NA12376/NA12376.chr17.vcf.gz	0.681419 seconds
Concatenating /scratch/rohlfslab/abierly2/LongTR/longTR_pipeline_NA12376/NA12376.chr18.vcf.gz	0.521739 seconds
Concatenating /scratch/rohlfslab/abierly2/LongTR/longTR_pipeline_NA12376/NA12376.chr19.vcf.gz	0.560152 seconds
Concatenating /scratch/rohlfslab/abierly2/LongTR/longTR_pipeline_NA12376/NA12376.chr1.vcf.gz	1.824814 seconds
Concatenating /scratch/rohlfslab/abierly2/LongTR/longTR_pipeline_NA12376/NA12376.chr20.vcf.gz	0.439149 seconds
Concatenating /scratch/rohlfslab/abierly2/LongTR/longTR_pipeline_NA12376/NA12376.chr21.vcf.gz	0.245636 seconds
Concatenating /scratch/rohlfslab/abierly2/LongTR/longTR_pipeline_NA12376/NA12376.chr22.vcf.gz	0.297355 seconds
Concatenating /scratch/rohlfslab/abierly2/LongTR/longTR_pipeline_NA12376/NA12376.chr2.vcf.gz	1.823832 seconds
Concatenating /scratch/rohlfslab/abierly2/LongTR/longTR_pipeline_NA12376/NA12376.chr3.vcf.gz	1.459877 seconds
Concatenating /scratch/rohlfslab/abierly2/LongTR/longTR_pipeline_NA12376/NA12376.chr4.vcf.gz	1.373137 seconds
Concatenating /scratch/rohlfslab/abierly2/LongTR/longTR_pipeline_NA12376/NA12376.chr5.vcf.gz	1.319418 seconds
Concatenating /scratch/rohlfslab/abierly2/LongTR/longTR_pipeline_NA12376/NA12376.chr6.vcf.gz	1.288745 seconds
Concatenating /scratch/rohlfslab/abierly2/LongTR/longTR_pipeline_NA12376/NA12376.chr7.vcf.gz	1.198084 seconds
Concatenating /scratch/rohlfslab/abierly2/LongTR/longTR_pipeline_NA12376/NA12376.chr8.vcf.gz	1.060067 seconds
Concatenating /scratch/rohlfslab/abierly2/LongTR/longTR_pipeline_NA12376/NA12376.chr9.vcf.gz	0.884388 seconds
Concatenating /scratch/rohlfslab/abierly2/LongTR/longTR_pipeline_NA12376/NA12376.chrM.vcf.gz	0.000308 seconds
Concatenating /scratch/rohlfslab/abierly2/LongTR/longTR_pipeline_NA12376/NA12376.chrX.vcf.gz	1.082424 seconds
Concatenating /scratch/rohlfslab/abierly2/LongTR/longTR_pipeline_NA12376/NA12376.chrY.vcf.gz	0.000303 seconds
