Checking the headers and starting positions of 25 files
Concatenating /scratch/rohlfslab/abierly2/LongTR/longTR_pipeline_HG02155/HG02155.chr10.vcf.gz	1.173874 seconds
Concatenating /scratch/rohlfslab/abierly2/LongTR/longTR_pipeline_HG02155/HG02155.chr11.vcf.gz	1.118016 seconds
Concatenating /scratch/rohlfslab/abierly2/LongTR/longTR_pipeline_HG02155/HG02155.chr12.vcf.gz	1.198039 seconds
Concatenating /scratch/rohlfslab/abierly2/LongTR/longTR_pipeline_HG02155/HG02155.chr13.vcf.gz	0.836891 seconds
Concatenating /scratch/rohlfslab/abierly2/LongTR/longTR_pipeline_HG02155/HG02155.chr14.vcf.gz	0.781296 seconds
Concatenating /scratch/rohlfslab/abierly2/LongTR/longTR_pipeline_HG02155/HG02155.chr15.vcf.gz	0.729339 seconds
Concatenating /scratch/rohlfslab/abierly2/LongTR/longTR_pipeline_HG02155/HG02155.chr16.vcf.gz	0.750894 seconds
Concatenating /scratch/rohlfslab/abierly2/LongTR/longTR_pipeline_HG02155/HG02155.chr17.vcf.gz	0.770359 seconds
Concatenating /scratch/rohlfslab/abierly2/LongTR/longTR_pipeline_HG02155/HG02155.chr18.vcf.gz	0.598512 seconds
Concatenating /scratch/rohlfslab/abierly2/LongTR/longTR_pipeline_HG02155/HG02155.chr19.vcf.gz	0.627449 seconds
Concatenating /scratch/rohlfslab/abierly2/LongTR/longTR_pipeline_HG02155/HG02155.chr1.vcf.gz	2.082305 seconds
Concatenating /scratch/rohlfslab/abierly2/LongTR/longTR_pipeline_HG02155/HG02155.chr20.vcf.gz	0.487090 seconds
Concatenating /scratch/rohlfslab/abierly2/LongTR/longTR_pipeline_HG02155/HG02155.chr21.vcf.gz	0.288652 seconds
Concatenating /scratch/rohlfslab/abierly2/LongTR/longTR_pipeline_HG02155/HG02155.chr22.vcf.gz	0.330833 seconds
Concatenating /scratch/rohlfslab/abierly2/LongTR/longTR_pipeline_HG02155/HG02155.chr2.vcf.gz	2.101109 seconds
Concatenating /scratch/rohlfslab/abierly2/LongTR/longTR_pipeline_HG02155/HG02155.chr3.vcf.gz	1.684534 seconds
Concatenating /scratch/rohlfslab/abierly2/LongTR/longTR_pipeline_HG02155/HG02155.chr4.vcf.gz	1.659064 seconds
Concatenating /scratch/rohlfslab/abierly2/LongTR/longTR_pipeline_HG02155/HG02155.chr5.vcf.gz	1.529428 seconds
Concatenating /scratch/rohlfslab/abierly2/LongTR/longTR_pipeline_HG02155/HG02155.chr6.vcf.gz	1.470260 seconds
Concatenating /scratch/rohlfslab/abierly2/LongTR/longTR_pipeline_HG02155/HG02155.chr7.vcf.gz	1.405744 seconds
Concatenating /scratch/rohlfslab/abierly2/LongTR/longTR_pipeline_HG02155/HG02155.chr8.vcf.gz	1.231216 seconds
Concatenating /scratch/rohlfslab/abierly2/LongTR/longTR_pipeline_HG02155/HG02155.chr9.vcf.gz	1.035941 seconds
Concatenating /scratch/rohlfslab/abierly2/LongTR/longTR_pipeline_HG02155/HG02155.chrM.vcf.gz	0.000344 seconds
Concatenating /scratch/rohlfslab/abierly2/LongTR/longTR_pipeline_HG02155/HG02155.chrX.vcf.gz	1.276734 seconds
Concatenating /scratch/rohlfslab/abierly2/LongTR/longTR_pipeline_HG02155/HG02155.chrY.vcf.gz	0.001479 seconds
