Checking the headers and starting positions of 25 files
Concatenating /scratch/rohlfslab/abierly2/LongTR/longTR_pipeline_HG00637/HG00637.chr10.vcf.gz	1.269465 seconds
Concatenating /scratch/rohlfslab/abierly2/LongTR/longTR_pipeline_HG00637/HG00637.chr11.vcf.gz	1.210902 seconds
Concatenating /scratch/rohlfslab/abierly2/LongTR/longTR_pipeline_HG00637/HG00637.chr12.vcf.gz	1.264117 seconds
Concatenating /scratch/rohlfslab/abierly2/LongTR/longTR_pipeline_HG00637/HG00637.chr13.vcf.gz	0.870649 seconds
Concatenating /scratch/rohlfslab/abierly2/LongTR/longTR_pipeline_HG00637/HG00637.chr14.vcf.gz	0.820589 seconds
Concatenating /scratch/rohlfslab/abierly2/LongTR/longTR_pipeline_HG00637/HG00637.chr15.vcf.gz	0.775046 seconds
Concatenating /scratch/rohlfslab/abierly2/LongTR/longTR_pipeline_HG00637/HG00637.chr16.vcf.gz	0.822090 seconds
Concatenating /scratch/rohlfslab/abierly2/LongTR/longTR_pipeline_HG00637/HG00637.chr17.vcf.gz	0.842757 seconds
Concatenating /scratch/rohlfslab/abierly2/LongTR/longTR_pipeline_HG00637/HG00637.chr18.vcf.gz	0.622477 seconds
Concatenating /scratch/rohlfslab/abierly2/LongTR/longTR_pipeline_HG00637/HG00637.chr19.vcf.gz	0.707833 seconds
Concatenating /scratch/rohlfslab/abierly2/LongTR/longTR_pipeline_HG00637/HG00637.chr1.vcf.gz	2.238381 seconds
Concatenating /scratch/rohlfslab/abierly2/LongTR/longTR_pipeline_HG00637/HG00637.chr20.vcf.gz	0.528861 seconds
Concatenating /scratch/rohlfslab/abierly2/LongTR/longTR_pipeline_HG00637/HG00637.chr21.vcf.gz	0.305362 seconds
Concatenating /scratch/rohlfslab/abierly2/LongTR/longTR_pipeline_HG00637/HG00637.chr22.vcf.gz	0.367980 seconds
Concatenating /scratch/rohlfslab/abierly2/LongTR/longTR_pipeline_HG00637/HG00637.chr2.vcf.gz	2.207107 seconds
Concatenating /scratch/rohlfslab/abierly2/LongTR/longTR_pipeline_HG00637/HG00637.chr3.vcf.gz	1.756515 seconds
Concatenating /scratch/rohlfslab/abierly2/LongTR/longTR_pipeline_HG00637/HG00637.chr4.vcf.gz	1.702189 seconds
Concatenating /scratch/rohlfslab/abierly2/LongTR/longTR_pipeline_HG00637/HG00637.chr5.vcf.gz	1.614259 seconds
Concatenating /scratch/rohlfslab/abierly2/LongTR/longTR_pipeline_HG00637/HG00637.chr6.vcf.gz	1.552039 seconds
Concatenating /scratch/rohlfslab/abierly2/LongTR/longTR_pipeline_HG00637/HG00637.chr7.vcf.gz	1.502499 seconds
Concatenating /scratch/rohlfslab/abierly2/LongTR/longTR_pipeline_HG00637/HG00637.chr8.vcf.gz	1.372377 seconds
Concatenating /scratch/rohlfslab/abierly2/LongTR/longTR_pipeline_HG00637/HG00637.chr9.vcf.gz	1.129403 seconds
Concatenating /scratch/rohlfslab/abierly2/LongTR/longTR_pipeline_HG00637/HG00637.chrM.vcf.gz	0.000290 seconds
Concatenating /scratch/rohlfslab/abierly2/LongTR/longTR_pipeline_HG00637/HG00637.chrX.vcf.gz	1.178071 seconds
Concatenating /scratch/rohlfslab/abierly2/LongTR/longTR_pipeline_HG00637/HG00637.chrY.vcf.gz	0.064339 seconds
