Checking the headers and starting positions of 25 files
Concatenating /scratch/rohlfslab/abierly2/LongTR/longTR_pipeline_HG00565/HG00565.chr10.vcf.gz	1.255139 seconds
Concatenating /scratch/rohlfslab/abierly2/LongTR/longTR_pipeline_HG00565/HG00565.chr11.vcf.gz	1.157166 seconds
Concatenating /scratch/rohlfslab/abierly2/LongTR/longTR_pipeline_HG00565/HG00565.chr12.vcf.gz	1.229079 seconds
Concatenating /scratch/rohlfslab/abierly2/LongTR/longTR_pipeline_HG00565/HG00565.chr13.vcf.gz	0.850226 seconds
Concatenating /scratch/rohlfslab/abierly2/LongTR/longTR_pipeline_HG00565/HG00565.chr14.vcf.gz	0.802678 seconds
Concatenating /scratch/rohlfslab/abierly2/LongTR/longTR_pipeline_HG00565/HG00565.chr15.vcf.gz	0.759136 seconds
Concatenating /scratch/rohlfslab/abierly2/LongTR/longTR_pipeline_HG00565/HG00565.chr16.vcf.gz	0.786806 seconds
Concatenating /scratch/rohlfslab/abierly2/LongTR/longTR_pipeline_HG00565/HG00565.chr17.vcf.gz	0.813641 seconds
Concatenating /scratch/rohlfslab/abierly2/LongTR/longTR_pipeline_HG00565/HG00565.chr18.vcf.gz	0.611673 seconds
Concatenating /scratch/rohlfslab/abierly2/LongTR/longTR_pipeline_HG00565/HG00565.chr19.vcf.gz	0.675803 seconds
Concatenating /scratch/rohlfslab/abierly2/LongTR/longTR_pipeline_HG00565/HG00565.chr1.vcf.gz	2.161541 seconds
Concatenating /scratch/rohlfslab/abierly2/LongTR/longTR_pipeline_HG00565/HG00565.chr20.vcf.gz	0.509384 seconds
Concatenating /scratch/rohlfslab/abierly2/LongTR/longTR_pipeline_HG00565/HG00565.chr21.vcf.gz	0.294996 seconds
Concatenating /scratch/rohlfslab/abierly2/LongTR/longTR_pipeline_HG00565/HG00565.chr22.vcf.gz	0.357459 seconds
Concatenating /scratch/rohlfslab/abierly2/LongTR/longTR_pipeline_HG00565/HG00565.chr2.vcf.gz	2.174267 seconds
Concatenating /scratch/rohlfslab/abierly2/LongTR/longTR_pipeline_HG00565/HG00565.chr3.vcf.gz	1.728833 seconds
Concatenating /scratch/rohlfslab/abierly2/LongTR/longTR_pipeline_HG00565/HG00565.chr4.vcf.gz	1.659517 seconds
Concatenating /scratch/rohlfslab/abierly2/LongTR/longTR_pipeline_HG00565/HG00565.chr5.vcf.gz	1.565671 seconds
Concatenating /scratch/rohlfslab/abierly2/LongTR/longTR_pipeline_HG00565/HG00565.chr6.vcf.gz	1.513370 seconds
Concatenating /scratch/rohlfslab/abierly2/LongTR/longTR_pipeline_HG00565/HG00565.chr7.vcf.gz	1.451884 seconds
Concatenating /scratch/rohlfslab/abierly2/LongTR/longTR_pipeline_HG00565/HG00565.chr8.vcf.gz	1.263245 seconds
Concatenating /scratch/rohlfslab/abierly2/LongTR/longTR_pipeline_HG00565/HG00565.chr9.vcf.gz	1.063551 seconds
Concatenating /scratch/rohlfslab/abierly2/LongTR/longTR_pipeline_HG00565/HG00565.chrM.vcf.gz	0.000335 seconds
Concatenating /scratch/rohlfslab/abierly2/LongTR/longTR_pipeline_HG00565/HG00565.chrX.vcf.gz	0.791172 seconds
Concatenating /scratch/rohlfslab/abierly2/LongTR/longTR_pipeline_HG00565/HG00565.chrY.vcf.gz	0.043396 seconds
