Checking the headers and starting positions of 25 files
Concatenating /scratch/rohlfslab/abierly2/LongTR/longTR_pipeline_HG04015/HG04015.chr10.vcf.gz	0.591188 seconds
Concatenating /scratch/rohlfslab/abierly2/LongTR/longTR_pipeline_HG04015/HG04015.chr11.vcf.gz	0.570640 seconds
Concatenating /scratch/rohlfslab/abierly2/LongTR/longTR_pipeline_HG04015/HG04015.chr12.vcf.gz	0.625244 seconds
Concatenating /scratch/rohlfslab/abierly2/LongTR/longTR_pipeline_HG04015/HG04015.chr13.vcf.gz	0.376732 seconds
Concatenating /scratch/rohlfslab/abierly2/LongTR/longTR_pipeline_HG04015/HG04015.chr14.vcf.gz	0.411122 seconds
Concatenating /scratch/rohlfslab/abierly2/LongTR/longTR_pipeline_HG04015/HG04015.chr15.vcf.gz	0.394888 seconds
Concatenating /scratch/rohlfslab/abierly2/LongTR/longTR_pipeline_HG04015/HG04015.chr16.vcf.gz	0.397057 seconds
Concatenating /scratch/rohlfslab/abierly2/LongTR/longTR_pipeline_HG04015/HG04015.chr17.vcf.gz	0.436014 seconds
Concatenating /scratch/rohlfslab/abierly2/LongTR/longTR_pipeline_HG04015/HG04015.chr18.vcf.gz	0.279565 seconds
Concatenating /scratch/rohlfslab/abierly2/LongTR/longTR_pipeline_HG04015/HG04015.chr19.vcf.gz	0.385701 seconds
Concatenating /scratch/rohlfslab/abierly2/LongTR/longTR_pipeline_HG04015/HG04015.chr1.vcf.gz	1.090707 seconds
Concatenating /scratch/rohlfslab/abierly2/LongTR/longTR_pipeline_HG04015/HG04015.chr20.vcf.gz	0.265019 seconds
Concatenating /scratch/rohlfslab/abierly2/LongTR/longTR_pipeline_HG04015/HG04015.chr21.vcf.gz	0.142147 seconds
Concatenating /scratch/rohlfslab/abierly2/LongTR/longTR_pipeline_HG04015/HG04015.chr22.vcf.gz	0.199690 seconds
Concatenating /scratch/rohlfslab/abierly2/LongTR/longTR_pipeline_HG04015/HG04015.chr2.vcf.gz	1.069406 seconds
Concatenating /scratch/rohlfslab/abierly2/LongTR/longTR_pipeline_HG04015/HG04015.chr3.vcf.gz	0.852910 seconds
Concatenating /scratch/rohlfslab/abierly2/LongTR/longTR_pipeline_HG04015/HG04015.chr4.vcf.gz	0.749108 seconds
Concatenating /scratch/rohlfslab/abierly2/LongTR/longTR_pipeline_HG04015/HG04015.chr5.vcf.gz	0.770049 seconds
Concatenating /scratch/rohlfslab/abierly2/LongTR/longTR_pipeline_HG04015/HG04015.chr6.vcf.gz	0.753809 seconds
Concatenating /scratch/rohlfslab/abierly2/LongTR/longTR_pipeline_HG04015/HG04015.chr7.vcf.gz	0.719032 seconds
Concatenating /scratch/rohlfslab/abierly2/LongTR/longTR_pipeline_HG04015/HG04015.chr8.vcf.gz	0.617227 seconds
Concatenating /scratch/rohlfslab/abierly2/LongTR/longTR_pipeline_HG04015/HG04015.chr9.vcf.gz	0.539626 seconds
Concatenating /scratch/rohlfslab/abierly2/LongTR/longTR_pipeline_HG04015/HG04015.chrM.vcf.gz	0.000336 seconds
Concatenating /scratch/rohlfslab/abierly2/LongTR/longTR_pipeline_HG04015/HG04015.chrX.vcf.gz	0.061574 seconds
Concatenating /scratch/rohlfslab/abierly2/LongTR/longTR_pipeline_HG04015/HG04015.chrY.vcf.gz	0.002239 seconds
