Checking the headers and starting positions of 25 files
Concatenating /scratch/rohlfslab/abierly2/LongTR/longTR_pipeline_HG01572/HG01572.chr10.vcf.gz	0.928528 seconds
Concatenating /scratch/rohlfslab/abierly2/LongTR/longTR_pipeline_HG01572/HG01572.chr11.vcf.gz	0.902215 seconds
Concatenating /scratch/rohlfslab/abierly2/LongTR/longTR_pipeline_HG01572/HG01572.chr12.vcf.gz	0.959774 seconds
Concatenating /scratch/rohlfslab/abierly2/LongTR/longTR_pipeline_HG01572/HG01572.chr13.vcf.gz	0.647672 seconds
Concatenating /scratch/rohlfslab/abierly2/LongTR/longTR_pipeline_HG01572/HG01572.chr14.vcf.gz	0.621012 seconds
Concatenating /scratch/rohlfslab/abierly2/LongTR/longTR_pipeline_HG01572/HG01572.chr15.vcf.gz	0.588458 seconds
Concatenating /scratch/rohlfslab/abierly2/LongTR/longTR_pipeline_HG01572/HG01572.chr16.vcf.gz	0.591075 seconds
Concatenating /scratch/rohlfslab/abierly2/LongTR/longTR_pipeline_HG01572/HG01572.chr17.vcf.gz	0.628326 seconds
Concatenating /scratch/rohlfslab/abierly2/LongTR/longTR_pipeline_HG01572/HG01572.chr18.vcf.gz	0.473886 seconds
Concatenating /scratch/rohlfslab/abierly2/LongTR/longTR_pipeline_HG01572/HG01572.chr19.vcf.gz	0.509133 seconds
Concatenating /scratch/rohlfslab/abierly2/LongTR/longTR_pipeline_HG01572/HG01572.chr1.vcf.gz	1.679564 seconds
Concatenating /scratch/rohlfslab/abierly2/LongTR/longTR_pipeline_HG01572/HG01572.chr20.vcf.gz	0.389158 seconds
Concatenating /scratch/rohlfslab/abierly2/LongTR/longTR_pipeline_HG01572/HG01572.chr21.vcf.gz	0.225850 seconds
Concatenating /scratch/rohlfslab/abierly2/LongTR/longTR_pipeline_HG01572/HG01572.chr22.vcf.gz	0.271991 seconds
Concatenating /scratch/rohlfslab/abierly2/LongTR/longTR_pipeline_HG01572/HG01572.chr2.vcf.gz	1.671876 seconds
Concatenating /scratch/rohlfslab/abierly2/LongTR/longTR_pipeline_HG01572/HG01572.chr3.vcf.gz	1.339336 seconds
Concatenating /scratch/rohlfslab/abierly2/LongTR/longTR_pipeline_HG01572/HG01572.chr4.vcf.gz	1.266538 seconds
Concatenating /scratch/rohlfslab/abierly2/LongTR/longTR_pipeline_HG01572/HG01572.chr5.vcf.gz	1.209357 seconds
Concatenating /scratch/rohlfslab/abierly2/LongTR/longTR_pipeline_HG01572/HG01572.chr6.vcf.gz	1.174757 seconds
Concatenating /scratch/rohlfslab/abierly2/LongTR/longTR_pipeline_HG01572/HG01572.chr7.vcf.gz	1.155812 seconds
Concatenating /scratch/rohlfslab/abierly2/LongTR/longTR_pipeline_HG01572/HG01572.chr8.vcf.gz	0.961031 seconds
Concatenating /scratch/rohlfslab/abierly2/LongTR/longTR_pipeline_HG01572/HG01572.chr9.vcf.gz	0.824968 seconds
Concatenating /scratch/rohlfslab/abierly2/LongTR/longTR_pipeline_HG01572/HG01572.chrM.vcf.gz	0.000334 seconds
Concatenating /scratch/rohlfslab/abierly2/LongTR/longTR_pipeline_HG01572/HG01572.chrX.vcf.gz	0.950333 seconds
Concatenating /scratch/rohlfslab/abierly2/LongTR/longTR_pipeline_HG01572/HG01572.chrY.vcf.gz	0.000292 seconds
