Checking the headers and starting positions of 25 files
Concatenating /scratch/rohlfslab/abierly2/LongTR/longTR_pipeline_HG00442/HG00442.chr10.vcf.gz	1.241213 seconds
Concatenating /scratch/rohlfslab/abierly2/LongTR/longTR_pipeline_HG00442/HG00442.chr11.vcf.gz	1.178426 seconds
Concatenating /scratch/rohlfslab/abierly2/LongTR/longTR_pipeline_HG00442/HG00442.chr12.vcf.gz	1.253961 seconds
Concatenating /scratch/rohlfslab/abierly2/LongTR/longTR_pipeline_HG00442/HG00442.chr13.vcf.gz	0.866435 seconds
Concatenating /scratch/rohlfslab/abierly2/LongTR/longTR_pipeline_HG00442/HG00442.chr14.vcf.gz	0.822277 seconds
Concatenating /scratch/rohlfslab/abierly2/LongTR/longTR_pipeline_HG00442/HG00442.chr15.vcf.gz	0.765915 seconds
Concatenating /scratch/rohlfslab/abierly2/LongTR/longTR_pipeline_HG00442/HG00442.chr16.vcf.gz	0.804944 seconds
Concatenating /scratch/rohlfslab/abierly2/LongTR/longTR_pipeline_HG00442/HG00442.chr17.vcf.gz	0.837555 seconds
Concatenating /scratch/rohlfslab/abierly2/LongTR/longTR_pipeline_HG00442/HG00442.chr18.vcf.gz	0.626081 seconds
Concatenating /scratch/rohlfslab/abierly2/LongTR/longTR_pipeline_HG00442/HG00442.chr19.vcf.gz	0.694727 seconds
Concatenating /scratch/rohlfslab/abierly2/LongTR/longTR_pipeline_HG00442/HG00442.chr1.vcf.gz	2.205313 seconds
Concatenating /scratch/rohlfslab/abierly2/LongTR/longTR_pipeline_HG00442/HG00442.chr20.vcf.gz	0.519156 seconds
Concatenating /scratch/rohlfslab/abierly2/LongTR/longTR_pipeline_HG00442/HG00442.chr21.vcf.gz	0.301926 seconds
Concatenating /scratch/rohlfslab/abierly2/LongTR/longTR_pipeline_HG00442/HG00442.chr22.vcf.gz	0.368875 seconds
Concatenating /scratch/rohlfslab/abierly2/LongTR/longTR_pipeline_HG00442/HG00442.chr2.vcf.gz	2.212755 seconds
Concatenating /scratch/rohlfslab/abierly2/LongTR/longTR_pipeline_HG00442/HG00442.chr3.vcf.gz	1.769074 seconds
Concatenating /scratch/rohlfslab/abierly2/LongTR/longTR_pipeline_HG00442/HG00442.chr4.vcf.gz	1.692550 seconds
Concatenating /scratch/rohlfslab/abierly2/LongTR/longTR_pipeline_HG00442/HG00442.chr5.vcf.gz	1.600732 seconds
Concatenating /scratch/rohlfslab/abierly2/LongTR/longTR_pipeline_HG00442/HG00442.chr6.vcf.gz	1.539072 seconds
Concatenating /scratch/rohlfslab/abierly2/LongTR/longTR_pipeline_HG00442/HG00442.chr7.vcf.gz	1.480233 seconds
Concatenating /scratch/rohlfslab/abierly2/LongTR/longTR_pipeline_HG00442/HG00442.chr8.vcf.gz	1.284958 seconds
Concatenating /scratch/rohlfslab/abierly2/LongTR/longTR_pipeline_HG00442/HG00442.chr9.vcf.gz	1.096000 seconds
Concatenating /scratch/rohlfslab/abierly2/LongTR/longTR_pipeline_HG00442/HG00442.chrM.vcf.gz	0.000361 seconds
Concatenating /scratch/rohlfslab/abierly2/LongTR/longTR_pipeline_HG00442/HG00442.chrX.vcf.gz	0.809783 seconds
Concatenating /scratch/rohlfslab/abierly2/LongTR/longTR_pipeline_HG00442/HG00442.chrY.vcf.gz	0.040674 seconds
