Checking the headers and starting positions of 25 files
Concatenating /scratch/rohlfslab/abierly2/LongTR/longTR_pipeline_NA20514/NA20514.chr10.vcf.gz	0.984273 seconds
Concatenating /scratch/rohlfslab/abierly2/LongTR/longTR_pipeline_NA20514/NA20514.chr11.vcf.gz	0.946296 seconds
Concatenating /scratch/rohlfslab/abierly2/LongTR/longTR_pipeline_NA20514/NA20514.chr12.vcf.gz	1.010944 seconds
Concatenating /scratch/rohlfslab/abierly2/LongTR/longTR_pipeline_NA20514/NA20514.chr13.vcf.gz	0.673314 seconds
Concatenating /scratch/rohlfslab/abierly2/LongTR/longTR_pipeline_NA20514/NA20514.chr14.vcf.gz	0.659008 seconds
Concatenating /scratch/rohlfslab/abierly2/LongTR/longTR_pipeline_NA20514/NA20514.chr15.vcf.gz	0.610101 seconds
Concatenating /scratch/rohlfslab/abierly2/LongTR/longTR_pipeline_NA20514/NA20514.chr16.vcf.gz	0.664218 seconds
Concatenating /scratch/rohlfslab/abierly2/LongTR/longTR_pipeline_NA20514/NA20514.chr17.vcf.gz	0.686264 seconds
Concatenating /scratch/rohlfslab/abierly2/LongTR/longTR_pipeline_NA20514/NA20514.chr18.vcf.gz	0.490300 seconds
Concatenating /scratch/rohlfslab/abierly2/LongTR/longTR_pipeline_NA20514/NA20514.chr19.vcf.gz	0.589282 seconds
Concatenating /scratch/rohlfslab/abierly2/LongTR/longTR_pipeline_NA20514/NA20514.chr1.vcf.gz	1.761504 seconds
Concatenating /scratch/rohlfslab/abierly2/LongTR/longTR_pipeline_NA20514/NA20514.chr20.vcf.gz	0.415902 seconds
Concatenating /scratch/rohlfslab/abierly2/LongTR/longTR_pipeline_NA20514/NA20514.chr21.vcf.gz	0.245588 seconds
Concatenating /scratch/rohlfslab/abierly2/LongTR/longTR_pipeline_NA20514/NA20514.chr22.vcf.gz	0.302845 seconds
Concatenating /scratch/rohlfslab/abierly2/LongTR/longTR_pipeline_NA20514/NA20514.chr2.vcf.gz	1.749725 seconds
Concatenating /scratch/rohlfslab/abierly2/LongTR/longTR_pipeline_NA20514/NA20514.chr3.vcf.gz	1.403402 seconds
Concatenating /scratch/rohlfslab/abierly2/LongTR/longTR_pipeline_NA20514/NA20514.chr4.vcf.gz	1.294829 seconds
Concatenating /scratch/rohlfslab/abierly2/LongTR/longTR_pipeline_NA20514/NA20514.chr5.vcf.gz	1.258706 seconds
Concatenating /scratch/rohlfslab/abierly2/LongTR/longTR_pipeline_NA20514/NA20514.chr6.vcf.gz	1.226031 seconds
Concatenating /scratch/rohlfslab/abierly2/LongTR/longTR_pipeline_NA20514/NA20514.chr7.vcf.gz	1.166039 seconds
Concatenating /scratch/rohlfslab/abierly2/LongTR/longTR_pipeline_NA20514/NA20514.chr8.vcf.gz	1.009160 seconds
Concatenating /scratch/rohlfslab/abierly2/LongTR/longTR_pipeline_NA20514/NA20514.chr9.vcf.gz	0.872001 seconds
Concatenating /scratch/rohlfslab/abierly2/LongTR/longTR_pipeline_NA20514/NA20514.chrM.vcf.gz	0.000302 seconds
Concatenating /scratch/rohlfslab/abierly2/LongTR/longTR_pipeline_NA20514/NA20514.chrX.vcf.gz	1.007877 seconds
Concatenating /scratch/rohlfslab/abierly2/LongTR/longTR_pipeline_NA20514/NA20514.chrY.vcf.gz	0.000310 seconds
