Checking the headers and starting positions of 25 files
Concatenating /scratch/rohlfslab/abierly2/LongTR/longTR_pipeline_HG00589/HG00589.chr10.vcf.gz	1.189458 seconds
Concatenating /scratch/rohlfslab/abierly2/LongTR/longTR_pipeline_HG00589/HG00589.chr11.vcf.gz	1.132766 seconds
Concatenating /scratch/rohlfslab/abierly2/LongTR/longTR_pipeline_HG00589/HG00589.chr12.vcf.gz	1.203062 seconds
Concatenating /scratch/rohlfslab/abierly2/LongTR/longTR_pipeline_HG00589/HG00589.chr13.vcf.gz	0.820703 seconds
Concatenating /scratch/rohlfslab/abierly2/LongTR/longTR_pipeline_HG00589/HG00589.chr14.vcf.gz	0.784451 seconds
Concatenating /scratch/rohlfslab/abierly2/LongTR/longTR_pipeline_HG00589/HG00589.chr15.vcf.gz	0.730312 seconds
Concatenating /scratch/rohlfslab/abierly2/LongTR/longTR_pipeline_HG00589/HG00589.chr16.vcf.gz	0.771471 seconds
Concatenating /scratch/rohlfslab/abierly2/LongTR/longTR_pipeline_HG00589/HG00589.chr17.vcf.gz	0.805982 seconds
Concatenating /scratch/rohlfslab/abierly2/LongTR/longTR_pipeline_HG00589/HG00589.chr18.vcf.gz	0.596953 seconds
Concatenating /scratch/rohlfslab/abierly2/LongTR/longTR_pipeline_HG00589/HG00589.chr19.vcf.gz	0.663653 seconds
Concatenating /scratch/rohlfslab/abierly2/LongTR/longTR_pipeline_HG00589/HG00589.chr1.vcf.gz	2.117926 seconds
Concatenating /scratch/rohlfslab/abierly2/LongTR/longTR_pipeline_HG00589/HG00589.chr20.vcf.gz	0.503181 seconds
Concatenating /scratch/rohlfslab/abierly2/LongTR/longTR_pipeline_HG00589/HG00589.chr21.vcf.gz	0.287073 seconds
Concatenating /scratch/rohlfslab/abierly2/LongTR/longTR_pipeline_HG00589/HG00589.chr22.vcf.gz	0.347771 seconds
Concatenating /scratch/rohlfslab/abierly2/LongTR/longTR_pipeline_HG00589/HG00589.chr2.vcf.gz	2.125798 seconds
Concatenating /scratch/rohlfslab/abierly2/LongTR/longTR_pipeline_HG00589/HG00589.chr3.vcf.gz	1.701913 seconds
Concatenating /scratch/rohlfslab/abierly2/LongTR/longTR_pipeline_HG00589/HG00589.chr4.vcf.gz	1.597140 seconds
Concatenating /scratch/rohlfslab/abierly2/LongTR/longTR_pipeline_HG00589/HG00589.chr5.vcf.gz	1.525744 seconds
Concatenating /scratch/rohlfslab/abierly2/LongTR/longTR_pipeline_HG00589/HG00589.chr6.vcf.gz	1.468931 seconds
Concatenating /scratch/rohlfslab/abierly2/LongTR/longTR_pipeline_HG00589/HG00589.chr7.vcf.gz	1.409287 seconds
Concatenating /scratch/rohlfslab/abierly2/LongTR/longTR_pipeline_HG00589/HG00589.chr8.vcf.gz	1.228101 seconds
Concatenating /scratch/rohlfslab/abierly2/LongTR/longTR_pipeline_HG00589/HG00589.chr9.vcf.gz	1.037094 seconds
Concatenating /scratch/rohlfslab/abierly2/LongTR/longTR_pipeline_HG00589/HG00589.chrM.vcf.gz	0.000307 seconds
Concatenating /scratch/rohlfslab/abierly2/LongTR/longTR_pipeline_HG00589/HG00589.chrX.vcf.gz	0.446311 seconds
Concatenating /scratch/rohlfslab/abierly2/LongTR/longTR_pipeline_HG00589/HG00589.chrY.vcf.gz	0.024191 seconds
