Checking the headers and starting positions of 25 files
Concatenating /scratch/rohlfslab/abierly2/LongTR/longTR_pipeline_HG01992/HG01992.chr10.vcf.gz	1.344443 seconds
Concatenating /scratch/rohlfslab/abierly2/LongTR/longTR_pipeline_HG01992/HG01992.chr11.vcf.gz	1.274489 seconds
Concatenating /scratch/rohlfslab/abierly2/LongTR/longTR_pipeline_HG01992/HG01992.chr12.vcf.gz	1.363347 seconds
Concatenating /scratch/rohlfslab/abierly2/LongTR/longTR_pipeline_HG01992/HG01992.chr13.vcf.gz	0.944780 seconds
Concatenating /scratch/rohlfslab/abierly2/LongTR/longTR_pipeline_HG01992/HG01992.chr14.vcf.gz	0.880147 seconds
Concatenating /scratch/rohlfslab/abierly2/LongTR/longTR_pipeline_HG01992/HG01992.chr15.vcf.gz	0.829040 seconds
Concatenating /scratch/rohlfslab/abierly2/LongTR/longTR_pipeline_HG01992/HG01992.chr16.vcf.gz	0.864363 seconds
Concatenating /scratch/rohlfslab/abierly2/LongTR/longTR_pipeline_HG01992/HG01992.chr17.vcf.gz	0.906686 seconds
Concatenating /scratch/rohlfslab/abierly2/LongTR/longTR_pipeline_HG01992/HG01992.chr18.vcf.gz	0.672615 seconds
Concatenating /scratch/rohlfslab/abierly2/LongTR/longTR_pipeline_HG01992/HG01992.chr19.vcf.gz	0.740099 seconds
Concatenating /scratch/rohlfslab/abierly2/LongTR/longTR_pipeline_HG01992/HG01992.chr1.vcf.gz	2.207418 seconds
Concatenating /scratch/rohlfslab/abierly2/LongTR/longTR_pipeline_HG01992/HG01992.chr20.vcf.gz	0.512892 seconds
Concatenating /scratch/rohlfslab/abierly2/LongTR/longTR_pipeline_HG01992/HG01992.chr21.vcf.gz	0.296498 seconds
Concatenating /scratch/rohlfslab/abierly2/LongTR/longTR_pipeline_HG01992/HG01992.chr22.vcf.gz	0.359312 seconds
Concatenating /scratch/rohlfslab/abierly2/LongTR/longTR_pipeline_HG01992/HG01992.chr2.vcf.gz	2.190942 seconds
Concatenating /scratch/rohlfslab/abierly2/LongTR/longTR_pipeline_HG01992/HG01992.chr3.vcf.gz	1.759630 seconds
Concatenating /scratch/rohlfslab/abierly2/LongTR/longTR_pipeline_HG01992/HG01992.chr4.vcf.gz	1.666147 seconds
Concatenating /scratch/rohlfslab/abierly2/LongTR/longTR_pipeline_HG01992/HG01992.chr5.vcf.gz	1.579181 seconds
Concatenating /scratch/rohlfslab/abierly2/LongTR/longTR_pipeline_HG01992/HG01992.chr6.vcf.gz	1.523550 seconds
Concatenating /scratch/rohlfslab/abierly2/LongTR/longTR_pipeline_HG01992/HG01992.chr7.vcf.gz	1.497999 seconds
Concatenating /scratch/rohlfslab/abierly2/LongTR/longTR_pipeline_HG01992/HG01992.chr8.vcf.gz	1.297982 seconds
Concatenating /scratch/rohlfslab/abierly2/LongTR/longTR_pipeline_HG01992/HG01992.chr9.vcf.gz	1.120532 seconds
Concatenating /scratch/rohlfslab/abierly2/LongTR/longTR_pipeline_HG01992/HG01992.chrM.vcf.gz	0.000387 seconds
Concatenating /scratch/rohlfslab/abierly2/LongTR/longTR_pipeline_HG01992/HG01992.chrX.vcf.gz	1.424263 seconds
Concatenating /scratch/rohlfslab/abierly2/LongTR/longTR_pipeline_HG01992/HG01992.chrY.vcf.gz	0.000402 seconds
