Checking the headers and starting positions of 25 files
Concatenating /scratch/rohlfslab/abierly2/LongTR/longTR_pipeline_HG02133/HG02133.chr10.vcf.gz	1.136304 seconds
Concatenating /scratch/rohlfslab/abierly2/LongTR/longTR_pipeline_HG02133/HG02133.chr11.vcf.gz	1.091683 seconds
Concatenating /scratch/rohlfslab/abierly2/LongTR/longTR_pipeline_HG02133/HG02133.chr12.vcf.gz	1.150692 seconds
Concatenating /scratch/rohlfslab/abierly2/LongTR/longTR_pipeline_HG02133/HG02133.chr13.vcf.gz	0.806577 seconds
Concatenating /scratch/rohlfslab/abierly2/LongTR/longTR_pipeline_HG02133/HG02133.chr14.vcf.gz	0.757476 seconds
Concatenating /scratch/rohlfslab/abierly2/LongTR/longTR_pipeline_HG02133/HG02133.chr15.vcf.gz	0.698706 seconds
Concatenating /scratch/rohlfslab/abierly2/LongTR/longTR_pipeline_HG02133/HG02133.chr16.vcf.gz	0.717372 seconds
Concatenating /scratch/rohlfslab/abierly2/LongTR/longTR_pipeline_HG02133/HG02133.chr17.vcf.gz	0.753399 seconds
Concatenating /scratch/rohlfslab/abierly2/LongTR/longTR_pipeline_HG02133/HG02133.chr18.vcf.gz	0.579056 seconds
Concatenating /scratch/rohlfslab/abierly2/LongTR/longTR_pipeline_HG02133/HG02133.chr19.vcf.gz	0.624252 seconds
Concatenating /scratch/rohlfslab/abierly2/LongTR/longTR_pipeline_HG02133/HG02133.chr1.vcf.gz	2.029672 seconds
Concatenating /scratch/rohlfslab/abierly2/LongTR/longTR_pipeline_HG02133/HG02133.chr20.vcf.gz	0.475124 seconds
Concatenating /scratch/rohlfslab/abierly2/LongTR/longTR_pipeline_HG02133/HG02133.chr21.vcf.gz	0.279162 seconds
Concatenating /scratch/rohlfslab/abierly2/LongTR/longTR_pipeline_HG02133/HG02133.chr22.vcf.gz	0.326694 seconds
Concatenating /scratch/rohlfslab/abierly2/LongTR/longTR_pipeline_HG02133/HG02133.chr2.vcf.gz	2.069314 seconds
Concatenating /scratch/rohlfslab/abierly2/LongTR/longTR_pipeline_HG02133/HG02133.chr3.vcf.gz	1.640054 seconds
Concatenating /scratch/rohlfslab/abierly2/LongTR/longTR_pipeline_HG02133/HG02133.chr4.vcf.gz	1.578628 seconds
Concatenating /scratch/rohlfslab/abierly2/LongTR/longTR_pipeline_HG02133/HG02133.chr5.vcf.gz	1.482883 seconds
Concatenating /scratch/rohlfslab/abierly2/LongTR/longTR_pipeline_HG02133/HG02133.chr6.vcf.gz	1.427082 seconds
Concatenating /scratch/rohlfslab/abierly2/LongTR/longTR_pipeline_HG02133/HG02133.chr7.vcf.gz	1.359697 seconds
Concatenating /scratch/rohlfslab/abierly2/LongTR/longTR_pipeline_HG02133/HG02133.chr8.vcf.gz	1.181736 seconds
Concatenating /scratch/rohlfslab/abierly2/LongTR/longTR_pipeline_HG02133/HG02133.chr9.vcf.gz	0.996863 seconds
Concatenating /scratch/rohlfslab/abierly2/LongTR/longTR_pipeline_HG02133/HG02133.chrM.vcf.gz	0.000313 seconds
Concatenating /scratch/rohlfslab/abierly2/LongTR/longTR_pipeline_HG02133/HG02133.chrX.vcf.gz	1.204156 seconds
Concatenating /scratch/rohlfslab/abierly2/LongTR/longTR_pipeline_HG02133/HG02133.chrY.vcf.gz	0.000316 seconds
