Checking the headers and starting positions of 25 files
Concatenating /scratch/rohlfslab/abierly2/LongTR/longTR_pipeline_HG00537/HG00537.chr10.vcf.gz	1.207408 seconds
Concatenating /scratch/rohlfslab/abierly2/LongTR/longTR_pipeline_HG00537/HG00537.chr11.vcf.gz	1.149293 seconds
Concatenating /scratch/rohlfslab/abierly2/LongTR/longTR_pipeline_HG00537/HG00537.chr12.vcf.gz	1.216770 seconds
Concatenating /scratch/rohlfslab/abierly2/LongTR/longTR_pipeline_HG00537/HG00537.chr13.vcf.gz	0.841425 seconds
Concatenating /scratch/rohlfslab/abierly2/LongTR/longTR_pipeline_HG00537/HG00537.chr14.vcf.gz	0.793838 seconds
Concatenating /scratch/rohlfslab/abierly2/LongTR/longTR_pipeline_HG00537/HG00537.chr15.vcf.gz	0.750806 seconds
Concatenating /scratch/rohlfslab/abierly2/LongTR/longTR_pipeline_HG00537/HG00537.chr16.vcf.gz	0.783082 seconds
Concatenating /scratch/rohlfslab/abierly2/LongTR/longTR_pipeline_HG00537/HG00537.chr17.vcf.gz	0.810572 seconds
Concatenating /scratch/rohlfslab/abierly2/LongTR/longTR_pipeline_HG00537/HG00537.chr18.vcf.gz	0.606940 seconds
Concatenating /scratch/rohlfslab/abierly2/LongTR/longTR_pipeline_HG00537/HG00537.chr19.vcf.gz	0.664713 seconds
Concatenating /scratch/rohlfslab/abierly2/LongTR/longTR_pipeline_HG00537/HG00537.chr1.vcf.gz	2.148584 seconds
Concatenating /scratch/rohlfslab/abierly2/LongTR/longTR_pipeline_HG00537/HG00537.chr20.vcf.gz	0.507108 seconds
Concatenating /scratch/rohlfslab/abierly2/LongTR/longTR_pipeline_HG00537/HG00537.chr21.vcf.gz	0.291655 seconds
Concatenating /scratch/rohlfslab/abierly2/LongTR/longTR_pipeline_HG00537/HG00537.chr22.vcf.gz	0.356837 seconds
Concatenating /scratch/rohlfslab/abierly2/LongTR/longTR_pipeline_HG00537/HG00537.chr2.vcf.gz	2.147217 seconds
Concatenating /scratch/rohlfslab/abierly2/LongTR/longTR_pipeline_HG00537/HG00537.chr3.vcf.gz	1.711994 seconds
Concatenating /scratch/rohlfslab/abierly2/LongTR/longTR_pipeline_HG00537/HG00537.chr4.vcf.gz	1.639332 seconds
Concatenating /scratch/rohlfslab/abierly2/LongTR/longTR_pipeline_HG00537/HG00537.chr5.vcf.gz	1.553360 seconds
Concatenating /scratch/rohlfslab/abierly2/LongTR/longTR_pipeline_HG00537/HG00537.chr6.vcf.gz	1.538281 seconds
Concatenating /scratch/rohlfslab/abierly2/LongTR/longTR_pipeline_HG00537/HG00537.chr7.vcf.gz	1.437351 seconds
Concatenating /scratch/rohlfslab/abierly2/LongTR/longTR_pipeline_HG00537/HG00537.chr8.vcf.gz	1.249379 seconds
Concatenating /scratch/rohlfslab/abierly2/LongTR/longTR_pipeline_HG00537/HG00537.chr9.vcf.gz	1.060173 seconds
Concatenating /scratch/rohlfslab/abierly2/LongTR/longTR_pipeline_HG00537/HG00537.chrM.vcf.gz	0.000316 seconds
Concatenating /scratch/rohlfslab/abierly2/LongTR/longTR_pipeline_HG00537/HG00537.chrX.vcf.gz	1.288638 seconds
Concatenating /scratch/rohlfslab/abierly2/LongTR/longTR_pipeline_HG00537/HG00537.chrY.vcf.gz	0.000316 seconds
