Checking the headers and starting positions of 25 files
Concatenating /scratch/rohlfslab/abierly2/LongTR/longTR_pipeline_NA19729/NA19729.chr10.vcf.gz	0.689591 seconds
Concatenating /scratch/rohlfslab/abierly2/LongTR/longTR_pipeline_NA19729/NA19729.chr11.vcf.gz	0.646434 seconds
Concatenating /scratch/rohlfslab/abierly2/LongTR/longTR_pipeline_NA19729/NA19729.chr12.vcf.gz	0.692012 seconds
Concatenating /scratch/rohlfslab/abierly2/LongTR/longTR_pipeline_NA19729/NA19729.chr13.vcf.gz	0.482914 seconds
Concatenating /scratch/rohlfslab/abierly2/LongTR/longTR_pipeline_NA19729/NA19729.chr14.vcf.gz	0.445394 seconds
Concatenating /scratch/rohlfslab/abierly2/LongTR/longTR_pipeline_NA19729/NA19729.chr15.vcf.gz	0.425096 seconds
Concatenating /scratch/rohlfslab/abierly2/LongTR/longTR_pipeline_NA19729/NA19729.chr16.vcf.gz	0.410434 seconds
Concatenating /scratch/rohlfslab/abierly2/LongTR/longTR_pipeline_NA19729/NA19729.chr17.vcf.gz	0.436400 seconds
Concatenating /scratch/rohlfslab/abierly2/LongTR/longTR_pipeline_NA19729/NA19729.chr18.vcf.gz	0.339409 seconds
Concatenating /scratch/rohlfslab/abierly2/LongTR/longTR_pipeline_NA19729/NA19729.chr19.vcf.gz	0.338446 seconds
Concatenating /scratch/rohlfslab/abierly2/LongTR/longTR_pipeline_NA19729/NA19729.chr1.vcf.gz	1.241732 seconds
Concatenating /scratch/rohlfslab/abierly2/LongTR/longTR_pipeline_NA19729/NA19729.chr20.vcf.gz	0.278883 seconds
Concatenating /scratch/rohlfslab/abierly2/LongTR/longTR_pipeline_NA19729/NA19729.chr21.vcf.gz	0.163477 seconds
Concatenating /scratch/rohlfslab/abierly2/LongTR/longTR_pipeline_NA19729/NA19729.chr22.vcf.gz	0.185874 seconds
Concatenating /scratch/rohlfslab/abierly2/LongTR/longTR_pipeline_NA19729/NA19729.chr2.vcf.gz	1.215596 seconds
Concatenating /scratch/rohlfslab/abierly2/LongTR/longTR_pipeline_NA19729/NA19729.chr3.vcf.gz	0.978972 seconds
Concatenating /scratch/rohlfslab/abierly2/LongTR/longTR_pipeline_NA19729/NA19729.chr4.vcf.gz	0.912779 seconds
Concatenating /scratch/rohlfslab/abierly2/LongTR/longTR_pipeline_NA19729/NA19729.chr5.vcf.gz	0.894955 seconds
Concatenating /scratch/rohlfslab/abierly2/LongTR/longTR_pipeline_NA19729/NA19729.chr6.vcf.gz	0.872860 seconds
Concatenating /scratch/rohlfslab/abierly2/LongTR/longTR_pipeline_NA19729/NA19729.chr7.vcf.gz	0.798535 seconds
Concatenating /scratch/rohlfslab/abierly2/LongTR/longTR_pipeline_NA19729/NA19729.chr8.vcf.gz	0.715815 seconds
Concatenating /scratch/rohlfslab/abierly2/LongTR/longTR_pipeline_NA19729/NA19729.chr9.vcf.gz	0.599779 seconds
Concatenating /scratch/rohlfslab/abierly2/LongTR/longTR_pipeline_NA19729/NA19729.chrM.vcf.gz	0.000400 seconds
Concatenating /scratch/rohlfslab/abierly2/LongTR/longTR_pipeline_NA19729/NA19729.chrX.vcf.gz	0.076270 seconds
Concatenating /scratch/rohlfslab/abierly2/LongTR/longTR_pipeline_NA19729/NA19729.chrY.vcf.gz	0.002478 seconds
