Checking the headers and starting positions of 25 files
Concatenating /scratch/rohlfslab/abierly2/LongTR/longTR_pipeline_NA07348/NA07348.chr10.vcf.gz	0.595112 seconds
Concatenating /scratch/rohlfslab/abierly2/LongTR/longTR_pipeline_NA07348/NA07348.chr11.vcf.gz	0.580553 seconds
Concatenating /scratch/rohlfslab/abierly2/LongTR/longTR_pipeline_NA07348/NA07348.chr12.vcf.gz	0.610689 seconds
Concatenating /scratch/rohlfslab/abierly2/LongTR/longTR_pipeline_NA07348/NA07348.chr13.vcf.gz	0.402413 seconds
Concatenating /scratch/rohlfslab/abierly2/LongTR/longTR_pipeline_NA07348/NA07348.chr14.vcf.gz	0.395196 seconds
Concatenating /scratch/rohlfslab/abierly2/LongTR/longTR_pipeline_NA07348/NA07348.chr15.vcf.gz	0.373098 seconds
Concatenating /scratch/rohlfslab/abierly2/LongTR/longTR_pipeline_NA07348/NA07348.chr16.vcf.gz	0.386127 seconds
Concatenating /scratch/rohlfslab/abierly2/LongTR/longTR_pipeline_NA07348/NA07348.chr17.vcf.gz	0.403967 seconds
Concatenating /scratch/rohlfslab/abierly2/LongTR/longTR_pipeline_NA07348/NA07348.chr18.vcf.gz	0.296681 seconds
Concatenating /scratch/rohlfslab/abierly2/LongTR/longTR_pipeline_NA07348/NA07348.chr19.vcf.gz	0.338650 seconds
Concatenating /scratch/rohlfslab/abierly2/LongTR/longTR_pipeline_NA07348/NA07348.chr1.vcf.gz	1.084377 seconds
Concatenating /scratch/rohlfslab/abierly2/LongTR/longTR_pipeline_NA07348/NA07348.chr20.vcf.gz	0.260930 seconds
Concatenating /scratch/rohlfslab/abierly2/LongTR/longTR_pipeline_NA07348/NA07348.chr21.vcf.gz	0.141000 seconds
Concatenating /scratch/rohlfslab/abierly2/LongTR/longTR_pipeline_NA07348/NA07348.chr22.vcf.gz	0.181412 seconds
Concatenating /scratch/rohlfslab/abierly2/LongTR/longTR_pipeline_NA07348/NA07348.chr2.vcf.gz	1.048970 seconds
Concatenating /scratch/rohlfslab/abierly2/LongTR/longTR_pipeline_NA07348/NA07348.chr3.vcf.gz	0.856877 seconds
Concatenating /scratch/rohlfslab/abierly2/LongTR/longTR_pipeline_NA07348/NA07348.chr4.vcf.gz	0.789034 seconds
Concatenating /scratch/rohlfslab/abierly2/LongTR/longTR_pipeline_NA07348/NA07348.chr5.vcf.gz	0.757113 seconds
Concatenating /scratch/rohlfslab/abierly2/LongTR/longTR_pipeline_NA07348/NA07348.chr6.vcf.gz	0.735532 seconds
Concatenating /scratch/rohlfslab/abierly2/LongTR/longTR_pipeline_NA07348/NA07348.chr7.vcf.gz	0.695575 seconds
Concatenating /scratch/rohlfslab/abierly2/LongTR/longTR_pipeline_NA07348/NA07348.chr8.vcf.gz	0.613295 seconds
Concatenating /scratch/rohlfslab/abierly2/LongTR/longTR_pipeline_NA07348/NA07348.chr9.vcf.gz	0.516715 seconds
Concatenating /scratch/rohlfslab/abierly2/LongTR/longTR_pipeline_NA07348/NA07348.chrM.vcf.gz	0.000315 seconds
Concatenating /scratch/rohlfslab/abierly2/LongTR/longTR_pipeline_NA07348/NA07348.chrX.vcf.gz	0.119561 seconds
Concatenating /scratch/rohlfslab/abierly2/LongTR/longTR_pipeline_NA07348/NA07348.chrY.vcf.gz	0.000322 seconds
