Checking the headers and starting positions of 25 files
Concatenating /scratch/rohlfslab/abierly2/LongTR/longTR_pipeline_NA19661/NA19661.chr10.vcf.gz	0.386469 seconds
Concatenating /scratch/rohlfslab/abierly2/LongTR/longTR_pipeline_NA19661/NA19661.chr11.vcf.gz	0.358555 seconds
Concatenating /scratch/rohlfslab/abierly2/LongTR/longTR_pipeline_NA19661/NA19661.chr12.vcf.gz	0.403757 seconds
Concatenating /scratch/rohlfslab/abierly2/LongTR/longTR_pipeline_NA19661/NA19661.chr13.vcf.gz	0.295503 seconds
Concatenating /scratch/rohlfslab/abierly2/LongTR/longTR_pipeline_NA19661/NA19661.chr14.vcf.gz	0.269321 seconds
Concatenating /scratch/rohlfslab/abierly2/LongTR/longTR_pipeline_NA19661/NA19661.chr15.vcf.gz	0.235089 seconds
Concatenating /scratch/rohlfslab/abierly2/LongTR/longTR_pipeline_NA19661/NA19661.chr16.vcf.gz	0.210251 seconds
Concatenating /scratch/rohlfslab/abierly2/LongTR/longTR_pipeline_NA19661/NA19661.chr17.vcf.gz	0.223715 seconds
Concatenating /scratch/rohlfslab/abierly2/LongTR/longTR_pipeline_NA19661/NA19661.chr18.vcf.gz	0.210139 seconds
Concatenating /scratch/rohlfslab/abierly2/LongTR/longTR_pipeline_NA19661/NA19661.chr19.vcf.gz	0.153255 seconds
Concatenating /scratch/rohlfslab/abierly2/LongTR/longTR_pipeline_NA19661/NA19661.chr1.vcf.gz	0.704551 seconds
Concatenating /scratch/rohlfslab/abierly2/LongTR/longTR_pipeline_NA19661/NA19661.chr20.vcf.gz	0.148226 seconds
Concatenating /scratch/rohlfslab/abierly2/LongTR/longTR_pipeline_NA19661/NA19661.chr21.vcf.gz	0.093104 seconds
Concatenating /scratch/rohlfslab/abierly2/LongTR/longTR_pipeline_NA19661/NA19661.chr22.vcf.gz	0.089045 seconds
Concatenating /scratch/rohlfslab/abierly2/LongTR/longTR_pipeline_NA19661/NA19661.chr2.vcf.gz	0.730503 seconds
Concatenating /scratch/rohlfslab/abierly2/LongTR/longTR_pipeline_NA19661/NA19661.chr3.vcf.gz	0.591261 seconds
Concatenating /scratch/rohlfslab/abierly2/LongTR/longTR_pipeline_NA19661/NA19661.chr4.vcf.gz	0.572257 seconds
Concatenating /scratch/rohlfslab/abierly2/LongTR/longTR_pipeline_NA19661/NA19661.chr5.vcf.gz	0.526583 seconds
Concatenating /scratch/rohlfslab/abierly2/LongTR/longTR_pipeline_NA19661/NA19661.chr6.vcf.gz	0.526472 seconds
Concatenating /scratch/rohlfslab/abierly2/LongTR/longTR_pipeline_NA19661/NA19661.chr7.vcf.gz	0.461913 seconds
Concatenating /scratch/rohlfslab/abierly2/LongTR/longTR_pipeline_NA19661/NA19661.chr8.vcf.gz	0.417444 seconds
Concatenating /scratch/rohlfslab/abierly2/LongTR/longTR_pipeline_NA19661/NA19661.chr9.vcf.gz	0.328050 seconds
Concatenating /scratch/rohlfslab/abierly2/LongTR/longTR_pipeline_NA19661/NA19661.chrM.vcf.gz	0.000295 seconds
Concatenating /scratch/rohlfslab/abierly2/LongTR/longTR_pipeline_NA19661/NA19661.chrX.vcf.gz	0.027044 seconds
Concatenating /scratch/rohlfslab/abierly2/LongTR/longTR_pipeline_NA19661/NA19661.chrY.vcf.gz	0.000408 seconds
