Checking the headers and starting positions of 25 files
Concatenating /scratch/rohlfslab/abierly2/LongTR/longTR_pipeline_HG04192/HG04192.chr10.vcf.gz	0.920574 seconds
Concatenating /scratch/rohlfslab/abierly2/LongTR/longTR_pipeline_HG04192/HG04192.chr11.vcf.gz	0.866074 seconds
Concatenating /scratch/rohlfslab/abierly2/LongTR/longTR_pipeline_HG04192/HG04192.chr12.vcf.gz	0.934212 seconds
Concatenating /scratch/rohlfslab/abierly2/LongTR/longTR_pipeline_HG04192/HG04192.chr13.vcf.gz	0.615620 seconds
Concatenating /scratch/rohlfslab/abierly2/LongTR/longTR_pipeline_HG04192/HG04192.chr14.vcf.gz	0.598408 seconds
Concatenating /scratch/rohlfslab/abierly2/LongTR/longTR_pipeline_HG04192/HG04192.chr15.vcf.gz	0.582420 seconds
Concatenating /scratch/rohlfslab/abierly2/LongTR/longTR_pipeline_HG04192/HG04192.chr16.vcf.gz	0.590379 seconds
Concatenating /scratch/rohlfslab/abierly2/LongTR/longTR_pipeline_HG04192/HG04192.chr17.vcf.gz	0.628888 seconds
Concatenating /scratch/rohlfslab/abierly2/LongTR/longTR_pipeline_HG04192/HG04192.chr18.vcf.gz	0.442650 seconds
Concatenating /scratch/rohlfslab/abierly2/LongTR/longTR_pipeline_HG04192/HG04192.chr19.vcf.gz	0.523893 seconds
Concatenating /scratch/rohlfslab/abierly2/LongTR/longTR_pipeline_HG04192/HG04192.chr1.vcf.gz	1.646254 seconds
Concatenating /scratch/rohlfslab/abierly2/LongTR/longTR_pipeline_HG04192/HG04192.chr20.vcf.gz	0.395398 seconds
Concatenating /scratch/rohlfslab/abierly2/LongTR/longTR_pipeline_HG04192/HG04192.chr21.vcf.gz	0.218885 seconds
Concatenating /scratch/rohlfslab/abierly2/LongTR/longTR_pipeline_HG04192/HG04192.chr22.vcf.gz	0.275943 seconds
Concatenating /scratch/rohlfslab/abierly2/LongTR/longTR_pipeline_HG04192/HG04192.chr2.vcf.gz	1.620057 seconds
Concatenating /scratch/rohlfslab/abierly2/LongTR/longTR_pipeline_HG04192/HG04192.chr3.vcf.gz	1.293133 seconds
Concatenating /scratch/rohlfslab/abierly2/LongTR/longTR_pipeline_HG04192/HG04192.chr4.vcf.gz	1.194746 seconds
Concatenating /scratch/rohlfslab/abierly2/LongTR/longTR_pipeline_HG04192/HG04192.chr5.vcf.gz	1.166516 seconds
Concatenating /scratch/rohlfslab/abierly2/LongTR/longTR_pipeline_HG04192/HG04192.chr6.vcf.gz	1.127440 seconds
Concatenating /scratch/rohlfslab/abierly2/LongTR/longTR_pipeline_HG04192/HG04192.chr7.vcf.gz	1.064922 seconds
Concatenating /scratch/rohlfslab/abierly2/LongTR/longTR_pipeline_HG04192/HG04192.chr8.vcf.gz	0.916992 seconds
Concatenating /scratch/rohlfslab/abierly2/LongTR/longTR_pipeline_HG04192/HG04192.chr9.vcf.gz	0.798044 seconds
Concatenating /scratch/rohlfslab/abierly2/LongTR/longTR_pipeline_HG04192/HG04192.chrM.vcf.gz	0.000342 seconds
Concatenating /scratch/rohlfslab/abierly2/LongTR/longTR_pipeline_HG04192/HG04192.chrX.vcf.gz	0.903641 seconds
Concatenating /scratch/rohlfslab/abierly2/LongTR/longTR_pipeline_HG04192/HG04192.chrY.vcf.gz	0.000373 seconds
