Checking the headers and starting positions of 25 files
Concatenating /scratch/rohlfslab/abierly2/LongTR/longTR_pipeline_HG01684/HG01684.chr10.vcf.gz	1.083378 seconds
Concatenating /scratch/rohlfslab/abierly2/LongTR/longTR_pipeline_HG01684/HG01684.chr11.vcf.gz	1.024795 seconds
Concatenating /scratch/rohlfslab/abierly2/LongTR/longTR_pipeline_HG01684/HG01684.chr12.vcf.gz	1.112774 seconds
Concatenating /scratch/rohlfslab/abierly2/LongTR/longTR_pipeline_HG01684/HG01684.chr13.vcf.gz	0.748053 seconds
Concatenating /scratch/rohlfslab/abierly2/LongTR/longTR_pipeline_HG01684/HG01684.chr14.vcf.gz	0.713261 seconds
Concatenating /scratch/rohlfslab/abierly2/LongTR/longTR_pipeline_HG01684/HG01684.chr15.vcf.gz	0.673504 seconds
Concatenating /scratch/rohlfslab/abierly2/LongTR/longTR_pipeline_HG01684/HG01684.chr16.vcf.gz	0.709169 seconds
Concatenating /scratch/rohlfslab/abierly2/LongTR/longTR_pipeline_HG01684/HG01684.chr17.vcf.gz	0.749711 seconds
Concatenating /scratch/rohlfslab/abierly2/LongTR/longTR_pipeline_HG01684/HG01684.chr18.vcf.gz	0.546442 seconds
Concatenating /scratch/rohlfslab/abierly2/LongTR/longTR_pipeline_HG01684/HG01684.chr19.vcf.gz	0.621806 seconds
Concatenating /scratch/rohlfslab/abierly2/LongTR/longTR_pipeline_HG01684/HG01684.chr1.vcf.gz	1.946616 seconds
Concatenating /scratch/rohlfslab/abierly2/LongTR/longTR_pipeline_HG01684/HG01684.chr20.vcf.gz	0.456820 seconds
Concatenating /scratch/rohlfslab/abierly2/LongTR/longTR_pipeline_HG01684/HG01684.chr21.vcf.gz	0.260247 seconds
Concatenating /scratch/rohlfslab/abierly2/LongTR/longTR_pipeline_HG01684/HG01684.chr22.vcf.gz	0.328994 seconds
Concatenating /scratch/rohlfslab/abierly2/LongTR/longTR_pipeline_HG01684/HG01684.chr2.vcf.gz	1.927116 seconds
Concatenating /scratch/rohlfslab/abierly2/LongTR/longTR_pipeline_HG01684/HG01684.chr3.vcf.gz	1.546376 seconds
Concatenating /scratch/rohlfslab/abierly2/LongTR/longTR_pipeline_HG01684/HG01684.chr4.vcf.gz	1.472391 seconds
Concatenating /scratch/rohlfslab/abierly2/LongTR/longTR_pipeline_HG01684/HG01684.chr5.vcf.gz	1.394721 seconds
Concatenating /scratch/rohlfslab/abierly2/LongTR/longTR_pipeline_HG01684/HG01684.chr6.vcf.gz	1.348226 seconds
Concatenating /scratch/rohlfslab/abierly2/LongTR/longTR_pipeline_HG01684/HG01684.chr7.vcf.gz	1.292224 seconds
Concatenating /scratch/rohlfslab/abierly2/LongTR/longTR_pipeline_HG01684/HG01684.chr8.vcf.gz	1.128711 seconds
Concatenating /scratch/rohlfslab/abierly2/LongTR/longTR_pipeline_HG01684/HG01684.chr9.vcf.gz	0.947329 seconds
Concatenating /scratch/rohlfslab/abierly2/LongTR/longTR_pipeline_HG01684/HG01684.chrM.vcf.gz	0.000301 seconds
Concatenating /scratch/rohlfslab/abierly2/LongTR/longTR_pipeline_HG01684/HG01684.chrX.vcf.gz	1.129987 seconds
Concatenating /scratch/rohlfslab/abierly2/LongTR/longTR_pipeline_HG01684/HG01684.chrY.vcf.gz	0.000310 seconds
