Checking the headers and starting positions of 25 files
Concatenating /scratch/rohlfslab/abierly2/LongTR/longTR_pipeline_NA18988/NA18988.chr10.vcf.gz	1.221805 seconds
Concatenating /scratch/rohlfslab/abierly2/LongTR/longTR_pipeline_NA18988/NA18988.chr11.vcf.gz	1.160752 seconds
Concatenating /scratch/rohlfslab/abierly2/LongTR/longTR_pipeline_NA18988/NA18988.chr12.vcf.gz	1.235321 seconds
Concatenating /scratch/rohlfslab/abierly2/LongTR/longTR_pipeline_NA18988/NA18988.chr13.vcf.gz	0.846643 seconds
Concatenating /scratch/rohlfslab/abierly2/LongTR/longTR_pipeline_NA18988/NA18988.chr14.vcf.gz	0.807392 seconds
Concatenating /scratch/rohlfslab/abierly2/LongTR/longTR_pipeline_NA18988/NA18988.chr15.vcf.gz	0.755542 seconds
Concatenating /scratch/rohlfslab/abierly2/LongTR/longTR_pipeline_NA18988/NA18988.chr16.vcf.gz	0.789451 seconds
Concatenating /scratch/rohlfslab/abierly2/LongTR/longTR_pipeline_NA18988/NA18988.chr17.vcf.gz	0.826552 seconds
Concatenating /scratch/rohlfslab/abierly2/LongTR/longTR_pipeline_NA18988/NA18988.chr18.vcf.gz	0.612991 seconds
Concatenating /scratch/rohlfslab/abierly2/LongTR/longTR_pipeline_NA18988/NA18988.chr19.vcf.gz	0.687568 seconds
Concatenating /scratch/rohlfslab/abierly2/LongTR/longTR_pipeline_NA18988/NA18988.chr1.vcf.gz	2.173372 seconds
Concatenating /scratch/rohlfslab/abierly2/LongTR/longTR_pipeline_NA18988/NA18988.chr20.vcf.gz	0.511626 seconds
Concatenating /scratch/rohlfslab/abierly2/LongTR/longTR_pipeline_NA18988/NA18988.chr21.vcf.gz	0.296445 seconds
Concatenating /scratch/rohlfslab/abierly2/LongTR/longTR_pipeline_NA18988/NA18988.chr22.vcf.gz	0.363309 seconds
Concatenating /scratch/rohlfslab/abierly2/LongTR/longTR_pipeline_NA18988/NA18988.chr2.vcf.gz	2.188197 seconds
Concatenating /scratch/rohlfslab/abierly2/LongTR/longTR_pipeline_NA18988/NA18988.chr3.vcf.gz	1.757197 seconds
Concatenating /scratch/rohlfslab/abierly2/LongTR/longTR_pipeline_NA18988/NA18988.chr4.vcf.gz	1.656177 seconds
Concatenating /scratch/rohlfslab/abierly2/LongTR/longTR_pipeline_NA18988/NA18988.chr5.vcf.gz	1.571344 seconds
Concatenating /scratch/rohlfslab/abierly2/LongTR/longTR_pipeline_NA18988/NA18988.chr6.vcf.gz	1.519636 seconds
Concatenating /scratch/rohlfslab/abierly2/LongTR/longTR_pipeline_NA18988/NA18988.chr7.vcf.gz	1.467229 seconds
Concatenating /scratch/rohlfslab/abierly2/LongTR/longTR_pipeline_NA18988/NA18988.chr8.vcf.gz	1.269214 seconds
Concatenating /scratch/rohlfslab/abierly2/LongTR/longTR_pipeline_NA18988/NA18988.chr9.vcf.gz	1.079419 seconds
Concatenating /scratch/rohlfslab/abierly2/LongTR/longTR_pipeline_NA18988/NA18988.chrM.vcf.gz	0.000541 seconds
Concatenating /scratch/rohlfslab/abierly2/LongTR/longTR_pipeline_NA18988/NA18988.chrX.vcf.gz	0.950548 seconds
Concatenating /scratch/rohlfslab/abierly2/LongTR/longTR_pipeline_NA18988/NA18988.chrY.vcf.gz	0.048285 seconds
