Checking the headers and starting positions of 25 files
Concatenating /scratch/rohlfslab/abierly2/LongTR/longTR_pipeline_NA20538/NA20538.chr10.vcf.gz	0.444355 seconds
Concatenating /scratch/rohlfslab/abierly2/LongTR/longTR_pipeline_NA20538/NA20538.chr11.vcf.gz	0.427063 seconds
Concatenating /scratch/rohlfslab/abierly2/LongTR/longTR_pipeline_NA20538/NA20538.chr12.vcf.gz	0.441156 seconds
Concatenating /scratch/rohlfslab/abierly2/LongTR/longTR_pipeline_NA20538/NA20538.chr13.vcf.gz	0.302130 seconds
Concatenating /scratch/rohlfslab/abierly2/LongTR/longTR_pipeline_NA20538/NA20538.chr14.vcf.gz	0.295861 seconds
Concatenating /scratch/rohlfslab/abierly2/LongTR/longTR_pipeline_NA20538/NA20538.chr15.vcf.gz	0.270157 seconds
Concatenating /scratch/rohlfslab/abierly2/LongTR/longTR_pipeline_NA20538/NA20538.chr16.vcf.gz	0.287949 seconds
Concatenating /scratch/rohlfslab/abierly2/LongTR/longTR_pipeline_NA20538/NA20538.chr17.vcf.gz	0.293279 seconds
Concatenating /scratch/rohlfslab/abierly2/LongTR/longTR_pipeline_NA20538/NA20538.chr18.vcf.gz	0.233136 seconds
Concatenating /scratch/rohlfslab/abierly2/LongTR/longTR_pipeline_NA20538/NA20538.chr19.vcf.gz	0.239511 seconds
Concatenating /scratch/rohlfslab/abierly2/LongTR/longTR_pipeline_NA20538/NA20538.chr1.vcf.gz	0.773545 seconds
Concatenating /scratch/rohlfslab/abierly2/LongTR/longTR_pipeline_NA20538/NA20538.chr20.vcf.gz	0.189842 seconds
Concatenating /scratch/rohlfslab/abierly2/LongTR/longTR_pipeline_NA20538/NA20538.chr21.vcf.gz	0.113826 seconds
Concatenating /scratch/rohlfslab/abierly2/LongTR/longTR_pipeline_NA20538/NA20538.chr22.vcf.gz	0.130948 seconds
Concatenating /scratch/rohlfslab/abierly2/LongTR/longTR_pipeline_NA20538/NA20538.chr2.vcf.gz	0.785802 seconds
Concatenating /scratch/rohlfslab/abierly2/LongTR/longTR_pipeline_NA20538/NA20538.chr3.vcf.gz	0.622234 seconds
Concatenating /scratch/rohlfslab/abierly2/LongTR/longTR_pipeline_NA20538/NA20538.chr4.vcf.gz	0.593534 seconds
Concatenating /scratch/rohlfslab/abierly2/LongTR/longTR_pipeline_NA20538/NA20538.chr5.vcf.gz	0.554728 seconds
Concatenating /scratch/rohlfslab/abierly2/LongTR/longTR_pipeline_NA20538/NA20538.chr6.vcf.gz	0.553402 seconds
Concatenating /scratch/rohlfslab/abierly2/LongTR/longTR_pipeline_NA20538/NA20538.chr7.vcf.gz	0.516547 seconds
Concatenating /scratch/rohlfslab/abierly2/LongTR/longTR_pipeline_NA20538/NA20538.chr8.vcf.gz	0.456346 seconds
Concatenating /scratch/rohlfslab/abierly2/LongTR/longTR_pipeline_NA20538/NA20538.chr9.vcf.gz	0.372682 seconds
Concatenating /scratch/rohlfslab/abierly2/LongTR/longTR_pipeline_NA20538/NA20538.chrM.vcf.gz	0.000282 seconds
Concatenating /scratch/rohlfslab/abierly2/LongTR/longTR_pipeline_NA20538/NA20538.chrX.vcf.gz	0.038500 seconds
Concatenating /scratch/rohlfslab/abierly2/LongTR/longTR_pipeline_NA20538/NA20538.chrY.vcf.gz	0.000339 seconds
