Checking the headers and starting positions of 25 files
Concatenating /scratch/rohlfslab/abierly2/LongTR/longTR_pipeline_HG03640/HG03640.chr10.vcf.gz	1.182396 seconds
Concatenating /scratch/rohlfslab/abierly2/LongTR/longTR_pipeline_HG03640/HG03640.chr11.vcf.gz	1.129257 seconds
Concatenating /scratch/rohlfslab/abierly2/LongTR/longTR_pipeline_HG03640/HG03640.chr12.vcf.gz	1.201034 seconds
Concatenating /scratch/rohlfslab/abierly2/LongTR/longTR_pipeline_HG03640/HG03640.chr13.vcf.gz	0.827758 seconds
Concatenating /scratch/rohlfslab/abierly2/LongTR/longTR_pipeline_HG03640/HG03640.chr14.vcf.gz	0.784600 seconds
Concatenating /scratch/rohlfslab/abierly2/LongTR/longTR_pipeline_HG03640/HG03640.chr15.vcf.gz	0.736784 seconds
Concatenating /scratch/rohlfslab/abierly2/LongTR/longTR_pipeline_HG03640/HG03640.chr16.vcf.gz	0.765853 seconds
Concatenating /scratch/rohlfslab/abierly2/LongTR/longTR_pipeline_HG03640/HG03640.chr17.vcf.gz	0.792858 seconds
Concatenating /scratch/rohlfslab/abierly2/LongTR/longTR_pipeline_HG03640/HG03640.chr18.vcf.gz	0.594485 seconds
Concatenating /scratch/rohlfslab/abierly2/LongTR/longTR_pipeline_HG03640/HG03640.chr19.vcf.gz	0.651280 seconds
Concatenating /scratch/rohlfslab/abierly2/LongTR/longTR_pipeline_HG03640/HG03640.chr1.vcf.gz	2.112724 seconds
Concatenating /scratch/rohlfslab/abierly2/LongTR/longTR_pipeline_HG03640/HG03640.chr20.vcf.gz	0.500202 seconds
Concatenating /scratch/rohlfslab/abierly2/LongTR/longTR_pipeline_HG03640/HG03640.chr21.vcf.gz	0.285948 seconds
Concatenating /scratch/rohlfslab/abierly2/LongTR/longTR_pipeline_HG03640/HG03640.chr22.vcf.gz	0.345095 seconds
Concatenating /scratch/rohlfslab/abierly2/LongTR/longTR_pipeline_HG03640/HG03640.chr2.vcf.gz	2.116609 seconds
Concatenating /scratch/rohlfslab/abierly2/LongTR/longTR_pipeline_HG03640/HG03640.chr3.vcf.gz	1.691292 seconds
Concatenating /scratch/rohlfslab/abierly2/LongTR/longTR_pipeline_HG03640/HG03640.chr4.vcf.gz	1.612193 seconds
Concatenating /scratch/rohlfslab/abierly2/LongTR/longTR_pipeline_HG03640/HG03640.chr5.vcf.gz	1.524643 seconds
Concatenating /scratch/rohlfslab/abierly2/LongTR/longTR_pipeline_HG03640/HG03640.chr6.vcf.gz	1.473314 seconds
Concatenating /scratch/rohlfslab/abierly2/LongTR/longTR_pipeline_HG03640/HG03640.chr7.vcf.gz	1.407885 seconds
Concatenating /scratch/rohlfslab/abierly2/LongTR/longTR_pipeline_HG03640/HG03640.chr8.vcf.gz	1.250945 seconds
Concatenating /scratch/rohlfslab/abierly2/LongTR/longTR_pipeline_HG03640/HG03640.chr9.vcf.gz	1.051670 seconds
Concatenating /scratch/rohlfslab/abierly2/LongTR/longTR_pipeline_HG03640/HG03640.chrM.vcf.gz	0.000380 seconds
Concatenating /scratch/rohlfslab/abierly2/LongTR/longTR_pipeline_HG03640/HG03640.chrX.vcf.gz	1.287473 seconds
Concatenating /scratch/rohlfslab/abierly2/LongTR/longTR_pipeline_HG03640/HG03640.chrY.vcf.gz	0.000365 seconds
