Checking the headers and starting positions of 25 files
Concatenating /scratch/rohlfslab/abierly2/LongTR/longTR_pipeline_HG01602/HG01602.chr10.vcf.gz	1.055133 seconds
Concatenating /scratch/rohlfslab/abierly2/LongTR/longTR_pipeline_HG01602/HG01602.chr11.vcf.gz	1.006233 seconds
Concatenating /scratch/rohlfslab/abierly2/LongTR/longTR_pipeline_HG01602/HG01602.chr12.vcf.gz	1.073601 seconds
Concatenating /scratch/rohlfslab/abierly2/LongTR/longTR_pipeline_HG01602/HG01602.chr13.vcf.gz	0.748241 seconds
Concatenating /scratch/rohlfslab/abierly2/LongTR/longTR_pipeline_HG01602/HG01602.chr14.vcf.gz	0.704954 seconds
Concatenating /scratch/rohlfslab/abierly2/LongTR/longTR_pipeline_HG01602/HG01602.chr15.vcf.gz	0.662380 seconds
Concatenating /scratch/rohlfslab/abierly2/LongTR/longTR_pipeline_HG01602/HG01602.chr16.vcf.gz	0.667214 seconds
Concatenating /scratch/rohlfslab/abierly2/LongTR/longTR_pipeline_HG01602/HG01602.chr17.vcf.gz	0.699115 seconds
Concatenating /scratch/rohlfslab/abierly2/LongTR/longTR_pipeline_HG01602/HG01602.chr18.vcf.gz	0.531059 seconds
Concatenating /scratch/rohlfslab/abierly2/LongTR/longTR_pipeline_HG01602/HG01602.chr19.vcf.gz	0.574450 seconds
Concatenating /scratch/rohlfslab/abierly2/LongTR/longTR_pipeline_HG01602/HG01602.chr1.vcf.gz	1.882059 seconds
Concatenating /scratch/rohlfslab/abierly2/LongTR/longTR_pipeline_HG01602/HG01602.chr20.vcf.gz	0.438183 seconds
Concatenating /scratch/rohlfslab/abierly2/LongTR/longTR_pipeline_HG01602/HG01602.chr21.vcf.gz	0.257656 seconds
Concatenating /scratch/rohlfslab/abierly2/LongTR/longTR_pipeline_HG01602/HG01602.chr22.vcf.gz	0.299091 seconds
Concatenating /scratch/rohlfslab/abierly2/LongTR/longTR_pipeline_HG01602/HG01602.chr2.vcf.gz	1.905389 seconds
Concatenating /scratch/rohlfslab/abierly2/LongTR/longTR_pipeline_HG01602/HG01602.chr3.vcf.gz	1.524239 seconds
Concatenating /scratch/rohlfslab/abierly2/LongTR/longTR_pipeline_HG01602/HG01602.chr4.vcf.gz	1.462855 seconds
Concatenating /scratch/rohlfslab/abierly2/LongTR/longTR_pipeline_HG01602/HG01602.chr5.vcf.gz	1.379239 seconds
Concatenating /scratch/rohlfslab/abierly2/LongTR/longTR_pipeline_HG01602/HG01602.chr6.vcf.gz	1.325887 seconds
Concatenating /scratch/rohlfslab/abierly2/LongTR/longTR_pipeline_HG01602/HG01602.chr7.vcf.gz	1.271307 seconds
Concatenating /scratch/rohlfslab/abierly2/LongTR/longTR_pipeline_HG01602/HG01602.chr8.vcf.gz	1.107744 seconds
Concatenating /scratch/rohlfslab/abierly2/LongTR/longTR_pipeline_HG01602/HG01602.chr9.vcf.gz	1.040736 seconds
Concatenating /scratch/rohlfslab/abierly2/LongTR/longTR_pipeline_HG01602/HG01602.chrM.vcf.gz	0.000344 seconds
Concatenating /scratch/rohlfslab/abierly2/LongTR/longTR_pipeline_HG01602/HG01602.chrX.vcf.gz	1.133632 seconds
Concatenating /scratch/rohlfslab/abierly2/LongTR/longTR_pipeline_HG01602/HG01602.chrY.vcf.gz	0.000314 seconds
