Checking the headers and starting positions of 25 files
Concatenating /scratch/rohlfslab/abierly2/LongTR/longTR_pipeline_NA19740/NA19740.chr10.vcf.gz	1.244141 seconds
Concatenating /scratch/rohlfslab/abierly2/LongTR/longTR_pipeline_NA19740/NA19740.chr11.vcf.gz	1.193860 seconds
Concatenating /scratch/rohlfslab/abierly2/LongTR/longTR_pipeline_NA19740/NA19740.chr12.vcf.gz	1.262215 seconds
Concatenating /scratch/rohlfslab/abierly2/LongTR/longTR_pipeline_NA19740/NA19740.chr13.vcf.gz	0.870528 seconds
Concatenating /scratch/rohlfslab/abierly2/LongTR/longTR_pipeline_NA19740/NA19740.chr14.vcf.gz	0.828337 seconds
Concatenating /scratch/rohlfslab/abierly2/LongTR/longTR_pipeline_NA19740/NA19740.chr15.vcf.gz	0.773926 seconds
Concatenating /scratch/rohlfslab/abierly2/LongTR/longTR_pipeline_NA19740/NA19740.chr16.vcf.gz	0.808235 seconds
Concatenating /scratch/rohlfslab/abierly2/LongTR/longTR_pipeline_NA19740/NA19740.chr17.vcf.gz	0.846986 seconds
Concatenating /scratch/rohlfslab/abierly2/LongTR/longTR_pipeline_NA19740/NA19740.chr18.vcf.gz	0.631976 seconds
Concatenating /scratch/rohlfslab/abierly2/LongTR/longTR_pipeline_NA19740/NA19740.chr19.vcf.gz	0.704934 seconds
Concatenating /scratch/rohlfslab/abierly2/LongTR/longTR_pipeline_NA19740/NA19740.chr1.vcf.gz	2.223757 seconds
Concatenating /scratch/rohlfslab/abierly2/LongTR/longTR_pipeline_NA19740/NA19740.chr20.vcf.gz	0.520505 seconds
Concatenating /scratch/rohlfslab/abierly2/LongTR/longTR_pipeline_NA19740/NA19740.chr21.vcf.gz	0.305792 seconds
Concatenating /scratch/rohlfslab/abierly2/LongTR/longTR_pipeline_NA19740/NA19740.chr22.vcf.gz	0.366919 seconds
Concatenating /scratch/rohlfslab/abierly2/LongTR/longTR_pipeline_NA19740/NA19740.chr2.vcf.gz	2.226280 seconds
Concatenating /scratch/rohlfslab/abierly2/LongTR/longTR_pipeline_NA19740/NA19740.chr3.vcf.gz	1.775597 seconds
Concatenating /scratch/rohlfslab/abierly2/LongTR/longTR_pipeline_NA19740/NA19740.chr4.vcf.gz	1.713966 seconds
Concatenating /scratch/rohlfslab/abierly2/LongTR/longTR_pipeline_NA19740/NA19740.chr5.vcf.gz	1.606110 seconds
Concatenating /scratch/rohlfslab/abierly2/LongTR/longTR_pipeline_NA19740/NA19740.chr6.vcf.gz	1.546079 seconds
Concatenating /scratch/rohlfslab/abierly2/LongTR/longTR_pipeline_NA19740/NA19740.chr7.vcf.gz	1.496358 seconds
Concatenating /scratch/rohlfslab/abierly2/LongTR/longTR_pipeline_NA19740/NA19740.chr8.vcf.gz	1.291602 seconds
Concatenating /scratch/rohlfslab/abierly2/LongTR/longTR_pipeline_NA19740/NA19740.chr9.vcf.gz	1.105180 seconds
Concatenating /scratch/rohlfslab/abierly2/LongTR/longTR_pipeline_NA19740/NA19740.chrM.vcf.gz	0.000303 seconds
Concatenating /scratch/rohlfslab/abierly2/LongTR/longTR_pipeline_NA19740/NA19740.chrX.vcf.gz	1.334104 seconds
Concatenating /scratch/rohlfslab/abierly2/LongTR/longTR_pipeline_NA19740/NA19740.chrY.vcf.gz	0.000308 seconds
