Checking the headers and starting positions of 25 files
Concatenating /scratch/rohlfslab/abierly2/LongTR/longTR_pipeline_HG00766/HG00766.chr10.vcf.gz	1.221252 seconds
Concatenating /scratch/rohlfslab/abierly2/LongTR/longTR_pipeline_HG00766/HG00766.chr11.vcf.gz	1.161781 seconds
Concatenating /scratch/rohlfslab/abierly2/LongTR/longTR_pipeline_HG00766/HG00766.chr12.vcf.gz	1.231561 seconds
Concatenating /scratch/rohlfslab/abierly2/LongTR/longTR_pipeline_HG00766/HG00766.chr13.vcf.gz	0.856937 seconds
Concatenating /scratch/rohlfslab/abierly2/LongTR/longTR_pipeline_HG00766/HG00766.chr14.vcf.gz	0.810368 seconds
Concatenating /scratch/rohlfslab/abierly2/LongTR/longTR_pipeline_HG00766/HG00766.chr15.vcf.gz	0.759310 seconds
Concatenating /scratch/rohlfslab/abierly2/LongTR/longTR_pipeline_HG00766/HG00766.chr16.vcf.gz	0.790155 seconds
Concatenating /scratch/rohlfslab/abierly2/LongTR/longTR_pipeline_HG00766/HG00766.chr17.vcf.gz	0.820534 seconds
Concatenating /scratch/rohlfslab/abierly2/LongTR/longTR_pipeline_HG00766/HG00766.chr18.vcf.gz	0.613687 seconds
Concatenating /scratch/rohlfslab/abierly2/LongTR/longTR_pipeline_HG00766/HG00766.chr19.vcf.gz	0.674876 seconds
Concatenating /scratch/rohlfslab/abierly2/LongTR/longTR_pipeline_HG00766/HG00766.chr1.vcf.gz	2.198565 seconds
Concatenating /scratch/rohlfslab/abierly2/LongTR/longTR_pipeline_HG00766/HG00766.chr20.vcf.gz	0.511187 seconds
Concatenating /scratch/rohlfslab/abierly2/LongTR/longTR_pipeline_HG00766/HG00766.chr21.vcf.gz	0.298783 seconds
Concatenating /scratch/rohlfslab/abierly2/LongTR/longTR_pipeline_HG00766/HG00766.chr22.vcf.gz	0.357858 seconds
Concatenating /scratch/rohlfslab/abierly2/LongTR/longTR_pipeline_HG00766/HG00766.chr2.vcf.gz	2.183110 seconds
Concatenating /scratch/rohlfslab/abierly2/LongTR/longTR_pipeline_HG00766/HG00766.chr3.vcf.gz	1.761677 seconds
Concatenating /scratch/rohlfslab/abierly2/LongTR/longTR_pipeline_HG00766/HG00766.chr4.vcf.gz	1.683410 seconds
Concatenating /scratch/rohlfslab/abierly2/LongTR/longTR_pipeline_HG00766/HG00766.chr5.vcf.gz	1.579435 seconds
Concatenating /scratch/rohlfslab/abierly2/LongTR/longTR_pipeline_HG00766/HG00766.chr6.vcf.gz	1.518893 seconds
Concatenating /scratch/rohlfslab/abierly2/LongTR/longTR_pipeline_HG00766/HG00766.chr7.vcf.gz	1.461689 seconds
Concatenating /scratch/rohlfslab/abierly2/LongTR/longTR_pipeline_HG00766/HG00766.chr8.vcf.gz	1.264987 seconds
Concatenating /scratch/rohlfslab/abierly2/LongTR/longTR_pipeline_HG00766/HG00766.chr9.vcf.gz	1.072793 seconds
Concatenating /scratch/rohlfslab/abierly2/LongTR/longTR_pipeline_HG00766/HG00766.chrM.vcf.gz	0.000311 seconds
Concatenating /scratch/rohlfslab/abierly2/LongTR/longTR_pipeline_HG00766/HG00766.chrX.vcf.gz	1.312147 seconds
Concatenating /scratch/rohlfslab/abierly2/LongTR/longTR_pipeline_HG00766/HG00766.chrY.vcf.gz	0.000294 seconds
