Checking the headers and starting positions of 25 files
Concatenating /scratch/rohlfslab/abierly2/LongTR/longTR_pipeline_HG03711/HG03711.chr10.vcf.gz	0.545099 seconds
Concatenating /scratch/rohlfslab/abierly2/LongTR/longTR_pipeline_HG03711/HG03711.chr11.vcf.gz	0.537213 seconds
Concatenating /scratch/rohlfslab/abierly2/LongTR/longTR_pipeline_HG03711/HG03711.chr12.vcf.gz	0.562539 seconds
Concatenating /scratch/rohlfslab/abierly2/LongTR/longTR_pipeline_HG03711/HG03711.chr13.vcf.gz	0.413874 seconds
Concatenating /scratch/rohlfslab/abierly2/LongTR/longTR_pipeline_HG03711/HG03711.chr14.vcf.gz	0.372860 seconds
Concatenating /scratch/rohlfslab/abierly2/LongTR/longTR_pipeline_HG03711/HG03711.chr15.vcf.gz	0.332815 seconds
Concatenating /scratch/rohlfslab/abierly2/LongTR/longTR_pipeline_HG03711/HG03711.chr16.vcf.gz	0.299258 seconds
Concatenating /scratch/rohlfslab/abierly2/LongTR/longTR_pipeline_HG03711/HG03711.chr17.vcf.gz	0.320784 seconds
Concatenating /scratch/rohlfslab/abierly2/LongTR/longTR_pipeline_HG03711/HG03711.chr18.vcf.gz	0.298072 seconds
Concatenating /scratch/rohlfslab/abierly2/LongTR/longTR_pipeline_HG03711/HG03711.chr19.vcf.gz	0.213753 seconds
Concatenating /scratch/rohlfslab/abierly2/LongTR/longTR_pipeline_HG03711/HG03711.chr1.vcf.gz	0.995693 seconds
Concatenating /scratch/rohlfslab/abierly2/LongTR/longTR_pipeline_HG03711/HG03711.chr20.vcf.gz	0.206866 seconds
Concatenating /scratch/rohlfslab/abierly2/LongTR/longTR_pipeline_HG03711/HG03711.chr21.vcf.gz	0.127127 seconds
Concatenating /scratch/rohlfslab/abierly2/LongTR/longTR_pipeline_HG03711/HG03711.chr22.vcf.gz	0.127874 seconds
Concatenating /scratch/rohlfslab/abierly2/LongTR/longTR_pipeline_HG03711/HG03711.chr2.vcf.gz	1.036398 seconds
Concatenating /scratch/rohlfslab/abierly2/LongTR/longTR_pipeline_HG03711/HG03711.chr3.vcf.gz	0.823326 seconds
Concatenating /scratch/rohlfslab/abierly2/LongTR/longTR_pipeline_HG03711/HG03711.chr4.vcf.gz	0.806020 seconds
Concatenating /scratch/rohlfslab/abierly2/LongTR/longTR_pipeline_HG03711/HG03711.chr5.vcf.gz	0.755731 seconds
Concatenating /scratch/rohlfslab/abierly2/LongTR/longTR_pipeline_HG03711/HG03711.chr6.vcf.gz	0.730313 seconds
Concatenating /scratch/rohlfslab/abierly2/LongTR/longTR_pipeline_HG03711/HG03711.chr7.vcf.gz	0.666614 seconds
Concatenating /scratch/rohlfslab/abierly2/LongTR/longTR_pipeline_HG03711/HG03711.chr8.vcf.gz	0.580728 seconds
Concatenating /scratch/rohlfslab/abierly2/LongTR/longTR_pipeline_HG03711/HG03711.chr9.vcf.gz	0.485550 seconds
Concatenating /scratch/rohlfslab/abierly2/LongTR/longTR_pipeline_HG03711/HG03711.chrM.vcf.gz	0.000289 seconds
Concatenating /scratch/rohlfslab/abierly2/LongTR/longTR_pipeline_HG03711/HG03711.chrX.vcf.gz	0.053176 seconds
Concatenating /scratch/rohlfslab/abierly2/LongTR/longTR_pipeline_HG03711/HG03711.chrY.vcf.gz	0.002383 seconds
