Checking the headers and starting positions of 25 files
Concatenating /scratch/rohlfslab/abierly2/LongTR/longTR_pipeline_HG03238/HG03238.chr10.vcf.gz	1.117117 seconds
Concatenating /scratch/rohlfslab/abierly2/LongTR/longTR_pipeline_HG03238/HG03238.chr11.vcf.gz	1.080574 seconds
Concatenating /scratch/rohlfslab/abierly2/LongTR/longTR_pipeline_HG03238/HG03238.chr12.vcf.gz	1.149487 seconds
Concatenating /scratch/rohlfslab/abierly2/LongTR/longTR_pipeline_HG03238/HG03238.chr13.vcf.gz	0.790044 seconds
Concatenating /scratch/rohlfslab/abierly2/LongTR/longTR_pipeline_HG03238/HG03238.chr14.vcf.gz	0.744470 seconds
Concatenating /scratch/rohlfslab/abierly2/LongTR/longTR_pipeline_HG03238/HG03238.chr15.vcf.gz	0.694992 seconds
Concatenating /scratch/rohlfslab/abierly2/LongTR/longTR_pipeline_HG03238/HG03238.chr16.vcf.gz	0.713353 seconds
Concatenating /scratch/rohlfslab/abierly2/LongTR/longTR_pipeline_HG03238/HG03238.chr17.vcf.gz	0.750890 seconds
Concatenating /scratch/rohlfslab/abierly2/LongTR/longTR_pipeline_HG03238/HG03238.chr18.vcf.gz	0.569435 seconds
Concatenating /scratch/rohlfslab/abierly2/LongTR/longTR_pipeline_HG03238/HG03238.chr19.vcf.gz	0.597283 seconds
Concatenating /scratch/rohlfslab/abierly2/LongTR/longTR_pipeline_HG03238/HG03238.chr1.vcf.gz	2.027157 seconds
Concatenating /scratch/rohlfslab/abierly2/LongTR/longTR_pipeline_HG03238/HG03238.chr20.vcf.gz	0.472362 seconds
Concatenating /scratch/rohlfslab/abierly2/LongTR/longTR_pipeline_HG03238/HG03238.chr21.vcf.gz	0.273423 seconds
Concatenating /scratch/rohlfslab/abierly2/LongTR/longTR_pipeline_HG03238/HG03238.chr22.vcf.gz	0.325780 seconds
Concatenating /scratch/rohlfslab/abierly2/LongTR/longTR_pipeline_HG03238/HG03238.chr2.vcf.gz	2.018412 seconds
Concatenating /scratch/rohlfslab/abierly2/LongTR/longTR_pipeline_HG03238/HG03238.chr3.vcf.gz	1.605622 seconds
Concatenating /scratch/rohlfslab/abierly2/LongTR/longTR_pipeline_HG03238/HG03238.chr4.vcf.gz	1.532355 seconds
Concatenating /scratch/rohlfslab/abierly2/LongTR/longTR_pipeline_HG03238/HG03238.chr5.vcf.gz	1.471338 seconds
Concatenating /scratch/rohlfslab/abierly2/LongTR/longTR_pipeline_HG03238/HG03238.chr6.vcf.gz	1.403182 seconds
Concatenating /scratch/rohlfslab/abierly2/LongTR/longTR_pipeline_HG03238/HG03238.chr7.vcf.gz	1.344208 seconds
Concatenating /scratch/rohlfslab/abierly2/LongTR/longTR_pipeline_HG03238/HG03238.chr8.vcf.gz	1.149587 seconds
Concatenating /scratch/rohlfslab/abierly2/LongTR/longTR_pipeline_HG03238/HG03238.chr9.vcf.gz	0.985946 seconds
Concatenating /scratch/rohlfslab/abierly2/LongTR/longTR_pipeline_HG03238/HG03238.chrM.vcf.gz	0.000296 seconds
Concatenating /scratch/rohlfslab/abierly2/LongTR/longTR_pipeline_HG03238/HG03238.chrX.vcf.gz	1.187568 seconds
Concatenating /scratch/rohlfslab/abierly2/LongTR/longTR_pipeline_HG03238/HG03238.chrY.vcf.gz	0.000323 seconds
