Checking the headers and starting positions of 25 files
Concatenating /scratch/rohlfslab/abierly2/LongTR/longTR_pipeline_HG03803/HG03803.chr10.vcf.gz	0.346431 seconds
Concatenating /scratch/rohlfslab/abierly2/LongTR/longTR_pipeline_HG03803/HG03803.chr11.vcf.gz	0.330800 seconds
Concatenating /scratch/rohlfslab/abierly2/LongTR/longTR_pipeline_HG03803/HG03803.chr12.vcf.gz	0.363577 seconds
Concatenating /scratch/rohlfslab/abierly2/LongTR/longTR_pipeline_HG03803/HG03803.chr13.vcf.gz	0.249151 seconds
Concatenating /scratch/rohlfslab/abierly2/LongTR/longTR_pipeline_HG03803/HG03803.chr14.vcf.gz	0.241642 seconds
Concatenating /scratch/rohlfslab/abierly2/LongTR/longTR_pipeline_HG03803/HG03803.chr15.vcf.gz	0.209508 seconds
Concatenating /scratch/rohlfslab/abierly2/LongTR/longTR_pipeline_HG03803/HG03803.chr16.vcf.gz	0.229392 seconds
Concatenating /scratch/rohlfslab/abierly2/LongTR/longTR_pipeline_HG03803/HG03803.chr17.vcf.gz	0.234952 seconds
Concatenating /scratch/rohlfslab/abierly2/LongTR/longTR_pipeline_HG03803/HG03803.chr18.vcf.gz	0.177024 seconds
Concatenating /scratch/rohlfslab/abierly2/LongTR/longTR_pipeline_HG03803/HG03803.chr19.vcf.gz	0.181117 seconds
Concatenating /scratch/rohlfslab/abierly2/LongTR/longTR_pipeline_HG03803/HG03803.chr1.vcf.gz	0.635767 seconds
Concatenating /scratch/rohlfslab/abierly2/LongTR/longTR_pipeline_HG03803/HG03803.chr20.vcf.gz	0.164147 seconds
Concatenating /scratch/rohlfslab/abierly2/LongTR/longTR_pipeline_HG03803/HG03803.chr21.vcf.gz	0.079692 seconds
Concatenating /scratch/rohlfslab/abierly2/LongTR/longTR_pipeline_HG03803/HG03803.chr22.vcf.gz	0.096863 seconds
Concatenating /scratch/rohlfslab/abierly2/LongTR/longTR_pipeline_HG03803/HG03803.chr2.vcf.gz	0.629939 seconds
Concatenating /scratch/rohlfslab/abierly2/LongTR/longTR_pipeline_HG03803/HG03803.chr3.vcf.gz	0.509614 seconds
Concatenating /scratch/rohlfslab/abierly2/LongTR/longTR_pipeline_HG03803/HG03803.chr4.vcf.gz	0.477316 seconds
Concatenating /scratch/rohlfslab/abierly2/LongTR/longTR_pipeline_HG03803/HG03803.chr5.vcf.gz	0.463067 seconds
Concatenating /scratch/rohlfslab/abierly2/LongTR/longTR_pipeline_HG03803/HG03803.chr6.vcf.gz	0.435880 seconds
Concatenating /scratch/rohlfslab/abierly2/LongTR/longTR_pipeline_HG03803/HG03803.chr7.vcf.gz	0.425349 seconds
Concatenating /scratch/rohlfslab/abierly2/LongTR/longTR_pipeline_HG03803/HG03803.chr8.vcf.gz	0.364588 seconds
Concatenating /scratch/rohlfslab/abierly2/LongTR/longTR_pipeline_HG03803/HG03803.chr9.vcf.gz	0.302933 seconds
Concatenating /scratch/rohlfslab/abierly2/LongTR/longTR_pipeline_HG03803/HG03803.chrM.vcf.gz	0.000293 seconds
Concatenating /scratch/rohlfslab/abierly2/LongTR/longTR_pipeline_HG03803/HG03803.chrX.vcf.gz	0.027285 seconds
Concatenating /scratch/rohlfslab/abierly2/LongTR/longTR_pipeline_HG03803/HG03803.chrY.vcf.gz	0.000378 seconds
