Checking the headers and starting positions of 25 files
Concatenating /scratch/rohlfslab/abierly2/LongTR/longTR_pipeline_HG00844/HG00844.chr10.vcf.gz	1.212964 seconds
Concatenating /scratch/rohlfslab/abierly2/LongTR/longTR_pipeline_HG00844/HG00844.chr11.vcf.gz	1.157949 seconds
Concatenating /scratch/rohlfslab/abierly2/LongTR/longTR_pipeline_HG00844/HG00844.chr12.vcf.gz	1.221389 seconds
Concatenating /scratch/rohlfslab/abierly2/LongTR/longTR_pipeline_HG00844/HG00844.chr13.vcf.gz	0.847365 seconds
Concatenating /scratch/rohlfslab/abierly2/LongTR/longTR_pipeline_HG00844/HG00844.chr14.vcf.gz	0.799292 seconds
Concatenating /scratch/rohlfslab/abierly2/LongTR/longTR_pipeline_HG00844/HG00844.chr15.vcf.gz	0.746491 seconds
Concatenating /scratch/rohlfslab/abierly2/LongTR/longTR_pipeline_HG00844/HG00844.chr16.vcf.gz	0.784131 seconds
Concatenating /scratch/rohlfslab/abierly2/LongTR/longTR_pipeline_HG00844/HG00844.chr17.vcf.gz	0.812817 seconds
Concatenating /scratch/rohlfslab/abierly2/LongTR/longTR_pipeline_HG00844/HG00844.chr18.vcf.gz	0.612013 seconds
Concatenating /scratch/rohlfslab/abierly2/LongTR/longTR_pipeline_HG00844/HG00844.chr19.vcf.gz	0.664757 seconds
Concatenating /scratch/rohlfslab/abierly2/LongTR/longTR_pipeline_HG00844/HG00844.chr1.vcf.gz	2.159953 seconds
Concatenating /scratch/rohlfslab/abierly2/LongTR/longTR_pipeline_HG00844/HG00844.chr20.vcf.gz	0.506213 seconds
Concatenating /scratch/rohlfslab/abierly2/LongTR/longTR_pipeline_HG00844/HG00844.chr21.vcf.gz	0.292897 seconds
Concatenating /scratch/rohlfslab/abierly2/LongTR/longTR_pipeline_HG00844/HG00844.chr22.vcf.gz	0.354171 seconds
Concatenating /scratch/rohlfslab/abierly2/LongTR/longTR_pipeline_HG00844/HG00844.chr2.vcf.gz	2.164624 seconds
Concatenating /scratch/rohlfslab/abierly2/LongTR/longTR_pipeline_HG00844/HG00844.chr3.vcf.gz	1.745665 seconds
Concatenating /scratch/rohlfslab/abierly2/LongTR/longTR_pipeline_HG00844/HG00844.chr4.vcf.gz	1.671763 seconds
Concatenating /scratch/rohlfslab/abierly2/LongTR/longTR_pipeline_HG00844/HG00844.chr5.vcf.gz	1.567317 seconds
Concatenating /scratch/rohlfslab/abierly2/LongTR/longTR_pipeline_HG00844/HG00844.chr6.vcf.gz	1.511016 seconds
Concatenating /scratch/rohlfslab/abierly2/LongTR/longTR_pipeline_HG00844/HG00844.chr7.vcf.gz	1.451756 seconds
Concatenating /scratch/rohlfslab/abierly2/LongTR/longTR_pipeline_HG00844/HG00844.chr8.vcf.gz	1.256932 seconds
Concatenating /scratch/rohlfslab/abierly2/LongTR/longTR_pipeline_HG00844/HG00844.chr9.vcf.gz	1.064201 seconds
Concatenating /scratch/rohlfslab/abierly2/LongTR/longTR_pipeline_HG00844/HG00844.chrM.vcf.gz	0.000352 seconds
Concatenating /scratch/rohlfslab/abierly2/LongTR/longTR_pipeline_HG00844/HG00844.chrX.vcf.gz	0.730292 seconds
Concatenating /scratch/rohlfslab/abierly2/LongTR/longTR_pipeline_HG00844/HG00844.chrY.vcf.gz	0.037916 seconds
