Checking the headers and starting positions of 25 files
Concatenating /scratch/rohlfslab/abierly2/LongTR/longTR_pipeline_HG03895/HG03895.chr10.vcf.gz	0.413272 seconds
Concatenating /scratch/rohlfslab/abierly2/LongTR/longTR_pipeline_HG03895/HG03895.chr11.vcf.gz	0.392804 seconds
Concatenating /scratch/rohlfslab/abierly2/LongTR/longTR_pipeline_HG03895/HG03895.chr12.vcf.gz	0.440922 seconds
Concatenating /scratch/rohlfslab/abierly2/LongTR/longTR_pipeline_HG03895/HG03895.chr13.vcf.gz	0.264382 seconds
Concatenating /scratch/rohlfslab/abierly2/LongTR/longTR_pipeline_HG03895/HG03895.chr14.vcf.gz	0.285682 seconds
Concatenating /scratch/rohlfslab/abierly2/LongTR/longTR_pipeline_HG03895/HG03895.chr15.vcf.gz	0.266598 seconds
Concatenating /scratch/rohlfslab/abierly2/LongTR/longTR_pipeline_HG03895/HG03895.chr16.vcf.gz	0.290611 seconds
Concatenating /scratch/rohlfslab/abierly2/LongTR/longTR_pipeline_HG03895/HG03895.chr17.vcf.gz	0.309471 seconds
Concatenating /scratch/rohlfslab/abierly2/LongTR/longTR_pipeline_HG03895/HG03895.chr18.vcf.gz	0.196127 seconds
Concatenating /scratch/rohlfslab/abierly2/LongTR/longTR_pipeline_HG03895/HG03895.chr19.vcf.gz	0.258049 seconds
Concatenating /scratch/rohlfslab/abierly2/LongTR/longTR_pipeline_HG03895/HG03895.chr1.vcf.gz	0.768667 seconds
Concatenating /scratch/rohlfslab/abierly2/LongTR/longTR_pipeline_HG03895/HG03895.chr20.vcf.gz	0.178674 seconds
Concatenating /scratch/rohlfslab/abierly2/LongTR/longTR_pipeline_HG03895/HG03895.chr21.vcf.gz	0.095233 seconds
Concatenating /scratch/rohlfslab/abierly2/LongTR/longTR_pipeline_HG03895/HG03895.chr22.vcf.gz	0.132732 seconds
Concatenating /scratch/rohlfslab/abierly2/LongTR/longTR_pipeline_HG03895/HG03895.chr2.vcf.gz	0.733273 seconds
Concatenating /scratch/rohlfslab/abierly2/LongTR/longTR_pipeline_HG03895/HG03895.chr3.vcf.gz	0.605505 seconds
Concatenating /scratch/rohlfslab/abierly2/LongTR/longTR_pipeline_HG03895/HG03895.chr4.vcf.gz	0.516819 seconds
Concatenating /scratch/rohlfslab/abierly2/LongTR/longTR_pipeline_HG03895/HG03895.chr5.vcf.gz	0.515148 seconds
Concatenating /scratch/rohlfslab/abierly2/LongTR/longTR_pipeline_HG03895/HG03895.chr6.vcf.gz	0.507735 seconds
Concatenating /scratch/rohlfslab/abierly2/LongTR/longTR_pipeline_HG03895/HG03895.chr7.vcf.gz	0.481974 seconds
Concatenating /scratch/rohlfslab/abierly2/LongTR/longTR_pipeline_HG03895/HG03895.chr8.vcf.gz	0.429385 seconds
Concatenating /scratch/rohlfslab/abierly2/LongTR/longTR_pipeline_HG03895/HG03895.chr9.vcf.gz	0.371761 seconds
Concatenating /scratch/rohlfslab/abierly2/LongTR/longTR_pipeline_HG03895/HG03895.chrM.vcf.gz	0.000385 seconds
Concatenating /scratch/rohlfslab/abierly2/LongTR/longTR_pipeline_HG03895/HG03895.chrX.vcf.gz	0.388710 seconds
Concatenating /scratch/rohlfslab/abierly2/LongTR/longTR_pipeline_HG03895/HG03895.chrY.vcf.gz	0.000349 seconds
