Checking the headers and starting positions of 25 files
Concatenating /scratch/rohlfslab/abierly2/LongTR/longTR_pipeline_HG03838/HG03838.chr10.vcf.gz	0.752679 seconds
Concatenating /scratch/rohlfslab/abierly2/LongTR/longTR_pipeline_HG03838/HG03838.chr11.vcf.gz	0.742393 seconds
Concatenating /scratch/rohlfslab/abierly2/LongTR/longTR_pipeline_HG03838/HG03838.chr12.vcf.gz	0.771143 seconds
Concatenating /scratch/rohlfslab/abierly2/LongTR/longTR_pipeline_HG03838/HG03838.chr13.vcf.gz	0.483078 seconds
Concatenating /scratch/rohlfslab/abierly2/LongTR/longTR_pipeline_HG03838/HG03838.chr14.vcf.gz	0.493406 seconds
Concatenating /scratch/rohlfslab/abierly2/LongTR/longTR_pipeline_HG03838/HG03838.chr15.vcf.gz	0.476138 seconds
Concatenating /scratch/rohlfslab/abierly2/LongTR/longTR_pipeline_HG03838/HG03838.chr16.vcf.gz	0.527423 seconds
Concatenating /scratch/rohlfslab/abierly2/LongTR/longTR_pipeline_HG03838/HG03838.chr17.vcf.gz	0.553748 seconds
Concatenating /scratch/rohlfslab/abierly2/LongTR/longTR_pipeline_HG03838/HG03838.chr18.vcf.gz	0.360054 seconds
Concatenating /scratch/rohlfslab/abierly2/LongTR/longTR_pipeline_HG03838/HG03838.chr19.vcf.gz	0.493028 seconds
Concatenating /scratch/rohlfslab/abierly2/LongTR/longTR_pipeline_HG03838/HG03838.chr1.vcf.gz	1.367690 seconds
Concatenating /scratch/rohlfslab/abierly2/LongTR/longTR_pipeline_HG03838/HG03838.chr20.vcf.gz	0.329540 seconds
Concatenating /scratch/rohlfslab/abierly2/LongTR/longTR_pipeline_HG03838/HG03838.chr21.vcf.gz	0.186273 seconds
Concatenating /scratch/rohlfslab/abierly2/LongTR/longTR_pipeline_HG03838/HG03838.chr22.vcf.gz	0.253787 seconds
Concatenating /scratch/rohlfslab/abierly2/LongTR/longTR_pipeline_HG03838/HG03838.chr2.vcf.gz	1.311327 seconds
Concatenating /scratch/rohlfslab/abierly2/LongTR/longTR_pipeline_HG03838/HG03838.chr3.vcf.gz	1.031840 seconds
Concatenating /scratch/rohlfslab/abierly2/LongTR/longTR_pipeline_HG03838/HG03838.chr4.vcf.gz	0.944475 seconds
Concatenating /scratch/rohlfslab/abierly2/LongTR/longTR_pipeline_HG03838/HG03838.chr5.vcf.gz	0.941657 seconds
Concatenating /scratch/rohlfslab/abierly2/LongTR/longTR_pipeline_HG03838/HG03838.chr6.vcf.gz	0.901625 seconds
Concatenating /scratch/rohlfslab/abierly2/LongTR/longTR_pipeline_HG03838/HG03838.chr7.vcf.gz	0.897466 seconds
Concatenating /scratch/rohlfslab/abierly2/LongTR/longTR_pipeline_HG03838/HG03838.chr8.vcf.gz	0.767542 seconds
Concatenating /scratch/rohlfslab/abierly2/LongTR/longTR_pipeline_HG03838/HG03838.chr9.vcf.gz	0.661739 seconds
Concatenating /scratch/rohlfslab/abierly2/LongTR/longTR_pipeline_HG03838/HG03838.chrM.vcf.gz	0.000309 seconds
Concatenating /scratch/rohlfslab/abierly2/LongTR/longTR_pipeline_HG03838/HG03838.chrX.vcf.gz	0.777847 seconds
Concatenating /scratch/rohlfslab/abierly2/LongTR/longTR_pipeline_HG03838/HG03838.chrY.vcf.gz	0.000300 seconds
