Checking the headers and starting positions of 25 files
Concatenating /scratch/rohlfslab/abierly2/LongTR/longTR_pipeline_HG01167/HG01167.chr10.vcf.gz	1.124345 seconds
Concatenating /scratch/rohlfslab/abierly2/LongTR/longTR_pipeline_HG01167/HG01167.chr11.vcf.gz	1.076432 seconds
Concatenating /scratch/rohlfslab/abierly2/LongTR/longTR_pipeline_HG01167/HG01167.chr12.vcf.gz	1.141461 seconds
Concatenating /scratch/rohlfslab/abierly2/LongTR/longTR_pipeline_HG01167/HG01167.chr13.vcf.gz	0.786605 seconds
Concatenating /scratch/rohlfslab/abierly2/LongTR/longTR_pipeline_HG01167/HG01167.chr14.vcf.gz	0.744739 seconds
Concatenating /scratch/rohlfslab/abierly2/LongTR/longTR_pipeline_HG01167/HG01167.chr15.vcf.gz	0.695870 seconds
Concatenating /scratch/rohlfslab/abierly2/LongTR/longTR_pipeline_HG01167/HG01167.chr16.vcf.gz	0.717464 seconds
Concatenating /scratch/rohlfslab/abierly2/LongTR/longTR_pipeline_HG01167/HG01167.chr17.vcf.gz	0.743046 seconds
Concatenating /scratch/rohlfslab/abierly2/LongTR/longTR_pipeline_HG01167/HG01167.chr18.vcf.gz	0.566922 seconds
Concatenating /scratch/rohlfslab/abierly2/LongTR/longTR_pipeline_HG01167/HG01167.chr19.vcf.gz	0.608770 seconds
Concatenating /scratch/rohlfslab/abierly2/LongTR/longTR_pipeline_HG01167/HG01167.chr1.vcf.gz	1.999008 seconds
Concatenating /scratch/rohlfslab/abierly2/LongTR/longTR_pipeline_HG01167/HG01167.chr20.vcf.gz	0.467963 seconds
Concatenating /scratch/rohlfslab/abierly2/LongTR/longTR_pipeline_HG01167/HG01167.chr21.vcf.gz	0.270586 seconds
Concatenating /scratch/rohlfslab/abierly2/LongTR/longTR_pipeline_HG01167/HG01167.chr22.vcf.gz	0.325124 seconds
Concatenating /scratch/rohlfslab/abierly2/LongTR/longTR_pipeline_HG01167/HG01167.chr2.vcf.gz	2.011473 seconds
Concatenating /scratch/rohlfslab/abierly2/LongTR/longTR_pipeline_HG01167/HG01167.chr3.vcf.gz	1.609827 seconds
Concatenating /scratch/rohlfslab/abierly2/LongTR/longTR_pipeline_HG01167/HG01167.chr4.vcf.gz	1.538261 seconds
Concatenating /scratch/rohlfslab/abierly2/LongTR/longTR_pipeline_HG01167/HG01167.chr5.vcf.gz	1.456884 seconds
Concatenating /scratch/rohlfslab/abierly2/LongTR/longTR_pipeline_HG01167/HG01167.chr6.vcf.gz	1.399561 seconds
Concatenating /scratch/rohlfslab/abierly2/LongTR/longTR_pipeline_HG01167/HG01167.chr7.vcf.gz	1.323388 seconds
Concatenating /scratch/rohlfslab/abierly2/LongTR/longTR_pipeline_HG01167/HG01167.chr8.vcf.gz	1.164471 seconds
Concatenating /scratch/rohlfslab/abierly2/LongTR/longTR_pipeline_HG01167/HG01167.chr9.vcf.gz	0.983672 seconds
Concatenating /scratch/rohlfslab/abierly2/LongTR/longTR_pipeline_HG01167/HG01167.chrM.vcf.gz	0.000302 seconds
Concatenating /scratch/rohlfslab/abierly2/LongTR/longTR_pipeline_HG01167/HG01167.chrX.vcf.gz	0.322251 seconds
Concatenating /scratch/rohlfslab/abierly2/LongTR/longTR_pipeline_HG01167/HG01167.chrY.vcf.gz	0.014258 seconds
