Checking the headers and starting positions of 25 files
Concatenating /scratch/rohlfslab/abierly2/LongTR/longTR_pipeline_HG03802/HG03802.chr10.vcf.gz	1.261017 seconds
Concatenating /scratch/rohlfslab/abierly2/LongTR/longTR_pipeline_HG03802/HG03802.chr11.vcf.gz	1.206064 seconds
Concatenating /scratch/rohlfslab/abierly2/LongTR/longTR_pipeline_HG03802/HG03802.chr12.vcf.gz	1.263660 seconds
Concatenating /scratch/rohlfslab/abierly2/LongTR/longTR_pipeline_HG03802/HG03802.chr13.vcf.gz	0.876112 seconds
Concatenating /scratch/rohlfslab/abierly2/LongTR/longTR_pipeline_HG03802/HG03802.chr14.vcf.gz	0.837365 seconds
Concatenating /scratch/rohlfslab/abierly2/LongTR/longTR_pipeline_HG03802/HG03802.chr15.vcf.gz	0.779601 seconds
Concatenating /scratch/rohlfslab/abierly2/LongTR/longTR_pipeline_HG03802/HG03802.chr16.vcf.gz	0.820640 seconds
Concatenating /scratch/rohlfslab/abierly2/LongTR/longTR_pipeline_HG03802/HG03802.chr17.vcf.gz	0.850480 seconds
Concatenating /scratch/rohlfslab/abierly2/LongTR/longTR_pipeline_HG03802/HG03802.chr18.vcf.gz	0.630946 seconds
Concatenating /scratch/rohlfslab/abierly2/LongTR/longTR_pipeline_HG03802/HG03802.chr19.vcf.gz	0.708507 seconds
Concatenating /scratch/rohlfslab/abierly2/LongTR/longTR_pipeline_HG03802/HG03802.chr1.vcf.gz	2.238020 seconds
Concatenating /scratch/rohlfslab/abierly2/LongTR/longTR_pipeline_HG03802/HG03802.chr20.vcf.gz	0.525468 seconds
Concatenating /scratch/rohlfslab/abierly2/LongTR/longTR_pipeline_HG03802/HG03802.chr21.vcf.gz	0.305477 seconds
Concatenating /scratch/rohlfslab/abierly2/LongTR/longTR_pipeline_HG03802/HG03802.chr22.vcf.gz	0.375718 seconds
Concatenating /scratch/rohlfslab/abierly2/LongTR/longTR_pipeline_HG03802/HG03802.chr2.vcf.gz	2.241174 seconds
Concatenating /scratch/rohlfslab/abierly2/LongTR/longTR_pipeline_HG03802/HG03802.chr3.vcf.gz	1.784502 seconds
Concatenating /scratch/rohlfslab/abierly2/LongTR/longTR_pipeline_HG03802/HG03802.chr4.vcf.gz	1.704128 seconds
Concatenating /scratch/rohlfslab/abierly2/LongTR/longTR_pipeline_HG03802/HG03802.chr5.vcf.gz	1.622866 seconds
Concatenating /scratch/rohlfslab/abierly2/LongTR/longTR_pipeline_HG03802/HG03802.chr6.vcf.gz	1.558309 seconds
Concatenating /scratch/rohlfslab/abierly2/LongTR/longTR_pipeline_HG03802/HG03802.chr7.vcf.gz	1.506163 seconds
Concatenating /scratch/rohlfslab/abierly2/LongTR/longTR_pipeline_HG03802/HG03802.chr8.vcf.gz	1.297750 seconds
Concatenating /scratch/rohlfslab/abierly2/LongTR/longTR_pipeline_HG03802/HG03802.chr9.vcf.gz	1.109750 seconds
Concatenating /scratch/rohlfslab/abierly2/LongTR/longTR_pipeline_HG03802/HG03802.chrM.vcf.gz	0.000367 seconds
Concatenating /scratch/rohlfslab/abierly2/LongTR/longTR_pipeline_HG03802/HG03802.chrX.vcf.gz	1.354051 seconds
Concatenating /scratch/rohlfslab/abierly2/LongTR/longTR_pipeline_HG03802/HG03802.chrY.vcf.gz	0.000346 seconds
