Checking the headers and starting positions of 25 files
Concatenating /scratch/rohlfslab/abierly2/LongTR/longTR_pipeline_HG03963/HG03963.chr10.vcf.gz	0.452182 seconds
Concatenating /scratch/rohlfslab/abierly2/LongTR/longTR_pipeline_HG03963/HG03963.chr11.vcf.gz	0.440051 seconds
Concatenating /scratch/rohlfslab/abierly2/LongTR/longTR_pipeline_HG03963/HG03963.chr12.vcf.gz	0.481209 seconds
Concatenating /scratch/rohlfslab/abierly2/LongTR/longTR_pipeline_HG03963/HG03963.chr13.vcf.gz	0.290376 seconds
Concatenating /scratch/rohlfslab/abierly2/LongTR/longTR_pipeline_HG03963/HG03963.chr14.vcf.gz	0.307678 seconds
Concatenating /scratch/rohlfslab/abierly2/LongTR/longTR_pipeline_HG03963/HG03963.chr15.vcf.gz	0.296184 seconds
Concatenating /scratch/rohlfslab/abierly2/LongTR/longTR_pipeline_HG03963/HG03963.chr16.vcf.gz	0.294392 seconds
Concatenating /scratch/rohlfslab/abierly2/LongTR/longTR_pipeline_HG03963/HG03963.chr17.vcf.gz	0.328204 seconds
Concatenating /scratch/rohlfslab/abierly2/LongTR/longTR_pipeline_HG03963/HG03963.chr18.vcf.gz	0.211898 seconds
Concatenating /scratch/rohlfslab/abierly2/LongTR/longTR_pipeline_HG03963/HG03963.chr19.vcf.gz	0.264373 seconds
Concatenating /scratch/rohlfslab/abierly2/LongTR/longTR_pipeline_HG03963/HG03963.chr1.vcf.gz	0.850882 seconds
Concatenating /scratch/rohlfslab/abierly2/LongTR/longTR_pipeline_HG03963/HG03963.chr20.vcf.gz	0.202523 seconds
Concatenating /scratch/rohlfslab/abierly2/LongTR/longTR_pipeline_HG03963/HG03963.chr21.vcf.gz	0.110420 seconds
Concatenating /scratch/rohlfslab/abierly2/LongTR/longTR_pipeline_HG03963/HG03963.chr22.vcf.gz	0.141475 seconds
Concatenating /scratch/rohlfslab/abierly2/LongTR/longTR_pipeline_HG03963/HG03963.chr2.vcf.gz	0.803407 seconds
Concatenating /scratch/rohlfslab/abierly2/LongTR/longTR_pipeline_HG03963/HG03963.chr3.vcf.gz	0.667558 seconds
Concatenating /scratch/rohlfslab/abierly2/LongTR/longTR_pipeline_HG03963/HG03963.chr4.vcf.gz	0.572321 seconds
Concatenating /scratch/rohlfslab/abierly2/LongTR/longTR_pipeline_HG03963/HG03963.chr5.vcf.gz	0.582123 seconds
Concatenating /scratch/rohlfslab/abierly2/LongTR/longTR_pipeline_HG03963/HG03963.chr6.vcf.gz	0.572578 seconds
Concatenating /scratch/rohlfslab/abierly2/LongTR/longTR_pipeline_HG03963/HG03963.chr7.vcf.gz	0.536843 seconds
Concatenating /scratch/rohlfslab/abierly2/LongTR/longTR_pipeline_HG03963/HG03963.chr8.vcf.gz	0.470778 seconds
Concatenating /scratch/rohlfslab/abierly2/LongTR/longTR_pipeline_HG03963/HG03963.chr9.vcf.gz	0.402413 seconds
Concatenating /scratch/rohlfslab/abierly2/LongTR/longTR_pipeline_HG03963/HG03963.chrM.vcf.gz	0.000324 seconds
Concatenating /scratch/rohlfslab/abierly2/LongTR/longTR_pipeline_HG03963/HG03963.chrX.vcf.gz	0.036867 seconds
Concatenating /scratch/rohlfslab/abierly2/LongTR/longTR_pipeline_HG03963/HG03963.chrY.vcf.gz	0.002005 seconds
