Checking the headers and starting positions of 25 files
Concatenating /scratch/rohlfslab/abierly2/LongTR/longTR_pipeline_NA18983/NA18983.chr10.vcf.gz	1.229698 seconds
Concatenating /scratch/rohlfslab/abierly2/LongTR/longTR_pipeline_NA18983/NA18983.chr11.vcf.gz	1.160219 seconds
Concatenating /scratch/rohlfslab/abierly2/LongTR/longTR_pipeline_NA18983/NA18983.chr12.vcf.gz	1.244957 seconds
Concatenating /scratch/rohlfslab/abierly2/LongTR/longTR_pipeline_NA18983/NA18983.chr13.vcf.gz	0.858759 seconds
Concatenating /scratch/rohlfslab/abierly2/LongTR/longTR_pipeline_NA18983/NA18983.chr14.vcf.gz	0.809657 seconds
Concatenating /scratch/rohlfslab/abierly2/LongTR/longTR_pipeline_NA18983/NA18983.chr15.vcf.gz	0.761006 seconds
Concatenating /scratch/rohlfslab/abierly2/LongTR/longTR_pipeline_NA18983/NA18983.chr16.vcf.gz	0.802860 seconds
Concatenating /scratch/rohlfslab/abierly2/LongTR/longTR_pipeline_NA18983/NA18983.chr17.vcf.gz	0.845963 seconds
Concatenating /scratch/rohlfslab/abierly2/LongTR/longTR_pipeline_NA18983/NA18983.chr18.vcf.gz	0.608838 seconds
Concatenating /scratch/rohlfslab/abierly2/LongTR/longTR_pipeline_NA18983/NA18983.chr19.vcf.gz	0.692243 seconds
Concatenating /scratch/rohlfslab/abierly2/LongTR/longTR_pipeline_NA18983/NA18983.chr1.vcf.gz	2.168416 seconds
Concatenating /scratch/rohlfslab/abierly2/LongTR/longTR_pipeline_NA18983/NA18983.chr20.vcf.gz	0.512980 seconds
Concatenating /scratch/rohlfslab/abierly2/LongTR/longTR_pipeline_NA18983/NA18983.chr21.vcf.gz	0.294498 seconds
Concatenating /scratch/rohlfslab/abierly2/LongTR/longTR_pipeline_NA18983/NA18983.chr22.vcf.gz	0.361676 seconds
Concatenating /scratch/rohlfslab/abierly2/LongTR/longTR_pipeline_NA18983/NA18983.chr2.vcf.gz	2.145711 seconds
Concatenating /scratch/rohlfslab/abierly2/LongTR/longTR_pipeline_NA18983/NA18983.chr3.vcf.gz	1.715611 seconds
Concatenating /scratch/rohlfslab/abierly2/LongTR/longTR_pipeline_NA18983/NA18983.chr4.vcf.gz	1.644079 seconds
Concatenating /scratch/rohlfslab/abierly2/LongTR/longTR_pipeline_NA18983/NA18983.chr5.vcf.gz	1.562706 seconds
Concatenating /scratch/rohlfslab/abierly2/LongTR/longTR_pipeline_NA18983/NA18983.chr6.vcf.gz	1.515749 seconds
Concatenating /scratch/rohlfslab/abierly2/LongTR/longTR_pipeline_NA18983/NA18983.chr7.vcf.gz	1.469943 seconds
Concatenating /scratch/rohlfslab/abierly2/LongTR/longTR_pipeline_NA18983/NA18983.chr8.vcf.gz	1.261769 seconds
Concatenating /scratch/rohlfslab/abierly2/LongTR/longTR_pipeline_NA18983/NA18983.chr9.vcf.gz	1.079926 seconds
Concatenating /scratch/rohlfslab/abierly2/LongTR/longTR_pipeline_NA18983/NA18983.chrM.vcf.gz	0.000314 seconds
Concatenating /scratch/rohlfslab/abierly2/LongTR/longTR_pipeline_NA18983/NA18983.chrX.vcf.gz	0.560247 seconds
Concatenating /scratch/rohlfslab/abierly2/LongTR/longTR_pipeline_NA18983/NA18983.chrY.vcf.gz	0.029990 seconds
