Checking the headers and starting positions of 25 files
Concatenating /scratch/rohlfslab/abierly2/LongTR/longTR_pipeline_HG03848/HG03848.chr10.vcf.gz	0.818037 seconds
Concatenating /scratch/rohlfslab/abierly2/LongTR/longTR_pipeline_HG03848/HG03848.chr11.vcf.gz	0.801308 seconds
Concatenating /scratch/rohlfslab/abierly2/LongTR/longTR_pipeline_HG03848/HG03848.chr12.vcf.gz	0.856183 seconds
Concatenating /scratch/rohlfslab/abierly2/LongTR/longTR_pipeline_HG03848/HG03848.chr13.vcf.gz	0.601674 seconds
Concatenating /scratch/rohlfslab/abierly2/LongTR/longTR_pipeline_HG03848/HG03848.chr14.vcf.gz	0.565934 seconds
Concatenating /scratch/rohlfslab/abierly2/LongTR/longTR_pipeline_HG03848/HG03848.chr15.vcf.gz	0.517213 seconds
Concatenating /scratch/rohlfslab/abierly2/LongTR/longTR_pipeline_HG03848/HG03848.chr16.vcf.gz	0.488111 seconds
Concatenating /scratch/rohlfslab/abierly2/LongTR/longTR_pipeline_HG03848/HG03848.chr17.vcf.gz	0.510912 seconds
Concatenating /scratch/rohlfslab/abierly2/LongTR/longTR_pipeline_HG03848/HG03848.chr18.vcf.gz	0.449656 seconds
Concatenating /scratch/rohlfslab/abierly2/LongTR/longTR_pipeline_HG03848/HG03848.chr19.vcf.gz	0.378738 seconds
Concatenating /scratch/rohlfslab/abierly2/LongTR/longTR_pipeline_HG03848/HG03848.chr1.vcf.gz	1.473294 seconds
Concatenating /scratch/rohlfslab/abierly2/LongTR/longTR_pipeline_HG03848/HG03848.chr20.vcf.gz	0.333355 seconds
Concatenating /scratch/rohlfslab/abierly2/LongTR/longTR_pipeline_HG03848/HG03848.chr21.vcf.gz	0.199589 seconds
Concatenating /scratch/rohlfslab/abierly2/LongTR/longTR_pipeline_HG03848/HG03848.chr22.vcf.gz	0.212965 seconds
Concatenating /scratch/rohlfslab/abierly2/LongTR/longTR_pipeline_HG03848/HG03848.chr2.vcf.gz	1.535462 seconds
Concatenating /scratch/rohlfslab/abierly2/LongTR/longTR_pipeline_HG03848/HG03848.chr3.vcf.gz	1.215219 seconds
Concatenating /scratch/rohlfslab/abierly2/LongTR/longTR_pipeline_HG03848/HG03848.chr4.vcf.gz	1.185262 seconds
Concatenating /scratch/rohlfslab/abierly2/LongTR/longTR_pipeline_HG03848/HG03848.chr5.vcf.gz	1.106362 seconds
Concatenating /scratch/rohlfslab/abierly2/LongTR/longTR_pipeline_HG03848/HG03848.chr6.vcf.gz	1.054608 seconds
Concatenating /scratch/rohlfslab/abierly2/LongTR/longTR_pipeline_HG03848/HG03848.chr7.vcf.gz	1.008622 seconds
Concatenating /scratch/rohlfslab/abierly2/LongTR/longTR_pipeline_HG03848/HG03848.chr8.vcf.gz	0.884405 seconds
Concatenating /scratch/rohlfslab/abierly2/LongTR/longTR_pipeline_HG03848/HG03848.chr9.vcf.gz	0.724400 seconds
Concatenating /scratch/rohlfslab/abierly2/LongTR/longTR_pipeline_HG03848/HG03848.chrM.vcf.gz	0.000409 seconds
Concatenating /scratch/rohlfslab/abierly2/LongTR/longTR_pipeline_HG03848/HG03848.chrX.vcf.gz	0.125753 seconds
Concatenating /scratch/rohlfslab/abierly2/LongTR/longTR_pipeline_HG03848/HG03848.chrY.vcf.gz	0.006624 seconds
