Checking the headers and starting positions of 25 files
Concatenating /scratch/rohlfslab/abierly2/LongTR/longTR_pipeline_HG01950/HG01950.chr10.vcf.gz	1.253487 seconds
Concatenating /scratch/rohlfslab/abierly2/LongTR/longTR_pipeline_HG01950/HG01950.chr11.vcf.gz	1.186433 seconds
Concatenating /scratch/rohlfslab/abierly2/LongTR/longTR_pipeline_HG01950/HG01950.chr12.vcf.gz	1.240569 seconds
Concatenating /scratch/rohlfslab/abierly2/LongTR/longTR_pipeline_HG01950/HG01950.chr13.vcf.gz	0.858262 seconds
Concatenating /scratch/rohlfslab/abierly2/LongTR/longTR_pipeline_HG01950/HG01950.chr14.vcf.gz	0.817914 seconds
Concatenating /scratch/rohlfslab/abierly2/LongTR/longTR_pipeline_HG01950/HG01950.chr15.vcf.gz	0.758884 seconds
Concatenating /scratch/rohlfslab/abierly2/LongTR/longTR_pipeline_HG01950/HG01950.chr16.vcf.gz	0.801812 seconds
Concatenating /scratch/rohlfslab/abierly2/LongTR/longTR_pipeline_HG01950/HG01950.chr17.vcf.gz	0.840989 seconds
Concatenating /scratch/rohlfslab/abierly2/LongTR/longTR_pipeline_HG01950/HG01950.chr18.vcf.gz	0.626430 seconds
Concatenating /scratch/rohlfslab/abierly2/LongTR/longTR_pipeline_HG01950/HG01950.chr19.vcf.gz	0.698908 seconds
Concatenating /scratch/rohlfslab/abierly2/LongTR/longTR_pipeline_HG01950/HG01950.chr1.vcf.gz	2.192670 seconds
Concatenating /scratch/rohlfslab/abierly2/LongTR/longTR_pipeline_HG01950/HG01950.chr20.vcf.gz	0.517991 seconds
Concatenating /scratch/rohlfslab/abierly2/LongTR/longTR_pipeline_HG01950/HG01950.chr21.vcf.gz	0.298538 seconds
Concatenating /scratch/rohlfslab/abierly2/LongTR/longTR_pipeline_HG01950/HG01950.chr22.vcf.gz	0.365968 seconds
Concatenating /scratch/rohlfslab/abierly2/LongTR/longTR_pipeline_HG01950/HG01950.chr2.vcf.gz	2.198146 seconds
Concatenating /scratch/rohlfslab/abierly2/LongTR/longTR_pipeline_HG01950/HG01950.chr3.vcf.gz	1.770475 seconds
Concatenating /scratch/rohlfslab/abierly2/LongTR/longTR_pipeline_HG01950/HG01950.chr4.vcf.gz	1.682513 seconds
Concatenating /scratch/rohlfslab/abierly2/LongTR/longTR_pipeline_HG01950/HG01950.chr5.vcf.gz	1.590656 seconds
Concatenating /scratch/rohlfslab/abierly2/LongTR/longTR_pipeline_HG01950/HG01950.chr6.vcf.gz	1.531600 seconds
Concatenating /scratch/rohlfslab/abierly2/LongTR/longTR_pipeline_HG01950/HG01950.chr7.vcf.gz	1.467808 seconds
Concatenating /scratch/rohlfslab/abierly2/LongTR/longTR_pipeline_HG01950/HG01950.chr8.vcf.gz	1.325600 seconds
Concatenating /scratch/rohlfslab/abierly2/LongTR/longTR_pipeline_HG01950/HG01950.chr9.vcf.gz	1.081537 seconds
Concatenating /scratch/rohlfslab/abierly2/LongTR/longTR_pipeline_HG01950/HG01950.chrM.vcf.gz	0.000339 seconds
Concatenating /scratch/rohlfslab/abierly2/LongTR/longTR_pipeline_HG01950/HG01950.chrX.vcf.gz	0.674169 seconds
Concatenating /scratch/rohlfslab/abierly2/LongTR/longTR_pipeline_HG01950/HG01950.chrY.vcf.gz	0.034155 seconds
