Checking the headers and starting positions of 25 files
Concatenating /scratch/rohlfslab/abierly2/LongTR/longTR_pipeline_NA19749/NA19749.chr10.vcf.gz	1.192743 seconds
Concatenating /scratch/rohlfslab/abierly2/LongTR/longTR_pipeline_NA19749/NA19749.chr11.vcf.gz	1.135717 seconds
Concatenating /scratch/rohlfslab/abierly2/LongTR/longTR_pipeline_NA19749/NA19749.chr12.vcf.gz	1.204218 seconds
Concatenating /scratch/rohlfslab/abierly2/LongTR/longTR_pipeline_NA19749/NA19749.chr13.vcf.gz	0.830362 seconds
Concatenating /scratch/rohlfslab/abierly2/LongTR/longTR_pipeline_NA19749/NA19749.chr14.vcf.gz	0.787911 seconds
Concatenating /scratch/rohlfslab/abierly2/LongTR/longTR_pipeline_NA19749/NA19749.chr15.vcf.gz	0.736658 seconds
Concatenating /scratch/rohlfslab/abierly2/LongTR/longTR_pipeline_NA19749/NA19749.chr16.vcf.gz	0.765519 seconds
Concatenating /scratch/rohlfslab/abierly2/LongTR/longTR_pipeline_NA19749/NA19749.chr17.vcf.gz	0.804208 seconds
Concatenating /scratch/rohlfslab/abierly2/LongTR/longTR_pipeline_NA19749/NA19749.chr18.vcf.gz	0.599374 seconds
Concatenating /scratch/rohlfslab/abierly2/LongTR/longTR_pipeline_NA19749/NA19749.chr19.vcf.gz	0.655357 seconds
Concatenating /scratch/rohlfslab/abierly2/LongTR/longTR_pipeline_NA19749/NA19749.chr1.vcf.gz	2.129586 seconds
Concatenating /scratch/rohlfslab/abierly2/LongTR/longTR_pipeline_NA19749/NA19749.chr20.vcf.gz	0.505922 seconds
Concatenating /scratch/rohlfslab/abierly2/LongTR/longTR_pipeline_NA19749/NA19749.chr21.vcf.gz	0.292301 seconds
Concatenating /scratch/rohlfslab/abierly2/LongTR/longTR_pipeline_NA19749/NA19749.chr22.vcf.gz	0.346108 seconds
Concatenating /scratch/rohlfslab/abierly2/LongTR/longTR_pipeline_NA19749/NA19749.chr2.vcf.gz	2.127705 seconds
Concatenating /scratch/rohlfslab/abierly2/LongTR/longTR_pipeline_NA19749/NA19749.chr3.vcf.gz	1.708903 seconds
Concatenating /scratch/rohlfslab/abierly2/LongTR/longTR_pipeline_NA19749/NA19749.chr4.vcf.gz	1.630735 seconds
Concatenating /scratch/rohlfslab/abierly2/LongTR/longTR_pipeline_NA19749/NA19749.chr5.vcf.gz	1.541519 seconds
Concatenating /scratch/rohlfslab/abierly2/LongTR/longTR_pipeline_NA19749/NA19749.chr6.vcf.gz	1.475896 seconds
Concatenating /scratch/rohlfslab/abierly2/LongTR/longTR_pipeline_NA19749/NA19749.chr7.vcf.gz	1.427863 seconds
Concatenating /scratch/rohlfslab/abierly2/LongTR/longTR_pipeline_NA19749/NA19749.chr8.vcf.gz	1.235981 seconds
Concatenating /scratch/rohlfslab/abierly2/LongTR/longTR_pipeline_NA19749/NA19749.chr9.vcf.gz	1.044764 seconds
Concatenating /scratch/rohlfslab/abierly2/LongTR/longTR_pipeline_NA19749/NA19749.chrM.vcf.gz	0.000354 seconds
Concatenating /scratch/rohlfslab/abierly2/LongTR/longTR_pipeline_NA19749/NA19749.chrX.vcf.gz	1.269322 seconds
Concatenating /scratch/rohlfslab/abierly2/LongTR/longTR_pipeline_NA19749/NA19749.chrY.vcf.gz	0.000357 seconds
