Checking the headers and starting positions of 25 files
Concatenating /scratch/rohlfslab/abierly2/LongTR/longTR_pipeline_HG03800/HG03800.chr10.vcf.gz	1.244156 seconds
Concatenating /scratch/rohlfslab/abierly2/LongTR/longTR_pipeline_HG03800/HG03800.chr11.vcf.gz	1.180021 seconds
Concatenating /scratch/rohlfslab/abierly2/LongTR/longTR_pipeline_HG03800/HG03800.chr12.vcf.gz	1.286629 seconds
Concatenating /scratch/rohlfslab/abierly2/LongTR/longTR_pipeline_HG03800/HG03800.chr13.vcf.gz	0.860924 seconds
Concatenating /scratch/rohlfslab/abierly2/LongTR/longTR_pipeline_HG03800/HG03800.chr14.vcf.gz	0.820329 seconds
Concatenating /scratch/rohlfslab/abierly2/LongTR/longTR_pipeline_HG03800/HG03800.chr15.vcf.gz	0.767351 seconds
Concatenating /scratch/rohlfslab/abierly2/LongTR/longTR_pipeline_HG03800/HG03800.chr16.vcf.gz	0.799938 seconds
Concatenating /scratch/rohlfslab/abierly2/LongTR/longTR_pipeline_HG03800/HG03800.chr17.vcf.gz	0.834738 seconds
Concatenating /scratch/rohlfslab/abierly2/LongTR/longTR_pipeline_HG03800/HG03800.chr18.vcf.gz	0.619312 seconds
Concatenating /scratch/rohlfslab/abierly2/LongTR/longTR_pipeline_HG03800/HG03800.chr19.vcf.gz	0.691971 seconds
Concatenating /scratch/rohlfslab/abierly2/LongTR/longTR_pipeline_HG03800/HG03800.chr1.vcf.gz	2.207411 seconds
Concatenating /scratch/rohlfslab/abierly2/LongTR/longTR_pipeline_HG03800/HG03800.chr20.vcf.gz	0.522055 seconds
Concatenating /scratch/rohlfslab/abierly2/LongTR/longTR_pipeline_HG03800/HG03800.chr21.vcf.gz	0.302483 seconds
Concatenating /scratch/rohlfslab/abierly2/LongTR/longTR_pipeline_HG03800/HG03800.chr22.vcf.gz	0.365539 seconds
Concatenating /scratch/rohlfslab/abierly2/LongTR/longTR_pipeline_HG03800/HG03800.chr2.vcf.gz	2.201350 seconds
Concatenating /scratch/rohlfslab/abierly2/LongTR/longTR_pipeline_HG03800/HG03800.chr3.vcf.gz	1.753397 seconds
Concatenating /scratch/rohlfslab/abierly2/LongTR/longTR_pipeline_HG03800/HG03800.chr4.vcf.gz	1.673955 seconds
Concatenating /scratch/rohlfslab/abierly2/LongTR/longTR_pipeline_HG03800/HG03800.chr5.vcf.gz	1.588500 seconds
Concatenating /scratch/rohlfslab/abierly2/LongTR/longTR_pipeline_HG03800/HG03800.chr6.vcf.gz	1.530750 seconds
Concatenating /scratch/rohlfslab/abierly2/LongTR/longTR_pipeline_HG03800/HG03800.chr7.vcf.gz	1.478713 seconds
Concatenating /scratch/rohlfslab/abierly2/LongTR/longTR_pipeline_HG03800/HG03800.chr8.vcf.gz	1.292240 seconds
Concatenating /scratch/rohlfslab/abierly2/LongTR/longTR_pipeline_HG03800/HG03800.chr9.vcf.gz	1.083714 seconds
Concatenating /scratch/rohlfslab/abierly2/LongTR/longTR_pipeline_HG03800/HG03800.chrM.vcf.gz	0.000307 seconds
Concatenating /scratch/rohlfslab/abierly2/LongTR/longTR_pipeline_HG03800/HG03800.chrX.vcf.gz	0.737663 seconds
Concatenating /scratch/rohlfslab/abierly2/LongTR/longTR_pipeline_HG03800/HG03800.chrY.vcf.gz	0.034209 seconds
