Checking the headers and starting positions of 25 files
Concatenating /scratch/rohlfslab/abierly2/LongTR/longTR_pipeline_HG04146/HG04146.chr10.vcf.gz	0.938162 seconds
Concatenating /scratch/rohlfslab/abierly2/LongTR/longTR_pipeline_HG04146/HG04146.chr11.vcf.gz	0.896207 seconds
Concatenating /scratch/rohlfslab/abierly2/LongTR/longTR_pipeline_HG04146/HG04146.chr12.vcf.gz	0.952908 seconds
Concatenating /scratch/rohlfslab/abierly2/LongTR/longTR_pipeline_HG04146/HG04146.chr13.vcf.gz	0.639712 seconds
Concatenating /scratch/rohlfslab/abierly2/LongTR/longTR_pipeline_HG04146/HG04146.chr14.vcf.gz	0.606999 seconds
Concatenating /scratch/rohlfslab/abierly2/LongTR/longTR_pipeline_HG04146/HG04146.chr15.vcf.gz	0.568379 seconds
Concatenating /scratch/rohlfslab/abierly2/LongTR/longTR_pipeline_HG04146/HG04146.chr16.vcf.gz	0.604765 seconds
Concatenating /scratch/rohlfslab/abierly2/LongTR/longTR_pipeline_HG04146/HG04146.chr17.vcf.gz	0.623700 seconds
Concatenating /scratch/rohlfslab/abierly2/LongTR/longTR_pipeline_HG04146/HG04146.chr18.vcf.gz	0.469863 seconds
Concatenating /scratch/rohlfslab/abierly2/LongTR/longTR_pipeline_HG04146/HG04146.chr19.vcf.gz	0.506871 seconds
Concatenating /scratch/rohlfslab/abierly2/LongTR/longTR_pipeline_HG04146/HG04146.chr1.vcf.gz	1.656716 seconds
Concatenating /scratch/rohlfslab/abierly2/LongTR/longTR_pipeline_HG04146/HG04146.chr20.vcf.gz	0.391870 seconds
Concatenating /scratch/rohlfslab/abierly2/LongTR/longTR_pipeline_HG04146/HG04146.chr21.vcf.gz	0.226749 seconds
Concatenating /scratch/rohlfslab/abierly2/LongTR/longTR_pipeline_HG04146/HG04146.chr22.vcf.gz	0.271663 seconds
Concatenating /scratch/rohlfslab/abierly2/LongTR/longTR_pipeline_HG04146/HG04146.chr2.vcf.gz	1.726988 seconds
Concatenating /scratch/rohlfslab/abierly2/LongTR/longTR_pipeline_HG04146/HG04146.chr3.vcf.gz	1.320142 seconds
Concatenating /scratch/rohlfslab/abierly2/LongTR/longTR_pipeline_HG04146/HG04146.chr4.vcf.gz	1.241559 seconds
Concatenating /scratch/rohlfslab/abierly2/LongTR/longTR_pipeline_HG04146/HG04146.chr5.vcf.gz	1.189353 seconds
Concatenating /scratch/rohlfslab/abierly2/LongTR/longTR_pipeline_HG04146/HG04146.chr6.vcf.gz	1.145577 seconds
Concatenating /scratch/rohlfslab/abierly2/LongTR/longTR_pipeline_HG04146/HG04146.chr7.vcf.gz	1.116284 seconds
Concatenating /scratch/rohlfslab/abierly2/LongTR/longTR_pipeline_HG04146/HG04146.chr8.vcf.gz	0.984387 seconds
Concatenating /scratch/rohlfslab/abierly2/LongTR/longTR_pipeline_HG04146/HG04146.chr9.vcf.gz	0.820769 seconds
Concatenating /scratch/rohlfslab/abierly2/LongTR/longTR_pipeline_HG04146/HG04146.chrM.vcf.gz	0.000358 seconds
Concatenating /scratch/rohlfslab/abierly2/LongTR/longTR_pipeline_HG04146/HG04146.chrX.vcf.gz	0.158839 seconds
Concatenating /scratch/rohlfslab/abierly2/LongTR/longTR_pipeline_HG04146/HG04146.chrY.vcf.gz	0.006161 seconds
