Checking the headers and starting positions of 25 files
Concatenating /scratch/rohlfslab/abierly2/LongTR/longTR_pipeline_NA19669/NA19669.chr10.vcf.gz	0.016405 seconds
Concatenating /scratch/rohlfslab/abierly2/LongTR/longTR_pipeline_NA19669/NA19669.chr11.vcf.gz	0.014800 seconds
Concatenating /scratch/rohlfslab/abierly2/LongTR/longTR_pipeline_NA19669/NA19669.chr12.vcf.gz	0.018072 seconds
Concatenating /scratch/rohlfslab/abierly2/LongTR/longTR_pipeline_NA19669/NA19669.chr13.vcf.gz	0.011037 seconds
Concatenating /scratch/rohlfslab/abierly2/LongTR/longTR_pipeline_NA19669/NA19669.chr14.vcf.gz	0.011253 seconds
Concatenating /scratch/rohlfslab/abierly2/LongTR/longTR_pipeline_NA19669/NA19669.chr15.vcf.gz	0.012385 seconds
Concatenating /scratch/rohlfslab/abierly2/LongTR/longTR_pipeline_NA19669/NA19669.chr16.vcf.gz	0.009188 seconds
Concatenating /scratch/rohlfslab/abierly2/LongTR/longTR_pipeline_NA19669/NA19669.chr17.vcf.gz	0.012466 seconds
Concatenating /scratch/rohlfslab/abierly2/LongTR/longTR_pipeline_NA19669/NA19669.chr18.vcf.gz	0.007535 seconds
Concatenating /scratch/rohlfslab/abierly2/LongTR/longTR_pipeline_NA19669/NA19669.chr19.vcf.gz	0.009288 seconds
Concatenating /scratch/rohlfslab/abierly2/LongTR/longTR_pipeline_NA19669/NA19669.chr1.vcf.gz	0.032215 seconds
Concatenating /scratch/rohlfslab/abierly2/LongTR/longTR_pipeline_NA19669/NA19669.chr20.vcf.gz	0.005640 seconds
Concatenating /scratch/rohlfslab/abierly2/LongTR/longTR_pipeline_NA19669/NA19669.chr21.vcf.gz	0.005642 seconds
Concatenating /scratch/rohlfslab/abierly2/LongTR/longTR_pipeline_NA19669/NA19669.chr22.vcf.gz	0.005782 seconds
Concatenating /scratch/rohlfslab/abierly2/LongTR/longTR_pipeline_NA19669/NA19669.chr2.vcf.gz	0.026880 seconds
Concatenating /scratch/rohlfslab/abierly2/LongTR/longTR_pipeline_NA19669/NA19669.chr3.vcf.gz	0.025120 seconds
Concatenating /scratch/rohlfslab/abierly2/LongTR/longTR_pipeline_NA19669/NA19669.chr4.vcf.gz	0.020067 seconds
Concatenating /scratch/rohlfslab/abierly2/LongTR/longTR_pipeline_NA19669/NA19669.chr5.vcf.gz	0.020053 seconds
Concatenating /scratch/rohlfslab/abierly2/LongTR/longTR_pipeline_NA19669/NA19669.chr6.vcf.gz	0.023461 seconds
Concatenating /scratch/rohlfslab/abierly2/LongTR/longTR_pipeline_NA19669/NA19669.chr7.vcf.gz	0.020019 seconds
Concatenating /scratch/rohlfslab/abierly2/LongTR/longTR_pipeline_NA19669/NA19669.chr8.vcf.gz	0.016503 seconds
Concatenating /scratch/rohlfslab/abierly2/LongTR/longTR_pipeline_NA19669/NA19669.chr9.vcf.gz	0.012740 seconds
Concatenating /scratch/rohlfslab/abierly2/LongTR/longTR_pipeline_NA19669/NA19669.chrM.vcf.gz	0.000265 seconds
Concatenating /scratch/rohlfslab/abierly2/LongTR/longTR_pipeline_NA19669/NA19669.chrX.vcf.gz	0.012979 seconds
Concatenating /scratch/rohlfslab/abierly2/LongTR/longTR_pipeline_NA19669/NA19669.chrY.vcf.gz	0.000251 seconds
