Checking the headers and starting positions of 25 files
Concatenating /scratch/rohlfslab/abierly2/LongTR/longTR_pipeline_NA19728/NA19728.chr10.vcf.gz	1.217985 seconds
Concatenating /scratch/rohlfslab/abierly2/LongTR/longTR_pipeline_NA19728/NA19728.chr11.vcf.gz	1.172780 seconds
Concatenating /scratch/rohlfslab/abierly2/LongTR/longTR_pipeline_NA19728/NA19728.chr12.vcf.gz	1.232493 seconds
Concatenating /scratch/rohlfslab/abierly2/LongTR/longTR_pipeline_NA19728/NA19728.chr13.vcf.gz	0.846216 seconds
Concatenating /scratch/rohlfslab/abierly2/LongTR/longTR_pipeline_NA19728/NA19728.chr14.vcf.gz	0.808694 seconds
Concatenating /scratch/rohlfslab/abierly2/LongTR/longTR_pipeline_NA19728/NA19728.chr15.vcf.gz	0.753330 seconds
Concatenating /scratch/rohlfslab/abierly2/LongTR/longTR_pipeline_NA19728/NA19728.chr16.vcf.gz	0.783988 seconds
Concatenating /scratch/rohlfslab/abierly2/LongTR/longTR_pipeline_NA19728/NA19728.chr17.vcf.gz	0.821763 seconds
Concatenating /scratch/rohlfslab/abierly2/LongTR/longTR_pipeline_NA19728/NA19728.chr18.vcf.gz	0.611012 seconds
Concatenating /scratch/rohlfslab/abierly2/LongTR/longTR_pipeline_NA19728/NA19728.chr19.vcf.gz	0.680906 seconds
Concatenating /scratch/rohlfslab/abierly2/LongTR/longTR_pipeline_NA19728/NA19728.chr1.vcf.gz	2.175771 seconds
Concatenating /scratch/rohlfslab/abierly2/LongTR/longTR_pipeline_NA19728/NA19728.chr20.vcf.gz	0.524009 seconds
Concatenating /scratch/rohlfslab/abierly2/LongTR/longTR_pipeline_NA19728/NA19728.chr21.vcf.gz	0.297219 seconds
Concatenating /scratch/rohlfslab/abierly2/LongTR/longTR_pipeline_NA19728/NA19728.chr22.vcf.gz	0.360223 seconds
Concatenating /scratch/rohlfslab/abierly2/LongTR/longTR_pipeline_NA19728/NA19728.chr2.vcf.gz	2.180260 seconds
Concatenating /scratch/rohlfslab/abierly2/LongTR/longTR_pipeline_NA19728/NA19728.chr3.vcf.gz	1.753085 seconds
Concatenating /scratch/rohlfslab/abierly2/LongTR/longTR_pipeline_NA19728/NA19728.chr4.vcf.gz	1.648956 seconds
Concatenating /scratch/rohlfslab/abierly2/LongTR/longTR_pipeline_NA19728/NA19728.chr5.vcf.gz	1.564145 seconds
Concatenating /scratch/rohlfslab/abierly2/LongTR/longTR_pipeline_NA19728/NA19728.chr6.vcf.gz	1.501723 seconds
Concatenating /scratch/rohlfslab/abierly2/LongTR/longTR_pipeline_NA19728/NA19728.chr7.vcf.gz	1.451167 seconds
Concatenating /scratch/rohlfslab/abierly2/LongTR/longTR_pipeline_NA19728/NA19728.chr8.vcf.gz	1.259042 seconds
Concatenating /scratch/rohlfslab/abierly2/LongTR/longTR_pipeline_NA19728/NA19728.chr9.vcf.gz	1.070283 seconds
Concatenating /scratch/rohlfslab/abierly2/LongTR/longTR_pipeline_NA19728/NA19728.chrM.vcf.gz	0.000335 seconds
Concatenating /scratch/rohlfslab/abierly2/LongTR/longTR_pipeline_NA19728/NA19728.chrX.vcf.gz	1.298178 seconds
Concatenating /scratch/rohlfslab/abierly2/LongTR/longTR_pipeline_NA19728/NA19728.chrY.vcf.gz	0.000336 seconds
