Checking the headers and starting positions of 25 files
Concatenating /scratch/rohlfslab/abierly2/LongTR/longTR_pipeline_HG02250/HG02250.chr10.vcf.gz	1.239840 seconds
Concatenating /scratch/rohlfslab/abierly2/LongTR/longTR_pipeline_HG02250/HG02250.chr11.vcf.gz	1.196619 seconds
Concatenating /scratch/rohlfslab/abierly2/LongTR/longTR_pipeline_HG02250/HG02250.chr12.vcf.gz	1.261041 seconds
Concatenating /scratch/rohlfslab/abierly2/LongTR/longTR_pipeline_HG02250/HG02250.chr13.vcf.gz	0.871015 seconds
Concatenating /scratch/rohlfslab/abierly2/LongTR/longTR_pipeline_HG02250/HG02250.chr14.vcf.gz	0.826086 seconds
Concatenating /scratch/rohlfslab/abierly2/LongTR/longTR_pipeline_HG02250/HG02250.chr15.vcf.gz	0.765145 seconds
Concatenating /scratch/rohlfslab/abierly2/LongTR/longTR_pipeline_HG02250/HG02250.chr16.vcf.gz	0.800291 seconds
Concatenating /scratch/rohlfslab/abierly2/LongTR/longTR_pipeline_HG02250/HG02250.chr17.vcf.gz	0.835037 seconds
Concatenating /scratch/rohlfslab/abierly2/LongTR/longTR_pipeline_HG02250/HG02250.chr18.vcf.gz	0.632114 seconds
Concatenating /scratch/rohlfslab/abierly2/LongTR/longTR_pipeline_HG02250/HG02250.chr19.vcf.gz	0.691584 seconds
Concatenating /scratch/rohlfslab/abierly2/LongTR/longTR_pipeline_HG02250/HG02250.chr1.vcf.gz	2.217414 seconds
Concatenating /scratch/rohlfslab/abierly2/LongTR/longTR_pipeline_HG02250/HG02250.chr20.vcf.gz	0.521333 seconds
Concatenating /scratch/rohlfslab/abierly2/LongTR/longTR_pipeline_HG02250/HG02250.chr21.vcf.gz	0.303152 seconds
Concatenating /scratch/rohlfslab/abierly2/LongTR/longTR_pipeline_HG02250/HG02250.chr22.vcf.gz	0.360149 seconds
Concatenating /scratch/rohlfslab/abierly2/LongTR/longTR_pipeline_HG02250/HG02250.chr2.vcf.gz	2.266014 seconds
Concatenating /scratch/rohlfslab/abierly2/LongTR/longTR_pipeline_HG02250/HG02250.chr3.vcf.gz	1.771314 seconds
Concatenating /scratch/rohlfslab/abierly2/LongTR/longTR_pipeline_HG02250/HG02250.chr4.vcf.gz	1.694390 seconds
Concatenating /scratch/rohlfslab/abierly2/LongTR/longTR_pipeline_HG02250/HG02250.chr5.vcf.gz	1.604290 seconds
Concatenating /scratch/rohlfslab/abierly2/LongTR/longTR_pipeline_HG02250/HG02250.chr6.vcf.gz	1.545009 seconds
Concatenating /scratch/rohlfslab/abierly2/LongTR/longTR_pipeline_HG02250/HG02250.chr7.vcf.gz	1.487298 seconds
Concatenating /scratch/rohlfslab/abierly2/LongTR/longTR_pipeline_HG02250/HG02250.chr8.vcf.gz	1.294478 seconds
Concatenating /scratch/rohlfslab/abierly2/LongTR/longTR_pipeline_HG02250/HG02250.chr9.vcf.gz	1.092519 seconds
Concatenating /scratch/rohlfslab/abierly2/LongTR/longTR_pipeline_HG02250/HG02250.chrM.vcf.gz	0.000392 seconds
Concatenating /scratch/rohlfslab/abierly2/LongTR/longTR_pipeline_HG02250/HG02250.chrX.vcf.gz	0.789989 seconds
Concatenating /scratch/rohlfslab/abierly2/LongTR/longTR_pipeline_HG02250/HG02250.chrY.vcf.gz	0.040979 seconds
