Checking the headers and starting positions of 25 files
Concatenating /scratch/rohlfslab/abierly2/LongTR/longTR_pipeline_NA18579/NA18579.chr10.vcf.gz	1.004671 seconds
Concatenating /scratch/rohlfslab/abierly2/LongTR/longTR_pipeline_NA18579/NA18579.chr11.vcf.gz	0.938143 seconds
Concatenating /scratch/rohlfslab/abierly2/LongTR/longTR_pipeline_NA18579/NA18579.chr12.vcf.gz	1.014222 seconds
Concatenating /scratch/rohlfslab/abierly2/LongTR/longTR_pipeline_NA18579/NA18579.chr13.vcf.gz	0.713607 seconds
Concatenating /scratch/rohlfslab/abierly2/LongTR/longTR_pipeline_NA18579/NA18579.chr14.vcf.gz	0.666442 seconds
Concatenating /scratch/rohlfslab/abierly2/LongTR/longTR_pipeline_NA18579/NA18579.chr15.vcf.gz	0.636127 seconds
Concatenating /scratch/rohlfslab/abierly2/LongTR/longTR_pipeline_NA18579/NA18579.chr16.vcf.gz	0.623402 seconds
Concatenating /scratch/rohlfslab/abierly2/LongTR/longTR_pipeline_NA18579/NA18579.chr17.vcf.gz	0.654365 seconds
Concatenating /scratch/rohlfslab/abierly2/LongTR/longTR_pipeline_NA18579/NA18579.chr18.vcf.gz	0.510612 seconds
Concatenating /scratch/rohlfslab/abierly2/LongTR/longTR_pipeline_NA18579/NA18579.chr19.vcf.gz	0.497510 seconds
Concatenating /scratch/rohlfslab/abierly2/LongTR/longTR_pipeline_NA18579/NA18579.chr1.vcf.gz	1.776939 seconds
Concatenating /scratch/rohlfslab/abierly2/LongTR/longTR_pipeline_NA18579/NA18579.chr20.vcf.gz	0.402902 seconds
Concatenating /scratch/rohlfslab/abierly2/LongTR/longTR_pipeline_NA18579/NA18579.chr21.vcf.gz	0.242770 seconds
Concatenating /scratch/rohlfslab/abierly2/LongTR/longTR_pipeline_NA18579/NA18579.chr22.vcf.gz	0.273789 seconds
Concatenating /scratch/rohlfslab/abierly2/LongTR/longTR_pipeline_NA18579/NA18579.chr2.vcf.gz	1.812422 seconds
Concatenating /scratch/rohlfslab/abierly2/LongTR/longTR_pipeline_NA18579/NA18579.chr3.vcf.gz	1.452966 seconds
Concatenating /scratch/rohlfslab/abierly2/LongTR/longTR_pipeline_NA18579/NA18579.chr4.vcf.gz	1.395172 seconds
Concatenating /scratch/rohlfslab/abierly2/LongTR/longTR_pipeline_NA18579/NA18579.chr5.vcf.gz	1.306321 seconds
Concatenating /scratch/rohlfslab/abierly2/LongTR/longTR_pipeline_NA18579/NA18579.chr6.vcf.gz	1.267826 seconds
Concatenating /scratch/rohlfslab/abierly2/LongTR/longTR_pipeline_NA18579/NA18579.chr7.vcf.gz	1.191659 seconds
Concatenating /scratch/rohlfslab/abierly2/LongTR/longTR_pipeline_NA18579/NA18579.chr8.vcf.gz	1.052921 seconds
Concatenating /scratch/rohlfslab/abierly2/LongTR/longTR_pipeline_NA18579/NA18579.chr9.vcf.gz	0.868221 seconds
Concatenating /scratch/rohlfslab/abierly2/LongTR/longTR_pipeline_NA18579/NA18579.chrM.vcf.gz	0.000342 seconds
Concatenating /scratch/rohlfslab/abierly2/LongTR/longTR_pipeline_NA18579/NA18579.chrX.vcf.gz	1.057124 seconds
Concatenating /scratch/rohlfslab/abierly2/LongTR/longTR_pipeline_NA18579/NA18579.chrY.vcf.gz	0.000339 seconds
