Checking the headers and starting positions of 25 files
Concatenating /scratch/rohlfslab/abierly2/LongTR/longTR_pipeline_HG02789/HG02789.chr10.vcf.gz	0.989272 seconds
Concatenating /scratch/rohlfslab/abierly2/LongTR/longTR_pipeline_HG02789/HG02789.chr11.vcf.gz	0.948616 seconds
Concatenating /scratch/rohlfslab/abierly2/LongTR/longTR_pipeline_HG02789/HG02789.chr12.vcf.gz	0.993107 seconds
Concatenating /scratch/rohlfslab/abierly2/LongTR/longTR_pipeline_HG02789/HG02789.chr13.vcf.gz	0.668668 seconds
Concatenating /scratch/rohlfslab/abierly2/LongTR/longTR_pipeline_HG02789/HG02789.chr14.vcf.gz	0.655864 seconds
Concatenating /scratch/rohlfslab/abierly2/LongTR/longTR_pipeline_HG02789/HG02789.chr15.vcf.gz	0.623363 seconds
Concatenating /scratch/rohlfslab/abierly2/LongTR/longTR_pipeline_HG02789/HG02789.chr16.vcf.gz	0.647813 seconds
Concatenating /scratch/rohlfslab/abierly2/LongTR/longTR_pipeline_HG02789/HG02789.chr17.vcf.gz	0.689167 seconds
Concatenating /scratch/rohlfslab/abierly2/LongTR/longTR_pipeline_HG02789/HG02789.chr18.vcf.gz	0.497369 seconds
Concatenating /scratch/rohlfslab/abierly2/LongTR/longTR_pipeline_HG02789/HG02789.chr19.vcf.gz	0.550988 seconds
Concatenating /scratch/rohlfslab/abierly2/LongTR/longTR_pipeline_HG02789/HG02789.chr1.vcf.gz	1.768638 seconds
Concatenating /scratch/rohlfslab/abierly2/LongTR/longTR_pipeline_HG02789/HG02789.chr20.vcf.gz	0.425491 seconds
Concatenating /scratch/rohlfslab/abierly2/LongTR/longTR_pipeline_HG02789/HG02789.chr21.vcf.gz	0.240793 seconds
Concatenating /scratch/rohlfslab/abierly2/LongTR/longTR_pipeline_HG02789/HG02789.chr22.vcf.gz	0.297423 seconds
Concatenating /scratch/rohlfslab/abierly2/LongTR/longTR_pipeline_HG02789/HG02789.chr2.vcf.gz	1.772449 seconds
Concatenating /scratch/rohlfslab/abierly2/LongTR/longTR_pipeline_HG02789/HG02789.chr3.vcf.gz	1.413193 seconds
Concatenating /scratch/rohlfslab/abierly2/LongTR/longTR_pipeline_HG02789/HG02789.chr4.vcf.gz	1.309985 seconds
Concatenating /scratch/rohlfslab/abierly2/LongTR/longTR_pipeline_HG02789/HG02789.chr5.vcf.gz	1.289504 seconds
Concatenating /scratch/rohlfslab/abierly2/LongTR/longTR_pipeline_HG02789/HG02789.chr6.vcf.gz	1.210381 seconds
Concatenating /scratch/rohlfslab/abierly2/LongTR/longTR_pipeline_HG02789/HG02789.chr7.vcf.gz	1.167100 seconds
Concatenating /scratch/rohlfslab/abierly2/LongTR/longTR_pipeline_HG02789/HG02789.chr8.vcf.gz	1.021109 seconds
Concatenating /scratch/rohlfslab/abierly2/LongTR/longTR_pipeline_HG02789/HG02789.chr9.vcf.gz	0.919868 seconds
Concatenating /scratch/rohlfslab/abierly2/LongTR/longTR_pipeline_HG02789/HG02789.chrM.vcf.gz	0.001290 seconds
Concatenating /scratch/rohlfslab/abierly2/LongTR/longTR_pipeline_HG02789/HG02789.chrX.vcf.gz	0.189254 seconds
Concatenating /scratch/rohlfslab/abierly2/LongTR/longTR_pipeline_HG02789/HG02789.chrY.vcf.gz	0.008354 seconds
