Checking the headers and starting positions of 25 files
Concatenating /scratch/rohlfslab/abierly2/LongTR/longTR_pipeline_HG01512/HG01512.chr10.vcf.gz	1.230684 seconds
Concatenating /scratch/rohlfslab/abierly2/LongTR/longTR_pipeline_HG01512/HG01512.chr11.vcf.gz	1.181004 seconds
Concatenating /scratch/rohlfslab/abierly2/LongTR/longTR_pipeline_HG01512/HG01512.chr12.vcf.gz	1.245570 seconds
Concatenating /scratch/rohlfslab/abierly2/LongTR/longTR_pipeline_HG01512/HG01512.chr13.vcf.gz	0.857694 seconds
Concatenating /scratch/rohlfslab/abierly2/LongTR/longTR_pipeline_HG01512/HG01512.chr14.vcf.gz	0.814468 seconds
Concatenating /scratch/rohlfslab/abierly2/LongTR/longTR_pipeline_HG01512/HG01512.chr15.vcf.gz	0.765706 seconds
Concatenating /scratch/rohlfslab/abierly2/LongTR/longTR_pipeline_HG01512/HG01512.chr16.vcf.gz	0.816347 seconds
Concatenating /scratch/rohlfslab/abierly2/LongTR/longTR_pipeline_HG01512/HG01512.chr17.vcf.gz	0.843360 seconds
Concatenating /scratch/rohlfslab/abierly2/LongTR/longTR_pipeline_HG01512/HG01512.chr18.vcf.gz	0.623604 seconds
Concatenating /scratch/rohlfslab/abierly2/LongTR/longTR_pipeline_HG01512/HG01512.chr19.vcf.gz	0.689208 seconds
Concatenating /scratch/rohlfslab/abierly2/LongTR/longTR_pipeline_HG01512/HG01512.chr1.vcf.gz	2.193378 seconds
Concatenating /scratch/rohlfslab/abierly2/LongTR/longTR_pipeline_HG01512/HG01512.chr20.vcf.gz	0.522090 seconds
Concatenating /scratch/rohlfslab/abierly2/LongTR/longTR_pipeline_HG01512/HG01512.chr21.vcf.gz	0.301874 seconds
Concatenating /scratch/rohlfslab/abierly2/LongTR/longTR_pipeline_HG01512/HG01512.chr22.vcf.gz	0.363974 seconds
Concatenating /scratch/rohlfslab/abierly2/LongTR/longTR_pipeline_HG01512/HG01512.chr2.vcf.gz	2.194003 seconds
Concatenating /scratch/rohlfslab/abierly2/LongTR/longTR_pipeline_HG01512/HG01512.chr3.vcf.gz	1.798684 seconds
Concatenating /scratch/rohlfslab/abierly2/LongTR/longTR_pipeline_HG01512/HG01512.chr4.vcf.gz	1.690429 seconds
Concatenating /scratch/rohlfslab/abierly2/LongTR/longTR_pipeline_HG01512/HG01512.chr5.vcf.gz	1.592384 seconds
Concatenating /scratch/rohlfslab/abierly2/LongTR/longTR_pipeline_HG01512/HG01512.chr6.vcf.gz	1.526920 seconds
Concatenating /scratch/rohlfslab/abierly2/LongTR/longTR_pipeline_HG01512/HG01512.chr7.vcf.gz	1.471913 seconds
Concatenating /scratch/rohlfslab/abierly2/LongTR/longTR_pipeline_HG01512/HG01512.chr8.vcf.gz	1.283411 seconds
Concatenating /scratch/rohlfslab/abierly2/LongTR/longTR_pipeline_HG01512/HG01512.chr9.vcf.gz	1.093916 seconds
Concatenating /scratch/rohlfslab/abierly2/LongTR/longTR_pipeline_HG01512/HG01512.chrM.vcf.gz	0.000318 seconds
Concatenating /scratch/rohlfslab/abierly2/LongTR/longTR_pipeline_HG01512/HG01512.chrX.vcf.gz	1.078101 seconds
Concatenating /scratch/rohlfslab/abierly2/LongTR/longTR_pipeline_HG01512/HG01512.chrY.vcf.gz	0.058305 seconds
