Checking the headers and starting positions of 25 files
Concatenating /scratch/rohlfslab/abierly2/LongTR/longTR_pipeline_HG02082/HG02082.chr10.vcf.gz	1.005922 seconds
Concatenating /scratch/rohlfslab/abierly2/LongTR/longTR_pipeline_HG02082/HG02082.chr11.vcf.gz	0.959463 seconds
Concatenating /scratch/rohlfslab/abierly2/LongTR/longTR_pipeline_HG02082/HG02082.chr12.vcf.gz	1.033027 seconds
Concatenating /scratch/rohlfslab/abierly2/LongTR/longTR_pipeline_HG02082/HG02082.chr13.vcf.gz	0.687302 seconds
Concatenating /scratch/rohlfslab/abierly2/LongTR/longTR_pipeline_HG02082/HG02082.chr14.vcf.gz	0.672815 seconds
Concatenating /scratch/rohlfslab/abierly2/LongTR/longTR_pipeline_HG02082/HG02082.chr15.vcf.gz	0.621093 seconds
Concatenating /scratch/rohlfslab/abierly2/LongTR/longTR_pipeline_HG02082/HG02082.chr16.vcf.gz	0.640255 seconds
Concatenating /scratch/rohlfslab/abierly2/LongTR/longTR_pipeline_HG02082/HG02082.chr17.vcf.gz	0.677516 seconds
Concatenating /scratch/rohlfslab/abierly2/LongTR/longTR_pipeline_HG02082/HG02082.chr18.vcf.gz	0.502881 seconds
Concatenating /scratch/rohlfslab/abierly2/LongTR/longTR_pipeline_HG02082/HG02082.chr19.vcf.gz	0.580105 seconds
Concatenating /scratch/rohlfslab/abierly2/LongTR/longTR_pipeline_HG02082/HG02082.chr1.vcf.gz	1.799436 seconds
Concatenating /scratch/rohlfslab/abierly2/LongTR/longTR_pipeline_HG02082/HG02082.chr20.vcf.gz	0.427520 seconds
Concatenating /scratch/rohlfslab/abierly2/LongTR/longTR_pipeline_HG02082/HG02082.chr21.vcf.gz	0.244334 seconds
Concatenating /scratch/rohlfslab/abierly2/LongTR/longTR_pipeline_HG02082/HG02082.chr22.vcf.gz	0.292803 seconds
Concatenating /scratch/rohlfslab/abierly2/LongTR/longTR_pipeline_HG02082/HG02082.chr2.vcf.gz	1.796626 seconds
Concatenating /scratch/rohlfslab/abierly2/LongTR/longTR_pipeline_HG02082/HG02082.chr3.vcf.gz	1.427785 seconds
Concatenating /scratch/rohlfslab/abierly2/LongTR/longTR_pipeline_HG02082/HG02082.chr4.vcf.gz	1.348582 seconds
Concatenating /scratch/rohlfslab/abierly2/LongTR/longTR_pipeline_HG02082/HG02082.chr5.vcf.gz	1.278307 seconds
Concatenating /scratch/rohlfslab/abierly2/LongTR/longTR_pipeline_HG02082/HG02082.chr6.vcf.gz	1.252964 seconds
Concatenating /scratch/rohlfslab/abierly2/LongTR/longTR_pipeline_HG02082/HG02082.chr7.vcf.gz	1.172639 seconds
Concatenating /scratch/rohlfslab/abierly2/LongTR/longTR_pipeline_HG02082/HG02082.chr8.vcf.gz	1.042769 seconds
Concatenating /scratch/rohlfslab/abierly2/LongTR/longTR_pipeline_HG02082/HG02082.chr9.vcf.gz	0.880531 seconds
Concatenating /scratch/rohlfslab/abierly2/LongTR/longTR_pipeline_HG02082/HG02082.chrM.vcf.gz	0.000430 seconds
Concatenating /scratch/rohlfslab/abierly2/LongTR/longTR_pipeline_HG02082/HG02082.chrX.vcf.gz	0.200070 seconds
Concatenating /scratch/rohlfslab/abierly2/LongTR/longTR_pipeline_HG02082/HG02082.chrY.vcf.gz	0.006620 seconds
