Checking the headers and starting positions of 25 files
Concatenating /scratch/rohlfslab/abierly2/LongTR/longTR_pipeline_HG02006/HG02006.chr10.vcf.gz	1.251972 seconds
Concatenating /scratch/rohlfslab/abierly2/LongTR/longTR_pipeline_HG02006/HG02006.chr11.vcf.gz	1.192228 seconds
Concatenating /scratch/rohlfslab/abierly2/LongTR/longTR_pipeline_HG02006/HG02006.chr12.vcf.gz	1.265122 seconds
Concatenating /scratch/rohlfslab/abierly2/LongTR/longTR_pipeline_HG02006/HG02006.chr13.vcf.gz	0.876695 seconds
Concatenating /scratch/rohlfslab/abierly2/LongTR/longTR_pipeline_HG02006/HG02006.chr14.vcf.gz	0.828034 seconds
Concatenating /scratch/rohlfslab/abierly2/LongTR/longTR_pipeline_HG02006/HG02006.chr15.vcf.gz	0.770251 seconds
Concatenating /scratch/rohlfslab/abierly2/LongTR/longTR_pipeline_HG02006/HG02006.chr16.vcf.gz	0.805707 seconds
Concatenating /scratch/rohlfslab/abierly2/LongTR/longTR_pipeline_HG02006/HG02006.chr17.vcf.gz	0.842421 seconds
Concatenating /scratch/rohlfslab/abierly2/LongTR/longTR_pipeline_HG02006/HG02006.chr18.vcf.gz	0.626600 seconds
Concatenating /scratch/rohlfslab/abierly2/LongTR/longTR_pipeline_HG02006/HG02006.chr19.vcf.gz	0.692445 seconds
Concatenating /scratch/rohlfslab/abierly2/LongTR/longTR_pipeline_HG02006/HG02006.chr1.vcf.gz	2.221190 seconds
Concatenating /scratch/rohlfslab/abierly2/LongTR/longTR_pipeline_HG02006/HG02006.chr20.vcf.gz	0.523286 seconds
Concatenating /scratch/rohlfslab/abierly2/LongTR/longTR_pipeline_HG02006/HG02006.chr21.vcf.gz	0.301516 seconds
Concatenating /scratch/rohlfslab/abierly2/LongTR/longTR_pipeline_HG02006/HG02006.chr22.vcf.gz	0.369213 seconds
Concatenating /scratch/rohlfslab/abierly2/LongTR/longTR_pipeline_HG02006/HG02006.chr2.vcf.gz	2.232728 seconds
Concatenating /scratch/rohlfslab/abierly2/LongTR/longTR_pipeline_HG02006/HG02006.chr3.vcf.gz	1.777334 seconds
Concatenating /scratch/rohlfslab/abierly2/LongTR/longTR_pipeline_HG02006/HG02006.chr4.vcf.gz	1.711635 seconds
Concatenating /scratch/rohlfslab/abierly2/LongTR/longTR_pipeline_HG02006/HG02006.chr5.vcf.gz	1.611075 seconds
Concatenating /scratch/rohlfslab/abierly2/LongTR/longTR_pipeline_HG02006/HG02006.chr6.vcf.gz	1.552857 seconds
Concatenating /scratch/rohlfslab/abierly2/LongTR/longTR_pipeline_HG02006/HG02006.chr7.vcf.gz	1.493759 seconds
Concatenating /scratch/rohlfslab/abierly2/LongTR/longTR_pipeline_HG02006/HG02006.chr8.vcf.gz	1.293953 seconds
Concatenating /scratch/rohlfslab/abierly2/LongTR/longTR_pipeline_HG02006/HG02006.chr9.vcf.gz	1.098666 seconds
Concatenating /scratch/rohlfslab/abierly2/LongTR/longTR_pipeline_HG02006/HG02006.chrM.vcf.gz	0.000304 seconds
Concatenating /scratch/rohlfslab/abierly2/LongTR/longTR_pipeline_HG02006/HG02006.chrX.vcf.gz	1.334817 seconds
Concatenating /scratch/rohlfslab/abierly2/LongTR/longTR_pipeline_HG02006/HG02006.chrY.vcf.gz	0.000329 seconds
