Checking the headers and starting positions of 25 files
Concatenating /scratch/rohlfslab/abierly2/LongTR/longTR_pipeline_NA18940/NA18940.chr10.vcf.gz	0.031440 seconds
Concatenating /scratch/rohlfslab/abierly2/LongTR/longTR_pipeline_NA18940/NA18940.chr11.vcf.gz	0.024130 seconds
Concatenating /scratch/rohlfslab/abierly2/LongTR/longTR_pipeline_NA18940/NA18940.chr12.vcf.gz	0.031262 seconds
Concatenating /scratch/rohlfslab/abierly2/LongTR/longTR_pipeline_NA18940/NA18940.chr13.vcf.gz	0.018483 seconds
Concatenating /scratch/rohlfslab/abierly2/LongTR/longTR_pipeline_NA18940/NA18940.chr14.vcf.gz	0.018246 seconds
Concatenating /scratch/rohlfslab/abierly2/LongTR/longTR_pipeline_NA18940/NA18940.chr15.vcf.gz	0.019728 seconds
Concatenating /scratch/rohlfslab/abierly2/LongTR/longTR_pipeline_NA18940/NA18940.chr16.vcf.gz	0.014775 seconds
Concatenating /scratch/rohlfslab/abierly2/LongTR/longTR_pipeline_NA18940/NA18940.chr17.vcf.gz	0.018117 seconds
Concatenating /scratch/rohlfslab/abierly2/LongTR/longTR_pipeline_NA18940/NA18940.chr18.vcf.gz	0.013197 seconds
Concatenating /scratch/rohlfslab/abierly2/LongTR/longTR_pipeline_NA18940/NA18940.chr19.vcf.gz	0.011104 seconds
Concatenating /scratch/rohlfslab/abierly2/LongTR/longTR_pipeline_NA18940/NA18940.chr1.vcf.gz	0.049108 seconds
Concatenating /scratch/rohlfslab/abierly2/LongTR/longTR_pipeline_NA18940/NA18940.chr20.vcf.gz	0.009439 seconds
Concatenating /scratch/rohlfslab/abierly2/LongTR/longTR_pipeline_NA18940/NA18940.chr21.vcf.gz	0.007739 seconds
Concatenating /scratch/rohlfslab/abierly2/LongTR/longTR_pipeline_NA18940/NA18940.chr22.vcf.gz	0.005697 seconds
Concatenating /scratch/rohlfslab/abierly2/LongTR/longTR_pipeline_NA18940/NA18940.chr2.vcf.gz	0.052900 seconds
Concatenating /scratch/rohlfslab/abierly2/LongTR/longTR_pipeline_NA18940/NA18940.chr3.vcf.gz	0.038009 seconds
Concatenating /scratch/rohlfslab/abierly2/LongTR/longTR_pipeline_NA18940/NA18940.chr4.vcf.gz	0.033128 seconds
Concatenating /scratch/rohlfslab/abierly2/LongTR/longTR_pipeline_NA18940/NA18940.chr5.vcf.gz	0.035197 seconds
Concatenating /scratch/rohlfslab/abierly2/LongTR/longTR_pipeline_NA18940/NA18940.chr6.vcf.gz	0.032728 seconds
Concatenating /scratch/rohlfslab/abierly2/LongTR/longTR_pipeline_NA18940/NA18940.chr7.vcf.gz	0.034810 seconds
Concatenating /scratch/rohlfslab/abierly2/LongTR/longTR_pipeline_NA18940/NA18940.chr8.vcf.gz	0.028005 seconds
Concatenating /scratch/rohlfslab/abierly2/LongTR/longTR_pipeline_NA18940/NA18940.chr9.vcf.gz	0.022120 seconds
Concatenating /scratch/rohlfslab/abierly2/LongTR/longTR_pipeline_NA18940/NA18940.chrM.vcf.gz	0.000270 seconds
Concatenating /scratch/rohlfslab/abierly2/LongTR/longTR_pipeline_NA18940/NA18940.chrX.vcf.gz	0.002175 seconds
Concatenating /scratch/rohlfslab/abierly2/LongTR/longTR_pipeline_NA18940/NA18940.chrY.vcf.gz	0.000259 seconds
