Checking the headers and starting positions of 25 files
Concatenating /scratch/rohlfslab/abierly2/LongTR/longTR_pipeline_HG01058/HG01058.chr10.vcf.gz	1.213203 seconds
Concatenating /scratch/rohlfslab/abierly2/LongTR/longTR_pipeline_HG01058/HG01058.chr11.vcf.gz	1.155961 seconds
Concatenating /scratch/rohlfslab/abierly2/LongTR/longTR_pipeline_HG01058/HG01058.chr12.vcf.gz	1.223011 seconds
Concatenating /scratch/rohlfslab/abierly2/LongTR/longTR_pipeline_HG01058/HG01058.chr13.vcf.gz	0.847460 seconds
Concatenating /scratch/rohlfslab/abierly2/LongTR/longTR_pipeline_HG01058/HG01058.chr14.vcf.gz	0.799433 seconds
Concatenating /scratch/rohlfslab/abierly2/LongTR/longTR_pipeline_HG01058/HG01058.chr15.vcf.gz	0.748422 seconds
Concatenating /scratch/rohlfslab/abierly2/LongTR/longTR_pipeline_HG01058/HG01058.chr16.vcf.gz	0.782465 seconds
Concatenating /scratch/rohlfslab/abierly2/LongTR/longTR_pipeline_HG01058/HG01058.chr17.vcf.gz	0.812204 seconds
Concatenating /scratch/rohlfslab/abierly2/LongTR/longTR_pipeline_HG01058/HG01058.chr18.vcf.gz	0.611085 seconds
Concatenating /scratch/rohlfslab/abierly2/LongTR/longTR_pipeline_HG01058/HG01058.chr19.vcf.gz	0.666018 seconds
Concatenating /scratch/rohlfslab/abierly2/LongTR/longTR_pipeline_HG01058/HG01058.chr1.vcf.gz	2.176902 seconds
Concatenating /scratch/rohlfslab/abierly2/LongTR/longTR_pipeline_HG01058/HG01058.chr20.vcf.gz	0.506391 seconds
Concatenating /scratch/rohlfslab/abierly2/LongTR/longTR_pipeline_HG01058/HG01058.chr21.vcf.gz	0.293776 seconds
Concatenating /scratch/rohlfslab/abierly2/LongTR/longTR_pipeline_HG01058/HG01058.chr22.vcf.gz	0.355822 seconds
Concatenating /scratch/rohlfslab/abierly2/LongTR/longTR_pipeline_HG01058/HG01058.chr2.vcf.gz	2.170655 seconds
Concatenating /scratch/rohlfslab/abierly2/LongTR/longTR_pipeline_HG01058/HG01058.chr3.vcf.gz	1.724193 seconds
Concatenating /scratch/rohlfslab/abierly2/LongTR/longTR_pipeline_HG01058/HG01058.chr4.vcf.gz	1.654497 seconds
Concatenating /scratch/rohlfslab/abierly2/LongTR/longTR_pipeline_HG01058/HG01058.chr5.vcf.gz	1.557305 seconds
Concatenating /scratch/rohlfslab/abierly2/LongTR/longTR_pipeline_HG01058/HG01058.chr6.vcf.gz	1.520647 seconds
Concatenating /scratch/rohlfslab/abierly2/LongTR/longTR_pipeline_HG01058/HG01058.chr7.vcf.gz	1.446809 seconds
Concatenating /scratch/rohlfslab/abierly2/LongTR/longTR_pipeline_HG01058/HG01058.chr8.vcf.gz	1.253848 seconds
Concatenating /scratch/rohlfslab/abierly2/LongTR/longTR_pipeline_HG01058/HG01058.chr9.vcf.gz	1.066383 seconds
Concatenating /scratch/rohlfslab/abierly2/LongTR/longTR_pipeline_HG01058/HG01058.chrM.vcf.gz	0.000321 seconds
Concatenating /scratch/rohlfslab/abierly2/LongTR/longTR_pipeline_HG01058/HG01058.chrX.vcf.gz	1.298012 seconds
Concatenating /scratch/rohlfslab/abierly2/LongTR/longTR_pipeline_HG01058/HG01058.chrY.vcf.gz	0.000320 seconds
