Checking the headers and starting positions of 25 files
Concatenating /scratch/rohlfslab/abierly2/LongTR/longTR_pipeline_NA19735/NA19735.chr10.vcf.gz	1.198882 seconds
Concatenating /scratch/rohlfslab/abierly2/LongTR/longTR_pipeline_NA19735/NA19735.chr11.vcf.gz	1.141134 seconds
Concatenating /scratch/rohlfslab/abierly2/LongTR/longTR_pipeline_NA19735/NA19735.chr12.vcf.gz	1.221146 seconds
Concatenating /scratch/rohlfslab/abierly2/LongTR/longTR_pipeline_NA19735/NA19735.chr13.vcf.gz	0.840431 seconds
Concatenating /scratch/rohlfslab/abierly2/LongTR/longTR_pipeline_NA19735/NA19735.chr14.vcf.gz	0.791386 seconds
Concatenating /scratch/rohlfslab/abierly2/LongTR/longTR_pipeline_NA19735/NA19735.chr15.vcf.gz	0.744040 seconds
Concatenating /scratch/rohlfslab/abierly2/LongTR/longTR_pipeline_NA19735/NA19735.chr16.vcf.gz	0.760001 seconds
Concatenating /scratch/rohlfslab/abierly2/LongTR/longTR_pipeline_NA19735/NA19735.chr17.vcf.gz	0.798838 seconds
Concatenating /scratch/rohlfslab/abierly2/LongTR/longTR_pipeline_NA19735/NA19735.chr18.vcf.gz	0.606420 seconds
Concatenating /scratch/rohlfslab/abierly2/LongTR/longTR_pipeline_NA19735/NA19735.chr19.vcf.gz	0.650067 seconds
Concatenating /scratch/rohlfslab/abierly2/LongTR/longTR_pipeline_NA19735/NA19735.chr1.vcf.gz	2.140164 seconds
Concatenating /scratch/rohlfslab/abierly2/LongTR/longTR_pipeline_NA19735/NA19735.chr20.vcf.gz	0.496809 seconds
Concatenating /scratch/rohlfslab/abierly2/LongTR/longTR_pipeline_NA19735/NA19735.chr21.vcf.gz	0.290372 seconds
Concatenating /scratch/rohlfslab/abierly2/LongTR/longTR_pipeline_NA19735/NA19735.chr22.vcf.gz	0.346876 seconds
Concatenating /scratch/rohlfslab/abierly2/LongTR/longTR_pipeline_NA19735/NA19735.chr2.vcf.gz	2.140163 seconds
Concatenating /scratch/rohlfslab/abierly2/LongTR/longTR_pipeline_NA19735/NA19735.chr3.vcf.gz	1.710337 seconds
Concatenating /scratch/rohlfslab/abierly2/LongTR/longTR_pipeline_NA19735/NA19735.chr4.vcf.gz	1.643179 seconds
Concatenating /scratch/rohlfslab/abierly2/LongTR/longTR_pipeline_NA19735/NA19735.chr5.vcf.gz	1.559269 seconds
Concatenating /scratch/rohlfslab/abierly2/LongTR/longTR_pipeline_NA19735/NA19735.chr6.vcf.gz	1.493368 seconds
Concatenating /scratch/rohlfslab/abierly2/LongTR/longTR_pipeline_NA19735/NA19735.chr7.vcf.gz	1.426373 seconds
Concatenating /scratch/rohlfslab/abierly2/LongTR/longTR_pipeline_NA19735/NA19735.chr8.vcf.gz	1.238508 seconds
Concatenating /scratch/rohlfslab/abierly2/LongTR/longTR_pipeline_NA19735/NA19735.chr9.vcf.gz	1.049798 seconds
Concatenating /scratch/rohlfslab/abierly2/LongTR/longTR_pipeline_NA19735/NA19735.chrM.vcf.gz	0.000315 seconds
Concatenating /scratch/rohlfslab/abierly2/LongTR/longTR_pipeline_NA19735/NA19735.chrX.vcf.gz	0.499860 seconds
Concatenating /scratch/rohlfslab/abierly2/LongTR/longTR_pipeline_NA19735/NA19735.chrY.vcf.gz	0.024359 seconds
