Checking the headers and starting positions of 25 files
Concatenating /scratch/rohlfslab/abierly2/LongTR/longTR_pipeline_HG02661/HG02661.chr10.vcf.gz	0.000526 seconds
Concatenating /scratch/rohlfslab/abierly2/LongTR/longTR_pipeline_HG02661/HG02661.chr11.vcf.gz	0.000450 seconds
Concatenating /scratch/rohlfslab/abierly2/LongTR/longTR_pipeline_HG02661/HG02661.chr12.vcf.gz	0.000438 seconds
Concatenating /scratch/rohlfslab/abierly2/LongTR/longTR_pipeline_HG02661/HG02661.chr13.vcf.gz	0.000409 seconds
Concatenating /scratch/rohlfslab/abierly2/LongTR/longTR_pipeline_HG02661/HG02661.chr14.vcf.gz	0.002034 seconds
Concatenating /scratch/rohlfslab/abierly2/LongTR/longTR_pipeline_HG02661/HG02661.chr15.vcf.gz	0.000375 seconds
Concatenating /scratch/rohlfslab/abierly2/LongTR/longTR_pipeline_HG02661/HG02661.chr16.vcf.gz	0.000364 seconds
Concatenating /scratch/rohlfslab/abierly2/LongTR/longTR_pipeline_HG02661/HG02661.chr17.vcf.gz	0.000387 seconds
Concatenating /scratch/rohlfslab/abierly2/LongTR/longTR_pipeline_HG02661/HG02661.chr18.vcf.gz	0.000338 seconds
Concatenating /scratch/rohlfslab/abierly2/LongTR/longTR_pipeline_HG02661/HG02661.chr19.vcf.gz	0.000309 seconds
Concatenating /scratch/rohlfslab/abierly2/LongTR/longTR_pipeline_HG02661/HG02661.chr1.vcf.gz	0.002200 seconds
Concatenating /scratch/rohlfslab/abierly2/LongTR/longTR_pipeline_HG02661/HG02661.chr20.vcf.gz	0.000347 seconds
Concatenating /scratch/rohlfslab/abierly2/LongTR/longTR_pipeline_HG02661/HG02661.chr21.vcf.gz	0.000296 seconds
Concatenating /scratch/rohlfslab/abierly2/LongTR/longTR_pipeline_HG02661/HG02661.chr22.vcf.gz	0.000308 seconds
Concatenating /scratch/rohlfslab/abierly2/LongTR/longTR_pipeline_HG02661/HG02661.chr2.vcf.gz	0.002161 seconds
Concatenating /scratch/rohlfslab/abierly2/LongTR/longTR_pipeline_HG02661/HG02661.chr3.vcf.gz	0.000485 seconds
Concatenating /scratch/rohlfslab/abierly2/LongTR/longTR_pipeline_HG02661/HG02661.chr4.vcf.gz	0.000455 seconds
Concatenating /scratch/rohlfslab/abierly2/LongTR/longTR_pipeline_HG02661/HG02661.chr5.vcf.gz	0.000462 seconds
Concatenating /scratch/rohlfslab/abierly2/LongTR/longTR_pipeline_HG02661/HG02661.chr6.vcf.gz	0.002157 seconds
Concatenating /scratch/rohlfslab/abierly2/LongTR/longTR_pipeline_HG02661/HG02661.chr7.vcf.gz	0.000479 seconds
Concatenating /scratch/rohlfslab/abierly2/LongTR/longTR_pipeline_HG02661/HG02661.chr8.vcf.gz	0.002090 seconds
Concatenating /scratch/rohlfslab/abierly2/LongTR/longTR_pipeline_HG02661/HG02661.chr9.vcf.gz	0.000421 seconds
Concatenating /scratch/rohlfslab/abierly2/LongTR/longTR_pipeline_HG02661/HG02661.chrM.vcf.gz	0.000257 seconds
Concatenating /scratch/rohlfslab/abierly2/LongTR/longTR_pipeline_HG02661/HG02661.chrX.vcf.gz	0.000390 seconds
Concatenating /scratch/rohlfslab/abierly2/LongTR/longTR_pipeline_HG02661/HG02661.chrY.vcf.gz	0.000235 seconds
