Checking the headers and starting positions of 25 files
Concatenating /scratch/rohlfslab/abierly2/LongTR/longTR_pipeline_HG01302/HG01302.chr10.vcf.gz	0.012811 seconds
Concatenating /scratch/rohlfslab/abierly2/LongTR/longTR_pipeline_HG01302/HG01302.chr11.vcf.gz	0.012890 seconds
Concatenating /scratch/rohlfslab/abierly2/LongTR/longTR_pipeline_HG01302/HG01302.chr12.vcf.gz	0.014397 seconds
Concatenating /scratch/rohlfslab/abierly2/LongTR/longTR_pipeline_HG01302/HG01302.chr13.vcf.gz	0.009020 seconds
Concatenating /scratch/rohlfslab/abierly2/LongTR/longTR_pipeline_HG01302/HG01302.chr14.vcf.gz	0.010913 seconds
Concatenating /scratch/rohlfslab/abierly2/LongTR/longTR_pipeline_HG01302/HG01302.chr15.vcf.gz	0.008952 seconds
Concatenating /scratch/rohlfslab/abierly2/LongTR/longTR_pipeline_HG01302/HG01302.chr16.vcf.gz	0.010819 seconds
Concatenating /scratch/rohlfslab/abierly2/LongTR/longTR_pipeline_HG01302/HG01302.chr17.vcf.gz	0.010701 seconds
Concatenating /scratch/rohlfslab/abierly2/LongTR/longTR_pipeline_HG01302/HG01302.chr18.vcf.gz	0.009006 seconds
Concatenating /scratch/rohlfslab/abierly2/LongTR/longTR_pipeline_HG01302/HG01302.chr19.vcf.gz	0.005462 seconds
Concatenating /scratch/rohlfslab/abierly2/LongTR/longTR_pipeline_HG01302/HG01302.chr1.vcf.gz	0.026316 seconds
Concatenating /scratch/rohlfslab/abierly2/LongTR/longTR_pipeline_HG01302/HG01302.chr20.vcf.gz	0.005510 seconds
Concatenating /scratch/rohlfslab/abierly2/LongTR/longTR_pipeline_HG01302/HG01302.chr21.vcf.gz	0.003828 seconds
Concatenating /scratch/rohlfslab/abierly2/LongTR/longTR_pipeline_HG01302/HG01302.chr22.vcf.gz	0.003694 seconds
Concatenating /scratch/rohlfslab/abierly2/LongTR/longTR_pipeline_HG01302/HG01302.chr2.vcf.gz	0.026508 seconds
Concatenating /scratch/rohlfslab/abierly2/LongTR/longTR_pipeline_HG01302/HG01302.chr3.vcf.gz	0.021501 seconds
Concatenating /scratch/rohlfslab/abierly2/LongTR/longTR_pipeline_HG01302/HG01302.chr4.vcf.gz	0.019650 seconds
Concatenating /scratch/rohlfslab/abierly2/LongTR/longTR_pipeline_HG01302/HG01302.chr5.vcf.gz	0.021377 seconds
Concatenating /scratch/rohlfslab/abierly2/LongTR/longTR_pipeline_HG01302/HG01302.chr6.vcf.gz	0.021234 seconds
Concatenating /scratch/rohlfslab/abierly2/LongTR/longTR_pipeline_HG01302/HG01302.chr7.vcf.gz	0.017834 seconds
Concatenating /scratch/rohlfslab/abierly2/LongTR/longTR_pipeline_HG01302/HG01302.chr8.vcf.gz	0.017771 seconds
Concatenating /scratch/rohlfslab/abierly2/LongTR/longTR_pipeline_HG01302/HG01302.chr9.vcf.gz	0.012512 seconds
Concatenating /scratch/rohlfslab/abierly2/LongTR/longTR_pipeline_HG01302/HG01302.chrM.vcf.gz	0.000281 seconds
Concatenating /scratch/rohlfslab/abierly2/LongTR/longTR_pipeline_HG01302/HG01302.chrX.vcf.gz	0.000472 seconds
Concatenating /scratch/rohlfslab/abierly2/LongTR/longTR_pipeline_HG01302/HG01302.chrY.vcf.gz	0.000268 seconds
