Checking the headers and starting positions of 25 files
Concatenating /scratch/rohlfslab/abierly2/LongTR/longTR_pipeline_HG03863/HG03863.chr10.vcf.gz	1.167012 seconds
Concatenating /scratch/rohlfslab/abierly2/LongTR/longTR_pipeline_HG03863/HG03863.chr11.vcf.gz	1.111762 seconds
Concatenating /scratch/rohlfslab/abierly2/LongTR/longTR_pipeline_HG03863/HG03863.chr12.vcf.gz	1.205186 seconds
Concatenating /scratch/rohlfslab/abierly2/LongTR/longTR_pipeline_HG03863/HG03863.chr13.vcf.gz	0.809955 seconds
Concatenating /scratch/rohlfslab/abierly2/LongTR/longTR_pipeline_HG03863/HG03863.chr14.vcf.gz	0.768426 seconds
Concatenating /scratch/rohlfslab/abierly2/LongTR/longTR_pipeline_HG03863/HG03863.chr15.vcf.gz	0.717091 seconds
Concatenating /scratch/rohlfslab/abierly2/LongTR/longTR_pipeline_HG03863/HG03863.chr16.vcf.gz	0.747902 seconds
Concatenating /scratch/rohlfslab/abierly2/LongTR/longTR_pipeline_HG03863/HG03863.chr17.vcf.gz	0.781944 seconds
Concatenating /scratch/rohlfslab/abierly2/LongTR/longTR_pipeline_HG03863/HG03863.chr18.vcf.gz	0.585422 seconds
Concatenating /scratch/rohlfslab/abierly2/LongTR/longTR_pipeline_HG03863/HG03863.chr19.vcf.gz	0.645215 seconds
Concatenating /scratch/rohlfslab/abierly2/LongTR/longTR_pipeline_HG03863/HG03863.chr1.vcf.gz	2.072693 seconds
Concatenating /scratch/rohlfslab/abierly2/LongTR/longTR_pipeline_HG03863/HG03863.chr20.vcf.gz	0.487079 seconds
Concatenating /scratch/rohlfslab/abierly2/LongTR/longTR_pipeline_HG03863/HG03863.chr21.vcf.gz	0.284358 seconds
Concatenating /scratch/rohlfslab/abierly2/LongTR/longTR_pipeline_HG03863/HG03863.chr22.vcf.gz	0.340331 seconds
Concatenating /scratch/rohlfslab/abierly2/LongTR/longTR_pipeline_HG03863/HG03863.chr2.vcf.gz	2.078984 seconds
Concatenating /scratch/rohlfslab/abierly2/LongTR/longTR_pipeline_HG03863/HG03863.chr3.vcf.gz	1.654487 seconds
Concatenating /scratch/rohlfslab/abierly2/LongTR/longTR_pipeline_HG03863/HG03863.chr4.vcf.gz	1.582474 seconds
Concatenating /scratch/rohlfslab/abierly2/LongTR/longTR_pipeline_HG03863/HG03863.chr5.vcf.gz	1.500386 seconds
Concatenating /scratch/rohlfslab/abierly2/LongTR/longTR_pipeline_HG03863/HG03863.chr6.vcf.gz	1.449890 seconds
Concatenating /scratch/rohlfslab/abierly2/LongTR/longTR_pipeline_HG03863/HG03863.chr7.vcf.gz	1.388818 seconds
Concatenating /scratch/rohlfslab/abierly2/LongTR/longTR_pipeline_HG03863/HG03863.chr8.vcf.gz	1.204751 seconds
Concatenating /scratch/rohlfslab/abierly2/LongTR/longTR_pipeline_HG03863/HG03863.chr9.vcf.gz	1.022452 seconds
Concatenating /scratch/rohlfslab/abierly2/LongTR/longTR_pipeline_HG03863/HG03863.chrM.vcf.gz	0.000362 seconds
Concatenating /scratch/rohlfslab/abierly2/LongTR/longTR_pipeline_HG03863/HG03863.chrX.vcf.gz	1.225332 seconds
Concatenating /scratch/rohlfslab/abierly2/LongTR/longTR_pipeline_HG03863/HG03863.chrY.vcf.gz	0.000339 seconds
