Checking the headers and starting positions of 25 files
Concatenating /scratch/rohlfslab/abierly2/LongTR/longTR_pipeline_HG03784/HG03784.chr10.vcf.gz	1.248949 seconds
Concatenating /scratch/rohlfslab/abierly2/LongTR/longTR_pipeline_HG03784/HG03784.chr11.vcf.gz	1.188652 seconds
Concatenating /scratch/rohlfslab/abierly2/LongTR/longTR_pipeline_HG03784/HG03784.chr12.vcf.gz	1.261291 seconds
Concatenating /scratch/rohlfslab/abierly2/LongTR/longTR_pipeline_HG03784/HG03784.chr13.vcf.gz	0.869554 seconds
Concatenating /scratch/rohlfslab/abierly2/LongTR/longTR_pipeline_HG03784/HG03784.chr14.vcf.gz	0.832213 seconds
Concatenating /scratch/rohlfslab/abierly2/LongTR/longTR_pipeline_HG03784/HG03784.chr15.vcf.gz	0.782451 seconds
Concatenating /scratch/rohlfslab/abierly2/LongTR/longTR_pipeline_HG03784/HG03784.chr16.vcf.gz	0.814692 seconds
Concatenating /scratch/rohlfslab/abierly2/LongTR/longTR_pipeline_HG03784/HG03784.chr17.vcf.gz	0.843100 seconds
Concatenating /scratch/rohlfslab/abierly2/LongTR/longTR_pipeline_HG03784/HG03784.chr18.vcf.gz	0.623511 seconds
Concatenating /scratch/rohlfslab/abierly2/LongTR/longTR_pipeline_HG03784/HG03784.chr19.vcf.gz	0.699061 seconds
Concatenating /scratch/rohlfslab/abierly2/LongTR/longTR_pipeline_HG03784/HG03784.chr1.vcf.gz	2.238430 seconds
Concatenating /scratch/rohlfslab/abierly2/LongTR/longTR_pipeline_HG03784/HG03784.chr20.vcf.gz	0.520250 seconds
Concatenating /scratch/rohlfslab/abierly2/LongTR/longTR_pipeline_HG03784/HG03784.chr21.vcf.gz	0.303508 seconds
Concatenating /scratch/rohlfslab/abierly2/LongTR/longTR_pipeline_HG03784/HG03784.chr22.vcf.gz	0.367550 seconds
Concatenating /scratch/rohlfslab/abierly2/LongTR/longTR_pipeline_HG03784/HG03784.chr2.vcf.gz	2.219594 seconds
Concatenating /scratch/rohlfslab/abierly2/LongTR/longTR_pipeline_HG03784/HG03784.chr3.vcf.gz	1.787716 seconds
Concatenating /scratch/rohlfslab/abierly2/LongTR/longTR_pipeline_HG03784/HG03784.chr4.vcf.gz	1.711663 seconds
Concatenating /scratch/rohlfslab/abierly2/LongTR/longTR_pipeline_HG03784/HG03784.chr5.vcf.gz	1.608017 seconds
Concatenating /scratch/rohlfslab/abierly2/LongTR/longTR_pipeline_HG03784/HG03784.chr6.vcf.gz	1.544424 seconds
Concatenating /scratch/rohlfslab/abierly2/LongTR/longTR_pipeline_HG03784/HG03784.chr7.vcf.gz	1.489574 seconds
Concatenating /scratch/rohlfslab/abierly2/LongTR/longTR_pipeline_HG03784/HG03784.chr8.vcf.gz	1.292555 seconds
Concatenating /scratch/rohlfslab/abierly2/LongTR/longTR_pipeline_HG03784/HG03784.chr9.vcf.gz	1.105762 seconds
Concatenating /scratch/rohlfslab/abierly2/LongTR/longTR_pipeline_HG03784/HG03784.chrM.vcf.gz	0.000327 seconds
Concatenating /scratch/rohlfslab/abierly2/LongTR/longTR_pipeline_HG03784/HG03784.chrX.vcf.gz	1.345431 seconds
Concatenating /scratch/rohlfslab/abierly2/LongTR/longTR_pipeline_HG03784/HG03784.chrY.vcf.gz	0.000348 seconds
