Checking the headers and starting positions of 25 files
Concatenating /scratch/rohlfslab/abierly2/LongTR/longTR_pipeline_HG01104/HG01104.chr10.vcf.gz	0.951310 seconds
Concatenating /scratch/rohlfslab/abierly2/LongTR/longTR_pipeline_HG01104/HG01104.chr11.vcf.gz	0.923680 seconds
Concatenating /scratch/rohlfslab/abierly2/LongTR/longTR_pipeline_HG01104/HG01104.chr12.vcf.gz	1.004503 seconds
Concatenating /scratch/rohlfslab/abierly2/LongTR/longTR_pipeline_HG01104/HG01104.chr13.vcf.gz	0.690445 seconds
Concatenating /scratch/rohlfslab/abierly2/LongTR/longTR_pipeline_HG01104/HG01104.chr14.vcf.gz	0.647163 seconds
Concatenating /scratch/rohlfslab/abierly2/LongTR/longTR_pipeline_HG01104/HG01104.chr15.vcf.gz	0.601670 seconds
Concatenating /scratch/rohlfslab/abierly2/LongTR/longTR_pipeline_HG01104/HG01104.chr16.vcf.gz	0.622700 seconds
Concatenating /scratch/rohlfslab/abierly2/LongTR/longTR_pipeline_HG01104/HG01104.chr17.vcf.gz	0.651940 seconds
Concatenating /scratch/rohlfslab/abierly2/LongTR/longTR_pipeline_HG01104/HG01104.chr18.vcf.gz	0.481514 seconds
Concatenating /scratch/rohlfslab/abierly2/LongTR/longTR_pipeline_HG01104/HG01104.chr19.vcf.gz	0.545890 seconds
Concatenating /scratch/rohlfslab/abierly2/LongTR/longTR_pipeline_HG01104/HG01104.chr1.vcf.gz	1.775633 seconds
Concatenating /scratch/rohlfslab/abierly2/LongTR/longTR_pipeline_HG01104/HG01104.chr20.vcf.gz	0.399449 seconds
Concatenating /scratch/rohlfslab/abierly2/LongTR/longTR_pipeline_HG01104/HG01104.chr21.vcf.gz	0.236721 seconds
Concatenating /scratch/rohlfslab/abierly2/LongTR/longTR_pipeline_HG01104/HG01104.chr22.vcf.gz	0.280257 seconds
Concatenating /scratch/rohlfslab/abierly2/LongTR/longTR_pipeline_HG01104/HG01104.chr2.vcf.gz	1.725901 seconds
Concatenating /scratch/rohlfslab/abierly2/LongTR/longTR_pipeline_HG01104/HG01104.chr3.vcf.gz	1.400839 seconds
Concatenating /scratch/rohlfslab/abierly2/LongTR/longTR_pipeline_HG01104/HG01104.chr4.vcf.gz	1.299137 seconds
Concatenating /scratch/rohlfslab/abierly2/LongTR/longTR_pipeline_HG01104/HG01104.chr5.vcf.gz	1.229341 seconds
Concatenating /scratch/rohlfslab/abierly2/LongTR/longTR_pipeline_HG01104/HG01104.chr6.vcf.gz	1.200789 seconds
Concatenating /scratch/rohlfslab/abierly2/LongTR/longTR_pipeline_HG01104/HG01104.chr7.vcf.gz	1.139953 seconds
Concatenating /scratch/rohlfslab/abierly2/LongTR/longTR_pipeline_HG01104/HG01104.chr8.vcf.gz	0.982971 seconds
Concatenating /scratch/rohlfslab/abierly2/LongTR/longTR_pipeline_HG01104/HG01104.chr9.vcf.gz	0.835935 seconds
Concatenating /scratch/rohlfslab/abierly2/LongTR/longTR_pipeline_HG01104/HG01104.chrM.vcf.gz	0.001650 seconds
Concatenating /scratch/rohlfslab/abierly2/LongTR/longTR_pipeline_HG01104/HG01104.chrX.vcf.gz	0.217264 seconds
Concatenating /scratch/rohlfslab/abierly2/LongTR/longTR_pipeline_HG01104/HG01104.chrY.vcf.gz	0.005763 seconds
