Checking the headers and starting positions of 25 files
Concatenating /scratch/rohlfslab/abierly2/LongTR/longTR_pipeline_HG03925/HG03925.chr10.vcf.gz	1.124970 seconds
Concatenating /scratch/rohlfslab/abierly2/LongTR/longTR_pipeline_HG03925/HG03925.chr11.vcf.gz	1.068138 seconds
Concatenating /scratch/rohlfslab/abierly2/LongTR/longTR_pipeline_HG03925/HG03925.chr12.vcf.gz	1.131043 seconds
Concatenating /scratch/rohlfslab/abierly2/LongTR/longTR_pipeline_HG03925/HG03925.chr13.vcf.gz	0.768165 seconds
Concatenating /scratch/rohlfslab/abierly2/LongTR/longTR_pipeline_HG03925/HG03925.chr14.vcf.gz	0.738895 seconds
Concatenating /scratch/rohlfslab/abierly2/LongTR/longTR_pipeline_HG03925/HG03925.chr15.vcf.gz	0.695413 seconds
Concatenating /scratch/rohlfslab/abierly2/LongTR/longTR_pipeline_HG03925/HG03925.chr16.vcf.gz	0.735925 seconds
Concatenating /scratch/rohlfslab/abierly2/LongTR/longTR_pipeline_HG03925/HG03925.chr17.vcf.gz	0.764698 seconds
Concatenating /scratch/rohlfslab/abierly2/LongTR/longTR_pipeline_HG03925/HG03925.chr18.vcf.gz	0.556696 seconds
Concatenating /scratch/rohlfslab/abierly2/LongTR/longTR_pipeline_HG03925/HG03925.chr19.vcf.gz	0.628081 seconds
Concatenating /scratch/rohlfslab/abierly2/LongTR/longTR_pipeline_HG03925/HG03925.chr1.vcf.gz	1.999326 seconds
Concatenating /scratch/rohlfslab/abierly2/LongTR/longTR_pipeline_HG03925/HG03925.chr20.vcf.gz	0.472729 seconds
Concatenating /scratch/rohlfslab/abierly2/LongTR/longTR_pipeline_HG03925/HG03925.chr21.vcf.gz	0.271564 seconds
Concatenating /scratch/rohlfslab/abierly2/LongTR/longTR_pipeline_HG03925/HG03925.chr22.vcf.gz	0.335249 seconds
Concatenating /scratch/rohlfslab/abierly2/LongTR/longTR_pipeline_HG03925/HG03925.chr2.vcf.gz	1.993156 seconds
Concatenating /scratch/rohlfslab/abierly2/LongTR/longTR_pipeline_HG03925/HG03925.chr3.vcf.gz	1.589064 seconds
Concatenating /scratch/rohlfslab/abierly2/LongTR/longTR_pipeline_HG03925/HG03925.chr4.vcf.gz	1.489874 seconds
Concatenating /scratch/rohlfslab/abierly2/LongTR/longTR_pipeline_HG03925/HG03925.chr5.vcf.gz	1.432551 seconds
Concatenating /scratch/rohlfslab/abierly2/LongTR/longTR_pipeline_HG03925/HG03925.chr6.vcf.gz	1.386615 seconds
Concatenating /scratch/rohlfslab/abierly2/LongTR/longTR_pipeline_HG03925/HG03925.chr7.vcf.gz	1.338467 seconds
Concatenating /scratch/rohlfslab/abierly2/LongTR/longTR_pipeline_HG03925/HG03925.chr8.vcf.gz	1.148046 seconds
Concatenating /scratch/rohlfslab/abierly2/LongTR/longTR_pipeline_HG03925/HG03925.chr9.vcf.gz	0.989109 seconds
Concatenating /scratch/rohlfslab/abierly2/LongTR/longTR_pipeline_HG03925/HG03925.chrM.vcf.gz	0.000332 seconds
Concatenating /scratch/rohlfslab/abierly2/LongTR/longTR_pipeline_HG03925/HG03925.chrX.vcf.gz	1.164107 seconds
Concatenating /scratch/rohlfslab/abierly2/LongTR/longTR_pipeline_HG03925/HG03925.chrY.vcf.gz	0.000314 seconds
