Checking the headers and starting positions of 25 files
Concatenating /scratch/rohlfslab/abierly2/LongTR/longTR_pipeline_NA18528/NA18528.chr10.vcf.gz	1.089952 seconds
Concatenating /scratch/rohlfslab/abierly2/LongTR/longTR_pipeline_NA18528/NA18528.chr11.vcf.gz	1.032461 seconds
Concatenating /scratch/rohlfslab/abierly2/LongTR/longTR_pipeline_NA18528/NA18528.chr12.vcf.gz	1.099241 seconds
Concatenating /scratch/rohlfslab/abierly2/LongTR/longTR_pipeline_NA18528/NA18528.chr13.vcf.gz	0.762057 seconds
Concatenating /scratch/rohlfslab/abierly2/LongTR/longTR_pipeline_NA18528/NA18528.chr14.vcf.gz	0.730290 seconds
Concatenating /scratch/rohlfslab/abierly2/LongTR/longTR_pipeline_NA18528/NA18528.chr15.vcf.gz	0.676017 seconds
Concatenating /scratch/rohlfslab/abierly2/LongTR/longTR_pipeline_NA18528/NA18528.chr16.vcf.gz	0.702733 seconds
Concatenating /scratch/rohlfslab/abierly2/LongTR/longTR_pipeline_NA18528/NA18528.chr17.vcf.gz	0.734394 seconds
Concatenating /scratch/rohlfslab/abierly2/LongTR/longTR_pipeline_NA18528/NA18528.chr18.vcf.gz	0.548524 seconds
Concatenating /scratch/rohlfslab/abierly2/LongTR/longTR_pipeline_NA18528/NA18528.chr19.vcf.gz	0.606923 seconds
Concatenating /scratch/rohlfslab/abierly2/LongTR/longTR_pipeline_NA18528/NA18528.chr1.vcf.gz	1.959249 seconds
Concatenating /scratch/rohlfslab/abierly2/LongTR/longTR_pipeline_NA18528/NA18528.chr20.vcf.gz	0.462007 seconds
Concatenating /scratch/rohlfslab/abierly2/LongTR/longTR_pipeline_NA18528/NA18528.chr21.vcf.gz	0.267384 seconds
Concatenating /scratch/rohlfslab/abierly2/LongTR/longTR_pipeline_NA18528/NA18528.chr22.vcf.gz	0.305220 seconds
Concatenating /scratch/rohlfslab/abierly2/LongTR/longTR_pipeline_NA18528/NA18528.chr2.vcf.gz	1.943941 seconds
Concatenating /scratch/rohlfslab/abierly2/LongTR/longTR_pipeline_NA18528/NA18528.chr3.vcf.gz	1.561815 seconds
Concatenating /scratch/rohlfslab/abierly2/LongTR/longTR_pipeline_NA18528/NA18528.chr4.vcf.gz	1.473396 seconds
Concatenating /scratch/rohlfslab/abierly2/LongTR/longTR_pipeline_NA18528/NA18528.chr5.vcf.gz	1.432105 seconds
Concatenating /scratch/rohlfslab/abierly2/LongTR/longTR_pipeline_NA18528/NA18528.chr6.vcf.gz	1.392537 seconds
Concatenating /scratch/rohlfslab/abierly2/LongTR/longTR_pipeline_NA18528/NA18528.chr7.vcf.gz	1.297141 seconds
Concatenating /scratch/rohlfslab/abierly2/LongTR/longTR_pipeline_NA18528/NA18528.chr8.vcf.gz	1.144734 seconds
Concatenating /scratch/rohlfslab/abierly2/LongTR/longTR_pipeline_NA18528/NA18528.chr9.vcf.gz	0.947678 seconds
Concatenating /scratch/rohlfslab/abierly2/LongTR/longTR_pipeline_NA18528/NA18528.chrM.vcf.gz	0.000322 seconds
Concatenating /scratch/rohlfslab/abierly2/LongTR/longTR_pipeline_NA18528/NA18528.chrX.vcf.gz	1.151729 seconds
Concatenating /scratch/rohlfslab/abierly2/LongTR/longTR_pipeline_NA18528/NA18528.chrY.vcf.gz	0.000319 seconds
