Checking the headers and starting positions of 25 files
Concatenating /scratch/rohlfslab/abierly2/LongTR/longTR_pipeline_HG01809/HG01809.chr10.vcf.gz	1.173704 seconds
Concatenating /scratch/rohlfslab/abierly2/LongTR/longTR_pipeline_HG01809/HG01809.chr11.vcf.gz	1.138310 seconds
Concatenating /scratch/rohlfslab/abierly2/LongTR/longTR_pipeline_HG01809/HG01809.chr12.vcf.gz	1.222915 seconds
Concatenating /scratch/rohlfslab/abierly2/LongTR/longTR_pipeline_HG01809/HG01809.chr13.vcf.gz	0.809032 seconds
Concatenating /scratch/rohlfslab/abierly2/LongTR/longTR_pipeline_HG01809/HG01809.chr14.vcf.gz	0.765434 seconds
Concatenating /scratch/rohlfslab/abierly2/LongTR/longTR_pipeline_HG01809/HG01809.chr15.vcf.gz	0.722993 seconds
Concatenating /scratch/rohlfslab/abierly2/LongTR/longTR_pipeline_HG01809/HG01809.chr16.vcf.gz	0.740255 seconds
Concatenating /scratch/rohlfslab/abierly2/LongTR/longTR_pipeline_HG01809/HG01809.chr17.vcf.gz	0.777507 seconds
Concatenating /scratch/rohlfslab/abierly2/LongTR/longTR_pipeline_HG01809/HG01809.chr18.vcf.gz	0.580807 seconds
Concatenating /scratch/rohlfslab/abierly2/LongTR/longTR_pipeline_HG01809/HG01809.chr19.vcf.gz	0.646074 seconds
Concatenating /scratch/rohlfslab/abierly2/LongTR/longTR_pipeline_HG01809/HG01809.chr1.vcf.gz	2.076723 seconds
Concatenating /scratch/rohlfslab/abierly2/LongTR/longTR_pipeline_HG01809/HG01809.chr20.vcf.gz	0.481732 seconds
Concatenating /scratch/rohlfslab/abierly2/LongTR/longTR_pipeline_HG01809/HG01809.chr21.vcf.gz	0.284101 seconds
Concatenating /scratch/rohlfslab/abierly2/LongTR/longTR_pipeline_HG01809/HG01809.chr22.vcf.gz	0.342367 seconds
Concatenating /scratch/rohlfslab/abierly2/LongTR/longTR_pipeline_HG01809/HG01809.chr2.vcf.gz	2.091258 seconds
Concatenating /scratch/rohlfslab/abierly2/LongTR/longTR_pipeline_HG01809/HG01809.chr3.vcf.gz	1.675809 seconds
Concatenating /scratch/rohlfslab/abierly2/LongTR/longTR_pipeline_HG01809/HG01809.chr4.vcf.gz	1.590018 seconds
Concatenating /scratch/rohlfslab/abierly2/LongTR/longTR_pipeline_HG01809/HG01809.chr5.vcf.gz	1.543544 seconds
Concatenating /scratch/rohlfslab/abierly2/LongTR/longTR_pipeline_HG01809/HG01809.chr6.vcf.gz	1.503433 seconds
Concatenating /scratch/rohlfslab/abierly2/LongTR/longTR_pipeline_HG01809/HG01809.chr7.vcf.gz	1.372889 seconds
Concatenating /scratch/rohlfslab/abierly2/LongTR/longTR_pipeline_HG01809/HG01809.chr8.vcf.gz	1.204688 seconds
Concatenating /scratch/rohlfslab/abierly2/LongTR/longTR_pipeline_HG01809/HG01809.chr9.vcf.gz	1.030538 seconds
Concatenating /scratch/rohlfslab/abierly2/LongTR/longTR_pipeline_HG01809/HG01809.chrM.vcf.gz	0.002135 seconds
Concatenating /scratch/rohlfslab/abierly2/LongTR/longTR_pipeline_HG01809/HG01809.chrX.vcf.gz	1.225076 seconds
Concatenating /scratch/rohlfslab/abierly2/LongTR/longTR_pipeline_HG01809/HG01809.chrY.vcf.gz	0.000356 seconds
