Checking the headers and starting positions of 25 files
Concatenating /scratch/rohlfslab/abierly2/LongTR/longTR_pipeline_HG00360/HG00360.chr10.vcf.gz	1.237696 seconds
Concatenating /scratch/rohlfslab/abierly2/LongTR/longTR_pipeline_HG00360/HG00360.chr11.vcf.gz	1.183828 seconds
Concatenating /scratch/rohlfslab/abierly2/LongTR/longTR_pipeline_HG00360/HG00360.chr12.vcf.gz	1.250486 seconds
Concatenating /scratch/rohlfslab/abierly2/LongTR/longTR_pipeline_HG00360/HG00360.chr13.vcf.gz	0.862755 seconds
Concatenating /scratch/rohlfslab/abierly2/LongTR/longTR_pipeline_HG00360/HG00360.chr14.vcf.gz	0.817217 seconds
Concatenating /scratch/rohlfslab/abierly2/LongTR/longTR_pipeline_HG00360/HG00360.chr15.vcf.gz	0.765861 seconds
Concatenating /scratch/rohlfslab/abierly2/LongTR/longTR_pipeline_HG00360/HG00360.chr16.vcf.gz	0.800655 seconds
Concatenating /scratch/rohlfslab/abierly2/LongTR/longTR_pipeline_HG00360/HG00360.chr17.vcf.gz	0.834796 seconds
Concatenating /scratch/rohlfslab/abierly2/LongTR/longTR_pipeline_HG00360/HG00360.chr18.vcf.gz	0.621945 seconds
Concatenating /scratch/rohlfslab/abierly2/LongTR/longTR_pipeline_HG00360/HG00360.chr19.vcf.gz	0.693345 seconds
Concatenating /scratch/rohlfslab/abierly2/LongTR/longTR_pipeline_HG00360/HG00360.chr1.vcf.gz	2.203581 seconds
Concatenating /scratch/rohlfslab/abierly2/LongTR/longTR_pipeline_HG00360/HG00360.chr20.vcf.gz	0.519166 seconds
Concatenating /scratch/rohlfslab/abierly2/LongTR/longTR_pipeline_HG00360/HG00360.chr21.vcf.gz	0.301902 seconds
Concatenating /scratch/rohlfslab/abierly2/LongTR/longTR_pipeline_HG00360/HG00360.chr22.vcf.gz	0.366907 seconds
Concatenating /scratch/rohlfslab/abierly2/LongTR/longTR_pipeline_HG00360/HG00360.chr2.vcf.gz	2.202509 seconds
Concatenating /scratch/rohlfslab/abierly2/LongTR/longTR_pipeline_HG00360/HG00360.chr3.vcf.gz	1.771875 seconds
Concatenating /scratch/rohlfslab/abierly2/LongTR/longTR_pipeline_HG00360/HG00360.chr4.vcf.gz	1.707752 seconds
Concatenating /scratch/rohlfslab/abierly2/LongTR/longTR_pipeline_HG00360/HG00360.chr5.vcf.gz	1.591900 seconds
Concatenating /scratch/rohlfslab/abierly2/LongTR/longTR_pipeline_HG00360/HG00360.chr6.vcf.gz	1.550459 seconds
Concatenating /scratch/rohlfslab/abierly2/LongTR/longTR_pipeline_HG00360/HG00360.chr7.vcf.gz	1.479531 seconds
Concatenating /scratch/rohlfslab/abierly2/LongTR/longTR_pipeline_HG00360/HG00360.chr8.vcf.gz	1.284422 seconds
Concatenating /scratch/rohlfslab/abierly2/LongTR/longTR_pipeline_HG00360/HG00360.chr9.vcf.gz	1.085160 seconds
Concatenating /scratch/rohlfslab/abierly2/LongTR/longTR_pipeline_HG00360/HG00360.chrM.vcf.gz	0.000334 seconds
Concatenating /scratch/rohlfslab/abierly2/LongTR/longTR_pipeline_HG00360/HG00360.chrX.vcf.gz	1.020919 seconds
Concatenating /scratch/rohlfslab/abierly2/LongTR/longTR_pipeline_HG00360/HG00360.chrY.vcf.gz	0.050840 seconds
