Checking the headers and starting positions of 25 files
Concatenating /scratch/rohlfslab/abierly2/LongTR/longTR_pipeline_HG03900/HG03900.chr10.vcf.gz	1.222867 seconds
Concatenating /scratch/rohlfslab/abierly2/LongTR/longTR_pipeline_HG03900/HG03900.chr11.vcf.gz	1.164508 seconds
Concatenating /scratch/rohlfslab/abierly2/LongTR/longTR_pipeline_HG03900/HG03900.chr12.vcf.gz	1.239145 seconds
Concatenating /scratch/rohlfslab/abierly2/LongTR/longTR_pipeline_HG03900/HG03900.chr13.vcf.gz	0.849877 seconds
Concatenating /scratch/rohlfslab/abierly2/LongTR/longTR_pipeline_HG03900/HG03900.chr14.vcf.gz	0.803807 seconds
Concatenating /scratch/rohlfslab/abierly2/LongTR/longTR_pipeline_HG03900/HG03900.chr15.vcf.gz	0.750561 seconds
Concatenating /scratch/rohlfslab/abierly2/LongTR/longTR_pipeline_HG03900/HG03900.chr16.vcf.gz	0.781117 seconds
Concatenating /scratch/rohlfslab/abierly2/LongTR/longTR_pipeline_HG03900/HG03900.chr17.vcf.gz	0.814705 seconds
Concatenating /scratch/rohlfslab/abierly2/LongTR/longTR_pipeline_HG03900/HG03900.chr18.vcf.gz	0.613428 seconds
Concatenating /scratch/rohlfslab/abierly2/LongTR/longTR_pipeline_HG03900/HG03900.chr19.vcf.gz	0.680403 seconds
Concatenating /scratch/rohlfslab/abierly2/LongTR/longTR_pipeline_HG03900/HG03900.chr1.vcf.gz	2.158205 seconds
Concatenating /scratch/rohlfslab/abierly2/LongTR/longTR_pipeline_HG03900/HG03900.chr20.vcf.gz	0.514278 seconds
Concatenating /scratch/rohlfslab/abierly2/LongTR/longTR_pipeline_HG03900/HG03900.chr21.vcf.gz	0.297128 seconds
Concatenating /scratch/rohlfslab/abierly2/LongTR/longTR_pipeline_HG03900/HG03900.chr22.vcf.gz	0.361177 seconds
Concatenating /scratch/rohlfslab/abierly2/LongTR/longTR_pipeline_HG03900/HG03900.chr2.vcf.gz	2.172322 seconds
Concatenating /scratch/rohlfslab/abierly2/LongTR/longTR_pipeline_HG03900/HG03900.chr3.vcf.gz	1.739637 seconds
Concatenating /scratch/rohlfslab/abierly2/LongTR/longTR_pipeline_HG03900/HG03900.chr4.vcf.gz	1.668711 seconds
Concatenating /scratch/rohlfslab/abierly2/LongTR/longTR_pipeline_HG03900/HG03900.chr5.vcf.gz	1.566810 seconds
Concatenating /scratch/rohlfslab/abierly2/LongTR/longTR_pipeline_HG03900/HG03900.chr6.vcf.gz	1.519720 seconds
Concatenating /scratch/rohlfslab/abierly2/LongTR/longTR_pipeline_HG03900/HG03900.chr7.vcf.gz	1.456702 seconds
Concatenating /scratch/rohlfslab/abierly2/LongTR/longTR_pipeline_HG03900/HG03900.chr8.vcf.gz	1.268001 seconds
Concatenating /scratch/rohlfslab/abierly2/LongTR/longTR_pipeline_HG03900/HG03900.chr9.vcf.gz	1.063938 seconds
Concatenating /scratch/rohlfslab/abierly2/LongTR/longTR_pipeline_HG03900/HG03900.chrM.vcf.gz	0.000330 seconds
Concatenating /scratch/rohlfslab/abierly2/LongTR/longTR_pipeline_HG03900/HG03900.chrX.vcf.gz	0.534877 seconds
Concatenating /scratch/rohlfslab/abierly2/LongTR/longTR_pipeline_HG03900/HG03900.chrY.vcf.gz	0.028861 seconds
