Checking the headers and starting positions of 25 files
Concatenating /scratch/rohlfslab/abierly2/LongTR/longTR_pipeline_HG01197/HG01197.chr10.vcf.gz	1.005435 seconds
Concatenating /scratch/rohlfslab/abierly2/LongTR/longTR_pipeline_HG01197/HG01197.chr11.vcf.gz	0.990936 seconds
Concatenating /scratch/rohlfslab/abierly2/LongTR/longTR_pipeline_HG01197/HG01197.chr12.vcf.gz	1.017585 seconds
Concatenating /scratch/rohlfslab/abierly2/LongTR/longTR_pipeline_HG01197/HG01197.chr13.vcf.gz	0.706420 seconds
Concatenating /scratch/rohlfslab/abierly2/LongTR/longTR_pipeline_HG01197/HG01197.chr14.vcf.gz	0.672343 seconds
Concatenating /scratch/rohlfslab/abierly2/LongTR/longTR_pipeline_HG01197/HG01197.chr15.vcf.gz	0.631204 seconds
Concatenating /scratch/rohlfslab/abierly2/LongTR/longTR_pipeline_HG01197/HG01197.chr16.vcf.gz	0.636117 seconds
Concatenating /scratch/rohlfslab/abierly2/LongTR/longTR_pipeline_HG01197/HG01197.chr17.vcf.gz	0.673547 seconds
Concatenating /scratch/rohlfslab/abierly2/LongTR/longTR_pipeline_HG01197/HG01197.chr18.vcf.gz	0.508503 seconds
Concatenating /scratch/rohlfslab/abierly2/LongTR/longTR_pipeline_HG01197/HG01197.chr19.vcf.gz	0.546752 seconds
Concatenating /scratch/rohlfslab/abierly2/LongTR/longTR_pipeline_HG01197/HG01197.chr1.vcf.gz	1.801120 seconds
Concatenating /scratch/rohlfslab/abierly2/LongTR/longTR_pipeline_HG01197/HG01197.chr20.vcf.gz	0.417408 seconds
Concatenating /scratch/rohlfslab/abierly2/LongTR/longTR_pipeline_HG01197/HG01197.chr21.vcf.gz	0.245418 seconds
Concatenating /scratch/rohlfslab/abierly2/LongTR/longTR_pipeline_HG01197/HG01197.chr22.vcf.gz	0.290492 seconds
Concatenating /scratch/rohlfslab/abierly2/LongTR/longTR_pipeline_HG01197/HG01197.chr2.vcf.gz	1.799318 seconds
Concatenating /scratch/rohlfslab/abierly2/LongTR/longTR_pipeline_HG01197/HG01197.chr3.vcf.gz	1.454696 seconds
Concatenating /scratch/rohlfslab/abierly2/LongTR/longTR_pipeline_HG01197/HG01197.chr4.vcf.gz	1.391400 seconds
Concatenating /scratch/rohlfslab/abierly2/LongTR/longTR_pipeline_HG01197/HG01197.chr5.vcf.gz	1.312267 seconds
Concatenating /scratch/rohlfslab/abierly2/LongTR/longTR_pipeline_HG01197/HG01197.chr6.vcf.gz	1.271331 seconds
Concatenating /scratch/rohlfslab/abierly2/LongTR/longTR_pipeline_HG01197/HG01197.chr7.vcf.gz	1.211117 seconds
Concatenating /scratch/rohlfslab/abierly2/LongTR/longTR_pipeline_HG01197/HG01197.chr8.vcf.gz	1.058335 seconds
Concatenating /scratch/rohlfslab/abierly2/LongTR/longTR_pipeline_HG01197/HG01197.chr9.vcf.gz	0.887258 seconds
Concatenating /scratch/rohlfslab/abierly2/LongTR/longTR_pipeline_HG01197/HG01197.chrM.vcf.gz	0.000296 seconds
Concatenating /scratch/rohlfslab/abierly2/LongTR/longTR_pipeline_HG01197/HG01197.chrX.vcf.gz	0.213960 seconds
Concatenating /scratch/rohlfslab/abierly2/LongTR/longTR_pipeline_HG01197/HG01197.chrY.vcf.gz	0.008551 seconds
