Checking the headers and starting positions of 25 files
Concatenating /scratch/rohlfslab/abierly2/LongTR/longTR_pipeline_NA18621/NA18621.chr10.vcf.gz	0.651361 seconds
Concatenating /scratch/rohlfslab/abierly2/LongTR/longTR_pipeline_NA18621/NA18621.chr11.vcf.gz	0.630383 seconds
Concatenating /scratch/rohlfslab/abierly2/LongTR/longTR_pipeline_NA18621/NA18621.chr12.vcf.gz	0.678408 seconds
Concatenating /scratch/rohlfslab/abierly2/LongTR/longTR_pipeline_NA18621/NA18621.chr13.vcf.gz	0.417778 seconds
Concatenating /scratch/rohlfslab/abierly2/LongTR/longTR_pipeline_NA18621/NA18621.chr14.vcf.gz	0.432620 seconds
Concatenating /scratch/rohlfslab/abierly2/LongTR/longTR_pipeline_NA18621/NA18621.chr15.vcf.gz	0.414546 seconds
Concatenating /scratch/rohlfslab/abierly2/LongTR/longTR_pipeline_NA18621/NA18621.chr16.vcf.gz	0.437136 seconds
Concatenating /scratch/rohlfslab/abierly2/LongTR/longTR_pipeline_NA18621/NA18621.chr17.vcf.gz	0.482778 seconds
Concatenating /scratch/rohlfslab/abierly2/LongTR/longTR_pipeline_NA18621/NA18621.chr18.vcf.gz	0.305841 seconds
Concatenating /scratch/rohlfslab/abierly2/LongTR/longTR_pipeline_NA18621/NA18621.chr19.vcf.gz	0.464603 seconds
Concatenating /scratch/rohlfslab/abierly2/LongTR/longTR_pipeline_NA18621/NA18621.chr1.vcf.gz	1.201129 seconds
Concatenating /scratch/rohlfslab/abierly2/LongTR/longTR_pipeline_NA18621/NA18621.chr20.vcf.gz	0.275504 seconds
Concatenating /scratch/rohlfslab/abierly2/LongTR/longTR_pipeline_NA18621/NA18621.chr21.vcf.gz	0.164081 seconds
Concatenating /scratch/rohlfslab/abierly2/LongTR/longTR_pipeline_NA18621/NA18621.chr22.vcf.gz	0.221934 seconds
Concatenating /scratch/rohlfslab/abierly2/LongTR/longTR_pipeline_NA18621/NA18621.chr2.vcf.gz	1.120871 seconds
Concatenating /scratch/rohlfslab/abierly2/LongTR/longTR_pipeline_NA18621/NA18621.chr3.vcf.gz	0.895152 seconds
Concatenating /scratch/rohlfslab/abierly2/LongTR/longTR_pipeline_NA18621/NA18621.chr4.vcf.gz	0.799432 seconds
Concatenating /scratch/rohlfslab/abierly2/LongTR/longTR_pipeline_NA18621/NA18621.chr5.vcf.gz	0.802019 seconds
Concatenating /scratch/rohlfslab/abierly2/LongTR/longTR_pipeline_NA18621/NA18621.chr6.vcf.gz	0.792839 seconds
Concatenating /scratch/rohlfslab/abierly2/LongTR/longTR_pipeline_NA18621/NA18621.chr7.vcf.gz	0.761037 seconds
Concatenating /scratch/rohlfslab/abierly2/LongTR/longTR_pipeline_NA18621/NA18621.chr8.vcf.gz	0.639270 seconds
Concatenating /scratch/rohlfslab/abierly2/LongTR/longTR_pipeline_NA18621/NA18621.chr9.vcf.gz	0.577988 seconds
Concatenating /scratch/rohlfslab/abierly2/LongTR/longTR_pipeline_NA18621/NA18621.chrM.vcf.gz	0.000299 seconds
Concatenating /scratch/rohlfslab/abierly2/LongTR/longTR_pipeline_NA18621/NA18621.chrX.vcf.gz	0.076584 seconds
Concatenating /scratch/rohlfslab/abierly2/LongTR/longTR_pipeline_NA18621/NA18621.chrY.vcf.gz	0.003935 seconds
