Checking the headers and starting positions of 25 files
Concatenating /scratch/rohlfslab/abierly2/LongTR/longTR_pipeline_NA19723/NA19723.chr10.vcf.gz	1.241449 seconds
Concatenating /scratch/rohlfslab/abierly2/LongTR/longTR_pipeline_NA19723/NA19723.chr11.vcf.gz	1.181360 seconds
Concatenating /scratch/rohlfslab/abierly2/LongTR/longTR_pipeline_NA19723/NA19723.chr12.vcf.gz	1.251539 seconds
Concatenating /scratch/rohlfslab/abierly2/LongTR/longTR_pipeline_NA19723/NA19723.chr13.vcf.gz	0.865529 seconds
Concatenating /scratch/rohlfslab/abierly2/LongTR/longTR_pipeline_NA19723/NA19723.chr14.vcf.gz	0.818885 seconds
Concatenating /scratch/rohlfslab/abierly2/LongTR/longTR_pipeline_NA19723/NA19723.chr15.vcf.gz	0.764902 seconds
Concatenating /scratch/rohlfslab/abierly2/LongTR/longTR_pipeline_NA19723/NA19723.chr16.vcf.gz	0.805540 seconds
Concatenating /scratch/rohlfslab/abierly2/LongTR/longTR_pipeline_NA19723/NA19723.chr17.vcf.gz	0.845093 seconds
Concatenating /scratch/rohlfslab/abierly2/LongTR/longTR_pipeline_NA19723/NA19723.chr18.vcf.gz	0.629374 seconds
Concatenating /scratch/rohlfslab/abierly2/LongTR/longTR_pipeline_NA19723/NA19723.chr19.vcf.gz	0.701000 seconds
Concatenating /scratch/rohlfslab/abierly2/LongTR/longTR_pipeline_NA19723/NA19723.chr1.vcf.gz	2.228155 seconds
Concatenating /scratch/rohlfslab/abierly2/LongTR/longTR_pipeline_NA19723/NA19723.chr20.vcf.gz	0.521368 seconds
Concatenating /scratch/rohlfslab/abierly2/LongTR/longTR_pipeline_NA19723/NA19723.chr21.vcf.gz	0.300844 seconds
Concatenating /scratch/rohlfslab/abierly2/LongTR/longTR_pipeline_NA19723/NA19723.chr22.vcf.gz	0.362853 seconds
Concatenating /scratch/rohlfslab/abierly2/LongTR/longTR_pipeline_NA19723/NA19723.chr2.vcf.gz	2.205038 seconds
Concatenating /scratch/rohlfslab/abierly2/LongTR/longTR_pipeline_NA19723/NA19723.chr3.vcf.gz	1.756514 seconds
Concatenating /scratch/rohlfslab/abierly2/LongTR/longTR_pipeline_NA19723/NA19723.chr4.vcf.gz	1.680264 seconds
Concatenating /scratch/rohlfslab/abierly2/LongTR/longTR_pipeline_NA19723/NA19723.chr5.vcf.gz	1.595218 seconds
Concatenating /scratch/rohlfslab/abierly2/LongTR/longTR_pipeline_NA19723/NA19723.chr6.vcf.gz	1.534300 seconds
Concatenating /scratch/rohlfslab/abierly2/LongTR/longTR_pipeline_NA19723/NA19723.chr7.vcf.gz	1.479266 seconds
Concatenating /scratch/rohlfslab/abierly2/LongTR/longTR_pipeline_NA19723/NA19723.chr8.vcf.gz	1.284442 seconds
Concatenating /scratch/rohlfslab/abierly2/LongTR/longTR_pipeline_NA19723/NA19723.chr9.vcf.gz	1.087173 seconds
Concatenating /scratch/rohlfslab/abierly2/LongTR/longTR_pipeline_NA19723/NA19723.chrM.vcf.gz	0.000291 seconds
Concatenating /scratch/rohlfslab/abierly2/LongTR/longTR_pipeline_NA19723/NA19723.chrX.vcf.gz	0.896287 seconds
Concatenating /scratch/rohlfslab/abierly2/LongTR/longTR_pipeline_NA19723/NA19723.chrY.vcf.gz	0.048153 seconds
