Checking the headers and starting positions of 25 files
Concatenating /scratch/rohlfslab/abierly2/LongTR/longTR_pipeline_HG00740/HG00740.chr10.vcf.gz	1.243191 seconds
Concatenating /scratch/rohlfslab/abierly2/LongTR/longTR_pipeline_HG00740/HG00740.chr11.vcf.gz	1.179697 seconds
Concatenating /scratch/rohlfslab/abierly2/LongTR/longTR_pipeline_HG00740/HG00740.chr12.vcf.gz	1.245484 seconds
Concatenating /scratch/rohlfslab/abierly2/LongTR/longTR_pipeline_HG00740/HG00740.chr13.vcf.gz	0.861880 seconds
Concatenating /scratch/rohlfslab/abierly2/LongTR/longTR_pipeline_HG00740/HG00740.chr14.vcf.gz	0.819457 seconds
Concatenating /scratch/rohlfslab/abierly2/LongTR/longTR_pipeline_HG00740/HG00740.chr15.vcf.gz	0.768778 seconds
Concatenating /scratch/rohlfslab/abierly2/LongTR/longTR_pipeline_HG00740/HG00740.chr16.vcf.gz	0.809203 seconds
Concatenating /scratch/rohlfslab/abierly2/LongTR/longTR_pipeline_HG00740/HG00740.chr17.vcf.gz	0.840116 seconds
Concatenating /scratch/rohlfslab/abierly2/LongTR/longTR_pipeline_HG00740/HG00740.chr18.vcf.gz	0.643962 seconds
Concatenating /scratch/rohlfslab/abierly2/LongTR/longTR_pipeline_HG00740/HG00740.chr19.vcf.gz	0.695388 seconds
Concatenating /scratch/rohlfslab/abierly2/LongTR/longTR_pipeline_HG00740/HG00740.chr1.vcf.gz	2.199303 seconds
Concatenating /scratch/rohlfslab/abierly2/LongTR/longTR_pipeline_HG00740/HG00740.chr20.vcf.gz	0.518377 seconds
Concatenating /scratch/rohlfslab/abierly2/LongTR/longTR_pipeline_HG00740/HG00740.chr21.vcf.gz	0.300661 seconds
Concatenating /scratch/rohlfslab/abierly2/LongTR/longTR_pipeline_HG00740/HG00740.chr22.vcf.gz	0.365977 seconds
Concatenating /scratch/rohlfslab/abierly2/LongTR/longTR_pipeline_HG00740/HG00740.chr2.vcf.gz	2.198164 seconds
Concatenating /scratch/rohlfslab/abierly2/LongTR/longTR_pipeline_HG00740/HG00740.chr3.vcf.gz	1.772321 seconds
Concatenating /scratch/rohlfslab/abierly2/LongTR/longTR_pipeline_HG00740/HG00740.chr4.vcf.gz	1.690990 seconds
Concatenating /scratch/rohlfslab/abierly2/LongTR/longTR_pipeline_HG00740/HG00740.chr5.vcf.gz	1.604668 seconds
Concatenating /scratch/rohlfslab/abierly2/LongTR/longTR_pipeline_HG00740/HG00740.chr6.vcf.gz	1.550126 seconds
Concatenating /scratch/rohlfslab/abierly2/LongTR/longTR_pipeline_HG00740/HG00740.chr7.vcf.gz	1.478423 seconds
Concatenating /scratch/rohlfslab/abierly2/LongTR/longTR_pipeline_HG00740/HG00740.chr8.vcf.gz	1.285423 seconds
Concatenating /scratch/rohlfslab/abierly2/LongTR/longTR_pipeline_HG00740/HG00740.chr9.vcf.gz	1.083662 seconds
Concatenating /scratch/rohlfslab/abierly2/LongTR/longTR_pipeline_HG00740/HG00740.chrM.vcf.gz	0.000319 seconds
Concatenating /scratch/rohlfslab/abierly2/LongTR/longTR_pipeline_HG00740/HG00740.chrX.vcf.gz	1.331047 seconds
Concatenating /scratch/rohlfslab/abierly2/LongTR/longTR_pipeline_HG00740/HG00740.chrY.vcf.gz	0.000346 seconds
