Checking the headers and starting positions of 25 files
Concatenating /scratch/rohlfslab/abierly2/LongTR/longTR_pipeline_NA18605/NA18605.chr10.vcf.gz	1.238607 seconds
Concatenating /scratch/rohlfslab/abierly2/LongTR/longTR_pipeline_NA18605/NA18605.chr11.vcf.gz	1.177424 seconds
Concatenating /scratch/rohlfslab/abierly2/LongTR/longTR_pipeline_NA18605/NA18605.chr12.vcf.gz	1.250685 seconds
Concatenating /scratch/rohlfslab/abierly2/LongTR/longTR_pipeline_NA18605/NA18605.chr13.vcf.gz	0.859308 seconds
Concatenating /scratch/rohlfslab/abierly2/LongTR/longTR_pipeline_NA18605/NA18605.chr14.vcf.gz	0.814674 seconds
Concatenating /scratch/rohlfslab/abierly2/LongTR/longTR_pipeline_NA18605/NA18605.chr15.vcf.gz	0.800033 seconds
Concatenating /scratch/rohlfslab/abierly2/LongTR/longTR_pipeline_NA18605/NA18605.chr16.vcf.gz	0.797733 seconds
Concatenating /scratch/rohlfslab/abierly2/LongTR/longTR_pipeline_NA18605/NA18605.chr17.vcf.gz	0.833523 seconds
Concatenating /scratch/rohlfslab/abierly2/LongTR/longTR_pipeline_NA18605/NA18605.chr18.vcf.gz	0.615419 seconds
Concatenating /scratch/rohlfslab/abierly2/LongTR/longTR_pipeline_NA18605/NA18605.chr19.vcf.gz	0.696088 seconds
Concatenating /scratch/rohlfslab/abierly2/LongTR/longTR_pipeline_NA18605/NA18605.chr1.vcf.gz	2.199354 seconds
Concatenating /scratch/rohlfslab/abierly2/LongTR/longTR_pipeline_NA18605/NA18605.chr20.vcf.gz	0.518049 seconds
Concatenating /scratch/rohlfslab/abierly2/LongTR/longTR_pipeline_NA18605/NA18605.chr21.vcf.gz	0.316359 seconds
Concatenating /scratch/rohlfslab/abierly2/LongTR/longTR_pipeline_NA18605/NA18605.chr22.vcf.gz	0.386609 seconds
Concatenating /scratch/rohlfslab/abierly2/LongTR/longTR_pipeline_NA18605/NA18605.chr2.vcf.gz	2.216372 seconds
Concatenating /scratch/rohlfslab/abierly2/LongTR/longTR_pipeline_NA18605/NA18605.chr3.vcf.gz	1.768718 seconds
Concatenating /scratch/rohlfslab/abierly2/LongTR/longTR_pipeline_NA18605/NA18605.chr4.vcf.gz	1.702683 seconds
Concatenating /scratch/rohlfslab/abierly2/LongTR/longTR_pipeline_NA18605/NA18605.chr5.vcf.gz	1.621830 seconds
Concatenating /scratch/rohlfslab/abierly2/LongTR/longTR_pipeline_NA18605/NA18605.chr6.vcf.gz	1.520030 seconds
Concatenating /scratch/rohlfslab/abierly2/LongTR/longTR_pipeline_NA18605/NA18605.chr7.vcf.gz	1.475415 seconds
Concatenating /scratch/rohlfslab/abierly2/LongTR/longTR_pipeline_NA18605/NA18605.chr8.vcf.gz	1.284329 seconds
Concatenating /scratch/rohlfslab/abierly2/LongTR/longTR_pipeline_NA18605/NA18605.chr9.vcf.gz	1.085845 seconds
Concatenating /scratch/rohlfslab/abierly2/LongTR/longTR_pipeline_NA18605/NA18605.chrM.vcf.gz	0.000354 seconds
Concatenating /scratch/rohlfslab/abierly2/LongTR/longTR_pipeline_NA18605/NA18605.chrX.vcf.gz	0.931560 seconds
Concatenating /scratch/rohlfslab/abierly2/LongTR/longTR_pipeline_NA18605/NA18605.chrY.vcf.gz	0.044598 seconds
