Checking the headers and starting positions of 25 files
Concatenating /scratch/rohlfslab/abierly2/LongTR/longTR_pipeline_HG01870/HG01870.chr10.vcf.gz	0.023575 seconds
Concatenating /scratch/rohlfslab/abierly2/LongTR/longTR_pipeline_HG01870/HG01870.chr11.vcf.gz	0.027162 seconds
Concatenating /scratch/rohlfslab/abierly2/LongTR/longTR_pipeline_HG01870/HG01870.chr12.vcf.gz	0.026838 seconds
Concatenating /scratch/rohlfslab/abierly2/LongTR/longTR_pipeline_HG01870/HG01870.chr13.vcf.gz	0.014716 seconds
Concatenating /scratch/rohlfslab/abierly2/LongTR/longTR_pipeline_HG01870/HG01870.chr14.vcf.gz	0.017972 seconds
Concatenating /scratch/rohlfslab/abierly2/LongTR/longTR_pipeline_HG01870/HG01870.chr15.vcf.gz	0.019563 seconds
Concatenating /scratch/rohlfslab/abierly2/LongTR/longTR_pipeline_HG01870/HG01870.chr16.vcf.gz	0.017877 seconds
Concatenating /scratch/rohlfslab/abierly2/LongTR/longTR_pipeline_HG01870/HG01870.chr17.vcf.gz	0.019322 seconds
Concatenating /scratch/rohlfslab/abierly2/LongTR/longTR_pipeline_HG01870/HG01870.chr18.vcf.gz	0.011201 seconds
Concatenating /scratch/rohlfslab/abierly2/LongTR/longTR_pipeline_HG01870/HG01870.chr19.vcf.gz	0.014133 seconds
Concatenating /scratch/rohlfslab/abierly2/LongTR/longTR_pipeline_HG01870/HG01870.chr1.vcf.gz	0.049220 seconds
Concatenating /scratch/rohlfslab/abierly2/LongTR/longTR_pipeline_HG01870/HG01870.chr20.vcf.gz	0.010992 seconds
Concatenating /scratch/rohlfslab/abierly2/LongTR/longTR_pipeline_HG01870/HG01870.chr21.vcf.gz	0.004161 seconds
Concatenating /scratch/rohlfslab/abierly2/LongTR/longTR_pipeline_HG01870/HG01870.chr22.vcf.gz	0.009150 seconds
Concatenating /scratch/rohlfslab/abierly2/LongTR/longTR_pipeline_HG01870/HG01870.chr2.vcf.gz	0.042182 seconds
Concatenating /scratch/rohlfslab/abierly2/LongTR/longTR_pipeline_HG01870/HG01870.chr3.vcf.gz	0.035861 seconds
Concatenating /scratch/rohlfslab/abierly2/LongTR/longTR_pipeline_HG01870/HG01870.chr4.vcf.gz	0.031434 seconds
Concatenating /scratch/rohlfslab/abierly2/LongTR/longTR_pipeline_HG01870/HG01870.chr5.vcf.gz	0.030693 seconds
Concatenating /scratch/rohlfslab/abierly2/LongTR/longTR_pipeline_HG01870/HG01870.chr6.vcf.gz	0.034210 seconds
Concatenating /scratch/rohlfslab/abierly2/LongTR/longTR_pipeline_HG01870/HG01870.chr7.vcf.gz	0.030459 seconds
Concatenating /scratch/rohlfslab/abierly2/LongTR/longTR_pipeline_HG01870/HG01870.chr8.vcf.gz	0.030986 seconds
Concatenating /scratch/rohlfslab/abierly2/LongTR/longTR_pipeline_HG01870/HG01870.chr9.vcf.gz	0.021406 seconds
Concatenating /scratch/rohlfslab/abierly2/LongTR/longTR_pipeline_HG01870/HG01870.chrM.vcf.gz	0.000270 seconds
Concatenating /scratch/rohlfslab/abierly2/LongTR/longTR_pipeline_HG01870/HG01870.chrX.vcf.gz	0.021943 seconds
Concatenating /scratch/rohlfslab/abierly2/LongTR/longTR_pipeline_HG01870/HG01870.chrY.vcf.gz	0.000256 seconds
