Checking the headers and starting positions of 25 files
Concatenating /scratch/rohlfslab/abierly2/LongTR/longTR_pipeline_NA18553/NA18553.chr10.vcf.gz	1.255164 seconds
Concatenating /scratch/rohlfslab/abierly2/LongTR/longTR_pipeline_NA18553/NA18553.chr11.vcf.gz	1.199367 seconds
Concatenating /scratch/rohlfslab/abierly2/LongTR/longTR_pipeline_NA18553/NA18553.chr12.vcf.gz	1.273375 seconds
Concatenating /scratch/rohlfslab/abierly2/LongTR/longTR_pipeline_NA18553/NA18553.chr13.vcf.gz	0.876660 seconds
Concatenating /scratch/rohlfslab/abierly2/LongTR/longTR_pipeline_NA18553/NA18553.chr14.vcf.gz	0.826627 seconds
Concatenating /scratch/rohlfslab/abierly2/LongTR/longTR_pipeline_NA18553/NA18553.chr15.vcf.gz	0.777256 seconds
Concatenating /scratch/rohlfslab/abierly2/LongTR/longTR_pipeline_NA18553/NA18553.chr16.vcf.gz	0.813980 seconds
Concatenating /scratch/rohlfslab/abierly2/LongTR/longTR_pipeline_NA18553/NA18553.chr17.vcf.gz	0.852987 seconds
Concatenating /scratch/rohlfslab/abierly2/LongTR/longTR_pipeline_NA18553/NA18553.chr18.vcf.gz	0.633747 seconds
Concatenating /scratch/rohlfslab/abierly2/LongTR/longTR_pipeline_NA18553/NA18553.chr19.vcf.gz	0.704823 seconds
Concatenating /scratch/rohlfslab/abierly2/LongTR/longTR_pipeline_NA18553/NA18553.chr1.vcf.gz	2.237957 seconds
Concatenating /scratch/rohlfslab/abierly2/LongTR/longTR_pipeline_NA18553/NA18553.chr20.vcf.gz	0.526887 seconds
Concatenating /scratch/rohlfslab/abierly2/LongTR/longTR_pipeline_NA18553/NA18553.chr21.vcf.gz	0.306033 seconds
Concatenating /scratch/rohlfslab/abierly2/LongTR/longTR_pipeline_NA18553/NA18553.chr22.vcf.gz	0.370666 seconds
Concatenating /scratch/rohlfslab/abierly2/LongTR/longTR_pipeline_NA18553/NA18553.chr2.vcf.gz	2.234525 seconds
Concatenating /scratch/rohlfslab/abierly2/LongTR/longTR_pipeline_NA18553/NA18553.chr3.vcf.gz	1.785694 seconds
Concatenating /scratch/rohlfslab/abierly2/LongTR/longTR_pipeline_NA18553/NA18553.chr4.vcf.gz	1.734356 seconds
Concatenating /scratch/rohlfslab/abierly2/LongTR/longTR_pipeline_NA18553/NA18553.chr5.vcf.gz	1.618321 seconds
Concatenating /scratch/rohlfslab/abierly2/LongTR/longTR_pipeline_NA18553/NA18553.chr6.vcf.gz	1.555935 seconds
Concatenating /scratch/rohlfslab/abierly2/LongTR/longTR_pipeline_NA18553/NA18553.chr7.vcf.gz	1.502161 seconds
Concatenating /scratch/rohlfslab/abierly2/LongTR/longTR_pipeline_NA18553/NA18553.chr8.vcf.gz	1.296916 seconds
Concatenating /scratch/rohlfslab/abierly2/LongTR/longTR_pipeline_NA18553/NA18553.chr9.vcf.gz	1.100807 seconds
Concatenating /scratch/rohlfslab/abierly2/LongTR/longTR_pipeline_NA18553/NA18553.chrM.vcf.gz	0.000321 seconds
Concatenating /scratch/rohlfslab/abierly2/LongTR/longTR_pipeline_NA18553/NA18553.chrX.vcf.gz	1.346116 seconds
Concatenating /scratch/rohlfslab/abierly2/LongTR/longTR_pipeline_NA18553/NA18553.chrY.vcf.gz	0.000321 seconds
