Checking the headers and starting positions of 25 files
Concatenating /scratch/rohlfslab/abierly2/LongTR/longTR_pipeline_HG02253/HG02253.chr10.vcf.gz	0.943428 seconds
Concatenating /scratch/rohlfslab/abierly2/LongTR/longTR_pipeline_HG02253/HG02253.chr11.vcf.gz	0.897483 seconds
Concatenating /scratch/rohlfslab/abierly2/LongTR/longTR_pipeline_HG02253/HG02253.chr12.vcf.gz	0.978970 seconds
Concatenating /scratch/rohlfslab/abierly2/LongTR/longTR_pipeline_HG02253/HG02253.chr13.vcf.gz	0.639905 seconds
Concatenating /scratch/rohlfslab/abierly2/LongTR/longTR_pipeline_HG02253/HG02253.chr14.vcf.gz	0.624526 seconds
Concatenating /scratch/rohlfslab/abierly2/LongTR/longTR_pipeline_HG02253/HG02253.chr15.vcf.gz	0.603891 seconds
Concatenating /scratch/rohlfslab/abierly2/LongTR/longTR_pipeline_HG02253/HG02253.chr16.vcf.gz	0.613792 seconds
Concatenating /scratch/rohlfslab/abierly2/LongTR/longTR_pipeline_HG02253/HG02253.chr17.vcf.gz	0.673892 seconds
Concatenating /scratch/rohlfslab/abierly2/LongTR/longTR_pipeline_HG02253/HG02253.chr18.vcf.gz	0.467797 seconds
Concatenating /scratch/rohlfslab/abierly2/LongTR/longTR_pipeline_HG02253/HG02253.chr19.vcf.gz	0.555670 seconds
Concatenating /scratch/rohlfslab/abierly2/LongTR/longTR_pipeline_HG02253/HG02253.chr1.vcf.gz	1.739477 seconds
Concatenating /scratch/rohlfslab/abierly2/LongTR/longTR_pipeline_HG02253/HG02253.chr20.vcf.gz	0.398022 seconds
Concatenating /scratch/rohlfslab/abierly2/LongTR/longTR_pipeline_HG02253/HG02253.chr21.vcf.gz	0.221711 seconds
Concatenating /scratch/rohlfslab/abierly2/LongTR/longTR_pipeline_HG02253/HG02253.chr22.vcf.gz	0.289753 seconds
Concatenating /scratch/rohlfslab/abierly2/LongTR/longTR_pipeline_HG02253/HG02253.chr2.vcf.gz	1.716317 seconds
Concatenating /scratch/rohlfslab/abierly2/LongTR/longTR_pipeline_HG02253/HG02253.chr3.vcf.gz	1.371864 seconds
Concatenating /scratch/rohlfslab/abierly2/LongTR/longTR_pipeline_HG02253/HG02253.chr4.vcf.gz	1.253876 seconds
Concatenating /scratch/rohlfslab/abierly2/LongTR/longTR_pipeline_HG02253/HG02253.chr5.vcf.gz	1.228605 seconds
Concatenating /scratch/rohlfslab/abierly2/LongTR/longTR_pipeline_HG02253/HG02253.chr6.vcf.gz	1.213945 seconds
Concatenating /scratch/rohlfslab/abierly2/LongTR/longTR_pipeline_HG02253/HG02253.chr7.vcf.gz	1.132930 seconds
Concatenating /scratch/rohlfslab/abierly2/LongTR/longTR_pipeline_HG02253/HG02253.chr8.vcf.gz	0.969483 seconds
Concatenating /scratch/rohlfslab/abierly2/LongTR/longTR_pipeline_HG02253/HG02253.chr9.vcf.gz	0.847458 seconds
Concatenating /scratch/rohlfslab/abierly2/LongTR/longTR_pipeline_HG02253/HG02253.chrM.vcf.gz	0.000374 seconds
Concatenating /scratch/rohlfslab/abierly2/LongTR/longTR_pipeline_HG02253/HG02253.chrX.vcf.gz	0.170870 seconds
Concatenating /scratch/rohlfslab/abierly2/LongTR/longTR_pipeline_HG02253/HG02253.chrY.vcf.gz	0.006338 seconds
