Checking the headers and starting positions of 25 files
Concatenating /scratch/rohlfslab/abierly2/LongTR/longTR_pipeline_HG01865/HG01865.chr10.vcf.gz	1.130230 seconds
Concatenating /scratch/rohlfslab/abierly2/LongTR/longTR_pipeline_HG01865/HG01865.chr11.vcf.gz	1.073145 seconds
Concatenating /scratch/rohlfslab/abierly2/LongTR/longTR_pipeline_HG01865/HG01865.chr12.vcf.gz	1.152733 seconds
Concatenating /scratch/rohlfslab/abierly2/LongTR/longTR_pipeline_HG01865/HG01865.chr13.vcf.gz	0.787442 seconds
Concatenating /scratch/rohlfslab/abierly2/LongTR/longTR_pipeline_HG01865/HG01865.chr14.vcf.gz	0.754931 seconds
Concatenating /scratch/rohlfslab/abierly2/LongTR/longTR_pipeline_HG01865/HG01865.chr15.vcf.gz	0.704416 seconds
Concatenating /scratch/rohlfslab/abierly2/LongTR/longTR_pipeline_HG01865/HG01865.chr16.vcf.gz	0.726335 seconds
Concatenating /scratch/rohlfslab/abierly2/LongTR/longTR_pipeline_HG01865/HG01865.chr17.vcf.gz	0.769265 seconds
Concatenating /scratch/rohlfslab/abierly2/LongTR/longTR_pipeline_HG01865/HG01865.chr18.vcf.gz	0.569131 seconds
Concatenating /scratch/rohlfslab/abierly2/LongTR/longTR_pipeline_HG01865/HG01865.chr19.vcf.gz	0.641843 seconds
Concatenating /scratch/rohlfslab/abierly2/LongTR/longTR_pipeline_HG01865/HG01865.chr1.vcf.gz	2.021775 seconds
Concatenating /scratch/rohlfslab/abierly2/LongTR/longTR_pipeline_HG01865/HG01865.chr20.vcf.gz	0.481723 seconds
Concatenating /scratch/rohlfslab/abierly2/LongTR/longTR_pipeline_HG01865/HG01865.chr21.vcf.gz	0.273864 seconds
Concatenating /scratch/rohlfslab/abierly2/LongTR/longTR_pipeline_HG01865/HG01865.chr22.vcf.gz	0.336459 seconds
Concatenating /scratch/rohlfslab/abierly2/LongTR/longTR_pipeline_HG01865/HG01865.chr2.vcf.gz	2.021986 seconds
Concatenating /scratch/rohlfslab/abierly2/LongTR/longTR_pipeline_HG01865/HG01865.chr3.vcf.gz	1.628224 seconds
Concatenating /scratch/rohlfslab/abierly2/LongTR/longTR_pipeline_HG01865/HG01865.chr4.vcf.gz	1.534705 seconds
Concatenating /scratch/rohlfslab/abierly2/LongTR/longTR_pipeline_HG01865/HG01865.chr5.vcf.gz	1.459248 seconds
Concatenating /scratch/rohlfslab/abierly2/LongTR/longTR_pipeline_HG01865/HG01865.chr6.vcf.gz	1.404288 seconds
Concatenating /scratch/rohlfslab/abierly2/LongTR/longTR_pipeline_HG01865/HG01865.chr7.vcf.gz	1.354481 seconds
Concatenating /scratch/rohlfslab/abierly2/LongTR/longTR_pipeline_HG01865/HG01865.chr8.vcf.gz	1.176417 seconds
Concatenating /scratch/rohlfslab/abierly2/LongTR/longTR_pipeline_HG01865/HG01865.chr9.vcf.gz	0.998661 seconds
Concatenating /scratch/rohlfslab/abierly2/LongTR/longTR_pipeline_HG01865/HG01865.chrM.vcf.gz	0.000338 seconds
Concatenating /scratch/rohlfslab/abierly2/LongTR/longTR_pipeline_HG01865/HG01865.chrX.vcf.gz	0.322879 seconds
Concatenating /scratch/rohlfslab/abierly2/LongTR/longTR_pipeline_HG01865/HG01865.chrY.vcf.gz	0.014072 seconds
