Checking the headers and starting positions of 25 files
Concatenating /scratch/rohlfslab/abierly2/LongTR/longTR_pipeline_HG01571/HG01571.chr10.vcf.gz	0.994168 seconds
Concatenating /scratch/rohlfslab/abierly2/LongTR/longTR_pipeline_HG01571/HG01571.chr11.vcf.gz	0.948249 seconds
Concatenating /scratch/rohlfslab/abierly2/LongTR/longTR_pipeline_HG01571/HG01571.chr12.vcf.gz	0.997988 seconds
Concatenating /scratch/rohlfslab/abierly2/LongTR/longTR_pipeline_HG01571/HG01571.chr13.vcf.gz	0.686280 seconds
Concatenating /scratch/rohlfslab/abierly2/LongTR/longTR_pipeline_HG01571/HG01571.chr14.vcf.gz	0.663547 seconds
Concatenating /scratch/rohlfslab/abierly2/LongTR/longTR_pipeline_HG01571/HG01571.chr15.vcf.gz	0.617191 seconds
Concatenating /scratch/rohlfslab/abierly2/LongTR/longTR_pipeline_HG01571/HG01571.chr16.vcf.gz	0.643115 seconds
Concatenating /scratch/rohlfslab/abierly2/LongTR/longTR_pipeline_HG01571/HG01571.chr17.vcf.gz	0.689675 seconds
Concatenating /scratch/rohlfslab/abierly2/LongTR/longTR_pipeline_HG01571/HG01571.chr18.vcf.gz	0.492273 seconds
Concatenating /scratch/rohlfslab/abierly2/LongTR/longTR_pipeline_HG01571/HG01571.chr19.vcf.gz	0.582279 seconds
Concatenating /scratch/rohlfslab/abierly2/LongTR/longTR_pipeline_HG01571/HG01571.chr1.vcf.gz	1.788509 seconds
Concatenating /scratch/rohlfslab/abierly2/LongTR/longTR_pipeline_HG01571/HG01571.chr20.vcf.gz	0.421632 seconds
Concatenating /scratch/rohlfslab/abierly2/LongTR/longTR_pipeline_HG01571/HG01571.chr21.vcf.gz	0.238499 seconds
Concatenating /scratch/rohlfslab/abierly2/LongTR/longTR_pipeline_HG01571/HG01571.chr22.vcf.gz	0.287246 seconds
Concatenating /scratch/rohlfslab/abierly2/LongTR/longTR_pipeline_HG01571/HG01571.chr2.vcf.gz	1.765910 seconds
Concatenating /scratch/rohlfslab/abierly2/LongTR/longTR_pipeline_HG01571/HG01571.chr3.vcf.gz	1.418308 seconds
Concatenating /scratch/rohlfslab/abierly2/LongTR/longTR_pipeline_HG01571/HG01571.chr4.vcf.gz	1.332749 seconds
Concatenating /scratch/rohlfslab/abierly2/LongTR/longTR_pipeline_HG01571/HG01571.chr5.vcf.gz	1.275583 seconds
Concatenating /scratch/rohlfslab/abierly2/LongTR/longTR_pipeline_HG01571/HG01571.chr6.vcf.gz	1.237754 seconds
Concatenating /scratch/rohlfslab/abierly2/LongTR/longTR_pipeline_HG01571/HG01571.chr7.vcf.gz	1.187243 seconds
Concatenating /scratch/rohlfslab/abierly2/LongTR/longTR_pipeline_HG01571/HG01571.chr8.vcf.gz	1.023336 seconds
Concatenating /scratch/rohlfslab/abierly2/LongTR/longTR_pipeline_HG01571/HG01571.chr9.vcf.gz	0.870006 seconds
Concatenating /scratch/rohlfslab/abierly2/LongTR/longTR_pipeline_HG01571/HG01571.chrM.vcf.gz	0.000316 seconds
Concatenating /scratch/rohlfslab/abierly2/LongTR/longTR_pipeline_HG01571/HG01571.chrX.vcf.gz	0.207812 seconds
Concatenating /scratch/rohlfslab/abierly2/LongTR/longTR_pipeline_HG01571/HG01571.chrY.vcf.gz	0.008095 seconds
