Checking the headers and starting positions of 25 files
Concatenating /scratch/rohlfslab/abierly2/LongTR/longTR_pipeline_HG02121/HG02121.chr10.vcf.gz	0.030358 seconds
Concatenating /scratch/rohlfslab/abierly2/LongTR/longTR_pipeline_HG02121/HG02121.chr11.vcf.gz	0.028527 seconds
Concatenating /scratch/rohlfslab/abierly2/LongTR/longTR_pipeline_HG02121/HG02121.chr12.vcf.gz	0.031598 seconds
Concatenating /scratch/rohlfslab/abierly2/LongTR/longTR_pipeline_HG02121/HG02121.chr13.vcf.gz	0.021661 seconds
Concatenating /scratch/rohlfslab/abierly2/LongTR/longTR_pipeline_HG02121/HG02121.chr14.vcf.gz	0.017820 seconds
Concatenating /scratch/rohlfslab/abierly2/LongTR/longTR_pipeline_HG02121/HG02121.chr15.vcf.gz	0.022677 seconds
Concatenating /scratch/rohlfslab/abierly2/LongTR/longTR_pipeline_HG02121/HG02121.chr16.vcf.gz	0.017846 seconds
Concatenating /scratch/rohlfslab/abierly2/LongTR/longTR_pipeline_HG02121/HG02121.chr17.vcf.gz	0.022747 seconds
Concatenating /scratch/rohlfslab/abierly2/LongTR/longTR_pipeline_HG02121/HG02121.chr18.vcf.gz	0.014397 seconds
Concatenating /scratch/rohlfslab/abierly2/LongTR/longTR_pipeline_HG02121/HG02121.chr19.vcf.gz	0.017587 seconds
Concatenating /scratch/rohlfslab/abierly2/LongTR/longTR_pipeline_HG02121/HG02121.chr1.vcf.gz	0.057944 seconds
Concatenating /scratch/rohlfslab/abierly2/LongTR/longTR_pipeline_HG02121/HG02121.chr20.vcf.gz	0.012694 seconds
Concatenating /scratch/rohlfslab/abierly2/LongTR/longTR_pipeline_HG02121/HG02121.chr21.vcf.gz	0.005697 seconds
Concatenating /scratch/rohlfslab/abierly2/LongTR/longTR_pipeline_HG02121/HG02121.chr22.vcf.gz	0.009253 seconds
Concatenating /scratch/rohlfslab/abierly2/LongTR/longTR_pipeline_HG02121/HG02121.chr2.vcf.gz	0.054502 seconds
Concatenating /scratch/rohlfslab/abierly2/LongTR/longTR_pipeline_HG02121/HG02121.chr3.vcf.gz	0.042079 seconds
Concatenating /scratch/rohlfslab/abierly2/LongTR/longTR_pipeline_HG02121/HG02121.chr4.vcf.gz	0.041353 seconds
Concatenating /scratch/rohlfslab/abierly2/LongTR/longTR_pipeline_HG02121/HG02121.chr5.vcf.gz	0.039045 seconds
Concatenating /scratch/rohlfslab/abierly2/LongTR/longTR_pipeline_HG02121/HG02121.chr6.vcf.gz	0.035125 seconds
Concatenating /scratch/rohlfslab/abierly2/LongTR/longTR_pipeline_HG02121/HG02121.chr7.vcf.gz	0.035516 seconds
Concatenating /scratch/rohlfslab/abierly2/LongTR/longTR_pipeline_HG02121/HG02121.chr8.vcf.gz	0.030431 seconds
Concatenating /scratch/rohlfslab/abierly2/LongTR/longTR_pipeline_HG02121/HG02121.chr9.vcf.gz	0.025050 seconds
Concatenating /scratch/rohlfslab/abierly2/LongTR/longTR_pipeline_HG02121/HG02121.chrM.vcf.gz	0.000279 seconds
Concatenating /scratch/rohlfslab/abierly2/LongTR/longTR_pipeline_HG02121/HG02121.chrX.vcf.gz	0.025231 seconds
Concatenating /scratch/rohlfslab/abierly2/LongTR/longTR_pipeline_HG02121/HG02121.chrY.vcf.gz	0.000251 seconds
