Checking the headers and starting positions of 25 files
Concatenating /scratch/rohlfslab/abierly2/LongTR/longTR_pipeline_HG03929/HG03929.chr10.vcf.gz	1.285443 seconds
Concatenating /scratch/rohlfslab/abierly2/LongTR/longTR_pipeline_HG03929/HG03929.chr11.vcf.gz	1.184535 seconds
Concatenating /scratch/rohlfslab/abierly2/LongTR/longTR_pipeline_HG03929/HG03929.chr12.vcf.gz	1.263492 seconds
Concatenating /scratch/rohlfslab/abierly2/LongTR/longTR_pipeline_HG03929/HG03929.chr13.vcf.gz	0.870567 seconds
Concatenating /scratch/rohlfslab/abierly2/LongTR/longTR_pipeline_HG03929/HG03929.chr14.vcf.gz	0.826403 seconds
Concatenating /scratch/rohlfslab/abierly2/LongTR/longTR_pipeline_HG03929/HG03929.chr15.vcf.gz	0.776097 seconds
Concatenating /scratch/rohlfslab/abierly2/LongTR/longTR_pipeline_HG03929/HG03929.chr16.vcf.gz	0.796129 seconds
Concatenating /scratch/rohlfslab/abierly2/LongTR/longTR_pipeline_HG03929/HG03929.chr17.vcf.gz	0.833794 seconds
Concatenating /scratch/rohlfslab/abierly2/LongTR/longTR_pipeline_HG03929/HG03929.chr18.vcf.gz	0.629352 seconds
Concatenating /scratch/rohlfslab/abierly2/LongTR/longTR_pipeline_HG03929/HG03929.chr19.vcf.gz	0.684130 seconds
Concatenating /scratch/rohlfslab/abierly2/LongTR/longTR_pipeline_HG03929/HG03929.chr1.vcf.gz	2.233894 seconds
Concatenating /scratch/rohlfslab/abierly2/LongTR/longTR_pipeline_HG03929/HG03929.chr20.vcf.gz	0.520921 seconds
Concatenating /scratch/rohlfslab/abierly2/LongTR/longTR_pipeline_HG03929/HG03929.chr21.vcf.gz	0.317254 seconds
Concatenating /scratch/rohlfslab/abierly2/LongTR/longTR_pipeline_HG03929/HG03929.chr22.vcf.gz	0.365539 seconds
Concatenating /scratch/rohlfslab/abierly2/LongTR/longTR_pipeline_HG03929/HG03929.chr2.vcf.gz	2.217041 seconds
Concatenating /scratch/rohlfslab/abierly2/LongTR/longTR_pipeline_HG03929/HG03929.chr3.vcf.gz	1.792334 seconds
Concatenating /scratch/rohlfslab/abierly2/LongTR/longTR_pipeline_HG03929/HG03929.chr4.vcf.gz	1.696694 seconds
Concatenating /scratch/rohlfslab/abierly2/LongTR/longTR_pipeline_HG03929/HG03929.chr5.vcf.gz	1.604573 seconds
Concatenating /scratch/rohlfslab/abierly2/LongTR/longTR_pipeline_HG03929/HG03929.chr6.vcf.gz	1.550283 seconds
Concatenating /scratch/rohlfslab/abierly2/LongTR/longTR_pipeline_HG03929/HG03929.chr7.vcf.gz	1.478634 seconds
Concatenating /scratch/rohlfslab/abierly2/LongTR/longTR_pipeline_HG03929/HG03929.chr8.vcf.gz	1.286060 seconds
Concatenating /scratch/rohlfslab/abierly2/LongTR/longTR_pipeline_HG03929/HG03929.chr9.vcf.gz	1.089413 seconds
Concatenating /scratch/rohlfslab/abierly2/LongTR/longTR_pipeline_HG03929/HG03929.chrM.vcf.gz	0.000351 seconds
Concatenating /scratch/rohlfslab/abierly2/LongTR/longTR_pipeline_HG03929/HG03929.chrX.vcf.gz	0.675875 seconds
Concatenating /scratch/rohlfslab/abierly2/LongTR/longTR_pipeline_HG03929/HG03929.chrY.vcf.gz	0.035256 seconds
