Checking the headers and starting positions of 25 files
Concatenating /scratch/rohlfslab/abierly2/LongTR/longTR_pipeline_NA10861/NA10861.chr10.vcf.gz	1.242785 seconds
Concatenating /scratch/rohlfslab/abierly2/LongTR/longTR_pipeline_NA10861/NA10861.chr11.vcf.gz	1.189278 seconds
Concatenating /scratch/rohlfslab/abierly2/LongTR/longTR_pipeline_NA10861/NA10861.chr12.vcf.gz	1.253200 seconds
Concatenating /scratch/rohlfslab/abierly2/LongTR/longTR_pipeline_NA10861/NA10861.chr13.vcf.gz	0.869981 seconds
Concatenating /scratch/rohlfslab/abierly2/LongTR/longTR_pipeline_NA10861/NA10861.chr14.vcf.gz	0.822248 seconds
Concatenating /scratch/rohlfslab/abierly2/LongTR/longTR_pipeline_NA10861/NA10861.chr15.vcf.gz	0.770450 seconds
Concatenating /scratch/rohlfslab/abierly2/LongTR/longTR_pipeline_NA10861/NA10861.chr16.vcf.gz	0.817103 seconds
Concatenating /scratch/rohlfslab/abierly2/LongTR/longTR_pipeline_NA10861/NA10861.chr17.vcf.gz	0.843664 seconds
Concatenating /scratch/rohlfslab/abierly2/LongTR/longTR_pipeline_NA10861/NA10861.chr18.vcf.gz	0.628030 seconds
Concatenating /scratch/rohlfslab/abierly2/LongTR/longTR_pipeline_NA10861/NA10861.chr19.vcf.gz	0.704302 seconds
Concatenating /scratch/rohlfslab/abierly2/LongTR/longTR_pipeline_NA10861/NA10861.chr1.vcf.gz	2.221846 seconds
Concatenating /scratch/rohlfslab/abierly2/LongTR/longTR_pipeline_NA10861/NA10861.chr20.vcf.gz	0.525163 seconds
Concatenating /scratch/rohlfslab/abierly2/LongTR/longTR_pipeline_NA10861/NA10861.chr21.vcf.gz	0.307260 seconds
Concatenating /scratch/rohlfslab/abierly2/LongTR/longTR_pipeline_NA10861/NA10861.chr22.vcf.gz	0.369384 seconds
Concatenating /scratch/rohlfslab/abierly2/LongTR/longTR_pipeline_NA10861/NA10861.chr2.vcf.gz	2.217429 seconds
Concatenating /scratch/rohlfslab/abierly2/LongTR/longTR_pipeline_NA10861/NA10861.chr3.vcf.gz	1.771917 seconds
Concatenating /scratch/rohlfslab/abierly2/LongTR/longTR_pipeline_NA10861/NA10861.chr4.vcf.gz	1.692799 seconds
Concatenating /scratch/rohlfslab/abierly2/LongTR/longTR_pipeline_NA10861/NA10861.chr5.vcf.gz	1.604251 seconds
Concatenating /scratch/rohlfslab/abierly2/LongTR/longTR_pipeline_NA10861/NA10861.chr6.vcf.gz	1.542939 seconds
Concatenating /scratch/rohlfslab/abierly2/LongTR/longTR_pipeline_NA10861/NA10861.chr7.vcf.gz	1.490475 seconds
Concatenating /scratch/rohlfslab/abierly2/LongTR/longTR_pipeline_NA10861/NA10861.chr8.vcf.gz	1.281609 seconds
Concatenating /scratch/rohlfslab/abierly2/LongTR/longTR_pipeline_NA10861/NA10861.chr9.vcf.gz	1.096890 seconds
Concatenating /scratch/rohlfslab/abierly2/LongTR/longTR_pipeline_NA10861/NA10861.chrM.vcf.gz	0.000427 seconds
Concatenating /scratch/rohlfslab/abierly2/LongTR/longTR_pipeline_NA10861/NA10861.chrX.vcf.gz	1.345614 seconds
Concatenating /scratch/rohlfslab/abierly2/LongTR/longTR_pipeline_NA10861/NA10861.chrY.vcf.gz	0.000444 seconds
