Checking the headers and starting positions of 25 files
Concatenating /scratch/rohlfslab/abierly2/LongTR/longTR_pipeline_HG03756/HG03756.chr10.vcf.gz	0.695650 seconds
Concatenating /scratch/rohlfslab/abierly2/LongTR/longTR_pipeline_HG03756/HG03756.chr11.vcf.gz	0.681855 seconds
Concatenating /scratch/rohlfslab/abierly2/LongTR/longTR_pipeline_HG03756/HG03756.chr12.vcf.gz	0.732022 seconds
Concatenating /scratch/rohlfslab/abierly2/LongTR/longTR_pipeline_HG03756/HG03756.chr13.vcf.gz	0.470928 seconds
Concatenating /scratch/rohlfslab/abierly2/LongTR/longTR_pipeline_HG03756/HG03756.chr14.vcf.gz	0.474022 seconds
Concatenating /scratch/rohlfslab/abierly2/LongTR/longTR_pipeline_HG03756/HG03756.chr15.vcf.gz	0.451455 seconds
Concatenating /scratch/rohlfslab/abierly2/LongTR/longTR_pipeline_HG03756/HG03756.chr16.vcf.gz	0.438502 seconds
Concatenating /scratch/rohlfslab/abierly2/LongTR/longTR_pipeline_HG03756/HG03756.chr17.vcf.gz	0.488006 seconds
Concatenating /scratch/rohlfslab/abierly2/LongTR/longTR_pipeline_HG03756/HG03756.chr18.vcf.gz	0.347286 seconds
Concatenating /scratch/rohlfslab/abierly2/LongTR/longTR_pipeline_HG03756/HG03756.chr19.vcf.gz	0.393218 seconds
Concatenating /scratch/rohlfslab/abierly2/LongTR/longTR_pipeline_HG03756/HG03756.chr1.vcf.gz	1.305100 seconds
Concatenating /scratch/rohlfslab/abierly2/LongTR/longTR_pipeline_HG03756/HG03756.chr20.vcf.gz	0.295335 seconds
Concatenating /scratch/rohlfslab/abierly2/LongTR/longTR_pipeline_HG03756/HG03756.chr21.vcf.gz	0.177225 seconds
Concatenating /scratch/rohlfslab/abierly2/LongTR/longTR_pipeline_HG03756/HG03756.chr22.vcf.gz	0.208743 seconds
Concatenating /scratch/rohlfslab/abierly2/LongTR/longTR_pipeline_HG03756/HG03756.chr2.vcf.gz	1.268081 seconds
Concatenating /scratch/rohlfslab/abierly2/LongTR/longTR_pipeline_HG03756/HG03756.chr3.vcf.gz	1.014992 seconds
Concatenating /scratch/rohlfslab/abierly2/LongTR/longTR_pipeline_HG03756/HG03756.chr4.vcf.gz	0.926285 seconds
Concatenating /scratch/rohlfslab/abierly2/LongTR/longTR_pipeline_HG03756/HG03756.chr5.vcf.gz	0.914509 seconds
Concatenating /scratch/rohlfslab/abierly2/LongTR/longTR_pipeline_HG03756/HG03756.chr6.vcf.gz	0.889068 seconds
Concatenating /scratch/rohlfslab/abierly2/LongTR/longTR_pipeline_HG03756/HG03756.chr7.vcf.gz	0.839759 seconds
Concatenating /scratch/rohlfslab/abierly2/LongTR/longTR_pipeline_HG03756/HG03756.chr8.vcf.gz	0.737908 seconds
Concatenating /scratch/rohlfslab/abierly2/LongTR/longTR_pipeline_HG03756/HG03756.chr9.vcf.gz	0.624418 seconds
Concatenating /scratch/rohlfslab/abierly2/LongTR/longTR_pipeline_HG03756/HG03756.chrM.vcf.gz	0.000424 seconds
Concatenating /scratch/rohlfslab/abierly2/LongTR/longTR_pipeline_HG03756/HG03756.chrX.vcf.gz	0.703980 seconds
Concatenating /scratch/rohlfslab/abierly2/LongTR/longTR_pipeline_HG03756/HG03756.chrY.vcf.gz	0.000427 seconds
