Checking the headers and starting positions of 25 files
Concatenating /scratch/rohlfslab/abierly2/LongTR/longTR_pipeline_HG01699/HG01699.chr10.vcf.gz	1.064965 seconds
Concatenating /scratch/rohlfslab/abierly2/LongTR/longTR_pipeline_HG01699/HG01699.chr11.vcf.gz	1.014265 seconds
Concatenating /scratch/rohlfslab/abierly2/LongTR/longTR_pipeline_HG01699/HG01699.chr12.vcf.gz	1.078279 seconds
Concatenating /scratch/rohlfslab/abierly2/LongTR/longTR_pipeline_HG01699/HG01699.chr13.vcf.gz	0.754753 seconds
Concatenating /scratch/rohlfslab/abierly2/LongTR/longTR_pipeline_HG01699/HG01699.chr14.vcf.gz	0.718815 seconds
Concatenating /scratch/rohlfslab/abierly2/LongTR/longTR_pipeline_HG01699/HG01699.chr15.vcf.gz	0.654313 seconds
Concatenating /scratch/rohlfslab/abierly2/LongTR/longTR_pipeline_HG01699/HG01699.chr16.vcf.gz	0.682533 seconds
Concatenating /scratch/rohlfslab/abierly2/LongTR/longTR_pipeline_HG01699/HG01699.chr17.vcf.gz	0.710194 seconds
Concatenating /scratch/rohlfslab/abierly2/LongTR/longTR_pipeline_HG01699/HG01699.chr18.vcf.gz	0.534589 seconds
Concatenating /scratch/rohlfslab/abierly2/LongTR/longTR_pipeline_HG01699/HG01699.chr19.vcf.gz	0.594075 seconds
Concatenating /scratch/rohlfslab/abierly2/LongTR/longTR_pipeline_HG01699/HG01699.chr1.vcf.gz	1.876018 seconds
Concatenating /scratch/rohlfslab/abierly2/LongTR/longTR_pipeline_HG01699/HG01699.chr20.vcf.gz	0.445471 seconds
Concatenating /scratch/rohlfslab/abierly2/LongTR/longTR_pipeline_HG01699/HG01699.chr21.vcf.gz	0.257379 seconds
Concatenating /scratch/rohlfslab/abierly2/LongTR/longTR_pipeline_HG01699/HG01699.chr22.vcf.gz	0.305349 seconds
Concatenating /scratch/rohlfslab/abierly2/LongTR/longTR_pipeline_HG01699/HG01699.chr2.vcf.gz	1.912353 seconds
Concatenating /scratch/rohlfslab/abierly2/LongTR/longTR_pipeline_HG01699/HG01699.chr3.vcf.gz	1.535235 seconds
Concatenating /scratch/rohlfslab/abierly2/LongTR/longTR_pipeline_HG01699/HG01699.chr4.vcf.gz	1.473036 seconds
Concatenating /scratch/rohlfslab/abierly2/LongTR/longTR_pipeline_HG01699/HG01699.chr5.vcf.gz	1.388181 seconds
Concatenating /scratch/rohlfslab/abierly2/LongTR/longTR_pipeline_HG01699/HG01699.chr6.vcf.gz	1.330978 seconds
Concatenating /scratch/rohlfslab/abierly2/LongTR/longTR_pipeline_HG01699/HG01699.chr7.vcf.gz	1.284112 seconds
Concatenating /scratch/rohlfslab/abierly2/LongTR/longTR_pipeline_HG01699/HG01699.chr8.vcf.gz	1.110474 seconds
Concatenating /scratch/rohlfslab/abierly2/LongTR/longTR_pipeline_HG01699/HG01699.chr9.vcf.gz	0.948044 seconds
Concatenating /scratch/rohlfslab/abierly2/LongTR/longTR_pipeline_HG01699/HG01699.chrM.vcf.gz	0.000367 seconds
Concatenating /scratch/rohlfslab/abierly2/LongTR/longTR_pipeline_HG01699/HG01699.chrX.vcf.gz	0.273556 seconds
Concatenating /scratch/rohlfslab/abierly2/LongTR/longTR_pipeline_HG01699/HG01699.chrY.vcf.gz	0.012355 seconds
