Checking the headers and starting positions of 25 files
Concatenating /scratch/rohlfslab/abierly2/LongTR/longTR_pipeline_HG01608/HG01608.chr10.vcf.gz	0.390463 seconds
Concatenating /scratch/rohlfslab/abierly2/LongTR/longTR_pipeline_HG01608/HG01608.chr11.vcf.gz	0.383957 seconds
Concatenating /scratch/rohlfslab/abierly2/LongTR/longTR_pipeline_HG01608/HG01608.chr12.vcf.gz	0.429250 seconds
Concatenating /scratch/rohlfslab/abierly2/LongTR/longTR_pipeline_HG01608/HG01608.chr13.vcf.gz	0.277347 seconds
Concatenating /scratch/rohlfslab/abierly2/LongTR/longTR_pipeline_HG01608/HG01608.chr14.vcf.gz	0.276045 seconds
Concatenating /scratch/rohlfslab/abierly2/LongTR/longTR_pipeline_HG01608/HG01608.chr15.vcf.gz	0.256599 seconds
Concatenating /scratch/rohlfslab/abierly2/LongTR/longTR_pipeline_HG01608/HG01608.chr16.vcf.gz	0.253492 seconds
Concatenating /scratch/rohlfslab/abierly2/LongTR/longTR_pipeline_HG01608/HG01608.chr17.vcf.gz	0.284593 seconds
Concatenating /scratch/rohlfslab/abierly2/LongTR/longTR_pipeline_HG01608/HG01608.chr18.vcf.gz	0.190153 seconds
Concatenating /scratch/rohlfslab/abierly2/LongTR/longTR_pipeline_HG01608/HG01608.chr19.vcf.gz	0.260313 seconds
Concatenating /scratch/rohlfslab/abierly2/LongTR/longTR_pipeline_HG01608/HG01608.chr1.vcf.gz	0.737426 seconds
Concatenating /scratch/rohlfslab/abierly2/LongTR/longTR_pipeline_HG01608/HG01608.chr20.vcf.gz	0.165229 seconds
Concatenating /scratch/rohlfslab/abierly2/LongTR/longTR_pipeline_HG01608/HG01608.chr21.vcf.gz	0.093841 seconds
Concatenating /scratch/rohlfslab/abierly2/LongTR/longTR_pipeline_HG01608/HG01608.chr22.vcf.gz	0.120166 seconds
Concatenating /scratch/rohlfslab/abierly2/LongTR/longTR_pipeline_HG01608/HG01608.chr2.vcf.gz	0.719615 seconds
Concatenating /scratch/rohlfslab/abierly2/LongTR/longTR_pipeline_HG01608/HG01608.chr3.vcf.gz	0.574520 seconds
Concatenating /scratch/rohlfslab/abierly2/LongTR/longTR_pipeline_HG01608/HG01608.chr4.vcf.gz	0.550692 seconds
Concatenating /scratch/rohlfslab/abierly2/LongTR/longTR_pipeline_HG01608/HG01608.chr5.vcf.gz	0.538103 seconds
Concatenating /scratch/rohlfslab/abierly2/LongTR/longTR_pipeline_HG01608/HG01608.chr6.vcf.gz	0.517831 seconds
Concatenating /scratch/rohlfslab/abierly2/LongTR/longTR_pipeline_HG01608/HG01608.chr7.vcf.gz	0.479697 seconds
Concatenating /scratch/rohlfslab/abierly2/LongTR/longTR_pipeline_HG01608/HG01608.chr8.vcf.gz	0.427180 seconds
Concatenating /scratch/rohlfslab/abierly2/LongTR/longTR_pipeline_HG01608/HG01608.chr9.vcf.gz	0.348833 seconds
Concatenating /scratch/rohlfslab/abierly2/LongTR/longTR_pipeline_HG01608/HG01608.chrM.vcf.gz	0.000283 seconds
Concatenating /scratch/rohlfslab/abierly2/LongTR/longTR_pipeline_HG01608/HG01608.chrX.vcf.gz	0.034303 seconds
Concatenating /scratch/rohlfslab/abierly2/LongTR/longTR_pipeline_HG01608/HG01608.chrY.vcf.gz	0.000384 seconds
