Checking the headers and starting positions of 25 files
Concatenating /scratch/rohlfslab/abierly2/LongTR/longTR_pipeline_NA18642/NA18642.chr10.vcf.gz	1.206924 seconds
Concatenating /scratch/rohlfslab/abierly2/LongTR/longTR_pipeline_NA18642/NA18642.chr11.vcf.gz	1.145262 seconds
Concatenating /scratch/rohlfslab/abierly2/LongTR/longTR_pipeline_NA18642/NA18642.chr12.vcf.gz	1.229883 seconds
Concatenating /scratch/rohlfslab/abierly2/LongTR/longTR_pipeline_NA18642/NA18642.chr13.vcf.gz	0.843158 seconds
Concatenating /scratch/rohlfslab/abierly2/LongTR/longTR_pipeline_NA18642/NA18642.chr14.vcf.gz	0.799167 seconds
Concatenating /scratch/rohlfslab/abierly2/LongTR/longTR_pipeline_NA18642/NA18642.chr15.vcf.gz	0.745049 seconds
Concatenating /scratch/rohlfslab/abierly2/LongTR/longTR_pipeline_NA18642/NA18642.chr16.vcf.gz	0.772431 seconds
Concatenating /scratch/rohlfslab/abierly2/LongTR/longTR_pipeline_NA18642/NA18642.chr17.vcf.gz	0.810005 seconds
Concatenating /scratch/rohlfslab/abierly2/LongTR/longTR_pipeline_NA18642/NA18642.chr18.vcf.gz	0.605560 seconds
Concatenating /scratch/rohlfslab/abierly2/LongTR/longTR_pipeline_NA18642/NA18642.chr19.vcf.gz	0.667844 seconds
Concatenating /scratch/rohlfslab/abierly2/LongTR/longTR_pipeline_NA18642/NA18642.chr1.vcf.gz	2.141924 seconds
Concatenating /scratch/rohlfslab/abierly2/LongTR/longTR_pipeline_NA18642/NA18642.chr20.vcf.gz	0.505476 seconds
Concatenating /scratch/rohlfslab/abierly2/LongTR/longTR_pipeline_NA18642/NA18642.chr21.vcf.gz	0.292677 seconds
Concatenating /scratch/rohlfslab/abierly2/LongTR/longTR_pipeline_NA18642/NA18642.chr22.vcf.gz	0.358631 seconds
Concatenating /scratch/rohlfslab/abierly2/LongTR/longTR_pipeline_NA18642/NA18642.chr2.vcf.gz	2.147381 seconds
Concatenating /scratch/rohlfslab/abierly2/LongTR/longTR_pipeline_NA18642/NA18642.chr3.vcf.gz	1.722424 seconds
Concatenating /scratch/rohlfslab/abierly2/LongTR/longTR_pipeline_NA18642/NA18642.chr4.vcf.gz	1.643067 seconds
Concatenating /scratch/rohlfslab/abierly2/LongTR/longTR_pipeline_NA18642/NA18642.chr5.vcf.gz	1.550243 seconds
Concatenating /scratch/rohlfslab/abierly2/LongTR/longTR_pipeline_NA18642/NA18642.chr6.vcf.gz	1.501527 seconds
Concatenating /scratch/rohlfslab/abierly2/LongTR/longTR_pipeline_NA18642/NA18642.chr7.vcf.gz	1.440034 seconds
Concatenating /scratch/rohlfslab/abierly2/LongTR/longTR_pipeline_NA18642/NA18642.chr8.vcf.gz	1.251364 seconds
Concatenating /scratch/rohlfslab/abierly2/LongTR/longTR_pipeline_NA18642/NA18642.chr9.vcf.gz	1.054658 seconds
Concatenating /scratch/rohlfslab/abierly2/LongTR/longTR_pipeline_NA18642/NA18642.chrM.vcf.gz	0.000388 seconds
Concatenating /scratch/rohlfslab/abierly2/LongTR/longTR_pipeline_NA18642/NA18642.chrX.vcf.gz	1.294893 seconds
Concatenating /scratch/rohlfslab/abierly2/LongTR/longTR_pipeline_NA18642/NA18642.chrY.vcf.gz	0.000409 seconds
