Checking the headers and starting positions of 25 files
Concatenating /scratch/rohlfslab/abierly2/LongTR/longTR_pipeline_HG03797/HG03797.chr10.vcf.gz	1.169246 seconds
Concatenating /scratch/rohlfslab/abierly2/LongTR/longTR_pipeline_HG03797/HG03797.chr11.vcf.gz	1.123303 seconds
Concatenating /scratch/rohlfslab/abierly2/LongTR/longTR_pipeline_HG03797/HG03797.chr12.vcf.gz	1.186899 seconds
Concatenating /scratch/rohlfslab/abierly2/LongTR/longTR_pipeline_HG03797/HG03797.chr13.vcf.gz	0.815430 seconds
Concatenating /scratch/rohlfslab/abierly2/LongTR/longTR_pipeline_HG03797/HG03797.chr14.vcf.gz	0.772243 seconds
Concatenating /scratch/rohlfslab/abierly2/LongTR/longTR_pipeline_HG03797/HG03797.chr15.vcf.gz	0.723644 seconds
Concatenating /scratch/rohlfslab/abierly2/LongTR/longTR_pipeline_HG03797/HG03797.chr16.vcf.gz	0.754553 seconds
Concatenating /scratch/rohlfslab/abierly2/LongTR/longTR_pipeline_HG03797/HG03797.chr17.vcf.gz	0.790786 seconds
Concatenating /scratch/rohlfslab/abierly2/LongTR/longTR_pipeline_HG03797/HG03797.chr18.vcf.gz	0.584966 seconds
Concatenating /scratch/rohlfslab/abierly2/LongTR/longTR_pipeline_HG03797/HG03797.chr19.vcf.gz	0.654495 seconds
Concatenating /scratch/rohlfslab/abierly2/LongTR/longTR_pipeline_HG03797/HG03797.chr1.vcf.gz	2.080353 seconds
Concatenating /scratch/rohlfslab/abierly2/LongTR/longTR_pipeline_HG03797/HG03797.chr20.vcf.gz	0.492323 seconds
Concatenating /scratch/rohlfslab/abierly2/LongTR/longTR_pipeline_HG03797/HG03797.chr21.vcf.gz	0.284364 seconds
Concatenating /scratch/rohlfslab/abierly2/LongTR/longTR_pipeline_HG03797/HG03797.chr22.vcf.gz	0.347437 seconds
Concatenating /scratch/rohlfslab/abierly2/LongTR/longTR_pipeline_HG03797/HG03797.chr2.vcf.gz	2.081418 seconds
Concatenating /scratch/rohlfslab/abierly2/LongTR/longTR_pipeline_HG03797/HG03797.chr3.vcf.gz	1.670040 seconds
Concatenating /scratch/rohlfslab/abierly2/LongTR/longTR_pipeline_HG03797/HG03797.chr4.vcf.gz	1.581096 seconds
Concatenating /scratch/rohlfslab/abierly2/LongTR/longTR_pipeline_HG03797/HG03797.chr5.vcf.gz	1.502386 seconds
Concatenating /scratch/rohlfslab/abierly2/LongTR/longTR_pipeline_HG03797/HG03797.chr6.vcf.gz	1.449709 seconds
Concatenating /scratch/rohlfslab/abierly2/LongTR/longTR_pipeline_HG03797/HG03797.chr7.vcf.gz	1.401802 seconds
Concatenating /scratch/rohlfslab/abierly2/LongTR/longTR_pipeline_HG03797/HG03797.chr8.vcf.gz	1.213578 seconds
Concatenating /scratch/rohlfslab/abierly2/LongTR/longTR_pipeline_HG03797/HG03797.chr9.vcf.gz	1.027748 seconds
Concatenating /scratch/rohlfslab/abierly2/LongTR/longTR_pipeline_HG03797/HG03797.chrM.vcf.gz	0.000343 seconds
Concatenating /scratch/rohlfslab/abierly2/LongTR/longTR_pipeline_HG03797/HG03797.chrX.vcf.gz	0.413585 seconds
Concatenating /scratch/rohlfslab/abierly2/LongTR/longTR_pipeline_HG03797/HG03797.chrY.vcf.gz	0.020270 seconds
