Checking the headers and starting positions of 25 files
Concatenating /scratch/rohlfslab/abierly2/LongTR/longTR_pipeline_HG01673/HG01673.chr10.vcf.gz	1.122288 seconds
Concatenating /scratch/rohlfslab/abierly2/LongTR/longTR_pipeline_HG01673/HG01673.chr11.vcf.gz	1.070375 seconds
Concatenating /scratch/rohlfslab/abierly2/LongTR/longTR_pipeline_HG01673/HG01673.chr12.vcf.gz	1.142418 seconds
Concatenating /scratch/rohlfslab/abierly2/LongTR/longTR_pipeline_HG01673/HG01673.chr13.vcf.gz	0.793403 seconds
Concatenating /scratch/rohlfslab/abierly2/LongTR/longTR_pipeline_HG01673/HG01673.chr14.vcf.gz	0.747314 seconds
Concatenating /scratch/rohlfslab/abierly2/LongTR/longTR_pipeline_HG01673/HG01673.chr15.vcf.gz	0.692944 seconds
Concatenating /scratch/rohlfslab/abierly2/LongTR/longTR_pipeline_HG01673/HG01673.chr16.vcf.gz	0.710416 seconds
Concatenating /scratch/rohlfslab/abierly2/LongTR/longTR_pipeline_HG01673/HG01673.chr17.vcf.gz	0.742777 seconds
Concatenating /scratch/rohlfslab/abierly2/LongTR/longTR_pipeline_HG01673/HG01673.chr18.vcf.gz	0.572339 seconds
Concatenating /scratch/rohlfslab/abierly2/LongTR/longTR_pipeline_HG01673/HG01673.chr19.vcf.gz	0.597978 seconds
Concatenating /scratch/rohlfslab/abierly2/LongTR/longTR_pipeline_HG01673/HG01673.chr1.vcf.gz	2.005280 seconds
Concatenating /scratch/rohlfslab/abierly2/LongTR/longTR_pipeline_HG01673/HG01673.chr20.vcf.gz	0.462801 seconds
Concatenating /scratch/rohlfslab/abierly2/LongTR/longTR_pipeline_HG01673/HG01673.chr21.vcf.gz	0.274623 seconds
Concatenating /scratch/rohlfslab/abierly2/LongTR/longTR_pipeline_HG01673/HG01673.chr22.vcf.gz	0.314801 seconds
Concatenating /scratch/rohlfslab/abierly2/LongTR/longTR_pipeline_HG01673/HG01673.chr2.vcf.gz	2.026618 seconds
Concatenating /scratch/rohlfslab/abierly2/LongTR/longTR_pipeline_HG01673/HG01673.chr3.vcf.gz	1.612458 seconds
Concatenating /scratch/rohlfslab/abierly2/LongTR/longTR_pipeline_HG01673/HG01673.chr4.vcf.gz	1.555947 seconds
Concatenating /scratch/rohlfslab/abierly2/LongTR/longTR_pipeline_HG01673/HG01673.chr5.vcf.gz	1.467482 seconds
Concatenating /scratch/rohlfslab/abierly2/LongTR/longTR_pipeline_HG01673/HG01673.chr6.vcf.gz	1.414211 seconds
Concatenating /scratch/rohlfslab/abierly2/LongTR/longTR_pipeline_HG01673/HG01673.chr7.vcf.gz	1.346759 seconds
Concatenating /scratch/rohlfslab/abierly2/LongTR/longTR_pipeline_HG01673/HG01673.chr8.vcf.gz	1.167794 seconds
Concatenating /scratch/rohlfslab/abierly2/LongTR/longTR_pipeline_HG01673/HG01673.chr9.vcf.gz	0.989519 seconds
Concatenating /scratch/rohlfslab/abierly2/LongTR/longTR_pipeline_HG01673/HG01673.chrM.vcf.gz	0.000321 seconds
Concatenating /scratch/rohlfslab/abierly2/LongTR/longTR_pipeline_HG01673/HG01673.chrX.vcf.gz	1.207520 seconds
Concatenating /scratch/rohlfslab/abierly2/LongTR/longTR_pipeline_HG01673/HG01673.chrY.vcf.gz	0.000284 seconds
