Checking the headers and starting positions of 25 files
Concatenating /scratch/rohlfslab/abierly2/LongTR/longTR_pipeline_NA18941/NA18941.chr10.vcf.gz	1.216562 seconds
Concatenating /scratch/rohlfslab/abierly2/LongTR/longTR_pipeline_NA18941/NA18941.chr11.vcf.gz	1.155317 seconds
Concatenating /scratch/rohlfslab/abierly2/LongTR/longTR_pipeline_NA18941/NA18941.chr12.vcf.gz	1.233411 seconds
Concatenating /scratch/rohlfslab/abierly2/LongTR/longTR_pipeline_NA18941/NA18941.chr13.vcf.gz	0.852085 seconds
Concatenating /scratch/rohlfslab/abierly2/LongTR/longTR_pipeline_NA18941/NA18941.chr14.vcf.gz	0.805915 seconds
Concatenating /scratch/rohlfslab/abierly2/LongTR/longTR_pipeline_NA18941/NA18941.chr15.vcf.gz	0.754259 seconds
Concatenating /scratch/rohlfslab/abierly2/LongTR/longTR_pipeline_NA18941/NA18941.chr16.vcf.gz	0.791904 seconds
Concatenating /scratch/rohlfslab/abierly2/LongTR/longTR_pipeline_NA18941/NA18941.chr17.vcf.gz	0.824943 seconds
Concatenating /scratch/rohlfslab/abierly2/LongTR/longTR_pipeline_NA18941/NA18941.chr18.vcf.gz	0.609444 seconds
Concatenating /scratch/rohlfslab/abierly2/LongTR/longTR_pipeline_NA18941/NA18941.chr19.vcf.gz	0.686153 seconds
Concatenating /scratch/rohlfslab/abierly2/LongTR/longTR_pipeline_NA18941/NA18941.chr1.vcf.gz	2.159616 seconds
Concatenating /scratch/rohlfslab/abierly2/LongTR/longTR_pipeline_NA18941/NA18941.chr20.vcf.gz	0.513702 seconds
Concatenating /scratch/rohlfslab/abierly2/LongTR/longTR_pipeline_NA18941/NA18941.chr21.vcf.gz	0.295071 seconds
Concatenating /scratch/rohlfslab/abierly2/LongTR/longTR_pipeline_NA18941/NA18941.chr22.vcf.gz	0.361326 seconds
Concatenating /scratch/rohlfslab/abierly2/LongTR/longTR_pipeline_NA18941/NA18941.chr2.vcf.gz	2.167023 seconds
Concatenating /scratch/rohlfslab/abierly2/LongTR/longTR_pipeline_NA18941/NA18941.chr3.vcf.gz	1.727147 seconds
Concatenating /scratch/rohlfslab/abierly2/LongTR/longTR_pipeline_NA18941/NA18941.chr4.vcf.gz	1.649512 seconds
Concatenating /scratch/rohlfslab/abierly2/LongTR/longTR_pipeline_NA18941/NA18941.chr5.vcf.gz	1.561130 seconds
Concatenating /scratch/rohlfslab/abierly2/LongTR/longTR_pipeline_NA18941/NA18941.chr6.vcf.gz	1.509997 seconds
Concatenating /scratch/rohlfslab/abierly2/LongTR/longTR_pipeline_NA18941/NA18941.chr7.vcf.gz	1.457332 seconds
Concatenating /scratch/rohlfslab/abierly2/LongTR/longTR_pipeline_NA18941/NA18941.chr8.vcf.gz	1.261090 seconds
Concatenating /scratch/rohlfslab/abierly2/LongTR/longTR_pipeline_NA18941/NA18941.chr9.vcf.gz	1.067905 seconds
Concatenating /scratch/rohlfslab/abierly2/LongTR/longTR_pipeline_NA18941/NA18941.chrM.vcf.gz	0.000353 seconds
Concatenating /scratch/rohlfslab/abierly2/LongTR/longTR_pipeline_NA18941/NA18941.chrX.vcf.gz	1.297968 seconds
Concatenating /scratch/rohlfslab/abierly2/LongTR/longTR_pipeline_NA18941/NA18941.chrY.vcf.gz	0.000360 seconds
