Checking the headers and starting positions of 25 files
Concatenating /scratch/rohlfslab/abierly2/LongTR/longTR_pipeline_HG03644/HG03644.chr10.vcf.gz	1.098952 seconds
Concatenating /scratch/rohlfslab/abierly2/LongTR/longTR_pipeline_HG03644/HG03644.chr11.vcf.gz	1.048850 seconds
Concatenating /scratch/rohlfslab/abierly2/LongTR/longTR_pipeline_HG03644/HG03644.chr12.vcf.gz	1.109990 seconds
Concatenating /scratch/rohlfslab/abierly2/LongTR/longTR_pipeline_HG03644/HG03644.chr13.vcf.gz	0.744363 seconds
Concatenating /scratch/rohlfslab/abierly2/LongTR/longTR_pipeline_HG03644/HG03644.chr14.vcf.gz	0.731802 seconds
Concatenating /scratch/rohlfslab/abierly2/LongTR/longTR_pipeline_HG03644/HG03644.chr15.vcf.gz	0.688098 seconds
Concatenating /scratch/rohlfslab/abierly2/LongTR/longTR_pipeline_HG03644/HG03644.chr16.vcf.gz	0.698946 seconds
Concatenating /scratch/rohlfslab/abierly2/LongTR/longTR_pipeline_HG03644/HG03644.chr17.vcf.gz	0.743738 seconds
Concatenating /scratch/rohlfslab/abierly2/LongTR/longTR_pipeline_HG03644/HG03644.chr18.vcf.gz	0.544727 seconds
Concatenating /scratch/rohlfslab/abierly2/LongTR/longTR_pipeline_HG03644/HG03644.chr19.vcf.gz	0.602335 seconds
Concatenating /scratch/rohlfslab/abierly2/LongTR/longTR_pipeline_HG03644/HG03644.chr1.vcf.gz	1.958501 seconds
Concatenating /scratch/rohlfslab/abierly2/LongTR/longTR_pipeline_HG03644/HG03644.chr20.vcf.gz	0.459357 seconds
Concatenating /scratch/rohlfslab/abierly2/LongTR/longTR_pipeline_HG03644/HG03644.chr21.vcf.gz	0.266777 seconds
Concatenating /scratch/rohlfslab/abierly2/LongTR/longTR_pipeline_HG03644/HG03644.chr22.vcf.gz	0.322101 seconds
Concatenating /scratch/rohlfslab/abierly2/LongTR/longTR_pipeline_HG03644/HG03644.chr2.vcf.gz	1.965369 seconds
Concatenating /scratch/rohlfslab/abierly2/LongTR/longTR_pipeline_HG03644/HG03644.chr3.vcf.gz	1.569323 seconds
Concatenating /scratch/rohlfslab/abierly2/LongTR/longTR_pipeline_HG03644/HG03644.chr4.vcf.gz	1.470575 seconds
Concatenating /scratch/rohlfslab/abierly2/LongTR/longTR_pipeline_HG03644/HG03644.chr5.vcf.gz	1.411032 seconds
Concatenating /scratch/rohlfslab/abierly2/LongTR/longTR_pipeline_HG03644/HG03644.chr6.vcf.gz	1.375883 seconds
Concatenating /scratch/rohlfslab/abierly2/LongTR/longTR_pipeline_HG03644/HG03644.chr7.vcf.gz	1.306190 seconds
Concatenating /scratch/rohlfslab/abierly2/LongTR/longTR_pipeline_HG03644/HG03644.chr8.vcf.gz	1.125713 seconds
Concatenating /scratch/rohlfslab/abierly2/LongTR/longTR_pipeline_HG03644/HG03644.chr9.vcf.gz	0.959673 seconds
Concatenating /scratch/rohlfslab/abierly2/LongTR/longTR_pipeline_HG03644/HG03644.chrM.vcf.gz	0.000296 seconds
Concatenating /scratch/rohlfslab/abierly2/LongTR/longTR_pipeline_HG03644/HG03644.chrX.vcf.gz	0.274925 seconds
Concatenating /scratch/rohlfslab/abierly2/LongTR/longTR_pipeline_HG03644/HG03644.chrY.vcf.gz	0.011900 seconds
