Checking the headers and starting positions of 25 files
Concatenating /scratch/rohlfslab/abierly2/LongTR/longTR_pipeline_HG03673/HG03673.chr10.vcf.gz	1.088474 seconds
Concatenating /scratch/rohlfslab/abierly2/LongTR/longTR_pipeline_HG03673/HG03673.chr11.vcf.gz	1.049903 seconds
Concatenating /scratch/rohlfslab/abierly2/LongTR/longTR_pipeline_HG03673/HG03673.chr12.vcf.gz	1.114376 seconds
Concatenating /scratch/rohlfslab/abierly2/LongTR/longTR_pipeline_HG03673/HG03673.chr13.vcf.gz	0.755960 seconds
Concatenating /scratch/rohlfslab/abierly2/LongTR/longTR_pipeline_HG03673/HG03673.chr14.vcf.gz	0.726335 seconds
Concatenating /scratch/rohlfslab/abierly2/LongTR/longTR_pipeline_HG03673/HG03673.chr15.vcf.gz	0.684733 seconds
Concatenating /scratch/rohlfslab/abierly2/LongTR/longTR_pipeline_HG03673/HG03673.chr16.vcf.gz	0.720238 seconds
Concatenating /scratch/rohlfslab/abierly2/LongTR/longTR_pipeline_HG03673/HG03673.chr17.vcf.gz	0.731739 seconds
Concatenating /scratch/rohlfslab/abierly2/LongTR/longTR_pipeline_HG03673/HG03673.chr18.vcf.gz	0.552961 seconds
Concatenating /scratch/rohlfslab/abierly2/LongTR/longTR_pipeline_HG03673/HG03673.chr19.vcf.gz	0.601504 seconds
Concatenating /scratch/rohlfslab/abierly2/LongTR/longTR_pipeline_HG03673/HG03673.chr1.vcf.gz	1.967514 seconds
Concatenating /scratch/rohlfslab/abierly2/LongTR/longTR_pipeline_HG03673/HG03673.chr20.vcf.gz	0.461599 seconds
Concatenating /scratch/rohlfslab/abierly2/LongTR/longTR_pipeline_HG03673/HG03673.chr21.vcf.gz	0.266115 seconds
Concatenating /scratch/rohlfslab/abierly2/LongTR/longTR_pipeline_HG03673/HG03673.chr22.vcf.gz	0.325484 seconds
Concatenating /scratch/rohlfslab/abierly2/LongTR/longTR_pipeline_HG03673/HG03673.chr2.vcf.gz	1.950207 seconds
Concatenating /scratch/rohlfslab/abierly2/LongTR/longTR_pipeline_HG03673/HG03673.chr3.vcf.gz	1.563082 seconds
Concatenating /scratch/rohlfslab/abierly2/LongTR/longTR_pipeline_HG03673/HG03673.chr4.vcf.gz	1.487577 seconds
Concatenating /scratch/rohlfslab/abierly2/LongTR/longTR_pipeline_HG03673/HG03673.chr5.vcf.gz	1.413385 seconds
Concatenating /scratch/rohlfslab/abierly2/LongTR/longTR_pipeline_HG03673/HG03673.chr6.vcf.gz	1.364922 seconds
Concatenating /scratch/rohlfslab/abierly2/LongTR/longTR_pipeline_HG03673/HG03673.chr7.vcf.gz	1.302988 seconds
Concatenating /scratch/rohlfslab/abierly2/LongTR/longTR_pipeline_HG03673/HG03673.chr8.vcf.gz	1.134507 seconds
Concatenating /scratch/rohlfslab/abierly2/LongTR/longTR_pipeline_HG03673/HG03673.chr9.vcf.gz	0.957707 seconds
Concatenating /scratch/rohlfslab/abierly2/LongTR/longTR_pipeline_HG03673/HG03673.chrM.vcf.gz	0.000396 seconds
Concatenating /scratch/rohlfslab/abierly2/LongTR/longTR_pipeline_HG03673/HG03673.chrX.vcf.gz	1.151239 seconds
Concatenating /scratch/rohlfslab/abierly2/LongTR/longTR_pipeline_HG03673/HG03673.chrY.vcf.gz	0.000385 seconds
