Checking the headers and starting positions of 25 files
Concatenating /scratch/rohlfslab/abierly2/LongTR/longTR_pipeline_HG03780/HG03780.chr10.vcf.gz	0.853054 seconds
Concatenating /scratch/rohlfslab/abierly2/LongTR/longTR_pipeline_HG03780/HG03780.chr11.vcf.gz	0.821829 seconds
Concatenating /scratch/rohlfslab/abierly2/LongTR/longTR_pipeline_HG03780/HG03780.chr12.vcf.gz	0.852019 seconds
Concatenating /scratch/rohlfslab/abierly2/LongTR/longTR_pipeline_HG03780/HG03780.chr13.vcf.gz	0.566325 seconds
Concatenating /scratch/rohlfslab/abierly2/LongTR/longTR_pipeline_HG03780/HG03780.chr14.vcf.gz	0.567143 seconds
Concatenating /scratch/rohlfslab/abierly2/LongTR/longTR_pipeline_HG03780/HG03780.chr15.vcf.gz	0.537531 seconds
Concatenating /scratch/rohlfslab/abierly2/LongTR/longTR_pipeline_HG03780/HG03780.chr16.vcf.gz	0.560363 seconds
Concatenating /scratch/rohlfslab/abierly2/LongTR/longTR_pipeline_HG03780/HG03780.chr17.vcf.gz	0.580462 seconds
Concatenating /scratch/rohlfslab/abierly2/LongTR/longTR_pipeline_HG03780/HG03780.chr18.vcf.gz	0.424973 seconds
Concatenating /scratch/rohlfslab/abierly2/LongTR/longTR_pipeline_HG03780/HG03780.chr19.vcf.gz	0.509997 seconds
Concatenating /scratch/rohlfslab/abierly2/LongTR/longTR_pipeline_HG03780/HG03780.chr1.vcf.gz	1.525468 seconds
Concatenating /scratch/rohlfslab/abierly2/LongTR/longTR_pipeline_HG03780/HG03780.chr20.vcf.gz	0.371295 seconds
Concatenating /scratch/rohlfslab/abierly2/LongTR/longTR_pipeline_HG03780/HG03780.chr21.vcf.gz	0.212251 seconds
Concatenating /scratch/rohlfslab/abierly2/LongTR/longTR_pipeline_HG03780/HG03780.chr22.vcf.gz	0.259560 seconds
Concatenating /scratch/rohlfslab/abierly2/LongTR/longTR_pipeline_HG03780/HG03780.chr2.vcf.gz	1.504251 seconds
Concatenating /scratch/rohlfslab/abierly2/LongTR/longTR_pipeline_HG03780/HG03780.chr3.vcf.gz	1.192141 seconds
Concatenating /scratch/rohlfslab/abierly2/LongTR/longTR_pipeline_HG03780/HG03780.chr4.vcf.gz	1.122032 seconds
Concatenating /scratch/rohlfslab/abierly2/LongTR/longTR_pipeline_HG03780/HG03780.chr5.vcf.gz	1.079480 seconds
Concatenating /scratch/rohlfslab/abierly2/LongTR/longTR_pipeline_HG03780/HG03780.chr6.vcf.gz	1.032912 seconds
Concatenating /scratch/rohlfslab/abierly2/LongTR/longTR_pipeline_HG03780/HG03780.chr7.vcf.gz	0.999884 seconds
Concatenating /scratch/rohlfslab/abierly2/LongTR/longTR_pipeline_HG03780/HG03780.chr8.vcf.gz	0.870870 seconds
Concatenating /scratch/rohlfslab/abierly2/LongTR/longTR_pipeline_HG03780/HG03780.chr9.vcf.gz	0.751850 seconds
Concatenating /scratch/rohlfslab/abierly2/LongTR/longTR_pipeline_HG03780/HG03780.chrM.vcf.gz	0.000380 seconds
Concatenating /scratch/rohlfslab/abierly2/LongTR/longTR_pipeline_HG03780/HG03780.chrX.vcf.gz	0.880341 seconds
Concatenating /scratch/rohlfslab/abierly2/LongTR/longTR_pipeline_HG03780/HG03780.chrY.vcf.gz	0.000380 seconds
