Checking the headers and starting positions of 25 files
Concatenating /scratch/rohlfslab/abierly2/LongTR/longTR_pipeline_HG03872/HG03872.chr10.vcf.gz	1.121880 seconds
Concatenating /scratch/rohlfslab/abierly2/LongTR/longTR_pipeline_HG03872/HG03872.chr11.vcf.gz	1.071024 seconds
Concatenating /scratch/rohlfslab/abierly2/LongTR/longTR_pipeline_HG03872/HG03872.chr12.vcf.gz	1.138299 seconds
Concatenating /scratch/rohlfslab/abierly2/LongTR/longTR_pipeline_HG03872/HG03872.chr13.vcf.gz	0.775183 seconds
Concatenating /scratch/rohlfslab/abierly2/LongTR/longTR_pipeline_HG03872/HG03872.chr14.vcf.gz	0.739991 seconds
Concatenating /scratch/rohlfslab/abierly2/LongTR/longTR_pipeline_HG03872/HG03872.chr15.vcf.gz	0.699046 seconds
Concatenating /scratch/rohlfslab/abierly2/LongTR/longTR_pipeline_HG03872/HG03872.chr16.vcf.gz	0.725518 seconds
Concatenating /scratch/rohlfslab/abierly2/LongTR/longTR_pipeline_HG03872/HG03872.chr17.vcf.gz	0.760296 seconds
Concatenating /scratch/rohlfslab/abierly2/LongTR/longTR_pipeline_HG03872/HG03872.chr18.vcf.gz	0.564148 seconds
Concatenating /scratch/rohlfslab/abierly2/LongTR/longTR_pipeline_HG03872/HG03872.chr19.vcf.gz	0.625767 seconds
Concatenating /scratch/rohlfslab/abierly2/LongTR/longTR_pipeline_HG03872/HG03872.chr1.vcf.gz	2.005467 seconds
Concatenating /scratch/rohlfslab/abierly2/LongTR/longTR_pipeline_HG03872/HG03872.chr20.vcf.gz	0.478014 seconds
Concatenating /scratch/rohlfslab/abierly2/LongTR/longTR_pipeline_HG03872/HG03872.chr21.vcf.gz	0.275057 seconds
Concatenating /scratch/rohlfslab/abierly2/LongTR/longTR_pipeline_HG03872/HG03872.chr22.vcf.gz	0.330632 seconds
Concatenating /scratch/rohlfslab/abierly2/LongTR/longTR_pipeline_HG03872/HG03872.chr2.vcf.gz	2.009763 seconds
Concatenating /scratch/rohlfslab/abierly2/LongTR/longTR_pipeline_HG03872/HG03872.chr3.vcf.gz	1.598042 seconds
Concatenating /scratch/rohlfslab/abierly2/LongTR/longTR_pipeline_HG03872/HG03872.chr4.vcf.gz	1.517102 seconds
Concatenating /scratch/rohlfslab/abierly2/LongTR/longTR_pipeline_HG03872/HG03872.chr5.vcf.gz	1.445182 seconds
Concatenating /scratch/rohlfslab/abierly2/LongTR/longTR_pipeline_HG03872/HG03872.chr6.vcf.gz	1.395366 seconds
Concatenating /scratch/rohlfslab/abierly2/LongTR/longTR_pipeline_HG03872/HG03872.chr7.vcf.gz	1.334942 seconds
Concatenating /scratch/rohlfslab/abierly2/LongTR/longTR_pipeline_HG03872/HG03872.chr8.vcf.gz	1.153291 seconds
Concatenating /scratch/rohlfslab/abierly2/LongTR/longTR_pipeline_HG03872/HG03872.chr9.vcf.gz	0.985056 seconds
Concatenating /scratch/rohlfslab/abierly2/LongTR/longTR_pipeline_HG03872/HG03872.chrM.vcf.gz	0.000305 seconds
Concatenating /scratch/rohlfslab/abierly2/LongTR/longTR_pipeline_HG03872/HG03872.chrX.vcf.gz	0.311999 seconds
Concatenating /scratch/rohlfslab/abierly2/LongTR/longTR_pipeline_HG03872/HG03872.chrY.vcf.gz	0.016994 seconds
