Checking the headers and starting positions of 25 files
Concatenating /scratch/rohlfslab/abierly2/LongTR/longTR_pipeline_HG02180/HG02180.chr10.vcf.gz	1.139434 seconds
Concatenating /scratch/rohlfslab/abierly2/LongTR/longTR_pipeline_HG02180/HG02180.chr11.vcf.gz	1.096243 seconds
Concatenating /scratch/rohlfslab/abierly2/LongTR/longTR_pipeline_HG02180/HG02180.chr12.vcf.gz	1.164678 seconds
Concatenating /scratch/rohlfslab/abierly2/LongTR/longTR_pipeline_HG02180/HG02180.chr13.vcf.gz	0.795219 seconds
Concatenating /scratch/rohlfslab/abierly2/LongTR/longTR_pipeline_HG02180/HG02180.chr14.vcf.gz	0.755780 seconds
Concatenating /scratch/rohlfslab/abierly2/LongTR/longTR_pipeline_HG02180/HG02180.chr15.vcf.gz	0.710530 seconds
Concatenating /scratch/rohlfslab/abierly2/LongTR/longTR_pipeline_HG02180/HG02180.chr16.vcf.gz	0.740445 seconds
Concatenating /scratch/rohlfslab/abierly2/LongTR/longTR_pipeline_HG02180/HG02180.chr17.vcf.gz	0.775462 seconds
Concatenating /scratch/rohlfslab/abierly2/LongTR/longTR_pipeline_HG02180/HG02180.chr18.vcf.gz	0.572618 seconds
Concatenating /scratch/rohlfslab/abierly2/LongTR/longTR_pipeline_HG02180/HG02180.chr19.vcf.gz	0.648205 seconds
Concatenating /scratch/rohlfslab/abierly2/LongTR/longTR_pipeline_HG02180/HG02180.chr1.vcf.gz	2.053316 seconds
Concatenating /scratch/rohlfslab/abierly2/LongTR/longTR_pipeline_HG02180/HG02180.chr20.vcf.gz	0.480981 seconds
Concatenating /scratch/rohlfslab/abierly2/LongTR/longTR_pipeline_HG02180/HG02180.chr21.vcf.gz	0.276723 seconds
Concatenating /scratch/rohlfslab/abierly2/LongTR/longTR_pipeline_HG02180/HG02180.chr22.vcf.gz	0.337924 seconds
Concatenating /scratch/rohlfslab/abierly2/LongTR/longTR_pipeline_HG02180/HG02180.chr2.vcf.gz	2.053023 seconds
Concatenating /scratch/rohlfslab/abierly2/LongTR/longTR_pipeline_HG02180/HG02180.chr3.vcf.gz	1.653423 seconds
Concatenating /scratch/rohlfslab/abierly2/LongTR/longTR_pipeline_HG02180/HG02180.chr4.vcf.gz	1.562805 seconds
Concatenating /scratch/rohlfslab/abierly2/LongTR/longTR_pipeline_HG02180/HG02180.chr5.vcf.gz	1.515943 seconds
Concatenating /scratch/rohlfslab/abierly2/LongTR/longTR_pipeline_HG02180/HG02180.chr6.vcf.gz	1.431374 seconds
Concatenating /scratch/rohlfslab/abierly2/LongTR/longTR_pipeline_HG02180/HG02180.chr7.vcf.gz	1.368804 seconds
Concatenating /scratch/rohlfslab/abierly2/LongTR/longTR_pipeline_HG02180/HG02180.chr8.vcf.gz	1.195418 seconds
Concatenating /scratch/rohlfslab/abierly2/LongTR/longTR_pipeline_HG02180/HG02180.chr9.vcf.gz	1.008174 seconds
Concatenating /scratch/rohlfslab/abierly2/LongTR/longTR_pipeline_HG02180/HG02180.chrM.vcf.gz	0.000445 seconds
Concatenating /scratch/rohlfslab/abierly2/LongTR/longTR_pipeline_HG02180/HG02180.chrX.vcf.gz	1.218697 seconds
Concatenating /scratch/rohlfslab/abierly2/LongTR/longTR_pipeline_HG02180/HG02180.chrY.vcf.gz	0.000441 seconds
