Checking the headers and starting positions of 25 files
Concatenating /scratch/rohlfslab/abierly2/LongTR/longTR_pipeline_HG00626/HG00626.chr10.vcf.gz	0.993443 seconds
Concatenating /scratch/rohlfslab/abierly2/LongTR/longTR_pipeline_HG00626/HG00626.chr11.vcf.gz	0.939478 seconds
Concatenating /scratch/rohlfslab/abierly2/LongTR/longTR_pipeline_HG00626/HG00626.chr12.vcf.gz	0.992349 seconds
Concatenating /scratch/rohlfslab/abierly2/LongTR/longTR_pipeline_HG00626/HG00626.chr13.vcf.gz	0.695720 seconds
Concatenating /scratch/rohlfslab/abierly2/LongTR/longTR_pipeline_HG00626/HG00626.chr14.vcf.gz	0.654338 seconds
Concatenating /scratch/rohlfslab/abierly2/LongTR/longTR_pipeline_HG00626/HG00626.chr15.vcf.gz	0.601738 seconds
Concatenating /scratch/rohlfslab/abierly2/LongTR/longTR_pipeline_HG00626/HG00626.chr16.vcf.gz	0.642646 seconds
Concatenating /scratch/rohlfslab/abierly2/LongTR/longTR_pipeline_HG00626/HG00626.chr17.vcf.gz	0.653281 seconds
Concatenating /scratch/rohlfslab/abierly2/LongTR/longTR_pipeline_HG00626/HG00626.chr18.vcf.gz	0.495465 seconds
Concatenating /scratch/rohlfslab/abierly2/LongTR/longTR_pipeline_HG00626/HG00626.chr19.vcf.gz	0.523977 seconds
Concatenating /scratch/rohlfslab/abierly2/LongTR/longTR_pipeline_HG00626/HG00626.chr1.vcf.gz	1.755762 seconds
Concatenating /scratch/rohlfslab/abierly2/LongTR/longTR_pipeline_HG00626/HG00626.chr20.vcf.gz	0.416659 seconds
Concatenating /scratch/rohlfslab/abierly2/LongTR/longTR_pipeline_HG00626/HG00626.chr21.vcf.gz	0.240132 seconds
Concatenating /scratch/rohlfslab/abierly2/LongTR/longTR_pipeline_HG00626/HG00626.chr22.vcf.gz	0.274022 seconds
Concatenating /scratch/rohlfslab/abierly2/LongTR/longTR_pipeline_HG00626/HG00626.chr2.vcf.gz	1.770884 seconds
Concatenating /scratch/rohlfslab/abierly2/LongTR/longTR_pipeline_HG00626/HG00626.chr3.vcf.gz	1.411692 seconds
Concatenating /scratch/rohlfslab/abierly2/LongTR/longTR_pipeline_HG00626/HG00626.chr4.vcf.gz	1.344142 seconds
Concatenating /scratch/rohlfslab/abierly2/LongTR/longTR_pipeline_HG00626/HG00626.chr5.vcf.gz	1.284687 seconds
Concatenating /scratch/rohlfslab/abierly2/LongTR/longTR_pipeline_HG00626/HG00626.chr6.vcf.gz	1.220267 seconds
Concatenating /scratch/rohlfslab/abierly2/LongTR/longTR_pipeline_HG00626/HG00626.chr7.vcf.gz	1.165651 seconds
Concatenating /scratch/rohlfslab/abierly2/LongTR/longTR_pipeline_HG00626/HG00626.chr8.vcf.gz	1.029891 seconds
Concatenating /scratch/rohlfslab/abierly2/LongTR/longTR_pipeline_HG00626/HG00626.chr9.vcf.gz	0.878019 seconds
Concatenating /scratch/rohlfslab/abierly2/LongTR/longTR_pipeline_HG00626/HG00626.chrM.vcf.gz	0.000295 seconds
Concatenating /scratch/rohlfslab/abierly2/LongTR/longTR_pipeline_HG00626/HG00626.chrX.vcf.gz	1.059190 seconds
Concatenating /scratch/rohlfslab/abierly2/LongTR/longTR_pipeline_HG00626/HG00626.chrY.vcf.gz	0.000287 seconds
