Checking the headers and starting positions of 25 files
Concatenating /scratch/rohlfslab/abierly2/LongTR/longTR_pipeline_HG01863/HG01863.chr10.vcf.gz	1.279784 seconds
Concatenating /scratch/rohlfslab/abierly2/LongTR/longTR_pipeline_HG01863/HG01863.chr11.vcf.gz	1.216377 seconds
Concatenating /scratch/rohlfslab/abierly2/LongTR/longTR_pipeline_HG01863/HG01863.chr12.vcf.gz	1.291851 seconds
Concatenating /scratch/rohlfslab/abierly2/LongTR/longTR_pipeline_HG01863/HG01863.chr13.vcf.gz	0.888527 seconds
Concatenating /scratch/rohlfslab/abierly2/LongTR/longTR_pipeline_HG01863/HG01863.chr14.vcf.gz	0.848209 seconds
Concatenating /scratch/rohlfslab/abierly2/LongTR/longTR_pipeline_HG01863/HG01863.chr15.vcf.gz	0.795726 seconds
Concatenating /scratch/rohlfslab/abierly2/LongTR/longTR_pipeline_HG01863/HG01863.chr16.vcf.gz	0.838462 seconds
Concatenating /scratch/rohlfslab/abierly2/LongTR/longTR_pipeline_HG01863/HG01863.chr17.vcf.gz	0.869478 seconds
Concatenating /scratch/rohlfslab/abierly2/LongTR/longTR_pipeline_HG01863/HG01863.chr18.vcf.gz	0.637135 seconds
Concatenating /scratch/rohlfslab/abierly2/LongTR/longTR_pipeline_HG01863/HG01863.chr19.vcf.gz	0.717451 seconds
Concatenating /scratch/rohlfslab/abierly2/LongTR/longTR_pipeline_HG01863/HG01863.chr1.vcf.gz	2.307096 seconds
Concatenating /scratch/rohlfslab/abierly2/LongTR/longTR_pipeline_HG01863/HG01863.chr20.vcf.gz	0.534782 seconds
Concatenating /scratch/rohlfslab/abierly2/LongTR/longTR_pipeline_HG01863/HG01863.chr21.vcf.gz	0.307145 seconds
Concatenating /scratch/rohlfslab/abierly2/LongTR/longTR_pipeline_HG01863/HG01863.chr22.vcf.gz	0.384927 seconds
Concatenating /scratch/rohlfslab/abierly2/LongTR/longTR_pipeline_HG01863/HG01863.chr2.vcf.gz	2.275311 seconds
Concatenating /scratch/rohlfslab/abierly2/LongTR/longTR_pipeline_HG01863/HG01863.chr3.vcf.gz	1.837102 seconds
Concatenating /scratch/rohlfslab/abierly2/LongTR/longTR_pipeline_HG01863/HG01863.chr4.vcf.gz	1.761300 seconds
Concatenating /scratch/rohlfslab/abierly2/LongTR/longTR_pipeline_HG01863/HG01863.chr5.vcf.gz	1.659295 seconds
Concatenating /scratch/rohlfslab/abierly2/LongTR/longTR_pipeline_HG01863/HG01863.chr6.vcf.gz	1.585003 seconds
Concatenating /scratch/rohlfslab/abierly2/LongTR/longTR_pipeline_HG01863/HG01863.chr7.vcf.gz	1.529896 seconds
Concatenating /scratch/rohlfslab/abierly2/LongTR/longTR_pipeline_HG01863/HG01863.chr8.vcf.gz	1.327186 seconds
Concatenating /scratch/rohlfslab/abierly2/LongTR/longTR_pipeline_HG01863/HG01863.chr9.vcf.gz	1.120071 seconds
Concatenating /scratch/rohlfslab/abierly2/LongTR/longTR_pipeline_HG01863/HG01863.chrM.vcf.gz	0.000322 seconds
Concatenating /scratch/rohlfslab/abierly2/LongTR/longTR_pipeline_HG01863/HG01863.chrX.vcf.gz	1.370786 seconds
Concatenating /scratch/rohlfslab/abierly2/LongTR/longTR_pipeline_HG01863/HG01863.chrY.vcf.gz	0.000305 seconds
