Checking the headers and starting positions of 25 files
Concatenating /scratch/rohlfslab/abierly2/LongTR/longTR_pipeline_HG03871/HG03871.chr10.vcf.gz	0.911000 seconds
Concatenating /scratch/rohlfslab/abierly2/LongTR/longTR_pipeline_HG03871/HG03871.chr11.vcf.gz	0.881554 seconds
Concatenating /scratch/rohlfslab/abierly2/LongTR/longTR_pipeline_HG03871/HG03871.chr12.vcf.gz	0.927863 seconds
Concatenating /scratch/rohlfslab/abierly2/LongTR/longTR_pipeline_HG03871/HG03871.chr13.vcf.gz	0.623029 seconds
Concatenating /scratch/rohlfslab/abierly2/LongTR/longTR_pipeline_HG03871/HG03871.chr14.vcf.gz	0.613760 seconds
Concatenating /scratch/rohlfslab/abierly2/LongTR/longTR_pipeline_HG03871/HG03871.chr15.vcf.gz	0.570401 seconds
Concatenating /scratch/rohlfslab/abierly2/LongTR/longTR_pipeline_HG03871/HG03871.chr16.vcf.gz	0.590124 seconds
Concatenating /scratch/rohlfslab/abierly2/LongTR/longTR_pipeline_HG03871/HG03871.chr17.vcf.gz	0.618499 seconds
Concatenating /scratch/rohlfslab/abierly2/LongTR/longTR_pipeline_HG03871/HG03871.chr18.vcf.gz	0.452554 seconds
Concatenating /scratch/rohlfslab/abierly2/LongTR/longTR_pipeline_HG03871/HG03871.chr19.vcf.gz	0.530714 seconds
Concatenating /scratch/rohlfslab/abierly2/LongTR/longTR_pipeline_HG03871/HG03871.chr1.vcf.gz	1.665605 seconds
Concatenating /scratch/rohlfslab/abierly2/LongTR/longTR_pipeline_HG03871/HG03871.chr20.vcf.gz	0.397085 seconds
Concatenating /scratch/rohlfslab/abierly2/LongTR/longTR_pipeline_HG03871/HG03871.chr21.vcf.gz	0.228646 seconds
Concatenating /scratch/rohlfslab/abierly2/LongTR/longTR_pipeline_HG03871/HG03871.chr22.vcf.gz	0.277652 seconds
Concatenating /scratch/rohlfslab/abierly2/LongTR/longTR_pipeline_HG03871/HG03871.chr2.vcf.gz	1.635426 seconds
Concatenating /scratch/rohlfslab/abierly2/LongTR/longTR_pipeline_HG03871/HG03871.chr3.vcf.gz	1.326421 seconds
Concatenating /scratch/rohlfslab/abierly2/LongTR/longTR_pipeline_HG03871/HG03871.chr4.vcf.gz	1.220752 seconds
Concatenating /scratch/rohlfslab/abierly2/LongTR/longTR_pipeline_HG03871/HG03871.chr5.vcf.gz	1.172189 seconds
Concatenating /scratch/rohlfslab/abierly2/LongTR/longTR_pipeline_HG03871/HG03871.chr6.vcf.gz	1.126956 seconds
Concatenating /scratch/rohlfslab/abierly2/LongTR/longTR_pipeline_HG03871/HG03871.chr7.vcf.gz	1.079479 seconds
Concatenating /scratch/rohlfslab/abierly2/LongTR/longTR_pipeline_HG03871/HG03871.chr8.vcf.gz	0.946037 seconds
Concatenating /scratch/rohlfslab/abierly2/LongTR/longTR_pipeline_HG03871/HG03871.chr9.vcf.gz	0.805923 seconds
Concatenating /scratch/rohlfslab/abierly2/LongTR/longTR_pipeline_HG03871/HG03871.chrM.vcf.gz	0.000355 seconds
Concatenating /scratch/rohlfslab/abierly2/LongTR/longTR_pipeline_HG03871/HG03871.chrX.vcf.gz	0.150964 seconds
Concatenating /scratch/rohlfslab/abierly2/LongTR/longTR_pipeline_HG03871/HG03871.chrY.vcf.gz	0.006785 seconds
