Checking the headers and starting positions of 25 files
Concatenating /scratch/rohlfslab/abierly2/LongTR/longTR_pipeline_NA18570/NA18570.chr10.vcf.gz	0.929753 seconds
Concatenating /scratch/rohlfslab/abierly2/LongTR/longTR_pipeline_NA18570/NA18570.chr11.vcf.gz	0.889420 seconds
Concatenating /scratch/rohlfslab/abierly2/LongTR/longTR_pipeline_NA18570/NA18570.chr12.vcf.gz	0.963407 seconds
Concatenating /scratch/rohlfslab/abierly2/LongTR/longTR_pipeline_NA18570/NA18570.chr13.vcf.gz	0.630045 seconds
Concatenating /scratch/rohlfslab/abierly2/LongTR/longTR_pipeline_NA18570/NA18570.chr14.vcf.gz	0.622229 seconds
Concatenating /scratch/rohlfslab/abierly2/LongTR/longTR_pipeline_NA18570/NA18570.chr15.vcf.gz	0.595250 seconds
Concatenating /scratch/rohlfslab/abierly2/LongTR/longTR_pipeline_NA18570/NA18570.chr16.vcf.gz	0.611278 seconds
Concatenating /scratch/rohlfslab/abierly2/LongTR/longTR_pipeline_NA18570/NA18570.chr17.vcf.gz	0.662390 seconds
Concatenating /scratch/rohlfslab/abierly2/LongTR/longTR_pipeline_NA18570/NA18570.chr18.vcf.gz	0.452657 seconds
Concatenating /scratch/rohlfslab/abierly2/LongTR/longTR_pipeline_NA18570/NA18570.chr19.vcf.gz	0.550615 seconds
Concatenating /scratch/rohlfslab/abierly2/LongTR/longTR_pipeline_NA18570/NA18570.chr1.vcf.gz	1.699094 seconds
Concatenating /scratch/rohlfslab/abierly2/LongTR/longTR_pipeline_NA18570/NA18570.chr20.vcf.gz	0.396169 seconds
Concatenating /scratch/rohlfslab/abierly2/LongTR/longTR_pipeline_NA18570/NA18570.chr21.vcf.gz	0.223438 seconds
Concatenating /scratch/rohlfslab/abierly2/LongTR/longTR_pipeline_NA18570/NA18570.chr22.vcf.gz	0.275633 seconds
Concatenating /scratch/rohlfslab/abierly2/LongTR/longTR_pipeline_NA18570/NA18570.chr2.vcf.gz	1.673357 seconds
Concatenating /scratch/rohlfslab/abierly2/LongTR/longTR_pipeline_NA18570/NA18570.chr3.vcf.gz	1.322326 seconds
Concatenating /scratch/rohlfslab/abierly2/LongTR/longTR_pipeline_NA18570/NA18570.chr4.vcf.gz	1.231272 seconds
Concatenating /scratch/rohlfslab/abierly2/LongTR/longTR_pipeline_NA18570/NA18570.chr5.vcf.gz	1.183847 seconds
Concatenating /scratch/rohlfslab/abierly2/LongTR/longTR_pipeline_NA18570/NA18570.chr6.vcf.gz	1.152093 seconds
Concatenating /scratch/rohlfslab/abierly2/LongTR/longTR_pipeline_NA18570/NA18570.chr7.vcf.gz	1.105976 seconds
Concatenating /scratch/rohlfslab/abierly2/LongTR/longTR_pipeline_NA18570/NA18570.chr8.vcf.gz	0.950257 seconds
Concatenating /scratch/rohlfslab/abierly2/LongTR/longTR_pipeline_NA18570/NA18570.chr9.vcf.gz	0.812453 seconds
Concatenating /scratch/rohlfslab/abierly2/LongTR/longTR_pipeline_NA18570/NA18570.chrM.vcf.gz	0.000306 seconds
Concatenating /scratch/rohlfslab/abierly2/LongTR/longTR_pipeline_NA18570/NA18570.chrX.vcf.gz	0.957160 seconds
Concatenating /scratch/rohlfslab/abierly2/LongTR/longTR_pipeline_NA18570/NA18570.chrY.vcf.gz	0.000332 seconds
