Checking the headers and starting positions of 25 files
Concatenating /scratch/rohlfslab/abierly2/LongTR/longTR_pipeline_HG03886/HG03886.chr10.vcf.gz	0.011955 seconds
Concatenating /scratch/rohlfslab/abierly2/LongTR/longTR_pipeline_HG03886/HG03886.chr11.vcf.gz	0.013322 seconds
Concatenating /scratch/rohlfslab/abierly2/LongTR/longTR_pipeline_HG03886/HG03886.chr12.vcf.gz	0.011594 seconds
Concatenating /scratch/rohlfslab/abierly2/LongTR/longTR_pipeline_HG03886/HG03886.chr13.vcf.gz	0.006007 seconds
Concatenating /scratch/rohlfslab/abierly2/LongTR/longTR_pipeline_HG03886/HG03886.chr14.vcf.gz	0.009656 seconds
Concatenating /scratch/rohlfslab/abierly2/LongTR/longTR_pipeline_HG03886/HG03886.chr15.vcf.gz	0.011086 seconds
Concatenating /scratch/rohlfslab/abierly2/LongTR/longTR_pipeline_HG03886/HG03886.chr16.vcf.gz	0.009692 seconds
Concatenating /scratch/rohlfslab/abierly2/LongTR/longTR_pipeline_HG03886/HG03886.chr17.vcf.gz	0.009687 seconds
Concatenating /scratch/rohlfslab/abierly2/LongTR/longTR_pipeline_HG03886/HG03886.chr18.vcf.gz	0.007755 seconds
Concatenating /scratch/rohlfslab/abierly2/LongTR/longTR_pipeline_HG03886/HG03886.chr19.vcf.gz	0.009841 seconds
Concatenating /scratch/rohlfslab/abierly2/LongTR/longTR_pipeline_HG03886/HG03886.chr1.vcf.gz	0.022206 seconds
Concatenating /scratch/rohlfslab/abierly2/LongTR/longTR_pipeline_HG03886/HG03886.chr20.vcf.gz	0.005965 seconds
Concatenating /scratch/rohlfslab/abierly2/LongTR/longTR_pipeline_HG03886/HG03886.chr21.vcf.gz	0.004264 seconds
Concatenating /scratch/rohlfslab/abierly2/LongTR/longTR_pipeline_HG03886/HG03886.chr22.vcf.gz	0.007577 seconds
Concatenating /scratch/rohlfslab/abierly2/LongTR/longTR_pipeline_HG03886/HG03886.chr2.vcf.gz	0.018811 seconds
Concatenating /scratch/rohlfslab/abierly2/LongTR/longTR_pipeline_HG03886/HG03886.chr3.vcf.gz	0.016909 seconds
Concatenating /scratch/rohlfslab/abierly2/LongTR/longTR_pipeline_HG03886/HG03886.chr4.vcf.gz	0.012212 seconds
Concatenating /scratch/rohlfslab/abierly2/LongTR/longTR_pipeline_HG03886/HG03886.chr5.vcf.gz	0.015303 seconds
Concatenating /scratch/rohlfslab/abierly2/LongTR/longTR_pipeline_HG03886/HG03886.chr6.vcf.gz	0.014990 seconds
Concatenating /scratch/rohlfslab/abierly2/LongTR/longTR_pipeline_HG03886/HG03886.chr7.vcf.gz	0.015140 seconds
Concatenating /scratch/rohlfslab/abierly2/LongTR/longTR_pipeline_HG03886/HG03886.chr8.vcf.gz	0.013423 seconds
Concatenating /scratch/rohlfslab/abierly2/LongTR/longTR_pipeline_HG03886/HG03886.chr9.vcf.gz	0.009538 seconds
Concatenating /scratch/rohlfslab/abierly2/LongTR/longTR_pipeline_HG03886/HG03886.chrM.vcf.gz	0.000282 seconds
Concatenating /scratch/rohlfslab/abierly2/LongTR/longTR_pipeline_HG03886/HG03886.chrX.vcf.gz	0.011619 seconds
Concatenating /scratch/rohlfslab/abierly2/LongTR/longTR_pipeline_HG03886/HG03886.chrY.vcf.gz	0.000288 seconds
