Checking the headers and starting positions of 25 files
Concatenating /scratch/rohlfslab/abierly2/LongTR/longTR_pipeline_NA20539/NA20539.chr10.vcf.gz	1.127652 seconds
Concatenating /scratch/rohlfslab/abierly2/LongTR/longTR_pipeline_NA20539/NA20539.chr11.vcf.gz	1.073921 seconds
Concatenating /scratch/rohlfslab/abierly2/LongTR/longTR_pipeline_NA20539/NA20539.chr12.vcf.gz	1.144238 seconds
Concatenating /scratch/rohlfslab/abierly2/LongTR/longTR_pipeline_NA20539/NA20539.chr13.vcf.gz	0.773816 seconds
Concatenating /scratch/rohlfslab/abierly2/LongTR/longTR_pipeline_NA20539/NA20539.chr14.vcf.gz	0.754020 seconds
Concatenating /scratch/rohlfslab/abierly2/LongTR/longTR_pipeline_NA20539/NA20539.chr15.vcf.gz	0.709331 seconds
Concatenating /scratch/rohlfslab/abierly2/LongTR/longTR_pipeline_NA20539/NA20539.chr16.vcf.gz	0.745612 seconds
Concatenating /scratch/rohlfslab/abierly2/LongTR/longTR_pipeline_NA20539/NA20539.chr17.vcf.gz	0.772347 seconds
Concatenating /scratch/rohlfslab/abierly2/LongTR/longTR_pipeline_NA20539/NA20539.chr18.vcf.gz	0.563482 seconds
Concatenating /scratch/rohlfslab/abierly2/LongTR/longTR_pipeline_NA20539/NA20539.chr19.vcf.gz	0.646258 seconds
Concatenating /scratch/rohlfslab/abierly2/LongTR/longTR_pipeline_NA20539/NA20539.chr1.vcf.gz	2.003438 seconds
Concatenating /scratch/rohlfslab/abierly2/LongTR/longTR_pipeline_NA20539/NA20539.chr20.vcf.gz	0.481236 seconds
Concatenating /scratch/rohlfslab/abierly2/LongTR/longTR_pipeline_NA20539/NA20539.chr21.vcf.gz	0.275480 seconds
Concatenating /scratch/rohlfslab/abierly2/LongTR/longTR_pipeline_NA20539/NA20539.chr22.vcf.gz	0.337821 seconds
Concatenating /scratch/rohlfslab/abierly2/LongTR/longTR_pipeline_NA20539/NA20539.chr2.vcf.gz	2.008586 seconds
Concatenating /scratch/rohlfslab/abierly2/LongTR/longTR_pipeline_NA20539/NA20539.chr3.vcf.gz	1.602041 seconds
Concatenating /scratch/rohlfslab/abierly2/LongTR/longTR_pipeline_NA20539/NA20539.chr4.vcf.gz	1.518325 seconds
Concatenating /scratch/rohlfslab/abierly2/LongTR/longTR_pipeline_NA20539/NA20539.chr5.vcf.gz	1.452028 seconds
Concatenating /scratch/rohlfslab/abierly2/LongTR/longTR_pipeline_NA20539/NA20539.chr6.vcf.gz	1.393031 seconds
Concatenating /scratch/rohlfslab/abierly2/LongTR/longTR_pipeline_NA20539/NA20539.chr7.vcf.gz	1.346041 seconds
Concatenating /scratch/rohlfslab/abierly2/LongTR/longTR_pipeline_NA20539/NA20539.chr8.vcf.gz	1.161447 seconds
Concatenating /scratch/rohlfslab/abierly2/LongTR/longTR_pipeline_NA20539/NA20539.chr9.vcf.gz	0.987591 seconds
Concatenating /scratch/rohlfslab/abierly2/LongTR/longTR_pipeline_NA20539/NA20539.chrM.vcf.gz	0.000312 seconds
Concatenating /scratch/rohlfslab/abierly2/LongTR/longTR_pipeline_NA20539/NA20539.chrX.vcf.gz	0.342296 seconds
Concatenating /scratch/rohlfslab/abierly2/LongTR/longTR_pipeline_NA20539/NA20539.chrY.vcf.gz	0.013977 seconds
