Checking the headers and starting positions of 25 files
Concatenating /scratch/rohlfslab/abierly2/LongTR/longTR_pipeline_HG01072/HG01072.chr10.vcf.gz	1.352401 seconds
Concatenating /scratch/rohlfslab/abierly2/LongTR/longTR_pipeline_HG01072/HG01072.chr11.vcf.gz	1.902436 seconds
Concatenating /scratch/rohlfslab/abierly2/LongTR/longTR_pipeline_HG01072/HG01072.chr12.vcf.gz	1.343810 seconds
Concatenating /scratch/rohlfslab/abierly2/LongTR/longTR_pipeline_HG01072/HG01072.chr13.vcf.gz	0.927788 seconds
Concatenating /scratch/rohlfslab/abierly2/LongTR/longTR_pipeline_HG01072/HG01072.chr14.vcf.gz	0.877957 seconds
Concatenating /scratch/rohlfslab/abierly2/LongTR/longTR_pipeline_HG01072/HG01072.chr15.vcf.gz	0.830880 seconds
Concatenating /scratch/rohlfslab/abierly2/LongTR/longTR_pipeline_HG01072/HG01072.chr16.vcf.gz	0.863326 seconds
Concatenating /scratch/rohlfslab/abierly2/LongTR/longTR_pipeline_HG01072/HG01072.chr17.vcf.gz	0.898391 seconds
Concatenating /scratch/rohlfslab/abierly2/LongTR/longTR_pipeline_HG01072/HG01072.chr18.vcf.gz	0.677705 seconds
Concatenating /scratch/rohlfslab/abierly2/LongTR/longTR_pipeline_HG01072/HG01072.chr19.vcf.gz	0.738821 seconds
Concatenating /scratch/rohlfslab/abierly2/LongTR/longTR_pipeline_HG01072/HG01072.chr1.vcf.gz	2.366772 seconds
Concatenating /scratch/rohlfslab/abierly2/LongTR/longTR_pipeline_HG01072/HG01072.chr20.vcf.gz	0.549090 seconds
Concatenating /scratch/rohlfslab/abierly2/LongTR/longTR_pipeline_HG01072/HG01072.chr21.vcf.gz	0.342056 seconds
Concatenating /scratch/rohlfslab/abierly2/LongTR/longTR_pipeline_HG01072/HG01072.chr22.vcf.gz	0.537535 seconds
Concatenating /scratch/rohlfslab/abierly2/LongTR/longTR_pipeline_HG01072/HG01072.chr2.vcf.gz	3.871816 seconds
Concatenating /scratch/rohlfslab/abierly2/LongTR/longTR_pipeline_HG01072/HG01072.chr3.vcf.gz	3.059720 seconds
Concatenating /scratch/rohlfslab/abierly2/LongTR/longTR_pipeline_HG01072/HG01072.chr4.vcf.gz	2.929240 seconds
Concatenating /scratch/rohlfslab/abierly2/LongTR/longTR_pipeline_HG01072/HG01072.chr5.vcf.gz	2.774262 seconds
Concatenating /scratch/rohlfslab/abierly2/LongTR/longTR_pipeline_HG01072/HG01072.chr6.vcf.gz	2.673249 seconds
Concatenating /scratch/rohlfslab/abierly2/LongTR/longTR_pipeline_HG01072/HG01072.chr7.vcf.gz	2.573046 seconds
Concatenating /scratch/rohlfslab/abierly2/LongTR/longTR_pipeline_HG01072/HG01072.chr8.vcf.gz	2.222967 seconds
Concatenating /scratch/rohlfslab/abierly2/LongTR/longTR_pipeline_HG01072/HG01072.chr9.vcf.gz	1.875428 seconds
Concatenating /scratch/rohlfslab/abierly2/LongTR/longTR_pipeline_HG01072/HG01072.chrM.vcf.gz	0.000761 seconds
Concatenating /scratch/rohlfslab/abierly2/LongTR/longTR_pipeline_HG01072/HG01072.chrX.vcf.gz	1.100791 seconds
Concatenating /scratch/rohlfslab/abierly2/LongTR/longTR_pipeline_HG01072/HG01072.chrY.vcf.gz	0.051383 seconds
