Checking the headers and starting positions of 25 files
Concatenating /scratch/rohlfslab/abierly2/LongTR/longTR_pipeline_HG01187/HG01187.chr10.vcf.gz	1.206806 seconds
Concatenating /scratch/rohlfslab/abierly2/LongTR/longTR_pipeline_HG01187/HG01187.chr11.vcf.gz	1.152343 seconds
Concatenating /scratch/rohlfslab/abierly2/LongTR/longTR_pipeline_HG01187/HG01187.chr12.vcf.gz	1.219628 seconds
Concatenating /scratch/rohlfslab/abierly2/LongTR/longTR_pipeline_HG01187/HG01187.chr13.vcf.gz	0.839134 seconds
Concatenating /scratch/rohlfslab/abierly2/LongTR/longTR_pipeline_HG01187/HG01187.chr14.vcf.gz	0.795257 seconds
Concatenating /scratch/rohlfslab/abierly2/LongTR/longTR_pipeline_HG01187/HG01187.chr15.vcf.gz	0.749312 seconds
Concatenating /scratch/rohlfslab/abierly2/LongTR/longTR_pipeline_HG01187/HG01187.chr16.vcf.gz	0.787793 seconds
Concatenating /scratch/rohlfslab/abierly2/LongTR/longTR_pipeline_HG01187/HG01187.chr17.vcf.gz	0.812797 seconds
Concatenating /scratch/rohlfslab/abierly2/LongTR/longTR_pipeline_HG01187/HG01187.chr18.vcf.gz	0.605713 seconds
Concatenating /scratch/rohlfslab/abierly2/LongTR/longTR_pipeline_HG01187/HG01187.chr19.vcf.gz	0.677511 seconds
Concatenating /scratch/rohlfslab/abierly2/LongTR/longTR_pipeline_HG01187/HG01187.chr1.vcf.gz	2.144138 seconds
Concatenating /scratch/rohlfslab/abierly2/LongTR/longTR_pipeline_HG01187/HG01187.chr20.vcf.gz	0.508157 seconds
Concatenating /scratch/rohlfslab/abierly2/LongTR/longTR_pipeline_HG01187/HG01187.chr21.vcf.gz	0.292463 seconds
Concatenating /scratch/rohlfslab/abierly2/LongTR/longTR_pipeline_HG01187/HG01187.chr22.vcf.gz	0.358277 seconds
Concatenating /scratch/rohlfslab/abierly2/LongTR/longTR_pipeline_HG01187/HG01187.chr2.vcf.gz	2.151569 seconds
Concatenating /scratch/rohlfslab/abierly2/LongTR/longTR_pipeline_HG01187/HG01187.chr3.vcf.gz	1.719180 seconds
Concatenating /scratch/rohlfslab/abierly2/LongTR/longTR_pipeline_HG01187/HG01187.chr4.vcf.gz	1.633946 seconds
Concatenating /scratch/rohlfslab/abierly2/LongTR/longTR_pipeline_HG01187/HG01187.chr5.vcf.gz	1.552122 seconds
Concatenating /scratch/rohlfslab/abierly2/LongTR/longTR_pipeline_HG01187/HG01187.chr6.vcf.gz	1.493584 seconds
Concatenating /scratch/rohlfslab/abierly2/LongTR/longTR_pipeline_HG01187/HG01187.chr7.vcf.gz	1.443449 seconds
Concatenating /scratch/rohlfslab/abierly2/LongTR/longTR_pipeline_HG01187/HG01187.chr8.vcf.gz	1.243360 seconds
Concatenating /scratch/rohlfslab/abierly2/LongTR/longTR_pipeline_HG01187/HG01187.chr9.vcf.gz	1.059527 seconds
Concatenating /scratch/rohlfslab/abierly2/LongTR/longTR_pipeline_HG01187/HG01187.chrM.vcf.gz	0.000310 seconds
Concatenating /scratch/rohlfslab/abierly2/LongTR/longTR_pipeline_HG01187/HG01187.chrX.vcf.gz	0.693766 seconds
Concatenating /scratch/rohlfslab/abierly2/LongTR/longTR_pipeline_HG01187/HG01187.chrY.vcf.gz	0.030924 seconds
