Checking the headers and starting positions of 25 files
Concatenating /scratch/rohlfslab/abierly2/LongTR/longTR_pipeline_NA19770/NA19770.chr10.vcf.gz	0.597686 seconds
Concatenating /scratch/rohlfslab/abierly2/LongTR/longTR_pipeline_NA19770/NA19770.chr11.vcf.gz	0.561336 seconds
Concatenating /scratch/rohlfslab/abierly2/LongTR/longTR_pipeline_NA19770/NA19770.chr12.vcf.gz	0.604143 seconds
Concatenating /scratch/rohlfslab/abierly2/LongTR/longTR_pipeline_NA19770/NA19770.chr13.vcf.gz	0.399042 seconds
Concatenating /scratch/rohlfslab/abierly2/LongTR/longTR_pipeline_NA19770/NA19770.chr14.vcf.gz	0.390333 seconds
Concatenating /scratch/rohlfslab/abierly2/LongTR/longTR_pipeline_NA19770/NA19770.chr15.vcf.gz	0.375210 seconds
Concatenating /scratch/rohlfslab/abierly2/LongTR/longTR_pipeline_NA19770/NA19770.chr16.vcf.gz	0.401166 seconds
Concatenating /scratch/rohlfslab/abierly2/LongTR/longTR_pipeline_NA19770/NA19770.chr17.vcf.gz	0.398018 seconds
Concatenating /scratch/rohlfslab/abierly2/LongTR/longTR_pipeline_NA19770/NA19770.chr18.vcf.gz	0.300698 seconds
Concatenating /scratch/rohlfslab/abierly2/LongTR/longTR_pipeline_NA19770/NA19770.chr19.vcf.gz	0.346645 seconds
Concatenating /scratch/rohlfslab/abierly2/LongTR/longTR_pipeline_NA19770/NA19770.chr1.vcf.gz	1.082754 seconds
Concatenating /scratch/rohlfslab/abierly2/LongTR/longTR_pipeline_NA19770/NA19770.chr20.vcf.gz	0.263651 seconds
Concatenating /scratch/rohlfslab/abierly2/LongTR/longTR_pipeline_NA19770/NA19770.chr21.vcf.gz	0.146877 seconds
Concatenating /scratch/rohlfslab/abierly2/LongTR/longTR_pipeline_NA19770/NA19770.chr22.vcf.gz	0.176268 seconds
Concatenating /scratch/rohlfslab/abierly2/LongTR/longTR_pipeline_NA19770/NA19770.chr2.vcf.gz	1.045131 seconds
Concatenating /scratch/rohlfslab/abierly2/LongTR/longTR_pipeline_NA19770/NA19770.chr3.vcf.gz	0.838945 seconds
Concatenating /scratch/rohlfslab/abierly2/LongTR/longTR_pipeline_NA19770/NA19770.chr4.vcf.gz	0.788274 seconds
Concatenating /scratch/rohlfslab/abierly2/LongTR/longTR_pipeline_NA19770/NA19770.chr5.vcf.gz	0.747375 seconds
Concatenating /scratch/rohlfslab/abierly2/LongTR/longTR_pipeline_NA19770/NA19770.chr6.vcf.gz	0.732035 seconds
Concatenating /scratch/rohlfslab/abierly2/LongTR/longTR_pipeline_NA19770/NA19770.chr7.vcf.gz	0.687310 seconds
Concatenating /scratch/rohlfslab/abierly2/LongTR/longTR_pipeline_NA19770/NA19770.chr8.vcf.gz	0.617748 seconds
Concatenating /scratch/rohlfslab/abierly2/LongTR/longTR_pipeline_NA19770/NA19770.chr9.vcf.gz	0.511478 seconds
Concatenating /scratch/rohlfslab/abierly2/LongTR/longTR_pipeline_NA19770/NA19770.chrM.vcf.gz	0.000294 seconds
Concatenating /scratch/rohlfslab/abierly2/LongTR/longTR_pipeline_NA19770/NA19770.chrX.vcf.gz	0.619664 seconds
Concatenating /scratch/rohlfslab/abierly2/LongTR/longTR_pipeline_NA19770/NA19770.chrY.vcf.gz	0.000293 seconds
