Checking the headers and starting positions of 25 files
Concatenating /scratch/rohlfslab/abierly2/LongTR/longTR_pipeline_NA18956/NA18956.chr10.vcf.gz	1.018326 seconds
Concatenating /scratch/rohlfslab/abierly2/LongTR/longTR_pipeline_NA18956/NA18956.chr11.vcf.gz	0.982746 seconds
Concatenating /scratch/rohlfslab/abierly2/LongTR/longTR_pipeline_NA18956/NA18956.chr12.vcf.gz	1.041579 seconds
Concatenating /scratch/rohlfslab/abierly2/LongTR/longTR_pipeline_NA18956/NA18956.chr13.vcf.gz	0.680454 seconds
Concatenating /scratch/rohlfslab/abierly2/LongTR/longTR_pipeline_NA18956/NA18956.chr14.vcf.gz	0.658346 seconds
Concatenating /scratch/rohlfslab/abierly2/LongTR/longTR_pipeline_NA18956/NA18956.chr15.vcf.gz	0.639995 seconds
Concatenating /scratch/rohlfslab/abierly2/LongTR/longTR_pipeline_NA18956/NA18956.chr16.vcf.gz	0.662650 seconds
Concatenating /scratch/rohlfslab/abierly2/LongTR/longTR_pipeline_NA18956/NA18956.chr17.vcf.gz	0.700779 seconds
Concatenating /scratch/rohlfslab/abierly2/LongTR/longTR_pipeline_NA18956/NA18956.chr18.vcf.gz	0.502575 seconds
Concatenating /scratch/rohlfslab/abierly2/LongTR/longTR_pipeline_NA18956/NA18956.chr19.vcf.gz	0.579851 seconds
Concatenating /scratch/rohlfslab/abierly2/LongTR/longTR_pipeline_NA18956/NA18956.chr1.vcf.gz	1.857241 seconds
Concatenating /scratch/rohlfslab/abierly2/LongTR/longTR_pipeline_NA18956/NA18956.chr20.vcf.gz	0.435110 seconds
Concatenating /scratch/rohlfslab/abierly2/LongTR/longTR_pipeline_NA18956/NA18956.chr21.vcf.gz	0.245982 seconds
Concatenating /scratch/rohlfslab/abierly2/LongTR/longTR_pipeline_NA18956/NA18956.chr22.vcf.gz	0.306408 seconds
Concatenating /scratch/rohlfslab/abierly2/LongTR/longTR_pipeline_NA18956/NA18956.chr2.vcf.gz	1.815278 seconds
Concatenating /scratch/rohlfslab/abierly2/LongTR/longTR_pipeline_NA18956/NA18956.chr3.vcf.gz	1.439741 seconds
Concatenating /scratch/rohlfslab/abierly2/LongTR/longTR_pipeline_NA18956/NA18956.chr4.vcf.gz	1.346474 seconds
Concatenating /scratch/rohlfslab/abierly2/LongTR/longTR_pipeline_NA18956/NA18956.chr5.vcf.gz	1.297297 seconds
Concatenating /scratch/rohlfslab/abierly2/LongTR/longTR_pipeline_NA18956/NA18956.chr6.vcf.gz	1.269960 seconds
Concatenating /scratch/rohlfslab/abierly2/LongTR/longTR_pipeline_NA18956/NA18956.chr7.vcf.gz	1.220960 seconds
Concatenating /scratch/rohlfslab/abierly2/LongTR/longTR_pipeline_NA18956/NA18956.chr8.vcf.gz	1.052637 seconds
Concatenating /scratch/rohlfslab/abierly2/LongTR/longTR_pipeline_NA18956/NA18956.chr9.vcf.gz	0.898031 seconds
Concatenating /scratch/rohlfslab/abierly2/LongTR/longTR_pipeline_NA18956/NA18956.chrM.vcf.gz	0.000292 seconds
Concatenating /scratch/rohlfslab/abierly2/LongTR/longTR_pipeline_NA18956/NA18956.chrX.vcf.gz	1.029285 seconds
Concatenating /scratch/rohlfslab/abierly2/LongTR/longTR_pipeline_NA18956/NA18956.chrY.vcf.gz	0.000308 seconds
