Checking the headers and starting positions of 25 files
Concatenating /scratch/rohlfslab/abierly2/LongTR/longTR_pipeline_HG01137/HG01137.chr10.vcf.gz	1.027635 seconds
Concatenating /scratch/rohlfslab/abierly2/LongTR/longTR_pipeline_HG01137/HG01137.chr11.vcf.gz	0.983529 seconds
Concatenating /scratch/rohlfslab/abierly2/LongTR/longTR_pipeline_HG01137/HG01137.chr12.vcf.gz	1.150576 seconds
Concatenating /scratch/rohlfslab/abierly2/LongTR/longTR_pipeline_HG01137/HG01137.chr13.vcf.gz	0.719610 seconds
Concatenating /scratch/rohlfslab/abierly2/LongTR/longTR_pipeline_HG01137/HG01137.chr14.vcf.gz	0.674815 seconds
Concatenating /scratch/rohlfslab/abierly2/LongTR/longTR_pipeline_HG01137/HG01137.chr15.vcf.gz	0.643450 seconds
Concatenating /scratch/rohlfslab/abierly2/LongTR/longTR_pipeline_HG01137/HG01137.chr16.vcf.gz	0.637381 seconds
Concatenating /scratch/rohlfslab/abierly2/LongTR/longTR_pipeline_HG01137/HG01137.chr17.vcf.gz	0.657661 seconds
Concatenating /scratch/rohlfslab/abierly2/LongTR/longTR_pipeline_HG01137/HG01137.chr18.vcf.gz	0.526889 seconds
Concatenating /scratch/rohlfslab/abierly2/LongTR/longTR_pipeline_HG01137/HG01137.chr19.vcf.gz	0.503008 seconds
Concatenating /scratch/rohlfslab/abierly2/LongTR/longTR_pipeline_HG01137/HG01137.chr1.vcf.gz	1.794958 seconds
Concatenating /scratch/rohlfslab/abierly2/LongTR/longTR_pipeline_HG01137/HG01137.chr20.vcf.gz	0.427196 seconds
Concatenating /scratch/rohlfslab/abierly2/LongTR/longTR_pipeline_HG01137/HG01137.chr21.vcf.gz	0.254508 seconds
Concatenating /scratch/rohlfslab/abierly2/LongTR/longTR_pipeline_HG01137/HG01137.chr22.vcf.gz	0.281645 seconds
Concatenating /scratch/rohlfslab/abierly2/LongTR/longTR_pipeline_HG01137/HG01137.chr2.vcf.gz	1.845961 seconds
Concatenating /scratch/rohlfslab/abierly2/LongTR/longTR_pipeline_HG01137/HG01137.chr3.vcf.gz	1.453840 seconds
Concatenating /scratch/rohlfslab/abierly2/LongTR/longTR_pipeline_HG01137/HG01137.chr4.vcf.gz	1.437798 seconds
Concatenating /scratch/rohlfslab/abierly2/LongTR/longTR_pipeline_HG01137/HG01137.chr5.vcf.gz	1.339301 seconds
Concatenating /scratch/rohlfslab/abierly2/LongTR/longTR_pipeline_HG01137/HG01137.chr6.vcf.gz	1.285178 seconds
Concatenating /scratch/rohlfslab/abierly2/LongTR/longTR_pipeline_HG01137/HG01137.chr7.vcf.gz	1.218130 seconds
Concatenating /scratch/rohlfslab/abierly2/LongTR/longTR_pipeline_HG01137/HG01137.chr8.vcf.gz	1.060075 seconds
Concatenating /scratch/rohlfslab/abierly2/LongTR/longTR_pipeline_HG01137/HG01137.chr9.vcf.gz	0.897109 seconds
Concatenating /scratch/rohlfslab/abierly2/LongTR/longTR_pipeline_HG01137/HG01137.chrM.vcf.gz	0.000451 seconds
Concatenating /scratch/rohlfslab/abierly2/LongTR/longTR_pipeline_HG01137/HG01137.chrX.vcf.gz	0.736258 seconds
Concatenating /scratch/rohlfslab/abierly2/LongTR/longTR_pipeline_HG01137/HG01137.chrY.vcf.gz	0.000452 seconds
