Checking the headers and starting positions of 25 files
Concatenating /scratch/rohlfslab/abierly2/LongTR/longTR_pipeline_HG01859/HG01859.chr10.vcf.gz	1.174148 seconds
Concatenating /scratch/rohlfslab/abierly2/LongTR/longTR_pipeline_HG01859/HG01859.chr11.vcf.gz	1.117339 seconds
Concatenating /scratch/rohlfslab/abierly2/LongTR/longTR_pipeline_HG01859/HG01859.chr12.vcf.gz	1.196242 seconds
Concatenating /scratch/rohlfslab/abierly2/LongTR/longTR_pipeline_HG01859/HG01859.chr13.vcf.gz	0.823247 seconds
Concatenating /scratch/rohlfslab/abierly2/LongTR/longTR_pipeline_HG01859/HG01859.chr14.vcf.gz	0.773724 seconds
Concatenating /scratch/rohlfslab/abierly2/LongTR/longTR_pipeline_HG01859/HG01859.chr15.vcf.gz	0.726430 seconds
Concatenating /scratch/rohlfslab/abierly2/LongTR/longTR_pipeline_HG01859/HG01859.chr16.vcf.gz	0.750962 seconds
Concatenating /scratch/rohlfslab/abierly2/LongTR/longTR_pipeline_HG01859/HG01859.chr17.vcf.gz	0.798341 seconds
Concatenating /scratch/rohlfslab/abierly2/LongTR/longTR_pipeline_HG01859/HG01859.chr18.vcf.gz	0.585790 seconds
Concatenating /scratch/rohlfslab/abierly2/LongTR/longTR_pipeline_HG01859/HG01859.chr19.vcf.gz	0.658240 seconds
Concatenating /scratch/rohlfslab/abierly2/LongTR/longTR_pipeline_HG01859/HG01859.chr1.vcf.gz	2.119678 seconds
Concatenating /scratch/rohlfslab/abierly2/LongTR/longTR_pipeline_HG01859/HG01859.chr20.vcf.gz	0.487704 seconds
Concatenating /scratch/rohlfslab/abierly2/LongTR/longTR_pipeline_HG01859/HG01859.chr21.vcf.gz	0.285533 seconds
Concatenating /scratch/rohlfslab/abierly2/LongTR/longTR_pipeline_HG01859/HG01859.chr22.vcf.gz	0.344146 seconds
Concatenating /scratch/rohlfslab/abierly2/LongTR/longTR_pipeline_HG01859/HG01859.chr2.vcf.gz	2.105272 seconds
Concatenating /scratch/rohlfslab/abierly2/LongTR/longTR_pipeline_HG01859/HG01859.chr3.vcf.gz	1.684136 seconds
Concatenating /scratch/rohlfslab/abierly2/LongTR/longTR_pipeline_HG01859/HG01859.chr4.vcf.gz	1.592888 seconds
Concatenating /scratch/rohlfslab/abierly2/LongTR/longTR_pipeline_HG01859/HG01859.chr5.vcf.gz	1.513248 seconds
Concatenating /scratch/rohlfslab/abierly2/LongTR/longTR_pipeline_HG01859/HG01859.chr6.vcf.gz	1.463173 seconds
Concatenating /scratch/rohlfslab/abierly2/LongTR/longTR_pipeline_HG01859/HG01859.chr7.vcf.gz	1.396867 seconds
Concatenating /scratch/rohlfslab/abierly2/LongTR/longTR_pipeline_HG01859/HG01859.chr8.vcf.gz	1.215493 seconds
Concatenating /scratch/rohlfslab/abierly2/LongTR/longTR_pipeline_HG01859/HG01859.chr9.vcf.gz	1.028408 seconds
Concatenating /scratch/rohlfslab/abierly2/LongTR/longTR_pipeline_HG01859/HG01859.chrM.vcf.gz	0.000311 seconds
Concatenating /scratch/rohlfslab/abierly2/LongTR/longTR_pipeline_HG01859/HG01859.chrX.vcf.gz	1.238866 seconds
Concatenating /scratch/rohlfslab/abierly2/LongTR/longTR_pipeline_HG01859/HG01859.chrY.vcf.gz	0.000299 seconds
