Checking the headers and starting positions of 25 files
Concatenating /scratch/rohlfslab/abierly2/LongTR/longTR_pipeline_NA18566/NA18566.chr10.vcf.gz	1.274818 seconds
Concatenating /scratch/rohlfslab/abierly2/LongTR/longTR_pipeline_NA18566/NA18566.chr11.vcf.gz	1.218014 seconds
Concatenating /scratch/rohlfslab/abierly2/LongTR/longTR_pipeline_NA18566/NA18566.chr12.vcf.gz	1.291136 seconds
Concatenating /scratch/rohlfslab/abierly2/LongTR/longTR_pipeline_NA18566/NA18566.chr13.vcf.gz	0.893928 seconds
Concatenating /scratch/rohlfslab/abierly2/LongTR/longTR_pipeline_NA18566/NA18566.chr14.vcf.gz	0.849212 seconds
Concatenating /scratch/rohlfslab/abierly2/LongTR/longTR_pipeline_NA18566/NA18566.chr15.vcf.gz	0.796537 seconds
Concatenating /scratch/rohlfslab/abierly2/LongTR/longTR_pipeline_NA18566/NA18566.chr16.vcf.gz	0.835449 seconds
Concatenating /scratch/rohlfslab/abierly2/LongTR/longTR_pipeline_NA18566/NA18566.chr17.vcf.gz	0.865756 seconds
Concatenating /scratch/rohlfslab/abierly2/LongTR/longTR_pipeline_NA18566/NA18566.chr18.vcf.gz	0.645168 seconds
Concatenating /scratch/rohlfslab/abierly2/LongTR/longTR_pipeline_NA18566/NA18566.chr19.vcf.gz	0.719725 seconds
Concatenating /scratch/rohlfslab/abierly2/LongTR/longTR_pipeline_NA18566/NA18566.chr1.vcf.gz	2.272065 seconds
Concatenating /scratch/rohlfslab/abierly2/LongTR/longTR_pipeline_NA18566/NA18566.chr20.vcf.gz	0.534411 seconds
Concatenating /scratch/rohlfslab/abierly2/LongTR/longTR_pipeline_NA18566/NA18566.chr21.vcf.gz	0.310946 seconds
Concatenating /scratch/rohlfslab/abierly2/LongTR/longTR_pipeline_NA18566/NA18566.chr22.vcf.gz	0.378230 seconds
Concatenating /scratch/rohlfslab/abierly2/LongTR/longTR_pipeline_NA18566/NA18566.chr2.vcf.gz	2.261112 seconds
Concatenating /scratch/rohlfslab/abierly2/LongTR/longTR_pipeline_NA18566/NA18566.chr3.vcf.gz	1.806815 seconds
Concatenating /scratch/rohlfslab/abierly2/LongTR/longTR_pipeline_NA18566/NA18566.chr4.vcf.gz	1.736526 seconds
Concatenating /scratch/rohlfslab/abierly2/LongTR/longTR_pipeline_NA18566/NA18566.chr5.vcf.gz	1.663946 seconds
Concatenating /scratch/rohlfslab/abierly2/LongTR/longTR_pipeline_NA18566/NA18566.chr6.vcf.gz	1.595145 seconds
Concatenating /scratch/rohlfslab/abierly2/LongTR/longTR_pipeline_NA18566/NA18566.chr7.vcf.gz	1.535488 seconds
Concatenating /scratch/rohlfslab/abierly2/LongTR/longTR_pipeline_NA18566/NA18566.chr8.vcf.gz	1.323113 seconds
Concatenating /scratch/rohlfslab/abierly2/LongTR/longTR_pipeline_NA18566/NA18566.chr9.vcf.gz	1.121069 seconds
Concatenating /scratch/rohlfslab/abierly2/LongTR/longTR_pipeline_NA18566/NA18566.chrM.vcf.gz	0.000385 seconds
Concatenating /scratch/rohlfslab/abierly2/LongTR/longTR_pipeline_NA18566/NA18566.chrX.vcf.gz	1.371524 seconds
Concatenating /scratch/rohlfslab/abierly2/LongTR/longTR_pipeline_NA18566/NA18566.chrY.vcf.gz	0.000496 seconds
