Checking the headers and starting positions of 25 files
Concatenating /scratch/rohlfslab/abierly2/LongTR/longTR_pipeline_HG03593/HG03593.chr10.vcf.gz	1.209755 seconds
Concatenating /scratch/rohlfslab/abierly2/LongTR/longTR_pipeline_HG03593/HG03593.chr11.vcf.gz	1.159197 seconds
Concatenating /scratch/rohlfslab/abierly2/LongTR/longTR_pipeline_HG03593/HG03593.chr12.vcf.gz	1.227644 seconds
Concatenating /scratch/rohlfslab/abierly2/LongTR/longTR_pipeline_HG03593/HG03593.chr13.vcf.gz	0.852873 seconds
Concatenating /scratch/rohlfslab/abierly2/LongTR/longTR_pipeline_HG03593/HG03593.chr14.vcf.gz	0.797231 seconds
Concatenating /scratch/rohlfslab/abierly2/LongTR/longTR_pipeline_HG03593/HG03593.chr15.vcf.gz	0.744471 seconds
Concatenating /scratch/rohlfslab/abierly2/LongTR/longTR_pipeline_HG03593/HG03593.chr16.vcf.gz	0.773379 seconds
Concatenating /scratch/rohlfslab/abierly2/LongTR/longTR_pipeline_HG03593/HG03593.chr17.vcf.gz	0.812447 seconds
Concatenating /scratch/rohlfslab/abierly2/LongTR/longTR_pipeline_HG03593/HG03593.chr18.vcf.gz	0.608796 seconds
Concatenating /scratch/rohlfslab/abierly2/LongTR/longTR_pipeline_HG03593/HG03593.chr19.vcf.gz	0.662491 seconds
Concatenating /scratch/rohlfslab/abierly2/LongTR/longTR_pipeline_HG03593/HG03593.chr1.vcf.gz	2.151550 seconds
Concatenating /scratch/rohlfslab/abierly2/LongTR/longTR_pipeline_HG03593/HG03593.chr20.vcf.gz	0.505024 seconds
Concatenating /scratch/rohlfslab/abierly2/LongTR/longTR_pipeline_HG03593/HG03593.chr21.vcf.gz	0.292275 seconds
Concatenating /scratch/rohlfslab/abierly2/LongTR/longTR_pipeline_HG03593/HG03593.chr22.vcf.gz	0.354092 seconds
Concatenating /scratch/rohlfslab/abierly2/LongTR/longTR_pipeline_HG03593/HG03593.chr2.vcf.gz	2.156610 seconds
Concatenating /scratch/rohlfslab/abierly2/LongTR/longTR_pipeline_HG03593/HG03593.chr3.vcf.gz	1.719623 seconds
Concatenating /scratch/rohlfslab/abierly2/LongTR/longTR_pipeline_HG03593/HG03593.chr4.vcf.gz	1.652996 seconds
Concatenating /scratch/rohlfslab/abierly2/LongTR/longTR_pipeline_HG03593/HG03593.chr5.vcf.gz	1.560098 seconds
Concatenating /scratch/rohlfslab/abierly2/LongTR/longTR_pipeline_HG03593/HG03593.chr6.vcf.gz	1.507170 seconds
Concatenating /scratch/rohlfslab/abierly2/LongTR/longTR_pipeline_HG03593/HG03593.chr7.vcf.gz	1.439012 seconds
Concatenating /scratch/rohlfslab/abierly2/LongTR/longTR_pipeline_HG03593/HG03593.chr8.vcf.gz	1.259381 seconds
Concatenating /scratch/rohlfslab/abierly2/LongTR/longTR_pipeline_HG03593/HG03593.chr9.vcf.gz	1.063288 seconds
Concatenating /scratch/rohlfslab/abierly2/LongTR/longTR_pipeline_HG03593/HG03593.chrM.vcf.gz	0.000300 seconds
Concatenating /scratch/rohlfslab/abierly2/LongTR/longTR_pipeline_HG03593/HG03593.chrX.vcf.gz	0.509305 seconds
Concatenating /scratch/rohlfslab/abierly2/LongTR/longTR_pipeline_HG03593/HG03593.chrY.vcf.gz	0.028635 seconds
