Checking the headers and starting positions of 25 files
Concatenating /scratch/rohlfslab/abierly2/LongTR/longTR_pipeline_HG00367/HG00367.chr10.vcf.gz	1.256246 seconds
Concatenating /scratch/rohlfslab/abierly2/LongTR/longTR_pipeline_HG00367/HG00367.chr11.vcf.gz	1.195905 seconds
Concatenating /scratch/rohlfslab/abierly2/LongTR/longTR_pipeline_HG00367/HG00367.chr12.vcf.gz	1.264277 seconds
Concatenating /scratch/rohlfslab/abierly2/LongTR/longTR_pipeline_HG00367/HG00367.chr13.vcf.gz	0.872769 seconds
Concatenating /scratch/rohlfslab/abierly2/LongTR/longTR_pipeline_HG00367/HG00367.chr14.vcf.gz	0.829685 seconds
Concatenating /scratch/rohlfslab/abierly2/LongTR/longTR_pipeline_HG00367/HG00367.chr15.vcf.gz	0.774132 seconds
Concatenating /scratch/rohlfslab/abierly2/LongTR/longTR_pipeline_HG00367/HG00367.chr16.vcf.gz	0.813984 seconds
Concatenating /scratch/rohlfslab/abierly2/LongTR/longTR_pipeline_HG00367/HG00367.chr17.vcf.gz	0.843428 seconds
Concatenating /scratch/rohlfslab/abierly2/LongTR/longTR_pipeline_HG00367/HG00367.chr18.vcf.gz	0.634638 seconds
Concatenating /scratch/rohlfslab/abierly2/LongTR/longTR_pipeline_HG00367/HG00367.chr19.vcf.gz	0.701199 seconds
Concatenating /scratch/rohlfslab/abierly2/LongTR/longTR_pipeline_HG00367/HG00367.chr1.vcf.gz	2.241368 seconds
Concatenating /scratch/rohlfslab/abierly2/LongTR/longTR_pipeline_HG00367/HG00367.chr20.vcf.gz	0.527501 seconds
Concatenating /scratch/rohlfslab/abierly2/LongTR/longTR_pipeline_HG00367/HG00367.chr21.vcf.gz	0.304163 seconds
Concatenating /scratch/rohlfslab/abierly2/LongTR/longTR_pipeline_HG00367/HG00367.chr22.vcf.gz	0.369201 seconds
Concatenating /scratch/rohlfslab/abierly2/LongTR/longTR_pipeline_HG00367/HG00367.chr2.vcf.gz	2.239098 seconds
Concatenating /scratch/rohlfslab/abierly2/LongTR/longTR_pipeline_HG00367/HG00367.chr3.vcf.gz	1.799023 seconds
Concatenating /scratch/rohlfslab/abierly2/LongTR/longTR_pipeline_HG00367/HG00367.chr4.vcf.gz	1.703684 seconds
Concatenating /scratch/rohlfslab/abierly2/LongTR/longTR_pipeline_HG00367/HG00367.chr5.vcf.gz	1.614317 seconds
Concatenating /scratch/rohlfslab/abierly2/LongTR/longTR_pipeline_HG00367/HG00367.chr6.vcf.gz	1.555116 seconds
Concatenating /scratch/rohlfslab/abierly2/LongTR/longTR_pipeline_HG00367/HG00367.chr7.vcf.gz	1.500984 seconds
Concatenating /scratch/rohlfslab/abierly2/LongTR/longTR_pipeline_HG00367/HG00367.chr8.vcf.gz	1.301450 seconds
Concatenating /scratch/rohlfslab/abierly2/LongTR/longTR_pipeline_HG00367/HG00367.chr9.vcf.gz	1.098565 seconds
Concatenating /scratch/rohlfslab/abierly2/LongTR/longTR_pipeline_HG00367/HG00367.chrM.vcf.gz	0.000305 seconds
Concatenating /scratch/rohlfslab/abierly2/LongTR/longTR_pipeline_HG00367/HG00367.chrX.vcf.gz	1.347682 seconds
Concatenating /scratch/rohlfslab/abierly2/LongTR/longTR_pipeline_HG00367/HG00367.chrY.vcf.gz	0.000380 seconds
