Checking the headers and starting positions of 25 files
Concatenating /scratch/rohlfslab/abierly2/LongTR/longTR_pipeline_HG01348/HG01348.chr10.vcf.gz	1.133826 seconds
Concatenating /scratch/rohlfslab/abierly2/LongTR/longTR_pipeline_HG01348/HG01348.chr11.vcf.gz	1.085615 seconds
Concatenating /scratch/rohlfslab/abierly2/LongTR/longTR_pipeline_HG01348/HG01348.chr12.vcf.gz	1.150516 seconds
Concatenating /scratch/rohlfslab/abierly2/LongTR/longTR_pipeline_HG01348/HG01348.chr13.vcf.gz	0.787433 seconds
Concatenating /scratch/rohlfslab/abierly2/LongTR/longTR_pipeline_HG01348/HG01348.chr14.vcf.gz	0.750082 seconds
Concatenating /scratch/rohlfslab/abierly2/LongTR/longTR_pipeline_HG01348/HG01348.chr15.vcf.gz	0.709307 seconds
Concatenating /scratch/rohlfslab/abierly2/LongTR/longTR_pipeline_HG01348/HG01348.chr16.vcf.gz	0.736610 seconds
Concatenating /scratch/rohlfslab/abierly2/LongTR/longTR_pipeline_HG01348/HG01348.chr17.vcf.gz	0.769659 seconds
Concatenating /scratch/rohlfslab/abierly2/LongTR/longTR_pipeline_HG01348/HG01348.chr18.vcf.gz	0.567559 seconds
Concatenating /scratch/rohlfslab/abierly2/LongTR/longTR_pipeline_HG01348/HG01348.chr19.vcf.gz	0.645144 seconds
Concatenating /scratch/rohlfslab/abierly2/LongTR/longTR_pipeline_HG01348/HG01348.chr1.vcf.gz	2.048068 seconds
Concatenating /scratch/rohlfslab/abierly2/LongTR/longTR_pipeline_HG01348/HG01348.chr20.vcf.gz	0.481691 seconds
Concatenating /scratch/rohlfslab/abierly2/LongTR/longTR_pipeline_HG01348/HG01348.chr21.vcf.gz	0.273255 seconds
Concatenating /scratch/rohlfslab/abierly2/LongTR/longTR_pipeline_HG01348/HG01348.chr22.vcf.gz	0.335927 seconds
Concatenating /scratch/rohlfslab/abierly2/LongTR/longTR_pipeline_HG01348/HG01348.chr2.vcf.gz	2.027128 seconds
Concatenating /scratch/rohlfslab/abierly2/LongTR/longTR_pipeline_HG01348/HG01348.chr3.vcf.gz	1.621581 seconds
Concatenating /scratch/rohlfslab/abierly2/LongTR/longTR_pipeline_HG01348/HG01348.chr4.vcf.gz	1.542192 seconds
Concatenating /scratch/rohlfslab/abierly2/LongTR/longTR_pipeline_HG01348/HG01348.chr5.vcf.gz	1.463366 seconds
Concatenating /scratch/rohlfslab/abierly2/LongTR/longTR_pipeline_HG01348/HG01348.chr6.vcf.gz	1.419527 seconds
Concatenating /scratch/rohlfslab/abierly2/LongTR/longTR_pipeline_HG01348/HG01348.chr7.vcf.gz	1.356894 seconds
Concatenating /scratch/rohlfslab/abierly2/LongTR/longTR_pipeline_HG01348/HG01348.chr8.vcf.gz	1.172138 seconds
Concatenating /scratch/rohlfslab/abierly2/LongTR/longTR_pipeline_HG01348/HG01348.chr9.vcf.gz	0.999705 seconds
Concatenating /scratch/rohlfslab/abierly2/LongTR/longTR_pipeline_HG01348/HG01348.chrM.vcf.gz	0.000409 seconds
Concatenating /scratch/rohlfslab/abierly2/LongTR/longTR_pipeline_HG01348/HG01348.chrX.vcf.gz	1.164195 seconds
Concatenating /scratch/rohlfslab/abierly2/LongTR/longTR_pipeline_HG01348/HG01348.chrY.vcf.gz	0.000287 seconds
