Checking the headers and starting positions of 25 files
Concatenating /scratch/rohlfslab/abierly2/LongTR/longTR_pipeline_HG00418/HG00418.chr10.vcf.gz	1.187632 seconds
Concatenating /scratch/rohlfslab/abierly2/LongTR/longTR_pipeline_HG00418/HG00418.chr11.vcf.gz	1.131900 seconds
Concatenating /scratch/rohlfslab/abierly2/LongTR/longTR_pipeline_HG00418/HG00418.chr12.vcf.gz	1.210792 seconds
Concatenating /scratch/rohlfslab/abierly2/LongTR/longTR_pipeline_HG00418/HG00418.chr13.vcf.gz	0.833572 seconds
Concatenating /scratch/rohlfslab/abierly2/LongTR/longTR_pipeline_HG00418/HG00418.chr14.vcf.gz	0.787764 seconds
Concatenating /scratch/rohlfslab/abierly2/LongTR/longTR_pipeline_HG00418/HG00418.chr15.vcf.gz	0.744615 seconds
Concatenating /scratch/rohlfslab/abierly2/LongTR/longTR_pipeline_HG00418/HG00418.chr16.vcf.gz	0.766601 seconds
Concatenating /scratch/rohlfslab/abierly2/LongTR/longTR_pipeline_HG00418/HG00418.chr17.vcf.gz	0.801939 seconds
Concatenating /scratch/rohlfslab/abierly2/LongTR/longTR_pipeline_HG00418/HG00418.chr18.vcf.gz	0.597106 seconds
Concatenating /scratch/rohlfslab/abierly2/LongTR/longTR_pipeline_HG00418/HG00418.chr19.vcf.gz	0.656622 seconds
Concatenating /scratch/rohlfslab/abierly2/LongTR/longTR_pipeline_HG00418/HG00418.chr1.vcf.gz	2.124161 seconds
Concatenating /scratch/rohlfslab/abierly2/LongTR/longTR_pipeline_HG00418/HG00418.chr20.vcf.gz	0.503281 seconds
Concatenating /scratch/rohlfslab/abierly2/LongTR/longTR_pipeline_HG00418/HG00418.chr21.vcf.gz	0.289312 seconds
Concatenating /scratch/rohlfslab/abierly2/LongTR/longTR_pipeline_HG00418/HG00418.chr22.vcf.gz	0.346481 seconds
Concatenating /scratch/rohlfslab/abierly2/LongTR/longTR_pipeline_HG00418/HG00418.chr2.vcf.gz	2.137033 seconds
Concatenating /scratch/rohlfslab/abierly2/LongTR/longTR_pipeline_HG00418/HG00418.chr3.vcf.gz	1.714442 seconds
Concatenating /scratch/rohlfslab/abierly2/LongTR/longTR_pipeline_HG00418/HG00418.chr4.vcf.gz	1.625298 seconds
Concatenating /scratch/rohlfslab/abierly2/LongTR/longTR_pipeline_HG00418/HG00418.chr5.vcf.gz	1.547464 seconds
Concatenating /scratch/rohlfslab/abierly2/LongTR/longTR_pipeline_HG00418/HG00418.chr6.vcf.gz	1.487686 seconds
Concatenating /scratch/rohlfslab/abierly2/LongTR/longTR_pipeline_HG00418/HG00418.chr7.vcf.gz	1.433144 seconds
Concatenating /scratch/rohlfslab/abierly2/LongTR/longTR_pipeline_HG00418/HG00418.chr8.vcf.gz	1.256378 seconds
Concatenating /scratch/rohlfslab/abierly2/LongTR/longTR_pipeline_HG00418/HG00418.chr9.vcf.gz	1.054502 seconds
Concatenating /scratch/rohlfslab/abierly2/LongTR/longTR_pipeline_HG00418/HG00418.chrM.vcf.gz	0.000533 seconds
Concatenating /scratch/rohlfslab/abierly2/LongTR/longTR_pipeline_HG00418/HG00418.chrX.vcf.gz	0.480722 seconds
Concatenating /scratch/rohlfslab/abierly2/LongTR/longTR_pipeline_HG00418/HG00418.chrY.vcf.gz	0.027019 seconds
