Checking the headers and starting positions of 25 files
Concatenating /scratch/rohlfslab/abierly2/LongTR/longTR_pipeline_NA18591/NA18591.chr10.vcf.gz	1.011492 seconds
Concatenating /scratch/rohlfslab/abierly2/LongTR/longTR_pipeline_NA18591/NA18591.chr11.vcf.gz	0.959361 seconds
Concatenating /scratch/rohlfslab/abierly2/LongTR/longTR_pipeline_NA18591/NA18591.chr12.vcf.gz	1.027825 seconds
Concatenating /scratch/rohlfslab/abierly2/LongTR/longTR_pipeline_NA18591/NA18591.chr13.vcf.gz	0.694658 seconds
Concatenating /scratch/rohlfslab/abierly2/LongTR/longTR_pipeline_NA18591/NA18591.chr14.vcf.gz	0.667187 seconds
Concatenating /scratch/rohlfslab/abierly2/LongTR/longTR_pipeline_NA18591/NA18591.chr15.vcf.gz	0.637667 seconds
Concatenating /scratch/rohlfslab/abierly2/LongTR/longTR_pipeline_NA18591/NA18591.chr16.vcf.gz	0.650998 seconds
Concatenating /scratch/rohlfslab/abierly2/LongTR/longTR_pipeline_NA18591/NA18591.chr17.vcf.gz	0.693592 seconds
Concatenating /scratch/rohlfslab/abierly2/LongTR/longTR_pipeline_NA18591/NA18591.chr18.vcf.gz	0.502488 seconds
Concatenating /scratch/rohlfslab/abierly2/LongTR/longTR_pipeline_NA18591/NA18591.chr19.vcf.gz	0.575639 seconds
Concatenating /scratch/rohlfslab/abierly2/LongTR/longTR_pipeline_NA18591/NA18591.chr1.vcf.gz	1.818036 seconds
Concatenating /scratch/rohlfslab/abierly2/LongTR/longTR_pipeline_NA18591/NA18591.chr20.vcf.gz	0.424301 seconds
Concatenating /scratch/rohlfslab/abierly2/LongTR/longTR_pipeline_NA18591/NA18591.chr21.vcf.gz	0.245954 seconds
Concatenating /scratch/rohlfslab/abierly2/LongTR/longTR_pipeline_NA18591/NA18591.chr22.vcf.gz	0.302214 seconds
Concatenating /scratch/rohlfslab/abierly2/LongTR/longTR_pipeline_NA18591/NA18591.chr2.vcf.gz	1.809867 seconds
Concatenating /scratch/rohlfslab/abierly2/LongTR/longTR_pipeline_NA18591/NA18591.chr3.vcf.gz	1.445620 seconds
Concatenating /scratch/rohlfslab/abierly2/LongTR/longTR_pipeline_NA18591/NA18591.chr4.vcf.gz	1.385677 seconds
Concatenating /scratch/rohlfslab/abierly2/LongTR/longTR_pipeline_NA18591/NA18591.chr5.vcf.gz	1.302077 seconds
Concatenating /scratch/rohlfslab/abierly2/LongTR/longTR_pipeline_NA18591/NA18591.chr6.vcf.gz	1.264400 seconds
Concatenating /scratch/rohlfslab/abierly2/LongTR/longTR_pipeline_NA18591/NA18591.chr7.vcf.gz	1.216966 seconds
Concatenating /scratch/rohlfslab/abierly2/LongTR/longTR_pipeline_NA18591/NA18591.chr8.vcf.gz	1.048511 seconds
Concatenating /scratch/rohlfslab/abierly2/LongTR/longTR_pipeline_NA18591/NA18591.chr9.vcf.gz	0.896066 seconds
Concatenating /scratch/rohlfslab/abierly2/LongTR/longTR_pipeline_NA18591/NA18591.chrM.vcf.gz	0.000295 seconds
Concatenating /scratch/rohlfslab/abierly2/LongTR/longTR_pipeline_NA18591/NA18591.chrX.vcf.gz	1.038442 seconds
Concatenating /scratch/rohlfslab/abierly2/LongTR/longTR_pipeline_NA18591/NA18591.chrY.vcf.gz	0.000288 seconds
