Checking the headers and starting positions of 25 files
Concatenating /scratch/rohlfslab/abierly2/LongTR/longTR_pipeline_HG01605/HG01605.chr10.vcf.gz	1.015448 seconds
Concatenating /scratch/rohlfslab/abierly2/LongTR/longTR_pipeline_HG01605/HG01605.chr11.vcf.gz	0.975642 seconds
Concatenating /scratch/rohlfslab/abierly2/LongTR/longTR_pipeline_HG01605/HG01605.chr12.vcf.gz	1.043084 seconds
Concatenating /scratch/rohlfslab/abierly2/LongTR/longTR_pipeline_HG01605/HG01605.chr13.vcf.gz	0.702385 seconds
Concatenating /scratch/rohlfslab/abierly2/LongTR/longTR_pipeline_HG01605/HG01605.chr14.vcf.gz	0.684602 seconds
Concatenating /scratch/rohlfslab/abierly2/LongTR/longTR_pipeline_HG01605/HG01605.chr15.vcf.gz	0.639004 seconds
Concatenating /scratch/rohlfslab/abierly2/LongTR/longTR_pipeline_HG01605/HG01605.chr16.vcf.gz	0.660315 seconds
Concatenating /scratch/rohlfslab/abierly2/LongTR/longTR_pipeline_HG01605/HG01605.chr17.vcf.gz	0.710674 seconds
Concatenating /scratch/rohlfslab/abierly2/LongTR/longTR_pipeline_HG01605/HG01605.chr18.vcf.gz	0.510228 seconds
Concatenating /scratch/rohlfslab/abierly2/LongTR/longTR_pipeline_HG01605/HG01605.chr19.vcf.gz	0.584842 seconds
Concatenating /scratch/rohlfslab/abierly2/LongTR/longTR_pipeline_HG01605/HG01605.chr1.vcf.gz	1.886583 seconds
Concatenating /scratch/rohlfslab/abierly2/LongTR/longTR_pipeline_HG01605/HG01605.chr20.vcf.gz	0.428320 seconds
Concatenating /scratch/rohlfslab/abierly2/LongTR/longTR_pipeline_HG01605/HG01605.chr21.vcf.gz	0.251280 seconds
Concatenating /scratch/rohlfslab/abierly2/LongTR/longTR_pipeline_HG01605/HG01605.chr22.vcf.gz	0.300156 seconds
Concatenating /scratch/rohlfslab/abierly2/LongTR/longTR_pipeline_HG01605/HG01605.chr2.vcf.gz	1.819581 seconds
Concatenating /scratch/rohlfslab/abierly2/LongTR/longTR_pipeline_HG01605/HG01605.chr3.vcf.gz	1.463524 seconds
Concatenating /scratch/rohlfslab/abierly2/LongTR/longTR_pipeline_HG01605/HG01605.chr4.vcf.gz	1.381747 seconds
Concatenating /scratch/rohlfslab/abierly2/LongTR/longTR_pipeline_HG01605/HG01605.chr5.vcf.gz	1.316171 seconds
Concatenating /scratch/rohlfslab/abierly2/LongTR/longTR_pipeline_HG01605/HG01605.chr6.vcf.gz	1.278075 seconds
Concatenating /scratch/rohlfslab/abierly2/LongTR/longTR_pipeline_HG01605/HG01605.chr7.vcf.gz	1.223463 seconds
Concatenating /scratch/rohlfslab/abierly2/LongTR/longTR_pipeline_HG01605/HG01605.chr8.vcf.gz	1.047548 seconds
Concatenating /scratch/rohlfslab/abierly2/LongTR/longTR_pipeline_HG01605/HG01605.chr9.vcf.gz	0.892945 seconds
Concatenating /scratch/rohlfslab/abierly2/LongTR/longTR_pipeline_HG01605/HG01605.chrM.vcf.gz	0.000315 seconds
Concatenating /scratch/rohlfslab/abierly2/LongTR/longTR_pipeline_HG01605/HG01605.chrX.vcf.gz	1.045091 seconds
Concatenating /scratch/rohlfslab/abierly2/LongTR/longTR_pipeline_HG01605/HG01605.chrY.vcf.gz	0.000327 seconds
