Checking the headers and starting positions of 25 files
Concatenating /scratch/rohlfslab/abierly2/LongTR/longTR_pipeline_NA12335/NA12335.chr10.vcf.gz	1.149716 seconds
Concatenating /scratch/rohlfslab/abierly2/LongTR/longTR_pipeline_NA12335/NA12335.chr11.vcf.gz	1.094330 seconds
Concatenating /scratch/rohlfslab/abierly2/LongTR/longTR_pipeline_NA12335/NA12335.chr12.vcf.gz	1.170520 seconds
Concatenating /scratch/rohlfslab/abierly2/LongTR/longTR_pipeline_NA12335/NA12335.chr13.vcf.gz	0.804771 seconds
Concatenating /scratch/rohlfslab/abierly2/LongTR/longTR_pipeline_NA12335/NA12335.chr14.vcf.gz	0.755842 seconds
Concatenating /scratch/rohlfslab/abierly2/LongTR/longTR_pipeline_NA12335/NA12335.chr15.vcf.gz	0.713332 seconds
Concatenating /scratch/rohlfslab/abierly2/LongTR/longTR_pipeline_NA12335/NA12335.chr16.vcf.gz	0.740271 seconds
Concatenating /scratch/rohlfslab/abierly2/LongTR/longTR_pipeline_NA12335/NA12335.chr17.vcf.gz	0.774260 seconds
Concatenating /scratch/rohlfslab/abierly2/LongTR/longTR_pipeline_NA12335/NA12335.chr18.vcf.gz	0.580974 seconds
Concatenating /scratch/rohlfslab/abierly2/LongTR/longTR_pipeline_NA12335/NA12335.chr19.vcf.gz	0.627242 seconds
Concatenating /scratch/rohlfslab/abierly2/LongTR/longTR_pipeline_NA12335/NA12335.chr1.vcf.gz	2.061163 seconds
Concatenating /scratch/rohlfslab/abierly2/LongTR/longTR_pipeline_NA12335/NA12335.chr20.vcf.gz	0.482695 seconds
Concatenating /scratch/rohlfslab/abierly2/LongTR/longTR_pipeline_NA12335/NA12335.chr21.vcf.gz	0.274987 seconds
Concatenating /scratch/rohlfslab/abierly2/LongTR/longTR_pipeline_NA12335/NA12335.chr22.vcf.gz	0.339267 seconds
Concatenating /scratch/rohlfslab/abierly2/LongTR/longTR_pipeline_NA12335/NA12335.chr2.vcf.gz	2.064159 seconds
Concatenating /scratch/rohlfslab/abierly2/LongTR/longTR_pipeline_NA12335/NA12335.chr3.vcf.gz	1.639973 seconds
Concatenating /scratch/rohlfslab/abierly2/LongTR/longTR_pipeline_NA12335/NA12335.chr4.vcf.gz	1.566769 seconds
Concatenating /scratch/rohlfslab/abierly2/LongTR/longTR_pipeline_NA12335/NA12335.chr5.vcf.gz	1.494294 seconds
Concatenating /scratch/rohlfslab/abierly2/LongTR/longTR_pipeline_NA12335/NA12335.chr6.vcf.gz	1.438284 seconds
Concatenating /scratch/rohlfslab/abierly2/LongTR/longTR_pipeline_NA12335/NA12335.chr7.vcf.gz	1.372214 seconds
Concatenating /scratch/rohlfslab/abierly2/LongTR/longTR_pipeline_NA12335/NA12335.chr8.vcf.gz	1.193592 seconds
Concatenating /scratch/rohlfslab/abierly2/LongTR/longTR_pipeline_NA12335/NA12335.chr9.vcf.gz	1.004918 seconds
Concatenating /scratch/rohlfslab/abierly2/LongTR/longTR_pipeline_NA12335/NA12335.chrM.vcf.gz	0.000366 seconds
Concatenating /scratch/rohlfslab/abierly2/LongTR/longTR_pipeline_NA12335/NA12335.chrX.vcf.gz	0.359889 seconds
Concatenating /scratch/rohlfslab/abierly2/LongTR/longTR_pipeline_NA12335/NA12335.chrY.vcf.gz	0.015168 seconds
