Checking the headers and starting positions of 25 files
Concatenating /scratch/rohlfslab/abierly2/LongTR/longTR_pipeline_HG01932/HG01932.chr10.vcf.gz	1.277678 seconds
Concatenating /scratch/rohlfslab/abierly2/LongTR/longTR_pipeline_HG01932/HG01932.chr11.vcf.gz	1.174180 seconds
Concatenating /scratch/rohlfslab/abierly2/LongTR/longTR_pipeline_HG01932/HG01932.chr12.vcf.gz	1.250684 seconds
Concatenating /scratch/rohlfslab/abierly2/LongTR/longTR_pipeline_HG01932/HG01932.chr13.vcf.gz	0.859510 seconds
Concatenating /scratch/rohlfslab/abierly2/LongTR/longTR_pipeline_HG01932/HG01932.chr14.vcf.gz	0.822495 seconds
Concatenating /scratch/rohlfslab/abierly2/LongTR/longTR_pipeline_HG01932/HG01932.chr15.vcf.gz	0.768501 seconds
Concatenating /scratch/rohlfslab/abierly2/LongTR/longTR_pipeline_HG01932/HG01932.chr16.vcf.gz	0.809334 seconds
Concatenating /scratch/rohlfslab/abierly2/LongTR/longTR_pipeline_HG01932/HG01932.chr17.vcf.gz	0.843021 seconds
Concatenating /scratch/rohlfslab/abierly2/LongTR/longTR_pipeline_HG01932/HG01932.chr18.vcf.gz	0.620524 seconds
Concatenating /scratch/rohlfslab/abierly2/LongTR/longTR_pipeline_HG01932/HG01932.chr19.vcf.gz	0.695012 seconds
Concatenating /scratch/rohlfslab/abierly2/LongTR/longTR_pipeline_HG01932/HG01932.chr1.vcf.gz	2.203275 seconds
Concatenating /scratch/rohlfslab/abierly2/LongTR/longTR_pipeline_HG01932/HG01932.chr20.vcf.gz	0.519993 seconds
Concatenating /scratch/rohlfslab/abierly2/LongTR/longTR_pipeline_HG01932/HG01932.chr21.vcf.gz	0.300929 seconds
Concatenating /scratch/rohlfslab/abierly2/LongTR/longTR_pipeline_HG01932/HG01932.chr22.vcf.gz	0.361924 seconds
Concatenating /scratch/rohlfslab/abierly2/LongTR/longTR_pipeline_HG01932/HG01932.chr2.vcf.gz	2.210821 seconds
Concatenating /scratch/rohlfslab/abierly2/LongTR/longTR_pipeline_HG01932/HG01932.chr3.vcf.gz	1.760362 seconds
Concatenating /scratch/rohlfslab/abierly2/LongTR/longTR_pipeline_HG01932/HG01932.chr4.vcf.gz	1.680791 seconds
Concatenating /scratch/rohlfslab/abierly2/LongTR/longTR_pipeline_HG01932/HG01932.chr5.vcf.gz	1.593386 seconds
Concatenating /scratch/rohlfslab/abierly2/LongTR/longTR_pipeline_HG01932/HG01932.chr6.vcf.gz	1.571237 seconds
Concatenating /scratch/rohlfslab/abierly2/LongTR/longTR_pipeline_HG01932/HG01932.chr7.vcf.gz	1.479950 seconds
Concatenating /scratch/rohlfslab/abierly2/LongTR/longTR_pipeline_HG01932/HG01932.chr8.vcf.gz	1.279248 seconds
Concatenating /scratch/rohlfslab/abierly2/LongTR/longTR_pipeline_HG01932/HG01932.chr9.vcf.gz	1.134301 seconds
Concatenating /scratch/rohlfslab/abierly2/LongTR/longTR_pipeline_HG01932/HG01932.chrM.vcf.gz	0.000284 seconds
Concatenating /scratch/rohlfslab/abierly2/LongTR/longTR_pipeline_HG01932/HG01932.chrX.vcf.gz	1.177143 seconds
Concatenating /scratch/rohlfslab/abierly2/LongTR/longTR_pipeline_HG01932/HG01932.chrY.vcf.gz	0.061552 seconds
