Checking the headers and starting positions of 25 files
Concatenating /scratch/rohlfslab/abierly2/LongTR/longTR_pipeline_HG03941/HG03941.chr10.vcf.gz	1.173928 seconds
Concatenating /scratch/rohlfslab/abierly2/LongTR/longTR_pipeline_HG03941/HG03941.chr11.vcf.gz	1.117248 seconds
Concatenating /scratch/rohlfslab/abierly2/LongTR/longTR_pipeline_HG03941/HG03941.chr12.vcf.gz	1.189874 seconds
Concatenating /scratch/rohlfslab/abierly2/LongTR/longTR_pipeline_HG03941/HG03941.chr13.vcf.gz	0.833429 seconds
Concatenating /scratch/rohlfslab/abierly2/LongTR/longTR_pipeline_HG03941/HG03941.chr14.vcf.gz	0.787388 seconds
Concatenating /scratch/rohlfslab/abierly2/LongTR/longTR_pipeline_HG03941/HG03941.chr15.vcf.gz	0.724449 seconds
Concatenating /scratch/rohlfslab/abierly2/LongTR/longTR_pipeline_HG03941/HG03941.chr16.vcf.gz	0.743112 seconds
Concatenating /scratch/rohlfslab/abierly2/LongTR/longTR_pipeline_HG03941/HG03941.chr17.vcf.gz	0.777776 seconds
Concatenating /scratch/rohlfslab/abierly2/LongTR/longTR_pipeline_HG03941/HG03941.chr18.vcf.gz	0.596346 seconds
Concatenating /scratch/rohlfslab/abierly2/LongTR/longTR_pipeline_HG03941/HG03941.chr19.vcf.gz	0.633192 seconds
Concatenating /scratch/rohlfslab/abierly2/LongTR/longTR_pipeline_HG03941/HG03941.chr1.vcf.gz	2.091831 seconds
Concatenating /scratch/rohlfslab/abierly2/LongTR/longTR_pipeline_HG03941/HG03941.chr20.vcf.gz	0.490063 seconds
Concatenating /scratch/rohlfslab/abierly2/LongTR/longTR_pipeline_HG03941/HG03941.chr21.vcf.gz	0.287314 seconds
Concatenating /scratch/rohlfslab/abierly2/LongTR/longTR_pipeline_HG03941/HG03941.chr22.vcf.gz	0.337023 seconds
Concatenating /scratch/rohlfslab/abierly2/LongTR/longTR_pipeline_HG03941/HG03941.chr2.vcf.gz	2.104741 seconds
Concatenating /scratch/rohlfslab/abierly2/LongTR/longTR_pipeline_HG03941/HG03941.chr3.vcf.gz	1.694226 seconds
Concatenating /scratch/rohlfslab/abierly2/LongTR/longTR_pipeline_HG03941/HG03941.chr4.vcf.gz	1.623846 seconds
Concatenating /scratch/rohlfslab/abierly2/LongTR/longTR_pipeline_HG03941/HG03941.chr5.vcf.gz	1.524264 seconds
Concatenating /scratch/rohlfslab/abierly2/LongTR/longTR_pipeline_HG03941/HG03941.chr6.vcf.gz	1.469220 seconds
Concatenating /scratch/rohlfslab/abierly2/LongTR/longTR_pipeline_HG03941/HG03941.chr7.vcf.gz	1.404875 seconds
Concatenating /scratch/rohlfslab/abierly2/LongTR/longTR_pipeline_HG03941/HG03941.chr8.vcf.gz	1.219762 seconds
Concatenating /scratch/rohlfslab/abierly2/LongTR/longTR_pipeline_HG03941/HG03941.chr9.vcf.gz	1.031303 seconds
Concatenating /scratch/rohlfslab/abierly2/LongTR/longTR_pipeline_HG03941/HG03941.chrM.vcf.gz	0.000342 seconds
Concatenating /scratch/rohlfslab/abierly2/LongTR/longTR_pipeline_HG03941/HG03941.chrX.vcf.gz	0.428117 seconds
Concatenating /scratch/rohlfslab/abierly2/LongTR/longTR_pipeline_HG03941/HG03941.chrY.vcf.gz	0.023192 seconds
