Checking the headers and starting positions of 25 files
Concatenating /scratch/rohlfslab/abierly2/LongTR/longTR_pipeline_HG01366/HG01366.chr10.vcf.gz	1.061957 seconds
Concatenating /scratch/rohlfslab/abierly2/LongTR/longTR_pipeline_HG01366/HG01366.chr11.vcf.gz	1.022156 seconds
Concatenating /scratch/rohlfslab/abierly2/LongTR/longTR_pipeline_HG01366/HG01366.chr12.vcf.gz	1.085082 seconds
Concatenating /scratch/rohlfslab/abierly2/LongTR/longTR_pipeline_HG01366/HG01366.chr13.vcf.gz	0.771799 seconds
Concatenating /scratch/rohlfslab/abierly2/LongTR/longTR_pipeline_HG01366/HG01366.chr14.vcf.gz	0.723097 seconds
Concatenating /scratch/rohlfslab/abierly2/LongTR/longTR_pipeline_HG01366/HG01366.chr15.vcf.gz	0.656809 seconds
Concatenating /scratch/rohlfslab/abierly2/LongTR/longTR_pipeline_HG01366/HG01366.chr16.vcf.gz	0.664288 seconds
Concatenating /scratch/rohlfslab/abierly2/LongTR/longTR_pipeline_HG01366/HG01366.chr17.vcf.gz	0.702947 seconds
Concatenating /scratch/rohlfslab/abierly2/LongTR/longTR_pipeline_HG01366/HG01366.chr18.vcf.gz	0.544771 seconds
Concatenating /scratch/rohlfslab/abierly2/LongTR/longTR_pipeline_HG01366/HG01366.chr19.vcf.gz	0.578421 seconds
Concatenating /scratch/rohlfslab/abierly2/LongTR/longTR_pipeline_HG01366/HG01366.chr1.vcf.gz	1.916334 seconds
Concatenating /scratch/rohlfslab/abierly2/LongTR/longTR_pipeline_HG01366/HG01366.chr20.vcf.gz	0.434238 seconds
Concatenating /scratch/rohlfslab/abierly2/LongTR/longTR_pipeline_HG01366/HG01366.chr21.vcf.gz	0.260126 seconds
Concatenating /scratch/rohlfslab/abierly2/LongTR/longTR_pipeline_HG01366/HG01366.chr22.vcf.gz	0.291185 seconds
Concatenating /scratch/rohlfslab/abierly2/LongTR/longTR_pipeline_HG01366/HG01366.chr2.vcf.gz	1.944016 seconds
Concatenating /scratch/rohlfslab/abierly2/LongTR/longTR_pipeline_HG01366/HG01366.chr3.vcf.gz	1.564957 seconds
Concatenating /scratch/rohlfslab/abierly2/LongTR/longTR_pipeline_HG01366/HG01366.chr4.vcf.gz	1.508009 seconds
Concatenating /scratch/rohlfslab/abierly2/LongTR/longTR_pipeline_HG01366/HG01366.chr5.vcf.gz	1.437388 seconds
Concatenating /scratch/rohlfslab/abierly2/LongTR/longTR_pipeline_HG01366/HG01366.chr6.vcf.gz	1.389748 seconds
Concatenating /scratch/rohlfslab/abierly2/LongTR/longTR_pipeline_HG01366/HG01366.chr7.vcf.gz	1.268222 seconds
Concatenating /scratch/rohlfslab/abierly2/LongTR/longTR_pipeline_HG01366/HG01366.chr8.vcf.gz	1.117878 seconds
Concatenating /scratch/rohlfslab/abierly2/LongTR/longTR_pipeline_HG01366/HG01366.chr9.vcf.gz	0.939960 seconds
Concatenating /scratch/rohlfslab/abierly2/LongTR/longTR_pipeline_HG01366/HG01366.chrM.vcf.gz	0.000312 seconds
Concatenating /scratch/rohlfslab/abierly2/LongTR/longTR_pipeline_HG01366/HG01366.chrX.vcf.gz	0.618237 seconds
Concatenating /scratch/rohlfslab/abierly2/LongTR/longTR_pipeline_HG01366/HG01366.chrY.vcf.gz	0.000286 seconds
