Checking the headers and starting positions of 25 files
Concatenating /scratch/rohlfslab/abierly2/LongTR/longTR_pipeline_HG03729/HG03729.chr10.vcf.gz	1.241481 seconds
Concatenating /scratch/rohlfslab/abierly2/LongTR/longTR_pipeline_HG03729/HG03729.chr11.vcf.gz	1.176187 seconds
Concatenating /scratch/rohlfslab/abierly2/LongTR/longTR_pipeline_HG03729/HG03729.chr12.vcf.gz	1.246032 seconds
Concatenating /scratch/rohlfslab/abierly2/LongTR/longTR_pipeline_HG03729/HG03729.chr13.vcf.gz	0.858717 seconds
Concatenating /scratch/rohlfslab/abierly2/LongTR/longTR_pipeline_HG03729/HG03729.chr14.vcf.gz	0.812536 seconds
Concatenating /scratch/rohlfslab/abierly2/LongTR/longTR_pipeline_HG03729/HG03729.chr15.vcf.gz	0.765387 seconds
Concatenating /scratch/rohlfslab/abierly2/LongTR/longTR_pipeline_HG03729/HG03729.chr16.vcf.gz	0.800567 seconds
Concatenating /scratch/rohlfslab/abierly2/LongTR/longTR_pipeline_HG03729/HG03729.chr17.vcf.gz	0.836620 seconds
Concatenating /scratch/rohlfslab/abierly2/LongTR/longTR_pipeline_HG03729/HG03729.chr18.vcf.gz	0.618184 seconds
Concatenating /scratch/rohlfslab/abierly2/LongTR/longTR_pipeline_HG03729/HG03729.chr19.vcf.gz	0.688947 seconds
Concatenating /scratch/rohlfslab/abierly2/LongTR/longTR_pipeline_HG03729/HG03729.chr1.vcf.gz	2.207593 seconds
Concatenating /scratch/rohlfslab/abierly2/LongTR/longTR_pipeline_HG03729/HG03729.chr20.vcf.gz	0.518159 seconds
Concatenating /scratch/rohlfslab/abierly2/LongTR/longTR_pipeline_HG03729/HG03729.chr21.vcf.gz	0.299232 seconds
Concatenating /scratch/rohlfslab/abierly2/LongTR/longTR_pipeline_HG03729/HG03729.chr22.vcf.gz	0.363627 seconds
Concatenating /scratch/rohlfslab/abierly2/LongTR/longTR_pipeline_HG03729/HG03729.chr2.vcf.gz	2.207292 seconds
Concatenating /scratch/rohlfslab/abierly2/LongTR/longTR_pipeline_HG03729/HG03729.chr3.vcf.gz	1.772192 seconds
Concatenating /scratch/rohlfslab/abierly2/LongTR/longTR_pipeline_HG03729/HG03729.chr4.vcf.gz	1.692684 seconds
Concatenating /scratch/rohlfslab/abierly2/LongTR/longTR_pipeline_HG03729/HG03729.chr5.vcf.gz	1.591724 seconds
Concatenating /scratch/rohlfslab/abierly2/LongTR/longTR_pipeline_HG03729/HG03729.chr6.vcf.gz	1.530790 seconds
Concatenating /scratch/rohlfslab/abierly2/LongTR/longTR_pipeline_HG03729/HG03729.chr7.vcf.gz	1.473431 seconds
Concatenating /scratch/rohlfslab/abierly2/LongTR/longTR_pipeline_HG03729/HG03729.chr8.vcf.gz	1.276083 seconds
Concatenating /scratch/rohlfslab/abierly2/LongTR/longTR_pipeline_HG03729/HG03729.chr9.vcf.gz	1.083442 seconds
Concatenating /scratch/rohlfslab/abierly2/LongTR/longTR_pipeline_HG03729/HG03729.chrM.vcf.gz	0.000344 seconds
Concatenating /scratch/rohlfslab/abierly2/LongTR/longTR_pipeline_HG03729/HG03729.chrX.vcf.gz	0.812787 seconds
Concatenating /scratch/rohlfslab/abierly2/LongTR/longTR_pipeline_HG03729/HG03729.chrY.vcf.gz	0.040575 seconds
