Checking the headers and starting positions of 25 files
Concatenating /scratch/rohlfslab/abierly2/LongTR/longTR_pipeline_HG01286/HG01286.chr10.vcf.gz	1.226449 seconds
Concatenating /scratch/rohlfslab/abierly2/LongTR/longTR_pipeline_HG01286/HG01286.chr11.vcf.gz	1.159896 seconds
Concatenating /scratch/rohlfslab/abierly2/LongTR/longTR_pipeline_HG01286/HG01286.chr12.vcf.gz	1.227796 seconds
Concatenating /scratch/rohlfslab/abierly2/LongTR/longTR_pipeline_HG01286/HG01286.chr13.vcf.gz	0.845162 seconds
Concatenating /scratch/rohlfslab/abierly2/LongTR/longTR_pipeline_HG01286/HG01286.chr14.vcf.gz	0.803768 seconds
Concatenating /scratch/rohlfslab/abierly2/LongTR/longTR_pipeline_HG01286/HG01286.chr15.vcf.gz	0.753659 seconds
Concatenating /scratch/rohlfslab/abierly2/LongTR/longTR_pipeline_HG01286/HG01286.chr16.vcf.gz	0.793968 seconds
Concatenating /scratch/rohlfslab/abierly2/LongTR/longTR_pipeline_HG01286/HG01286.chr17.vcf.gz	0.823693 seconds
Concatenating /scratch/rohlfslab/abierly2/LongTR/longTR_pipeline_HG01286/HG01286.chr18.vcf.gz	0.609205 seconds
Concatenating /scratch/rohlfslab/abierly2/LongTR/longTR_pipeline_HG01286/HG01286.chr19.vcf.gz	0.675964 seconds
Concatenating /scratch/rohlfslab/abierly2/LongTR/longTR_pipeline_HG01286/HG01286.chr1.vcf.gz	2.169870 seconds
Concatenating /scratch/rohlfslab/abierly2/LongTR/longTR_pipeline_HG01286/HG01286.chr20.vcf.gz	0.513017 seconds
Concatenating /scratch/rohlfslab/abierly2/LongTR/longTR_pipeline_HG01286/HG01286.chr21.vcf.gz	0.295435 seconds
Concatenating /scratch/rohlfslab/abierly2/LongTR/longTR_pipeline_HG01286/HG01286.chr22.vcf.gz	0.363355 seconds
Concatenating /scratch/rohlfslab/abierly2/LongTR/longTR_pipeline_HG01286/HG01286.chr2.vcf.gz	2.160776 seconds
Concatenating /scratch/rohlfslab/abierly2/LongTR/longTR_pipeline_HG01286/HG01286.chr3.vcf.gz	1.728752 seconds
Concatenating /scratch/rohlfslab/abierly2/LongTR/longTR_pipeline_HG01286/HG01286.chr4.vcf.gz	1.659072 seconds
Concatenating /scratch/rohlfslab/abierly2/LongTR/longTR_pipeline_HG01286/HG01286.chr5.vcf.gz	1.568726 seconds
Concatenating /scratch/rohlfslab/abierly2/LongTR/longTR_pipeline_HG01286/HG01286.chr6.vcf.gz	1.507483 seconds
Concatenating /scratch/rohlfslab/abierly2/LongTR/longTR_pipeline_HG01286/HG01286.chr7.vcf.gz	1.457126 seconds
Concatenating /scratch/rohlfslab/abierly2/LongTR/longTR_pipeline_HG01286/HG01286.chr8.vcf.gz	1.263458 seconds
Concatenating /scratch/rohlfslab/abierly2/LongTR/longTR_pipeline_HG01286/HG01286.chr9.vcf.gz	1.069806 seconds
Concatenating /scratch/rohlfslab/abierly2/LongTR/longTR_pipeline_HG01286/HG01286.chrM.vcf.gz	0.000313 seconds
Concatenating /scratch/rohlfslab/abierly2/LongTR/longTR_pipeline_HG01286/HG01286.chrX.vcf.gz	1.044311 seconds
Concatenating /scratch/rohlfslab/abierly2/LongTR/longTR_pipeline_HG01286/HG01286.chrY.vcf.gz	0.054720 seconds
