Checking the headers and starting positions of 25 files
Concatenating /scratch/rohlfslab/abierly2/LongTR/longTR_pipeline_HG01794/HG01794.chr10.vcf.gz	1.247611 seconds
Concatenating /scratch/rohlfslab/abierly2/LongTR/longTR_pipeline_HG01794/HG01794.chr11.vcf.gz	1.186747 seconds
Concatenating /scratch/rohlfslab/abierly2/LongTR/longTR_pipeline_HG01794/HG01794.chr12.vcf.gz	1.257003 seconds
Concatenating /scratch/rohlfslab/abierly2/LongTR/longTR_pipeline_HG01794/HG01794.chr13.vcf.gz	0.868149 seconds
Concatenating /scratch/rohlfslab/abierly2/LongTR/longTR_pipeline_HG01794/HG01794.chr14.vcf.gz	0.825149 seconds
Concatenating /scratch/rohlfslab/abierly2/LongTR/longTR_pipeline_HG01794/HG01794.chr15.vcf.gz	0.777447 seconds
Concatenating /scratch/rohlfslab/abierly2/LongTR/longTR_pipeline_HG01794/HG01794.chr16.vcf.gz	0.809919 seconds
Concatenating /scratch/rohlfslab/abierly2/LongTR/longTR_pipeline_HG01794/HG01794.chr17.vcf.gz	0.840332 seconds
Concatenating /scratch/rohlfslab/abierly2/LongTR/longTR_pipeline_HG01794/HG01794.chr18.vcf.gz	0.625393 seconds
Concatenating /scratch/rohlfslab/abierly2/LongTR/longTR_pipeline_HG01794/HG01794.chr19.vcf.gz	0.700764 seconds
Concatenating /scratch/rohlfslab/abierly2/LongTR/longTR_pipeline_HG01794/HG01794.chr1.vcf.gz	2.217268 seconds
Concatenating /scratch/rohlfslab/abierly2/LongTR/longTR_pipeline_HG01794/HG01794.chr20.vcf.gz	0.524040 seconds
Concatenating /scratch/rohlfslab/abierly2/LongTR/longTR_pipeline_HG01794/HG01794.chr21.vcf.gz	0.301974 seconds
Concatenating /scratch/rohlfslab/abierly2/LongTR/longTR_pipeline_HG01794/HG01794.chr22.vcf.gz	0.366307 seconds
Concatenating /scratch/rohlfslab/abierly2/LongTR/longTR_pipeline_HG01794/HG01794.chr2.vcf.gz	2.215069 seconds
Concatenating /scratch/rohlfslab/abierly2/LongTR/longTR_pipeline_HG01794/HG01794.chr3.vcf.gz	1.764381 seconds
Concatenating /scratch/rohlfslab/abierly2/LongTR/longTR_pipeline_HG01794/HG01794.chr4.vcf.gz	1.689084 seconds
Concatenating /scratch/rohlfslab/abierly2/LongTR/longTR_pipeline_HG01794/HG01794.chr5.vcf.gz	1.599630 seconds
Concatenating /scratch/rohlfslab/abierly2/LongTR/longTR_pipeline_HG01794/HG01794.chr6.vcf.gz	1.542904 seconds
Concatenating /scratch/rohlfslab/abierly2/LongTR/longTR_pipeline_HG01794/HG01794.chr7.vcf.gz	1.490226 seconds
Concatenating /scratch/rohlfslab/abierly2/LongTR/longTR_pipeline_HG01794/HG01794.chr8.vcf.gz	1.293301 seconds
Concatenating /scratch/rohlfslab/abierly2/LongTR/longTR_pipeline_HG01794/HG01794.chr9.vcf.gz	1.093604 seconds
Concatenating /scratch/rohlfslab/abierly2/LongTR/longTR_pipeline_HG01794/HG01794.chrM.vcf.gz	0.001412 seconds
Concatenating /scratch/rohlfslab/abierly2/LongTR/longTR_pipeline_HG01794/HG01794.chrX.vcf.gz	1.337862 seconds
Concatenating /scratch/rohlfslab/abierly2/LongTR/longTR_pipeline_HG01794/HG01794.chrY.vcf.gz	0.000401 seconds
