Checking the headers and starting positions of 25 files
Concatenating /scratch/rohlfslab/abierly2/LongTR/longTR_pipeline_HG01786/HG01786.chr10.vcf.gz	1.209242 seconds
Concatenating /scratch/rohlfslab/abierly2/LongTR/longTR_pipeline_HG01786/HG01786.chr11.vcf.gz	1.147364 seconds
Concatenating /scratch/rohlfslab/abierly2/LongTR/longTR_pipeline_HG01786/HG01786.chr12.vcf.gz	1.215924 seconds
Concatenating /scratch/rohlfslab/abierly2/LongTR/longTR_pipeline_HG01786/HG01786.chr13.vcf.gz	0.847666 seconds
Concatenating /scratch/rohlfslab/abierly2/LongTR/longTR_pipeline_HG01786/HG01786.chr14.vcf.gz	0.802827 seconds
Concatenating /scratch/rohlfslab/abierly2/LongTR/longTR_pipeline_HG01786/HG01786.chr15.vcf.gz	0.747979 seconds
Concatenating /scratch/rohlfslab/abierly2/LongTR/longTR_pipeline_HG01786/HG01786.chr16.vcf.gz	0.785659 seconds
Concatenating /scratch/rohlfslab/abierly2/LongTR/longTR_pipeline_HG01786/HG01786.chr17.vcf.gz	0.813618 seconds
Concatenating /scratch/rohlfslab/abierly2/LongTR/longTR_pipeline_HG01786/HG01786.chr18.vcf.gz	0.605650 seconds
Concatenating /scratch/rohlfslab/abierly2/LongTR/longTR_pipeline_HG01786/HG01786.chr19.vcf.gz	0.671125 seconds
Concatenating /scratch/rohlfslab/abierly2/LongTR/longTR_pipeline_HG01786/HG01786.chr1.vcf.gz	2.158248 seconds
Concatenating /scratch/rohlfslab/abierly2/LongTR/longTR_pipeline_HG01786/HG01786.chr20.vcf.gz	0.514372 seconds
Concatenating /scratch/rohlfslab/abierly2/LongTR/longTR_pipeline_HG01786/HG01786.chr21.vcf.gz	0.293764 seconds
Concatenating /scratch/rohlfslab/abierly2/LongTR/longTR_pipeline_HG01786/HG01786.chr22.vcf.gz	0.352687 seconds
Concatenating /scratch/rohlfslab/abierly2/LongTR/longTR_pipeline_HG01786/HG01786.chr2.vcf.gz	2.145207 seconds
Concatenating /scratch/rohlfslab/abierly2/LongTR/longTR_pipeline_HG01786/HG01786.chr3.vcf.gz	1.713950 seconds
Concatenating /scratch/rohlfslab/abierly2/LongTR/longTR_pipeline_HG01786/HG01786.chr4.vcf.gz	1.639120 seconds
Concatenating /scratch/rohlfslab/abierly2/LongTR/longTR_pipeline_HG01786/HG01786.chr5.vcf.gz	1.552300 seconds
Concatenating /scratch/rohlfslab/abierly2/LongTR/longTR_pipeline_HG01786/HG01786.chr6.vcf.gz	1.500520 seconds
Concatenating /scratch/rohlfslab/abierly2/LongTR/longTR_pipeline_HG01786/HG01786.chr7.vcf.gz	1.441472 seconds
Concatenating /scratch/rohlfslab/abierly2/LongTR/longTR_pipeline_HG01786/HG01786.chr8.vcf.gz	1.249483 seconds
Concatenating /scratch/rohlfslab/abierly2/LongTR/longTR_pipeline_HG01786/HG01786.chr9.vcf.gz	1.066431 seconds
Concatenating /scratch/rohlfslab/abierly2/LongTR/longTR_pipeline_HG01786/HG01786.chrM.vcf.gz	0.000307 seconds
Concatenating /scratch/rohlfslab/abierly2/LongTR/longTR_pipeline_HG01786/HG01786.chrX.vcf.gz	1.292736 seconds
Concatenating /scratch/rohlfslab/abierly2/LongTR/longTR_pipeline_HG01786/HG01786.chrY.vcf.gz	0.000306 seconds
