Checking the headers and starting positions of 25 files
Concatenating /scratch/rohlfslab/abierly2/LongTR/longTR_pipeline_HG03976/HG03976.chr10.vcf.gz	1.238307 seconds
Concatenating /scratch/rohlfslab/abierly2/LongTR/longTR_pipeline_HG03976/HG03976.chr11.vcf.gz	1.203461 seconds
Concatenating /scratch/rohlfslab/abierly2/LongTR/longTR_pipeline_HG03976/HG03976.chr12.vcf.gz	1.253316 seconds
Concatenating /scratch/rohlfslab/abierly2/LongTR/longTR_pipeline_HG03976/HG03976.chr13.vcf.gz	0.864924 seconds
Concatenating /scratch/rohlfslab/abierly2/LongTR/longTR_pipeline_HG03976/HG03976.chr14.vcf.gz	0.818671 seconds
Concatenating /scratch/rohlfslab/abierly2/LongTR/longTR_pipeline_HG03976/HG03976.chr15.vcf.gz	0.768582 seconds
Concatenating /scratch/rohlfslab/abierly2/LongTR/longTR_pipeline_HG03976/HG03976.chr16.vcf.gz	0.798202 seconds
Concatenating /scratch/rohlfslab/abierly2/LongTR/longTR_pipeline_HG03976/HG03976.chr17.vcf.gz	0.832641 seconds
Concatenating /scratch/rohlfslab/abierly2/LongTR/longTR_pipeline_HG03976/HG03976.chr18.vcf.gz	0.622988 seconds
Concatenating /scratch/rohlfslab/abierly2/LongTR/longTR_pipeline_HG03976/HG03976.chr19.vcf.gz	0.692440 seconds
Concatenating /scratch/rohlfslab/abierly2/LongTR/longTR_pipeline_HG03976/HG03976.chr1.vcf.gz	2.204675 seconds
Concatenating /scratch/rohlfslab/abierly2/LongTR/longTR_pipeline_HG03976/HG03976.chr20.vcf.gz	0.521890 seconds
Concatenating /scratch/rohlfslab/abierly2/LongTR/longTR_pipeline_HG03976/HG03976.chr21.vcf.gz	0.302626 seconds
Concatenating /scratch/rohlfslab/abierly2/LongTR/longTR_pipeline_HG03976/HG03976.chr22.vcf.gz	0.364641 seconds
Concatenating /scratch/rohlfslab/abierly2/LongTR/longTR_pipeline_HG03976/HG03976.chr2.vcf.gz	2.213271 seconds
Concatenating /scratch/rohlfslab/abierly2/LongTR/longTR_pipeline_HG03976/HG03976.chr3.vcf.gz	1.764029 seconds
Concatenating /scratch/rohlfslab/abierly2/LongTR/longTR_pipeline_HG03976/HG03976.chr4.vcf.gz	1.688169 seconds
Concatenating /scratch/rohlfslab/abierly2/LongTR/longTR_pipeline_HG03976/HG03976.chr5.vcf.gz	1.595097 seconds
Concatenating /scratch/rohlfslab/abierly2/LongTR/longTR_pipeline_HG03976/HG03976.chr6.vcf.gz	1.541851 seconds
Concatenating /scratch/rohlfslab/abierly2/LongTR/longTR_pipeline_HG03976/HG03976.chr7.vcf.gz	1.478456 seconds
Concatenating /scratch/rohlfslab/abierly2/LongTR/longTR_pipeline_HG03976/HG03976.chr8.vcf.gz	1.281318 seconds
Concatenating /scratch/rohlfslab/abierly2/LongTR/longTR_pipeline_HG03976/HG03976.chr9.vcf.gz	1.088581 seconds
Concatenating /scratch/rohlfslab/abierly2/LongTR/longTR_pipeline_HG03976/HG03976.chrM.vcf.gz	0.000327 seconds
Concatenating /scratch/rohlfslab/abierly2/LongTR/longTR_pipeline_HG03976/HG03976.chrX.vcf.gz	0.631048 seconds
Concatenating /scratch/rohlfslab/abierly2/LongTR/longTR_pipeline_HG03976/HG03976.chrY.vcf.gz	0.030861 seconds
