Checking the headers and starting positions of 25 files
Concatenating /scratch/rohlfslab/abierly2/LongTR/longTR_pipeline_HG01796/HG01796.chr10.vcf.gz	1.282898 seconds
Concatenating /scratch/rohlfslab/abierly2/LongTR/longTR_pipeline_HG01796/HG01796.chr11.vcf.gz	1.224477 seconds
Concatenating /scratch/rohlfslab/abierly2/LongTR/longTR_pipeline_HG01796/HG01796.chr12.vcf.gz	1.291595 seconds
Concatenating /scratch/rohlfslab/abierly2/LongTR/longTR_pipeline_HG01796/HG01796.chr13.vcf.gz	0.890413 seconds
Concatenating /scratch/rohlfslab/abierly2/LongTR/longTR_pipeline_HG01796/HG01796.chr14.vcf.gz	0.848398 seconds
Concatenating /scratch/rohlfslab/abierly2/LongTR/longTR_pipeline_HG01796/HG01796.chr15.vcf.gz	0.796841 seconds
Concatenating /scratch/rohlfslab/abierly2/LongTR/longTR_pipeline_HG01796/HG01796.chr16.vcf.gz	0.831257 seconds
Concatenating /scratch/rohlfslab/abierly2/LongTR/longTR_pipeline_HG01796/HG01796.chr17.vcf.gz	0.863883 seconds
Concatenating /scratch/rohlfslab/abierly2/LongTR/longTR_pipeline_HG01796/HG01796.chr18.vcf.gz	0.640516 seconds
Concatenating /scratch/rohlfslab/abierly2/LongTR/longTR_pipeline_HG01796/HG01796.chr19.vcf.gz	0.720283 seconds
Concatenating /scratch/rohlfslab/abierly2/LongTR/longTR_pipeline_HG01796/HG01796.chr1.vcf.gz	2.277628 seconds
Concatenating /scratch/rohlfslab/abierly2/LongTR/longTR_pipeline_HG01796/HG01796.chr20.vcf.gz	0.536811 seconds
Concatenating /scratch/rohlfslab/abierly2/LongTR/longTR_pipeline_HG01796/HG01796.chr21.vcf.gz	0.308744 seconds
Concatenating /scratch/rohlfslab/abierly2/LongTR/longTR_pipeline_HG01796/HG01796.chr22.vcf.gz	0.377667 seconds
Concatenating /scratch/rohlfslab/abierly2/LongTR/longTR_pipeline_HG01796/HG01796.chr2.vcf.gz	2.279763 seconds
Concatenating /scratch/rohlfslab/abierly2/LongTR/longTR_pipeline_HG01796/HG01796.chr3.vcf.gz	1.838178 seconds
Concatenating /scratch/rohlfslab/abierly2/LongTR/longTR_pipeline_HG01796/HG01796.chr4.vcf.gz	1.754467 seconds
Concatenating /scratch/rohlfslab/abierly2/LongTR/longTR_pipeline_HG01796/HG01796.chr5.vcf.gz	1.657274 seconds
Concatenating /scratch/rohlfslab/abierly2/LongTR/longTR_pipeline_HG01796/HG01796.chr6.vcf.gz	1.588076 seconds
Concatenating /scratch/rohlfslab/abierly2/LongTR/longTR_pipeline_HG01796/HG01796.chr7.vcf.gz	1.531452 seconds
Concatenating /scratch/rohlfslab/abierly2/LongTR/longTR_pipeline_HG01796/HG01796.chr8.vcf.gz	1.326075 seconds
Concatenating /scratch/rohlfslab/abierly2/LongTR/longTR_pipeline_HG01796/HG01796.chr9.vcf.gz	1.124086 seconds
Concatenating /scratch/rohlfslab/abierly2/LongTR/longTR_pipeline_HG01796/HG01796.chrM.vcf.gz	0.000325 seconds
Concatenating /scratch/rohlfslab/abierly2/LongTR/longTR_pipeline_HG01796/HG01796.chrX.vcf.gz	1.373237 seconds
Concatenating /scratch/rohlfslab/abierly2/LongTR/longTR_pipeline_HG01796/HG01796.chrY.vcf.gz	0.000303 seconds
