Checking the headers and starting positions of 25 files
Concatenating /scratch/rohlfslab/abierly2/LongTR/longTR_pipeline_HG03746/HG03746.chr10.vcf.gz	1.203291 seconds
Concatenating /scratch/rohlfslab/abierly2/LongTR/longTR_pipeline_HG03746/HG03746.chr11.vcf.gz	1.140161 seconds
Concatenating /scratch/rohlfslab/abierly2/LongTR/longTR_pipeline_HG03746/HG03746.chr12.vcf.gz	1.218542 seconds
Concatenating /scratch/rohlfslab/abierly2/LongTR/longTR_pipeline_HG03746/HG03746.chr13.vcf.gz	0.840310 seconds
Concatenating /scratch/rohlfslab/abierly2/LongTR/longTR_pipeline_HG03746/HG03746.chr14.vcf.gz	0.790129 seconds
Concatenating /scratch/rohlfslab/abierly2/LongTR/longTR_pipeline_HG03746/HG03746.chr15.vcf.gz	0.736929 seconds
Concatenating /scratch/rohlfslab/abierly2/LongTR/longTR_pipeline_HG03746/HG03746.chr16.vcf.gz	0.751774 seconds
Concatenating /scratch/rohlfslab/abierly2/LongTR/longTR_pipeline_HG03746/HG03746.chr17.vcf.gz	0.785075 seconds
Concatenating /scratch/rohlfslab/abierly2/LongTR/longTR_pipeline_HG03746/HG03746.chr18.vcf.gz	0.605067 seconds
Concatenating /scratch/rohlfslab/abierly2/LongTR/longTR_pipeline_HG03746/HG03746.chr19.vcf.gz	0.643889 seconds
Concatenating /scratch/rohlfslab/abierly2/LongTR/longTR_pipeline_HG03746/HG03746.chr1.vcf.gz	2.108288 seconds
Concatenating /scratch/rohlfslab/abierly2/LongTR/longTR_pipeline_HG03746/HG03746.chr20.vcf.gz	0.501410 seconds
Concatenating /scratch/rohlfslab/abierly2/LongTR/longTR_pipeline_HG03746/HG03746.chr21.vcf.gz	0.286699 seconds
Concatenating /scratch/rohlfslab/abierly2/LongTR/longTR_pipeline_HG03746/HG03746.chr22.vcf.gz	0.343324 seconds
Concatenating /scratch/rohlfslab/abierly2/LongTR/longTR_pipeline_HG03746/HG03746.chr2.vcf.gz	2.114684 seconds
Concatenating /scratch/rohlfslab/abierly2/LongTR/longTR_pipeline_HG03746/HG03746.chr3.vcf.gz	1.699834 seconds
Concatenating /scratch/rohlfslab/abierly2/LongTR/longTR_pipeline_HG03746/HG03746.chr4.vcf.gz	1.607242 seconds
Concatenating /scratch/rohlfslab/abierly2/LongTR/longTR_pipeline_HG03746/HG03746.chr5.vcf.gz	1.536256 seconds
Concatenating /scratch/rohlfslab/abierly2/LongTR/longTR_pipeline_HG03746/HG03746.chr6.vcf.gz	1.479749 seconds
Concatenating /scratch/rohlfslab/abierly2/LongTR/longTR_pipeline_HG03746/HG03746.chr7.vcf.gz	1.408377 seconds
Concatenating /scratch/rohlfslab/abierly2/LongTR/longTR_pipeline_HG03746/HG03746.chr8.vcf.gz	1.223331 seconds
Concatenating /scratch/rohlfslab/abierly2/LongTR/longTR_pipeline_HG03746/HG03746.chr9.vcf.gz	1.038428 seconds
Concatenating /scratch/rohlfslab/abierly2/LongTR/longTR_pipeline_HG03746/HG03746.chrM.vcf.gz	0.001056 seconds
Concatenating /scratch/rohlfslab/abierly2/LongTR/longTR_pipeline_HG03746/HG03746.chrX.vcf.gz	0.364583 seconds
Concatenating /scratch/rohlfslab/abierly2/LongTR/longTR_pipeline_HG03746/HG03746.chrY.vcf.gz	0.019050 seconds
