Checking the headers and starting positions of 25 files
Concatenating /scratch/rohlfslab/abierly2/LongTR/longTR_pipeline_NA18971/NA18971.chr10.vcf.gz	1.160879 seconds
Concatenating /scratch/rohlfslab/abierly2/LongTR/longTR_pipeline_NA18971/NA18971.chr11.vcf.gz	1.114398 seconds
Concatenating /scratch/rohlfslab/abierly2/LongTR/longTR_pipeline_NA18971/NA18971.chr12.vcf.gz	1.166251 seconds
Concatenating /scratch/rohlfslab/abierly2/LongTR/longTR_pipeline_NA18971/NA18971.chr13.vcf.gz	0.808737 seconds
Concatenating /scratch/rohlfslab/abierly2/LongTR/longTR_pipeline_NA18971/NA18971.chr14.vcf.gz	0.764902 seconds
Concatenating /scratch/rohlfslab/abierly2/LongTR/longTR_pipeline_NA18971/NA18971.chr15.vcf.gz	0.721380 seconds
Concatenating /scratch/rohlfslab/abierly2/LongTR/longTR_pipeline_NA18971/NA18971.chr16.vcf.gz	0.731641 seconds
Concatenating /scratch/rohlfslab/abierly2/LongTR/longTR_pipeline_NA18971/NA18971.chr17.vcf.gz	0.774331 seconds
Concatenating /scratch/rohlfslab/abierly2/LongTR/longTR_pipeline_NA18971/NA18971.chr18.vcf.gz	0.583419 seconds
Concatenating /scratch/rohlfslab/abierly2/LongTR/longTR_pipeline_NA18971/NA18971.chr19.vcf.gz	0.626630 seconds
Concatenating /scratch/rohlfslab/abierly2/LongTR/longTR_pipeline_NA18971/NA18971.chr1.vcf.gz	2.066053 seconds
Concatenating /scratch/rohlfslab/abierly2/LongTR/longTR_pipeline_NA18971/NA18971.chr20.vcf.gz	0.483213 seconds
Concatenating /scratch/rohlfslab/abierly2/LongTR/longTR_pipeline_NA18971/NA18971.chr21.vcf.gz	0.276198 seconds
Concatenating /scratch/rohlfslab/abierly2/LongTR/longTR_pipeline_NA18971/NA18971.chr22.vcf.gz	0.331862 seconds
Concatenating /scratch/rohlfslab/abierly2/LongTR/longTR_pipeline_NA18971/NA18971.chr2.vcf.gz	2.072999 seconds
Concatenating /scratch/rohlfslab/abierly2/LongTR/longTR_pipeline_NA18971/NA18971.chr3.vcf.gz	1.655358 seconds
Concatenating /scratch/rohlfslab/abierly2/LongTR/longTR_pipeline_NA18971/NA18971.chr4.vcf.gz	1.657601 seconds
Concatenating /scratch/rohlfslab/abierly2/LongTR/longTR_pipeline_NA18971/NA18971.chr5.vcf.gz	1.482846 seconds
Concatenating /scratch/rohlfslab/abierly2/LongTR/longTR_pipeline_NA18971/NA18971.chr6.vcf.gz	1.440229 seconds
Concatenating /scratch/rohlfslab/abierly2/LongTR/longTR_pipeline_NA18971/NA18971.chr7.vcf.gz	1.372544 seconds
Concatenating /scratch/rohlfslab/abierly2/LongTR/longTR_pipeline_NA18971/NA18971.chr8.vcf.gz	1.193161 seconds
Concatenating /scratch/rohlfslab/abierly2/LongTR/longTR_pipeline_NA18971/NA18971.chr9.vcf.gz	1.009723 seconds
Concatenating /scratch/rohlfslab/abierly2/LongTR/longTR_pipeline_NA18971/NA18971.chrM.vcf.gz	0.000357 seconds
Concatenating /scratch/rohlfslab/abierly2/LongTR/longTR_pipeline_NA18971/NA18971.chrX.vcf.gz	0.376961 seconds
Concatenating /scratch/rohlfslab/abierly2/LongTR/longTR_pipeline_NA18971/NA18971.chrY.vcf.gz	0.020282 seconds
