Checking the headers and starting positions of 25 files
Concatenating /scratch/rohlfslab/abierly2/LongTR/longTR_pipeline_NA18977/NA18977.chr10.vcf.gz	1.268996 seconds
Concatenating /scratch/rohlfslab/abierly2/LongTR/longTR_pipeline_NA18977/NA18977.chr11.vcf.gz	1.199515 seconds
Concatenating /scratch/rohlfslab/abierly2/LongTR/longTR_pipeline_NA18977/NA18977.chr12.vcf.gz	1.258953 seconds
Concatenating /scratch/rohlfslab/abierly2/LongTR/longTR_pipeline_NA18977/NA18977.chr13.vcf.gz	0.869208 seconds
Concatenating /scratch/rohlfslab/abierly2/LongTR/longTR_pipeline_NA18977/NA18977.chr14.vcf.gz	0.824571 seconds
Concatenating /scratch/rohlfslab/abierly2/LongTR/longTR_pipeline_NA18977/NA18977.chr15.vcf.gz	0.769177 seconds
Concatenating /scratch/rohlfslab/abierly2/LongTR/longTR_pipeline_NA18977/NA18977.chr16.vcf.gz	0.797758 seconds
Concatenating /scratch/rohlfslab/abierly2/LongTR/longTR_pipeline_NA18977/NA18977.chr17.vcf.gz	0.836064 seconds
Concatenating /scratch/rohlfslab/abierly2/LongTR/longTR_pipeline_NA18977/NA18977.chr18.vcf.gz	0.625782 seconds
Concatenating /scratch/rohlfslab/abierly2/LongTR/longTR_pipeline_NA18977/NA18977.chr19.vcf.gz	0.691615 seconds
Concatenating /scratch/rohlfslab/abierly2/LongTR/longTR_pipeline_NA18977/NA18977.chr1.vcf.gz	2.215808 seconds
Concatenating /scratch/rohlfslab/abierly2/LongTR/longTR_pipeline_NA18977/NA18977.chr20.vcf.gz	0.523053 seconds
Concatenating /scratch/rohlfslab/abierly2/LongTR/longTR_pipeline_NA18977/NA18977.chr21.vcf.gz	0.300801 seconds
Concatenating /scratch/rohlfslab/abierly2/LongTR/longTR_pipeline_NA18977/NA18977.chr22.vcf.gz	0.365729 seconds
Concatenating /scratch/rohlfslab/abierly2/LongTR/longTR_pipeline_NA18977/NA18977.chr2.vcf.gz	2.226212 seconds
Concatenating /scratch/rohlfslab/abierly2/LongTR/longTR_pipeline_NA18977/NA18977.chr3.vcf.gz	1.770855 seconds
Concatenating /scratch/rohlfslab/abierly2/LongTR/longTR_pipeline_NA18977/NA18977.chr4.vcf.gz	1.698787 seconds
Concatenating /scratch/rohlfslab/abierly2/LongTR/longTR_pipeline_NA18977/NA18977.chr5.vcf.gz	1.604541 seconds
Concatenating /scratch/rohlfslab/abierly2/LongTR/longTR_pipeline_NA18977/NA18977.chr6.vcf.gz	1.546248 seconds
Concatenating /scratch/rohlfslab/abierly2/LongTR/longTR_pipeline_NA18977/NA18977.chr7.vcf.gz	1.494349 seconds
Concatenating /scratch/rohlfslab/abierly2/LongTR/longTR_pipeline_NA18977/NA18977.chr8.vcf.gz	1.292568 seconds
Concatenating /scratch/rohlfslab/abierly2/LongTR/longTR_pipeline_NA18977/NA18977.chr9.vcf.gz	1.089731 seconds
Concatenating /scratch/rohlfslab/abierly2/LongTR/longTR_pipeline_NA18977/NA18977.chrM.vcf.gz	0.000770 seconds
Concatenating /scratch/rohlfslab/abierly2/LongTR/longTR_pipeline_NA18977/NA18977.chrX.vcf.gz	0.734211 seconds
Concatenating /scratch/rohlfslab/abierly2/LongTR/longTR_pipeline_NA18977/NA18977.chrY.vcf.gz	0.040930 seconds
