Checking the headers and starting positions of 25 files
Concatenating /scratch/rohlfslab/abierly2/LongTR/longTR_pipeline_HG00420/HG00420.chr10.vcf.gz	1.072000 seconds
Concatenating /scratch/rohlfslab/abierly2/LongTR/longTR_pipeline_HG00420/HG00420.chr11.vcf.gz	1.007933 seconds
Concatenating /scratch/rohlfslab/abierly2/LongTR/longTR_pipeline_HG00420/HG00420.chr12.vcf.gz	1.095048 seconds
Concatenating /scratch/rohlfslab/abierly2/LongTR/longTR_pipeline_HG00420/HG00420.chr13.vcf.gz	0.724350 seconds
Concatenating /scratch/rohlfslab/abierly2/LongTR/longTR_pipeline_HG00420/HG00420.chr14.vcf.gz	0.713202 seconds
Concatenating /scratch/rohlfslab/abierly2/LongTR/longTR_pipeline_HG00420/HG00420.chr15.vcf.gz	0.669936 seconds
Concatenating /scratch/rohlfslab/abierly2/LongTR/longTR_pipeline_HG00420/HG00420.chr16.vcf.gz	0.691089 seconds
Concatenating /scratch/rohlfslab/abierly2/LongTR/longTR_pipeline_HG00420/HG00420.chr17.vcf.gz	0.738501 seconds
Concatenating /scratch/rohlfslab/abierly2/LongTR/longTR_pipeline_HG00420/HG00420.chr18.vcf.gz	0.518237 seconds
Concatenating /scratch/rohlfslab/abierly2/LongTR/longTR_pipeline_HG00420/HG00420.chr19.vcf.gz	0.600414 seconds
Concatenating /scratch/rohlfslab/abierly2/LongTR/longTR_pipeline_HG00420/HG00420.chr1.vcf.gz	1.926711 seconds
Concatenating /scratch/rohlfslab/abierly2/LongTR/longTR_pipeline_HG00420/HG00420.chr20.vcf.gz	0.448233 seconds
Concatenating /scratch/rohlfslab/abierly2/LongTR/longTR_pipeline_HG00420/HG00420.chr21.vcf.gz	0.254545 seconds
Concatenating /scratch/rohlfslab/abierly2/LongTR/longTR_pipeline_HG00420/HG00420.chr22.vcf.gz	0.319655 seconds
Concatenating /scratch/rohlfslab/abierly2/LongTR/longTR_pipeline_HG00420/HG00420.chr2.vcf.gz	1.902685 seconds
Concatenating /scratch/rohlfslab/abierly2/LongTR/longTR_pipeline_HG00420/HG00420.chr3.vcf.gz	1.520405 seconds
Concatenating /scratch/rohlfslab/abierly2/LongTR/longTR_pipeline_HG00420/HG00420.chr4.vcf.gz	1.443689 seconds
Concatenating /scratch/rohlfslab/abierly2/LongTR/longTR_pipeline_HG00420/HG00420.chr5.vcf.gz	1.369576 seconds
Concatenating /scratch/rohlfslab/abierly2/LongTR/longTR_pipeline_HG00420/HG00420.chr6.vcf.gz	1.354453 seconds
Concatenating /scratch/rohlfslab/abierly2/LongTR/longTR_pipeline_HG00420/HG00420.chr7.vcf.gz	1.263145 seconds
Concatenating /scratch/rohlfslab/abierly2/LongTR/longTR_pipeline_HG00420/HG00420.chr8.vcf.gz	1.167904 seconds
Concatenating /scratch/rohlfslab/abierly2/LongTR/longTR_pipeline_HG00420/HG00420.chr9.vcf.gz	0.932292 seconds
Concatenating /scratch/rohlfslab/abierly2/LongTR/longTR_pipeline_HG00420/HG00420.chrM.vcf.gz	0.000307 seconds
Concatenating /scratch/rohlfslab/abierly2/LongTR/longTR_pipeline_HG00420/HG00420.chrX.vcf.gz	0.211012 seconds
Concatenating /scratch/rohlfslab/abierly2/LongTR/longTR_pipeline_HG00420/HG00420.chrY.vcf.gz	0.008051 seconds
