Checking the headers and starting positions of 25 files
Concatenating /scratch/rohlfslab/abierly2/LongTR/longTR_pipeline_NA19758/NA19758.chr10.vcf.gz	0.765005 seconds
Concatenating /scratch/rohlfslab/abierly2/LongTR/longTR_pipeline_NA19758/NA19758.chr11.vcf.gz	0.733892 seconds
Concatenating /scratch/rohlfslab/abierly2/LongTR/longTR_pipeline_NA19758/NA19758.chr12.vcf.gz	0.782241 seconds
Concatenating /scratch/rohlfslab/abierly2/LongTR/longTR_pipeline_NA19758/NA19758.chr13.vcf.gz	0.544196 seconds
Concatenating /scratch/rohlfslab/abierly2/LongTR/longTR_pipeline_NA19758/NA19758.chr14.vcf.gz	0.522430 seconds
Concatenating /scratch/rohlfslab/abierly2/LongTR/longTR_pipeline_NA19758/NA19758.chr15.vcf.gz	0.479696 seconds
Concatenating /scratch/rohlfslab/abierly2/LongTR/longTR_pipeline_NA19758/NA19758.chr16.vcf.gz	0.490396 seconds
Concatenating /scratch/rohlfslab/abierly2/LongTR/longTR_pipeline_NA19758/NA19758.chr17.vcf.gz	0.514642 seconds
Concatenating /scratch/rohlfslab/abierly2/LongTR/longTR_pipeline_NA19758/NA19758.chr18.vcf.gz	0.404766 seconds
Concatenating /scratch/rohlfslab/abierly2/LongTR/longTR_pipeline_NA19758/NA19758.chr19.vcf.gz	0.408732 seconds
Concatenating /scratch/rohlfslab/abierly2/LongTR/longTR_pipeline_NA19758/NA19758.chr1.vcf.gz	1.388100 seconds
Concatenating /scratch/rohlfslab/abierly2/LongTR/longTR_pipeline_NA19758/NA19758.chr20.vcf.gz	0.315195 seconds
Concatenating /scratch/rohlfslab/abierly2/LongTR/longTR_pipeline_NA19758/NA19758.chr21.vcf.gz	0.186680 seconds
Concatenating /scratch/rohlfslab/abierly2/LongTR/longTR_pipeline_NA19758/NA19758.chr22.vcf.gz	0.221774 seconds
Concatenating /scratch/rohlfslab/abierly2/LongTR/longTR_pipeline_NA19758/NA19758.chr2.vcf.gz	1.392515 seconds
Concatenating /scratch/rohlfslab/abierly2/LongTR/longTR_pipeline_NA19758/NA19758.chr3.vcf.gz	1.113443 seconds
Concatenating /scratch/rohlfslab/abierly2/LongTR/longTR_pipeline_NA19758/NA19758.chr4.vcf.gz	1.054654 seconds
Concatenating /scratch/rohlfslab/abierly2/LongTR/longTR_pipeline_NA19758/NA19758.chr5.vcf.gz	1.021683 seconds
Concatenating /scratch/rohlfslab/abierly2/LongTR/longTR_pipeline_NA19758/NA19758.chr6.vcf.gz	0.988812 seconds
Concatenating /scratch/rohlfslab/abierly2/LongTR/longTR_pipeline_NA19758/NA19758.chr7.vcf.gz	0.941580 seconds
Concatenating /scratch/rohlfslab/abierly2/LongTR/longTR_pipeline_NA19758/NA19758.chr8.vcf.gz	0.813326 seconds
Concatenating /scratch/rohlfslab/abierly2/LongTR/longTR_pipeline_NA19758/NA19758.chr9.vcf.gz	0.690927 seconds
Concatenating /scratch/rohlfslab/abierly2/LongTR/longTR_pipeline_NA19758/NA19758.chrM.vcf.gz	0.000307 seconds
Concatenating /scratch/rohlfslab/abierly2/LongTR/longTR_pipeline_NA19758/NA19758.chrX.vcf.gz	0.824285 seconds
Concatenating /scratch/rohlfslab/abierly2/LongTR/longTR_pipeline_NA19758/NA19758.chrY.vcf.gz	0.000313 seconds
