Checking the headers and starting positions of 25 files
Concatenating /scratch/rohlfslab/abierly2/LongTR/longTR_pipeline_HG01583/HG01583.chr10.vcf.gz	0.975880 seconds
Concatenating /scratch/rohlfslab/abierly2/LongTR/longTR_pipeline_HG01583/HG01583.chr11.vcf.gz	0.928258 seconds
Concatenating /scratch/rohlfslab/abierly2/LongTR/longTR_pipeline_HG01583/HG01583.chr12.vcf.gz	0.993038 seconds
Concatenating /scratch/rohlfslab/abierly2/LongTR/longTR_pipeline_HG01583/HG01583.chr13.vcf.gz	0.673561 seconds
Concatenating /scratch/rohlfslab/abierly2/LongTR/longTR_pipeline_HG01583/HG01583.chr14.vcf.gz	0.640664 seconds
Concatenating /scratch/rohlfslab/abierly2/LongTR/longTR_pipeline_HG01583/HG01583.chr15.vcf.gz	0.613321 seconds
Concatenating /scratch/rohlfslab/abierly2/LongTR/longTR_pipeline_HG01583/HG01583.chr16.vcf.gz	0.619977 seconds
Concatenating /scratch/rohlfslab/abierly2/LongTR/longTR_pipeline_HG01583/HG01583.chr17.vcf.gz	0.658444 seconds
Concatenating /scratch/rohlfslab/abierly2/LongTR/longTR_pipeline_HG01583/HG01583.chr18.vcf.gz	0.486372 seconds
Concatenating /scratch/rohlfslab/abierly2/LongTR/longTR_pipeline_HG01583/HG01583.chr19.vcf.gz	0.553754 seconds
Concatenating /scratch/rohlfslab/abierly2/LongTR/longTR_pipeline_HG01583/HG01583.chr1.vcf.gz	1.763558 seconds
Concatenating /scratch/rohlfslab/abierly2/LongTR/longTR_pipeline_HG01583/HG01583.chr20.vcf.gz	0.404666 seconds
Concatenating /scratch/rohlfslab/abierly2/LongTR/longTR_pipeline_HG01583/HG01583.chr21.vcf.gz	0.233491 seconds
Concatenating /scratch/rohlfslab/abierly2/LongTR/longTR_pipeline_HG01583/HG01583.chr22.vcf.gz	0.290028 seconds
Concatenating /scratch/rohlfslab/abierly2/LongTR/longTR_pipeline_HG01583/HG01583.chr2.vcf.gz	1.748609 seconds
Concatenating /scratch/rohlfslab/abierly2/LongTR/longTR_pipeline_HG01583/HG01583.chr3.vcf.gz	1.405182 seconds
Concatenating /scratch/rohlfslab/abierly2/LongTR/longTR_pipeline_HG01583/HG01583.chr4.vcf.gz	1.396876 seconds
Concatenating /scratch/rohlfslab/abierly2/LongTR/longTR_pipeline_HG01583/HG01583.chr5.vcf.gz	1.272663 seconds
Concatenating /scratch/rohlfslab/abierly2/LongTR/longTR_pipeline_HG01583/HG01583.chr6.vcf.gz	1.224622 seconds
Concatenating /scratch/rohlfslab/abierly2/LongTR/longTR_pipeline_HG01583/HG01583.chr7.vcf.gz	1.206578 seconds
Concatenating /scratch/rohlfslab/abierly2/LongTR/longTR_pipeline_HG01583/HG01583.chr8.vcf.gz	1.000143 seconds
Concatenating /scratch/rohlfslab/abierly2/LongTR/longTR_pipeline_HG01583/HG01583.chr9.vcf.gz	0.848728 seconds
Concatenating /scratch/rohlfslab/abierly2/LongTR/longTR_pipeline_HG01583/HG01583.chrM.vcf.gz	0.000313 seconds
Concatenating /scratch/rohlfslab/abierly2/LongTR/longTR_pipeline_HG01583/HG01583.chrX.vcf.gz	0.180950 seconds
Concatenating /scratch/rohlfslab/abierly2/LongTR/longTR_pipeline_HG01583/HG01583.chrY.vcf.gz	0.006486 seconds
