Checking the headers and starting positions of 25 files
Concatenating /scratch/rohlfslab/abierly2/LongTR/longTR_pipeline_NA18969/NA18969.chr10.vcf.gz	0.738207 seconds
Concatenating /scratch/rohlfslab/abierly2/LongTR/longTR_pipeline_NA18969/NA18969.chr11.vcf.gz	0.722138 seconds
Concatenating /scratch/rohlfslab/abierly2/LongTR/longTR_pipeline_NA18969/NA18969.chr12.vcf.gz	0.773753 seconds
Concatenating /scratch/rohlfslab/abierly2/LongTR/longTR_pipeline_NA18969/NA18969.chr13.vcf.gz	0.474473 seconds
Concatenating /scratch/rohlfslab/abierly2/LongTR/longTR_pipeline_NA18969/NA18969.chr14.vcf.gz	0.493178 seconds
Concatenating /scratch/rohlfslab/abierly2/LongTR/longTR_pipeline_NA18969/NA18969.chr15.vcf.gz	0.476265 seconds
Concatenating /scratch/rohlfslab/abierly2/LongTR/longTR_pipeline_NA18969/NA18969.chr16.vcf.gz	0.497330 seconds
Concatenating /scratch/rohlfslab/abierly2/LongTR/longTR_pipeline_NA18969/NA18969.chr17.vcf.gz	0.542384 seconds
Concatenating /scratch/rohlfslab/abierly2/LongTR/longTR_pipeline_NA18969/NA18969.chr18.vcf.gz	0.362620 seconds
Concatenating /scratch/rohlfslab/abierly2/LongTR/longTR_pipeline_NA18969/NA18969.chr19.vcf.gz	0.443039 seconds
Concatenating /scratch/rohlfslab/abierly2/LongTR/longTR_pipeline_NA18969/NA18969.chr1.vcf.gz	1.388467 seconds
Concatenating /scratch/rohlfslab/abierly2/LongTR/longTR_pipeline_NA18969/NA18969.chr20.vcf.gz	0.318406 seconds
Concatenating /scratch/rohlfslab/abierly2/LongTR/longTR_pipeline_NA18969/NA18969.chr21.vcf.gz	0.171075 seconds
Concatenating /scratch/rohlfslab/abierly2/LongTR/longTR_pipeline_NA18969/NA18969.chr22.vcf.gz	0.242618 seconds
Concatenating /scratch/rohlfslab/abierly2/LongTR/longTR_pipeline_NA18969/NA18969.chr2.vcf.gz	1.322755 seconds
Concatenating /scratch/rohlfslab/abierly2/LongTR/longTR_pipeline_NA18969/NA18969.chr3.vcf.gz	1.060048 seconds
Concatenating /scratch/rohlfslab/abierly2/LongTR/longTR_pipeline_NA18969/NA18969.chr4.vcf.gz	0.928570 seconds
Concatenating /scratch/rohlfslab/abierly2/LongTR/longTR_pipeline_NA18969/NA18969.chr5.vcf.gz	0.948453 seconds
Concatenating /scratch/rohlfslab/abierly2/LongTR/longTR_pipeline_NA18969/NA18969.chr6.vcf.gz	0.919681 seconds
Concatenating /scratch/rohlfslab/abierly2/LongTR/longTR_pipeline_NA18969/NA18969.chr7.vcf.gz	0.864601 seconds
Concatenating /scratch/rohlfslab/abierly2/LongTR/longTR_pipeline_NA18969/NA18969.chr8.vcf.gz	0.757081 seconds
Concatenating /scratch/rohlfslab/abierly2/LongTR/longTR_pipeline_NA18969/NA18969.chr9.vcf.gz	0.653781 seconds
Concatenating /scratch/rohlfslab/abierly2/LongTR/longTR_pipeline_NA18969/NA18969.chrM.vcf.gz	0.000300 seconds
Concatenating /scratch/rohlfslab/abierly2/LongTR/longTR_pipeline_NA18969/NA18969.chrX.vcf.gz	0.732608 seconds
Concatenating /scratch/rohlfslab/abierly2/LongTR/longTR_pipeline_NA18969/NA18969.chrY.vcf.gz	0.000287 seconds
