Checking the headers and starting positions of 25 files
Concatenating /scratch/rohlfslab/abierly2/LongTR/longTR_pipeline_HG03836/HG03836.chr10.vcf.gz	1.034808 seconds
Concatenating /scratch/rohlfslab/abierly2/LongTR/longTR_pipeline_HG03836/HG03836.chr11.vcf.gz	0.991822 seconds
Concatenating /scratch/rohlfslab/abierly2/LongTR/longTR_pipeline_HG03836/HG03836.chr12.vcf.gz	1.051585 seconds
Concatenating /scratch/rohlfslab/abierly2/LongTR/longTR_pipeline_HG03836/HG03836.chr13.vcf.gz	0.710872 seconds
Concatenating /scratch/rohlfslab/abierly2/LongTR/longTR_pipeline_HG03836/HG03836.chr14.vcf.gz	0.679226 seconds
Concatenating /scratch/rohlfslab/abierly2/LongTR/longTR_pipeline_HG03836/HG03836.chr15.vcf.gz	0.642722 seconds
Concatenating /scratch/rohlfslab/abierly2/LongTR/longTR_pipeline_HG03836/HG03836.chr16.vcf.gz	0.680712 seconds
Concatenating /scratch/rohlfslab/abierly2/LongTR/longTR_pipeline_HG03836/HG03836.chr17.vcf.gz	0.702698 seconds
Concatenating /scratch/rohlfslab/abierly2/LongTR/longTR_pipeline_HG03836/HG03836.chr18.vcf.gz	0.519685 seconds
Concatenating /scratch/rohlfslab/abierly2/LongTR/longTR_pipeline_HG03836/HG03836.chr19.vcf.gz	0.588275 seconds
Concatenating /scratch/rohlfslab/abierly2/LongTR/longTR_pipeline_HG03836/HG03836.chr1.vcf.gz	1.849688 seconds
Concatenating /scratch/rohlfslab/abierly2/LongTR/longTR_pipeline_HG03836/HG03836.chr20.vcf.gz	0.435523 seconds
Concatenating /scratch/rohlfslab/abierly2/LongTR/longTR_pipeline_HG03836/HG03836.chr21.vcf.gz	0.250158 seconds
Concatenating /scratch/rohlfslab/abierly2/LongTR/longTR_pipeline_HG03836/HG03836.chr22.vcf.gz	0.310410 seconds
Concatenating /scratch/rohlfslab/abierly2/LongTR/longTR_pipeline_HG03836/HG03836.chr2.vcf.gz	1.851988 seconds
Concatenating /scratch/rohlfslab/abierly2/LongTR/longTR_pipeline_HG03836/HG03836.chr3.vcf.gz	1.479443 seconds
Concatenating /scratch/rohlfslab/abierly2/LongTR/longTR_pipeline_HG03836/HG03836.chr4.vcf.gz	1.399201 seconds
Concatenating /scratch/rohlfslab/abierly2/LongTR/longTR_pipeline_HG03836/HG03836.chr5.vcf.gz	1.340293 seconds
Concatenating /scratch/rohlfslab/abierly2/LongTR/longTR_pipeline_HG03836/HG03836.chr6.vcf.gz	1.285830 seconds
Concatenating /scratch/rohlfslab/abierly2/LongTR/longTR_pipeline_HG03836/HG03836.chr7.vcf.gz	1.235013 seconds
Concatenating /scratch/rohlfslab/abierly2/LongTR/longTR_pipeline_HG03836/HG03836.chr8.vcf.gz	1.078626 seconds
Concatenating /scratch/rohlfslab/abierly2/LongTR/longTR_pipeline_HG03836/HG03836.chr9.vcf.gz	0.914856 seconds
Concatenating /scratch/rohlfslab/abierly2/LongTR/longTR_pipeline_HG03836/HG03836.chrM.vcf.gz	0.000359 seconds
Concatenating /scratch/rohlfslab/abierly2/LongTR/longTR_pipeline_HG03836/HG03836.chrX.vcf.gz	1.097127 seconds
Concatenating /scratch/rohlfslab/abierly2/LongTR/longTR_pipeline_HG03836/HG03836.chrY.vcf.gz	0.000319 seconds
