Checking the headers and starting positions of 25 files
Concatenating /scratch/rohlfslab/abierly2/LongTR/longTR_pipeline_NA18944/NA18944.chr10.vcf.gz	1.201213 seconds
Concatenating /scratch/rohlfslab/abierly2/LongTR/longTR_pipeline_NA18944/NA18944.chr11.vcf.gz	1.144893 seconds
Concatenating /scratch/rohlfslab/abierly2/LongTR/longTR_pipeline_NA18944/NA18944.chr12.vcf.gz	1.213401 seconds
Concatenating /scratch/rohlfslab/abierly2/LongTR/longTR_pipeline_NA18944/NA18944.chr13.vcf.gz	0.834338 seconds
Concatenating /scratch/rohlfslab/abierly2/LongTR/longTR_pipeline_NA18944/NA18944.chr14.vcf.gz	0.790525 seconds
Concatenating /scratch/rohlfslab/abierly2/LongTR/longTR_pipeline_NA18944/NA18944.chr15.vcf.gz	0.741432 seconds
Concatenating /scratch/rohlfslab/abierly2/LongTR/longTR_pipeline_NA18944/NA18944.chr16.vcf.gz	0.782091 seconds
Concatenating /scratch/rohlfslab/abierly2/LongTR/longTR_pipeline_NA18944/NA18944.chr17.vcf.gz	0.811191 seconds
Concatenating /scratch/rohlfslab/abierly2/LongTR/longTR_pipeline_NA18944/NA18944.chr18.vcf.gz	0.595675 seconds
Concatenating /scratch/rohlfslab/abierly2/LongTR/longTR_pipeline_NA18944/NA18944.chr19.vcf.gz	0.673560 seconds
Concatenating /scratch/rohlfslab/abierly2/LongTR/longTR_pipeline_NA18944/NA18944.chr1.vcf.gz	2.143569 seconds
Concatenating /scratch/rohlfslab/abierly2/LongTR/longTR_pipeline_NA18944/NA18944.chr20.vcf.gz	0.503962 seconds
Concatenating /scratch/rohlfslab/abierly2/LongTR/longTR_pipeline_NA18944/NA18944.chr21.vcf.gz	0.290122 seconds
Concatenating /scratch/rohlfslab/abierly2/LongTR/longTR_pipeline_NA18944/NA18944.chr22.vcf.gz	0.355309 seconds
Concatenating /scratch/rohlfslab/abierly2/LongTR/longTR_pipeline_NA18944/NA18944.chr2.vcf.gz	2.134625 seconds
Concatenating /scratch/rohlfslab/abierly2/LongTR/longTR_pipeline_NA18944/NA18944.chr3.vcf.gz	1.699989 seconds
Concatenating /scratch/rohlfslab/abierly2/LongTR/longTR_pipeline_NA18944/NA18944.chr4.vcf.gz	1.624385 seconds
Concatenating /scratch/rohlfslab/abierly2/LongTR/longTR_pipeline_NA18944/NA18944.chr5.vcf.gz	1.534969 seconds
Concatenating /scratch/rohlfslab/abierly2/LongTR/longTR_pipeline_NA18944/NA18944.chr6.vcf.gz	1.492042 seconds
Concatenating /scratch/rohlfslab/abierly2/LongTR/longTR_pipeline_NA18944/NA18944.chr7.vcf.gz	1.431892 seconds
Concatenating /scratch/rohlfslab/abierly2/LongTR/longTR_pipeline_NA18944/NA18944.chr8.vcf.gz	1.239745 seconds
Concatenating /scratch/rohlfslab/abierly2/LongTR/longTR_pipeline_NA18944/NA18944.chr9.vcf.gz	1.056261 seconds
Concatenating /scratch/rohlfslab/abierly2/LongTR/longTR_pipeline_NA18944/NA18944.chrM.vcf.gz	0.000330 seconds
Concatenating /scratch/rohlfslab/abierly2/LongTR/longTR_pipeline_NA18944/NA18944.chrX.vcf.gz	0.619915 seconds
Concatenating /scratch/rohlfslab/abierly2/LongTR/longTR_pipeline_NA18944/NA18944.chrY.vcf.gz	0.030006 seconds
