Checking the headers and starting positions of 25 files
Concatenating /scratch/rohlfslab/abierly2/LongTR/longTR_pipeline_HG03856/HG03856.chr10.vcf.gz	1.218368 seconds
Concatenating /scratch/rohlfslab/abierly2/LongTR/longTR_pipeline_HG03856/HG03856.chr11.vcf.gz	1.149661 seconds
Concatenating /scratch/rohlfslab/abierly2/LongTR/longTR_pipeline_HG03856/HG03856.chr12.vcf.gz	1.216827 seconds
Concatenating /scratch/rohlfslab/abierly2/LongTR/longTR_pipeline_HG03856/HG03856.chr13.vcf.gz	0.840108 seconds
Concatenating /scratch/rohlfslab/abierly2/LongTR/longTR_pipeline_HG03856/HG03856.chr14.vcf.gz	0.796406 seconds
Concatenating /scratch/rohlfslab/abierly2/LongTR/longTR_pipeline_HG03856/HG03856.chr15.vcf.gz	0.744302 seconds
Concatenating /scratch/rohlfslab/abierly2/LongTR/longTR_pipeline_HG03856/HG03856.chr16.vcf.gz	0.786552 seconds
Concatenating /scratch/rohlfslab/abierly2/LongTR/longTR_pipeline_HG03856/HG03856.chr17.vcf.gz	0.818491 seconds
Concatenating /scratch/rohlfslab/abierly2/LongTR/longTR_pipeline_HG03856/HG03856.chr18.vcf.gz	0.612994 seconds
Concatenating /scratch/rohlfslab/abierly2/LongTR/longTR_pipeline_HG03856/HG03856.chr19.vcf.gz	0.673671 seconds
Concatenating /scratch/rohlfslab/abierly2/LongTR/longTR_pipeline_HG03856/HG03856.chr1.vcf.gz	2.155371 seconds
Concatenating /scratch/rohlfslab/abierly2/LongTR/longTR_pipeline_HG03856/HG03856.chr20.vcf.gz	0.509463 seconds
Concatenating /scratch/rohlfslab/abierly2/LongTR/longTR_pipeline_HG03856/HG03856.chr21.vcf.gz	0.295929 seconds
Concatenating /scratch/rohlfslab/abierly2/LongTR/longTR_pipeline_HG03856/HG03856.chr22.vcf.gz	0.359871 seconds
Concatenating /scratch/rohlfslab/abierly2/LongTR/longTR_pipeline_HG03856/HG03856.chr2.vcf.gz	2.149136 seconds
Concatenating /scratch/rohlfslab/abierly2/LongTR/longTR_pipeline_HG03856/HG03856.chr3.vcf.gz	1.720180 seconds
Concatenating /scratch/rohlfslab/abierly2/LongTR/longTR_pipeline_HG03856/HG03856.chr4.vcf.gz	1.633264 seconds
Concatenating /scratch/rohlfslab/abierly2/LongTR/longTR_pipeline_HG03856/HG03856.chr5.vcf.gz	1.557454 seconds
Concatenating /scratch/rohlfslab/abierly2/LongTR/longTR_pipeline_HG03856/HG03856.chr6.vcf.gz	1.496426 seconds
Concatenating /scratch/rohlfslab/abierly2/LongTR/longTR_pipeline_HG03856/HG03856.chr7.vcf.gz	1.440099 seconds
Concatenating /scratch/rohlfslab/abierly2/LongTR/longTR_pipeline_HG03856/HG03856.chr8.vcf.gz	1.252196 seconds
Concatenating /scratch/rohlfslab/abierly2/LongTR/longTR_pipeline_HG03856/HG03856.chr9.vcf.gz	1.064737 seconds
Concatenating /scratch/rohlfslab/abierly2/LongTR/longTR_pipeline_HG03856/HG03856.chrM.vcf.gz	0.000370 seconds
Concatenating /scratch/rohlfslab/abierly2/LongTR/longTR_pipeline_HG03856/HG03856.chrX.vcf.gz	0.576555 seconds
Concatenating /scratch/rohlfslab/abierly2/LongTR/longTR_pipeline_HG03856/HG03856.chrY.vcf.gz	0.030369 seconds
