Checking the headers and starting positions of 25 files
Concatenating /scratch/rohlfslab/abierly2/LongTR/longTR_pipeline_NA18942/NA18942.chr10.vcf.gz	0.013315 seconds
Concatenating /scratch/rohlfslab/abierly2/LongTR/longTR_pipeline_NA18942/NA18942.chr11.vcf.gz	0.018481 seconds
Concatenating /scratch/rohlfslab/abierly2/LongTR/longTR_pipeline_NA18942/NA18942.chr12.vcf.gz	0.013047 seconds
Concatenating /scratch/rohlfslab/abierly2/LongTR/longTR_pipeline_NA18942/NA18942.chr13.vcf.gz	0.009367 seconds
Concatenating /scratch/rohlfslab/abierly2/LongTR/longTR_pipeline_NA18942/NA18942.chr14.vcf.gz	0.009592 seconds
Concatenating /scratch/rohlfslab/abierly2/LongTR/longTR_pipeline_NA18942/NA18942.chr15.vcf.gz	0.011368 seconds
Concatenating /scratch/rohlfslab/abierly2/LongTR/longTR_pipeline_NA18942/NA18942.chr16.vcf.gz	0.009324 seconds
Concatenating /scratch/rohlfslab/abierly2/LongTR/longTR_pipeline_NA18942/NA18942.chr17.vcf.gz	0.012871 seconds
Concatenating /scratch/rohlfslab/abierly2/LongTR/longTR_pipeline_NA18942/NA18942.chr18.vcf.gz	0.007638 seconds
Concatenating /scratch/rohlfslab/abierly2/LongTR/longTR_pipeline_NA18942/NA18942.chr19.vcf.gz	0.007715 seconds
Concatenating /scratch/rohlfslab/abierly2/LongTR/longTR_pipeline_NA18942/NA18942.chr1.vcf.gz	0.032688 seconds
Concatenating /scratch/rohlfslab/abierly2/LongTR/longTR_pipeline_NA18942/NA18942.chr20.vcf.gz	0.005862 seconds
Concatenating /scratch/rohlfslab/abierly2/LongTR/longTR_pipeline_NA18942/NA18942.chr21.vcf.gz	0.004094 seconds
Concatenating /scratch/rohlfslab/abierly2/LongTR/longTR_pipeline_NA18942/NA18942.chr22.vcf.gz	0.005494 seconds
Concatenating /scratch/rohlfslab/abierly2/LongTR/longTR_pipeline_NA18942/NA18942.chr2.vcf.gz	0.027778 seconds
Concatenating /scratch/rohlfslab/abierly2/LongTR/longTR_pipeline_NA18942/NA18942.chr3.vcf.gz	0.020160 seconds
Concatenating /scratch/rohlfslab/abierly2/LongTR/longTR_pipeline_NA18942/NA18942.chr4.vcf.gz	0.018891 seconds
Concatenating /scratch/rohlfslab/abierly2/LongTR/longTR_pipeline_NA18942/NA18942.chr5.vcf.gz	0.020211 seconds
Concatenating /scratch/rohlfslab/abierly2/LongTR/longTR_pipeline_NA18942/NA18942.chr6.vcf.gz	0.016571 seconds
Concatenating /scratch/rohlfslab/abierly2/LongTR/longTR_pipeline_NA18942/NA18942.chr7.vcf.gz	0.016805 seconds
Concatenating /scratch/rohlfslab/abierly2/LongTR/longTR_pipeline_NA18942/NA18942.chr8.vcf.gz	0.014975 seconds
Concatenating /scratch/rohlfslab/abierly2/LongTR/longTR_pipeline_NA18942/NA18942.chr9.vcf.gz	0.012952 seconds
Concatenating /scratch/rohlfslab/abierly2/LongTR/longTR_pipeline_NA18942/NA18942.chrM.vcf.gz	0.000286 seconds
Concatenating /scratch/rohlfslab/abierly2/LongTR/longTR_pipeline_NA18942/NA18942.chrX.vcf.gz	0.014992 seconds
Concatenating /scratch/rohlfslab/abierly2/LongTR/longTR_pipeline_NA18942/NA18942.chrY.vcf.gz	0.000272 seconds
