Checking the headers and starting positions of 25 files
Concatenating /scratch/rohlfslab/abierly2/LongTR/longTR_pipeline_HG03931/HG03931.chr10.vcf.gz	1.253630 seconds
Concatenating /scratch/rohlfslab/abierly2/LongTR/longTR_pipeline_HG03931/HG03931.chr11.vcf.gz	1.196110 seconds
Concatenating /scratch/rohlfslab/abierly2/LongTR/longTR_pipeline_HG03931/HG03931.chr12.vcf.gz	1.260957 seconds
Concatenating /scratch/rohlfslab/abierly2/LongTR/longTR_pipeline_HG03931/HG03931.chr13.vcf.gz	0.874607 seconds
Concatenating /scratch/rohlfslab/abierly2/LongTR/longTR_pipeline_HG03931/HG03931.chr14.vcf.gz	0.846049 seconds
Concatenating /scratch/rohlfslab/abierly2/LongTR/longTR_pipeline_HG03931/HG03931.chr15.vcf.gz	0.781471 seconds
Concatenating /scratch/rohlfslab/abierly2/LongTR/longTR_pipeline_HG03931/HG03931.chr16.vcf.gz	0.812834 seconds
Concatenating /scratch/rohlfslab/abierly2/LongTR/longTR_pipeline_HG03931/HG03931.chr17.vcf.gz	0.848753 seconds
Concatenating /scratch/rohlfslab/abierly2/LongTR/longTR_pipeline_HG03931/HG03931.chr18.vcf.gz	0.628524 seconds
Concatenating /scratch/rohlfslab/abierly2/LongTR/longTR_pipeline_HG03931/HG03931.chr19.vcf.gz	0.699740 seconds
Concatenating /scratch/rohlfslab/abierly2/LongTR/longTR_pipeline_HG03931/HG03931.chr1.vcf.gz	2.227027 seconds
Concatenating /scratch/rohlfslab/abierly2/LongTR/longTR_pipeline_HG03931/HG03931.chr20.vcf.gz	0.527979 seconds
Concatenating /scratch/rohlfslab/abierly2/LongTR/longTR_pipeline_HG03931/HG03931.chr21.vcf.gz	0.304960 seconds
Concatenating /scratch/rohlfslab/abierly2/LongTR/longTR_pipeline_HG03931/HG03931.chr22.vcf.gz	0.364520 seconds
Concatenating /scratch/rohlfslab/abierly2/LongTR/longTR_pipeline_HG03931/HG03931.chr2.vcf.gz	2.222494 seconds
Concatenating /scratch/rohlfslab/abierly2/LongTR/longTR_pipeline_HG03931/HG03931.chr3.vcf.gz	1.773639 seconds
Concatenating /scratch/rohlfslab/abierly2/LongTR/longTR_pipeline_HG03931/HG03931.chr4.vcf.gz	1.699674 seconds
Concatenating /scratch/rohlfslab/abierly2/LongTR/longTR_pipeline_HG03931/HG03931.chr5.vcf.gz	1.617103 seconds
Concatenating /scratch/rohlfslab/abierly2/LongTR/longTR_pipeline_HG03931/HG03931.chr6.vcf.gz	1.547533 seconds
Concatenating /scratch/rohlfslab/abierly2/LongTR/longTR_pipeline_HG03931/HG03931.chr7.vcf.gz	1.490063 seconds
Concatenating /scratch/rohlfslab/abierly2/LongTR/longTR_pipeline_HG03931/HG03931.chr8.vcf.gz	1.332721 seconds
Concatenating /scratch/rohlfslab/abierly2/LongTR/longTR_pipeline_HG03931/HG03931.chr9.vcf.gz	1.098173 seconds
Concatenating /scratch/rohlfslab/abierly2/LongTR/longTR_pipeline_HG03931/HG03931.chrM.vcf.gz	0.000334 seconds
Concatenating /scratch/rohlfslab/abierly2/LongTR/longTR_pipeline_HG03931/HG03931.chrX.vcf.gz	1.338493 seconds
Concatenating /scratch/rohlfslab/abierly2/LongTR/longTR_pipeline_HG03931/HG03931.chrY.vcf.gz	0.000298 seconds
