Checking the headers and starting positions of 25 files
Concatenating /scratch/rohlfslab/abierly2/LongTR/longTR_pipeline_HG01971/HG01971.chr10.vcf.gz	1.105974 seconds
Concatenating /scratch/rohlfslab/abierly2/LongTR/longTR_pipeline_HG01971/HG01971.chr11.vcf.gz	1.067191 seconds
Concatenating /scratch/rohlfslab/abierly2/LongTR/longTR_pipeline_HG01971/HG01971.chr12.vcf.gz	1.112389 seconds
Concatenating /scratch/rohlfslab/abierly2/LongTR/longTR_pipeline_HG01971/HG01971.chr13.vcf.gz	0.768601 seconds
Concatenating /scratch/rohlfslab/abierly2/LongTR/longTR_pipeline_HG01971/HG01971.chr14.vcf.gz	0.731245 seconds
Concatenating /scratch/rohlfslab/abierly2/LongTR/longTR_pipeline_HG01971/HG01971.chr15.vcf.gz	0.684365 seconds
Concatenating /scratch/rohlfslab/abierly2/LongTR/longTR_pipeline_HG01971/HG01971.chr16.vcf.gz	0.715001 seconds
Concatenating /scratch/rohlfslab/abierly2/LongTR/longTR_pipeline_HG01971/HG01971.chr17.vcf.gz	0.752372 seconds
Concatenating /scratch/rohlfslab/abierly2/LongTR/longTR_pipeline_HG01971/HG01971.chr18.vcf.gz	0.561472 seconds
Concatenating /scratch/rohlfslab/abierly2/LongTR/longTR_pipeline_HG01971/HG01971.chr19.vcf.gz	0.628173 seconds
Concatenating /scratch/rohlfslab/abierly2/LongTR/longTR_pipeline_HG01971/HG01971.chr1.vcf.gz	1.969320 seconds
Concatenating /scratch/rohlfslab/abierly2/LongTR/longTR_pipeline_HG01971/HG01971.chr20.vcf.gz	0.466495 seconds
Concatenating /scratch/rohlfslab/abierly2/LongTR/longTR_pipeline_HG01971/HG01971.chr21.vcf.gz	0.268440 seconds
Concatenating /scratch/rohlfslab/abierly2/LongTR/longTR_pipeline_HG01971/HG01971.chr22.vcf.gz	0.328068 seconds
Concatenating /scratch/rohlfslab/abierly2/LongTR/longTR_pipeline_HG01971/HG01971.chr2.vcf.gz	1.967041 seconds
Concatenating /scratch/rohlfslab/abierly2/LongTR/longTR_pipeline_HG01971/HG01971.chr3.vcf.gz	1.576661 seconds
Concatenating /scratch/rohlfslab/abierly2/LongTR/longTR_pipeline_HG01971/HG01971.chr4.vcf.gz	1.492399 seconds
Concatenating /scratch/rohlfslab/abierly2/LongTR/longTR_pipeline_HG01971/HG01971.chr5.vcf.gz	1.417242 seconds
Concatenating /scratch/rohlfslab/abierly2/LongTR/longTR_pipeline_HG01971/HG01971.chr6.vcf.gz	1.359192 seconds
Concatenating /scratch/rohlfslab/abierly2/LongTR/longTR_pipeline_HG01971/HG01971.chr7.vcf.gz	1.303445 seconds
Concatenating /scratch/rohlfslab/abierly2/LongTR/longTR_pipeline_HG01971/HG01971.chr8.vcf.gz	1.130184 seconds
Concatenating /scratch/rohlfslab/abierly2/LongTR/longTR_pipeline_HG01971/HG01971.chr9.vcf.gz	0.969152 seconds
Concatenating /scratch/rohlfslab/abierly2/LongTR/longTR_pipeline_HG01971/HG01971.chrM.vcf.gz	0.000306 seconds
Concatenating /scratch/rohlfslab/abierly2/LongTR/longTR_pipeline_HG01971/HG01971.chrX.vcf.gz	1.162425 seconds
Concatenating /scratch/rohlfslab/abierly2/LongTR/longTR_pipeline_HG01971/HG01971.chrY.vcf.gz	0.000291 seconds
