Checking the headers and starting positions of 25 files
Concatenating /scratch/rohlfslab/abierly2/LongTR/longTR_pipeline_HG01680/HG01680.chr10.vcf.gz	1.469793 seconds
Concatenating /scratch/rohlfslab/abierly2/LongTR/longTR_pipeline_HG01680/HG01680.chr11.vcf.gz	1.501252 seconds
Concatenating /scratch/rohlfslab/abierly2/LongTR/longTR_pipeline_HG01680/HG01680.chr12.vcf.gz	1.258762 seconds
Concatenating /scratch/rohlfslab/abierly2/LongTR/longTR_pipeline_HG01680/HG01680.chr13.vcf.gz	0.854283 seconds
Concatenating /scratch/rohlfslab/abierly2/LongTR/longTR_pipeline_HG01680/HG01680.chr14.vcf.gz	0.811131 seconds
Concatenating /scratch/rohlfslab/abierly2/LongTR/longTR_pipeline_HG01680/HG01680.chr15.vcf.gz	0.763308 seconds
Concatenating /scratch/rohlfslab/abierly2/LongTR/longTR_pipeline_HG01680/HG01680.chr16.vcf.gz	0.806259 seconds
Concatenating /scratch/rohlfslab/abierly2/LongTR/longTR_pipeline_HG01680/HG01680.chr17.vcf.gz	0.836309 seconds
Concatenating /scratch/rohlfslab/abierly2/LongTR/longTR_pipeline_HG01680/HG01680.chr18.vcf.gz	0.622920 seconds
Concatenating /scratch/rohlfslab/abierly2/LongTR/longTR_pipeline_HG01680/HG01680.chr19.vcf.gz	0.688192 seconds
Concatenating /scratch/rohlfslab/abierly2/LongTR/longTR_pipeline_HG01680/HG01680.chr1.vcf.gz	2.177006 seconds
Concatenating /scratch/rohlfslab/abierly2/LongTR/longTR_pipeline_HG01680/HG01680.chr20.vcf.gz	0.512956 seconds
Concatenating /scratch/rohlfslab/abierly2/LongTR/longTR_pipeline_HG01680/HG01680.chr21.vcf.gz	0.297830 seconds
Concatenating /scratch/rohlfslab/abierly2/LongTR/longTR_pipeline_HG01680/HG01680.chr22.vcf.gz	0.361131 seconds
Concatenating /scratch/rohlfslab/abierly2/LongTR/longTR_pipeline_HG01680/HG01680.chr2.vcf.gz	2.174950 seconds
Concatenating /scratch/rohlfslab/abierly2/LongTR/longTR_pipeline_HG01680/HG01680.chr3.vcf.gz	1.735088 seconds
Concatenating /scratch/rohlfslab/abierly2/LongTR/longTR_pipeline_HG01680/HG01680.chr4.vcf.gz	1.677093 seconds
Concatenating /scratch/rohlfslab/abierly2/LongTR/longTR_pipeline_HG01680/HG01680.chr5.vcf.gz	1.584238 seconds
Concatenating /scratch/rohlfslab/abierly2/LongTR/longTR_pipeline_HG01680/HG01680.chr6.vcf.gz	1.534442 seconds
Concatenating /scratch/rohlfslab/abierly2/LongTR/longTR_pipeline_HG01680/HG01680.chr7.vcf.gz	1.466972 seconds
Concatenating /scratch/rohlfslab/abierly2/LongTR/longTR_pipeline_HG01680/HG01680.chr8.vcf.gz	1.287298 seconds
Concatenating /scratch/rohlfslab/abierly2/LongTR/longTR_pipeline_HG01680/HG01680.chr9.vcf.gz	1.070350 seconds
Concatenating /scratch/rohlfslab/abierly2/LongTR/longTR_pipeline_HG01680/HG01680.chrM.vcf.gz	0.000300 seconds
Concatenating /scratch/rohlfslab/abierly2/LongTR/longTR_pipeline_HG01680/HG01680.chrX.vcf.gz	0.911108 seconds
Concatenating /scratch/rohlfslab/abierly2/LongTR/longTR_pipeline_HG01680/HG01680.chrY.vcf.gz	0.043891 seconds
