Checking the headers and starting positions of 25 files
Concatenating /scratch/rohlfslab/abierly2/LongTR/longTR_pipeline_NA19789/NA19789.chr10.vcf.gz	0.039813 seconds
Concatenating /scratch/rohlfslab/abierly2/LongTR/longTR_pipeline_NA19789/NA19789.chr11.vcf.gz	0.041261 seconds
Concatenating /scratch/rohlfslab/abierly2/LongTR/longTR_pipeline_NA19789/NA19789.chr12.vcf.gz	0.044520 seconds
Concatenating /scratch/rohlfslab/abierly2/LongTR/longTR_pipeline_NA19789/NA19789.chr13.vcf.gz	0.027411 seconds
Concatenating /scratch/rohlfslab/abierly2/LongTR/longTR_pipeline_NA19789/NA19789.chr14.vcf.gz	0.028979 seconds
Concatenating /scratch/rohlfslab/abierly2/LongTR/longTR_pipeline_NA19789/NA19789.chr15.vcf.gz	0.028444 seconds
Concatenating /scratch/rohlfslab/abierly2/LongTR/longTR_pipeline_NA19789/NA19789.chr16.vcf.gz	0.025230 seconds
Concatenating /scratch/rohlfslab/abierly2/LongTR/longTR_pipeline_NA19789/NA19789.chr17.vcf.gz	0.031716 seconds
Concatenating /scratch/rohlfslab/abierly2/LongTR/longTR_pipeline_NA19789/NA19789.chr18.vcf.gz	0.021647 seconds
Concatenating /scratch/rohlfslab/abierly2/LongTR/longTR_pipeline_NA19789/NA19789.chr19.vcf.gz	0.023011 seconds
Concatenating /scratch/rohlfslab/abierly2/LongTR/longTR_pipeline_NA19789/NA19789.chr1.vcf.gz	0.080921 seconds
Concatenating /scratch/rohlfslab/abierly2/LongTR/longTR_pipeline_NA19789/NA19789.chr20.vcf.gz	0.019586 seconds
Concatenating /scratch/rohlfslab/abierly2/LongTR/longTR_pipeline_NA19789/NA19789.chr21.vcf.gz	0.009226 seconds
Concatenating /scratch/rohlfslab/abierly2/LongTR/longTR_pipeline_NA19789/NA19789.chr22.vcf.gz	0.010957 seconds
Concatenating /scratch/rohlfslab/abierly2/LongTR/longTR_pipeline_NA19789/NA19789.chr2.vcf.gz	0.067131 seconds
Concatenating /scratch/rohlfslab/abierly2/LongTR/longTR_pipeline_NA19789/NA19789.chr3.vcf.gz	0.059040 seconds
Concatenating /scratch/rohlfslab/abierly2/LongTR/longTR_pipeline_NA19789/NA19789.chr4.vcf.gz	0.055924 seconds
Concatenating /scratch/rohlfslab/abierly2/LongTR/longTR_pipeline_NA19789/NA19789.chr5.vcf.gz	0.055603 seconds
Concatenating /scratch/rohlfslab/abierly2/LongTR/longTR_pipeline_NA19789/NA19789.chr6.vcf.gz	0.050300 seconds
Concatenating /scratch/rohlfslab/abierly2/LongTR/longTR_pipeline_NA19789/NA19789.chr7.vcf.gz	0.048219 seconds
Concatenating /scratch/rohlfslab/abierly2/LongTR/longTR_pipeline_NA19789/NA19789.chr8.vcf.gz	0.039582 seconds
Concatenating /scratch/rohlfslab/abierly2/LongTR/longTR_pipeline_NA19789/NA19789.chr9.vcf.gz	0.036567 seconds
Concatenating /scratch/rohlfslab/abierly2/LongTR/longTR_pipeline_NA19789/NA19789.chrM.vcf.gz	0.000284 seconds
Concatenating /scratch/rohlfslab/abierly2/LongTR/longTR_pipeline_NA19789/NA19789.chrX.vcf.gz	0.002310 seconds
Concatenating /scratch/rohlfslab/abierly2/LongTR/longTR_pipeline_NA19789/NA19789.chrY.vcf.gz	0.000297 seconds
