Checking the headers and starting positions of 25 files
Concatenating /scratch/rohlfslab/abierly2/LongTR/longTR_pipeline_HG01765/HG01765.chr10.vcf.gz	1.213023 seconds
Concatenating /scratch/rohlfslab/abierly2/LongTR/longTR_pipeline_HG01765/HG01765.chr11.vcf.gz	1.147487 seconds
Concatenating /scratch/rohlfslab/abierly2/LongTR/longTR_pipeline_HG01765/HG01765.chr12.vcf.gz	1.218924 seconds
Concatenating /scratch/rohlfslab/abierly2/LongTR/longTR_pipeline_HG01765/HG01765.chr13.vcf.gz	0.840555 seconds
Concatenating /scratch/rohlfslab/abierly2/LongTR/longTR_pipeline_HG01765/HG01765.chr14.vcf.gz	0.795733 seconds
Concatenating /scratch/rohlfslab/abierly2/LongTR/longTR_pipeline_HG01765/HG01765.chr15.vcf.gz	0.745068 seconds
Concatenating /scratch/rohlfslab/abierly2/LongTR/longTR_pipeline_HG01765/HG01765.chr16.vcf.gz	0.781096 seconds
Concatenating /scratch/rohlfslab/abierly2/LongTR/longTR_pipeline_HG01765/HG01765.chr17.vcf.gz	0.810627 seconds
Concatenating /scratch/rohlfslab/abierly2/LongTR/longTR_pipeline_HG01765/HG01765.chr18.vcf.gz	0.608192 seconds
Concatenating /scratch/rohlfslab/abierly2/LongTR/longTR_pipeline_HG01765/HG01765.chr19.vcf.gz	0.655714 seconds
Concatenating /scratch/rohlfslab/abierly2/LongTR/longTR_pipeline_HG01765/HG01765.chr1.vcf.gz	2.145810 seconds
Concatenating /scratch/rohlfslab/abierly2/LongTR/longTR_pipeline_HG01765/HG01765.chr20.vcf.gz	0.509626 seconds
Concatenating /scratch/rohlfslab/abierly2/LongTR/longTR_pipeline_HG01765/HG01765.chr21.vcf.gz	0.292146 seconds
Concatenating /scratch/rohlfslab/abierly2/LongTR/longTR_pipeline_HG01765/HG01765.chr22.vcf.gz	0.355842 seconds
Concatenating /scratch/rohlfslab/abierly2/LongTR/longTR_pipeline_HG01765/HG01765.chr2.vcf.gz	2.154950 seconds
Concatenating /scratch/rohlfslab/abierly2/LongTR/longTR_pipeline_HG01765/HG01765.chr3.vcf.gz	1.709074 seconds
Concatenating /scratch/rohlfslab/abierly2/LongTR/longTR_pipeline_HG01765/HG01765.chr4.vcf.gz	1.647930 seconds
Concatenating /scratch/rohlfslab/abierly2/LongTR/longTR_pipeline_HG01765/HG01765.chr5.vcf.gz	1.558780 seconds
Concatenating /scratch/rohlfslab/abierly2/LongTR/longTR_pipeline_HG01765/HG01765.chr6.vcf.gz	1.503596 seconds
Concatenating /scratch/rohlfslab/abierly2/LongTR/longTR_pipeline_HG01765/HG01765.chr7.vcf.gz	1.439826 seconds
Concatenating /scratch/rohlfslab/abierly2/LongTR/longTR_pipeline_HG01765/HG01765.chr8.vcf.gz	1.254704 seconds
Concatenating /scratch/rohlfslab/abierly2/LongTR/longTR_pipeline_HG01765/HG01765.chr9.vcf.gz	1.064718 seconds
Concatenating /scratch/rohlfslab/abierly2/LongTR/longTR_pipeline_HG01765/HG01765.chrM.vcf.gz	0.000372 seconds
Concatenating /scratch/rohlfslab/abierly2/LongTR/longTR_pipeline_HG01765/HG01765.chrX.vcf.gz	0.646307 seconds
Concatenating /scratch/rohlfslab/abierly2/LongTR/longTR_pipeline_HG01765/HG01765.chrY.vcf.gz	0.029634 seconds
