Checking the headers and starting positions of 25 files
Concatenating /scratch/rohlfslab/abierly2/LongTR/longTR_pipeline_HG01278/HG01278.chr10.vcf.gz	1.265909 seconds
Concatenating /scratch/rohlfslab/abierly2/LongTR/longTR_pipeline_HG01278/HG01278.chr11.vcf.gz	1.201070 seconds
Concatenating /scratch/rohlfslab/abierly2/LongTR/longTR_pipeline_HG01278/HG01278.chr12.vcf.gz	1.270381 seconds
Concatenating /scratch/rohlfslab/abierly2/LongTR/longTR_pipeline_HG01278/HG01278.chr13.vcf.gz	0.879886 seconds
Concatenating /scratch/rohlfslab/abierly2/LongTR/longTR_pipeline_HG01278/HG01278.chr14.vcf.gz	0.832772 seconds
Concatenating /scratch/rohlfslab/abierly2/LongTR/longTR_pipeline_HG01278/HG01278.chr15.vcf.gz	0.787986 seconds
Concatenating /scratch/rohlfslab/abierly2/LongTR/longTR_pipeline_HG01278/HG01278.chr16.vcf.gz	0.830432 seconds
Concatenating /scratch/rohlfslab/abierly2/LongTR/longTR_pipeline_HG01278/HG01278.chr17.vcf.gz	0.850804 seconds
Concatenating /scratch/rohlfslab/abierly2/LongTR/longTR_pipeline_HG01278/HG01278.chr18.vcf.gz	0.631233 seconds
Concatenating /scratch/rohlfslab/abierly2/LongTR/longTR_pipeline_HG01278/HG01278.chr19.vcf.gz	0.707756 seconds
Concatenating /scratch/rohlfslab/abierly2/LongTR/longTR_pipeline_HG01278/HG01278.chr1.vcf.gz	2.245244 seconds
Concatenating /scratch/rohlfslab/abierly2/LongTR/longTR_pipeline_HG01278/HG01278.chr20.vcf.gz	0.527357 seconds
Concatenating /scratch/rohlfslab/abierly2/LongTR/longTR_pipeline_HG01278/HG01278.chr21.vcf.gz	0.305530 seconds
Concatenating /scratch/rohlfslab/abierly2/LongTR/longTR_pipeline_HG01278/HG01278.chr22.vcf.gz	0.375581 seconds
Concatenating /scratch/rohlfslab/abierly2/LongTR/longTR_pipeline_HG01278/HG01278.chr2.vcf.gz	2.235825 seconds
Concatenating /scratch/rohlfslab/abierly2/LongTR/longTR_pipeline_HG01278/HG01278.chr3.vcf.gz	1.814605 seconds
Concatenating /scratch/rohlfslab/abierly2/LongTR/longTR_pipeline_HG01278/HG01278.chr4.vcf.gz	1.722580 seconds
Concatenating /scratch/rohlfslab/abierly2/LongTR/longTR_pipeline_HG01278/HG01278.chr5.vcf.gz	1.640958 seconds
Concatenating /scratch/rohlfslab/abierly2/LongTR/longTR_pipeline_HG01278/HG01278.chr6.vcf.gz	1.560317 seconds
Concatenating /scratch/rohlfslab/abierly2/LongTR/longTR_pipeline_HG01278/HG01278.chr7.vcf.gz	1.509688 seconds
Concatenating /scratch/rohlfslab/abierly2/LongTR/longTR_pipeline_HG01278/HG01278.chr8.vcf.gz	1.305938 seconds
Concatenating /scratch/rohlfslab/abierly2/LongTR/longTR_pipeline_HG01278/HG01278.chr9.vcf.gz	1.106580 seconds
Concatenating /scratch/rohlfslab/abierly2/LongTR/longTR_pipeline_HG01278/HG01278.chrM.vcf.gz	0.000320 seconds
Concatenating /scratch/rohlfslab/abierly2/LongTR/longTR_pipeline_HG01278/HG01278.chrX.vcf.gz	1.358632 seconds
Concatenating /scratch/rohlfslab/abierly2/LongTR/longTR_pipeline_HG01278/HG01278.chrY.vcf.gz	0.000292 seconds
