Checking the headers and starting positions of 25 files
Concatenating /scratch/rohlfslab/abierly2/LongTR/longTR_pipeline_HG02402/HG02402.chr10.vcf.gz	1.162952 seconds
Concatenating /scratch/rohlfslab/abierly2/LongTR/longTR_pipeline_HG02402/HG02402.chr11.vcf.gz	1.087367 seconds
Concatenating /scratch/rohlfslab/abierly2/LongTR/longTR_pipeline_HG02402/HG02402.chr12.vcf.gz	1.163488 seconds
Concatenating /scratch/rohlfslab/abierly2/LongTR/longTR_pipeline_HG02402/HG02402.chr13.vcf.gz	0.796928 seconds
Concatenating /scratch/rohlfslab/abierly2/LongTR/longTR_pipeline_HG02402/HG02402.chr14.vcf.gz	0.749083 seconds
Concatenating /scratch/rohlfslab/abierly2/LongTR/longTR_pipeline_HG02402/HG02402.chr15.vcf.gz	0.713425 seconds
Concatenating /scratch/rohlfslab/abierly2/LongTR/longTR_pipeline_HG02402/HG02402.chr16.vcf.gz	0.728200 seconds
Concatenating /scratch/rohlfslab/abierly2/LongTR/longTR_pipeline_HG02402/HG02402.chr17.vcf.gz	0.771642 seconds
Concatenating /scratch/rohlfslab/abierly2/LongTR/longTR_pipeline_HG02402/HG02402.chr18.vcf.gz	0.574624 seconds
Concatenating /scratch/rohlfslab/abierly2/LongTR/longTR_pipeline_HG02402/HG02402.chr19.vcf.gz	0.652795 seconds
Concatenating /scratch/rohlfslab/abierly2/LongTR/longTR_pipeline_HG02402/HG02402.chr1.vcf.gz	2.044958 seconds
Concatenating /scratch/rohlfslab/abierly2/LongTR/longTR_pipeline_HG02402/HG02402.chr20.vcf.gz	0.468671 seconds
Concatenating /scratch/rohlfslab/abierly2/LongTR/longTR_pipeline_HG02402/HG02402.chr21.vcf.gz	0.272469 seconds
Concatenating /scratch/rohlfslab/abierly2/LongTR/longTR_pipeline_HG02402/HG02402.chr22.vcf.gz	0.323464 seconds
Concatenating /scratch/rohlfslab/abierly2/LongTR/longTR_pipeline_HG02402/HG02402.chr2.vcf.gz	2.052178 seconds
Concatenating /scratch/rohlfslab/abierly2/LongTR/longTR_pipeline_HG02402/HG02402.chr3.vcf.gz	1.627626 seconds
Concatenating /scratch/rohlfslab/abierly2/LongTR/longTR_pipeline_HG02402/HG02402.chr4.vcf.gz	1.568784 seconds
Concatenating /scratch/rohlfslab/abierly2/LongTR/longTR_pipeline_HG02402/HG02402.chr5.vcf.gz	1.479917 seconds
Concatenating /scratch/rohlfslab/abierly2/LongTR/longTR_pipeline_HG02402/HG02402.chr6.vcf.gz	1.440365 seconds
Concatenating /scratch/rohlfslab/abierly2/LongTR/longTR_pipeline_HG02402/HG02402.chr7.vcf.gz	1.363283 seconds
Concatenating /scratch/rohlfslab/abierly2/LongTR/longTR_pipeline_HG02402/HG02402.chr8.vcf.gz	1.201804 seconds
Concatenating /scratch/rohlfslab/abierly2/LongTR/longTR_pipeline_HG02402/HG02402.chr9.vcf.gz	0.999071 seconds
Concatenating /scratch/rohlfslab/abierly2/LongTR/longTR_pipeline_HG02402/HG02402.chrM.vcf.gz	0.000384 seconds
Concatenating /scratch/rohlfslab/abierly2/LongTR/longTR_pipeline_HG02402/HG02402.chrX.vcf.gz	0.348655 seconds
Concatenating /scratch/rohlfslab/abierly2/LongTR/longTR_pipeline_HG02402/HG02402.chrY.vcf.gz	0.015825 seconds
