Checking the headers and starting positions of 25 files
Concatenating /scratch/rohlfslab/abierly2/LongTR/longTR_pipeline_HG02493/HG02493.chr10.vcf.gz	0.410558 seconds
Concatenating /scratch/rohlfslab/abierly2/LongTR/longTR_pipeline_HG02493/HG02493.chr11.vcf.gz	0.391989 seconds
Concatenating /scratch/rohlfslab/abierly2/LongTR/longTR_pipeline_HG02493/HG02493.chr12.vcf.gz	0.414432 seconds
Concatenating /scratch/rohlfslab/abierly2/LongTR/longTR_pipeline_HG02493/HG02493.chr13.vcf.gz	0.286888 seconds
Concatenating /scratch/rohlfslab/abierly2/LongTR/longTR_pipeline_HG02493/HG02493.chr14.vcf.gz	0.275261 seconds
Concatenating /scratch/rohlfslab/abierly2/LongTR/longTR_pipeline_HG02493/HG02493.chr15.vcf.gz	0.264442 seconds
Concatenating /scratch/rohlfslab/abierly2/LongTR/longTR_pipeline_HG02493/HG02493.chr16.vcf.gz	0.260512 seconds
Concatenating /scratch/rohlfslab/abierly2/LongTR/longTR_pipeline_HG02493/HG02493.chr17.vcf.gz	0.270125 seconds
Concatenating /scratch/rohlfslab/abierly2/LongTR/longTR_pipeline_HG02493/HG02493.chr18.vcf.gz	0.208960 seconds
Concatenating /scratch/rohlfslab/abierly2/LongTR/longTR_pipeline_HG02493/HG02493.chr19.vcf.gz	0.198703 seconds
Concatenating /scratch/rohlfslab/abierly2/LongTR/longTR_pipeline_HG02493/HG02493.chr1.vcf.gz	0.731781 seconds
Concatenating /scratch/rohlfslab/abierly2/LongTR/longTR_pipeline_HG02493/HG02493.chr20.vcf.gz	0.169402 seconds
Concatenating /scratch/rohlfslab/abierly2/LongTR/longTR_pipeline_HG02493/HG02493.chr21.vcf.gz	0.102326 seconds
Concatenating /scratch/rohlfslab/abierly2/LongTR/longTR_pipeline_HG02493/HG02493.chr22.vcf.gz	0.116950 seconds
Concatenating /scratch/rohlfslab/abierly2/LongTR/longTR_pipeline_HG02493/HG02493.chr2.vcf.gz	0.746226 seconds
Concatenating /scratch/rohlfslab/abierly2/LongTR/longTR_pipeline_HG02493/HG02493.chr3.vcf.gz	0.597660 seconds
Concatenating /scratch/rohlfslab/abierly2/LongTR/longTR_pipeline_HG02493/HG02493.chr4.vcf.gz	0.551780 seconds
Concatenating /scratch/rohlfslab/abierly2/LongTR/longTR_pipeline_HG02493/HG02493.chr5.vcf.gz	0.535806 seconds
Concatenating /scratch/rohlfslab/abierly2/LongTR/longTR_pipeline_HG02493/HG02493.chr6.vcf.gz	0.522279 seconds
Concatenating /scratch/rohlfslab/abierly2/LongTR/longTR_pipeline_HG02493/HG02493.chr7.vcf.gz	0.490421 seconds
Concatenating /scratch/rohlfslab/abierly2/LongTR/longTR_pipeline_HG02493/HG02493.chr8.vcf.gz	0.426134 seconds
Concatenating /scratch/rohlfslab/abierly2/LongTR/longTR_pipeline_HG02493/HG02493.chr9.vcf.gz	0.351702 seconds
Concatenating /scratch/rohlfslab/abierly2/LongTR/longTR_pipeline_HG02493/HG02493.chrM.vcf.gz	0.000498 seconds
Concatenating /scratch/rohlfslab/abierly2/LongTR/longTR_pipeline_HG02493/HG02493.chrX.vcf.gz	0.037376 seconds
Concatenating /scratch/rohlfslab/abierly2/LongTR/longTR_pipeline_HG02493/HG02493.chrY.vcf.gz	0.000481 seconds
