Checking the headers and starting positions of 25 files
Concatenating /scratch/rohlfslab/abierly2/LongTR/longTR_pipeline_HG01028/HG01028.chr10.vcf.gz	1.233373 seconds
Concatenating /scratch/rohlfslab/abierly2/LongTR/longTR_pipeline_HG01028/HG01028.chr11.vcf.gz	1.187261 seconds
Concatenating /scratch/rohlfslab/abierly2/LongTR/longTR_pipeline_HG01028/HG01028.chr12.vcf.gz	1.242931 seconds
Concatenating /scratch/rohlfslab/abierly2/LongTR/longTR_pipeline_HG01028/HG01028.chr13.vcf.gz	0.862096 seconds
Concatenating /scratch/rohlfslab/abierly2/LongTR/longTR_pipeline_HG01028/HG01028.chr14.vcf.gz	0.814881 seconds
Concatenating /scratch/rohlfslab/abierly2/LongTR/longTR_pipeline_HG01028/HG01028.chr15.vcf.gz	0.763498 seconds
Concatenating /scratch/rohlfslab/abierly2/LongTR/longTR_pipeline_HG01028/HG01028.chr16.vcf.gz	0.798450 seconds
Concatenating /scratch/rohlfslab/abierly2/LongTR/longTR_pipeline_HG01028/HG01028.chr17.vcf.gz	0.829532 seconds
Concatenating /scratch/rohlfslab/abierly2/LongTR/longTR_pipeline_HG01028/HG01028.chr18.vcf.gz	0.618717 seconds
Concatenating /scratch/rohlfslab/abierly2/LongTR/longTR_pipeline_HG01028/HG01028.chr19.vcf.gz	0.686644 seconds
Concatenating /scratch/rohlfslab/abierly2/LongTR/longTR_pipeline_HG01028/HG01028.chr1.vcf.gz	2.191887 seconds
Concatenating /scratch/rohlfslab/abierly2/LongTR/longTR_pipeline_HG01028/HG01028.chr20.vcf.gz	0.517340 seconds
Concatenating /scratch/rohlfslab/abierly2/LongTR/longTR_pipeline_HG01028/HG01028.chr21.vcf.gz	0.298608 seconds
Concatenating /scratch/rohlfslab/abierly2/LongTR/longTR_pipeline_HG01028/HG01028.chr22.vcf.gz	0.356116 seconds
Concatenating /scratch/rohlfslab/abierly2/LongTR/longTR_pipeline_HG01028/HG01028.chr2.vcf.gz	2.210827 seconds
Concatenating /scratch/rohlfslab/abierly2/LongTR/longTR_pipeline_HG01028/HG01028.chr3.vcf.gz	1.753225 seconds
Concatenating /scratch/rohlfslab/abierly2/LongTR/longTR_pipeline_HG01028/HG01028.chr4.vcf.gz	1.676638 seconds
Concatenating /scratch/rohlfslab/abierly2/LongTR/longTR_pipeline_HG01028/HG01028.chr5.vcf.gz	1.584839 seconds
Concatenating /scratch/rohlfslab/abierly2/LongTR/longTR_pipeline_HG01028/HG01028.chr6.vcf.gz	1.534989 seconds
Concatenating /scratch/rohlfslab/abierly2/LongTR/longTR_pipeline_HG01028/HG01028.chr7.vcf.gz	1.471863 seconds
Concatenating /scratch/rohlfslab/abierly2/LongTR/longTR_pipeline_HG01028/HG01028.chr8.vcf.gz	1.274436 seconds
Concatenating /scratch/rohlfslab/abierly2/LongTR/longTR_pipeline_HG01028/HG01028.chr9.vcf.gz	1.078597 seconds
Concatenating /scratch/rohlfslab/abierly2/LongTR/longTR_pipeline_HG01028/HG01028.chrM.vcf.gz	0.000314 seconds
Concatenating /scratch/rohlfslab/abierly2/LongTR/longTR_pipeline_HG01028/HG01028.chrX.vcf.gz	0.738688 seconds
Concatenating /scratch/rohlfslab/abierly2/LongTR/longTR_pipeline_HG01028/HG01028.chrY.vcf.gz	0.035754 seconds
