Checking the headers and starting positions of 25 files
Concatenating /scratch/rohlfslab/abierly2/LongTR/longTR_pipeline_HG02684/HG02684.chr10.vcf.gz	1.153140 seconds
Concatenating /scratch/rohlfslab/abierly2/LongTR/longTR_pipeline_HG02684/HG02684.chr11.vcf.gz	1.104347 seconds
Concatenating /scratch/rohlfslab/abierly2/LongTR/longTR_pipeline_HG02684/HG02684.chr12.vcf.gz	1.160625 seconds
Concatenating /scratch/rohlfslab/abierly2/LongTR/longTR_pipeline_HG02684/HG02684.chr13.vcf.gz	0.793350 seconds
Concatenating /scratch/rohlfslab/abierly2/LongTR/longTR_pipeline_HG02684/HG02684.chr14.vcf.gz	0.762101 seconds
Concatenating /scratch/rohlfslab/abierly2/LongTR/longTR_pipeline_HG02684/HG02684.chr15.vcf.gz	0.717724 seconds
Concatenating /scratch/rohlfslab/abierly2/LongTR/longTR_pipeline_HG02684/HG02684.chr16.vcf.gz	0.746451 seconds
Concatenating /scratch/rohlfslab/abierly2/LongTR/longTR_pipeline_HG02684/HG02684.chr17.vcf.gz	0.776545 seconds
Concatenating /scratch/rohlfslab/abierly2/LongTR/longTR_pipeline_HG02684/HG02684.chr18.vcf.gz	0.580116 seconds
Concatenating /scratch/rohlfslab/abierly2/LongTR/longTR_pipeline_HG02684/HG02684.chr19.vcf.gz	0.643822 seconds
Concatenating /scratch/rohlfslab/abierly2/LongTR/longTR_pipeline_HG02684/HG02684.chr1.vcf.gz	2.056201 seconds
Concatenating /scratch/rohlfslab/abierly2/LongTR/longTR_pipeline_HG02684/HG02684.chr20.vcf.gz	0.489183 seconds
Concatenating /scratch/rohlfslab/abierly2/LongTR/longTR_pipeline_HG02684/HG02684.chr21.vcf.gz	0.282188 seconds
Concatenating /scratch/rohlfslab/abierly2/LongTR/longTR_pipeline_HG02684/HG02684.chr22.vcf.gz	0.339027 seconds
Concatenating /scratch/rohlfslab/abierly2/LongTR/longTR_pipeline_HG02684/HG02684.chr2.vcf.gz	2.065877 seconds
Concatenating /scratch/rohlfslab/abierly2/LongTR/longTR_pipeline_HG02684/HG02684.chr3.vcf.gz	1.638371 seconds
Concatenating /scratch/rohlfslab/abierly2/LongTR/longTR_pipeline_HG02684/HG02684.chr4.vcf.gz	1.566149 seconds
Concatenating /scratch/rohlfslab/abierly2/LongTR/longTR_pipeline_HG02684/HG02684.chr5.vcf.gz	1.489147 seconds
Concatenating /scratch/rohlfslab/abierly2/LongTR/longTR_pipeline_HG02684/HG02684.chr6.vcf.gz	1.433918 seconds
Concatenating /scratch/rohlfslab/abierly2/LongTR/longTR_pipeline_HG02684/HG02684.chr7.vcf.gz	1.380604 seconds
Concatenating /scratch/rohlfslab/abierly2/LongTR/longTR_pipeline_HG02684/HG02684.chr8.vcf.gz	1.228201 seconds
Concatenating /scratch/rohlfslab/abierly2/LongTR/longTR_pipeline_HG02684/HG02684.chr9.vcf.gz	1.018735 seconds
Concatenating /scratch/rohlfslab/abierly2/LongTR/longTR_pipeline_HG02684/HG02684.chrM.vcf.gz	0.000477 seconds
Concatenating /scratch/rohlfslab/abierly2/LongTR/longTR_pipeline_HG02684/HG02684.chrX.vcf.gz	0.359806 seconds
Concatenating /scratch/rohlfslab/abierly2/LongTR/longTR_pipeline_HG02684/HG02684.chrY.vcf.gz	0.016858 seconds
