Checking the headers and starting positions of 25 files
Concatenating /scratch/rohlfslab/abierly2/LongTR/longTR_pipeline_HG00346/HG00346.chr10.vcf.gz	1.183194 seconds
Concatenating /scratch/rohlfslab/abierly2/LongTR/longTR_pipeline_HG00346/HG00346.chr11.vcf.gz	1.129027 seconds
Concatenating /scratch/rohlfslab/abierly2/LongTR/longTR_pipeline_HG00346/HG00346.chr12.vcf.gz	1.197746 seconds
Concatenating /scratch/rohlfslab/abierly2/LongTR/longTR_pipeline_HG00346/HG00346.chr13.vcf.gz	0.822344 seconds
Concatenating /scratch/rohlfslab/abierly2/LongTR/longTR_pipeline_HG00346/HG00346.chr14.vcf.gz	0.781305 seconds
Concatenating /scratch/rohlfslab/abierly2/LongTR/longTR_pipeline_HG00346/HG00346.chr15.vcf.gz	0.732084 seconds
Concatenating /scratch/rohlfslab/abierly2/LongTR/longTR_pipeline_HG00346/HG00346.chr16.vcf.gz	0.766129 seconds
Concatenating /scratch/rohlfslab/abierly2/LongTR/longTR_pipeline_HG00346/HG00346.chr17.vcf.gz	0.793778 seconds
Concatenating /scratch/rohlfslab/abierly2/LongTR/longTR_pipeline_HG00346/HG00346.chr18.vcf.gz	0.589931 seconds
Concatenating /scratch/rohlfslab/abierly2/LongTR/longTR_pipeline_HG00346/HG00346.chr19.vcf.gz	0.655780 seconds
Concatenating /scratch/rohlfslab/abierly2/LongTR/longTR_pipeline_HG00346/HG00346.chr1.vcf.gz	2.159640 seconds
Concatenating /scratch/rohlfslab/abierly2/LongTR/longTR_pipeline_HG00346/HG00346.chr20.vcf.gz	0.492719 seconds
Concatenating /scratch/rohlfslab/abierly2/LongTR/longTR_pipeline_HG00346/HG00346.chr21.vcf.gz	0.289138 seconds
Concatenating /scratch/rohlfslab/abierly2/LongTR/longTR_pipeline_HG00346/HG00346.chr22.vcf.gz	0.344919 seconds
Concatenating /scratch/rohlfslab/abierly2/LongTR/longTR_pipeline_HG00346/HG00346.chr2.vcf.gz	2.110745 seconds
Concatenating /scratch/rohlfslab/abierly2/LongTR/longTR_pipeline_HG00346/HG00346.chr3.vcf.gz	1.689148 seconds
Concatenating /scratch/rohlfslab/abierly2/LongTR/longTR_pipeline_HG00346/HG00346.chr4.vcf.gz	1.607523 seconds
Concatenating /scratch/rohlfslab/abierly2/LongTR/longTR_pipeline_HG00346/HG00346.chr5.vcf.gz	1.523431 seconds
Concatenating /scratch/rohlfslab/abierly2/LongTR/longTR_pipeline_HG00346/HG00346.chr6.vcf.gz	1.467392 seconds
Concatenating /scratch/rohlfslab/abierly2/LongTR/longTR_pipeline_HG00346/HG00346.chr7.vcf.gz	1.408754 seconds
Concatenating /scratch/rohlfslab/abierly2/LongTR/longTR_pipeline_HG00346/HG00346.chr8.vcf.gz	1.222337 seconds
Concatenating /scratch/rohlfslab/abierly2/LongTR/longTR_pipeline_HG00346/HG00346.chr9.vcf.gz	1.069667 seconds
Concatenating /scratch/rohlfslab/abierly2/LongTR/longTR_pipeline_HG00346/HG00346.chrM.vcf.gz	0.000366 seconds
Concatenating /scratch/rohlfslab/abierly2/LongTR/longTR_pipeline_HG00346/HG00346.chrX.vcf.gz	1.273430 seconds
Concatenating /scratch/rohlfslab/abierly2/LongTR/longTR_pipeline_HG00346/HG00346.chrY.vcf.gz	0.000319 seconds
