Checking the headers and starting positions of 25 files
Concatenating /scratch/rohlfslab/abierly2/LongTR/longTR_pipeline_NA18526/NA18526.chr10.vcf.gz	0.744187 seconds
Concatenating /scratch/rohlfslab/abierly2/LongTR/longTR_pipeline_NA18526/NA18526.chr11.vcf.gz	0.721382 seconds
Concatenating /scratch/rohlfslab/abierly2/LongTR/longTR_pipeline_NA18526/NA18526.chr12.vcf.gz	0.764791 seconds
Concatenating /scratch/rohlfslab/abierly2/LongTR/longTR_pipeline_NA18526/NA18526.chr13.vcf.gz	0.475349 seconds
Concatenating /scratch/rohlfslab/abierly2/LongTR/longTR_pipeline_NA18526/NA18526.chr14.vcf.gz	0.495468 seconds
Concatenating /scratch/rohlfslab/abierly2/LongTR/longTR_pipeline_NA18526/NA18526.chr15.vcf.gz	0.477160 seconds
Concatenating /scratch/rohlfslab/abierly2/LongTR/longTR_pipeline_NA18526/NA18526.chr16.vcf.gz	0.501995 seconds
Concatenating /scratch/rohlfslab/abierly2/LongTR/longTR_pipeline_NA18526/NA18526.chr17.vcf.gz	0.544050 seconds
Concatenating /scratch/rohlfslab/abierly2/LongTR/longTR_pipeline_NA18526/NA18526.chr18.vcf.gz	0.360191 seconds
Concatenating /scratch/rohlfslab/abierly2/LongTR/longTR_pipeline_NA18526/NA18526.chr19.vcf.gz	0.452846 seconds
Concatenating /scratch/rohlfslab/abierly2/LongTR/longTR_pipeline_NA18526/NA18526.chr1.vcf.gz	1.349999 seconds
Concatenating /scratch/rohlfslab/abierly2/LongTR/longTR_pipeline_NA18526/NA18526.chr20.vcf.gz	0.324706 seconds
Concatenating /scratch/rohlfslab/abierly2/LongTR/longTR_pipeline_NA18526/NA18526.chr21.vcf.gz	0.186139 seconds
Concatenating /scratch/rohlfslab/abierly2/LongTR/longTR_pipeline_NA18526/NA18526.chr22.vcf.gz	0.231035 seconds
Concatenating /scratch/rohlfslab/abierly2/LongTR/longTR_pipeline_NA18526/NA18526.chr2.vcf.gz	1.301963 seconds
Concatenating /scratch/rohlfslab/abierly2/LongTR/longTR_pipeline_NA18526/NA18526.chr3.vcf.gz	1.047813 seconds
Concatenating /scratch/rohlfslab/abierly2/LongTR/longTR_pipeline_NA18526/NA18526.chr4.vcf.gz	0.948672 seconds
Concatenating /scratch/rohlfslab/abierly2/LongTR/longTR_pipeline_NA18526/NA18526.chr5.vcf.gz	0.946461 seconds
Concatenating /scratch/rohlfslab/abierly2/LongTR/longTR_pipeline_NA18526/NA18526.chr6.vcf.gz	0.903208 seconds
Concatenating /scratch/rohlfslab/abierly2/LongTR/longTR_pipeline_NA18526/NA18526.chr7.vcf.gz	0.887791 seconds
Concatenating /scratch/rohlfslab/abierly2/LongTR/longTR_pipeline_NA18526/NA18526.chr8.vcf.gz	0.747452 seconds
Concatenating /scratch/rohlfslab/abierly2/LongTR/longTR_pipeline_NA18526/NA18526.chr9.vcf.gz	0.657578 seconds
Concatenating /scratch/rohlfslab/abierly2/LongTR/longTR_pipeline_NA18526/NA18526.chrM.vcf.gz	0.000318 seconds
Concatenating /scratch/rohlfslab/abierly2/LongTR/longTR_pipeline_NA18526/NA18526.chrX.vcf.gz	0.729189 seconds
Concatenating /scratch/rohlfslab/abierly2/LongTR/longTR_pipeline_NA18526/NA18526.chrY.vcf.gz	0.000307 seconds
