Checking the headers and starting positions of 25 files
Concatenating /scratch/rohlfslab/abierly2/LongTR/longTR_pipeline_NA18616/NA18616.chr10.vcf.gz	0.901182 seconds
Concatenating /scratch/rohlfslab/abierly2/LongTR/longTR_pipeline_NA18616/NA18616.chr11.vcf.gz	0.877326 seconds
Concatenating /scratch/rohlfslab/abierly2/LongTR/longTR_pipeline_NA18616/NA18616.chr12.vcf.gz	0.930046 seconds
Concatenating /scratch/rohlfslab/abierly2/LongTR/longTR_pipeline_NA18616/NA18616.chr13.vcf.gz	0.611151 seconds
Concatenating /scratch/rohlfslab/abierly2/LongTR/longTR_pipeline_NA18616/NA18616.chr14.vcf.gz	0.598969 seconds
Concatenating /scratch/rohlfslab/abierly2/LongTR/longTR_pipeline_NA18616/NA18616.chr15.vcf.gz	0.587659 seconds
Concatenating /scratch/rohlfslab/abierly2/LongTR/longTR_pipeline_NA18616/NA18616.chr16.vcf.gz	0.589388 seconds
Concatenating /scratch/rohlfslab/abierly2/LongTR/longTR_pipeline_NA18616/NA18616.chr17.vcf.gz	0.602776 seconds
Concatenating /scratch/rohlfslab/abierly2/LongTR/longTR_pipeline_NA18616/NA18616.chr18.vcf.gz	0.451856 seconds
Concatenating /scratch/rohlfslab/abierly2/LongTR/longTR_pipeline_NA18616/NA18616.chr19.vcf.gz	0.499688 seconds
Concatenating /scratch/rohlfslab/abierly2/LongTR/longTR_pipeline_NA18616/NA18616.chr1.vcf.gz	1.607648 seconds
Concatenating /scratch/rohlfslab/abierly2/LongTR/longTR_pipeline_NA18616/NA18616.chr20.vcf.gz	0.386931 seconds
Concatenating /scratch/rohlfslab/abierly2/LongTR/longTR_pipeline_NA18616/NA18616.chr21.vcf.gz	0.216674 seconds
Concatenating /scratch/rohlfslab/abierly2/LongTR/longTR_pipeline_NA18616/NA18616.chr22.vcf.gz	0.266519 seconds
Concatenating /scratch/rohlfslab/abierly2/LongTR/longTR_pipeline_NA18616/NA18616.chr2.vcf.gz	1.610997 seconds
Concatenating /scratch/rohlfslab/abierly2/LongTR/longTR_pipeline_NA18616/NA18616.chr3.vcf.gz	1.296374 seconds
Concatenating /scratch/rohlfslab/abierly2/LongTR/longTR_pipeline_NA18616/NA18616.chr4.vcf.gz	1.231666 seconds
Concatenating /scratch/rohlfslab/abierly2/LongTR/longTR_pipeline_NA18616/NA18616.chr5.vcf.gz	1.192738 seconds
Concatenating /scratch/rohlfslab/abierly2/LongTR/longTR_pipeline_NA18616/NA18616.chr6.vcf.gz	1.135528 seconds
Concatenating /scratch/rohlfslab/abierly2/LongTR/longTR_pipeline_NA18616/NA18616.chr7.vcf.gz	1.105178 seconds
Concatenating /scratch/rohlfslab/abierly2/LongTR/longTR_pipeline_NA18616/NA18616.chr8.vcf.gz	0.927386 seconds
Concatenating /scratch/rohlfslab/abierly2/LongTR/longTR_pipeline_NA18616/NA18616.chr9.vcf.gz	0.796985 seconds
Concatenating /scratch/rohlfslab/abierly2/LongTR/longTR_pipeline_NA18616/NA18616.chrM.vcf.gz	0.000326 seconds
Concatenating /scratch/rohlfslab/abierly2/LongTR/longTR_pipeline_NA18616/NA18616.chrX.vcf.gz	0.942199 seconds
Concatenating /scratch/rohlfslab/abierly2/LongTR/longTR_pipeline_NA18616/NA18616.chrY.vcf.gz	0.000313 seconds
