Checking the headers and starting positions of 25 files
Concatenating /scratch/rohlfslab/abierly2/LongTR/longTR_pipeline_HG00427/HG00427.chr10.vcf.gz	1.052029 seconds
Concatenating /scratch/rohlfslab/abierly2/LongTR/longTR_pipeline_HG00427/HG00427.chr11.vcf.gz	1.004080 seconds
Concatenating /scratch/rohlfslab/abierly2/LongTR/longTR_pipeline_HG00427/HG00427.chr12.vcf.gz	1.075332 seconds
Concatenating /scratch/rohlfslab/abierly2/LongTR/longTR_pipeline_HG00427/HG00427.chr13.vcf.gz	0.710017 seconds
Concatenating /scratch/rohlfslab/abierly2/LongTR/longTR_pipeline_HG00427/HG00427.chr14.vcf.gz	0.698669 seconds
Concatenating /scratch/rohlfslab/abierly2/LongTR/longTR_pipeline_HG00427/HG00427.chr15.vcf.gz	0.663066 seconds
Concatenating /scratch/rohlfslab/abierly2/LongTR/longTR_pipeline_HG00427/HG00427.chr16.vcf.gz	0.680536 seconds
Concatenating /scratch/rohlfslab/abierly2/LongTR/longTR_pipeline_HG00427/HG00427.chr17.vcf.gz	0.721695 seconds
Concatenating /scratch/rohlfslab/abierly2/LongTR/longTR_pipeline_HG00427/HG00427.chr18.vcf.gz	0.522386 seconds
Concatenating /scratch/rohlfslab/abierly2/LongTR/longTR_pipeline_HG00427/HG00427.chr19.vcf.gz	0.610999 seconds
Concatenating /scratch/rohlfslab/abierly2/LongTR/longTR_pipeline_HG00427/HG00427.chr1.vcf.gz	1.876894 seconds
Concatenating /scratch/rohlfslab/abierly2/LongTR/longTR_pipeline_HG00427/HG00427.chr20.vcf.gz	0.449422 seconds
Concatenating /scratch/rohlfslab/abierly2/LongTR/longTR_pipeline_HG00427/HG00427.chr21.vcf.gz	0.249690 seconds
Concatenating /scratch/rohlfslab/abierly2/LongTR/longTR_pipeline_HG00427/HG00427.chr22.vcf.gz	0.326096 seconds
Concatenating /scratch/rohlfslab/abierly2/LongTR/longTR_pipeline_HG00427/HG00427.chr2.vcf.gz	1.876868 seconds
Concatenating /scratch/rohlfslab/abierly2/LongTR/longTR_pipeline_HG00427/HG00427.chr3.vcf.gz	1.508866 seconds
Concatenating /scratch/rohlfslab/abierly2/LongTR/longTR_pipeline_HG00427/HG00427.chr4.vcf.gz	1.414284 seconds
Concatenating /scratch/rohlfslab/abierly2/LongTR/longTR_pipeline_HG00427/HG00427.chr5.vcf.gz	1.348948 seconds
Concatenating /scratch/rohlfslab/abierly2/LongTR/longTR_pipeline_HG00427/HG00427.chr6.vcf.gz	1.330340 seconds
Concatenating /scratch/rohlfslab/abierly2/LongTR/longTR_pipeline_HG00427/HG00427.chr7.vcf.gz	1.248162 seconds
Concatenating /scratch/rohlfslab/abierly2/LongTR/longTR_pipeline_HG00427/HG00427.chr8.vcf.gz	1.075889 seconds
Concatenating /scratch/rohlfslab/abierly2/LongTR/longTR_pipeline_HG00427/HG00427.chr9.vcf.gz	0.921062 seconds
Concatenating /scratch/rohlfslab/abierly2/LongTR/longTR_pipeline_HG00427/HG00427.chrM.vcf.gz	0.000338 seconds
Concatenating /scratch/rohlfslab/abierly2/LongTR/longTR_pipeline_HG00427/HG00427.chrX.vcf.gz	0.220539 seconds
Concatenating /scratch/rohlfslab/abierly2/LongTR/longTR_pipeline_HG00427/HG00427.chrY.vcf.gz	0.009953 seconds
