Checking the headers and starting positions of 25 files
Concatenating /scratch/rohlfslab/abierly2/LongTR/longTR_pipeline_NA18567/NA18567.chr10.vcf.gz	1.181545 seconds
Concatenating /scratch/rohlfslab/abierly2/LongTR/longTR_pipeline_NA18567/NA18567.chr11.vcf.gz	1.127633 seconds
Concatenating /scratch/rohlfslab/abierly2/LongTR/longTR_pipeline_NA18567/NA18567.chr12.vcf.gz	1.202665 seconds
Concatenating /scratch/rohlfslab/abierly2/LongTR/longTR_pipeline_NA18567/NA18567.chr13.vcf.gz	0.808730 seconds
Concatenating /scratch/rohlfslab/abierly2/LongTR/longTR_pipeline_NA18567/NA18567.chr14.vcf.gz	0.775510 seconds
Concatenating /scratch/rohlfslab/abierly2/LongTR/longTR_pipeline_NA18567/NA18567.chr15.vcf.gz	0.738694 seconds
Concatenating /scratch/rohlfslab/abierly2/LongTR/longTR_pipeline_NA18567/NA18567.chr16.vcf.gz	0.771273 seconds
Concatenating /scratch/rohlfslab/abierly2/LongTR/longTR_pipeline_NA18567/NA18567.chr17.vcf.gz	0.806221 seconds
Concatenating /scratch/rohlfslab/abierly2/LongTR/longTR_pipeline_NA18567/NA18567.chr18.vcf.gz	0.590806 seconds
Concatenating /scratch/rohlfslab/abierly2/LongTR/longTR_pipeline_NA18567/NA18567.chr19.vcf.gz	0.679325 seconds
Concatenating /scratch/rohlfslab/abierly2/LongTR/longTR_pipeline_NA18567/NA18567.chr1.vcf.gz	2.163562 seconds
Concatenating /scratch/rohlfslab/abierly2/LongTR/longTR_pipeline_NA18567/NA18567.chr20.vcf.gz	0.513468 seconds
Concatenating /scratch/rohlfslab/abierly2/LongTR/longTR_pipeline_NA18567/NA18567.chr21.vcf.gz	0.286376 seconds
Concatenating /scratch/rohlfslab/abierly2/LongTR/longTR_pipeline_NA18567/NA18567.chr22.vcf.gz	0.356015 seconds
Concatenating /scratch/rohlfslab/abierly2/LongTR/longTR_pipeline_NA18567/NA18567.chr2.vcf.gz	2.113875 seconds
Concatenating /scratch/rohlfslab/abierly2/LongTR/longTR_pipeline_NA18567/NA18567.chr3.vcf.gz	1.676599 seconds
Concatenating /scratch/rohlfslab/abierly2/LongTR/longTR_pipeline_NA18567/NA18567.chr4.vcf.gz	1.579665 seconds
Concatenating /scratch/rohlfslab/abierly2/LongTR/longTR_pipeline_NA18567/NA18567.chr5.vcf.gz	1.516843 seconds
Concatenating /scratch/rohlfslab/abierly2/LongTR/longTR_pipeline_NA18567/NA18567.chr6.vcf.gz	1.488232 seconds
Concatenating /scratch/rohlfslab/abierly2/LongTR/longTR_pipeline_NA18567/NA18567.chr7.vcf.gz	1.414977 seconds
Concatenating /scratch/rohlfslab/abierly2/LongTR/longTR_pipeline_NA18567/NA18567.chr8.vcf.gz	1.211209 seconds
Concatenating /scratch/rohlfslab/abierly2/LongTR/longTR_pipeline_NA18567/NA18567.chr9.vcf.gz	1.034998 seconds
Concatenating /scratch/rohlfslab/abierly2/LongTR/longTR_pipeline_NA18567/NA18567.chrM.vcf.gz	0.000355 seconds
Concatenating /scratch/rohlfslab/abierly2/LongTR/longTR_pipeline_NA18567/NA18567.chrX.vcf.gz	1.256950 seconds
Concatenating /scratch/rohlfslab/abierly2/LongTR/longTR_pipeline_NA18567/NA18567.chrY.vcf.gz	0.000349 seconds
