Checking the headers and starting positions of 25 files
Concatenating /scratch/rohlfslab/abierly2/LongTR/longTR_pipeline_HG01982/HG01982.chr10.vcf.gz	1.189274 seconds
Concatenating /scratch/rohlfslab/abierly2/LongTR/longTR_pipeline_HG01982/HG01982.chr11.vcf.gz	1.135618 seconds
Concatenating /scratch/rohlfslab/abierly2/LongTR/longTR_pipeline_HG01982/HG01982.chr12.vcf.gz	1.204022 seconds
Concatenating /scratch/rohlfslab/abierly2/LongTR/longTR_pipeline_HG01982/HG01982.chr13.vcf.gz	0.833793 seconds
Concatenating /scratch/rohlfslab/abierly2/LongTR/longTR_pipeline_HG01982/HG01982.chr14.vcf.gz	0.785488 seconds
Concatenating /scratch/rohlfslab/abierly2/LongTR/longTR_pipeline_HG01982/HG01982.chr15.vcf.gz	0.737354 seconds
Concatenating /scratch/rohlfslab/abierly2/LongTR/longTR_pipeline_HG01982/HG01982.chr16.vcf.gz	0.770112 seconds
Concatenating /scratch/rohlfslab/abierly2/LongTR/longTR_pipeline_HG01982/HG01982.chr17.vcf.gz	0.796395 seconds
Concatenating /scratch/rohlfslab/abierly2/LongTR/longTR_pipeline_HG01982/HG01982.chr18.vcf.gz	0.598746 seconds
Concatenating /scratch/rohlfslab/abierly2/LongTR/longTR_pipeline_HG01982/HG01982.chr19.vcf.gz	0.670288 seconds
Concatenating /scratch/rohlfslab/abierly2/LongTR/longTR_pipeline_HG01982/HG01982.chr1.vcf.gz	2.123222 seconds
Concatenating /scratch/rohlfslab/abierly2/LongTR/longTR_pipeline_HG01982/HG01982.chr20.vcf.gz	0.501779 seconds
Concatenating /scratch/rohlfslab/abierly2/LongTR/longTR_pipeline_HG01982/HG01982.chr21.vcf.gz	0.289268 seconds
Concatenating /scratch/rohlfslab/abierly2/LongTR/longTR_pipeline_HG01982/HG01982.chr22.vcf.gz	0.353080 seconds
Concatenating /scratch/rohlfslab/abierly2/LongTR/longTR_pipeline_HG01982/HG01982.chr2.vcf.gz	2.117613 seconds
Concatenating /scratch/rohlfslab/abierly2/LongTR/longTR_pipeline_HG01982/HG01982.chr3.vcf.gz	1.694479 seconds
Concatenating /scratch/rohlfslab/abierly2/LongTR/longTR_pipeline_HG01982/HG01982.chr4.vcf.gz	1.615574 seconds
Concatenating /scratch/rohlfslab/abierly2/LongTR/longTR_pipeline_HG01982/HG01982.chr5.vcf.gz	1.540655 seconds
Concatenating /scratch/rohlfslab/abierly2/LongTR/longTR_pipeline_HG01982/HG01982.chr6.vcf.gz	1.480002 seconds
Concatenating /scratch/rohlfslab/abierly2/LongTR/longTR_pipeline_HG01982/HG01982.chr7.vcf.gz	1.429370 seconds
Concatenating /scratch/rohlfslab/abierly2/LongTR/longTR_pipeline_HG01982/HG01982.chr8.vcf.gz	1.229527 seconds
Concatenating /scratch/rohlfslab/abierly2/LongTR/longTR_pipeline_HG01982/HG01982.chr9.vcf.gz	1.056045 seconds
Concatenating /scratch/rohlfslab/abierly2/LongTR/longTR_pipeline_HG01982/HG01982.chrM.vcf.gz	0.000402 seconds
Concatenating /scratch/rohlfslab/abierly2/LongTR/longTR_pipeline_HG01982/HG01982.chrX.vcf.gz	0.527885 seconds
Concatenating /scratch/rohlfslab/abierly2/LongTR/longTR_pipeline_HG01982/HG01982.chrY.vcf.gz	0.027120 seconds
