Checking the headers and starting positions of 25 files
Concatenating /scratch/rohlfslab/abierly2/LongTR/longTR_pipeline_HG01054/HG01054.chr10.vcf.gz	1.236419 seconds
Concatenating /scratch/rohlfslab/abierly2/LongTR/longTR_pipeline_HG01054/HG01054.chr11.vcf.gz	1.186213 seconds
Concatenating /scratch/rohlfslab/abierly2/LongTR/longTR_pipeline_HG01054/HG01054.chr12.vcf.gz	1.257244 seconds
Concatenating /scratch/rohlfslab/abierly2/LongTR/longTR_pipeline_HG01054/HG01054.chr13.vcf.gz	0.862991 seconds
Concatenating /scratch/rohlfslab/abierly2/LongTR/longTR_pipeline_HG01054/HG01054.chr14.vcf.gz	0.819159 seconds
Concatenating /scratch/rohlfslab/abierly2/LongTR/longTR_pipeline_HG01054/HG01054.chr15.vcf.gz	0.761676 seconds
Concatenating /scratch/rohlfslab/abierly2/LongTR/longTR_pipeline_HG01054/HG01054.chr16.vcf.gz	0.803985 seconds
Concatenating /scratch/rohlfslab/abierly2/LongTR/longTR_pipeline_HG01054/HG01054.chr17.vcf.gz	0.824327 seconds
Concatenating /scratch/rohlfslab/abierly2/LongTR/longTR_pipeline_HG01054/HG01054.chr18.vcf.gz	0.615336 seconds
Concatenating /scratch/rohlfslab/abierly2/LongTR/longTR_pipeline_HG01054/HG01054.chr19.vcf.gz	0.690147 seconds
Concatenating /scratch/rohlfslab/abierly2/LongTR/longTR_pipeline_HG01054/HG01054.chr1.vcf.gz	2.184044 seconds
Concatenating /scratch/rohlfslab/abierly2/LongTR/longTR_pipeline_HG01054/HG01054.chr20.vcf.gz	0.514019 seconds
Concatenating /scratch/rohlfslab/abierly2/LongTR/longTR_pipeline_HG01054/HG01054.chr21.vcf.gz	0.298055 seconds
Concatenating /scratch/rohlfslab/abierly2/LongTR/longTR_pipeline_HG01054/HG01054.chr22.vcf.gz	0.360499 seconds
Concatenating /scratch/rohlfslab/abierly2/LongTR/longTR_pipeline_HG01054/HG01054.chr2.vcf.gz	2.187318 seconds
Concatenating /scratch/rohlfslab/abierly2/LongTR/longTR_pipeline_HG01054/HG01054.chr3.vcf.gz	1.747161 seconds
Concatenating /scratch/rohlfslab/abierly2/LongTR/longTR_pipeline_HG01054/HG01054.chr4.vcf.gz	1.674832 seconds
Concatenating /scratch/rohlfslab/abierly2/LongTR/longTR_pipeline_HG01054/HG01054.chr5.vcf.gz	1.576421 seconds
Concatenating /scratch/rohlfslab/abierly2/LongTR/longTR_pipeline_HG01054/HG01054.chr6.vcf.gz	1.528238 seconds
Concatenating /scratch/rohlfslab/abierly2/LongTR/longTR_pipeline_HG01054/HG01054.chr7.vcf.gz	1.479689 seconds
Concatenating /scratch/rohlfslab/abierly2/LongTR/longTR_pipeline_HG01054/HG01054.chr8.vcf.gz	1.270430 seconds
Concatenating /scratch/rohlfslab/abierly2/LongTR/longTR_pipeline_HG01054/HG01054.chr9.vcf.gz	1.078021 seconds
Concatenating /scratch/rohlfslab/abierly2/LongTR/longTR_pipeline_HG01054/HG01054.chrM.vcf.gz	0.000304 seconds
Concatenating /scratch/rohlfslab/abierly2/LongTR/longTR_pipeline_HG01054/HG01054.chrX.vcf.gz	0.767809 seconds
Concatenating /scratch/rohlfslab/abierly2/LongTR/longTR_pipeline_HG01054/HG01054.chrY.vcf.gz	0.041503 seconds
