Checking the headers and starting positions of 25 files
Concatenating /scratch/rohlfslab/abierly2/LongTR/longTR_pipeline_HG04198/HG04198.chr10.vcf.gz	1.213356 seconds
Concatenating /scratch/rohlfslab/abierly2/LongTR/longTR_pipeline_HG04198/HG04198.chr11.vcf.gz	1.152861 seconds
Concatenating /scratch/rohlfslab/abierly2/LongTR/longTR_pipeline_HG04198/HG04198.chr12.vcf.gz	1.240150 seconds
Concatenating /scratch/rohlfslab/abierly2/LongTR/longTR_pipeline_HG04198/HG04198.chr13.vcf.gz	0.841170 seconds
Concatenating /scratch/rohlfslab/abierly2/LongTR/longTR_pipeline_HG04198/HG04198.chr14.vcf.gz	0.808200 seconds
Concatenating /scratch/rohlfslab/abierly2/LongTR/longTR_pipeline_HG04198/HG04198.chr15.vcf.gz	0.751551 seconds
Concatenating /scratch/rohlfslab/abierly2/LongTR/longTR_pipeline_HG04198/HG04198.chr16.vcf.gz	0.788096 seconds
Concatenating /scratch/rohlfslab/abierly2/LongTR/longTR_pipeline_HG04198/HG04198.chr17.vcf.gz	0.813794 seconds
Concatenating /scratch/rohlfslab/abierly2/LongTR/longTR_pipeline_HG04198/HG04198.chr18.vcf.gz	0.611177 seconds
Concatenating /scratch/rohlfslab/abierly2/LongTR/longTR_pipeline_HG04198/HG04198.chr19.vcf.gz	0.676479 seconds
Concatenating /scratch/rohlfslab/abierly2/LongTR/longTR_pipeline_HG04198/HG04198.chr1.vcf.gz	2.154061 seconds
Concatenating /scratch/rohlfslab/abierly2/LongTR/longTR_pipeline_HG04198/HG04198.chr20.vcf.gz	0.507645 seconds
Concatenating /scratch/rohlfslab/abierly2/LongTR/longTR_pipeline_HG04198/HG04198.chr21.vcf.gz	0.295649 seconds
Concatenating /scratch/rohlfslab/abierly2/LongTR/longTR_pipeline_HG04198/HG04198.chr22.vcf.gz	0.359081 seconds
Concatenating /scratch/rohlfslab/abierly2/LongTR/longTR_pipeline_HG04198/HG04198.chr2.vcf.gz	2.154222 seconds
Concatenating /scratch/rohlfslab/abierly2/LongTR/longTR_pipeline_HG04198/HG04198.chr3.vcf.gz	1.718606 seconds
Concatenating /scratch/rohlfslab/abierly2/LongTR/longTR_pipeline_HG04198/HG04198.chr4.vcf.gz	1.641830 seconds
Concatenating /scratch/rohlfslab/abierly2/LongTR/longTR_pipeline_HG04198/HG04198.chr5.vcf.gz	1.557864 seconds
Concatenating /scratch/rohlfslab/abierly2/LongTR/longTR_pipeline_HG04198/HG04198.chr6.vcf.gz	1.501691 seconds
Concatenating /scratch/rohlfslab/abierly2/LongTR/longTR_pipeline_HG04198/HG04198.chr7.vcf.gz	1.447776 seconds
Concatenating /scratch/rohlfslab/abierly2/LongTR/longTR_pipeline_HG04198/HG04198.chr8.vcf.gz	1.252216 seconds
Concatenating /scratch/rohlfslab/abierly2/LongTR/longTR_pipeline_HG04198/HG04198.chr9.vcf.gz	1.063700 seconds
Concatenating /scratch/rohlfslab/abierly2/LongTR/longTR_pipeline_HG04198/HG04198.chrM.vcf.gz	0.000529 seconds
Concatenating /scratch/rohlfslab/abierly2/LongTR/longTR_pipeline_HG04198/HG04198.chrX.vcf.gz	0.775836 seconds
Concatenating /scratch/rohlfslab/abierly2/LongTR/longTR_pipeline_HG04198/HG04198.chrY.vcf.gz	0.039446 seconds
