Checking the headers and starting positions of 25 files
Concatenating /scratch/rohlfslab/abierly2/LongTR/longTR_pipeline_HG00584/HG00584.chr10.vcf.gz	1.209535 seconds
Concatenating /scratch/rohlfslab/abierly2/LongTR/longTR_pipeline_HG00584/HG00584.chr11.vcf.gz	1.153125 seconds
Concatenating /scratch/rohlfslab/abierly2/LongTR/longTR_pipeline_HG00584/HG00584.chr12.vcf.gz	1.225604 seconds
Concatenating /scratch/rohlfslab/abierly2/LongTR/longTR_pipeline_HG00584/HG00584.chr13.vcf.gz	0.853079 seconds
Concatenating /scratch/rohlfslab/abierly2/LongTR/longTR_pipeline_HG00584/HG00584.chr14.vcf.gz	0.806900 seconds
Concatenating /scratch/rohlfslab/abierly2/LongTR/longTR_pipeline_HG00584/HG00584.chr15.vcf.gz	0.749744 seconds
Concatenating /scratch/rohlfslab/abierly2/LongTR/longTR_pipeline_HG00584/HG00584.chr16.vcf.gz	0.776409 seconds
Concatenating /scratch/rohlfslab/abierly2/LongTR/longTR_pipeline_HG00584/HG00584.chr17.vcf.gz	0.823149 seconds
Concatenating /scratch/rohlfslab/abierly2/LongTR/longTR_pipeline_HG00584/HG00584.chr18.vcf.gz	0.614645 seconds
Concatenating /scratch/rohlfslab/abierly2/LongTR/longTR_pipeline_HG00584/HG00584.chr19.vcf.gz	0.665597 seconds
Concatenating /scratch/rohlfslab/abierly2/LongTR/longTR_pipeline_HG00584/HG00584.chr1.vcf.gz	2.166711 seconds
Concatenating /scratch/rohlfslab/abierly2/LongTR/longTR_pipeline_HG00584/HG00584.chr20.vcf.gz	0.535034 seconds
Concatenating /scratch/rohlfslab/abierly2/LongTR/longTR_pipeline_HG00584/HG00584.chr21.vcf.gz	0.293945 seconds
Concatenating /scratch/rohlfslab/abierly2/LongTR/longTR_pipeline_HG00584/HG00584.chr22.vcf.gz	0.354477 seconds
Concatenating /scratch/rohlfslab/abierly2/LongTR/longTR_pipeline_HG00584/HG00584.chr2.vcf.gz	2.180944 seconds
Concatenating /scratch/rohlfslab/abierly2/LongTR/longTR_pipeline_HG00584/HG00584.chr3.vcf.gz	1.750628 seconds
Concatenating /scratch/rohlfslab/abierly2/LongTR/longTR_pipeline_HG00584/HG00584.chr4.vcf.gz	1.657766 seconds
Concatenating /scratch/rohlfslab/abierly2/LongTR/longTR_pipeline_HG00584/HG00584.chr5.vcf.gz	1.565326 seconds
Concatenating /scratch/rohlfslab/abierly2/LongTR/longTR_pipeline_HG00584/HG00584.chr6.vcf.gz	1.512212 seconds
Concatenating /scratch/rohlfslab/abierly2/LongTR/longTR_pipeline_HG00584/HG00584.chr7.vcf.gz	1.445323 seconds
Concatenating /scratch/rohlfslab/abierly2/LongTR/longTR_pipeline_HG00584/HG00584.chr8.vcf.gz	1.256986 seconds
Concatenating /scratch/rohlfslab/abierly2/LongTR/longTR_pipeline_HG00584/HG00584.chr9.vcf.gz	1.063373 seconds
Concatenating /scratch/rohlfslab/abierly2/LongTR/longTR_pipeline_HG00584/HG00584.chrM.vcf.gz	0.000325 seconds
Concatenating /scratch/rohlfslab/abierly2/LongTR/longTR_pipeline_HG00584/HG00584.chrX.vcf.gz	1.290377 seconds
Concatenating /scratch/rohlfslab/abierly2/LongTR/longTR_pipeline_HG00584/HG00584.chrY.vcf.gz	0.000309 seconds
