Checking the headers and starting positions of 25 files
Concatenating /scratch/rohlfslab/abierly2/LongTR/longTR_pipeline_HG03821/HG03821.chr10.vcf.gz	1.265703 seconds
Concatenating /scratch/rohlfslab/abierly2/LongTR/longTR_pipeline_HG03821/HG03821.chr11.vcf.gz	1.190453 seconds
Concatenating /scratch/rohlfslab/abierly2/LongTR/longTR_pipeline_HG03821/HG03821.chr12.vcf.gz	1.253646 seconds
Concatenating /scratch/rohlfslab/abierly2/LongTR/longTR_pipeline_HG03821/HG03821.chr13.vcf.gz	0.868371 seconds
Concatenating /scratch/rohlfslab/abierly2/LongTR/longTR_pipeline_HG03821/HG03821.chr14.vcf.gz	0.816081 seconds
Concatenating /scratch/rohlfslab/abierly2/LongTR/longTR_pipeline_HG03821/HG03821.chr15.vcf.gz	0.767885 seconds
Concatenating /scratch/rohlfslab/abierly2/LongTR/longTR_pipeline_HG03821/HG03821.chr16.vcf.gz	0.798372 seconds
Concatenating /scratch/rohlfslab/abierly2/LongTR/longTR_pipeline_HG03821/HG03821.chr17.vcf.gz	0.831403 seconds
Concatenating /scratch/rohlfslab/abierly2/LongTR/longTR_pipeline_HG03821/HG03821.chr18.vcf.gz	0.625497 seconds
Concatenating /scratch/rohlfslab/abierly2/LongTR/longTR_pipeline_HG03821/HG03821.chr19.vcf.gz	0.686947 seconds
Concatenating /scratch/rohlfslab/abierly2/LongTR/longTR_pipeline_HG03821/HG03821.chr1.vcf.gz	2.211159 seconds
Concatenating /scratch/rohlfslab/abierly2/LongTR/longTR_pipeline_HG03821/HG03821.chr20.vcf.gz	0.521253 seconds
Concatenating /scratch/rohlfslab/abierly2/LongTR/longTR_pipeline_HG03821/HG03821.chr21.vcf.gz	0.302621 seconds
Concatenating /scratch/rohlfslab/abierly2/LongTR/longTR_pipeline_HG03821/HG03821.chr22.vcf.gz	0.360349 seconds
Concatenating /scratch/rohlfslab/abierly2/LongTR/longTR_pipeline_HG03821/HG03821.chr2.vcf.gz	2.214323 seconds
Concatenating /scratch/rohlfslab/abierly2/LongTR/longTR_pipeline_HG03821/HG03821.chr3.vcf.gz	1.768528 seconds
Concatenating /scratch/rohlfslab/abierly2/LongTR/longTR_pipeline_HG03821/HG03821.chr4.vcf.gz	1.691434 seconds
Concatenating /scratch/rohlfslab/abierly2/LongTR/longTR_pipeline_HG03821/HG03821.chr5.vcf.gz	1.600287 seconds
Concatenating /scratch/rohlfslab/abierly2/LongTR/longTR_pipeline_HG03821/HG03821.chr6.vcf.gz	1.541460 seconds
Concatenating /scratch/rohlfslab/abierly2/LongTR/longTR_pipeline_HG03821/HG03821.chr7.vcf.gz	1.482059 seconds
Concatenating /scratch/rohlfslab/abierly2/LongTR/longTR_pipeline_HG03821/HG03821.chr8.vcf.gz	1.310803 seconds
Concatenating /scratch/rohlfslab/abierly2/LongTR/longTR_pipeline_HG03821/HG03821.chr9.vcf.gz	1.114621 seconds
Concatenating /scratch/rohlfslab/abierly2/LongTR/longTR_pipeline_HG03821/HG03821.chrM.vcf.gz	0.000329 seconds
Concatenating /scratch/rohlfslab/abierly2/LongTR/longTR_pipeline_HG03821/HG03821.chrX.vcf.gz	0.763381 seconds
Concatenating /scratch/rohlfslab/abierly2/LongTR/longTR_pipeline_HG03821/HG03821.chrY.vcf.gz	0.042510 seconds
