Checking the headers and starting positions of 25 files
Concatenating /scratch/rohlfslab/abierly2/LongTR/longTR_pipeline_HG01776/HG01776.chr10.vcf.gz	1.264295 seconds
Concatenating /scratch/rohlfslab/abierly2/LongTR/longTR_pipeline_HG01776/HG01776.chr11.vcf.gz	1.208050 seconds
Concatenating /scratch/rohlfslab/abierly2/LongTR/longTR_pipeline_HG01776/HG01776.chr12.vcf.gz	1.278468 seconds
Concatenating /scratch/rohlfslab/abierly2/LongTR/longTR_pipeline_HG01776/HG01776.chr13.vcf.gz	0.884518 seconds
Concatenating /scratch/rohlfslab/abierly2/LongTR/longTR_pipeline_HG01776/HG01776.chr14.vcf.gz	0.841150 seconds
Concatenating /scratch/rohlfslab/abierly2/LongTR/longTR_pipeline_HG01776/HG01776.chr15.vcf.gz	0.787458 seconds
Concatenating /scratch/rohlfslab/abierly2/LongTR/longTR_pipeline_HG01776/HG01776.chr16.vcf.gz	0.828139 seconds
Concatenating /scratch/rohlfslab/abierly2/LongTR/longTR_pipeline_HG01776/HG01776.chr17.vcf.gz	0.890967 seconds
Concatenating /scratch/rohlfslab/abierly2/LongTR/longTR_pipeline_HG01776/HG01776.chr18.vcf.gz	0.640327 seconds
Concatenating /scratch/rohlfslab/abierly2/LongTR/longTR_pipeline_HG01776/HG01776.chr19.vcf.gz	0.719792 seconds
Concatenating /scratch/rohlfslab/abierly2/LongTR/longTR_pipeline_HG01776/HG01776.chr1.vcf.gz	2.275548 seconds
Concatenating /scratch/rohlfslab/abierly2/LongTR/longTR_pipeline_HG01776/HG01776.chr20.vcf.gz	0.532531 seconds
Concatenating /scratch/rohlfslab/abierly2/LongTR/longTR_pipeline_HG01776/HG01776.chr21.vcf.gz	0.307892 seconds
Concatenating /scratch/rohlfslab/abierly2/LongTR/longTR_pipeline_HG01776/HG01776.chr22.vcf.gz	0.374405 seconds
Concatenating /scratch/rohlfslab/abierly2/LongTR/longTR_pipeline_HG01776/HG01776.chr2.vcf.gz	2.259605 seconds
Concatenating /scratch/rohlfslab/abierly2/LongTR/longTR_pipeline_HG01776/HG01776.chr3.vcf.gz	1.818366 seconds
Concatenating /scratch/rohlfslab/abierly2/LongTR/longTR_pipeline_HG01776/HG01776.chr4.vcf.gz	1.729142 seconds
Concatenating /scratch/rohlfslab/abierly2/LongTR/longTR_pipeline_HG01776/HG01776.chr5.vcf.gz	1.636832 seconds
Concatenating /scratch/rohlfslab/abierly2/LongTR/longTR_pipeline_HG01776/HG01776.chr6.vcf.gz	1.573275 seconds
Concatenating /scratch/rohlfslab/abierly2/LongTR/longTR_pipeline_HG01776/HG01776.chr7.vcf.gz	1.516884 seconds
Concatenating /scratch/rohlfslab/abierly2/LongTR/longTR_pipeline_HG01776/HG01776.chr8.vcf.gz	1.311345 seconds
Concatenating /scratch/rohlfslab/abierly2/LongTR/longTR_pipeline_HG01776/HG01776.chr9.vcf.gz	1.111385 seconds
Concatenating /scratch/rohlfslab/abierly2/LongTR/longTR_pipeline_HG01776/HG01776.chrM.vcf.gz	0.000375 seconds
Concatenating /scratch/rohlfslab/abierly2/LongTR/longTR_pipeline_HG01776/HG01776.chrX.vcf.gz	1.369196 seconds
Concatenating /scratch/rohlfslab/abierly2/LongTR/longTR_pipeline_HG01776/HG01776.chrY.vcf.gz	0.000359 seconds
