Checking the headers and starting positions of 25 files
Concatenating /scratch/rohlfslab/abierly2/LongTR/longTR_pipeline_HG00608/HG00608.chr10.vcf.gz	0.826600 seconds
Concatenating /scratch/rohlfslab/abierly2/LongTR/longTR_pipeline_HG00608/HG00608.chr11.vcf.gz	0.793382 seconds
Concatenating /scratch/rohlfslab/abierly2/LongTR/longTR_pipeline_HG00608/HG00608.chr12.vcf.gz	0.844279 seconds
Concatenating /scratch/rohlfslab/abierly2/LongTR/longTR_pipeline_HG00608/HG00608.chr13.vcf.gz	0.542624 seconds
Concatenating /scratch/rohlfslab/abierly2/LongTR/longTR_pipeline_HG00608/HG00608.chr14.vcf.gz	0.545757 seconds
Concatenating /scratch/rohlfslab/abierly2/LongTR/longTR_pipeline_HG00608/HG00608.chr15.vcf.gz	0.528271 seconds
Concatenating /scratch/rohlfslab/abierly2/LongTR/longTR_pipeline_HG00608/HG00608.chr16.vcf.gz	0.548064 seconds
Concatenating /scratch/rohlfslab/abierly2/LongTR/longTR_pipeline_HG00608/HG00608.chr17.vcf.gz	0.609730 seconds
Concatenating /scratch/rohlfslab/abierly2/LongTR/longTR_pipeline_HG00608/HG00608.chr18.vcf.gz	0.402614 seconds
Concatenating /scratch/rohlfslab/abierly2/LongTR/longTR_pipeline_HG00608/HG00608.chr19.vcf.gz	0.534866 seconds
Concatenating /scratch/rohlfslab/abierly2/LongTR/longTR_pipeline_HG00608/HG00608.chr1.vcf.gz	1.489950 seconds
Concatenating /scratch/rohlfslab/abierly2/LongTR/longTR_pipeline_HG00608/HG00608.chr20.vcf.gz	0.356006 seconds
Concatenating /scratch/rohlfslab/abierly2/LongTR/longTR_pipeline_HG00608/HG00608.chr21.vcf.gz	0.200733 seconds
Concatenating /scratch/rohlfslab/abierly2/LongTR/longTR_pipeline_HG00608/HG00608.chr22.vcf.gz	0.261666 seconds
Concatenating /scratch/rohlfslab/abierly2/LongTR/longTR_pipeline_HG00608/HG00608.chr2.vcf.gz	1.451690 seconds
Concatenating /scratch/rohlfslab/abierly2/LongTR/longTR_pipeline_HG00608/HG00608.chr3.vcf.gz	1.155546 seconds
Concatenating /scratch/rohlfslab/abierly2/LongTR/longTR_pipeline_HG00608/HG00608.chr4.vcf.gz	1.062996 seconds
Concatenating /scratch/rohlfslab/abierly2/LongTR/longTR_pipeline_HG00608/HG00608.chr5.vcf.gz	1.041189 seconds
Concatenating /scratch/rohlfslab/abierly2/LongTR/longTR_pipeline_HG00608/HG00608.chr6.vcf.gz	1.032885 seconds
Concatenating /scratch/rohlfslab/abierly2/LongTR/longTR_pipeline_HG00608/HG00608.chr7.vcf.gz	0.996495 seconds
Concatenating /scratch/rohlfslab/abierly2/LongTR/longTR_pipeline_HG00608/HG00608.chr8.vcf.gz	0.826758 seconds
Concatenating /scratch/rohlfslab/abierly2/LongTR/longTR_pipeline_HG00608/HG00608.chr9.vcf.gz	0.730631 seconds
Concatenating /scratch/rohlfslab/abierly2/LongTR/longTR_pipeline_HG00608/HG00608.chrM.vcf.gz	0.000366 seconds
Concatenating /scratch/rohlfslab/abierly2/LongTR/longTR_pipeline_HG00608/HG00608.chrX.vcf.gz	0.844882 seconds
Concatenating /scratch/rohlfslab/abierly2/LongTR/longTR_pipeline_HG00608/HG00608.chrY.vcf.gz	0.000343 seconds
