Checking the headers and starting positions of 25 files
Concatenating /scratch/rohlfslab/abierly2/LongTR/longTR_pipeline_HG02138/HG02138.chr10.vcf.gz	1.058620 seconds
Concatenating /scratch/rohlfslab/abierly2/LongTR/longTR_pipeline_HG02138/HG02138.chr11.vcf.gz	1.014234 seconds
Concatenating /scratch/rohlfslab/abierly2/LongTR/longTR_pipeline_HG02138/HG02138.chr12.vcf.gz	1.086392 seconds
Concatenating /scratch/rohlfslab/abierly2/LongTR/longTR_pipeline_HG02138/HG02138.chr13.vcf.gz	0.730417 seconds
Concatenating /scratch/rohlfslab/abierly2/LongTR/longTR_pipeline_HG02138/HG02138.chr14.vcf.gz	0.703830 seconds
Concatenating /scratch/rohlfslab/abierly2/LongTR/longTR_pipeline_HG02138/HG02138.chr15.vcf.gz	0.662839 seconds
Concatenating /scratch/rohlfslab/abierly2/LongTR/longTR_pipeline_HG02138/HG02138.chr16.vcf.gz	0.681698 seconds
Concatenating /scratch/rohlfslab/abierly2/LongTR/longTR_pipeline_HG02138/HG02138.chr17.vcf.gz	0.726039 seconds
Concatenating /scratch/rohlfslab/abierly2/LongTR/longTR_pipeline_HG02138/HG02138.chr18.vcf.gz	0.531627 seconds
Concatenating /scratch/rohlfslab/abierly2/LongTR/longTR_pipeline_HG02138/HG02138.chr19.vcf.gz	0.600996 seconds
Concatenating /scratch/rohlfslab/abierly2/LongTR/longTR_pipeline_HG02138/HG02138.chr1.vcf.gz	1.894609 seconds
Concatenating /scratch/rohlfslab/abierly2/LongTR/longTR_pipeline_HG02138/HG02138.chr20.vcf.gz	0.447525 seconds
Concatenating /scratch/rohlfslab/abierly2/LongTR/longTR_pipeline_HG02138/HG02138.chr21.vcf.gz	0.256924 seconds
Concatenating /scratch/rohlfslab/abierly2/LongTR/longTR_pipeline_HG02138/HG02138.chr22.vcf.gz	0.305153 seconds
Concatenating /scratch/rohlfslab/abierly2/LongTR/longTR_pipeline_HG02138/HG02138.chr2.vcf.gz	1.891747 seconds
Concatenating /scratch/rohlfslab/abierly2/LongTR/longTR_pipeline_HG02138/HG02138.chr3.vcf.gz	1.519330 seconds
Concatenating /scratch/rohlfslab/abierly2/LongTR/longTR_pipeline_HG02138/HG02138.chr4.vcf.gz	1.434620 seconds
Concatenating /scratch/rohlfslab/abierly2/LongTR/longTR_pipeline_HG02138/HG02138.chr5.vcf.gz	1.367123 seconds
Concatenating /scratch/rohlfslab/abierly2/LongTR/longTR_pipeline_HG02138/HG02138.chr6.vcf.gz	1.321553 seconds
Concatenating /scratch/rohlfslab/abierly2/LongTR/longTR_pipeline_HG02138/HG02138.chr7.vcf.gz	1.263435 seconds
Concatenating /scratch/rohlfslab/abierly2/LongTR/longTR_pipeline_HG02138/HG02138.chr8.vcf.gz	1.090314 seconds
Concatenating /scratch/rohlfslab/abierly2/LongTR/longTR_pipeline_HG02138/HG02138.chr9.vcf.gz	0.922697 seconds
Concatenating /scratch/rohlfslab/abierly2/LongTR/longTR_pipeline_HG02138/HG02138.chrM.vcf.gz	0.000307 seconds
Concatenating /scratch/rohlfslab/abierly2/LongTR/longTR_pipeline_HG02138/HG02138.chrX.vcf.gz	0.274066 seconds
Concatenating /scratch/rohlfslab/abierly2/LongTR/longTR_pipeline_HG02138/HG02138.chrY.vcf.gz	0.011456 seconds
