Checking the headers and starting positions of 25 files
Concatenating /scratch/rohlfslab/abierly2/LongTR/longTR_pipeline_HG02597/HG02597.chr10.vcf.gz	1.003800 seconds
Concatenating /scratch/rohlfslab/abierly2/LongTR/longTR_pipeline_HG02597/HG02597.chr11.vcf.gz	0.949532 seconds
Concatenating /scratch/rohlfslab/abierly2/LongTR/longTR_pipeline_HG02597/HG02597.chr12.vcf.gz	1.003827 seconds
Concatenating /scratch/rohlfslab/abierly2/LongTR/longTR_pipeline_HG02597/HG02597.chr13.vcf.gz	0.712025 seconds
Concatenating /scratch/rohlfslab/abierly2/LongTR/longTR_pipeline_HG02597/HG02597.chr14.vcf.gz	0.657427 seconds
Concatenating /scratch/rohlfslab/abierly2/LongTR/longTR_pipeline_HG02597/HG02597.chr15.vcf.gz	0.615686 seconds
Concatenating /scratch/rohlfslab/abierly2/LongTR/longTR_pipeline_HG02597/HG02597.chr16.vcf.gz	0.613462 seconds
Concatenating /scratch/rohlfslab/abierly2/LongTR/longTR_pipeline_HG02597/HG02597.chr17.vcf.gz	0.644942 seconds
Concatenating /scratch/rohlfslab/abierly2/LongTR/longTR_pipeline_HG02597/HG02597.chr18.vcf.gz	0.504443 seconds
Concatenating /scratch/rohlfslab/abierly2/LongTR/longTR_pipeline_HG02597/HG02597.chr19.vcf.gz	0.507066 seconds
Concatenating /scratch/rohlfslab/abierly2/LongTR/longTR_pipeline_HG02597/HG02597.chr1.vcf.gz	1.783410 seconds
Concatenating /scratch/rohlfslab/abierly2/LongTR/longTR_pipeline_HG02597/HG02597.chr20.vcf.gz	0.413472 seconds
Concatenating /scratch/rohlfslab/abierly2/LongTR/longTR_pipeline_HG02597/HG02597.chr21.vcf.gz	0.239785 seconds
Concatenating /scratch/rohlfslab/abierly2/LongTR/longTR_pipeline_HG02597/HG02597.chr22.vcf.gz	0.272529 seconds
Concatenating /scratch/rohlfslab/abierly2/LongTR/longTR_pipeline_HG02597/HG02597.chr2.vcf.gz	1.778218 seconds
Concatenating /scratch/rohlfslab/abierly2/LongTR/longTR_pipeline_HG02597/HG02597.chr3.vcf.gz	1.453187 seconds
Concatenating /scratch/rohlfslab/abierly2/LongTR/longTR_pipeline_HG02597/HG02597.chr4.vcf.gz	1.376305 seconds
Concatenating /scratch/rohlfslab/abierly2/LongTR/longTR_pipeline_HG02597/HG02597.chr5.vcf.gz	1.295528 seconds
Concatenating /scratch/rohlfslab/abierly2/LongTR/longTR_pipeline_HG02597/HG02597.chr6.vcf.gz	1.296917 seconds
Concatenating /scratch/rohlfslab/abierly2/LongTR/longTR_pipeline_HG02597/HG02597.chr7.vcf.gz	1.174742 seconds
Concatenating /scratch/rohlfslab/abierly2/LongTR/longTR_pipeline_HG02597/HG02597.chr8.vcf.gz	1.028684 seconds
Concatenating /scratch/rohlfslab/abierly2/LongTR/longTR_pipeline_HG02597/HG02597.chr9.vcf.gz	0.873563 seconds
Concatenating /scratch/rohlfslab/abierly2/LongTR/longTR_pipeline_HG02597/HG02597.chrM.vcf.gz	0.000312 seconds
Concatenating /scratch/rohlfslab/abierly2/LongTR/longTR_pipeline_HG02597/HG02597.chrX.vcf.gz	0.198585 seconds
Concatenating /scratch/rohlfslab/abierly2/LongTR/longTR_pipeline_HG02597/HG02597.chrY.vcf.gz	0.010133 seconds
