Checking the headers and starting positions of 25 files
Concatenating /scratch/rohlfslab/abierly2/LongTR/longTR_pipeline_NA19003/NA19003.chr10.vcf.gz	0.767515 seconds
Concatenating /scratch/rohlfslab/abierly2/LongTR/longTR_pipeline_NA19003/NA19003.chr11.vcf.gz	0.724065 seconds
Concatenating /scratch/rohlfslab/abierly2/LongTR/longTR_pipeline_NA19003/NA19003.chr12.vcf.gz	0.811808 seconds
Concatenating /scratch/rohlfslab/abierly2/LongTR/longTR_pipeline_NA19003/NA19003.chr13.vcf.gz	0.497184 seconds
Concatenating /scratch/rohlfslab/abierly2/LongTR/longTR_pipeline_NA19003/NA19003.chr14.vcf.gz	0.504467 seconds
Concatenating /scratch/rohlfslab/abierly2/LongTR/longTR_pipeline_NA19003/NA19003.chr15.vcf.gz	0.498232 seconds
Concatenating /scratch/rohlfslab/abierly2/LongTR/longTR_pipeline_NA19003/NA19003.chr16.vcf.gz	0.502751 seconds
Concatenating /scratch/rohlfslab/abierly2/LongTR/longTR_pipeline_NA19003/NA19003.chr17.vcf.gz	0.560625 seconds
Concatenating /scratch/rohlfslab/abierly2/LongTR/longTR_pipeline_NA19003/NA19003.chr18.vcf.gz	0.362758 seconds
Concatenating /scratch/rohlfslab/abierly2/LongTR/longTR_pipeline_NA19003/NA19003.chr19.vcf.gz	0.471720 seconds
Concatenating /scratch/rohlfslab/abierly2/LongTR/longTR_pipeline_NA19003/NA19003.chr1.vcf.gz	1.414236 seconds
Concatenating /scratch/rohlfslab/abierly2/LongTR/longTR_pipeline_NA19003/NA19003.chr20.vcf.gz	0.325318 seconds
Concatenating /scratch/rohlfslab/abierly2/LongTR/longTR_pipeline_NA19003/NA19003.chr21.vcf.gz	0.185649 seconds
Concatenating /scratch/rohlfslab/abierly2/LongTR/longTR_pipeline_NA19003/NA19003.chr22.vcf.gz	0.242402 seconds
Concatenating /scratch/rohlfslab/abierly2/LongTR/longTR_pipeline_NA19003/NA19003.chr2.vcf.gz	1.349782 seconds
Concatenating /scratch/rohlfslab/abierly2/LongTR/longTR_pipeline_NA19003/NA19003.chr3.vcf.gz	1.093455 seconds
Concatenating /scratch/rohlfslab/abierly2/LongTR/longTR_pipeline_NA19003/NA19003.chr4.vcf.gz	0.980460 seconds
Concatenating /scratch/rohlfslab/abierly2/LongTR/longTR_pipeline_NA19003/NA19003.chr5.vcf.gz	0.963492 seconds
Concatenating /scratch/rohlfslab/abierly2/LongTR/longTR_pipeline_NA19003/NA19003.chr6.vcf.gz	0.951593 seconds
Concatenating /scratch/rohlfslab/abierly2/LongTR/longTR_pipeline_NA19003/NA19003.chr7.vcf.gz	0.912385 seconds
Concatenating /scratch/rohlfslab/abierly2/LongTR/longTR_pipeline_NA19003/NA19003.chr8.vcf.gz	0.766476 seconds
Concatenating /scratch/rohlfslab/abierly2/LongTR/longTR_pipeline_NA19003/NA19003.chr9.vcf.gz	0.673167 seconds
Concatenating /scratch/rohlfslab/abierly2/LongTR/longTR_pipeline_NA19003/NA19003.chrM.vcf.gz	0.000363 seconds
Concatenating /scratch/rohlfslab/abierly2/LongTR/longTR_pipeline_NA19003/NA19003.chrX.vcf.gz	0.710986 seconds
Concatenating /scratch/rohlfslab/abierly2/LongTR/longTR_pipeline_NA19003/NA19003.chrY.vcf.gz	0.000317 seconds
