Checking the headers and starting positions of 25 files
Concatenating /scratch/rohlfslab/abierly2/LongTR/longTR_pipeline_NA10857/NA10857.chr10.vcf.gz	0.713464 seconds
Concatenating /scratch/rohlfslab/abierly2/LongTR/longTR_pipeline_NA10857/NA10857.chr11.vcf.gz	0.687795 seconds
Concatenating /scratch/rohlfslab/abierly2/LongTR/longTR_pipeline_NA10857/NA10857.chr12.vcf.gz	0.727993 seconds
Concatenating /scratch/rohlfslab/abierly2/LongTR/longTR_pipeline_NA10857/NA10857.chr13.vcf.gz	0.481361 seconds
Concatenating /scratch/rohlfslab/abierly2/LongTR/longTR_pipeline_NA10857/NA10857.chr14.vcf.gz	0.468974 seconds
Concatenating /scratch/rohlfslab/abierly2/LongTR/longTR_pipeline_NA10857/NA10857.chr15.vcf.gz	0.442603 seconds
Concatenating /scratch/rohlfslab/abierly2/LongTR/longTR_pipeline_NA10857/NA10857.chr16.vcf.gz	0.460050 seconds
Concatenating /scratch/rohlfslab/abierly2/LongTR/longTR_pipeline_NA10857/NA10857.chr17.vcf.gz	0.477365 seconds
Concatenating /scratch/rohlfslab/abierly2/LongTR/longTR_pipeline_NA10857/NA10857.chr18.vcf.gz	0.346205 seconds
Concatenating /scratch/rohlfslab/abierly2/LongTR/longTR_pipeline_NA10857/NA10857.chr19.vcf.gz	0.396258 seconds
Concatenating /scratch/rohlfslab/abierly2/LongTR/longTR_pipeline_NA10857/NA10857.chr1.vcf.gz	1.279077 seconds
Concatenating /scratch/rohlfslab/abierly2/LongTR/longTR_pipeline_NA10857/NA10857.chr20.vcf.gz	0.303045 seconds
Concatenating /scratch/rohlfslab/abierly2/LongTR/longTR_pipeline_NA10857/NA10857.chr21.vcf.gz	0.167240 seconds
Concatenating /scratch/rohlfslab/abierly2/LongTR/longTR_pipeline_NA10857/NA10857.chr22.vcf.gz	0.210403 seconds
Concatenating /scratch/rohlfslab/abierly2/LongTR/longTR_pipeline_NA10857/NA10857.chr2.vcf.gz	1.287851 seconds
Concatenating /scratch/rohlfslab/abierly2/LongTR/longTR_pipeline_NA10857/NA10857.chr3.vcf.gz	1.003960 seconds
Concatenating /scratch/rohlfslab/abierly2/LongTR/longTR_pipeline_NA10857/NA10857.chr4.vcf.gz	0.942152 seconds
Concatenating /scratch/rohlfslab/abierly2/LongTR/longTR_pipeline_NA10857/NA10857.chr5.vcf.gz	0.891028 seconds
Concatenating /scratch/rohlfslab/abierly2/LongTR/longTR_pipeline_NA10857/NA10857.chr6.vcf.gz	0.882771 seconds
Concatenating /scratch/rohlfslab/abierly2/LongTR/longTR_pipeline_NA10857/NA10857.chr7.vcf.gz	0.829813 seconds
Concatenating /scratch/rohlfslab/abierly2/LongTR/longTR_pipeline_NA10857/NA10857.chr8.vcf.gz	0.725995 seconds
Concatenating /scratch/rohlfslab/abierly2/LongTR/longTR_pipeline_NA10857/NA10857.chr9.vcf.gz	0.623546 seconds
Concatenating /scratch/rohlfslab/abierly2/LongTR/longTR_pipeline_NA10857/NA10857.chrM.vcf.gz	0.000308 seconds
Concatenating /scratch/rohlfslab/abierly2/LongTR/longTR_pipeline_NA10857/NA10857.chrX.vcf.gz	0.078456 seconds
Concatenating /scratch/rohlfslab/abierly2/LongTR/longTR_pipeline_NA10857/NA10857.chrY.vcf.gz	0.002290 seconds
