Checking the headers and starting positions of 25 files
Concatenating /scratch/rohlfslab/abierly2/LongTR/longTR_pipeline_HG01257/HG01257.chr10.vcf.gz	1.164292 seconds
Concatenating /scratch/rohlfslab/abierly2/LongTR/longTR_pipeline_HG01257/HG01257.chr11.vcf.gz	1.091123 seconds
Concatenating /scratch/rohlfslab/abierly2/LongTR/longTR_pipeline_HG01257/HG01257.chr12.vcf.gz	1.177342 seconds
Concatenating /scratch/rohlfslab/abierly2/LongTR/longTR_pipeline_HG01257/HG01257.chr13.vcf.gz	0.803375 seconds
Concatenating /scratch/rohlfslab/abierly2/LongTR/longTR_pipeline_HG01257/HG01257.chr14.vcf.gz	0.758010 seconds
Concatenating /scratch/rohlfslab/abierly2/LongTR/longTR_pipeline_HG01257/HG01257.chr15.vcf.gz	0.707467 seconds
Concatenating /scratch/rohlfslab/abierly2/LongTR/longTR_pipeline_HG01257/HG01257.chr16.vcf.gz	0.742498 seconds
Concatenating /scratch/rohlfslab/abierly2/LongTR/longTR_pipeline_HG01257/HG01257.chr17.vcf.gz	0.763532 seconds
Concatenating /scratch/rohlfslab/abierly2/LongTR/longTR_pipeline_HG01257/HG01257.chr18.vcf.gz	0.580071 seconds
Concatenating /scratch/rohlfslab/abierly2/LongTR/longTR_pipeline_HG01257/HG01257.chr19.vcf.gz	0.632957 seconds
Concatenating /scratch/rohlfslab/abierly2/LongTR/longTR_pipeline_HG01257/HG01257.chr1.vcf.gz	2.045748 seconds
Concatenating /scratch/rohlfslab/abierly2/LongTR/longTR_pipeline_HG01257/HG01257.chr20.vcf.gz	0.482114 seconds
Concatenating /scratch/rohlfslab/abierly2/LongTR/longTR_pipeline_HG01257/HG01257.chr21.vcf.gz	0.279972 seconds
Concatenating /scratch/rohlfslab/abierly2/LongTR/longTR_pipeline_HG01257/HG01257.chr22.vcf.gz	0.338616 seconds
Concatenating /scratch/rohlfslab/abierly2/LongTR/longTR_pipeline_HG01257/HG01257.chr2.vcf.gz	2.065602 seconds
Concatenating /scratch/rohlfslab/abierly2/LongTR/longTR_pipeline_HG01257/HG01257.chr3.vcf.gz	1.638911 seconds
Concatenating /scratch/rohlfslab/abierly2/LongTR/longTR_pipeline_HG01257/HG01257.chr4.vcf.gz	1.568064 seconds
Concatenating /scratch/rohlfslab/abierly2/LongTR/longTR_pipeline_HG01257/HG01257.chr5.vcf.gz	1.483936 seconds
Concatenating /scratch/rohlfslab/abierly2/LongTR/longTR_pipeline_HG01257/HG01257.chr6.vcf.gz	1.435144 seconds
Concatenating /scratch/rohlfslab/abierly2/LongTR/longTR_pipeline_HG01257/HG01257.chr7.vcf.gz	1.376251 seconds
Concatenating /scratch/rohlfslab/abierly2/LongTR/longTR_pipeline_HG01257/HG01257.chr8.vcf.gz	1.187157 seconds
Concatenating /scratch/rohlfslab/abierly2/LongTR/longTR_pipeline_HG01257/HG01257.chr9.vcf.gz	1.016550 seconds
Concatenating /scratch/rohlfslab/abierly2/LongTR/longTR_pipeline_HG01257/HG01257.chrM.vcf.gz	0.000295 seconds
Concatenating /scratch/rohlfslab/abierly2/LongTR/longTR_pipeline_HG01257/HG01257.chrX.vcf.gz	1.216265 seconds
Concatenating /scratch/rohlfslab/abierly2/LongTR/longTR_pipeline_HG01257/HG01257.chrY.vcf.gz	0.000347 seconds
