Checking the headers and starting positions of 25 files
Concatenating /scratch/rohlfslab/abierly2/LongTR/longTR_pipeline_HG00607/HG00607.chr10.vcf.gz	1.227842 seconds
Concatenating /scratch/rohlfslab/abierly2/LongTR/longTR_pipeline_HG00607/HG00607.chr11.vcf.gz	1.162599 seconds
Concatenating /scratch/rohlfslab/abierly2/LongTR/longTR_pipeline_HG00607/HG00607.chr12.vcf.gz	1.228525 seconds
Concatenating /scratch/rohlfslab/abierly2/LongTR/longTR_pipeline_HG00607/HG00607.chr13.vcf.gz	0.854320 seconds
Concatenating /scratch/rohlfslab/abierly2/LongTR/longTR_pipeline_HG00607/HG00607.chr14.vcf.gz	0.803758 seconds
Concatenating /scratch/rohlfslab/abierly2/LongTR/longTR_pipeline_HG00607/HG00607.chr15.vcf.gz	0.752400 seconds
Concatenating /scratch/rohlfslab/abierly2/LongTR/longTR_pipeline_HG00607/HG00607.chr16.vcf.gz	0.789257 seconds
Concatenating /scratch/rohlfslab/abierly2/LongTR/longTR_pipeline_HG00607/HG00607.chr17.vcf.gz	0.820208 seconds
Concatenating /scratch/rohlfslab/abierly2/LongTR/longTR_pipeline_HG00607/HG00607.chr18.vcf.gz	0.615241 seconds
Concatenating /scratch/rohlfslab/abierly2/LongTR/longTR_pipeline_HG00607/HG00607.chr19.vcf.gz	0.680046 seconds
Concatenating /scratch/rohlfslab/abierly2/LongTR/longTR_pipeline_HG00607/HG00607.chr1.vcf.gz	2.169829 seconds
Concatenating /scratch/rohlfslab/abierly2/LongTR/longTR_pipeline_HG00607/HG00607.chr20.vcf.gz	0.511938 seconds
Concatenating /scratch/rohlfslab/abierly2/LongTR/longTR_pipeline_HG00607/HG00607.chr21.vcf.gz	0.297610 seconds
Concatenating /scratch/rohlfslab/abierly2/LongTR/longTR_pipeline_HG00607/HG00607.chr22.vcf.gz	0.358725 seconds
Concatenating /scratch/rohlfslab/abierly2/LongTR/longTR_pipeline_HG00607/HG00607.chr2.vcf.gz	2.168815 seconds
Concatenating /scratch/rohlfslab/abierly2/LongTR/longTR_pipeline_HG00607/HG00607.chr3.vcf.gz	1.730386 seconds
Concatenating /scratch/rohlfslab/abierly2/LongTR/longTR_pipeline_HG00607/HG00607.chr4.vcf.gz	1.652370 seconds
Concatenating /scratch/rohlfslab/abierly2/LongTR/longTR_pipeline_HG00607/HG00607.chr5.vcf.gz	1.592381 seconds
Concatenating /scratch/rohlfslab/abierly2/LongTR/longTR_pipeline_HG00607/HG00607.chr6.vcf.gz	1.512394 seconds
Concatenating /scratch/rohlfslab/abierly2/LongTR/longTR_pipeline_HG00607/HG00607.chr7.vcf.gz	1.453587 seconds
Concatenating /scratch/rohlfslab/abierly2/LongTR/longTR_pipeline_HG00607/HG00607.chr8.vcf.gz	1.260540 seconds
Concatenating /scratch/rohlfslab/abierly2/LongTR/longTR_pipeline_HG00607/HG00607.chr9.vcf.gz	1.066690 seconds
Concatenating /scratch/rohlfslab/abierly2/LongTR/longTR_pipeline_HG00607/HG00607.chrM.vcf.gz	0.000300 seconds
Concatenating /scratch/rohlfslab/abierly2/LongTR/longTR_pipeline_HG00607/HG00607.chrX.vcf.gz	0.735453 seconds
Concatenating /scratch/rohlfslab/abierly2/LongTR/longTR_pipeline_HG00607/HG00607.chrY.vcf.gz	0.038079 seconds
