Checking the headers and starting positions of 25 files
Concatenating /scratch/rohlfslab/abierly2/LongTR/longTR_pipeline_HG03761/HG03761.chr10.vcf.gz	1.049625 seconds
Concatenating /scratch/rohlfslab/abierly2/LongTR/longTR_pipeline_HG03761/HG03761.chr11.vcf.gz	1.006709 seconds
Concatenating /scratch/rohlfslab/abierly2/LongTR/longTR_pipeline_HG03761/HG03761.chr12.vcf.gz	1.063663 seconds
Concatenating /scratch/rohlfslab/abierly2/LongTR/longTR_pipeline_HG03761/HG03761.chr13.vcf.gz	0.731355 seconds
Concatenating /scratch/rohlfslab/abierly2/LongTR/longTR_pipeline_HG03761/HG03761.chr14.vcf.gz	0.702058 seconds
Concatenating /scratch/rohlfslab/abierly2/LongTR/longTR_pipeline_HG03761/HG03761.chr15.vcf.gz	0.651958 seconds
Concatenating /scratch/rohlfslab/abierly2/LongTR/longTR_pipeline_HG03761/HG03761.chr16.vcf.gz	0.661730 seconds
Concatenating /scratch/rohlfslab/abierly2/LongTR/longTR_pipeline_HG03761/HG03761.chr17.vcf.gz	0.694787 seconds
Concatenating /scratch/rohlfslab/abierly2/LongTR/longTR_pipeline_HG03761/HG03761.chr18.vcf.gz	0.527357 seconds
Concatenating /scratch/rohlfslab/abierly2/LongTR/longTR_pipeline_HG03761/HG03761.chr19.vcf.gz	0.544839 seconds
Concatenating /scratch/rohlfslab/abierly2/LongTR/longTR_pipeline_HG03761/HG03761.chr1.vcf.gz	1.860524 seconds
Concatenating /scratch/rohlfslab/abierly2/LongTR/longTR_pipeline_HG03761/HG03761.chr20.vcf.gz	0.440654 seconds
Concatenating /scratch/rohlfslab/abierly2/LongTR/longTR_pipeline_HG03761/HG03761.chr21.vcf.gz	0.258561 seconds
Concatenating /scratch/rohlfslab/abierly2/LongTR/longTR_pipeline_HG03761/HG03761.chr22.vcf.gz	0.299576 seconds
Concatenating /scratch/rohlfslab/abierly2/LongTR/longTR_pipeline_HG03761/HG03761.chr2.vcf.gz	1.903952 seconds
Concatenating /scratch/rohlfslab/abierly2/LongTR/longTR_pipeline_HG03761/HG03761.chr3.vcf.gz	1.516800 seconds
Concatenating /scratch/rohlfslab/abierly2/LongTR/longTR_pipeline_HG03761/HG03761.chr4.vcf.gz	1.446050 seconds
Concatenating /scratch/rohlfslab/abierly2/LongTR/longTR_pipeline_HG03761/HG03761.chr5.vcf.gz	1.359183 seconds
Concatenating /scratch/rohlfslab/abierly2/LongTR/longTR_pipeline_HG03761/HG03761.chr6.vcf.gz	1.327903 seconds
Concatenating /scratch/rohlfslab/abierly2/LongTR/longTR_pipeline_HG03761/HG03761.chr7.vcf.gz	1.250437 seconds
Concatenating /scratch/rohlfslab/abierly2/LongTR/longTR_pipeline_HG03761/HG03761.chr8.vcf.gz	1.104545 seconds
Concatenating /scratch/rohlfslab/abierly2/LongTR/longTR_pipeline_HG03761/HG03761.chr9.vcf.gz	0.921375 seconds
Concatenating /scratch/rohlfslab/abierly2/LongTR/longTR_pipeline_HG03761/HG03761.chrM.vcf.gz	0.000313 seconds
Concatenating /scratch/rohlfslab/abierly2/LongTR/longTR_pipeline_HG03761/HG03761.chrX.vcf.gz	0.254309 seconds
Concatenating /scratch/rohlfslab/abierly2/LongTR/longTR_pipeline_HG03761/HG03761.chrY.vcf.gz	0.014184 seconds
