Checking the headers and starting positions of 25 files
Concatenating /scratch/rohlfslab/abierly2/LongTR/longTR_pipeline_HG01134/HG01134.chr10.vcf.gz	1.218467 seconds
Concatenating /scratch/rohlfslab/abierly2/LongTR/longTR_pipeline_HG01134/HG01134.chr11.vcf.gz	1.162133 seconds
Concatenating /scratch/rohlfslab/abierly2/LongTR/longTR_pipeline_HG01134/HG01134.chr12.vcf.gz	1.239931 seconds
Concatenating /scratch/rohlfslab/abierly2/LongTR/longTR_pipeline_HG01134/HG01134.chr13.vcf.gz	0.845083 seconds
Concatenating /scratch/rohlfslab/abierly2/LongTR/longTR_pipeline_HG01134/HG01134.chr14.vcf.gz	0.806149 seconds
Concatenating /scratch/rohlfslab/abierly2/LongTR/longTR_pipeline_HG01134/HG01134.chr15.vcf.gz	0.757193 seconds
Concatenating /scratch/rohlfslab/abierly2/LongTR/longTR_pipeline_HG01134/HG01134.chr16.vcf.gz	0.789027 seconds
Concatenating /scratch/rohlfslab/abierly2/LongTR/longTR_pipeline_HG01134/HG01134.chr17.vcf.gz	0.826402 seconds
Concatenating /scratch/rohlfslab/abierly2/LongTR/longTR_pipeline_HG01134/HG01134.chr18.vcf.gz	0.613405 seconds
Concatenating /scratch/rohlfslab/abierly2/LongTR/longTR_pipeline_HG01134/HG01134.chr19.vcf.gz	0.683018 seconds
Concatenating /scratch/rohlfslab/abierly2/LongTR/longTR_pipeline_HG01134/HG01134.chr1.vcf.gz	2.173649 seconds
Concatenating /scratch/rohlfslab/abierly2/LongTR/longTR_pipeline_HG01134/HG01134.chr20.vcf.gz	0.509977 seconds
Concatenating /scratch/rohlfslab/abierly2/LongTR/longTR_pipeline_HG01134/HG01134.chr21.vcf.gz	0.293583 seconds
Concatenating /scratch/rohlfslab/abierly2/LongTR/longTR_pipeline_HG01134/HG01134.chr22.vcf.gz	0.361908 seconds
Concatenating /scratch/rohlfslab/abierly2/LongTR/longTR_pipeline_HG01134/HG01134.chr2.vcf.gz	2.177261 seconds
Concatenating /scratch/rohlfslab/abierly2/LongTR/longTR_pipeline_HG01134/HG01134.chr3.vcf.gz	1.760302 seconds
Concatenating /scratch/rohlfslab/abierly2/LongTR/longTR_pipeline_HG01134/HG01134.chr4.vcf.gz	1.674109 seconds
Concatenating /scratch/rohlfslab/abierly2/LongTR/longTR_pipeline_HG01134/HG01134.chr5.vcf.gz	1.575634 seconds
Concatenating /scratch/rohlfslab/abierly2/LongTR/longTR_pipeline_HG01134/HG01134.chr6.vcf.gz	1.524369 seconds
Concatenating /scratch/rohlfslab/abierly2/LongTR/longTR_pipeline_HG01134/HG01134.chr7.vcf.gz	1.452328 seconds
Concatenating /scratch/rohlfslab/abierly2/LongTR/longTR_pipeline_HG01134/HG01134.chr8.vcf.gz	1.266064 seconds
Concatenating /scratch/rohlfslab/abierly2/LongTR/longTR_pipeline_HG01134/HG01134.chr9.vcf.gz	1.071965 seconds
Concatenating /scratch/rohlfslab/abierly2/LongTR/longTR_pipeline_HG01134/HG01134.chrM.vcf.gz	0.000371 seconds
Concatenating /scratch/rohlfslab/abierly2/LongTR/longTR_pipeline_HG01134/HG01134.chrX.vcf.gz	1.301884 seconds
Concatenating /scratch/rohlfslab/abierly2/LongTR/longTR_pipeline_HG01134/HG01134.chrY.vcf.gz	0.000401 seconds
