Checking the headers and starting positions of 25 files
Concatenating /scratch/rohlfslab/abierly2/LongTR/longTR_pipeline_HG03645/HG03645.chr10.vcf.gz	1.209858 seconds
Concatenating /scratch/rohlfslab/abierly2/LongTR/longTR_pipeline_HG03645/HG03645.chr11.vcf.gz	1.151998 seconds
Concatenating /scratch/rohlfslab/abierly2/LongTR/longTR_pipeline_HG03645/HG03645.chr12.vcf.gz	1.223138 seconds
Concatenating /scratch/rohlfslab/abierly2/LongTR/longTR_pipeline_HG03645/HG03645.chr13.vcf.gz	0.841600 seconds
Concatenating /scratch/rohlfslab/abierly2/LongTR/longTR_pipeline_HG03645/HG03645.chr14.vcf.gz	0.797834 seconds
Concatenating /scratch/rohlfslab/abierly2/LongTR/longTR_pipeline_HG03645/HG03645.chr15.vcf.gz	0.751740 seconds
Concatenating /scratch/rohlfslab/abierly2/LongTR/longTR_pipeline_HG03645/HG03645.chr16.vcf.gz	0.786597 seconds
Concatenating /scratch/rohlfslab/abierly2/LongTR/longTR_pipeline_HG03645/HG03645.chr17.vcf.gz	0.816016 seconds
Concatenating /scratch/rohlfslab/abierly2/LongTR/longTR_pipeline_HG03645/HG03645.chr18.vcf.gz	0.604663 seconds
Concatenating /scratch/rohlfslab/abierly2/LongTR/longTR_pipeline_HG03645/HG03645.chr19.vcf.gz	0.673222 seconds
Concatenating /scratch/rohlfslab/abierly2/LongTR/longTR_pipeline_HG03645/HG03645.chr1.vcf.gz	2.168112 seconds
Concatenating /scratch/rohlfslab/abierly2/LongTR/longTR_pipeline_HG03645/HG03645.chr20.vcf.gz	0.518385 seconds
Concatenating /scratch/rohlfslab/abierly2/LongTR/longTR_pipeline_HG03645/HG03645.chr21.vcf.gz	0.294344 seconds
Concatenating /scratch/rohlfslab/abierly2/LongTR/longTR_pipeline_HG03645/HG03645.chr22.vcf.gz	0.359704 seconds
Concatenating /scratch/rohlfslab/abierly2/LongTR/longTR_pipeline_HG03645/HG03645.chr2.vcf.gz	2.150742 seconds
Concatenating /scratch/rohlfslab/abierly2/LongTR/longTR_pipeline_HG03645/HG03645.chr3.vcf.gz	1.770487 seconds
Concatenating /scratch/rohlfslab/abierly2/LongTR/longTR_pipeline_HG03645/HG03645.chr4.vcf.gz	1.636607 seconds
Concatenating /scratch/rohlfslab/abierly2/LongTR/longTR_pipeline_HG03645/HG03645.chr5.vcf.gz	1.555443 seconds
Concatenating /scratch/rohlfslab/abierly2/LongTR/longTR_pipeline_HG03645/HG03645.chr6.vcf.gz	1.501288 seconds
Concatenating /scratch/rohlfslab/abierly2/LongTR/longTR_pipeline_HG03645/HG03645.chr7.vcf.gz	1.455397 seconds
Concatenating /scratch/rohlfslab/abierly2/LongTR/longTR_pipeline_HG03645/HG03645.chr8.vcf.gz	1.251196 seconds
Concatenating /scratch/rohlfslab/abierly2/LongTR/longTR_pipeline_HG03645/HG03645.chr9.vcf.gz	1.060504 seconds
Concatenating /scratch/rohlfslab/abierly2/LongTR/longTR_pipeline_HG03645/HG03645.chrM.vcf.gz	0.000470 seconds
Concatenating /scratch/rohlfslab/abierly2/LongTR/longTR_pipeline_HG03645/HG03645.chrX.vcf.gz	1.287313 seconds
Concatenating /scratch/rohlfslab/abierly2/LongTR/longTR_pipeline_HG03645/HG03645.chrY.vcf.gz	0.000453 seconds
