Checking the headers and starting positions of 25 files
Concatenating /scratch/rohlfslab/abierly2/LongTR/longTR_pipeline_HG01284/HG01284.chr10.vcf.gz	1.233072 seconds
Concatenating /scratch/rohlfslab/abierly2/LongTR/longTR_pipeline_HG01284/HG01284.chr11.vcf.gz	1.176757 seconds
Concatenating /scratch/rohlfslab/abierly2/LongTR/longTR_pipeline_HG01284/HG01284.chr12.vcf.gz	1.242845 seconds
Concatenating /scratch/rohlfslab/abierly2/LongTR/longTR_pipeline_HG01284/HG01284.chr13.vcf.gz	0.860020 seconds
Concatenating /scratch/rohlfslab/abierly2/LongTR/longTR_pipeline_HG01284/HG01284.chr14.vcf.gz	0.814775 seconds
Concatenating /scratch/rohlfslab/abierly2/LongTR/longTR_pipeline_HG01284/HG01284.chr15.vcf.gz	0.759247 seconds
Concatenating /scratch/rohlfslab/abierly2/LongTR/longTR_pipeline_HG01284/HG01284.chr16.vcf.gz	0.796580 seconds
Concatenating /scratch/rohlfslab/abierly2/LongTR/longTR_pipeline_HG01284/HG01284.chr17.vcf.gz	0.825829 seconds
Concatenating /scratch/rohlfslab/abierly2/LongTR/longTR_pipeline_HG01284/HG01284.chr18.vcf.gz	0.621312 seconds
Concatenating /scratch/rohlfslab/abierly2/LongTR/longTR_pipeline_HG01284/HG01284.chr19.vcf.gz	0.677615 seconds
Concatenating /scratch/rohlfslab/abierly2/LongTR/longTR_pipeline_HG01284/HG01284.chr1.vcf.gz	2.189367 seconds
Concatenating /scratch/rohlfslab/abierly2/LongTR/longTR_pipeline_HG01284/HG01284.chr20.vcf.gz	0.513363 seconds
Concatenating /scratch/rohlfslab/abierly2/LongTR/longTR_pipeline_HG01284/HG01284.chr21.vcf.gz	0.305086 seconds
Concatenating /scratch/rohlfslab/abierly2/LongTR/longTR_pipeline_HG01284/HG01284.chr22.vcf.gz	0.364518 seconds
Concatenating /scratch/rohlfslab/abierly2/LongTR/longTR_pipeline_HG01284/HG01284.chr2.vcf.gz	2.232519 seconds
Concatenating /scratch/rohlfslab/abierly2/LongTR/longTR_pipeline_HG01284/HG01284.chr3.vcf.gz	1.792521 seconds
Concatenating /scratch/rohlfslab/abierly2/LongTR/longTR_pipeline_HG01284/HG01284.chr4.vcf.gz	1.691594 seconds
Concatenating /scratch/rohlfslab/abierly2/LongTR/longTR_pipeline_HG01284/HG01284.chr5.vcf.gz	1.584295 seconds
Concatenating /scratch/rohlfslab/abierly2/LongTR/longTR_pipeline_HG01284/HG01284.chr6.vcf.gz	1.526050 seconds
Concatenating /scratch/rohlfslab/abierly2/LongTR/longTR_pipeline_HG01284/HG01284.chr7.vcf.gz	1.465573 seconds
Concatenating /scratch/rohlfslab/abierly2/LongTR/longTR_pipeline_HG01284/HG01284.chr8.vcf.gz	1.273584 seconds
Concatenating /scratch/rohlfslab/abierly2/LongTR/longTR_pipeline_HG01284/HG01284.chr9.vcf.gz	1.078404 seconds
Concatenating /scratch/rohlfslab/abierly2/LongTR/longTR_pipeline_HG01284/HG01284.chrM.vcf.gz	0.000369 seconds
Concatenating /scratch/rohlfslab/abierly2/LongTR/longTR_pipeline_HG01284/HG01284.chrX.vcf.gz	1.326176 seconds
Concatenating /scratch/rohlfslab/abierly2/LongTR/longTR_pipeline_HG01284/HG01284.chrY.vcf.gz	0.000341 seconds
