Checking the headers and starting positions of 25 files
Concatenating /scratch/rohlfslab/abierly2/LongTR/longTR_pipeline_HG04177/HG04177.chr10.vcf.gz	1.103634 seconds
Concatenating /scratch/rohlfslab/abierly2/LongTR/longTR_pipeline_HG04177/HG04177.chr11.vcf.gz	1.055009 seconds
Concatenating /scratch/rohlfslab/abierly2/LongTR/longTR_pipeline_HG04177/HG04177.chr12.vcf.gz	1.121161 seconds
Concatenating /scratch/rohlfslab/abierly2/LongTR/longTR_pipeline_HG04177/HG04177.chr13.vcf.gz	0.741847 seconds
Concatenating /scratch/rohlfslab/abierly2/LongTR/longTR_pipeline_HG04177/HG04177.chr14.vcf.gz	0.724904 seconds
Concatenating /scratch/rohlfslab/abierly2/LongTR/longTR_pipeline_HG04177/HG04177.chr15.vcf.gz	0.689729 seconds
Concatenating /scratch/rohlfslab/abierly2/LongTR/longTR_pipeline_HG04177/HG04177.chr16.vcf.gz	0.710606 seconds
Concatenating /scratch/rohlfslab/abierly2/LongTR/longTR_pipeline_HG04177/HG04177.chr17.vcf.gz	0.765527 seconds
Concatenating /scratch/rohlfslab/abierly2/LongTR/longTR_pipeline_HG04177/HG04177.chr18.vcf.gz	0.550433 seconds
Concatenating /scratch/rohlfslab/abierly2/LongTR/longTR_pipeline_HG04177/HG04177.chr19.vcf.gz	0.644838 seconds
Concatenating /scratch/rohlfslab/abierly2/LongTR/longTR_pipeline_HG04177/HG04177.chr1.vcf.gz	1.993425 seconds
Concatenating /scratch/rohlfslab/abierly2/LongTR/longTR_pipeline_HG04177/HG04177.chr20.vcf.gz	0.466234 seconds
Concatenating /scratch/rohlfslab/abierly2/LongTR/longTR_pipeline_HG04177/HG04177.chr21.vcf.gz	0.269587 seconds
Concatenating /scratch/rohlfslab/abierly2/LongTR/longTR_pipeline_HG04177/HG04177.chr22.vcf.gz	0.331745 seconds
Concatenating /scratch/rohlfslab/abierly2/LongTR/longTR_pipeline_HG04177/HG04177.chr2.vcf.gz	1.960363 seconds
Concatenating /scratch/rohlfslab/abierly2/LongTR/longTR_pipeline_HG04177/HG04177.chr3.vcf.gz	1.583752 seconds
Concatenating /scratch/rohlfslab/abierly2/LongTR/longTR_pipeline_HG04177/HG04177.chr4.vcf.gz	1.458146 seconds
Concatenating /scratch/rohlfslab/abierly2/LongTR/longTR_pipeline_HG04177/HG04177.chr5.vcf.gz	1.411582 seconds
Concatenating /scratch/rohlfslab/abierly2/LongTR/longTR_pipeline_HG04177/HG04177.chr6.vcf.gz	1.369393 seconds
Concatenating /scratch/rohlfslab/abierly2/LongTR/longTR_pipeline_HG04177/HG04177.chr7.vcf.gz	1.317069 seconds
Concatenating /scratch/rohlfslab/abierly2/LongTR/longTR_pipeline_HG04177/HG04177.chr8.vcf.gz	1.126858 seconds
Concatenating /scratch/rohlfslab/abierly2/LongTR/longTR_pipeline_HG04177/HG04177.chr9.vcf.gz	0.970445 seconds
Concatenating /scratch/rohlfslab/abierly2/LongTR/longTR_pipeline_HG04177/HG04177.chrM.vcf.gz	0.000342 seconds
Concatenating /scratch/rohlfslab/abierly2/LongTR/longTR_pipeline_HG04177/HG04177.chrX.vcf.gz	1.160833 seconds
Concatenating /scratch/rohlfslab/abierly2/LongTR/longTR_pipeline_HG04177/HG04177.chrY.vcf.gz	0.000322 seconds
