Checking the headers and starting positions of 25 files
Concatenating /scratch/rohlfslab/abierly2/LongTR/longTR_pipeline_NA18953/NA18953.chr10.vcf.gz	1.000416 seconds
Concatenating /scratch/rohlfslab/abierly2/LongTR/longTR_pipeline_NA18953/NA18953.chr11.vcf.gz	0.967910 seconds
Concatenating /scratch/rohlfslab/abierly2/LongTR/longTR_pipeline_NA18953/NA18953.chr12.vcf.gz	1.010243 seconds
Concatenating /scratch/rohlfslab/abierly2/LongTR/longTR_pipeline_NA18953/NA18953.chr13.vcf.gz	0.671194 seconds
Concatenating /scratch/rohlfslab/abierly2/LongTR/longTR_pipeline_NA18953/NA18953.chr14.vcf.gz	0.669475 seconds
Concatenating /scratch/rohlfslab/abierly2/LongTR/longTR_pipeline_NA18953/NA18953.chr15.vcf.gz	0.631415 seconds
Concatenating /scratch/rohlfslab/abierly2/LongTR/longTR_pipeline_NA18953/NA18953.chr16.vcf.gz	0.667159 seconds
Concatenating /scratch/rohlfslab/abierly2/LongTR/longTR_pipeline_NA18953/NA18953.chr17.vcf.gz	0.692145 seconds
Concatenating /scratch/rohlfslab/abierly2/LongTR/longTR_pipeline_NA18953/NA18953.chr18.vcf.gz	0.495877 seconds
Concatenating /scratch/rohlfslab/abierly2/LongTR/longTR_pipeline_NA18953/NA18953.chr19.vcf.gz	0.571221 seconds
Concatenating /scratch/rohlfslab/abierly2/LongTR/longTR_pipeline_NA18953/NA18953.chr1.vcf.gz	1.792448 seconds
Concatenating /scratch/rohlfslab/abierly2/LongTR/longTR_pipeline_NA18953/NA18953.chr20.vcf.gz	0.427283 seconds
Concatenating /scratch/rohlfslab/abierly2/LongTR/longTR_pipeline_NA18953/NA18953.chr21.vcf.gz	0.243990 seconds
Concatenating /scratch/rohlfslab/abierly2/LongTR/longTR_pipeline_NA18953/NA18953.chr22.vcf.gz	0.306323 seconds
Concatenating /scratch/rohlfslab/abierly2/LongTR/longTR_pipeline_NA18953/NA18953.chr2.vcf.gz	1.753602 seconds
Concatenating /scratch/rohlfslab/abierly2/LongTR/longTR_pipeline_NA18953/NA18953.chr3.vcf.gz	1.404396 seconds
Concatenating /scratch/rohlfslab/abierly2/LongTR/longTR_pipeline_NA18953/NA18953.chr4.vcf.gz	1.332605 seconds
Concatenating /scratch/rohlfslab/abierly2/LongTR/longTR_pipeline_NA18953/NA18953.chr5.vcf.gz	1.272410 seconds
Concatenating /scratch/rohlfslab/abierly2/LongTR/longTR_pipeline_NA18953/NA18953.chr6.vcf.gz	1.220017 seconds
Concatenating /scratch/rohlfslab/abierly2/LongTR/longTR_pipeline_NA18953/NA18953.chr7.vcf.gz	1.184605 seconds
Concatenating /scratch/rohlfslab/abierly2/LongTR/longTR_pipeline_NA18953/NA18953.chr8.vcf.gz	1.036588 seconds
Concatenating /scratch/rohlfslab/abierly2/LongTR/longTR_pipeline_NA18953/NA18953.chr9.vcf.gz	0.887307 seconds
Concatenating /scratch/rohlfslab/abierly2/LongTR/longTR_pipeline_NA18953/NA18953.chrM.vcf.gz	0.000316 seconds
Concatenating /scratch/rohlfslab/abierly2/LongTR/longTR_pipeline_NA18953/NA18953.chrX.vcf.gz	0.182038 seconds
Concatenating /scratch/rohlfslab/abierly2/LongTR/longTR_pipeline_NA18953/NA18953.chrY.vcf.gz	0.008221 seconds
