Checking the headers and starting positions of 25 files
Concatenating /scratch/rohlfslab/abierly2/LongTR/longTR_pipeline_HG03714/HG03714.chr10.vcf.gz	1.190600 seconds
Concatenating /scratch/rohlfslab/abierly2/LongTR/longTR_pipeline_HG03714/HG03714.chr11.vcf.gz	1.140708 seconds
Concatenating /scratch/rohlfslab/abierly2/LongTR/longTR_pipeline_HG03714/HG03714.chr12.vcf.gz	1.218535 seconds
Concatenating /scratch/rohlfslab/abierly2/LongTR/longTR_pipeline_HG03714/HG03714.chr13.vcf.gz	0.824790 seconds
Concatenating /scratch/rohlfslab/abierly2/LongTR/longTR_pipeline_HG03714/HG03714.chr14.vcf.gz	0.794745 seconds
Concatenating /scratch/rohlfslab/abierly2/LongTR/longTR_pipeline_HG03714/HG03714.chr15.vcf.gz	0.740553 seconds
Concatenating /scratch/rohlfslab/abierly2/LongTR/longTR_pipeline_HG03714/HG03714.chr16.vcf.gz	0.774886 seconds
Concatenating /scratch/rohlfslab/abierly2/LongTR/longTR_pipeline_HG03714/HG03714.chr17.vcf.gz	0.812243 seconds
Concatenating /scratch/rohlfslab/abierly2/LongTR/longTR_pipeline_HG03714/HG03714.chr18.vcf.gz	0.596452 seconds
Concatenating /scratch/rohlfslab/abierly2/LongTR/longTR_pipeline_HG03714/HG03714.chr19.vcf.gz	0.682852 seconds
Concatenating /scratch/rohlfslab/abierly2/LongTR/longTR_pipeline_HG03714/HG03714.chr1.vcf.gz	2.128885 seconds
Concatenating /scratch/rohlfslab/abierly2/LongTR/longTR_pipeline_HG03714/HG03714.chr20.vcf.gz	0.506520 seconds
Concatenating /scratch/rohlfslab/abierly2/LongTR/longTR_pipeline_HG03714/HG03714.chr21.vcf.gz	0.291704 seconds
Concatenating /scratch/rohlfslab/abierly2/LongTR/longTR_pipeline_HG03714/HG03714.chr22.vcf.gz	0.356109 seconds
Concatenating /scratch/rohlfslab/abierly2/LongTR/longTR_pipeline_HG03714/HG03714.chr2.vcf.gz	2.112665 seconds
Concatenating /scratch/rohlfslab/abierly2/LongTR/longTR_pipeline_HG03714/HG03714.chr3.vcf.gz	1.691578 seconds
Concatenating /scratch/rohlfslab/abierly2/LongTR/longTR_pipeline_HG03714/HG03714.chr4.vcf.gz	1.596780 seconds
Concatenating /scratch/rohlfslab/abierly2/LongTR/longTR_pipeline_HG03714/HG03714.chr5.vcf.gz	1.530593 seconds
Concatenating /scratch/rohlfslab/abierly2/LongTR/longTR_pipeline_HG03714/HG03714.chr6.vcf.gz	1.472025 seconds
Concatenating /scratch/rohlfslab/abierly2/LongTR/longTR_pipeline_HG03714/HG03714.chr7.vcf.gz	1.416965 seconds
Concatenating /scratch/rohlfslab/abierly2/LongTR/longTR_pipeline_HG03714/HG03714.chr8.vcf.gz	1.229360 seconds
Concatenating /scratch/rohlfslab/abierly2/LongTR/longTR_pipeline_HG03714/HG03714.chr9.vcf.gz	1.043032 seconds
Concatenating /scratch/rohlfslab/abierly2/LongTR/longTR_pipeline_HG03714/HG03714.chrM.vcf.gz	0.000312 seconds
Concatenating /scratch/rohlfslab/abierly2/LongTR/longTR_pipeline_HG03714/HG03714.chrX.vcf.gz	1.261747 seconds
Concatenating /scratch/rohlfslab/abierly2/LongTR/longTR_pipeline_HG03714/HG03714.chrY.vcf.gz	0.000341 seconds
