Checking the headers and starting positions of 25 files
Concatenating /scratch/rohlfslab/abierly2/LongTR/longTR_pipeline_HG01550/HG01550.chr10.vcf.gz	1.249513 seconds
Concatenating /scratch/rohlfslab/abierly2/LongTR/longTR_pipeline_HG01550/HG01550.chr11.vcf.gz	1.196603 seconds
Concatenating /scratch/rohlfslab/abierly2/LongTR/longTR_pipeline_HG01550/HG01550.chr12.vcf.gz	1.265129 seconds
Concatenating /scratch/rohlfslab/abierly2/LongTR/longTR_pipeline_HG01550/HG01550.chr13.vcf.gz	0.869772 seconds
Concatenating /scratch/rohlfslab/abierly2/LongTR/longTR_pipeline_HG01550/HG01550.chr14.vcf.gz	0.827541 seconds
Concatenating /scratch/rohlfslab/abierly2/LongTR/longTR_pipeline_HG01550/HG01550.chr15.vcf.gz	0.776919 seconds
Concatenating /scratch/rohlfslab/abierly2/LongTR/longTR_pipeline_HG01550/HG01550.chr16.vcf.gz	0.817929 seconds
Concatenating /scratch/rohlfslab/abierly2/LongTR/longTR_pipeline_HG01550/HG01550.chr17.vcf.gz	0.839742 seconds
Concatenating /scratch/rohlfslab/abierly2/LongTR/longTR_pipeline_HG01550/HG01550.chr18.vcf.gz	0.625661 seconds
Concatenating /scratch/rohlfslab/abierly2/LongTR/longTR_pipeline_HG01550/HG01550.chr19.vcf.gz	0.700043 seconds
Concatenating /scratch/rohlfslab/abierly2/LongTR/longTR_pipeline_HG01550/HG01550.chr1.vcf.gz	2.218763 seconds
Concatenating /scratch/rohlfslab/abierly2/LongTR/longTR_pipeline_HG01550/HG01550.chr20.vcf.gz	0.525214 seconds
Concatenating /scratch/rohlfslab/abierly2/LongTR/longTR_pipeline_HG01550/HG01550.chr21.vcf.gz	0.304202 seconds
Concatenating /scratch/rohlfslab/abierly2/LongTR/longTR_pipeline_HG01550/HG01550.chr22.vcf.gz	0.369798 seconds
Concatenating /scratch/rohlfslab/abierly2/LongTR/longTR_pipeline_HG01550/HG01550.chr2.vcf.gz	2.225224 seconds
Concatenating /scratch/rohlfslab/abierly2/LongTR/longTR_pipeline_HG01550/HG01550.chr3.vcf.gz	1.786902 seconds
Concatenating /scratch/rohlfslab/abierly2/LongTR/longTR_pipeline_HG01550/HG01550.chr4.vcf.gz	1.707666 seconds
Concatenating /scratch/rohlfslab/abierly2/LongTR/longTR_pipeline_HG01550/HG01550.chr5.vcf.gz	1.609599 seconds
Concatenating /scratch/rohlfslab/abierly2/LongTR/longTR_pipeline_HG01550/HG01550.chr6.vcf.gz	1.545951 seconds
Concatenating /scratch/rohlfslab/abierly2/LongTR/longTR_pipeline_HG01550/HG01550.chr7.vcf.gz	1.494989 seconds
Concatenating /scratch/rohlfslab/abierly2/LongTR/longTR_pipeline_HG01550/HG01550.chr8.vcf.gz	1.296193 seconds
Concatenating /scratch/rohlfslab/abierly2/LongTR/longTR_pipeline_HG01550/HG01550.chr9.vcf.gz	1.093362 seconds
Concatenating /scratch/rohlfslab/abierly2/LongTR/longTR_pipeline_HG01550/HG01550.chrM.vcf.gz	0.000388 seconds
Concatenating /scratch/rohlfslab/abierly2/LongTR/longTR_pipeline_HG01550/HG01550.chrX.vcf.gz	0.945612 seconds
Concatenating /scratch/rohlfslab/abierly2/LongTR/longTR_pipeline_HG01550/HG01550.chrY.vcf.gz	0.050341 seconds
