Checking the headers and starting positions of 25 files
Concatenating /scratch/rohlfslab/abierly2/LongTR/longTR_pipeline_HG01047/HG01047.chr10.vcf.gz	1.261994 seconds
Concatenating /scratch/rohlfslab/abierly2/LongTR/longTR_pipeline_HG01047/HG01047.chr11.vcf.gz	1.196785 seconds
Concatenating /scratch/rohlfslab/abierly2/LongTR/longTR_pipeline_HG01047/HG01047.chr12.vcf.gz	1.267073 seconds
Concatenating /scratch/rohlfslab/abierly2/LongTR/longTR_pipeline_HG01047/HG01047.chr13.vcf.gz	0.877232 seconds
Concatenating /scratch/rohlfslab/abierly2/LongTR/longTR_pipeline_HG01047/HG01047.chr14.vcf.gz	0.850183 seconds
Concatenating /scratch/rohlfslab/abierly2/LongTR/longTR_pipeline_HG01047/HG01047.chr15.vcf.gz	0.784983 seconds
Concatenating /scratch/rohlfslab/abierly2/LongTR/longTR_pipeline_HG01047/HG01047.chr16.vcf.gz	0.829297 seconds
Concatenating /scratch/rohlfslab/abierly2/LongTR/longTR_pipeline_HG01047/HG01047.chr17.vcf.gz	0.851338 seconds
Concatenating /scratch/rohlfslab/abierly2/LongTR/longTR_pipeline_HG01047/HG01047.chr18.vcf.gz	0.632041 seconds
Concatenating /scratch/rohlfslab/abierly2/LongTR/longTR_pipeline_HG01047/HG01047.chr19.vcf.gz	0.707597 seconds
Concatenating /scratch/rohlfslab/abierly2/LongTR/longTR_pipeline_HG01047/HG01047.chr1.vcf.gz	2.241430 seconds
Concatenating /scratch/rohlfslab/abierly2/LongTR/longTR_pipeline_HG01047/HG01047.chr20.vcf.gz	0.528279 seconds
Concatenating /scratch/rohlfslab/abierly2/LongTR/longTR_pipeline_HG01047/HG01047.chr21.vcf.gz	0.303787 seconds
Concatenating /scratch/rohlfslab/abierly2/LongTR/longTR_pipeline_HG01047/HG01047.chr22.vcf.gz	0.373374 seconds
Concatenating /scratch/rohlfslab/abierly2/LongTR/longTR_pipeline_HG01047/HG01047.chr2.vcf.gz	2.236740 seconds
Concatenating /scratch/rohlfslab/abierly2/LongTR/longTR_pipeline_HG01047/HG01047.chr3.vcf.gz	1.804923 seconds
Concatenating /scratch/rohlfslab/abierly2/LongTR/longTR_pipeline_HG01047/HG01047.chr4.vcf.gz	1.731770 seconds
Concatenating /scratch/rohlfslab/abierly2/LongTR/longTR_pipeline_HG01047/HG01047.chr5.vcf.gz	1.616053 seconds
Concatenating /scratch/rohlfslab/abierly2/LongTR/longTR_pipeline_HG01047/HG01047.chr6.vcf.gz	1.558331 seconds
Concatenating /scratch/rohlfslab/abierly2/LongTR/longTR_pipeline_HG01047/HG01047.chr7.vcf.gz	1.511910 seconds
Concatenating /scratch/rohlfslab/abierly2/LongTR/longTR_pipeline_HG01047/HG01047.chr8.vcf.gz	1.301221 seconds
Concatenating /scratch/rohlfslab/abierly2/LongTR/longTR_pipeline_HG01047/HG01047.chr9.vcf.gz	1.103230 seconds
Concatenating /scratch/rohlfslab/abierly2/LongTR/longTR_pipeline_HG01047/HG01047.chrM.vcf.gz	0.000310 seconds
Concatenating /scratch/rohlfslab/abierly2/LongTR/longTR_pipeline_HG01047/HG01047.chrX.vcf.gz	1.177993 seconds
Concatenating /scratch/rohlfslab/abierly2/LongTR/longTR_pipeline_HG01047/HG01047.chrY.vcf.gz	0.060245 seconds
