Checking the headers and starting positions of 25 files
Concatenating /scratch/rohlfslab/abierly2/LongTR/longTR_pipeline_NA20534/NA20534.chr10.vcf.gz	0.500029 seconds
Concatenating /scratch/rohlfslab/abierly2/LongTR/longTR_pipeline_NA20534/NA20534.chr11.vcf.gz	0.442928 seconds
Concatenating /scratch/rohlfslab/abierly2/LongTR/longTR_pipeline_NA20534/NA20534.chr12.vcf.gz	0.510800 seconds
Concatenating /scratch/rohlfslab/abierly2/LongTR/longTR_pipeline_NA20534/NA20534.chr13.vcf.gz	0.330353 seconds
Concatenating /scratch/rohlfslab/abierly2/LongTR/longTR_pipeline_NA20534/NA20534.chr14.vcf.gz	0.339143 seconds
Concatenating /scratch/rohlfslab/abierly2/LongTR/longTR_pipeline_NA20534/NA20534.chr15.vcf.gz	0.311026 seconds
Concatenating /scratch/rohlfslab/abierly2/LongTR/longTR_pipeline_NA20534/NA20534.chr16.vcf.gz	0.292656 seconds
Concatenating /scratch/rohlfslab/abierly2/LongTR/longTR_pipeline_NA20534/NA20534.chr17.vcf.gz	0.341631 seconds
Concatenating /scratch/rohlfslab/abierly2/LongTR/longTR_pipeline_NA20534/NA20534.chr18.vcf.gz	0.247326 seconds
Concatenating /scratch/rohlfslab/abierly2/LongTR/longTR_pipeline_NA20534/NA20534.chr19.vcf.gz	0.240016 seconds
Concatenating /scratch/rohlfslab/abierly2/LongTR/longTR_pipeline_NA20534/NA20534.chr1.vcf.gz	0.910579 seconds
Concatenating /scratch/rohlfslab/abierly2/LongTR/longTR_pipeline_NA20534/NA20534.chr20.vcf.gz	0.205402 seconds
Concatenating /scratch/rohlfslab/abierly2/LongTR/longTR_pipeline_NA20534/NA20534.chr21.vcf.gz	0.121137 seconds
Concatenating /scratch/rohlfslab/abierly2/LongTR/longTR_pipeline_NA20534/NA20534.chr22.vcf.gz	0.136365 seconds
Concatenating /scratch/rohlfslab/abierly2/LongTR/longTR_pipeline_NA20534/NA20534.chr2.vcf.gz	0.885453 seconds
Concatenating /scratch/rohlfslab/abierly2/LongTR/longTR_pipeline_NA20534/NA20534.chr3.vcf.gz	0.697853 seconds
Concatenating /scratch/rohlfslab/abierly2/LongTR/longTR_pipeline_NA20534/NA20534.chr4.vcf.gz	0.656854 seconds
Concatenating /scratch/rohlfslab/abierly2/LongTR/longTR_pipeline_NA20534/NA20534.chr5.vcf.gz	0.643144 seconds
Concatenating /scratch/rohlfslab/abierly2/LongTR/longTR_pipeline_NA20534/NA20534.chr6.vcf.gz	0.612272 seconds
Concatenating /scratch/rohlfslab/abierly2/LongTR/longTR_pipeline_NA20534/NA20534.chr7.vcf.gz	0.574844 seconds
Concatenating /scratch/rohlfslab/abierly2/LongTR/longTR_pipeline_NA20534/NA20534.chr8.vcf.gz	0.496500 seconds
Concatenating /scratch/rohlfslab/abierly2/LongTR/longTR_pipeline_NA20534/NA20534.chr9.vcf.gz	0.422450 seconds
Concatenating /scratch/rohlfslab/abierly2/LongTR/longTR_pipeline_NA20534/NA20534.chrM.vcf.gz	0.000282 seconds
Concatenating /scratch/rohlfslab/abierly2/LongTR/longTR_pipeline_NA20534/NA20534.chrX.vcf.gz	0.048509 seconds
Concatenating /scratch/rohlfslab/abierly2/LongTR/longTR_pipeline_NA20534/NA20534.chrY.vcf.gz	0.002106 seconds
