Checking the headers and starting positions of 25 files
Concatenating /scratch/rohlfslab/abierly2/LongTR/longTR_pipeline_NA18623/NA18623.chr10.vcf.gz	0.013079 seconds
Concatenating /scratch/rohlfslab/abierly2/LongTR/longTR_pipeline_NA18623/NA18623.chr11.vcf.gz	0.012910 seconds
Concatenating /scratch/rohlfslab/abierly2/LongTR/longTR_pipeline_NA18623/NA18623.chr12.vcf.gz	0.017791 seconds
Concatenating /scratch/rohlfslab/abierly2/LongTR/longTR_pipeline_NA18623/NA18623.chr13.vcf.gz	0.009326 seconds
Concatenating /scratch/rohlfslab/abierly2/LongTR/longTR_pipeline_NA18623/NA18623.chr14.vcf.gz	0.007597 seconds
Concatenating /scratch/rohlfslab/abierly2/LongTR/longTR_pipeline_NA18623/NA18623.chr15.vcf.gz	0.009084 seconds
Concatenating /scratch/rohlfslab/abierly2/LongTR/longTR_pipeline_NA18623/NA18623.chr16.vcf.gz	0.009008 seconds
Concatenating /scratch/rohlfslab/abierly2/LongTR/longTR_pipeline_NA18623/NA18623.chr17.vcf.gz	0.009186 seconds
Concatenating /scratch/rohlfslab/abierly2/LongTR/longTR_pipeline_NA18623/NA18623.chr18.vcf.gz	0.007454 seconds
Concatenating /scratch/rohlfslab/abierly2/LongTR/longTR_pipeline_NA18623/NA18623.chr19.vcf.gz	0.011035 seconds
Concatenating /scratch/rohlfslab/abierly2/LongTR/longTR_pipeline_NA18623/NA18623.chr1.vcf.gz	0.026988 seconds
Concatenating /scratch/rohlfslab/abierly2/LongTR/longTR_pipeline_NA18623/NA18623.chr20.vcf.gz	0.005721 seconds
Concatenating /scratch/rohlfslab/abierly2/LongTR/longTR_pipeline_NA18623/NA18623.chr21.vcf.gz	0.003910 seconds
Concatenating /scratch/rohlfslab/abierly2/LongTR/longTR_pipeline_NA18623/NA18623.chr22.vcf.gz	0.003871 seconds
Concatenating /scratch/rohlfslab/abierly2/LongTR/longTR_pipeline_NA18623/NA18623.chr2.vcf.gz	0.024821 seconds
Concatenating /scratch/rohlfslab/abierly2/LongTR/longTR_pipeline_NA18623/NA18623.chr3.vcf.gz	0.021655 seconds
Concatenating /scratch/rohlfslab/abierly2/LongTR/longTR_pipeline_NA18623/NA18623.chr4.vcf.gz	0.016571 seconds
Concatenating /scratch/rohlfslab/abierly2/LongTR/longTR_pipeline_NA18623/NA18623.chr5.vcf.gz	0.020108 seconds
Concatenating /scratch/rohlfslab/abierly2/LongTR/longTR_pipeline_NA18623/NA18623.chr6.vcf.gz	0.018154 seconds
Concatenating /scratch/rohlfslab/abierly2/LongTR/longTR_pipeline_NA18623/NA18623.chr7.vcf.gz	0.018393 seconds
Concatenating /scratch/rohlfslab/abierly2/LongTR/longTR_pipeline_NA18623/NA18623.chr8.vcf.gz	0.014749 seconds
Concatenating /scratch/rohlfslab/abierly2/LongTR/longTR_pipeline_NA18623/NA18623.chr9.vcf.gz	0.016018 seconds
Concatenating /scratch/rohlfslab/abierly2/LongTR/longTR_pipeline_NA18623/NA18623.chrM.vcf.gz	0.000277 seconds
Concatenating /scratch/rohlfslab/abierly2/LongTR/longTR_pipeline_NA18623/NA18623.chrX.vcf.gz	0.000409 seconds
Concatenating /scratch/rohlfslab/abierly2/LongTR/longTR_pipeline_NA18623/NA18623.chrY.vcf.gz	0.000251 seconds
