Checking the headers and starting positions of 25 files
Concatenating /scratch/rohlfslab/abierly2/LongTR/longTR_pipeline_HG00357/HG00357.chr10.vcf.gz	1.268818 seconds
Concatenating /scratch/rohlfslab/abierly2/LongTR/longTR_pipeline_HG00357/HG00357.chr11.vcf.gz	1.209128 seconds
Concatenating /scratch/rohlfslab/abierly2/LongTR/longTR_pipeline_HG00357/HG00357.chr12.vcf.gz	1.325555 seconds
Concatenating /scratch/rohlfslab/abierly2/LongTR/longTR_pipeline_HG00357/HG00357.chr13.vcf.gz	0.868197 seconds
Concatenating /scratch/rohlfslab/abierly2/LongTR/longTR_pipeline_HG00357/HG00357.chr14.vcf.gz	0.823467 seconds
Concatenating /scratch/rohlfslab/abierly2/LongTR/longTR_pipeline_HG00357/HG00357.chr15.vcf.gz	0.774947 seconds
Concatenating /scratch/rohlfslab/abierly2/LongTR/longTR_pipeline_HG00357/HG00357.chr16.vcf.gz	0.818297 seconds
Concatenating /scratch/rohlfslab/abierly2/LongTR/longTR_pipeline_HG00357/HG00357.chr17.vcf.gz	0.842729 seconds
Concatenating /scratch/rohlfslab/abierly2/LongTR/longTR_pipeline_HG00357/HG00357.chr18.vcf.gz	0.627111 seconds
Concatenating /scratch/rohlfslab/abierly2/LongTR/longTR_pipeline_HG00357/HG00357.chr19.vcf.gz	0.700744 seconds
Concatenating /scratch/rohlfslab/abierly2/LongTR/longTR_pipeline_HG00357/HG00357.chr1.vcf.gz	2.221796 seconds
Concatenating /scratch/rohlfslab/abierly2/LongTR/longTR_pipeline_HG00357/HG00357.chr20.vcf.gz	0.522704 seconds
Concatenating /scratch/rohlfslab/abierly2/LongTR/longTR_pipeline_HG00357/HG00357.chr21.vcf.gz	0.302610 seconds
Concatenating /scratch/rohlfslab/abierly2/LongTR/longTR_pipeline_HG00357/HG00357.chr22.vcf.gz	0.368119 seconds
Concatenating /scratch/rohlfslab/abierly2/LongTR/longTR_pipeline_HG00357/HG00357.chr2.vcf.gz	2.240162 seconds
Concatenating /scratch/rohlfslab/abierly2/LongTR/longTR_pipeline_HG00357/HG00357.chr3.vcf.gz	1.771352 seconds
Concatenating /scratch/rohlfslab/abierly2/LongTR/longTR_pipeline_HG00357/HG00357.chr4.vcf.gz	1.686902 seconds
Concatenating /scratch/rohlfslab/abierly2/LongTR/longTR_pipeline_HG00357/HG00357.chr5.vcf.gz	1.606890 seconds
Concatenating /scratch/rohlfslab/abierly2/LongTR/longTR_pipeline_HG00357/HG00357.chr6.vcf.gz	1.545048 seconds
Concatenating /scratch/rohlfslab/abierly2/LongTR/longTR_pipeline_HG00357/HG00357.chr7.vcf.gz	1.513739 seconds
Concatenating /scratch/rohlfslab/abierly2/LongTR/longTR_pipeline_HG00357/HG00357.chr8.vcf.gz	1.291833 seconds
Concatenating /scratch/rohlfslab/abierly2/LongTR/longTR_pipeline_HG00357/HG00357.chr9.vcf.gz	1.094671 seconds
Concatenating /scratch/rohlfslab/abierly2/LongTR/longTR_pipeline_HG00357/HG00357.chrM.vcf.gz	0.000315 seconds
Concatenating /scratch/rohlfslab/abierly2/LongTR/longTR_pipeline_HG00357/HG00357.chrX.vcf.gz	1.330808 seconds
Concatenating /scratch/rohlfslab/abierly2/LongTR/longTR_pipeline_HG00357/HG00357.chrY.vcf.gz	0.000302 seconds
