Checking the headers and starting positions of 25 files
Concatenating /scratch/rohlfslab/abierly2/LongTR/longTR_pipeline_HG01918/HG01918.chr10.vcf.gz	1.221990 seconds
Concatenating /scratch/rohlfslab/abierly2/LongTR/longTR_pipeline_HG01918/HG01918.chr11.vcf.gz	1.159892 seconds
Concatenating /scratch/rohlfslab/abierly2/LongTR/longTR_pipeline_HG01918/HG01918.chr12.vcf.gz	1.228669 seconds
Concatenating /scratch/rohlfslab/abierly2/LongTR/longTR_pipeline_HG01918/HG01918.chr13.vcf.gz	0.848077 seconds
Concatenating /scratch/rohlfslab/abierly2/LongTR/longTR_pipeline_HG01918/HG01918.chr14.vcf.gz	0.806520 seconds
Concatenating /scratch/rohlfslab/abierly2/LongTR/longTR_pipeline_HG01918/HG01918.chr15.vcf.gz	0.760468 seconds
Concatenating /scratch/rohlfslab/abierly2/LongTR/longTR_pipeline_HG01918/HG01918.chr16.vcf.gz	0.797706 seconds
Concatenating /scratch/rohlfslab/abierly2/LongTR/longTR_pipeline_HG01918/HG01918.chr17.vcf.gz	0.826562 seconds
Concatenating /scratch/rohlfslab/abierly2/LongTR/longTR_pipeline_HG01918/HG01918.chr18.vcf.gz	0.610188 seconds
Concatenating /scratch/rohlfslab/abierly2/LongTR/longTR_pipeline_HG01918/HG01918.chr19.vcf.gz	0.691866 seconds
Concatenating /scratch/rohlfslab/abierly2/LongTR/longTR_pipeline_HG01918/HG01918.chr1.vcf.gz	2.183079 seconds
Concatenating /scratch/rohlfslab/abierly2/LongTR/longTR_pipeline_HG01918/HG01918.chr20.vcf.gz	0.511901 seconds
Concatenating /scratch/rohlfslab/abierly2/LongTR/longTR_pipeline_HG01918/HG01918.chr21.vcf.gz	0.298980 seconds
Concatenating /scratch/rohlfslab/abierly2/LongTR/longTR_pipeline_HG01918/HG01918.chr22.vcf.gz	0.362532 seconds
Concatenating /scratch/rohlfslab/abierly2/LongTR/longTR_pipeline_HG01918/HG01918.chr2.vcf.gz	2.171334 seconds
Concatenating /scratch/rohlfslab/abierly2/LongTR/longTR_pipeline_HG01918/HG01918.chr3.vcf.gz	1.751284 seconds
Concatenating /scratch/rohlfslab/abierly2/LongTR/longTR_pipeline_HG01918/HG01918.chr4.vcf.gz	1.658098 seconds
Concatenating /scratch/rohlfslab/abierly2/LongTR/longTR_pipeline_HG01918/HG01918.chr5.vcf.gz	1.573424 seconds
Concatenating /scratch/rohlfslab/abierly2/LongTR/longTR_pipeline_HG01918/HG01918.chr6.vcf.gz	1.509227 seconds
Concatenating /scratch/rohlfslab/abierly2/LongTR/longTR_pipeline_HG01918/HG01918.chr7.vcf.gz	1.460469 seconds
Concatenating /scratch/rohlfslab/abierly2/LongTR/longTR_pipeline_HG01918/HG01918.chr8.vcf.gz	1.257354 seconds
Concatenating /scratch/rohlfslab/abierly2/LongTR/longTR_pipeline_HG01918/HG01918.chr9.vcf.gz	1.072258 seconds
Concatenating /scratch/rohlfslab/abierly2/LongTR/longTR_pipeline_HG01918/HG01918.chrM.vcf.gz	0.000425 seconds
Concatenating /scratch/rohlfslab/abierly2/LongTR/longTR_pipeline_HG01918/HG01918.chrX.vcf.gz	1.309775 seconds
Concatenating /scratch/rohlfslab/abierly2/LongTR/longTR_pipeline_HG01918/HG01918.chrY.vcf.gz	0.000313 seconds
