Checking the headers and starting positions of 25 files
Concatenating /scratch/rohlfslab/abierly2/LongTR/longTR_pipeline_NA20532/NA20532.chr10.vcf.gz	0.740528 seconds
Concatenating /scratch/rohlfslab/abierly2/LongTR/longTR_pipeline_NA20532/NA20532.chr11.vcf.gz	0.692974 seconds
Concatenating /scratch/rohlfslab/abierly2/LongTR/longTR_pipeline_NA20532/NA20532.chr12.vcf.gz	0.756159 seconds
Concatenating /scratch/rohlfslab/abierly2/LongTR/longTR_pipeline_NA20532/NA20532.chr13.vcf.gz	0.473318 seconds
Concatenating /scratch/rohlfslab/abierly2/LongTR/longTR_pipeline_NA20532/NA20532.chr14.vcf.gz	0.478194 seconds
Concatenating /scratch/rohlfslab/abierly2/LongTR/longTR_pipeline_NA20532/NA20532.chr15.vcf.gz	0.473316 seconds
Concatenating /scratch/rohlfslab/abierly2/LongTR/longTR_pipeline_NA20532/NA20532.chr16.vcf.gz	0.483483 seconds
Concatenating /scratch/rohlfslab/abierly2/LongTR/longTR_pipeline_NA20532/NA20532.chr17.vcf.gz	0.515147 seconds
Concatenating /scratch/rohlfslab/abierly2/LongTR/longTR_pipeline_NA20532/NA20532.chr18.vcf.gz	0.350807 seconds
Concatenating /scratch/rohlfslab/abierly2/LongTR/longTR_pipeline_NA20532/NA20532.chr19.vcf.gz	0.436442 seconds
Concatenating /scratch/rohlfslab/abierly2/LongTR/longTR_pipeline_NA20532/NA20532.chr1.vcf.gz	1.335278 seconds
Concatenating /scratch/rohlfslab/abierly2/LongTR/longTR_pipeline_NA20532/NA20532.chr20.vcf.gz	0.324502 seconds
Concatenating /scratch/rohlfslab/abierly2/LongTR/longTR_pipeline_NA20532/NA20532.chr21.vcf.gz	0.168838 seconds
Concatenating /scratch/rohlfslab/abierly2/LongTR/longTR_pipeline_NA20532/NA20532.chr22.vcf.gz	0.234623 seconds
Concatenating /scratch/rohlfslab/abierly2/LongTR/longTR_pipeline_NA20532/NA20532.chr2.vcf.gz	1.281352 seconds
Concatenating /scratch/rohlfslab/abierly2/LongTR/longTR_pipeline_NA20532/NA20532.chr3.vcf.gz	1.044782 seconds
Concatenating /scratch/rohlfslab/abierly2/LongTR/longTR_pipeline_NA20532/NA20532.chr4.vcf.gz	0.923833 seconds
Concatenating /scratch/rohlfslab/abierly2/LongTR/longTR_pipeline_NA20532/NA20532.chr5.vcf.gz	0.936113 seconds
Concatenating /scratch/rohlfslab/abierly2/LongTR/longTR_pipeline_NA20532/NA20532.chr6.vcf.gz	0.903589 seconds
Concatenating /scratch/rohlfslab/abierly2/LongTR/longTR_pipeline_NA20532/NA20532.chr7.vcf.gz	0.873897 seconds
Concatenating /scratch/rohlfslab/abierly2/LongTR/longTR_pipeline_NA20532/NA20532.chr8.vcf.gz	0.737216 seconds
Concatenating /scratch/rohlfslab/abierly2/LongTR/longTR_pipeline_NA20532/NA20532.chr9.vcf.gz	0.638469 seconds
Concatenating /scratch/rohlfslab/abierly2/LongTR/longTR_pipeline_NA20532/NA20532.chrM.vcf.gz	0.000316 seconds
Concatenating /scratch/rohlfslab/abierly2/LongTR/longTR_pipeline_NA20532/NA20532.chrX.vcf.gz	0.080297 seconds
Concatenating /scratch/rohlfslab/abierly2/LongTR/longTR_pipeline_NA20532/NA20532.chrY.vcf.gz	0.002382 seconds
