Checking the headers and starting positions of 25 files
Concatenating /scratch/rohlfslab/abierly2/LongTR/longTR_pipeline_HG01198/HG01198.chr10.vcf.gz	1.191133 seconds
Concatenating /scratch/rohlfslab/abierly2/LongTR/longTR_pipeline_HG01198/HG01198.chr11.vcf.gz	1.129048 seconds
Concatenating /scratch/rohlfslab/abierly2/LongTR/longTR_pipeline_HG01198/HG01198.chr12.vcf.gz	1.205274 seconds
Concatenating /scratch/rohlfslab/abierly2/LongTR/longTR_pipeline_HG01198/HG01198.chr13.vcf.gz	0.834276 seconds
Concatenating /scratch/rohlfslab/abierly2/LongTR/longTR_pipeline_HG01198/HG01198.chr14.vcf.gz	0.783066 seconds
Concatenating /scratch/rohlfslab/abierly2/LongTR/longTR_pipeline_HG01198/HG01198.chr15.vcf.gz	0.734779 seconds
Concatenating /scratch/rohlfslab/abierly2/LongTR/longTR_pipeline_HG01198/HG01198.chr16.vcf.gz	0.785203 seconds
Concatenating /scratch/rohlfslab/abierly2/LongTR/longTR_pipeline_HG01198/HG01198.chr17.vcf.gz	0.802025 seconds
Concatenating /scratch/rohlfslab/abierly2/LongTR/longTR_pipeline_HG01198/HG01198.chr18.vcf.gz	0.599582 seconds
Concatenating /scratch/rohlfslab/abierly2/LongTR/longTR_pipeline_HG01198/HG01198.chr19.vcf.gz	0.657006 seconds
Concatenating /scratch/rohlfslab/abierly2/LongTR/longTR_pipeline_HG01198/HG01198.chr1.vcf.gz	2.120883 seconds
Concatenating /scratch/rohlfslab/abierly2/LongTR/longTR_pipeline_HG01198/HG01198.chr20.vcf.gz	0.501002 seconds
Concatenating /scratch/rohlfslab/abierly2/LongTR/longTR_pipeline_HG01198/HG01198.chr21.vcf.gz	0.289096 seconds
Concatenating /scratch/rohlfslab/abierly2/LongTR/longTR_pipeline_HG01198/HG01198.chr22.vcf.gz	0.347386 seconds
Concatenating /scratch/rohlfslab/abierly2/LongTR/longTR_pipeline_HG01198/HG01198.chr2.vcf.gz	2.138482 seconds
Concatenating /scratch/rohlfslab/abierly2/LongTR/longTR_pipeline_HG01198/HG01198.chr3.vcf.gz	1.705386 seconds
Concatenating /scratch/rohlfslab/abierly2/LongTR/longTR_pipeline_HG01198/HG01198.chr4.vcf.gz	1.618583 seconds
Concatenating /scratch/rohlfslab/abierly2/LongTR/longTR_pipeline_HG01198/HG01198.chr5.vcf.gz	1.553259 seconds
Concatenating /scratch/rohlfslab/abierly2/LongTR/longTR_pipeline_HG01198/HG01198.chr6.vcf.gz	1.477540 seconds
Concatenating /scratch/rohlfslab/abierly2/LongTR/longTR_pipeline_HG01198/HG01198.chr7.vcf.gz	1.441120 seconds
Concatenating /scratch/rohlfslab/abierly2/LongTR/longTR_pipeline_HG01198/HG01198.chr8.vcf.gz	1.232032 seconds
Concatenating /scratch/rohlfslab/abierly2/LongTR/longTR_pipeline_HG01198/HG01198.chr9.vcf.gz	1.042540 seconds
Concatenating /scratch/rohlfslab/abierly2/LongTR/longTR_pipeline_HG01198/HG01198.chrM.vcf.gz	0.000320 seconds
Concatenating /scratch/rohlfslab/abierly2/LongTR/longTR_pipeline_HG01198/HG01198.chrX.vcf.gz	1.272809 seconds
Concatenating /scratch/rohlfslab/abierly2/LongTR/longTR_pipeline_HG01198/HG01198.chrY.vcf.gz	0.000307 seconds
