Checking the headers and starting positions of 25 files
Concatenating /scratch/rohlfslab/abierly2/LongTR/longTR_pipeline_HG01840/HG01840.chr10.vcf.gz	1.111258 seconds
Concatenating /scratch/rohlfslab/abierly2/LongTR/longTR_pipeline_HG01840/HG01840.chr11.vcf.gz	1.054045 seconds
Concatenating /scratch/rohlfslab/abierly2/LongTR/longTR_pipeline_HG01840/HG01840.chr12.vcf.gz	1.134409 seconds
Concatenating /scratch/rohlfslab/abierly2/LongTR/longTR_pipeline_HG01840/HG01840.chr13.vcf.gz	0.759308 seconds
Concatenating /scratch/rohlfslab/abierly2/LongTR/longTR_pipeline_HG01840/HG01840.chr14.vcf.gz	0.736918 seconds
Concatenating /scratch/rohlfslab/abierly2/LongTR/longTR_pipeline_HG01840/HG01840.chr15.vcf.gz	0.697635 seconds
Concatenating /scratch/rohlfslab/abierly2/LongTR/longTR_pipeline_HG01840/HG01840.chr16.vcf.gz	0.715124 seconds
Concatenating /scratch/rohlfslab/abierly2/LongTR/longTR_pipeline_HG01840/HG01840.chr17.vcf.gz	0.759264 seconds
Concatenating /scratch/rohlfslab/abierly2/LongTR/longTR_pipeline_HG01840/HG01840.chr18.vcf.gz	0.551060 seconds
Concatenating /scratch/rohlfslab/abierly2/LongTR/longTR_pipeline_HG01840/HG01840.chr19.vcf.gz	0.640435 seconds
Concatenating /scratch/rohlfslab/abierly2/LongTR/longTR_pipeline_HG01840/HG01840.chr1.vcf.gz	1.988422 seconds
Concatenating /scratch/rohlfslab/abierly2/LongTR/longTR_pipeline_HG01840/HG01840.chr20.vcf.gz	0.467947 seconds
Concatenating /scratch/rohlfslab/abierly2/LongTR/longTR_pipeline_HG01840/HG01840.chr21.vcf.gz	0.274781 seconds
Concatenating /scratch/rohlfslab/abierly2/LongTR/longTR_pipeline_HG01840/HG01840.chr22.vcf.gz	0.328135 seconds
Concatenating /scratch/rohlfslab/abierly2/LongTR/longTR_pipeline_HG01840/HG01840.chr2.vcf.gz	1.987063 seconds
Concatenating /scratch/rohlfslab/abierly2/LongTR/longTR_pipeline_HG01840/HG01840.chr3.vcf.gz	1.601920 seconds
Concatenating /scratch/rohlfslab/abierly2/LongTR/longTR_pipeline_HG01840/HG01840.chr4.vcf.gz	1.493223 seconds
Concatenating /scratch/rohlfslab/abierly2/LongTR/longTR_pipeline_HG01840/HG01840.chr5.vcf.gz	1.431028 seconds
Concatenating /scratch/rohlfslab/abierly2/LongTR/longTR_pipeline_HG01840/HG01840.chr6.vcf.gz	1.404066 seconds
Concatenating /scratch/rohlfslab/abierly2/LongTR/longTR_pipeline_HG01840/HG01840.chr7.vcf.gz	1.338065 seconds
Concatenating /scratch/rohlfslab/abierly2/LongTR/longTR_pipeline_HG01840/HG01840.chr8.vcf.gz	1.143840 seconds
Concatenating /scratch/rohlfslab/abierly2/LongTR/longTR_pipeline_HG01840/HG01840.chr9.vcf.gz	0.968351 seconds
Concatenating /scratch/rohlfslab/abierly2/LongTR/longTR_pipeline_HG01840/HG01840.chrM.vcf.gz	0.000305 seconds
Concatenating /scratch/rohlfslab/abierly2/LongTR/longTR_pipeline_HG01840/HG01840.chrX.vcf.gz	0.302389 seconds
Concatenating /scratch/rohlfslab/abierly2/LongTR/longTR_pipeline_HG01840/HG01840.chrY.vcf.gz	0.014450 seconds
