Checking the headers and starting positions of 25 files
Concatenating /scratch/rohlfslab/abierly2/LongTR/longTR_pipeline_HG01509/HG01509.chr10.vcf.gz	1.162506 seconds
Concatenating /scratch/rohlfslab/abierly2/LongTR/longTR_pipeline_HG01509/HG01509.chr11.vcf.gz	1.106711 seconds
Concatenating /scratch/rohlfslab/abierly2/LongTR/longTR_pipeline_HG01509/HG01509.chr12.vcf.gz	1.172960 seconds
Concatenating /scratch/rohlfslab/abierly2/LongTR/longTR_pipeline_HG01509/HG01509.chr13.vcf.gz	0.820833 seconds
Concatenating /scratch/rohlfslab/abierly2/LongTR/longTR_pipeline_HG01509/HG01509.chr14.vcf.gz	0.765255 seconds
Concatenating /scratch/rohlfslab/abierly2/LongTR/longTR_pipeline_HG01509/HG01509.chr15.vcf.gz	0.715448 seconds
Concatenating /scratch/rohlfslab/abierly2/LongTR/longTR_pipeline_HG01509/HG01509.chr16.vcf.gz	0.736038 seconds
Concatenating /scratch/rohlfslab/abierly2/LongTR/longTR_pipeline_HG01509/HG01509.chr17.vcf.gz	0.765348 seconds
Concatenating /scratch/rohlfslab/abierly2/LongTR/longTR_pipeline_HG01509/HG01509.chr18.vcf.gz	0.581477 seconds
Concatenating /scratch/rohlfslab/abierly2/LongTR/longTR_pipeline_HG01509/HG01509.chr19.vcf.gz	0.610586 seconds
Concatenating /scratch/rohlfslab/abierly2/LongTR/longTR_pipeline_HG01509/HG01509.chr1.vcf.gz	2.050269 seconds
Concatenating /scratch/rohlfslab/abierly2/LongTR/longTR_pipeline_HG01509/HG01509.chr20.vcf.gz	0.480175 seconds
Concatenating /scratch/rohlfslab/abierly2/LongTR/longTR_pipeline_HG01509/HG01509.chr21.vcf.gz	0.282839 seconds
Concatenating /scratch/rohlfslab/abierly2/LongTR/longTR_pipeline_HG01509/HG01509.chr22.vcf.gz	0.329891 seconds
Concatenating /scratch/rohlfslab/abierly2/LongTR/longTR_pipeline_HG01509/HG01509.chr2.vcf.gz	2.078083 seconds
Concatenating /scratch/rohlfslab/abierly2/LongTR/longTR_pipeline_HG01509/HG01509.chr3.vcf.gz	1.678212 seconds
Concatenating /scratch/rohlfslab/abierly2/LongTR/longTR_pipeline_HG01509/HG01509.chr4.vcf.gz	1.592037 seconds
Concatenating /scratch/rohlfslab/abierly2/LongTR/longTR_pipeline_HG01509/HG01509.chr5.vcf.gz	1.523351 seconds
Concatenating /scratch/rohlfslab/abierly2/LongTR/longTR_pipeline_HG01509/HG01509.chr6.vcf.gz	1.444787 seconds
Concatenating /scratch/rohlfslab/abierly2/LongTR/longTR_pipeline_HG01509/HG01509.chr7.vcf.gz	1.374333 seconds
Concatenating /scratch/rohlfslab/abierly2/LongTR/longTR_pipeline_HG01509/HG01509.chr8.vcf.gz	1.203864 seconds
Concatenating /scratch/rohlfslab/abierly2/LongTR/longTR_pipeline_HG01509/HG01509.chr9.vcf.gz	1.012973 seconds
Concatenating /scratch/rohlfslab/abierly2/LongTR/longTR_pipeline_HG01509/HG01509.chrM.vcf.gz	0.000486 seconds
Concatenating /scratch/rohlfslab/abierly2/LongTR/longTR_pipeline_HG01509/HG01509.chrX.vcf.gz	0.434405 seconds
Concatenating /scratch/rohlfslab/abierly2/LongTR/longTR_pipeline_HG01509/HG01509.chrY.vcf.gz	0.024017 seconds
