Checking the headers and starting positions of 25 files
Concatenating /scratch/rohlfslab/abierly2/LongTR/longTR_pipeline_NA18947/NA18947.chr10.vcf.gz	0.743444 seconds
Concatenating /scratch/rohlfslab/abierly2/LongTR/longTR_pipeline_NA18947/NA18947.chr11.vcf.gz	0.743068 seconds
Concatenating /scratch/rohlfslab/abierly2/LongTR/longTR_pipeline_NA18947/NA18947.chr12.vcf.gz	0.765873 seconds
Concatenating /scratch/rohlfslab/abierly2/LongTR/longTR_pipeline_NA18947/NA18947.chr13.vcf.gz	0.483168 seconds
Concatenating /scratch/rohlfslab/abierly2/LongTR/longTR_pipeline_NA18947/NA18947.chr14.vcf.gz	0.517332 seconds
Concatenating /scratch/rohlfslab/abierly2/LongTR/longTR_pipeline_NA18947/NA18947.chr15.vcf.gz	0.490574 seconds
Concatenating /scratch/rohlfslab/abierly2/LongTR/longTR_pipeline_NA18947/NA18947.chr16.vcf.gz	0.509790 seconds
Concatenating /scratch/rohlfslab/abierly2/LongTR/longTR_pipeline_NA18947/NA18947.chr17.vcf.gz	0.556472 seconds
Concatenating /scratch/rohlfslab/abierly2/LongTR/longTR_pipeline_NA18947/NA18947.chr18.vcf.gz	0.357316 seconds
Concatenating /scratch/rohlfslab/abierly2/LongTR/longTR_pipeline_NA18947/NA18947.chr19.vcf.gz	0.475825 seconds
Concatenating /scratch/rohlfslab/abierly2/LongTR/longTR_pipeline_NA18947/NA18947.chr1.vcf.gz	1.388129 seconds
Concatenating /scratch/rohlfslab/abierly2/LongTR/longTR_pipeline_NA18947/NA18947.chr20.vcf.gz	0.334429 seconds
Concatenating /scratch/rohlfslab/abierly2/LongTR/longTR_pipeline_NA18947/NA18947.chr21.vcf.gz	0.186125 seconds
Concatenating /scratch/rohlfslab/abierly2/LongTR/longTR_pipeline_NA18947/NA18947.chr22.vcf.gz	0.248725 seconds
Concatenating /scratch/rohlfslab/abierly2/LongTR/longTR_pipeline_NA18947/NA18947.chr2.vcf.gz	1.312223 seconds
Concatenating /scratch/rohlfslab/abierly2/LongTR/longTR_pipeline_NA18947/NA18947.chr3.vcf.gz	1.044107 seconds
Concatenating /scratch/rohlfslab/abierly2/LongTR/longTR_pipeline_NA18947/NA18947.chr4.vcf.gz	0.941299 seconds
Concatenating /scratch/rohlfslab/abierly2/LongTR/longTR_pipeline_NA18947/NA18947.chr5.vcf.gz	0.953163 seconds
Concatenating /scratch/rohlfslab/abierly2/LongTR/longTR_pipeline_NA18947/NA18947.chr6.vcf.gz	0.918562 seconds
Concatenating /scratch/rohlfslab/abierly2/LongTR/longTR_pipeline_NA18947/NA18947.chr7.vcf.gz	0.885928 seconds
Concatenating /scratch/rohlfslab/abierly2/LongTR/longTR_pipeline_NA18947/NA18947.chr8.vcf.gz	0.739185 seconds
Concatenating /scratch/rohlfslab/abierly2/LongTR/longTR_pipeline_NA18947/NA18947.chr9.vcf.gz	0.670704 seconds
Concatenating /scratch/rohlfslab/abierly2/LongTR/longTR_pipeline_NA18947/NA18947.chrM.vcf.gz	0.000304 seconds
Concatenating /scratch/rohlfslab/abierly2/LongTR/longTR_pipeline_NA18947/NA18947.chrX.vcf.gz	0.717473 seconds
Concatenating /scratch/rohlfslab/abierly2/LongTR/longTR_pipeline_NA18947/NA18947.chrY.vcf.gz	0.000287 seconds
