Checking the headers and starting positions of 25 files
Concatenating /scratch/rohlfslab/abierly2/LongTR/longTR_pipeline_HG02031/HG02031.chr10.vcf.gz	0.387230 seconds
Concatenating /scratch/rohlfslab/abierly2/LongTR/longTR_pipeline_HG02031/HG02031.chr11.vcf.gz	0.364571 seconds
Concatenating /scratch/rohlfslab/abierly2/LongTR/longTR_pipeline_HG02031/HG02031.chr12.vcf.gz	0.398663 seconds
Concatenating /scratch/rohlfslab/abierly2/LongTR/longTR_pipeline_HG02031/HG02031.chr13.vcf.gz	0.276390 seconds
Concatenating /scratch/rohlfslab/abierly2/LongTR/longTR_pipeline_HG02031/HG02031.chr14.vcf.gz	0.262113 seconds
Concatenating /scratch/rohlfslab/abierly2/LongTR/longTR_pipeline_HG02031/HG02031.chr15.vcf.gz	0.234097 seconds
Concatenating /scratch/rohlfslab/abierly2/LongTR/longTR_pipeline_HG02031/HG02031.chr16.vcf.gz	0.214475 seconds
Concatenating /scratch/rohlfslab/abierly2/LongTR/longTR_pipeline_HG02031/HG02031.chr17.vcf.gz	0.239904 seconds
Concatenating /scratch/rohlfslab/abierly2/LongTR/longTR_pipeline_HG02031/HG02031.chr18.vcf.gz	0.197436 seconds
Concatenating /scratch/rohlfslab/abierly2/LongTR/longTR_pipeline_HG02031/HG02031.chr19.vcf.gz	0.169497 seconds
Concatenating /scratch/rohlfslab/abierly2/LongTR/longTR_pipeline_HG02031/HG02031.chr1.vcf.gz	0.671118 seconds
Concatenating /scratch/rohlfslab/abierly2/LongTR/longTR_pipeline_HG02031/HG02031.chr20.vcf.gz	0.153501 seconds
Concatenating /scratch/rohlfslab/abierly2/LongTR/longTR_pipeline_HG02031/HG02031.chr21.vcf.gz	0.096438 seconds
Concatenating /scratch/rohlfslab/abierly2/LongTR/longTR_pipeline_HG02031/HG02031.chr22.vcf.gz	0.097461 seconds
Concatenating /scratch/rohlfslab/abierly2/LongTR/longTR_pipeline_HG02031/HG02031.chr2.vcf.gz	0.702659 seconds
Concatenating /scratch/rohlfslab/abierly2/LongTR/longTR_pipeline_HG02031/HG02031.chr3.vcf.gz	0.560812 seconds
Concatenating /scratch/rohlfslab/abierly2/LongTR/longTR_pipeline_HG02031/HG02031.chr4.vcf.gz	0.542182 seconds
Concatenating /scratch/rohlfslab/abierly2/LongTR/longTR_pipeline_HG02031/HG02031.chr5.vcf.gz	0.512046 seconds
Concatenating /scratch/rohlfslab/abierly2/LongTR/longTR_pipeline_HG02031/HG02031.chr6.vcf.gz	0.500642 seconds
Concatenating /scratch/rohlfslab/abierly2/LongTR/longTR_pipeline_HG02031/HG02031.chr7.vcf.gz	0.460000 seconds
Concatenating /scratch/rohlfslab/abierly2/LongTR/longTR_pipeline_HG02031/HG02031.chr8.vcf.gz	0.402871 seconds
Concatenating /scratch/rohlfslab/abierly2/LongTR/longTR_pipeline_HG02031/HG02031.chr9.vcf.gz	0.332315 seconds
Concatenating /scratch/rohlfslab/abierly2/LongTR/longTR_pipeline_HG02031/HG02031.chrM.vcf.gz	0.000370 seconds
Concatenating /scratch/rohlfslab/abierly2/LongTR/longTR_pipeline_HG02031/HG02031.chrX.vcf.gz	0.388580 seconds
Concatenating /scratch/rohlfslab/abierly2/LongTR/longTR_pipeline_HG02031/HG02031.chrY.vcf.gz	0.000357 seconds
