Checking the headers and starting positions of 25 files
Concatenating /scratch/rohlfslab/abierly2/LongTR/longTR_pipeline_HG04156/HG04156.chr10.vcf.gz	0.920670 seconds
Concatenating /scratch/rohlfslab/abierly2/LongTR/longTR_pipeline_HG04156/HG04156.chr11.vcf.gz	0.882532 seconds
Concatenating /scratch/rohlfslab/abierly2/LongTR/longTR_pipeline_HG04156/HG04156.chr12.vcf.gz	0.940800 seconds
Concatenating /scratch/rohlfslab/abierly2/LongTR/longTR_pipeline_HG04156/HG04156.chr13.vcf.gz	0.629662 seconds
Concatenating /scratch/rohlfslab/abierly2/LongTR/longTR_pipeline_HG04156/HG04156.chr14.vcf.gz	0.614513 seconds
Concatenating /scratch/rohlfslab/abierly2/LongTR/longTR_pipeline_HG04156/HG04156.chr15.vcf.gz	0.571896 seconds
Concatenating /scratch/rohlfslab/abierly2/LongTR/longTR_pipeline_HG04156/HG04156.chr16.vcf.gz	0.594416 seconds
Concatenating /scratch/rohlfslab/abierly2/LongTR/longTR_pipeline_HG04156/HG04156.chr17.vcf.gz	0.629131 seconds
Concatenating /scratch/rohlfslab/abierly2/LongTR/longTR_pipeline_HG04156/HG04156.chr18.vcf.gz	0.460260 seconds
Concatenating /scratch/rohlfslab/abierly2/LongTR/longTR_pipeline_HG04156/HG04156.chr19.vcf.gz	0.490609 seconds
Concatenating /scratch/rohlfslab/abierly2/LongTR/longTR_pipeline_HG04156/HG04156.chr1.vcf.gz	1.670207 seconds
Concatenating /scratch/rohlfslab/abierly2/LongTR/longTR_pipeline_HG04156/HG04156.chr20.vcf.gz	0.401546 seconds
Concatenating /scratch/rohlfslab/abierly2/LongTR/longTR_pipeline_HG04156/HG04156.chr21.vcf.gz	0.221550 seconds
Concatenating /scratch/rohlfslab/abierly2/LongTR/longTR_pipeline_HG04156/HG04156.chr22.vcf.gz	0.262321 seconds
Concatenating /scratch/rohlfslab/abierly2/LongTR/longTR_pipeline_HG04156/HG04156.chr2.vcf.gz	1.665515 seconds
Concatenating /scratch/rohlfslab/abierly2/LongTR/longTR_pipeline_HG04156/HG04156.chr3.vcf.gz	1.332416 seconds
Concatenating /scratch/rohlfslab/abierly2/LongTR/longTR_pipeline_HG04156/HG04156.chr4.vcf.gz	1.256635 seconds
Concatenating /scratch/rohlfslab/abierly2/LongTR/longTR_pipeline_HG04156/HG04156.chr5.vcf.gz	1.196878 seconds
Concatenating /scratch/rohlfslab/abierly2/LongTR/longTR_pipeline_HG04156/HG04156.chr6.vcf.gz	1.155120 seconds
Concatenating /scratch/rohlfslab/abierly2/LongTR/longTR_pipeline_HG04156/HG04156.chr7.vcf.gz	1.081135 seconds
Concatenating /scratch/rohlfslab/abierly2/LongTR/longTR_pipeline_HG04156/HG04156.chr8.vcf.gz	0.954341 seconds
Concatenating /scratch/rohlfslab/abierly2/LongTR/longTR_pipeline_HG04156/HG04156.chr9.vcf.gz	0.811691 seconds
Concatenating /scratch/rohlfslab/abierly2/LongTR/longTR_pipeline_HG04156/HG04156.chrM.vcf.gz	0.000361 seconds
Concatenating /scratch/rohlfslab/abierly2/LongTR/longTR_pipeline_HG04156/HG04156.chrX.vcf.gz	0.965804 seconds
Concatenating /scratch/rohlfslab/abierly2/LongTR/longTR_pipeline_HG04156/HG04156.chrY.vcf.gz	0.000409 seconds
