Checking the headers and starting positions of 25 files
Concatenating /scratch/rohlfslab/abierly2/LongTR/longTR_pipeline_HG01525/HG01525.chr10.vcf.gz	1.205269 seconds
Concatenating /scratch/rohlfslab/abierly2/LongTR/longTR_pipeline_HG01525/HG01525.chr11.vcf.gz	1.148152 seconds
Concatenating /scratch/rohlfslab/abierly2/LongTR/longTR_pipeline_HG01525/HG01525.chr12.vcf.gz	1.225521 seconds
Concatenating /scratch/rohlfslab/abierly2/LongTR/longTR_pipeline_HG01525/HG01525.chr13.vcf.gz	0.838561 seconds
Concatenating /scratch/rohlfslab/abierly2/LongTR/longTR_pipeline_HG01525/HG01525.chr14.vcf.gz	0.800338 seconds
Concatenating /scratch/rohlfslab/abierly2/LongTR/longTR_pipeline_HG01525/HG01525.chr15.vcf.gz	0.746503 seconds
Concatenating /scratch/rohlfslab/abierly2/LongTR/longTR_pipeline_HG01525/HG01525.chr16.vcf.gz	0.792272 seconds
Concatenating /scratch/rohlfslab/abierly2/LongTR/longTR_pipeline_HG01525/HG01525.chr17.vcf.gz	0.816395 seconds
Concatenating /scratch/rohlfslab/abierly2/LongTR/longTR_pipeline_HG01525/HG01525.chr18.vcf.gz	0.603041 seconds
Concatenating /scratch/rohlfslab/abierly2/LongTR/longTR_pipeline_HG01525/HG01525.chr19.vcf.gz	0.680243 seconds
Concatenating /scratch/rohlfslab/abierly2/LongTR/longTR_pipeline_HG01525/HG01525.chr1.vcf.gz	2.150713 seconds
Concatenating /scratch/rohlfslab/abierly2/LongTR/longTR_pipeline_HG01525/HG01525.chr20.vcf.gz	0.508212 seconds
Concatenating /scratch/rohlfslab/abierly2/LongTR/longTR_pipeline_HG01525/HG01525.chr21.vcf.gz	0.294826 seconds
Concatenating /scratch/rohlfslab/abierly2/LongTR/longTR_pipeline_HG01525/HG01525.chr22.vcf.gz	0.355738 seconds
Concatenating /scratch/rohlfslab/abierly2/LongTR/longTR_pipeline_HG01525/HG01525.chr2.vcf.gz	2.143648 seconds
Concatenating /scratch/rohlfslab/abierly2/LongTR/longTR_pipeline_HG01525/HG01525.chr3.vcf.gz	1.731912 seconds
Concatenating /scratch/rohlfslab/abierly2/LongTR/longTR_pipeline_HG01525/HG01525.chr4.vcf.gz	1.636336 seconds
Concatenating /scratch/rohlfslab/abierly2/LongTR/longTR_pipeline_HG01525/HG01525.chr5.vcf.gz	1.590468 seconds
Concatenating /scratch/rohlfslab/abierly2/LongTR/longTR_pipeline_HG01525/HG01525.chr6.vcf.gz	1.512169 seconds
Concatenating /scratch/rohlfslab/abierly2/LongTR/longTR_pipeline_HG01525/HG01525.chr7.vcf.gz	1.465996 seconds
Concatenating /scratch/rohlfslab/abierly2/LongTR/longTR_pipeline_HG01525/HG01525.chr8.vcf.gz	1.243363 seconds
Concatenating /scratch/rohlfslab/abierly2/LongTR/longTR_pipeline_HG01525/HG01525.chr9.vcf.gz	1.054812 seconds
Concatenating /scratch/rohlfslab/abierly2/LongTR/longTR_pipeline_HG01525/HG01525.chrM.vcf.gz	0.000337 seconds
Concatenating /scratch/rohlfslab/abierly2/LongTR/longTR_pipeline_HG01525/HG01525.chrX.vcf.gz	1.301172 seconds
Concatenating /scratch/rohlfslab/abierly2/LongTR/longTR_pipeline_HG01525/HG01525.chrY.vcf.gz	0.000356 seconds
