Checking the headers and starting positions of 25 files
Concatenating /scratch/rohlfslab/abierly2/LongTR/longTR_pipeline_HG02089/HG02089.chr10.vcf.gz	1.053296 seconds
Concatenating /scratch/rohlfslab/abierly2/LongTR/longTR_pipeline_HG02089/HG02089.chr11.vcf.gz	0.997243 seconds
Concatenating /scratch/rohlfslab/abierly2/LongTR/longTR_pipeline_HG02089/HG02089.chr12.vcf.gz	1.070166 seconds
Concatenating /scratch/rohlfslab/abierly2/LongTR/longTR_pipeline_HG02089/HG02089.chr13.vcf.gz	0.716716 seconds
Concatenating /scratch/rohlfslab/abierly2/LongTR/longTR_pipeline_HG02089/HG02089.chr14.vcf.gz	0.699720 seconds
Concatenating /scratch/rohlfslab/abierly2/LongTR/longTR_pipeline_HG02089/HG02089.chr15.vcf.gz	0.667169 seconds
Concatenating /scratch/rohlfslab/abierly2/LongTR/longTR_pipeline_HG02089/HG02089.chr16.vcf.gz	0.681252 seconds
Concatenating /scratch/rohlfslab/abierly2/LongTR/longTR_pipeline_HG02089/HG02089.chr17.vcf.gz	0.732863 seconds
Concatenating /scratch/rohlfslab/abierly2/LongTR/longTR_pipeline_HG02089/HG02089.chr18.vcf.gz	0.517409 seconds
Concatenating /scratch/rohlfslab/abierly2/LongTR/longTR_pipeline_HG02089/HG02089.chr19.vcf.gz	0.608751 seconds
Concatenating /scratch/rohlfslab/abierly2/LongTR/longTR_pipeline_HG02089/HG02089.chr1.vcf.gz	1.907356 seconds
Concatenating /scratch/rohlfslab/abierly2/LongTR/longTR_pipeline_HG02089/HG02089.chr20.vcf.gz	0.431432 seconds
Concatenating /scratch/rohlfslab/abierly2/LongTR/longTR_pipeline_HG02089/HG02089.chr21.vcf.gz	0.252063 seconds
Concatenating /scratch/rohlfslab/abierly2/LongTR/longTR_pipeline_HG02089/HG02089.chr22.vcf.gz	0.313813 seconds
Concatenating /scratch/rohlfslab/abierly2/LongTR/longTR_pipeline_HG02089/HG02089.chr2.vcf.gz	1.892307 seconds
Concatenating /scratch/rohlfslab/abierly2/LongTR/longTR_pipeline_HG02089/HG02089.chr3.vcf.gz	1.514120 seconds
Concatenating /scratch/rohlfslab/abierly2/LongTR/longTR_pipeline_HG02089/HG02089.chr4.vcf.gz	1.405205 seconds
Concatenating /scratch/rohlfslab/abierly2/LongTR/longTR_pipeline_HG02089/HG02089.chr5.vcf.gz	1.358400 seconds
Concatenating /scratch/rohlfslab/abierly2/LongTR/longTR_pipeline_HG02089/HG02089.chr6.vcf.gz	1.320186 seconds
Concatenating /scratch/rohlfslab/abierly2/LongTR/longTR_pipeline_HG02089/HG02089.chr7.vcf.gz	1.262960 seconds
Concatenating /scratch/rohlfslab/abierly2/LongTR/longTR_pipeline_HG02089/HG02089.chr8.vcf.gz	1.074976 seconds
Concatenating /scratch/rohlfslab/abierly2/LongTR/longTR_pipeline_HG02089/HG02089.chr9.vcf.gz	0.928783 seconds
Concatenating /scratch/rohlfslab/abierly2/LongTR/longTR_pipeline_HG02089/HG02089.chrM.vcf.gz	0.000340 seconds
Concatenating /scratch/rohlfslab/abierly2/LongTR/longTR_pipeline_HG02089/HG02089.chrX.vcf.gz	1.063587 seconds
Concatenating /scratch/rohlfslab/abierly2/LongTR/longTR_pipeline_HG02089/HG02089.chrY.vcf.gz	0.000316 seconds
