Checking the headers and starting positions of 25 files
Concatenating /scratch/rohlfslab/abierly2/LongTR/longTR_pipeline_HG01606/HG01606.chr10.vcf.gz	0.391502 seconds
Concatenating /scratch/rohlfslab/abierly2/LongTR/longTR_pipeline_HG01606/HG01606.chr11.vcf.gz	0.376950 seconds
Concatenating /scratch/rohlfslab/abierly2/LongTR/longTR_pipeline_HG01606/HG01606.chr12.vcf.gz	0.409453 seconds
Concatenating /scratch/rohlfslab/abierly2/LongTR/longTR_pipeline_HG01606/HG01606.chr13.vcf.gz	0.257089 seconds
Concatenating /scratch/rohlfslab/abierly2/LongTR/longTR_pipeline_HG01606/HG01606.chr14.vcf.gz	0.261020 seconds
Concatenating /scratch/rohlfslab/abierly2/LongTR/longTR_pipeline_HG01606/HG01606.chr15.vcf.gz	0.268280 seconds
Concatenating /scratch/rohlfslab/abierly2/LongTR/longTR_pipeline_HG01606/HG01606.chr16.vcf.gz	0.244766 seconds
Concatenating /scratch/rohlfslab/abierly2/LongTR/longTR_pipeline_HG01606/HG01606.chr17.vcf.gz	0.271202 seconds
Concatenating /scratch/rohlfslab/abierly2/LongTR/longTR_pipeline_HG01606/HG01606.chr18.vcf.gz	0.185002 seconds
Concatenating /scratch/rohlfslab/abierly2/LongTR/longTR_pipeline_HG01606/HG01606.chr19.vcf.gz	0.221157 seconds
Concatenating /scratch/rohlfslab/abierly2/LongTR/longTR_pipeline_HG01606/HG01606.chr1.vcf.gz	0.697605 seconds
Concatenating /scratch/rohlfslab/abierly2/LongTR/longTR_pipeline_HG01606/HG01606.chr20.vcf.gz	0.155563 seconds
Concatenating /scratch/rohlfslab/abierly2/LongTR/longTR_pipeline_HG01606/HG01606.chr21.vcf.gz	0.098408 seconds
Concatenating /scratch/rohlfslab/abierly2/LongTR/longTR_pipeline_HG01606/HG01606.chr22.vcf.gz	0.126012 seconds
Concatenating /scratch/rohlfslab/abierly2/LongTR/longTR_pipeline_HG01606/HG01606.chr2.vcf.gz	0.720078 seconds
Concatenating /scratch/rohlfslab/abierly2/LongTR/longTR_pipeline_HG01606/HG01606.chr3.vcf.gz	0.577715 seconds
Concatenating /scratch/rohlfslab/abierly2/LongTR/longTR_pipeline_HG01606/HG01606.chr4.vcf.gz	0.512628 seconds
Concatenating /scratch/rohlfslab/abierly2/LongTR/longTR_pipeline_HG01606/HG01606.chr5.vcf.gz	0.511230 seconds
Concatenating /scratch/rohlfslab/abierly2/LongTR/longTR_pipeline_HG01606/HG01606.chr6.vcf.gz	0.516581 seconds
Concatenating /scratch/rohlfslab/abierly2/LongTR/longTR_pipeline_HG01606/HG01606.chr7.vcf.gz	0.460842 seconds
Concatenating /scratch/rohlfslab/abierly2/LongTR/longTR_pipeline_HG01606/HG01606.chr8.vcf.gz	0.394804 seconds
Concatenating /scratch/rohlfslab/abierly2/LongTR/longTR_pipeline_HG01606/HG01606.chr9.vcf.gz	0.325451 seconds
Concatenating /scratch/rohlfslab/abierly2/LongTR/longTR_pipeline_HG01606/HG01606.chrM.vcf.gz	0.000277 seconds
Concatenating /scratch/rohlfslab/abierly2/LongTR/longTR_pipeline_HG01606/HG01606.chrX.vcf.gz	0.030286 seconds
Concatenating /scratch/rohlfslab/abierly2/LongTR/longTR_pipeline_HG01606/HG01606.chrY.vcf.gz	0.000310 seconds
