Checking the headers and starting positions of 25 files
Concatenating /scratch/rohlfslab/abierly2/LongTR/longTR_pipeline_NA18577/NA18577.chr10.vcf.gz	1.190101 seconds
Concatenating /scratch/rohlfslab/abierly2/LongTR/longTR_pipeline_NA18577/NA18577.chr11.vcf.gz	1.137537 seconds
Concatenating /scratch/rohlfslab/abierly2/LongTR/longTR_pipeline_NA18577/NA18577.chr12.vcf.gz	1.202876 seconds
Concatenating /scratch/rohlfslab/abierly2/LongTR/longTR_pipeline_NA18577/NA18577.chr13.vcf.gz	0.837339 seconds
Concatenating /scratch/rohlfslab/abierly2/LongTR/longTR_pipeline_NA18577/NA18577.chr14.vcf.gz	0.792875 seconds
Concatenating /scratch/rohlfslab/abierly2/LongTR/longTR_pipeline_NA18577/NA18577.chr15.vcf.gz	0.740220 seconds
Concatenating /scratch/rohlfslab/abierly2/LongTR/longTR_pipeline_NA18577/NA18577.chr16.vcf.gz	0.766466 seconds
Concatenating /scratch/rohlfslab/abierly2/LongTR/longTR_pipeline_NA18577/NA18577.chr17.vcf.gz	0.801198 seconds
Concatenating /scratch/rohlfslab/abierly2/LongTR/longTR_pipeline_NA18577/NA18577.chr18.vcf.gz	0.603078 seconds
Concatenating /scratch/rohlfslab/abierly2/LongTR/longTR_pipeline_NA18577/NA18577.chr19.vcf.gz	0.652628 seconds
Concatenating /scratch/rohlfslab/abierly2/LongTR/longTR_pipeline_NA18577/NA18577.chr1.vcf.gz	2.130461 seconds
Concatenating /scratch/rohlfslab/abierly2/LongTR/longTR_pipeline_NA18577/NA18577.chr20.vcf.gz	0.498324 seconds
Concatenating /scratch/rohlfslab/abierly2/LongTR/longTR_pipeline_NA18577/NA18577.chr21.vcf.gz	0.288026 seconds
Concatenating /scratch/rohlfslab/abierly2/LongTR/longTR_pipeline_NA18577/NA18577.chr22.vcf.gz	0.352869 seconds
Concatenating /scratch/rohlfslab/abierly2/LongTR/longTR_pipeline_NA18577/NA18577.chr2.vcf.gz	2.130736 seconds
Concatenating /scratch/rohlfslab/abierly2/LongTR/longTR_pipeline_NA18577/NA18577.chr3.vcf.gz	1.711759 seconds
Concatenating /scratch/rohlfslab/abierly2/LongTR/longTR_pipeline_NA18577/NA18577.chr4.vcf.gz	1.621655 seconds
Concatenating /scratch/rohlfslab/abierly2/LongTR/longTR_pipeline_NA18577/NA18577.chr5.vcf.gz	1.537871 seconds
Concatenating /scratch/rohlfslab/abierly2/LongTR/longTR_pipeline_NA18577/NA18577.chr6.vcf.gz	1.481993 seconds
Concatenating /scratch/rohlfslab/abierly2/LongTR/longTR_pipeline_NA18577/NA18577.chr7.vcf.gz	1.429749 seconds
Concatenating /scratch/rohlfslab/abierly2/LongTR/longTR_pipeline_NA18577/NA18577.chr8.vcf.gz	1.237552 seconds
Concatenating /scratch/rohlfslab/abierly2/LongTR/longTR_pipeline_NA18577/NA18577.chr9.vcf.gz	1.046727 seconds
Concatenating /scratch/rohlfslab/abierly2/LongTR/longTR_pipeline_NA18577/NA18577.chrM.vcf.gz	0.000308 seconds
Concatenating /scratch/rohlfslab/abierly2/LongTR/longTR_pipeline_NA18577/NA18577.chrX.vcf.gz	1.290427 seconds
Concatenating /scratch/rohlfslab/abierly2/LongTR/longTR_pipeline_NA18577/NA18577.chrY.vcf.gz	0.000357 seconds
