Checking the headers and starting positions of 25 files
Concatenating /scratch/rohlfslab/abierly2/LongTR/longTR_pipeline_HG01939/HG01939.chr10.vcf.gz	1.172522 seconds
Concatenating /scratch/rohlfslab/abierly2/LongTR/longTR_pipeline_HG01939/HG01939.chr11.vcf.gz	1.116587 seconds
Concatenating /scratch/rohlfslab/abierly2/LongTR/longTR_pipeline_HG01939/HG01939.chr12.vcf.gz	1.187946 seconds
Concatenating /scratch/rohlfslab/abierly2/LongTR/longTR_pipeline_HG01939/HG01939.chr13.vcf.gz	0.809114 seconds
Concatenating /scratch/rohlfslab/abierly2/LongTR/longTR_pipeline_HG01939/HG01939.chr14.vcf.gz	0.774443 seconds
Concatenating /scratch/rohlfslab/abierly2/LongTR/longTR_pipeline_HG01939/HG01939.chr15.vcf.gz	0.727193 seconds
Concatenating /scratch/rohlfslab/abierly2/LongTR/longTR_pipeline_HG01939/HG01939.chr16.vcf.gz	0.768774 seconds
Concatenating /scratch/rohlfslab/abierly2/LongTR/longTR_pipeline_HG01939/HG01939.chr17.vcf.gz	0.794697 seconds
Concatenating /scratch/rohlfslab/abierly2/LongTR/longTR_pipeline_HG01939/HG01939.chr18.vcf.gz	0.584198 seconds
Concatenating /scratch/rohlfslab/abierly2/LongTR/longTR_pipeline_HG01939/HG01939.chr19.vcf.gz	0.664940 seconds
Concatenating /scratch/rohlfslab/abierly2/LongTR/longTR_pipeline_HG01939/HG01939.chr1.vcf.gz	2.100031 seconds
Concatenating /scratch/rohlfslab/abierly2/LongTR/longTR_pipeline_HG01939/HG01939.chr20.vcf.gz	0.493975 seconds
Concatenating /scratch/rohlfslab/abierly2/LongTR/longTR_pipeline_HG01939/HG01939.chr21.vcf.gz	0.287304 seconds
Concatenating /scratch/rohlfslab/abierly2/LongTR/longTR_pipeline_HG01939/HG01939.chr22.vcf.gz	0.346429 seconds
Concatenating /scratch/rohlfslab/abierly2/LongTR/longTR_pipeline_HG01939/HG01939.chr2.vcf.gz	2.084244 seconds
Concatenating /scratch/rohlfslab/abierly2/LongTR/longTR_pipeline_HG01939/HG01939.chr3.vcf.gz	1.664297 seconds
Concatenating /scratch/rohlfslab/abierly2/LongTR/longTR_pipeline_HG01939/HG01939.chr4.vcf.gz	1.583865 seconds
Concatenating /scratch/rohlfslab/abierly2/LongTR/longTR_pipeline_HG01939/HG01939.chr5.vcf.gz	1.503972 seconds
Concatenating /scratch/rohlfslab/abierly2/LongTR/longTR_pipeline_HG01939/HG01939.chr6.vcf.gz	1.455927 seconds
Concatenating /scratch/rohlfslab/abierly2/LongTR/longTR_pipeline_HG01939/HG01939.chr7.vcf.gz	1.400913 seconds
Concatenating /scratch/rohlfslab/abierly2/LongTR/longTR_pipeline_HG01939/HG01939.chr8.vcf.gz	1.208596 seconds
Concatenating /scratch/rohlfslab/abierly2/LongTR/longTR_pipeline_HG01939/HG01939.chr9.vcf.gz	1.029235 seconds
Concatenating /scratch/rohlfslab/abierly2/LongTR/longTR_pipeline_HG01939/HG01939.chrM.vcf.gz	0.000338 seconds
Concatenating /scratch/rohlfslab/abierly2/LongTR/longTR_pipeline_HG01939/HG01939.chrX.vcf.gz	1.240848 seconds
Concatenating /scratch/rohlfslab/abierly2/LongTR/longTR_pipeline_HG01939/HG01939.chrY.vcf.gz	0.000372 seconds
