Checking the headers and starting positions of 25 files
Concatenating /scratch/rohlfslab/abierly2/LongTR/longTR_pipeline_HG02691/HG02691.chr10.vcf.gz	1.149536 seconds
Concatenating /scratch/rohlfslab/abierly2/LongTR/longTR_pipeline_HG02691/HG02691.chr11.vcf.gz	1.093035 seconds
Concatenating /scratch/rohlfslab/abierly2/LongTR/longTR_pipeline_HG02691/HG02691.chr12.vcf.gz	1.167819 seconds
Concatenating /scratch/rohlfslab/abierly2/LongTR/longTR_pipeline_HG02691/HG02691.chr13.vcf.gz	0.789925 seconds
Concatenating /scratch/rohlfslab/abierly2/LongTR/longTR_pipeline_HG02691/HG02691.chr14.vcf.gz	0.771263 seconds
Concatenating /scratch/rohlfslab/abierly2/LongTR/longTR_pipeline_HG02691/HG02691.chr15.vcf.gz	0.726247 seconds
Concatenating /scratch/rohlfslab/abierly2/LongTR/longTR_pipeline_HG02691/HG02691.chr16.vcf.gz	0.723132 seconds
Concatenating /scratch/rohlfslab/abierly2/LongTR/longTR_pipeline_HG02691/HG02691.chr17.vcf.gz	0.773243 seconds
Concatenating /scratch/rohlfslab/abierly2/LongTR/longTR_pipeline_HG02691/HG02691.chr18.vcf.gz	0.571569 seconds
Concatenating /scratch/rohlfslab/abierly2/LongTR/longTR_pipeline_HG02691/HG02691.chr19.vcf.gz	0.645655 seconds
Concatenating /scratch/rohlfslab/abierly2/LongTR/longTR_pipeline_HG02691/HG02691.chr1.vcf.gz	2.090528 seconds
Concatenating /scratch/rohlfslab/abierly2/LongTR/longTR_pipeline_HG02691/HG02691.chr20.vcf.gz	0.499246 seconds
Concatenating /scratch/rohlfslab/abierly2/LongTR/longTR_pipeline_HG02691/HG02691.chr21.vcf.gz	0.283071 seconds
Concatenating /scratch/rohlfslab/abierly2/LongTR/longTR_pipeline_HG02691/HG02691.chr22.vcf.gz	0.347771 seconds
Concatenating /scratch/rohlfslab/abierly2/LongTR/longTR_pipeline_HG02691/HG02691.chr2.vcf.gz	2.047361 seconds
Concatenating /scratch/rohlfslab/abierly2/LongTR/longTR_pipeline_HG02691/HG02691.chr3.vcf.gz	1.660634 seconds
Concatenating /scratch/rohlfslab/abierly2/LongTR/longTR_pipeline_HG02691/HG02691.chr4.vcf.gz	1.583087 seconds
Concatenating /scratch/rohlfslab/abierly2/LongTR/longTR_pipeline_HG02691/HG02691.chr5.vcf.gz	1.510506 seconds
Concatenating /scratch/rohlfslab/abierly2/LongTR/longTR_pipeline_HG02691/HG02691.chr6.vcf.gz	1.444043 seconds
Concatenating /scratch/rohlfslab/abierly2/LongTR/longTR_pipeline_HG02691/HG02691.chr7.vcf.gz	1.402274 seconds
Concatenating /scratch/rohlfslab/abierly2/LongTR/longTR_pipeline_HG02691/HG02691.chr8.vcf.gz	1.186134 seconds
Concatenating /scratch/rohlfslab/abierly2/LongTR/longTR_pipeline_HG02691/HG02691.chr9.vcf.gz	1.013440 seconds
Concatenating /scratch/rohlfslab/abierly2/LongTR/longTR_pipeline_HG02691/HG02691.chrM.vcf.gz	0.000581 seconds
Concatenating /scratch/rohlfslab/abierly2/LongTR/longTR_pipeline_HG02691/HG02691.chrX.vcf.gz	1.192793 seconds
Concatenating /scratch/rohlfslab/abierly2/LongTR/longTR_pipeline_HG02691/HG02691.chrY.vcf.gz	0.000487 seconds
