Checking the headers and starting positions of 25 files
Concatenating /scratch/rohlfslab/abierly2/LongTR/longTR_pipeline_HG02724/HG02724.chr10.vcf.gz	1.227273 seconds
Concatenating /scratch/rohlfslab/abierly2/LongTR/longTR_pipeline_HG02724/HG02724.chr11.vcf.gz	1.152123 seconds
Concatenating /scratch/rohlfslab/abierly2/LongTR/longTR_pipeline_HG02724/HG02724.chr12.vcf.gz	1.217440 seconds
Concatenating /scratch/rohlfslab/abierly2/LongTR/longTR_pipeline_HG02724/HG02724.chr13.vcf.gz	0.841498 seconds
Concatenating /scratch/rohlfslab/abierly2/LongTR/longTR_pipeline_HG02724/HG02724.chr14.vcf.gz	0.796346 seconds
Concatenating /scratch/rohlfslab/abierly2/LongTR/longTR_pipeline_HG02724/HG02724.chr15.vcf.gz	0.749895 seconds
Concatenating /scratch/rohlfslab/abierly2/LongTR/longTR_pipeline_HG02724/HG02724.chr16.vcf.gz	0.782631 seconds
Concatenating /scratch/rohlfslab/abierly2/LongTR/longTR_pipeline_HG02724/HG02724.chr17.vcf.gz	0.814244 seconds
Concatenating /scratch/rohlfslab/abierly2/LongTR/longTR_pipeline_HG02724/HG02724.chr18.vcf.gz	0.607326 seconds
Concatenating /scratch/rohlfslab/abierly2/LongTR/longTR_pipeline_HG02724/HG02724.chr19.vcf.gz	0.672611 seconds
Concatenating /scratch/rohlfslab/abierly2/LongTR/longTR_pipeline_HG02724/HG02724.chr1.vcf.gz	2.153651 seconds
Concatenating /scratch/rohlfslab/abierly2/LongTR/longTR_pipeline_HG02724/HG02724.chr20.vcf.gz	0.506248 seconds
Concatenating /scratch/rohlfslab/abierly2/LongTR/longTR_pipeline_HG02724/HG02724.chr21.vcf.gz	0.292772 seconds
Concatenating /scratch/rohlfslab/abierly2/LongTR/longTR_pipeline_HG02724/HG02724.chr22.vcf.gz	0.357133 seconds
Concatenating /scratch/rohlfslab/abierly2/LongTR/longTR_pipeline_HG02724/HG02724.chr2.vcf.gz	2.156123 seconds
Concatenating /scratch/rohlfslab/abierly2/LongTR/longTR_pipeline_HG02724/HG02724.chr3.vcf.gz	1.717173 seconds
Concatenating /scratch/rohlfslab/abierly2/LongTR/longTR_pipeline_HG02724/HG02724.chr4.vcf.gz	1.638618 seconds
Concatenating /scratch/rohlfslab/abierly2/LongTR/longTR_pipeline_HG02724/HG02724.chr5.vcf.gz	1.554338 seconds
Concatenating /scratch/rohlfslab/abierly2/LongTR/longTR_pipeline_HG02724/HG02724.chr6.vcf.gz	1.494933 seconds
Concatenating /scratch/rohlfslab/abierly2/LongTR/longTR_pipeline_HG02724/HG02724.chr7.vcf.gz	1.442536 seconds
Concatenating /scratch/rohlfslab/abierly2/LongTR/longTR_pipeline_HG02724/HG02724.chr8.vcf.gz	1.252912 seconds
Concatenating /scratch/rohlfslab/abierly2/LongTR/longTR_pipeline_HG02724/HG02724.chr9.vcf.gz	1.059299 seconds
Concatenating /scratch/rohlfslab/abierly2/LongTR/longTR_pipeline_HG02724/HG02724.chrM.vcf.gz	0.000310 seconds
Concatenating /scratch/rohlfslab/abierly2/LongTR/longTR_pipeline_HG02724/HG02724.chrX.vcf.gz	0.695857 seconds
Concatenating /scratch/rohlfslab/abierly2/LongTR/longTR_pipeline_HG02724/HG02724.chrY.vcf.gz	0.039553 seconds
