Checking the headers and starting positions of 25 files
Concatenating /scratch/rohlfslab/abierly2/LongTR/longTR_pipeline_HG00436/HG00436.chr10.vcf.gz	1.292407 seconds
Concatenating /scratch/rohlfslab/abierly2/LongTR/longTR_pipeline_HG00436/HG00436.chr11.vcf.gz	1.217663 seconds
Concatenating /scratch/rohlfslab/abierly2/LongTR/longTR_pipeline_HG00436/HG00436.chr12.vcf.gz	1.292635 seconds
Concatenating /scratch/rohlfslab/abierly2/LongTR/longTR_pipeline_HG00436/HG00436.chr13.vcf.gz	0.887522 seconds
Concatenating /scratch/rohlfslab/abierly2/LongTR/longTR_pipeline_HG00436/HG00436.chr14.vcf.gz	0.845467 seconds
Concatenating /scratch/rohlfslab/abierly2/LongTR/longTR_pipeline_HG00436/HG00436.chr15.vcf.gz	0.790377 seconds
Concatenating /scratch/rohlfslab/abierly2/LongTR/longTR_pipeline_HG00436/HG00436.chr16.vcf.gz	0.836098 seconds
Concatenating /scratch/rohlfslab/abierly2/LongTR/longTR_pipeline_HG00436/HG00436.chr17.vcf.gz	0.869699 seconds
Concatenating /scratch/rohlfslab/abierly2/LongTR/longTR_pipeline_HG00436/HG00436.chr18.vcf.gz	0.649969 seconds
Concatenating /scratch/rohlfslab/abierly2/LongTR/longTR_pipeline_HG00436/HG00436.chr19.vcf.gz	0.738413 seconds
Concatenating /scratch/rohlfslab/abierly2/LongTR/longTR_pipeline_HG00436/HG00436.chr1.vcf.gz	2.314055 seconds
Concatenating /scratch/rohlfslab/abierly2/LongTR/longTR_pipeline_HG00436/HG00436.chr20.vcf.gz	0.572644 seconds
Concatenating /scratch/rohlfslab/abierly2/LongTR/longTR_pipeline_HG00436/HG00436.chr21.vcf.gz	0.314721 seconds
Concatenating /scratch/rohlfslab/abierly2/LongTR/longTR_pipeline_HG00436/HG00436.chr22.vcf.gz	0.394217 seconds
Concatenating /scratch/rohlfslab/abierly2/LongTR/longTR_pipeline_HG00436/HG00436.chr2.vcf.gz	2.343982 seconds
Concatenating /scratch/rohlfslab/abierly2/LongTR/longTR_pipeline_HG00436/HG00436.chr3.vcf.gz	1.836655 seconds
Concatenating /scratch/rohlfslab/abierly2/LongTR/longTR_pipeline_HG00436/HG00436.chr4.vcf.gz	1.755544 seconds
Concatenating /scratch/rohlfslab/abierly2/LongTR/longTR_pipeline_HG00436/HG00436.chr5.vcf.gz	1.655275 seconds
Concatenating /scratch/rohlfslab/abierly2/LongTR/longTR_pipeline_HG00436/HG00436.chr6.vcf.gz	1.598121 seconds
Concatenating /scratch/rohlfslab/abierly2/LongTR/longTR_pipeline_HG00436/HG00436.chr7.vcf.gz	1.543983 seconds
Concatenating /scratch/rohlfslab/abierly2/LongTR/longTR_pipeline_HG00436/HG00436.chr8.vcf.gz	1.329753 seconds
Concatenating /scratch/rohlfslab/abierly2/LongTR/longTR_pipeline_HG00436/HG00436.chr9.vcf.gz	1.122739 seconds
Concatenating /scratch/rohlfslab/abierly2/LongTR/longTR_pipeline_HG00436/HG00436.chrM.vcf.gz	0.000359 seconds
Concatenating /scratch/rohlfslab/abierly2/LongTR/longTR_pipeline_HG00436/HG00436.chrX.vcf.gz	1.167145 seconds
Concatenating /scratch/rohlfslab/abierly2/LongTR/longTR_pipeline_HG00436/HG00436.chrY.vcf.gz	0.060690 seconds
