Checking the headers and starting positions of 25 files
Concatenating /scratch/rohlfslab/abierly2/LongTR/longTR_pipeline_HG01873/HG01873.chr10.vcf.gz	1.050130 seconds
Concatenating /scratch/rohlfslab/abierly2/LongTR/longTR_pipeline_HG01873/HG01873.chr11.vcf.gz	1.017965 seconds
Concatenating /scratch/rohlfslab/abierly2/LongTR/longTR_pipeline_HG01873/HG01873.chr12.vcf.gz	1.067594 seconds
Concatenating /scratch/rohlfslab/abierly2/LongTR/longTR_pipeline_HG01873/HG01873.chr13.vcf.gz	0.722701 seconds
Concatenating /scratch/rohlfslab/abierly2/LongTR/longTR_pipeline_HG01873/HG01873.chr14.vcf.gz	0.698466 seconds
Concatenating /scratch/rohlfslab/abierly2/LongTR/longTR_pipeline_HG01873/HG01873.chr15.vcf.gz	0.651492 seconds
Concatenating /scratch/rohlfslab/abierly2/LongTR/longTR_pipeline_HG01873/HG01873.chr16.vcf.gz	0.666149 seconds
Concatenating /scratch/rohlfslab/abierly2/LongTR/longTR_pipeline_HG01873/HG01873.chr17.vcf.gz	0.708796 seconds
Concatenating /scratch/rohlfslab/abierly2/LongTR/longTR_pipeline_HG01873/HG01873.chr18.vcf.gz	0.531125 seconds
Concatenating /scratch/rohlfslab/abierly2/LongTR/longTR_pipeline_HG01873/HG01873.chr19.vcf.gz	0.583917 seconds
Concatenating /scratch/rohlfslab/abierly2/LongTR/longTR_pipeline_HG01873/HG01873.chr1.vcf.gz	1.885409 seconds
Concatenating /scratch/rohlfslab/abierly2/LongTR/longTR_pipeline_HG01873/HG01873.chr20.vcf.gz	0.440161 seconds
Concatenating /scratch/rohlfslab/abierly2/LongTR/longTR_pipeline_HG01873/HG01873.chr21.vcf.gz	0.251311 seconds
Concatenating /scratch/rohlfslab/abierly2/LongTR/longTR_pipeline_HG01873/HG01873.chr22.vcf.gz	0.300092 seconds
Concatenating /scratch/rohlfslab/abierly2/LongTR/longTR_pipeline_HG01873/HG01873.chr2.vcf.gz	1.884944 seconds
Concatenating /scratch/rohlfslab/abierly2/LongTR/longTR_pipeline_HG01873/HG01873.chr3.vcf.gz	1.517261 seconds
Concatenating /scratch/rohlfslab/abierly2/LongTR/longTR_pipeline_HG01873/HG01873.chr4.vcf.gz	1.431420 seconds
Concatenating /scratch/rohlfslab/abierly2/LongTR/longTR_pipeline_HG01873/HG01873.chr5.vcf.gz	1.358773 seconds
Concatenating /scratch/rohlfslab/abierly2/LongTR/longTR_pipeline_HG01873/HG01873.chr6.vcf.gz	1.324790 seconds
Concatenating /scratch/rohlfslab/abierly2/LongTR/longTR_pipeline_HG01873/HG01873.chr7.vcf.gz	1.260591 seconds
Concatenating /scratch/rohlfslab/abierly2/LongTR/longTR_pipeline_HG01873/HG01873.chr8.vcf.gz	1.084103 seconds
Concatenating /scratch/rohlfslab/abierly2/LongTR/longTR_pipeline_HG01873/HG01873.chr9.vcf.gz	0.922836 seconds
Concatenating /scratch/rohlfslab/abierly2/LongTR/longTR_pipeline_HG01873/HG01873.chrM.vcf.gz	0.000381 seconds
Concatenating /scratch/rohlfslab/abierly2/LongTR/longTR_pipeline_HG01873/HG01873.chrX.vcf.gz	0.247038 seconds
Concatenating /scratch/rohlfslab/abierly2/LongTR/longTR_pipeline_HG01873/HG01873.chrY.vcf.gz	0.008390 seconds
