Checking the headers and starting positions of 25 files
Concatenating /scratch/rohlfslab/abierly2/LongTR/longTR_pipeline_NA20520/NA20520.chr10.vcf.gz	1.165813 seconds
Concatenating /scratch/rohlfslab/abierly2/LongTR/longTR_pipeline_NA20520/NA20520.chr11.vcf.gz	1.139430 seconds
Concatenating /scratch/rohlfslab/abierly2/LongTR/longTR_pipeline_NA20520/NA20520.chr12.vcf.gz	1.175627 seconds
Concatenating /scratch/rohlfslab/abierly2/LongTR/longTR_pipeline_NA20520/NA20520.chr13.vcf.gz	0.795204 seconds
Concatenating /scratch/rohlfslab/abierly2/LongTR/longTR_pipeline_NA20520/NA20520.chr14.vcf.gz	0.760927 seconds
Concatenating /scratch/rohlfslab/abierly2/LongTR/longTR_pipeline_NA20520/NA20520.chr15.vcf.gz	0.730858 seconds
Concatenating /scratch/rohlfslab/abierly2/LongTR/longTR_pipeline_NA20520/NA20520.chr16.vcf.gz	0.757135 seconds
Concatenating /scratch/rohlfslab/abierly2/LongTR/longTR_pipeline_NA20520/NA20520.chr17.vcf.gz	0.789904 seconds
Concatenating /scratch/rohlfslab/abierly2/LongTR/longTR_pipeline_NA20520/NA20520.chr18.vcf.gz	0.578740 seconds
Concatenating /scratch/rohlfslab/abierly2/LongTR/longTR_pipeline_NA20520/NA20520.chr19.vcf.gz	0.654122 seconds
Concatenating /scratch/rohlfslab/abierly2/LongTR/longTR_pipeline_NA20520/NA20520.chr1.vcf.gz	2.065398 seconds
Concatenating /scratch/rohlfslab/abierly2/LongTR/longTR_pipeline_NA20520/NA20520.chr20.vcf.gz	0.484178 seconds
Concatenating /scratch/rohlfslab/abierly2/LongTR/longTR_pipeline_NA20520/NA20520.chr21.vcf.gz	0.283960 seconds
Concatenating /scratch/rohlfslab/abierly2/LongTR/longTR_pipeline_NA20520/NA20520.chr22.vcf.gz	0.344111 seconds
Concatenating /scratch/rohlfslab/abierly2/LongTR/longTR_pipeline_NA20520/NA20520.chr2.vcf.gz	2.068421 seconds
Concatenating /scratch/rohlfslab/abierly2/LongTR/longTR_pipeline_NA20520/NA20520.chr3.vcf.gz	1.669924 seconds
Concatenating /scratch/rohlfslab/abierly2/LongTR/longTR_pipeline_NA20520/NA20520.chr4.vcf.gz	1.624512 seconds
Concatenating /scratch/rohlfslab/abierly2/LongTR/longTR_pipeline_NA20520/NA20520.chr5.vcf.gz	1.546701 seconds
Concatenating /scratch/rohlfslab/abierly2/LongTR/longTR_pipeline_NA20520/NA20520.chr6.vcf.gz	1.521768 seconds
Concatenating /scratch/rohlfslab/abierly2/LongTR/longTR_pipeline_NA20520/NA20520.chr7.vcf.gz	1.453598 seconds
Concatenating /scratch/rohlfslab/abierly2/LongTR/longTR_pipeline_NA20520/NA20520.chr8.vcf.gz	1.246425 seconds
Concatenating /scratch/rohlfslab/abierly2/LongTR/longTR_pipeline_NA20520/NA20520.chr9.vcf.gz	1.076995 seconds
Concatenating /scratch/rohlfslab/abierly2/LongTR/longTR_pipeline_NA20520/NA20520.chrM.vcf.gz	0.000385 seconds
Concatenating /scratch/rohlfslab/abierly2/LongTR/longTR_pipeline_NA20520/NA20520.chrX.vcf.gz	0.369657 seconds
Concatenating /scratch/rohlfslab/abierly2/LongTR/longTR_pipeline_NA20520/NA20520.chrY.vcf.gz	0.015310 seconds
