Checking the headers and starting positions of 25 files
Concatenating /scratch/rohlfslab/abierly2/LongTR/longTR_pipeline_HG01055/HG01055.chr10.vcf.gz	1.227750 seconds
Concatenating /scratch/rohlfslab/abierly2/LongTR/longTR_pipeline_HG01055/HG01055.chr11.vcf.gz	1.168274 seconds
Concatenating /scratch/rohlfslab/abierly2/LongTR/longTR_pipeline_HG01055/HG01055.chr12.vcf.gz	1.239762 seconds
Concatenating /scratch/rohlfslab/abierly2/LongTR/longTR_pipeline_HG01055/HG01055.chr13.vcf.gz	0.852344 seconds
Concatenating /scratch/rohlfslab/abierly2/LongTR/longTR_pipeline_HG01055/HG01055.chr14.vcf.gz	0.809254 seconds
Concatenating /scratch/rohlfslab/abierly2/LongTR/longTR_pipeline_HG01055/HG01055.chr15.vcf.gz	0.761160 seconds
Concatenating /scratch/rohlfslab/abierly2/LongTR/longTR_pipeline_HG01055/HG01055.chr16.vcf.gz	0.805945 seconds
Concatenating /scratch/rohlfslab/abierly2/LongTR/longTR_pipeline_HG01055/HG01055.chr17.vcf.gz	0.831905 seconds
Concatenating /scratch/rohlfslab/abierly2/LongTR/longTR_pipeline_HG01055/HG01055.chr18.vcf.gz	0.615677 seconds
Concatenating /scratch/rohlfslab/abierly2/LongTR/longTR_pipeline_HG01055/HG01055.chr19.vcf.gz	0.692095 seconds
Concatenating /scratch/rohlfslab/abierly2/LongTR/longTR_pipeline_HG01055/HG01055.chr1.vcf.gz	2.184295 seconds
Concatenating /scratch/rohlfslab/abierly2/LongTR/longTR_pipeline_HG01055/HG01055.chr20.vcf.gz	0.512419 seconds
Concatenating /scratch/rohlfslab/abierly2/LongTR/longTR_pipeline_HG01055/HG01055.chr21.vcf.gz	0.298782 seconds
Concatenating /scratch/rohlfslab/abierly2/LongTR/longTR_pipeline_HG01055/HG01055.chr22.vcf.gz	0.361818 seconds
Concatenating /scratch/rohlfslab/abierly2/LongTR/longTR_pipeline_HG01055/HG01055.chr2.vcf.gz	2.181457 seconds
Concatenating /scratch/rohlfslab/abierly2/LongTR/longTR_pipeline_HG01055/HG01055.chr3.vcf.gz	1.742655 seconds
Concatenating /scratch/rohlfslab/abierly2/LongTR/longTR_pipeline_HG01055/HG01055.chr4.vcf.gz	1.671670 seconds
Concatenating /scratch/rohlfslab/abierly2/LongTR/longTR_pipeline_HG01055/HG01055.chr5.vcf.gz	1.576051 seconds
Concatenating /scratch/rohlfslab/abierly2/LongTR/longTR_pipeline_HG01055/HG01055.chr6.vcf.gz	1.521384 seconds
Concatenating /scratch/rohlfslab/abierly2/LongTR/longTR_pipeline_HG01055/HG01055.chr7.vcf.gz	1.467415 seconds
Concatenating /scratch/rohlfslab/abierly2/LongTR/longTR_pipeline_HG01055/HG01055.chr8.vcf.gz	1.268956 seconds
Concatenating /scratch/rohlfslab/abierly2/LongTR/longTR_pipeline_HG01055/HG01055.chr9.vcf.gz	1.072841 seconds
Concatenating /scratch/rohlfslab/abierly2/LongTR/longTR_pipeline_HG01055/HG01055.chrM.vcf.gz	0.000320 seconds
Concatenating /scratch/rohlfslab/abierly2/LongTR/longTR_pipeline_HG01055/HG01055.chrX.vcf.gz	1.313591 seconds
Concatenating /scratch/rohlfslab/abierly2/LongTR/longTR_pipeline_HG01055/HG01055.chrY.vcf.gz	0.000323 seconds
