Checking the headers and starting positions of 25 files
Concatenating /scratch/rohlfslab/abierly2/LongTR/longTR_pipeline_NA20536/NA20536.chr10.vcf.gz	0.885959 seconds
Concatenating /scratch/rohlfslab/abierly2/LongTR/longTR_pipeline_NA20536/NA20536.chr11.vcf.gz	0.853339 seconds
Concatenating /scratch/rohlfslab/abierly2/LongTR/longTR_pipeline_NA20536/NA20536.chr12.vcf.gz	0.906120 seconds
Concatenating /scratch/rohlfslab/abierly2/LongTR/longTR_pipeline_NA20536/NA20536.chr13.vcf.gz	0.605225 seconds
Concatenating /scratch/rohlfslab/abierly2/LongTR/longTR_pipeline_NA20536/NA20536.chr14.vcf.gz	0.581443 seconds
Concatenating /scratch/rohlfslab/abierly2/LongTR/longTR_pipeline_NA20536/NA20536.chr15.vcf.gz	0.550031 seconds
Concatenating /scratch/rohlfslab/abierly2/LongTR/longTR_pipeline_NA20536/NA20536.chr16.vcf.gz	0.584616 seconds
Concatenating /scratch/rohlfslab/abierly2/LongTR/longTR_pipeline_NA20536/NA20536.chr17.vcf.gz	0.606779 seconds
Concatenating /scratch/rohlfslab/abierly2/LongTR/longTR_pipeline_NA20536/NA20536.chr18.vcf.gz	0.442898 seconds
Concatenating /scratch/rohlfslab/abierly2/LongTR/longTR_pipeline_NA20536/NA20536.chr19.vcf.gz	0.502680 seconds
Concatenating /scratch/rohlfslab/abierly2/LongTR/longTR_pipeline_NA20536/NA20536.chr1.vcf.gz	1.606681 seconds
Concatenating /scratch/rohlfslab/abierly2/LongTR/longTR_pipeline_NA20536/NA20536.chr20.vcf.gz	0.378192 seconds
Concatenating /scratch/rohlfslab/abierly2/LongTR/longTR_pipeline_NA20536/NA20536.chr21.vcf.gz	0.211935 seconds
Concatenating /scratch/rohlfslab/abierly2/LongTR/longTR_pipeline_NA20536/NA20536.chr22.vcf.gz	0.269156 seconds
Concatenating /scratch/rohlfslab/abierly2/LongTR/longTR_pipeline_NA20536/NA20536.chr2.vcf.gz	1.573163 seconds
Concatenating /scratch/rohlfslab/abierly2/LongTR/longTR_pipeline_NA20536/NA20536.chr3.vcf.gz	1.243149 seconds
Concatenating /scratch/rohlfslab/abierly2/LongTR/longTR_pipeline_NA20536/NA20536.chr4.vcf.gz	1.167691 seconds
Concatenating /scratch/rohlfslab/abierly2/LongTR/longTR_pipeline_NA20536/NA20536.chr5.vcf.gz	1.136286 seconds
Concatenating /scratch/rohlfslab/abierly2/LongTR/longTR_pipeline_NA20536/NA20536.chr6.vcf.gz	1.091420 seconds
Concatenating /scratch/rohlfslab/abierly2/LongTR/longTR_pipeline_NA20536/NA20536.chr7.vcf.gz	1.071494 seconds
Concatenating /scratch/rohlfslab/abierly2/LongTR/longTR_pipeline_NA20536/NA20536.chr8.vcf.gz	0.898220 seconds
Concatenating /scratch/rohlfslab/abierly2/LongTR/longTR_pipeline_NA20536/NA20536.chr9.vcf.gz	0.761821 seconds
Concatenating /scratch/rohlfslab/abierly2/LongTR/longTR_pipeline_NA20536/NA20536.chrM.vcf.gz	0.000300 seconds
Concatenating /scratch/rohlfslab/abierly2/LongTR/longTR_pipeline_NA20536/NA20536.chrX.vcf.gz	0.131816 seconds
Concatenating /scratch/rohlfslab/abierly2/LongTR/longTR_pipeline_NA20536/NA20536.chrY.vcf.gz	0.008620 seconds
