Checking the headers and starting positions of 25 files
Concatenating /scratch/rohlfslab/abierly2/LongTR/longTR_pipeline_HG02182/HG02182.chr10.vcf.gz	1.213191 seconds
Concatenating /scratch/rohlfslab/abierly2/LongTR/longTR_pipeline_HG02182/HG02182.chr11.vcf.gz	1.157313 seconds
Concatenating /scratch/rohlfslab/abierly2/LongTR/longTR_pipeline_HG02182/HG02182.chr12.vcf.gz	1.251627 seconds
Concatenating /scratch/rohlfslab/abierly2/LongTR/longTR_pipeline_HG02182/HG02182.chr13.vcf.gz	0.851190 seconds
Concatenating /scratch/rohlfslab/abierly2/LongTR/longTR_pipeline_HG02182/HG02182.chr14.vcf.gz	0.805434 seconds
Concatenating /scratch/rohlfslab/abierly2/LongTR/longTR_pipeline_HG02182/HG02182.chr15.vcf.gz	0.750566 seconds
Concatenating /scratch/rohlfslab/abierly2/LongTR/longTR_pipeline_HG02182/HG02182.chr16.vcf.gz	0.780709 seconds
Concatenating /scratch/rohlfslab/abierly2/LongTR/longTR_pipeline_HG02182/HG02182.chr17.vcf.gz	0.818578 seconds
Concatenating /scratch/rohlfslab/abierly2/LongTR/longTR_pipeline_HG02182/HG02182.chr18.vcf.gz	0.612695 seconds
Concatenating /scratch/rohlfslab/abierly2/LongTR/longTR_pipeline_HG02182/HG02182.chr19.vcf.gz	0.678343 seconds
Concatenating /scratch/rohlfslab/abierly2/LongTR/longTR_pipeline_HG02182/HG02182.chr1.vcf.gz	2.159610 seconds
Concatenating /scratch/rohlfslab/abierly2/LongTR/longTR_pipeline_HG02182/HG02182.chr20.vcf.gz	0.511276 seconds
Concatenating /scratch/rohlfslab/abierly2/LongTR/longTR_pipeline_HG02182/HG02182.chr21.vcf.gz	0.293822 seconds
Concatenating /scratch/rohlfslab/abierly2/LongTR/longTR_pipeline_HG02182/HG02182.chr22.vcf.gz	0.355187 seconds
Concatenating /scratch/rohlfslab/abierly2/LongTR/longTR_pipeline_HG02182/HG02182.chr2.vcf.gz	2.168937 seconds
Concatenating /scratch/rohlfslab/abierly2/LongTR/longTR_pipeline_HG02182/HG02182.chr3.vcf.gz	1.729990 seconds
Concatenating /scratch/rohlfslab/abierly2/LongTR/longTR_pipeline_HG02182/HG02182.chr4.vcf.gz	1.656937 seconds
Concatenating /scratch/rohlfslab/abierly2/LongTR/longTR_pipeline_HG02182/HG02182.chr5.vcf.gz	1.567519 seconds
Concatenating /scratch/rohlfslab/abierly2/LongTR/longTR_pipeline_HG02182/HG02182.chr6.vcf.gz	1.510996 seconds
Concatenating /scratch/rohlfslab/abierly2/LongTR/longTR_pipeline_HG02182/HG02182.chr7.vcf.gz	1.452524 seconds
Concatenating /scratch/rohlfslab/abierly2/LongTR/longTR_pipeline_HG02182/HG02182.chr8.vcf.gz	1.261594 seconds
Concatenating /scratch/rohlfslab/abierly2/LongTR/longTR_pipeline_HG02182/HG02182.chr9.vcf.gz	1.064459 seconds
Concatenating /scratch/rohlfslab/abierly2/LongTR/longTR_pipeline_HG02182/HG02182.chrM.vcf.gz	0.000357 seconds
Concatenating /scratch/rohlfslab/abierly2/LongTR/longTR_pipeline_HG02182/HG02182.chrX.vcf.gz	1.303518 seconds
Concatenating /scratch/rohlfslab/abierly2/LongTR/longTR_pipeline_HG02182/HG02182.chrY.vcf.gz	0.000325 seconds
