Checking the headers and starting positions of 25 files
Concatenating /scratch/rohlfslab/abierly2/LongTR/longTR_pipeline_HG02239/HG02239.chr10.vcf.gz	1.261226 seconds
Concatenating /scratch/rohlfslab/abierly2/LongTR/longTR_pipeline_HG02239/HG02239.chr11.vcf.gz	1.198146 seconds
Concatenating /scratch/rohlfslab/abierly2/LongTR/longTR_pipeline_HG02239/HG02239.chr12.vcf.gz	1.267528 seconds
Concatenating /scratch/rohlfslab/abierly2/LongTR/longTR_pipeline_HG02239/HG02239.chr13.vcf.gz	0.874519 seconds
Concatenating /scratch/rohlfslab/abierly2/LongTR/longTR_pipeline_HG02239/HG02239.chr14.vcf.gz	0.837637 seconds
Concatenating /scratch/rohlfslab/abierly2/LongTR/longTR_pipeline_HG02239/HG02239.chr15.vcf.gz	0.777609 seconds
Concatenating /scratch/rohlfslab/abierly2/LongTR/longTR_pipeline_HG02239/HG02239.chr16.vcf.gz	0.834137 seconds
Concatenating /scratch/rohlfslab/abierly2/LongTR/longTR_pipeline_HG02239/HG02239.chr17.vcf.gz	0.847960 seconds
Concatenating /scratch/rohlfslab/abierly2/LongTR/longTR_pipeline_HG02239/HG02239.chr18.vcf.gz	0.628559 seconds
Concatenating /scratch/rohlfslab/abierly2/LongTR/longTR_pipeline_HG02239/HG02239.chr19.vcf.gz	0.703729 seconds
Concatenating /scratch/rohlfslab/abierly2/LongTR/longTR_pipeline_HG02239/HG02239.chr1.vcf.gz	2.251305 seconds
Concatenating /scratch/rohlfslab/abierly2/LongTR/longTR_pipeline_HG02239/HG02239.chr20.vcf.gz	0.527220 seconds
Concatenating /scratch/rohlfslab/abierly2/LongTR/longTR_pipeline_HG02239/HG02239.chr21.vcf.gz	0.309010 seconds
Concatenating /scratch/rohlfslab/abierly2/LongTR/longTR_pipeline_HG02239/HG02239.chr22.vcf.gz	0.371123 seconds
Concatenating /scratch/rohlfslab/abierly2/LongTR/longTR_pipeline_HG02239/HG02239.chr2.vcf.gz	2.240405 seconds
Concatenating /scratch/rohlfslab/abierly2/LongTR/longTR_pipeline_HG02239/HG02239.chr3.vcf.gz	1.794319 seconds
Concatenating /scratch/rohlfslab/abierly2/LongTR/longTR_pipeline_HG02239/HG02239.chr4.vcf.gz	1.708387 seconds
Concatenating /scratch/rohlfslab/abierly2/LongTR/longTR_pipeline_HG02239/HG02239.chr5.vcf.gz	1.617306 seconds
Concatenating /scratch/rohlfslab/abierly2/LongTR/longTR_pipeline_HG02239/HG02239.chr6.vcf.gz	1.570709 seconds
Concatenating /scratch/rohlfslab/abierly2/LongTR/longTR_pipeline_HG02239/HG02239.chr7.vcf.gz	1.506252 seconds
Concatenating /scratch/rohlfslab/abierly2/LongTR/longTR_pipeline_HG02239/HG02239.chr8.vcf.gz	1.306592 seconds
Concatenating /scratch/rohlfslab/abierly2/LongTR/longTR_pipeline_HG02239/HG02239.chr9.vcf.gz	1.108839 seconds
Concatenating /scratch/rohlfslab/abierly2/LongTR/longTR_pipeline_HG02239/HG02239.chrM.vcf.gz	0.000465 seconds
Concatenating /scratch/rohlfslab/abierly2/LongTR/longTR_pipeline_HG02239/HG02239.chrX.vcf.gz	1.353061 seconds
Concatenating /scratch/rohlfslab/abierly2/LongTR/longTR_pipeline_HG02239/HG02239.chrY.vcf.gz	0.000417 seconds
