Checking the headers and starting positions of 25 files
Concatenating /scratch/rohlfslab/abierly2/LongTR/longTR_pipeline_HG03965/HG03965.chr10.vcf.gz	0.947870 seconds
Concatenating /scratch/rohlfslab/abierly2/LongTR/longTR_pipeline_HG03965/HG03965.chr11.vcf.gz	0.901791 seconds
Concatenating /scratch/rohlfslab/abierly2/LongTR/longTR_pipeline_HG03965/HG03965.chr12.vcf.gz	0.946805 seconds
Concatenating /scratch/rohlfslab/abierly2/LongTR/longTR_pipeline_HG03965/HG03965.chr13.vcf.gz	0.679271 seconds
Concatenating /scratch/rohlfslab/abierly2/LongTR/longTR_pipeline_HG03965/HG03965.chr14.vcf.gz	0.632687 seconds
Concatenating /scratch/rohlfslab/abierly2/LongTR/longTR_pipeline_HG03965/HG03965.chr15.vcf.gz	0.584035 seconds
Concatenating /scratch/rohlfslab/abierly2/LongTR/longTR_pipeline_HG03965/HG03965.chr16.vcf.gz	0.570338 seconds
Concatenating /scratch/rohlfslab/abierly2/LongTR/longTR_pipeline_HG03965/HG03965.chr17.vcf.gz	0.594334 seconds
Concatenating /scratch/rohlfslab/abierly2/LongTR/longTR_pipeline_HG03965/HG03965.chr18.vcf.gz	0.486673 seconds
Concatenating /scratch/rohlfslab/abierly2/LongTR/longTR_pipeline_HG03965/HG03965.chr19.vcf.gz	0.444345 seconds
Concatenating /scratch/rohlfslab/abierly2/LongTR/longTR_pipeline_HG03965/HG03965.chr1.vcf.gz	1.686697 seconds
Concatenating /scratch/rohlfslab/abierly2/LongTR/longTR_pipeline_HG03965/HG03965.chr20.vcf.gz	0.386635 seconds
Concatenating /scratch/rohlfslab/abierly2/LongTR/longTR_pipeline_HG03965/HG03965.chr21.vcf.gz	0.225775 seconds
Concatenating /scratch/rohlfslab/abierly2/LongTR/longTR_pipeline_HG03965/HG03965.chr22.vcf.gz	0.255222 seconds
Concatenating /scratch/rohlfslab/abierly2/LongTR/longTR_pipeline_HG03965/HG03965.chr2.vcf.gz	1.708053 seconds
Concatenating /scratch/rohlfslab/abierly2/LongTR/longTR_pipeline_HG03965/HG03965.chr3.vcf.gz	1.365258 seconds
Concatenating /scratch/rohlfslab/abierly2/LongTR/longTR_pipeline_HG03965/HG03965.chr4.vcf.gz	1.316393 seconds
Concatenating /scratch/rohlfslab/abierly2/LongTR/longTR_pipeline_HG03965/HG03965.chr5.vcf.gz	1.238264 seconds
Concatenating /scratch/rohlfslab/abierly2/LongTR/longTR_pipeline_HG03965/HG03965.chr6.vcf.gz	1.204389 seconds
Concatenating /scratch/rohlfslab/abierly2/LongTR/longTR_pipeline_HG03965/HG03965.chr7.vcf.gz	1.117988 seconds
Concatenating /scratch/rohlfslab/abierly2/LongTR/longTR_pipeline_HG03965/HG03965.chr8.vcf.gz	0.998826 seconds
Concatenating /scratch/rohlfslab/abierly2/LongTR/longTR_pipeline_HG03965/HG03965.chr9.vcf.gz	0.819879 seconds
Concatenating /scratch/rohlfslab/abierly2/LongTR/longTR_pipeline_HG03965/HG03965.chrM.vcf.gz	0.000374 seconds
Concatenating /scratch/rohlfslab/abierly2/LongTR/longTR_pipeline_HG03965/HG03965.chrX.vcf.gz	0.154247 seconds
Concatenating /scratch/rohlfslab/abierly2/LongTR/longTR_pipeline_HG03965/HG03965.chrY.vcf.gz	0.008386 seconds
