Checking the headers and starting positions of 25 files
Concatenating /scratch/rohlfslab/abierly2/LongTR/longTR_pipeline_HG01598/HG01598.chr10.vcf.gz	1.186162 seconds
Concatenating /scratch/rohlfslab/abierly2/LongTR/longTR_pipeline_HG01598/HG01598.chr11.vcf.gz	1.130241 seconds
Concatenating /scratch/rohlfslab/abierly2/LongTR/longTR_pipeline_HG01598/HG01598.chr12.vcf.gz	1.204378 seconds
Concatenating /scratch/rohlfslab/abierly2/LongTR/longTR_pipeline_HG01598/HG01598.chr13.vcf.gz	0.825099 seconds
Concatenating /scratch/rohlfslab/abierly2/LongTR/longTR_pipeline_HG01598/HG01598.chr14.vcf.gz	0.789219 seconds
Concatenating /scratch/rohlfslab/abierly2/LongTR/longTR_pipeline_HG01598/HG01598.chr15.vcf.gz	0.736281 seconds
Concatenating /scratch/rohlfslab/abierly2/LongTR/longTR_pipeline_HG01598/HG01598.chr16.vcf.gz	0.770825 seconds
Concatenating /scratch/rohlfslab/abierly2/LongTR/longTR_pipeline_HG01598/HG01598.chr17.vcf.gz	0.806408 seconds
Concatenating /scratch/rohlfslab/abierly2/LongTR/longTR_pipeline_HG01598/HG01598.chr18.vcf.gz	0.594611 seconds
Concatenating /scratch/rohlfslab/abierly2/LongTR/longTR_pipeline_HG01598/HG01598.chr19.vcf.gz	0.667755 seconds
Concatenating /scratch/rohlfslab/abierly2/LongTR/longTR_pipeline_HG01598/HG01598.chr1.vcf.gz	2.118438 seconds
Concatenating /scratch/rohlfslab/abierly2/LongTR/longTR_pipeline_HG01598/HG01598.chr20.vcf.gz	0.498367 seconds
Concatenating /scratch/rohlfslab/abierly2/LongTR/longTR_pipeline_HG01598/HG01598.chr21.vcf.gz	0.285618 seconds
Concatenating /scratch/rohlfslab/abierly2/LongTR/longTR_pipeline_HG01598/HG01598.chr22.vcf.gz	0.351026 seconds
Concatenating /scratch/rohlfslab/abierly2/LongTR/longTR_pipeline_HG01598/HG01598.chr2.vcf.gz	2.113989 seconds
Concatenating /scratch/rohlfslab/abierly2/LongTR/longTR_pipeline_HG01598/HG01598.chr3.vcf.gz	1.690207 seconds
Concatenating /scratch/rohlfslab/abierly2/LongTR/longTR_pipeline_HG01598/HG01598.chr4.vcf.gz	1.599345 seconds
Concatenating /scratch/rohlfslab/abierly2/LongTR/longTR_pipeline_HG01598/HG01598.chr5.vcf.gz	1.525881 seconds
Concatenating /scratch/rohlfslab/abierly2/LongTR/longTR_pipeline_HG01598/HG01598.chr6.vcf.gz	1.476135 seconds
Concatenating /scratch/rohlfslab/abierly2/LongTR/longTR_pipeline_HG01598/HG01598.chr7.vcf.gz	1.418051 seconds
Concatenating /scratch/rohlfslab/abierly2/LongTR/longTR_pipeline_HG01598/HG01598.chr8.vcf.gz	1.224056 seconds
Concatenating /scratch/rohlfslab/abierly2/LongTR/longTR_pipeline_HG01598/HG01598.chr9.vcf.gz	1.037224 seconds
Concatenating /scratch/rohlfslab/abierly2/LongTR/longTR_pipeline_HG01598/HG01598.chrM.vcf.gz	0.000328 seconds
Concatenating /scratch/rohlfslab/abierly2/LongTR/longTR_pipeline_HG01598/HG01598.chrX.vcf.gz	1.249027 seconds
Concatenating /scratch/rohlfslab/abierly2/LongTR/longTR_pipeline_HG01598/HG01598.chrY.vcf.gz	0.000330 seconds
