Checking the headers and starting positions of 25 files
Concatenating /scratch/rohlfslab/abierly2/LongTR/longTR_pipeline_HG01519/HG01519.chr10.vcf.gz	0.584152 seconds
Concatenating /scratch/rohlfslab/abierly2/LongTR/longTR_pipeline_HG01519/HG01519.chr11.vcf.gz	0.561043 seconds
Concatenating /scratch/rohlfslab/abierly2/LongTR/longTR_pipeline_HG01519/HG01519.chr12.vcf.gz	0.624743 seconds
Concatenating /scratch/rohlfslab/abierly2/LongTR/longTR_pipeline_HG01519/HG01519.chr13.vcf.gz	0.385100 seconds
Concatenating /scratch/rohlfslab/abierly2/LongTR/longTR_pipeline_HG01519/HG01519.chr14.vcf.gz	0.398969 seconds
Concatenating /scratch/rohlfslab/abierly2/LongTR/longTR_pipeline_HG01519/HG01519.chr15.vcf.gz	0.369258 seconds
Concatenating /scratch/rohlfslab/abierly2/LongTR/longTR_pipeline_HG01519/HG01519.chr16.vcf.gz	0.373208 seconds
Concatenating /scratch/rohlfslab/abierly2/LongTR/longTR_pipeline_HG01519/HG01519.chr17.vcf.gz	0.411952 seconds
Concatenating /scratch/rohlfslab/abierly2/LongTR/longTR_pipeline_HG01519/HG01519.chr18.vcf.gz	0.284874 seconds
Concatenating /scratch/rohlfslab/abierly2/LongTR/longTR_pipeline_HG01519/HG01519.chr19.vcf.gz	0.315693 seconds
Concatenating /scratch/rohlfslab/abierly2/LongTR/longTR_pipeline_HG01519/HG01519.chr1.vcf.gz	1.069900 seconds
Concatenating /scratch/rohlfslab/abierly2/LongTR/longTR_pipeline_HG01519/HG01519.chr20.vcf.gz	0.252917 seconds
Concatenating /scratch/rohlfslab/abierly2/LongTR/longTR_pipeline_HG01519/HG01519.chr21.vcf.gz	0.141410 seconds
Concatenating /scratch/rohlfslab/abierly2/LongTR/longTR_pipeline_HG01519/HG01519.chr22.vcf.gz	0.176740 seconds
Concatenating /scratch/rohlfslab/abierly2/LongTR/longTR_pipeline_HG01519/HG01519.chr2.vcf.gz	1.061859 seconds
Concatenating /scratch/rohlfslab/abierly2/LongTR/longTR_pipeline_HG01519/HG01519.chr3.vcf.gz	0.850274 seconds
Concatenating /scratch/rohlfslab/abierly2/LongTR/longTR_pipeline_HG01519/HG01519.chr4.vcf.gz	0.753097 seconds
Concatenating /scratch/rohlfslab/abierly2/LongTR/longTR_pipeline_HG01519/HG01519.chr5.vcf.gz	0.760430 seconds
Concatenating /scratch/rohlfslab/abierly2/LongTR/longTR_pipeline_HG01519/HG01519.chr6.vcf.gz	0.754953 seconds
Concatenating /scratch/rohlfslab/abierly2/LongTR/longTR_pipeline_HG01519/HG01519.chr7.vcf.gz	0.700174 seconds
Concatenating /scratch/rohlfslab/abierly2/LongTR/longTR_pipeline_HG01519/HG01519.chr8.vcf.gz	0.605310 seconds
Concatenating /scratch/rohlfslab/abierly2/LongTR/longTR_pipeline_HG01519/HG01519.chr9.vcf.gz	0.520718 seconds
Concatenating /scratch/rohlfslab/abierly2/LongTR/longTR_pipeline_HG01519/HG01519.chrM.vcf.gz	0.000279 seconds
Concatenating /scratch/rohlfslab/abierly2/LongTR/longTR_pipeline_HG01519/HG01519.chrX.vcf.gz	0.539106 seconds
Concatenating /scratch/rohlfslab/abierly2/LongTR/longTR_pipeline_HG01519/HG01519.chrY.vcf.gz	0.000271 seconds
