Checking the headers and starting positions of 25 files
Concatenating /scratch/rohlfslab/abierly2/LongTR/longTR_pipeline_HG01773/HG01773.chr10.vcf.gz	1.224540 seconds
Concatenating /scratch/rohlfslab/abierly2/LongTR/longTR_pipeline_HG01773/HG01773.chr11.vcf.gz	1.171954 seconds
Concatenating /scratch/rohlfslab/abierly2/LongTR/longTR_pipeline_HG01773/HG01773.chr12.vcf.gz	1.237888 seconds
Concatenating /scratch/rohlfslab/abierly2/LongTR/longTR_pipeline_HG01773/HG01773.chr13.vcf.gz	0.856097 seconds
Concatenating /scratch/rohlfslab/abierly2/LongTR/longTR_pipeline_HG01773/HG01773.chr14.vcf.gz	0.808433 seconds
Concatenating /scratch/rohlfslab/abierly2/LongTR/longTR_pipeline_HG01773/HG01773.chr15.vcf.gz	0.755669 seconds
Concatenating /scratch/rohlfslab/abierly2/LongTR/longTR_pipeline_HG01773/HG01773.chr16.vcf.gz	0.787973 seconds
Concatenating /scratch/rohlfslab/abierly2/LongTR/longTR_pipeline_HG01773/HG01773.chr17.vcf.gz	0.828471 seconds
Concatenating /scratch/rohlfslab/abierly2/LongTR/longTR_pipeline_HG01773/HG01773.chr18.vcf.gz	0.616670 seconds
Concatenating /scratch/rohlfslab/abierly2/LongTR/longTR_pipeline_HG01773/HG01773.chr19.vcf.gz	0.674884 seconds
Concatenating /scratch/rohlfslab/abierly2/LongTR/longTR_pipeline_HG01773/HG01773.chr1.vcf.gz	2.211306 seconds
Concatenating /scratch/rohlfslab/abierly2/LongTR/longTR_pipeline_HG01773/HG01773.chr20.vcf.gz	0.511752 seconds
Concatenating /scratch/rohlfslab/abierly2/LongTR/longTR_pipeline_HG01773/HG01773.chr21.vcf.gz	0.296228 seconds
Concatenating /scratch/rohlfslab/abierly2/LongTR/longTR_pipeline_HG01773/HG01773.chr22.vcf.gz	0.362042 seconds
Concatenating /scratch/rohlfslab/abierly2/LongTR/longTR_pipeline_HG01773/HG01773.chr2.vcf.gz	2.182014 seconds
Concatenating /scratch/rohlfslab/abierly2/LongTR/longTR_pipeline_HG01773/HG01773.chr3.vcf.gz	1.759244 seconds
Concatenating /scratch/rohlfslab/abierly2/LongTR/longTR_pipeline_HG01773/HG01773.chr4.vcf.gz	1.673878 seconds
Concatenating /scratch/rohlfslab/abierly2/LongTR/longTR_pipeline_HG01773/HG01773.chr5.vcf.gz	1.583711 seconds
Concatenating /scratch/rohlfslab/abierly2/LongTR/longTR_pipeline_HG01773/HG01773.chr6.vcf.gz	1.523655 seconds
Concatenating /scratch/rohlfslab/abierly2/LongTR/longTR_pipeline_HG01773/HG01773.chr7.vcf.gz	1.461198 seconds
Concatenating /scratch/rohlfslab/abierly2/LongTR/longTR_pipeline_HG01773/HG01773.chr8.vcf.gz	1.273917 seconds
Concatenating /scratch/rohlfslab/abierly2/LongTR/longTR_pipeline_HG01773/HG01773.chr9.vcf.gz	1.070139 seconds
Concatenating /scratch/rohlfslab/abierly2/LongTR/longTR_pipeline_HG01773/HG01773.chrM.vcf.gz	0.000370 seconds
Concatenating /scratch/rohlfslab/abierly2/LongTR/longTR_pipeline_HG01773/HG01773.chrX.vcf.gz	1.317175 seconds
Concatenating /scratch/rohlfslab/abierly2/LongTR/longTR_pipeline_HG01773/HG01773.chrY.vcf.gz	0.000357 seconds
