Checking the headers and starting positions of 25 files
Concatenating /scratch/rohlfslab/abierly2/LongTR/longTR_pipeline_HG02410/HG02410.chr10.vcf.gz	1.254743 seconds
Concatenating /scratch/rohlfslab/abierly2/LongTR/longTR_pipeline_HG02410/HG02410.chr11.vcf.gz	1.200461 seconds
Concatenating /scratch/rohlfslab/abierly2/LongTR/longTR_pipeline_HG02410/HG02410.chr12.vcf.gz	1.266651 seconds
Concatenating /scratch/rohlfslab/abierly2/LongTR/longTR_pipeline_HG02410/HG02410.chr13.vcf.gz	0.877488 seconds
Concatenating /scratch/rohlfslab/abierly2/LongTR/longTR_pipeline_HG02410/HG02410.chr14.vcf.gz	0.833266 seconds
Concatenating /scratch/rohlfslab/abierly2/LongTR/longTR_pipeline_HG02410/HG02410.chr15.vcf.gz	0.779893 seconds
Concatenating /scratch/rohlfslab/abierly2/LongTR/longTR_pipeline_HG02410/HG02410.chr16.vcf.gz	0.823165 seconds
Concatenating /scratch/rohlfslab/abierly2/LongTR/longTR_pipeline_HG02410/HG02410.chr17.vcf.gz	0.855186 seconds
Concatenating /scratch/rohlfslab/abierly2/LongTR/longTR_pipeline_HG02410/HG02410.chr18.vcf.gz	0.636311 seconds
Concatenating /scratch/rohlfslab/abierly2/LongTR/longTR_pipeline_HG02410/HG02410.chr19.vcf.gz	0.713576 seconds
Concatenating /scratch/rohlfslab/abierly2/LongTR/longTR_pipeline_HG02410/HG02410.chr1.vcf.gz	2.237430 seconds
Concatenating /scratch/rohlfslab/abierly2/LongTR/longTR_pipeline_HG02410/HG02410.chr20.vcf.gz	0.533151 seconds
Concatenating /scratch/rohlfslab/abierly2/LongTR/longTR_pipeline_HG02410/HG02410.chr21.vcf.gz	0.307525 seconds
Concatenating /scratch/rohlfslab/abierly2/LongTR/longTR_pipeline_HG02410/HG02410.chr22.vcf.gz	0.370898 seconds
Concatenating /scratch/rohlfslab/abierly2/LongTR/longTR_pipeline_HG02410/HG02410.chr2.vcf.gz	2.238798 seconds
Concatenating /scratch/rohlfslab/abierly2/LongTR/longTR_pipeline_HG02410/HG02410.chr3.vcf.gz	1.784477 seconds
Concatenating /scratch/rohlfslab/abierly2/LongTR/longTR_pipeline_HG02410/HG02410.chr4.vcf.gz	1.705514 seconds
Concatenating /scratch/rohlfslab/abierly2/LongTR/longTR_pipeline_HG02410/HG02410.chr5.vcf.gz	1.617007 seconds
Concatenating /scratch/rohlfslab/abierly2/LongTR/longTR_pipeline_HG02410/HG02410.chr6.vcf.gz	1.557633 seconds
Concatenating /scratch/rohlfslab/abierly2/LongTR/longTR_pipeline_HG02410/HG02410.chr7.vcf.gz	1.506931 seconds
Concatenating /scratch/rohlfslab/abierly2/LongTR/longTR_pipeline_HG02410/HG02410.chr8.vcf.gz	1.307308 seconds
Concatenating /scratch/rohlfslab/abierly2/LongTR/longTR_pipeline_HG02410/HG02410.chr9.vcf.gz	1.101949 seconds
Concatenating /scratch/rohlfslab/abierly2/LongTR/longTR_pipeline_HG02410/HG02410.chrM.vcf.gz	0.000473 seconds
Concatenating /scratch/rohlfslab/abierly2/LongTR/longTR_pipeline_HG02410/HG02410.chrX.vcf.gz	1.069883 seconds
Concatenating /scratch/rohlfslab/abierly2/LongTR/longTR_pipeline_HG02410/HG02410.chrY.vcf.gz	0.054485 seconds
