Checking the headers and starting positions of 25 files
Concatenating /scratch/rohlfslab/abierly2/LongTR/longTR_pipeline_HG02154/HG02154.chr10.vcf.gz	1.207400 seconds
Concatenating /scratch/rohlfslab/abierly2/LongTR/longTR_pipeline_HG02154/HG02154.chr11.vcf.gz	1.149477 seconds
Concatenating /scratch/rohlfslab/abierly2/LongTR/longTR_pipeline_HG02154/HG02154.chr12.vcf.gz	1.225223 seconds
Concatenating /scratch/rohlfslab/abierly2/LongTR/longTR_pipeline_HG02154/HG02154.chr13.vcf.gz	0.842178 seconds
Concatenating /scratch/rohlfslab/abierly2/LongTR/longTR_pipeline_HG02154/HG02154.chr14.vcf.gz	0.811563 seconds
Concatenating /scratch/rohlfslab/abierly2/LongTR/longTR_pipeline_HG02154/HG02154.chr15.vcf.gz	0.759231 seconds
Concatenating /scratch/rohlfslab/abierly2/LongTR/longTR_pipeline_HG02154/HG02154.chr16.vcf.gz	0.788731 seconds
Concatenating /scratch/rohlfslab/abierly2/LongTR/longTR_pipeline_HG02154/HG02154.chr17.vcf.gz	0.827060 seconds
Concatenating /scratch/rohlfslab/abierly2/LongTR/longTR_pipeline_HG02154/HG02154.chr18.vcf.gz	0.604443 seconds
Concatenating /scratch/rohlfslab/abierly2/LongTR/longTR_pipeline_HG02154/HG02154.chr19.vcf.gz	0.686744 seconds
Concatenating /scratch/rohlfslab/abierly2/LongTR/longTR_pipeline_HG02154/HG02154.chr1.vcf.gz	2.159310 seconds
Concatenating /scratch/rohlfslab/abierly2/LongTR/longTR_pipeline_HG02154/HG02154.chr20.vcf.gz	0.511009 seconds
Concatenating /scratch/rohlfslab/abierly2/LongTR/longTR_pipeline_HG02154/HG02154.chr21.vcf.gz	0.294096 seconds
Concatenating /scratch/rohlfslab/abierly2/LongTR/longTR_pipeline_HG02154/HG02154.chr22.vcf.gz	0.359524 seconds
Concatenating /scratch/rohlfslab/abierly2/LongTR/longTR_pipeline_HG02154/HG02154.chr2.vcf.gz	2.159760 seconds
Concatenating /scratch/rohlfslab/abierly2/LongTR/longTR_pipeline_HG02154/HG02154.chr3.vcf.gz	1.731124 seconds
Concatenating /scratch/rohlfslab/abierly2/LongTR/longTR_pipeline_HG02154/HG02154.chr4.vcf.gz	1.641988 seconds
Concatenating /scratch/rohlfslab/abierly2/LongTR/longTR_pipeline_HG02154/HG02154.chr5.vcf.gz	1.584357 seconds
Concatenating /scratch/rohlfslab/abierly2/LongTR/longTR_pipeline_HG02154/HG02154.chr6.vcf.gz	1.509169 seconds
Concatenating /scratch/rohlfslab/abierly2/LongTR/longTR_pipeline_HG02154/HG02154.chr7.vcf.gz	1.444626 seconds
Concatenating /scratch/rohlfslab/abierly2/LongTR/longTR_pipeline_HG02154/HG02154.chr8.vcf.gz	1.255681 seconds
Concatenating /scratch/rohlfslab/abierly2/LongTR/longTR_pipeline_HG02154/HG02154.chr9.vcf.gz	1.059784 seconds
Concatenating /scratch/rohlfslab/abierly2/LongTR/longTR_pipeline_HG02154/HG02154.chrM.vcf.gz	0.000483 seconds
Concatenating /scratch/rohlfslab/abierly2/LongTR/longTR_pipeline_HG02154/HG02154.chrX.vcf.gz	1.290557 seconds
Concatenating /scratch/rohlfslab/abierly2/LongTR/longTR_pipeline_HG02154/HG02154.chrY.vcf.gz	0.000407 seconds
