Checking the headers and starting positions of 25 files
Concatenating /scratch/rohlfslab/abierly2/LongTR/longTR_pipeline_HG04062/HG04062.chr10.vcf.gz	1.231908 seconds
Concatenating /scratch/rohlfslab/abierly2/LongTR/longTR_pipeline_HG04062/HG04062.chr11.vcf.gz	1.174349 seconds
Concatenating /scratch/rohlfslab/abierly2/LongTR/longTR_pipeline_HG04062/HG04062.chr12.vcf.gz	1.249677 seconds
Concatenating /scratch/rohlfslab/abierly2/LongTR/longTR_pipeline_HG04062/HG04062.chr13.vcf.gz	0.857210 seconds
Concatenating /scratch/rohlfslab/abierly2/LongTR/longTR_pipeline_HG04062/HG04062.chr14.vcf.gz	0.816627 seconds
Concatenating /scratch/rohlfslab/abierly2/LongTR/longTR_pipeline_HG04062/HG04062.chr15.vcf.gz	0.762627 seconds
Concatenating /scratch/rohlfslab/abierly2/LongTR/longTR_pipeline_HG04062/HG04062.chr16.vcf.gz	0.795933 seconds
Concatenating /scratch/rohlfslab/abierly2/LongTR/longTR_pipeline_HG04062/HG04062.chr17.vcf.gz	0.843292 seconds
Concatenating /scratch/rohlfslab/abierly2/LongTR/longTR_pipeline_HG04062/HG04062.chr18.vcf.gz	0.621925 seconds
Concatenating /scratch/rohlfslab/abierly2/LongTR/longTR_pipeline_HG04062/HG04062.chr19.vcf.gz	0.684714 seconds
Concatenating /scratch/rohlfslab/abierly2/LongTR/longTR_pipeline_HG04062/HG04062.chr1.vcf.gz	2.198121 seconds
Concatenating /scratch/rohlfslab/abierly2/LongTR/longTR_pipeline_HG04062/HG04062.chr20.vcf.gz	0.517208 seconds
Concatenating /scratch/rohlfslab/abierly2/LongTR/longTR_pipeline_HG04062/HG04062.chr21.vcf.gz	0.300290 seconds
Concatenating /scratch/rohlfslab/abierly2/LongTR/longTR_pipeline_HG04062/HG04062.chr22.vcf.gz	0.363561 seconds
Concatenating /scratch/rohlfslab/abierly2/LongTR/longTR_pipeline_HG04062/HG04062.chr2.vcf.gz	2.197359 seconds
Concatenating /scratch/rohlfslab/abierly2/LongTR/longTR_pipeline_HG04062/HG04062.chr3.vcf.gz	1.747210 seconds
Concatenating /scratch/rohlfslab/abierly2/LongTR/longTR_pipeline_HG04062/HG04062.chr4.vcf.gz	1.673587 seconds
Concatenating /scratch/rohlfslab/abierly2/LongTR/longTR_pipeline_HG04062/HG04062.chr5.vcf.gz	1.585768 seconds
Concatenating /scratch/rohlfslab/abierly2/LongTR/longTR_pipeline_HG04062/HG04062.chr6.vcf.gz	1.527108 seconds
Concatenating /scratch/rohlfslab/abierly2/LongTR/longTR_pipeline_HG04062/HG04062.chr7.vcf.gz	1.470014 seconds
Concatenating /scratch/rohlfslab/abierly2/LongTR/longTR_pipeline_HG04062/HG04062.chr8.vcf.gz	1.277486 seconds
Concatenating /scratch/rohlfslab/abierly2/LongTR/longTR_pipeline_HG04062/HG04062.chr9.vcf.gz	1.091525 seconds
Concatenating /scratch/rohlfslab/abierly2/LongTR/longTR_pipeline_HG04062/HG04062.chrM.vcf.gz	0.000343 seconds
Concatenating /scratch/rohlfslab/abierly2/LongTR/longTR_pipeline_HG04062/HG04062.chrX.vcf.gz	1.321709 seconds
Concatenating /scratch/rohlfslab/abierly2/LongTR/longTR_pipeline_HG04062/HG04062.chrY.vcf.gz	0.000313 seconds
