Checking the headers and starting positions of 25 files
Concatenating /scratch/rohlfslab/abierly2/LongTR/longTR_pipeline_HG02292/HG02292.chr10.vcf.gz	1.224573 seconds
Concatenating /scratch/rohlfslab/abierly2/LongTR/longTR_pipeline_HG02292/HG02292.chr11.vcf.gz	1.160481 seconds
Concatenating /scratch/rohlfslab/abierly2/LongTR/longTR_pipeline_HG02292/HG02292.chr12.vcf.gz	1.231504 seconds
Concatenating /scratch/rohlfslab/abierly2/LongTR/longTR_pipeline_HG02292/HG02292.chr13.vcf.gz	0.853045 seconds
Concatenating /scratch/rohlfslab/abierly2/LongTR/longTR_pipeline_HG02292/HG02292.chr14.vcf.gz	0.806199 seconds
Concatenating /scratch/rohlfslab/abierly2/LongTR/longTR_pipeline_HG02292/HG02292.chr15.vcf.gz	0.752429 seconds
Concatenating /scratch/rohlfslab/abierly2/LongTR/longTR_pipeline_HG02292/HG02292.chr16.vcf.gz	0.790281 seconds
Concatenating /scratch/rohlfslab/abierly2/LongTR/longTR_pipeline_HG02292/HG02292.chr17.vcf.gz	0.822911 seconds
Concatenating /scratch/rohlfslab/abierly2/LongTR/longTR_pipeline_HG02292/HG02292.chr18.vcf.gz	0.611761 seconds
Concatenating /scratch/rohlfslab/abierly2/LongTR/longTR_pipeline_HG02292/HG02292.chr19.vcf.gz	0.680877 seconds
Concatenating /scratch/rohlfslab/abierly2/LongTR/longTR_pipeline_HG02292/HG02292.chr1.vcf.gz	2.182168 seconds
Concatenating /scratch/rohlfslab/abierly2/LongTR/longTR_pipeline_HG02292/HG02292.chr20.vcf.gz	0.512517 seconds
Concatenating /scratch/rohlfslab/abierly2/LongTR/longTR_pipeline_HG02292/HG02292.chr21.vcf.gz	0.296340 seconds
Concatenating /scratch/rohlfslab/abierly2/LongTR/longTR_pipeline_HG02292/HG02292.chr22.vcf.gz	0.357720 seconds
Concatenating /scratch/rohlfslab/abierly2/LongTR/longTR_pipeline_HG02292/HG02292.chr2.vcf.gz	2.173419 seconds
Concatenating /scratch/rohlfslab/abierly2/LongTR/longTR_pipeline_HG02292/HG02292.chr3.vcf.gz	1.726163 seconds
Concatenating /scratch/rohlfslab/abierly2/LongTR/longTR_pipeline_HG02292/HG02292.chr4.vcf.gz	1.655679 seconds
Concatenating /scratch/rohlfslab/abierly2/LongTR/longTR_pipeline_HG02292/HG02292.chr5.vcf.gz	1.570056 seconds
Concatenating /scratch/rohlfslab/abierly2/LongTR/longTR_pipeline_HG02292/HG02292.chr6.vcf.gz	1.527257 seconds
Concatenating /scratch/rohlfslab/abierly2/LongTR/longTR_pipeline_HG02292/HG02292.chr7.vcf.gz	1.458654 seconds
Concatenating /scratch/rohlfslab/abierly2/LongTR/longTR_pipeline_HG02292/HG02292.chr8.vcf.gz	1.261751 seconds
Concatenating /scratch/rohlfslab/abierly2/LongTR/longTR_pipeline_HG02292/HG02292.chr9.vcf.gz	1.070488 seconds
Concatenating /scratch/rohlfslab/abierly2/LongTR/longTR_pipeline_HG02292/HG02292.chrM.vcf.gz	0.000413 seconds
Concatenating /scratch/rohlfslab/abierly2/LongTR/longTR_pipeline_HG02292/HG02292.chrX.vcf.gz	1.306865 seconds
Concatenating /scratch/rohlfslab/abierly2/LongTR/longTR_pipeline_HG02292/HG02292.chrY.vcf.gz	0.000416 seconds
