Checking the headers and starting positions of 25 files
Concatenating /scratch/rohlfslab/abierly2/LongTR/longTR_pipeline_NA18595/NA18595.chr10.vcf.gz	0.814097 seconds
Concatenating /scratch/rohlfslab/abierly2/LongTR/longTR_pipeline_NA18595/NA18595.chr11.vcf.gz	0.787164 seconds
Concatenating /scratch/rohlfslab/abierly2/LongTR/longTR_pipeline_NA18595/NA18595.chr12.vcf.gz	0.834612 seconds
Concatenating /scratch/rohlfslab/abierly2/LongTR/longTR_pipeline_NA18595/NA18595.chr13.vcf.gz	0.524996 seconds
Concatenating /scratch/rohlfslab/abierly2/LongTR/longTR_pipeline_NA18595/NA18595.chr14.vcf.gz	0.547975 seconds
Concatenating /scratch/rohlfslab/abierly2/LongTR/longTR_pipeline_NA18595/NA18595.chr15.vcf.gz	0.508615 seconds
Concatenating /scratch/rohlfslab/abierly2/LongTR/longTR_pipeline_NA18595/NA18595.chr16.vcf.gz	0.533328 seconds
Concatenating /scratch/rohlfslab/abierly2/LongTR/longTR_pipeline_NA18595/NA18595.chr17.vcf.gz	0.582307 seconds
Concatenating /scratch/rohlfslab/abierly2/LongTR/longTR_pipeline_NA18595/NA18595.chr18.vcf.gz	0.389693 seconds
Concatenating /scratch/rohlfslab/abierly2/LongTR/longTR_pipeline_NA18595/NA18595.chr19.vcf.gz	0.506273 seconds
Concatenating /scratch/rohlfslab/abierly2/LongTR/longTR_pipeline_NA18595/NA18595.chr1.vcf.gz	1.475251 seconds
Concatenating /scratch/rohlfslab/abierly2/LongTR/longTR_pipeline_NA18595/NA18595.chr20.vcf.gz	0.349760 seconds
Concatenating /scratch/rohlfslab/abierly2/LongTR/longTR_pipeline_NA18595/NA18595.chr21.vcf.gz	0.191827 seconds
Concatenating /scratch/rohlfslab/abierly2/LongTR/longTR_pipeline_NA18595/NA18595.chr22.vcf.gz	0.249676 seconds
Concatenating /scratch/rohlfslab/abierly2/LongTR/longTR_pipeline_NA18595/NA18595.chr2.vcf.gz	1.427861 seconds
Concatenating /scratch/rohlfslab/abierly2/LongTR/longTR_pipeline_NA18595/NA18595.chr3.vcf.gz	1.151903 seconds
Concatenating /scratch/rohlfslab/abierly2/LongTR/longTR_pipeline_NA18595/NA18595.chr4.vcf.gz	1.032493 seconds
Concatenating /scratch/rohlfslab/abierly2/LongTR/longTR_pipeline_NA18595/NA18595.chr5.vcf.gz	1.015811 seconds
Concatenating /scratch/rohlfslab/abierly2/LongTR/longTR_pipeline_NA18595/NA18595.chr6.vcf.gz	0.998567 seconds
Concatenating /scratch/rohlfslab/abierly2/LongTR/longTR_pipeline_NA18595/NA18595.chr7.vcf.gz	0.949384 seconds
Concatenating /scratch/rohlfslab/abierly2/LongTR/longTR_pipeline_NA18595/NA18595.chr8.vcf.gz	0.817743 seconds
Concatenating /scratch/rohlfslab/abierly2/LongTR/longTR_pipeline_NA18595/NA18595.chr9.vcf.gz	0.717607 seconds
Concatenating /scratch/rohlfslab/abierly2/LongTR/longTR_pipeline_NA18595/NA18595.chrM.vcf.gz	0.000307 seconds
Concatenating /scratch/rohlfslab/abierly2/LongTR/longTR_pipeline_NA18595/NA18595.chrX.vcf.gz	0.800921 seconds
Concatenating /scratch/rohlfslab/abierly2/LongTR/longTR_pipeline_NA18595/NA18595.chrY.vcf.gz	0.000300 seconds
