Checking the headers and starting positions of 25 files
Concatenating /scratch/rohlfslab/abierly2/LongTR/longTR_pipeline_NA12386/NA12386.chr10.vcf.gz	0.851185 seconds
Concatenating /scratch/rohlfslab/abierly2/LongTR/longTR_pipeline_NA12386/NA12386.chr11.vcf.gz	0.839790 seconds
Concatenating /scratch/rohlfslab/abierly2/LongTR/longTR_pipeline_NA12386/NA12386.chr12.vcf.gz	0.889888 seconds
Concatenating /scratch/rohlfslab/abierly2/LongTR/longTR_pipeline_NA12386/NA12386.chr13.vcf.gz	0.590365 seconds
Concatenating /scratch/rohlfslab/abierly2/LongTR/longTR_pipeline_NA12386/NA12386.chr14.vcf.gz	0.565137 seconds
Concatenating /scratch/rohlfslab/abierly2/LongTR/longTR_pipeline_NA12386/NA12386.chr15.vcf.gz	0.535577 seconds
Concatenating /scratch/rohlfslab/abierly2/LongTR/longTR_pipeline_NA12386/NA12386.chr16.vcf.gz	0.564473 seconds
Concatenating /scratch/rohlfslab/abierly2/LongTR/longTR_pipeline_NA12386/NA12386.chr17.vcf.gz	0.560227 seconds
Concatenating /scratch/rohlfslab/abierly2/LongTR/longTR_pipeline_NA12386/NA12386.chr18.vcf.gz	0.449016 seconds
Concatenating /scratch/rohlfslab/abierly2/LongTR/longTR_pipeline_NA12386/NA12386.chr19.vcf.gz	0.461929 seconds
Concatenating /scratch/rohlfslab/abierly2/LongTR/longTR_pipeline_NA12386/NA12386.chr1.vcf.gz	1.515395 seconds
Concatenating /scratch/rohlfslab/abierly2/LongTR/longTR_pipeline_NA12386/NA12386.chr20.vcf.gz	0.359929 seconds
Concatenating /scratch/rohlfslab/abierly2/LongTR/longTR_pipeline_NA12386/NA12386.chr21.vcf.gz	0.206980 seconds
Concatenating /scratch/rohlfslab/abierly2/LongTR/longTR_pipeline_NA12386/NA12386.chr22.vcf.gz	0.249243 seconds
Concatenating /scratch/rohlfslab/abierly2/LongTR/longTR_pipeline_NA12386/NA12386.chr2.vcf.gz	1.548657 seconds
Concatenating /scratch/rohlfslab/abierly2/LongTR/longTR_pipeline_NA12386/NA12386.chr3.vcf.gz	1.230106 seconds
Concatenating /scratch/rohlfslab/abierly2/LongTR/longTR_pipeline_NA12386/NA12386.chr4.vcf.gz	1.166858 seconds
Concatenating /scratch/rohlfslab/abierly2/LongTR/longTR_pipeline_NA12386/NA12386.chr5.vcf.gz	1.118077 seconds
Concatenating /scratch/rohlfslab/abierly2/LongTR/longTR_pipeline_NA12386/NA12386.chr6.vcf.gz	1.082995 seconds
Concatenating /scratch/rohlfslab/abierly2/LongTR/longTR_pipeline_NA12386/NA12386.chr7.vcf.gz	1.033155 seconds
Concatenating /scratch/rohlfslab/abierly2/LongTR/longTR_pipeline_NA12386/NA12386.chr8.vcf.gz	0.900508 seconds
Concatenating /scratch/rohlfslab/abierly2/LongTR/longTR_pipeline_NA12386/NA12386.chr9.vcf.gz	0.790859 seconds
Concatenating /scratch/rohlfslab/abierly2/LongTR/longTR_pipeline_NA12386/NA12386.chrM.vcf.gz	0.000313 seconds
Concatenating /scratch/rohlfslab/abierly2/LongTR/longTR_pipeline_NA12386/NA12386.chrX.vcf.gz	0.889432 seconds
Concatenating /scratch/rohlfslab/abierly2/LongTR/longTR_pipeline_NA12386/NA12386.chrY.vcf.gz	0.000300 seconds
