Checking the headers and starting positions of 25 files
Concatenating /scratch/rohlfslab/abierly2/LongTR/longTR_pipeline_NA20504/NA20504.chr10.vcf.gz	0.432656 seconds
Concatenating /scratch/rohlfslab/abierly2/LongTR/longTR_pipeline_NA20504/NA20504.chr11.vcf.gz	0.422470 seconds
Concatenating /scratch/rohlfslab/abierly2/LongTR/longTR_pipeline_NA20504/NA20504.chr12.vcf.gz	0.468990 seconds
Concatenating /scratch/rohlfslab/abierly2/LongTR/longTR_pipeline_NA20504/NA20504.chr13.vcf.gz	0.265370 seconds
Concatenating /scratch/rohlfslab/abierly2/LongTR/longTR_pipeline_NA20504/NA20504.chr14.vcf.gz	0.288550 seconds
Concatenating /scratch/rohlfslab/abierly2/LongTR/longTR_pipeline_NA20504/NA20504.chr15.vcf.gz	0.286985 seconds
Concatenating /scratch/rohlfslab/abierly2/LongTR/longTR_pipeline_NA20504/NA20504.chr16.vcf.gz	0.298824 seconds
Concatenating /scratch/rohlfslab/abierly2/LongTR/longTR_pipeline_NA20504/NA20504.chr17.vcf.gz	0.339020 seconds
Concatenating /scratch/rohlfslab/abierly2/LongTR/longTR_pipeline_NA20504/NA20504.chr18.vcf.gz	0.201521 seconds
Concatenating /scratch/rohlfslab/abierly2/LongTR/longTR_pipeline_NA20504/NA20504.chr19.vcf.gz	0.303186 seconds
Concatenating /scratch/rohlfslab/abierly2/LongTR/longTR_pipeline_NA20504/NA20504.chr1.vcf.gz	0.808708 seconds
Concatenating /scratch/rohlfslab/abierly2/LongTR/longTR_pipeline_NA20504/NA20504.chr20.vcf.gz	0.191173 seconds
Concatenating /scratch/rohlfslab/abierly2/LongTR/longTR_pipeline_NA20504/NA20504.chr21.vcf.gz	0.103812 seconds
Concatenating /scratch/rohlfslab/abierly2/LongTR/longTR_pipeline_NA20504/NA20504.chr22.vcf.gz	0.145803 seconds
Concatenating /scratch/rohlfslab/abierly2/LongTR/longTR_pipeline_NA20504/NA20504.chr2.vcf.gz	0.751813 seconds
Concatenating /scratch/rohlfslab/abierly2/LongTR/longTR_pipeline_NA20504/NA20504.chr3.vcf.gz	0.614142 seconds
Concatenating /scratch/rohlfslab/abierly2/LongTR/longTR_pipeline_NA20504/NA20504.chr4.vcf.gz	0.535088 seconds
Concatenating /scratch/rohlfslab/abierly2/LongTR/longTR_pipeline_NA20504/NA20504.chr5.vcf.gz	0.549477 seconds
Concatenating /scratch/rohlfslab/abierly2/LongTR/longTR_pipeline_NA20504/NA20504.chr6.vcf.gz	0.533790 seconds
Concatenating /scratch/rohlfslab/abierly2/LongTR/longTR_pipeline_NA20504/NA20504.chr7.vcf.gz	0.504784 seconds
Concatenating /scratch/rohlfslab/abierly2/LongTR/longTR_pipeline_NA20504/NA20504.chr8.vcf.gz	0.430543 seconds
Concatenating /scratch/rohlfslab/abierly2/LongTR/longTR_pipeline_NA20504/NA20504.chr9.vcf.gz	0.374332 seconds
Concatenating /scratch/rohlfslab/abierly2/LongTR/longTR_pipeline_NA20504/NA20504.chrM.vcf.gz	0.000511 seconds
Concatenating /scratch/rohlfslab/abierly2/LongTR/longTR_pipeline_NA20504/NA20504.chrX.vcf.gz	0.373640 seconds
Concatenating /scratch/rohlfslab/abierly2/LongTR/longTR_pipeline_NA20504/NA20504.chrY.vcf.gz	0.000505 seconds
