Checking the headers and starting positions of 25 files
Concatenating /scratch/rohlfslab/abierly2/LongTR/longTR_pipeline_HG03595/HG03595.chr10.vcf.gz	1.243309 seconds
Concatenating /scratch/rohlfslab/abierly2/LongTR/longTR_pipeline_HG03595/HG03595.chr11.vcf.gz	1.178239 seconds
Concatenating /scratch/rohlfslab/abierly2/LongTR/longTR_pipeline_HG03595/HG03595.chr12.vcf.gz	1.262618 seconds
Concatenating /scratch/rohlfslab/abierly2/LongTR/longTR_pipeline_HG03595/HG03595.chr13.vcf.gz	0.848582 seconds
Concatenating /scratch/rohlfslab/abierly2/LongTR/longTR_pipeline_HG03595/HG03595.chr14.vcf.gz	0.818596 seconds
Concatenating /scratch/rohlfslab/abierly2/LongTR/longTR_pipeline_HG03595/HG03595.chr15.vcf.gz	0.778251 seconds
Concatenating /scratch/rohlfslab/abierly2/LongTR/longTR_pipeline_HG03595/HG03595.chr16.vcf.gz	0.966155 seconds
Concatenating /scratch/rohlfslab/abierly2/LongTR/longTR_pipeline_HG03595/HG03595.chr17.vcf.gz	1.327034 seconds
Concatenating /scratch/rohlfslab/abierly2/LongTR/longTR_pipeline_HG03595/HG03595.chr18.vcf.gz	0.788843 seconds
Concatenating /scratch/rohlfslab/abierly2/LongTR/longTR_pipeline_HG03595/HG03595.chr19.vcf.gz	0.692901 seconds
Concatenating /scratch/rohlfslab/abierly2/LongTR/longTR_pipeline_HG03595/HG03595.chr1.vcf.gz	2.485920 seconds
Concatenating /scratch/rohlfslab/abierly2/LongTR/longTR_pipeline_HG03595/HG03595.chr20.vcf.gz	0.606200 seconds
Concatenating /scratch/rohlfslab/abierly2/LongTR/longTR_pipeline_HG03595/HG03595.chr21.vcf.gz	0.348626 seconds
Concatenating /scratch/rohlfslab/abierly2/LongTR/longTR_pipeline_HG03595/HG03595.chr22.vcf.gz	0.423064 seconds
Concatenating /scratch/rohlfslab/abierly2/LongTR/longTR_pipeline_HG03595/HG03595.chr2.vcf.gz	2.597262 seconds
Concatenating /scratch/rohlfslab/abierly2/LongTR/longTR_pipeline_HG03595/HG03595.chr3.vcf.gz	2.049149 seconds
Concatenating /scratch/rohlfslab/abierly2/LongTR/longTR_pipeline_HG03595/HG03595.chr4.vcf.gz	1.968366 seconds
Concatenating /scratch/rohlfslab/abierly2/LongTR/longTR_pipeline_HG03595/HG03595.chr5.vcf.gz	1.867348 seconds
Concatenating /scratch/rohlfslab/abierly2/LongTR/longTR_pipeline_HG03595/HG03595.chr6.vcf.gz	1.806507 seconds
Concatenating /scratch/rohlfslab/abierly2/LongTR/longTR_pipeline_HG03595/HG03595.chr7.vcf.gz	1.729616 seconds
Concatenating /scratch/rohlfslab/abierly2/LongTR/longTR_pipeline_HG03595/HG03595.chr8.vcf.gz	1.502326 seconds
Concatenating /scratch/rohlfslab/abierly2/LongTR/longTR_pipeline_HG03595/HG03595.chr9.vcf.gz	1.283536 seconds
Concatenating /scratch/rohlfslab/abierly2/LongTR/longTR_pipeline_HG03595/HG03595.chrM.vcf.gz	0.000432 seconds
Concatenating /scratch/rohlfslab/abierly2/LongTR/longTR_pipeline_HG03595/HG03595.chrX.vcf.gz	1.569673 seconds
Concatenating /scratch/rohlfslab/abierly2/LongTR/longTR_pipeline_HG03595/HG03595.chrY.vcf.gz	0.000451 seconds
