Checking the headers and starting positions of 25 files
Concatenating /scratch/rohlfslab/abierly2/LongTR/longTR_pipeline_HG01617/HG01617.chr10.vcf.gz	0.953769 seconds
Concatenating /scratch/rohlfslab/abierly2/LongTR/longTR_pipeline_HG01617/HG01617.chr11.vcf.gz	0.924328 seconds
Concatenating /scratch/rohlfslab/abierly2/LongTR/longTR_pipeline_HG01617/HG01617.chr12.vcf.gz	0.964085 seconds
Concatenating /scratch/rohlfslab/abierly2/LongTR/longTR_pipeline_HG01617/HG01617.chr13.vcf.gz	0.693930 seconds
Concatenating /scratch/rohlfslab/abierly2/LongTR/longTR_pipeline_HG01617/HG01617.chr14.vcf.gz	0.650986 seconds
Concatenating /scratch/rohlfslab/abierly2/LongTR/longTR_pipeline_HG01617/HG01617.chr15.vcf.gz	0.605203 seconds
Concatenating /scratch/rohlfslab/abierly2/LongTR/longTR_pipeline_HG01617/HG01617.chr16.vcf.gz	0.620048 seconds
Concatenating /scratch/rohlfslab/abierly2/LongTR/longTR_pipeline_HG01617/HG01617.chr17.vcf.gz	0.621946 seconds
Concatenating /scratch/rohlfslab/abierly2/LongTR/longTR_pipeline_HG01617/HG01617.chr18.vcf.gz	0.506523 seconds
Concatenating /scratch/rohlfslab/abierly2/LongTR/longTR_pipeline_HG01617/HG01617.chr19.vcf.gz	0.487290 seconds
Concatenating /scratch/rohlfslab/abierly2/LongTR/longTR_pipeline_HG01617/HG01617.chr1.vcf.gz	1.725106 seconds
Concatenating /scratch/rohlfslab/abierly2/LongTR/longTR_pipeline_HG01617/HG01617.chr20.vcf.gz	0.403557 seconds
Concatenating /scratch/rohlfslab/abierly2/LongTR/longTR_pipeline_HG01617/HG01617.chr21.vcf.gz	0.233422 seconds
Concatenating /scratch/rohlfslab/abierly2/LongTR/longTR_pipeline_HG01617/HG01617.chr22.vcf.gz	0.270654 seconds
Concatenating /scratch/rohlfslab/abierly2/LongTR/longTR_pipeline_HG01617/HG01617.chr2.vcf.gz	1.928518 seconds
Concatenating /scratch/rohlfslab/abierly2/LongTR/longTR_pipeline_HG01617/HG01617.chr3.vcf.gz	1.399672 seconds
Concatenating /scratch/rohlfslab/abierly2/LongTR/longTR_pipeline_HG01617/HG01617.chr4.vcf.gz	1.372852 seconds
Concatenating /scratch/rohlfslab/abierly2/LongTR/longTR_pipeline_HG01617/HG01617.chr5.vcf.gz	1.297296 seconds
Concatenating /scratch/rohlfslab/abierly2/LongTR/longTR_pipeline_HG01617/HG01617.chr6.vcf.gz	1.223884 seconds
Concatenating /scratch/rohlfslab/abierly2/LongTR/longTR_pipeline_HG01617/HG01617.chr7.vcf.gz	1.163496 seconds
Concatenating /scratch/rohlfslab/abierly2/LongTR/longTR_pipeline_HG01617/HG01617.chr8.vcf.gz	1.011581 seconds
Concatenating /scratch/rohlfslab/abierly2/LongTR/longTR_pipeline_HG01617/HG01617.chr9.vcf.gz	0.855959 seconds
Concatenating /scratch/rohlfslab/abierly2/LongTR/longTR_pipeline_HG01617/HG01617.chrM.vcf.gz	0.000316 seconds
Concatenating /scratch/rohlfslab/abierly2/LongTR/longTR_pipeline_HG01617/HG01617.chrX.vcf.gz	0.189037 seconds
Concatenating /scratch/rohlfslab/abierly2/LongTR/longTR_pipeline_HG01617/HG01617.chrY.vcf.gz	0.008647 seconds
