Checking the headers and starting positions of 25 files
Concatenating /scratch/rohlfslab/abierly2/LongTR/longTR_pipeline_HG03639/HG03639.chr10.vcf.gz	0.408755 seconds
Concatenating /scratch/rohlfslab/abierly2/LongTR/longTR_pipeline_HG03639/HG03639.chr11.vcf.gz	0.403118 seconds
Concatenating /scratch/rohlfslab/abierly2/LongTR/longTR_pipeline_HG03639/HG03639.chr12.vcf.gz	0.428987 seconds
Concatenating /scratch/rohlfslab/abierly2/LongTR/longTR_pipeline_HG03639/HG03639.chr13.vcf.gz	0.270645 seconds
Concatenating /scratch/rohlfslab/abierly2/LongTR/longTR_pipeline_HG03639/HG03639.chr14.vcf.gz	0.272747 seconds
Concatenating /scratch/rohlfslab/abierly2/LongTR/longTR_pipeline_HG03639/HG03639.chr15.vcf.gz	0.271629 seconds
Concatenating /scratch/rohlfslab/abierly2/LongTR/longTR_pipeline_HG03639/HG03639.chr16.vcf.gz	0.263720 seconds
Concatenating /scratch/rohlfslab/abierly2/LongTR/longTR_pipeline_HG03639/HG03639.chr17.vcf.gz	0.293697 seconds
Concatenating /scratch/rohlfslab/abierly2/LongTR/longTR_pipeline_HG03639/HG03639.chr18.vcf.gz	0.206491 seconds
Concatenating /scratch/rohlfslab/abierly2/LongTR/longTR_pipeline_HG03639/HG03639.chr19.vcf.gz	0.228184 seconds
Concatenating /scratch/rohlfslab/abierly2/LongTR/longTR_pipeline_HG03639/HG03639.chr1.vcf.gz	0.748277 seconds
Concatenating /scratch/rohlfslab/abierly2/LongTR/longTR_pipeline_HG03639/HG03639.chr20.vcf.gz	0.172888 seconds
Concatenating /scratch/rohlfslab/abierly2/LongTR/longTR_pipeline_HG03639/HG03639.chr21.vcf.gz	0.093130 seconds
Concatenating /scratch/rohlfslab/abierly2/LongTR/longTR_pipeline_HG03639/HG03639.chr22.vcf.gz	0.124657 seconds
Concatenating /scratch/rohlfslab/abierly2/LongTR/longTR_pipeline_HG03639/HG03639.chr2.vcf.gz	0.729874 seconds
Concatenating /scratch/rohlfslab/abierly2/LongTR/longTR_pipeline_HG03639/HG03639.chr3.vcf.gz	0.596063 seconds
Concatenating /scratch/rohlfslab/abierly2/LongTR/longTR_pipeline_HG03639/HG03639.chr4.vcf.gz	0.553391 seconds
Concatenating /scratch/rohlfslab/abierly2/LongTR/longTR_pipeline_HG03639/HG03639.chr5.vcf.gz	0.540952 seconds
Concatenating /scratch/rohlfslab/abierly2/LongTR/longTR_pipeline_HG03639/HG03639.chr6.vcf.gz	0.522708 seconds
Concatenating /scratch/rohlfslab/abierly2/LongTR/longTR_pipeline_HG03639/HG03639.chr7.vcf.gz	0.483838 seconds
Concatenating /scratch/rohlfslab/abierly2/LongTR/longTR_pipeline_HG03639/HG03639.chr8.vcf.gz	0.420575 seconds
Concatenating /scratch/rohlfslab/abierly2/LongTR/longTR_pipeline_HG03639/HG03639.chr9.vcf.gz	0.359339 seconds
Concatenating /scratch/rohlfslab/abierly2/LongTR/longTR_pipeline_HG03639/HG03639.chrM.vcf.gz	0.000293 seconds
Concatenating /scratch/rohlfslab/abierly2/LongTR/longTR_pipeline_HG03639/HG03639.chrX.vcf.gz	0.035087 seconds
Concatenating /scratch/rohlfslab/abierly2/LongTR/longTR_pipeline_HG03639/HG03639.chrY.vcf.gz	0.002083 seconds
