Checking the headers and starting positions of 25 files
Concatenating /scratch/rohlfslab/abierly2/LongTR/longTR_pipeline_HG00409/HG00409.chr10.vcf.gz	1.108268 seconds
Concatenating /scratch/rohlfslab/abierly2/LongTR/longTR_pipeline_HG00409/HG00409.chr11.vcf.gz	1.065097 seconds
Concatenating /scratch/rohlfslab/abierly2/LongTR/longTR_pipeline_HG00409/HG00409.chr12.vcf.gz	1.141231 seconds
Concatenating /scratch/rohlfslab/abierly2/LongTR/longTR_pipeline_HG00409/HG00409.chr13.vcf.gz	0.792903 seconds
Concatenating /scratch/rohlfslab/abierly2/LongTR/longTR_pipeline_HG00409/HG00409.chr14.vcf.gz	0.737553 seconds
Concatenating /scratch/rohlfslab/abierly2/LongTR/longTR_pipeline_HG00409/HG00409.chr15.vcf.gz	0.687590 seconds
Concatenating /scratch/rohlfslab/abierly2/LongTR/longTR_pipeline_HG00409/HG00409.chr16.vcf.gz	0.690969 seconds
Concatenating /scratch/rohlfslab/abierly2/LongTR/longTR_pipeline_HG00409/HG00409.chr17.vcf.gz	0.730371 seconds
Concatenating /scratch/rohlfslab/abierly2/LongTR/longTR_pipeline_HG00409/HG00409.chr18.vcf.gz	0.568313 seconds
Concatenating /scratch/rohlfslab/abierly2/LongTR/longTR_pipeline_HG00409/HG00409.chr19.vcf.gz	0.576654 seconds
Concatenating /scratch/rohlfslab/abierly2/LongTR/longTR_pipeline_HG00409/HG00409.chr1.vcf.gz	1.980714 seconds
Concatenating /scratch/rohlfslab/abierly2/LongTR/longTR_pipeline_HG00409/HG00409.chr20.vcf.gz	0.460522 seconds
Concatenating /scratch/rohlfslab/abierly2/LongTR/longTR_pipeline_HG00409/HG00409.chr21.vcf.gz	0.268589 seconds
Concatenating /scratch/rohlfslab/abierly2/LongTR/longTR_pipeline_HG00409/HG00409.chr22.vcf.gz	0.318619 seconds
Concatenating /scratch/rohlfslab/abierly2/LongTR/longTR_pipeline_HG00409/HG00409.chr2.vcf.gz	2.017175 seconds
Concatenating /scratch/rohlfslab/abierly2/LongTR/longTR_pipeline_HG00409/HG00409.chr3.vcf.gz	1.605704 seconds
Concatenating /scratch/rohlfslab/abierly2/LongTR/longTR_pipeline_HG00409/HG00409.chr4.vcf.gz	1.543933 seconds
Concatenating /scratch/rohlfslab/abierly2/LongTR/longTR_pipeline_HG00409/HG00409.chr5.vcf.gz	1.452754 seconds
Concatenating /scratch/rohlfslab/abierly2/LongTR/longTR_pipeline_HG00409/HG00409.chr6.vcf.gz	1.407803 seconds
Concatenating /scratch/rohlfslab/abierly2/LongTR/longTR_pipeline_HG00409/HG00409.chr7.vcf.gz	1.338721 seconds
Concatenating /scratch/rohlfslab/abierly2/LongTR/longTR_pipeline_HG00409/HG00409.chr8.vcf.gz	1.159871 seconds
Concatenating /scratch/rohlfslab/abierly2/LongTR/longTR_pipeline_HG00409/HG00409.chr9.vcf.gz	0.983254 seconds
Concatenating /scratch/rohlfslab/abierly2/LongTR/longTR_pipeline_HG00409/HG00409.chrM.vcf.gz	0.000303 seconds
Concatenating /scratch/rohlfslab/abierly2/LongTR/longTR_pipeline_HG00409/HG00409.chrX.vcf.gz	0.292415 seconds
Concatenating /scratch/rohlfslab/abierly2/LongTR/longTR_pipeline_HG00409/HG00409.chrY.vcf.gz	0.014190 seconds
