Checking the headers and starting positions of 25 files
Concatenating /scratch/rohlfslab/abierly2/LongTR/longTR_pipeline_NA19080/NA19080.chr10.vcf.gz	1.100267 seconds
Concatenating /scratch/rohlfslab/abierly2/LongTR/longTR_pipeline_NA19080/NA19080.chr11.vcf.gz	1.064860 seconds
Concatenating /scratch/rohlfslab/abierly2/LongTR/longTR_pipeline_NA19080/NA19080.chr12.vcf.gz	1.124328 seconds
Concatenating /scratch/rohlfslab/abierly2/LongTR/longTR_pipeline_NA19080/NA19080.chr13.vcf.gz	0.721989 seconds
Concatenating /scratch/rohlfslab/abierly2/LongTR/longTR_pipeline_NA19080/NA19080.chr14.vcf.gz	0.731450 seconds
Concatenating /scratch/rohlfslab/abierly2/LongTR/longTR_pipeline_NA19080/NA19080.chr15.vcf.gz	0.690570 seconds
Concatenating /scratch/rohlfslab/abierly2/LongTR/longTR_pipeline_NA19080/NA19080.chr16.vcf.gz	0.732527 seconds
Concatenating /scratch/rohlfslab/abierly2/LongTR/longTR_pipeline_NA19080/NA19080.chr17.vcf.gz	0.780285 seconds
Concatenating /scratch/rohlfslab/abierly2/LongTR/longTR_pipeline_NA19080/NA19080.chr18.vcf.gz	0.537963 seconds
Concatenating /scratch/rohlfslab/abierly2/LongTR/longTR_pipeline_NA19080/NA19080.chr19.vcf.gz	0.668790 seconds
Concatenating /scratch/rohlfslab/abierly2/LongTR/longTR_pipeline_NA19080/NA19080.chr1.vcf.gz	1.993603 seconds
Concatenating /scratch/rohlfslab/abierly2/LongTR/longTR_pipeline_NA19080/NA19080.chr20.vcf.gz	0.480879 seconds
Concatenating /scratch/rohlfslab/abierly2/LongTR/longTR_pipeline_NA19080/NA19080.chr21.vcf.gz	0.263407 seconds
Concatenating /scratch/rohlfslab/abierly2/LongTR/longTR_pipeline_NA19080/NA19080.chr22.vcf.gz	0.344227 seconds
Concatenating /scratch/rohlfslab/abierly2/LongTR/longTR_pipeline_NA19080/NA19080.chr2.vcf.gz	1.936559 seconds
Concatenating /scratch/rohlfslab/abierly2/LongTR/longTR_pipeline_NA19080/NA19080.chr3.vcf.gz	1.551715 seconds
Concatenating /scratch/rohlfslab/abierly2/LongTR/longTR_pipeline_NA19080/NA19080.chr4.vcf.gz	1.416486 seconds
Concatenating /scratch/rohlfslab/abierly2/LongTR/longTR_pipeline_NA19080/NA19080.chr5.vcf.gz	1.383453 seconds
Concatenating /scratch/rohlfslab/abierly2/LongTR/longTR_pipeline_NA19080/NA19080.chr6.vcf.gz	1.348121 seconds
Concatenating /scratch/rohlfslab/abierly2/LongTR/longTR_pipeline_NA19080/NA19080.chr7.vcf.gz	1.304145 seconds
Concatenating /scratch/rohlfslab/abierly2/LongTR/longTR_pipeline_NA19080/NA19080.chr8.vcf.gz	1.120706 seconds
Concatenating /scratch/rohlfslab/abierly2/LongTR/longTR_pipeline_NA19080/NA19080.chr9.vcf.gz	0.955367 seconds
Concatenating /scratch/rohlfslab/abierly2/LongTR/longTR_pipeline_NA19080/NA19080.chrM.vcf.gz	0.002088 seconds
Concatenating /scratch/rohlfslab/abierly2/LongTR/longTR_pipeline_NA19080/NA19080.chrX.vcf.gz	1.105271 seconds
Concatenating /scratch/rohlfslab/abierly2/LongTR/longTR_pipeline_NA19080/NA19080.chrY.vcf.gz	0.000351 seconds
