Checking the headers and starting positions of 25 files
Concatenating /scratch/rohlfslab/abierly2/LongTR/longTR_pipeline_HG00378/HG00378.chr10.vcf.gz	1.336522 seconds
Concatenating /scratch/rohlfslab/abierly2/LongTR/longTR_pipeline_HG00378/HG00378.chr11.vcf.gz	1.218293 seconds
Concatenating /scratch/rohlfslab/abierly2/LongTR/longTR_pipeline_HG00378/HG00378.chr12.vcf.gz	1.336372 seconds
Concatenating /scratch/rohlfslab/abierly2/LongTR/longTR_pipeline_HG00378/HG00378.chr13.vcf.gz	0.887678 seconds
Concatenating /scratch/rohlfslab/abierly2/LongTR/longTR_pipeline_HG00378/HG00378.chr14.vcf.gz	0.846040 seconds
Concatenating /scratch/rohlfslab/abierly2/LongTR/longTR_pipeline_HG00378/HG00378.chr15.vcf.gz	0.788994 seconds
Concatenating /scratch/rohlfslab/abierly2/LongTR/longTR_pipeline_HG00378/HG00378.chr16.vcf.gz	0.826585 seconds
Concatenating /scratch/rohlfslab/abierly2/LongTR/longTR_pipeline_HG00378/HG00378.chr17.vcf.gz	0.859960 seconds
Concatenating /scratch/rohlfslab/abierly2/LongTR/longTR_pipeline_HG00378/HG00378.chr18.vcf.gz	0.641864 seconds
Concatenating /scratch/rohlfslab/abierly2/LongTR/longTR_pipeline_HG00378/HG00378.chr19.vcf.gz	0.714039 seconds
Concatenating /scratch/rohlfslab/abierly2/LongTR/longTR_pipeline_HG00378/HG00378.chr1.vcf.gz	2.272604 seconds
Concatenating /scratch/rohlfslab/abierly2/LongTR/longTR_pipeline_HG00378/HG00378.chr20.vcf.gz	0.534030 seconds
Concatenating /scratch/rohlfslab/abierly2/LongTR/longTR_pipeline_HG00378/HG00378.chr21.vcf.gz	0.309601 seconds
Concatenating /scratch/rohlfslab/abierly2/LongTR/longTR_pipeline_HG00378/HG00378.chr22.vcf.gz	0.378839 seconds
Concatenating /scratch/rohlfslab/abierly2/LongTR/longTR_pipeline_HG00378/HG00378.chr2.vcf.gz	2.272230 seconds
Concatenating /scratch/rohlfslab/abierly2/LongTR/longTR_pipeline_HG00378/HG00378.chr3.vcf.gz	1.811315 seconds
Concatenating /scratch/rohlfslab/abierly2/LongTR/longTR_pipeline_HG00378/HG00378.chr4.vcf.gz	1.730332 seconds
Concatenating /scratch/rohlfslab/abierly2/LongTR/longTR_pipeline_HG00378/HG00378.chr5.vcf.gz	1.645777 seconds
Concatenating /scratch/rohlfslab/abierly2/LongTR/longTR_pipeline_HG00378/HG00378.chr6.vcf.gz	1.582010 seconds
Concatenating /scratch/rohlfslab/abierly2/LongTR/longTR_pipeline_HG00378/HG00378.chr7.vcf.gz	1.521800 seconds
Concatenating /scratch/rohlfslab/abierly2/LongTR/longTR_pipeline_HG00378/HG00378.chr8.vcf.gz	1.318835 seconds
Concatenating /scratch/rohlfslab/abierly2/LongTR/longTR_pipeline_HG00378/HG00378.chr9.vcf.gz	1.119741 seconds
Concatenating /scratch/rohlfslab/abierly2/LongTR/longTR_pipeline_HG00378/HG00378.chrM.vcf.gz	0.000316 seconds
Concatenating /scratch/rohlfslab/abierly2/LongTR/longTR_pipeline_HG00378/HG00378.chrX.vcf.gz	1.366874 seconds
Concatenating /scratch/rohlfslab/abierly2/LongTR/longTR_pipeline_HG00378/HG00378.chrY.vcf.gz	0.000286 seconds
