Checking the headers and starting positions of 25 files
Concatenating /scratch/rohlfslab/abierly2/LongTR/longTR_pipeline_HG01258/HG01258.chr10.vcf.gz	1.111212 seconds
Concatenating /scratch/rohlfslab/abierly2/LongTR/longTR_pipeline_HG01258/HG01258.chr11.vcf.gz	1.063328 seconds
Concatenating /scratch/rohlfslab/abierly2/LongTR/longTR_pipeline_HG01258/HG01258.chr12.vcf.gz	1.138037 seconds
Concatenating /scratch/rohlfslab/abierly2/LongTR/longTR_pipeline_HG01258/HG01258.chr13.vcf.gz	0.765110 seconds
Concatenating /scratch/rohlfslab/abierly2/LongTR/longTR_pipeline_HG01258/HG01258.chr14.vcf.gz	0.731378 seconds
Concatenating /scratch/rohlfslab/abierly2/LongTR/longTR_pipeline_HG01258/HG01258.chr15.vcf.gz	0.693901 seconds
Concatenating /scratch/rohlfslab/abierly2/LongTR/longTR_pipeline_HG01258/HG01258.chr16.vcf.gz	0.721953 seconds
Concatenating /scratch/rohlfslab/abierly2/LongTR/longTR_pipeline_HG01258/HG01258.chr17.vcf.gz	0.747483 seconds
Concatenating /scratch/rohlfslab/abierly2/LongTR/longTR_pipeline_HG01258/HG01258.chr18.vcf.gz	0.557091 seconds
Concatenating /scratch/rohlfslab/abierly2/LongTR/longTR_pipeline_HG01258/HG01258.chr19.vcf.gz	0.618795 seconds
Concatenating /scratch/rohlfslab/abierly2/LongTR/longTR_pipeline_HG01258/HG01258.chr1.vcf.gz	1.981638 seconds
Concatenating /scratch/rohlfslab/abierly2/LongTR/longTR_pipeline_HG01258/HG01258.chr20.vcf.gz	0.471574 seconds
Concatenating /scratch/rohlfslab/abierly2/LongTR/longTR_pipeline_HG01258/HG01258.chr21.vcf.gz	0.267628 seconds
Concatenating /scratch/rohlfslab/abierly2/LongTR/longTR_pipeline_HG01258/HG01258.chr22.vcf.gz	0.330700 seconds
Concatenating /scratch/rohlfslab/abierly2/LongTR/longTR_pipeline_HG01258/HG01258.chr2.vcf.gz	2.003561 seconds
Concatenating /scratch/rohlfslab/abierly2/LongTR/longTR_pipeline_HG01258/HG01258.chr3.vcf.gz	1.574223 seconds
Concatenating /scratch/rohlfslab/abierly2/LongTR/longTR_pipeline_HG01258/HG01258.chr4.vcf.gz	1.497968 seconds
Concatenating /scratch/rohlfslab/abierly2/LongTR/longTR_pipeline_HG01258/HG01258.chr5.vcf.gz	1.427063 seconds
Concatenating /scratch/rohlfslab/abierly2/LongTR/longTR_pipeline_HG01258/HG01258.chr6.vcf.gz	1.381011 seconds
Concatenating /scratch/rohlfslab/abierly2/LongTR/longTR_pipeline_HG01258/HG01258.chr7.vcf.gz	1.337665 seconds
Concatenating /scratch/rohlfslab/abierly2/LongTR/longTR_pipeline_HG01258/HG01258.chr8.vcf.gz	1.144868 seconds
Concatenating /scratch/rohlfslab/abierly2/LongTR/longTR_pipeline_HG01258/HG01258.chr9.vcf.gz	0.985473 seconds
Concatenating /scratch/rohlfslab/abierly2/LongTR/longTR_pipeline_HG01258/HG01258.chrM.vcf.gz	0.000313 seconds
Concatenating /scratch/rohlfslab/abierly2/LongTR/longTR_pipeline_HG01258/HG01258.chrX.vcf.gz	0.300132 seconds
Concatenating /scratch/rohlfslab/abierly2/LongTR/longTR_pipeline_HG01258/HG01258.chrY.vcf.gz	0.012341 seconds
