Checking the headers and starting positions of 25 files
Concatenating /scratch/rohlfslab/abierly2/LongTR/longTR_pipeline_HG02521/HG02521.chr10.vcf.gz	1.280119 seconds
Concatenating /scratch/rohlfslab/abierly2/LongTR/longTR_pipeline_HG02521/HG02521.chr11.vcf.gz	1.211582 seconds
Concatenating /scratch/rohlfslab/abierly2/LongTR/longTR_pipeline_HG02521/HG02521.chr12.vcf.gz	1.289375 seconds
Concatenating /scratch/rohlfslab/abierly2/LongTR/longTR_pipeline_HG02521/HG02521.chr13.vcf.gz	0.887074 seconds
Concatenating /scratch/rohlfslab/abierly2/LongTR/longTR_pipeline_HG02521/HG02521.chr14.vcf.gz	0.844242 seconds
Concatenating /scratch/rohlfslab/abierly2/LongTR/longTR_pipeline_HG02521/HG02521.chr15.vcf.gz	0.797548 seconds
Concatenating /scratch/rohlfslab/abierly2/LongTR/longTR_pipeline_HG02521/HG02521.chr16.vcf.gz	0.837912 seconds
Concatenating /scratch/rohlfslab/abierly2/LongTR/longTR_pipeline_HG02521/HG02521.chr17.vcf.gz	0.864120 seconds
Concatenating /scratch/rohlfslab/abierly2/LongTR/longTR_pipeline_HG02521/HG02521.chr18.vcf.gz	0.639548 seconds
Concatenating /scratch/rohlfslab/abierly2/LongTR/longTR_pipeline_HG02521/HG02521.chr19.vcf.gz	0.714372 seconds
Concatenating /scratch/rohlfslab/abierly2/LongTR/longTR_pipeline_HG02521/HG02521.chr1.vcf.gz	2.278242 seconds
Concatenating /scratch/rohlfslab/abierly2/LongTR/longTR_pipeline_HG02521/HG02521.chr20.vcf.gz	0.536312 seconds
Concatenating /scratch/rohlfslab/abierly2/LongTR/longTR_pipeline_HG02521/HG02521.chr21.vcf.gz	0.308825 seconds
Concatenating /scratch/rohlfslab/abierly2/LongTR/longTR_pipeline_HG02521/HG02521.chr22.vcf.gz	0.374958 seconds
Concatenating /scratch/rohlfslab/abierly2/LongTR/longTR_pipeline_HG02521/HG02521.chr2.vcf.gz	2.267145 seconds
Concatenating /scratch/rohlfslab/abierly2/LongTR/longTR_pipeline_HG02521/HG02521.chr3.vcf.gz	1.815844 seconds
Concatenating /scratch/rohlfslab/abierly2/LongTR/longTR_pipeline_HG02521/HG02521.chr4.vcf.gz	1.726782 seconds
Concatenating /scratch/rohlfslab/abierly2/LongTR/longTR_pipeline_HG02521/HG02521.chr5.vcf.gz	1.643416 seconds
Concatenating /scratch/rohlfslab/abierly2/LongTR/longTR_pipeline_HG02521/HG02521.chr6.vcf.gz	1.576658 seconds
Concatenating /scratch/rohlfslab/abierly2/LongTR/longTR_pipeline_HG02521/HG02521.chr7.vcf.gz	1.525993 seconds
Concatenating /scratch/rohlfslab/abierly2/LongTR/longTR_pipeline_HG02521/HG02521.chr8.vcf.gz	1.319306 seconds
Concatenating /scratch/rohlfslab/abierly2/LongTR/longTR_pipeline_HG02521/HG02521.chr9.vcf.gz	1.126632 seconds
Concatenating /scratch/rohlfslab/abierly2/LongTR/longTR_pipeline_HG02521/HG02521.chrM.vcf.gz	0.000436 seconds
Concatenating /scratch/rohlfslab/abierly2/LongTR/longTR_pipeline_HG02521/HG02521.chrX.vcf.gz	1.284561 seconds
Concatenating /scratch/rohlfslab/abierly2/LongTR/longTR_pipeline_HG02521/HG02521.chrY.vcf.gz	0.068067 seconds
