Checking the headers and starting positions of 25 files
Concatenating /scratch/rohlfslab/abierly2/LongTR/longTR_pipeline_HG01464/HG01464.chr10.vcf.gz	1.202702 seconds
Concatenating /scratch/rohlfslab/abierly2/LongTR/longTR_pipeline_HG01464/HG01464.chr11.vcf.gz	1.153433 seconds
Concatenating /scratch/rohlfslab/abierly2/LongTR/longTR_pipeline_HG01464/HG01464.chr12.vcf.gz	1.239504 seconds
Concatenating /scratch/rohlfslab/abierly2/LongTR/longTR_pipeline_HG01464/HG01464.chr13.vcf.gz	0.844396 seconds
Concatenating /scratch/rohlfslab/abierly2/LongTR/longTR_pipeline_HG01464/HG01464.chr14.vcf.gz	0.800874 seconds
Concatenating /scratch/rohlfslab/abierly2/LongTR/longTR_pipeline_HG01464/HG01464.chr15.vcf.gz	0.754702 seconds
Concatenating /scratch/rohlfslab/abierly2/LongTR/longTR_pipeline_HG01464/HG01464.chr16.vcf.gz	0.787780 seconds
Concatenating /scratch/rohlfslab/abierly2/LongTR/longTR_pipeline_HG01464/HG01464.chr17.vcf.gz	0.817627 seconds
Concatenating /scratch/rohlfslab/abierly2/LongTR/longTR_pipeline_HG01464/HG01464.chr18.vcf.gz	0.606478 seconds
Concatenating /scratch/rohlfslab/abierly2/LongTR/longTR_pipeline_HG01464/HG01464.chr19.vcf.gz	0.680619 seconds
Concatenating /scratch/rohlfslab/abierly2/LongTR/longTR_pipeline_HG01464/HG01464.chr1.vcf.gz	2.154887 seconds
Concatenating /scratch/rohlfslab/abierly2/LongTR/longTR_pipeline_HG01464/HG01464.chr20.vcf.gz	0.506206 seconds
Concatenating /scratch/rohlfslab/abierly2/LongTR/longTR_pipeline_HG01464/HG01464.chr21.vcf.gz	0.293624 seconds
Concatenating /scratch/rohlfslab/abierly2/LongTR/longTR_pipeline_HG01464/HG01464.chr22.vcf.gz	0.352846 seconds
Concatenating /scratch/rohlfslab/abierly2/LongTR/longTR_pipeline_HG01464/HG01464.chr2.vcf.gz	2.159447 seconds
Concatenating /scratch/rohlfslab/abierly2/LongTR/longTR_pipeline_HG01464/HG01464.chr3.vcf.gz	1.740507 seconds
Concatenating /scratch/rohlfslab/abierly2/LongTR/longTR_pipeline_HG01464/HG01464.chr4.vcf.gz	1.640220 seconds
Concatenating /scratch/rohlfslab/abierly2/LongTR/longTR_pipeline_HG01464/HG01464.chr5.vcf.gz	1.552786 seconds
Concatenating /scratch/rohlfslab/abierly2/LongTR/longTR_pipeline_HG01464/HG01464.chr6.vcf.gz	1.507276 seconds
Concatenating /scratch/rohlfslab/abierly2/LongTR/longTR_pipeline_HG01464/HG01464.chr7.vcf.gz	1.447640 seconds
Concatenating /scratch/rohlfslab/abierly2/LongTR/longTR_pipeline_HG01464/HG01464.chr8.vcf.gz	1.249210 seconds
Concatenating /scratch/rohlfslab/abierly2/LongTR/longTR_pipeline_HG01464/HG01464.chr9.vcf.gz	1.064749 seconds
Concatenating /scratch/rohlfslab/abierly2/LongTR/longTR_pipeline_HG01464/HG01464.chrM.vcf.gz	0.000351 seconds
Concatenating /scratch/rohlfslab/abierly2/LongTR/longTR_pipeline_HG01464/HG01464.chrX.vcf.gz	0.572177 seconds
Concatenating /scratch/rohlfslab/abierly2/LongTR/longTR_pipeline_HG01464/HG01464.chrY.vcf.gz	0.024157 seconds
