Checking the headers and starting positions of 25 files
Concatenating /scratch/rohlfslab/abierly2/LongTR/longTR_pipeline_HG04131/HG04131.chr10.vcf.gz	1.259958 seconds
Concatenating /scratch/rohlfslab/abierly2/LongTR/longTR_pipeline_HG04131/HG04131.chr11.vcf.gz	1.195863 seconds
Concatenating /scratch/rohlfslab/abierly2/LongTR/longTR_pipeline_HG04131/HG04131.chr12.vcf.gz	1.269512 seconds
Concatenating /scratch/rohlfslab/abierly2/LongTR/longTR_pipeline_HG04131/HG04131.chr13.vcf.gz	0.874249 seconds
Concatenating /scratch/rohlfslab/abierly2/LongTR/longTR_pipeline_HG04131/HG04131.chr14.vcf.gz	0.830610 seconds
Concatenating /scratch/rohlfslab/abierly2/LongTR/longTR_pipeline_HG04131/HG04131.chr15.vcf.gz	0.782378 seconds
Concatenating /scratch/rohlfslab/abierly2/LongTR/longTR_pipeline_HG04131/HG04131.chr16.vcf.gz	0.817874 seconds
Concatenating /scratch/rohlfslab/abierly2/LongTR/longTR_pipeline_HG04131/HG04131.chr17.vcf.gz	0.847624 seconds
Concatenating /scratch/rohlfslab/abierly2/LongTR/longTR_pipeline_HG04131/HG04131.chr18.vcf.gz	0.629968 seconds
Concatenating /scratch/rohlfslab/abierly2/LongTR/longTR_pipeline_HG04131/HG04131.chr19.vcf.gz	0.701119 seconds
Concatenating /scratch/rohlfslab/abierly2/LongTR/longTR_pipeline_HG04131/HG04131.chr1.vcf.gz	2.235364 seconds
Concatenating /scratch/rohlfslab/abierly2/LongTR/longTR_pipeline_HG04131/HG04131.chr20.vcf.gz	0.525517 seconds
Concatenating /scratch/rohlfslab/abierly2/LongTR/longTR_pipeline_HG04131/HG04131.chr21.vcf.gz	0.303642 seconds
Concatenating /scratch/rohlfslab/abierly2/LongTR/longTR_pipeline_HG04131/HG04131.chr22.vcf.gz	0.370806 seconds
Concatenating /scratch/rohlfslab/abierly2/LongTR/longTR_pipeline_HG04131/HG04131.chr2.vcf.gz	2.238749 seconds
Concatenating /scratch/rohlfslab/abierly2/LongTR/longTR_pipeline_HG04131/HG04131.chr3.vcf.gz	1.784946 seconds
Concatenating /scratch/rohlfslab/abierly2/LongTR/longTR_pipeline_HG04131/HG04131.chr4.vcf.gz	1.706996 seconds
Concatenating /scratch/rohlfslab/abierly2/LongTR/longTR_pipeline_HG04131/HG04131.chr5.vcf.gz	1.616862 seconds
Concatenating /scratch/rohlfslab/abierly2/LongTR/longTR_pipeline_HG04131/HG04131.chr6.vcf.gz	1.555217 seconds
Concatenating /scratch/rohlfslab/abierly2/LongTR/longTR_pipeline_HG04131/HG04131.chr7.vcf.gz	1.501659 seconds
Concatenating /scratch/rohlfslab/abierly2/LongTR/longTR_pipeline_HG04131/HG04131.chr8.vcf.gz	1.299088 seconds
Concatenating /scratch/rohlfslab/abierly2/LongTR/longTR_pipeline_HG04131/HG04131.chr9.vcf.gz	1.101140 seconds
Concatenating /scratch/rohlfslab/abierly2/LongTR/longTR_pipeline_HG04131/HG04131.chrM.vcf.gz	0.000330 seconds
Concatenating /scratch/rohlfslab/abierly2/LongTR/longTR_pipeline_HG04131/HG04131.chrX.vcf.gz	1.185630 seconds
Concatenating /scratch/rohlfslab/abierly2/LongTR/longTR_pipeline_HG04131/HG04131.chrY.vcf.gz	0.062832 seconds
