Checking the headers and starting positions of 25 files
Concatenating /scratch/rohlfslab/abierly2/LongTR/longTR_pipeline_NA12891/NA12891.chr10.vcf.gz	1.146691 seconds
Concatenating /scratch/rohlfslab/abierly2/LongTR/longTR_pipeline_NA12891/NA12891.chr11.vcf.gz	1.101261 seconds
Concatenating /scratch/rohlfslab/abierly2/LongTR/longTR_pipeline_NA12891/NA12891.chr12.vcf.gz	1.167490 seconds
Concatenating /scratch/rohlfslab/abierly2/LongTR/longTR_pipeline_NA12891/NA12891.chr13.vcf.gz	0.784527 seconds
Concatenating /scratch/rohlfslab/abierly2/LongTR/longTR_pipeline_NA12891/NA12891.chr14.vcf.gz	0.766264 seconds
Concatenating /scratch/rohlfslab/abierly2/LongTR/longTR_pipeline_NA12891/NA12891.chr15.vcf.gz	0.713636 seconds
Concatenating /scratch/rohlfslab/abierly2/LongTR/longTR_pipeline_NA12891/NA12891.chr16.vcf.gz	0.751957 seconds
Concatenating /scratch/rohlfslab/abierly2/LongTR/longTR_pipeline_NA12891/NA12891.chr17.vcf.gz	0.789578 seconds
Concatenating /scratch/rohlfslab/abierly2/LongTR/longTR_pipeline_NA12891/NA12891.chr18.vcf.gz	0.576942 seconds
Concatenating /scratch/rohlfslab/abierly2/LongTR/longTR_pipeline_NA12891/NA12891.chr19.vcf.gz	0.656643 seconds
Concatenating /scratch/rohlfslab/abierly2/LongTR/longTR_pipeline_NA12891/NA12891.chr1.vcf.gz	2.061362 seconds
Concatenating /scratch/rohlfslab/abierly2/LongTR/longTR_pipeline_NA12891/NA12891.chr20.vcf.gz	0.489560 seconds
Concatenating /scratch/rohlfslab/abierly2/LongTR/longTR_pipeline_NA12891/NA12891.chr21.vcf.gz	0.275858 seconds
Concatenating /scratch/rohlfslab/abierly2/LongTR/longTR_pipeline_NA12891/NA12891.chr22.vcf.gz	0.346434 seconds
Concatenating /scratch/rohlfslab/abierly2/LongTR/longTR_pipeline_NA12891/NA12891.chr2.vcf.gz	2.046255 seconds
Concatenating /scratch/rohlfslab/abierly2/LongTR/longTR_pipeline_NA12891/NA12891.chr3.vcf.gz	1.631954 seconds
Concatenating /scratch/rohlfslab/abierly2/LongTR/longTR_pipeline_NA12891/NA12891.chr4.vcf.gz	1.530377 seconds
Concatenating /scratch/rohlfslab/abierly2/LongTR/longTR_pipeline_NA12891/NA12891.chr5.vcf.gz	1.466292 seconds
Concatenating /scratch/rohlfslab/abierly2/LongTR/longTR_pipeline_NA12891/NA12891.chr6.vcf.gz	1.420255 seconds
Concatenating /scratch/rohlfslab/abierly2/LongTR/longTR_pipeline_NA12891/NA12891.chr7.vcf.gz	1.372199 seconds
Concatenating /scratch/rohlfslab/abierly2/LongTR/longTR_pipeline_NA12891/NA12891.chr8.vcf.gz	1.181312 seconds
Concatenating /scratch/rohlfslab/abierly2/LongTR/longTR_pipeline_NA12891/NA12891.chr9.vcf.gz	1.045369 seconds
Concatenating /scratch/rohlfslab/abierly2/LongTR/longTR_pipeline_NA12891/NA12891.chrM.vcf.gz	0.000301 seconds
Concatenating /scratch/rohlfslab/abierly2/LongTR/longTR_pipeline_NA12891/NA12891.chrX.vcf.gz	0.340867 seconds
Concatenating /scratch/rohlfslab/abierly2/LongTR/longTR_pipeline_NA12891/NA12891.chrY.vcf.gz	0.014401 seconds
