Checking the headers and starting positions of 25 files
Concatenating /scratch/rohlfslab/abierly2/LongTR/longTR_pipeline_HG01871/HG01871.chr10.vcf.gz	0.539953 seconds
Concatenating /scratch/rohlfslab/abierly2/LongTR/longTR_pipeline_HG01871/HG01871.chr11.vcf.gz	0.490438 seconds
Concatenating /scratch/rohlfslab/abierly2/LongTR/longTR_pipeline_HG01871/HG01871.chr12.vcf.gz	0.540214 seconds
Concatenating /scratch/rohlfslab/abierly2/LongTR/longTR_pipeline_HG01871/HG01871.chr13.vcf.gz	0.344292 seconds
Concatenating /scratch/rohlfslab/abierly2/LongTR/longTR_pipeline_HG01871/HG01871.chr14.vcf.gz	0.340167 seconds
Concatenating /scratch/rohlfslab/abierly2/LongTR/longTR_pipeline_HG01871/HG01871.chr15.vcf.gz	0.330782 seconds
Concatenating /scratch/rohlfslab/abierly2/LongTR/longTR_pipeline_HG01871/HG01871.chr16.vcf.gz	0.333313 seconds
Concatenating /scratch/rohlfslab/abierly2/LongTR/longTR_pipeline_HG01871/HG01871.chr17.vcf.gz	0.350661 seconds
Concatenating /scratch/rohlfslab/abierly2/LongTR/longTR_pipeline_HG01871/HG01871.chr18.vcf.gz	0.255783 seconds
Concatenating /scratch/rohlfslab/abierly2/LongTR/longTR_pipeline_HG01871/HG01871.chr19.vcf.gz	0.283218 seconds
Concatenating /scratch/rohlfslab/abierly2/LongTR/longTR_pipeline_HG01871/HG01871.chr1.vcf.gz	0.950109 seconds
Concatenating /scratch/rohlfslab/abierly2/LongTR/longTR_pipeline_HG01871/HG01871.chr20.vcf.gz	0.217514 seconds
Concatenating /scratch/rohlfslab/abierly2/LongTR/longTR_pipeline_HG01871/HG01871.chr21.vcf.gz	0.117942 seconds
Concatenating /scratch/rohlfslab/abierly2/LongTR/longTR_pipeline_HG01871/HG01871.chr22.vcf.gz	0.152884 seconds
Concatenating /scratch/rohlfslab/abierly2/LongTR/longTR_pipeline_HG01871/HG01871.chr2.vcf.gz	0.967024 seconds
Concatenating /scratch/rohlfslab/abierly2/LongTR/longTR_pipeline_HG01871/HG01871.chr3.vcf.gz	0.782145 seconds
Concatenating /scratch/rohlfslab/abierly2/LongTR/longTR_pipeline_HG01871/HG01871.chr4.vcf.gz	0.693102 seconds
Concatenating /scratch/rohlfslab/abierly2/LongTR/longTR_pipeline_HG01871/HG01871.chr5.vcf.gz	0.686204 seconds
Concatenating /scratch/rohlfslab/abierly2/LongTR/longTR_pipeline_HG01871/HG01871.chr6.vcf.gz	0.671422 seconds
Concatenating /scratch/rohlfslab/abierly2/LongTR/longTR_pipeline_HG01871/HG01871.chr7.vcf.gz	0.626253 seconds
Concatenating /scratch/rohlfslab/abierly2/LongTR/longTR_pipeline_HG01871/HG01871.chr8.vcf.gz	0.539231 seconds
Concatenating /scratch/rohlfslab/abierly2/LongTR/longTR_pipeline_HG01871/HG01871.chr9.vcf.gz	0.462462 seconds
Concatenating /scratch/rohlfslab/abierly2/LongTR/longTR_pipeline_HG01871/HG01871.chrM.vcf.gz	0.000346 seconds
Concatenating /scratch/rohlfslab/abierly2/LongTR/longTR_pipeline_HG01871/HG01871.chrX.vcf.gz	0.531595 seconds
Concatenating /scratch/rohlfslab/abierly2/LongTR/longTR_pipeline_HG01871/HG01871.chrY.vcf.gz	0.000315 seconds
