Checking the headers and starting positions of 25 files
Concatenating /scratch/rohlfslab/abierly2/LongTR/longTR_pipeline_HG03708/HG03708.chr10.vcf.gz	0.726971 seconds
Concatenating /scratch/rohlfslab/abierly2/LongTR/longTR_pipeline_HG03708/HG03708.chr11.vcf.gz	0.700552 seconds
Concatenating /scratch/rohlfslab/abierly2/LongTR/longTR_pipeline_HG03708/HG03708.chr12.vcf.gz	0.738105 seconds
Concatenating /scratch/rohlfslab/abierly2/LongTR/longTR_pipeline_HG03708/HG03708.chr13.vcf.gz	0.489024 seconds
Concatenating /scratch/rohlfslab/abierly2/LongTR/longTR_pipeline_HG03708/HG03708.chr14.vcf.gz	0.484517 seconds
Concatenating /scratch/rohlfslab/abierly2/LongTR/longTR_pipeline_HG03708/HG03708.chr15.vcf.gz	0.452526 seconds
Concatenating /scratch/rohlfslab/abierly2/LongTR/longTR_pipeline_HG03708/HG03708.chr16.vcf.gz	0.463366 seconds
Concatenating /scratch/rohlfslab/abierly2/LongTR/longTR_pipeline_HG03708/HG03708.chr17.vcf.gz	0.498069 seconds
Concatenating /scratch/rohlfslab/abierly2/LongTR/longTR_pipeline_HG03708/HG03708.chr18.vcf.gz	0.347475 seconds
Concatenating /scratch/rohlfslab/abierly2/LongTR/longTR_pipeline_HG03708/HG03708.chr19.vcf.gz	0.414652 seconds
Concatenating /scratch/rohlfslab/abierly2/LongTR/longTR_pipeline_HG03708/HG03708.chr1.vcf.gz	1.321091 seconds
Concatenating /scratch/rohlfslab/abierly2/LongTR/longTR_pipeline_HG03708/HG03708.chr20.vcf.gz	0.311892 seconds
Concatenating /scratch/rohlfslab/abierly2/LongTR/longTR_pipeline_HG03708/HG03708.chr21.vcf.gz	0.173048 seconds
Concatenating /scratch/rohlfslab/abierly2/LongTR/longTR_pipeline_HG03708/HG03708.chr22.vcf.gz	0.217917 seconds
Concatenating /scratch/rohlfslab/abierly2/LongTR/longTR_pipeline_HG03708/HG03708.chr2.vcf.gz	1.280983 seconds
Concatenating /scratch/rohlfslab/abierly2/LongTR/longTR_pipeline_HG03708/HG03708.chr3.vcf.gz	1.047249 seconds
Concatenating /scratch/rohlfslab/abierly2/LongTR/longTR_pipeline_HG03708/HG03708.chr4.vcf.gz	0.950349 seconds
Concatenating /scratch/rohlfslab/abierly2/LongTR/longTR_pipeline_HG03708/HG03708.chr5.vcf.gz	0.929452 seconds
Concatenating /scratch/rohlfslab/abierly2/LongTR/longTR_pipeline_HG03708/HG03708.chr6.vcf.gz	0.906371 seconds
Concatenating /scratch/rohlfslab/abierly2/LongTR/longTR_pipeline_HG03708/HG03708.chr7.vcf.gz	0.863705 seconds
Concatenating /scratch/rohlfslab/abierly2/LongTR/longTR_pipeline_HG03708/HG03708.chr8.vcf.gz	0.737465 seconds
Concatenating /scratch/rohlfslab/abierly2/LongTR/longTR_pipeline_HG03708/HG03708.chr9.vcf.gz	0.626087 seconds
Concatenating /scratch/rohlfslab/abierly2/LongTR/longTR_pipeline_HG03708/HG03708.chrM.vcf.gz	0.000324 seconds
Concatenating /scratch/rohlfslab/abierly2/LongTR/longTR_pipeline_HG03708/HG03708.chrX.vcf.gz	0.086419 seconds
Concatenating /scratch/rohlfslab/abierly2/LongTR/longTR_pipeline_HG03708/HG03708.chrY.vcf.gz	0.002457 seconds
