Checking the headers and starting positions of 25 files
Concatenating /scratch/rohlfslab/abierly2/LongTR/longTR_pipeline_HG03015/HG03015.chr10.vcf.gz	1.068247 seconds
Concatenating /scratch/rohlfslab/abierly2/LongTR/longTR_pipeline_HG03015/HG03015.chr11.vcf.gz	1.032292 seconds
Concatenating /scratch/rohlfslab/abierly2/LongTR/longTR_pipeline_HG03015/HG03015.chr12.vcf.gz	1.092096 seconds
Concatenating /scratch/rohlfslab/abierly2/LongTR/longTR_pipeline_HG03015/HG03015.chr13.vcf.gz	0.730601 seconds
Concatenating /scratch/rohlfslab/abierly2/LongTR/longTR_pipeline_HG03015/HG03015.chr14.vcf.gz	0.710023 seconds
Concatenating /scratch/rohlfslab/abierly2/LongTR/longTR_pipeline_HG03015/HG03015.chr15.vcf.gz	0.672174 seconds
Concatenating /scratch/rohlfslab/abierly2/LongTR/longTR_pipeline_HG03015/HG03015.chr16.vcf.gz	0.684065 seconds
Concatenating /scratch/rohlfslab/abierly2/LongTR/longTR_pipeline_HG03015/HG03015.chr17.vcf.gz	0.718821 seconds
Concatenating /scratch/rohlfslab/abierly2/LongTR/longTR_pipeline_HG03015/HG03015.chr18.vcf.gz	0.534341 seconds
Concatenating /scratch/rohlfslab/abierly2/LongTR/longTR_pipeline_HG03015/HG03015.chr19.vcf.gz	0.598108 seconds
Concatenating /scratch/rohlfslab/abierly2/LongTR/longTR_pipeline_HG03015/HG03015.chr1.vcf.gz	1.923967 seconds
Concatenating /scratch/rohlfslab/abierly2/LongTR/longTR_pipeline_HG03015/HG03015.chr20.vcf.gz	0.453872 seconds
Concatenating /scratch/rohlfslab/abierly2/LongTR/longTR_pipeline_HG03015/HG03015.chr21.vcf.gz	0.257965 seconds
Concatenating /scratch/rohlfslab/abierly2/LongTR/longTR_pipeline_HG03015/HG03015.chr22.vcf.gz	0.313703 seconds
Concatenating /scratch/rohlfslab/abierly2/LongTR/longTR_pipeline_HG03015/HG03015.chr2.vcf.gz	1.927449 seconds
Concatenating /scratch/rohlfslab/abierly2/LongTR/longTR_pipeline_HG03015/HG03015.chr3.vcf.gz	1.538527 seconds
Concatenating /scratch/rohlfslab/abierly2/LongTR/longTR_pipeline_HG03015/HG03015.chr4.vcf.gz	1.424545 seconds
Concatenating /scratch/rohlfslab/abierly2/LongTR/longTR_pipeline_HG03015/HG03015.chr5.vcf.gz	1.375991 seconds
Concatenating /scratch/rohlfslab/abierly2/LongTR/longTR_pipeline_HG03015/HG03015.chr6.vcf.gz	1.336639 seconds
Concatenating /scratch/rohlfslab/abierly2/LongTR/longTR_pipeline_HG03015/HG03015.chr7.vcf.gz	1.271724 seconds
Concatenating /scratch/rohlfslab/abierly2/LongTR/longTR_pipeline_HG03015/HG03015.chr8.vcf.gz	1.107013 seconds
Concatenating /scratch/rohlfslab/abierly2/LongTR/longTR_pipeline_HG03015/HG03015.chr9.vcf.gz	0.947292 seconds
Concatenating /scratch/rohlfslab/abierly2/LongTR/longTR_pipeline_HG03015/HG03015.chrM.vcf.gz	0.000342 seconds
Concatenating /scratch/rohlfslab/abierly2/LongTR/longTR_pipeline_HG03015/HG03015.chrX.vcf.gz	0.229165 seconds
Concatenating /scratch/rohlfslab/abierly2/LongTR/longTR_pipeline_HG03015/HG03015.chrY.vcf.gz	0.012529 seconds
