Checking the headers and starting positions of 25 files
Concatenating /scratch/rohlfslab/abierly2/LongTR/longTR_pipeline_NA19734/NA19734.chr10.vcf.gz	1.171292 seconds
Concatenating /scratch/rohlfslab/abierly2/LongTR/longTR_pipeline_NA19734/NA19734.chr11.vcf.gz	1.109865 seconds
Concatenating /scratch/rohlfslab/abierly2/LongTR/longTR_pipeline_NA19734/NA19734.chr12.vcf.gz	1.182439 seconds
Concatenating /scratch/rohlfslab/abierly2/LongTR/longTR_pipeline_NA19734/NA19734.chr13.vcf.gz	0.813458 seconds
Concatenating /scratch/rohlfslab/abierly2/LongTR/longTR_pipeline_NA19734/NA19734.chr14.vcf.gz	0.768035 seconds
Concatenating /scratch/rohlfslab/abierly2/LongTR/longTR_pipeline_NA19734/NA19734.chr15.vcf.gz	0.723732 seconds
Concatenating /scratch/rohlfslab/abierly2/LongTR/longTR_pipeline_NA19734/NA19734.chr16.vcf.gz	0.745319 seconds
Concatenating /scratch/rohlfslab/abierly2/LongTR/longTR_pipeline_NA19734/NA19734.chr17.vcf.gz	0.782826 seconds
Concatenating /scratch/rohlfslab/abierly2/LongTR/longTR_pipeline_NA19734/NA19734.chr18.vcf.gz	0.590674 seconds
Concatenating /scratch/rohlfslab/abierly2/LongTR/longTR_pipeline_NA19734/NA19734.chr19.vcf.gz	0.637257 seconds
Concatenating /scratch/rohlfslab/abierly2/LongTR/longTR_pipeline_NA19734/NA19734.chr1.vcf.gz	2.073836 seconds
Concatenating /scratch/rohlfslab/abierly2/LongTR/longTR_pipeline_NA19734/NA19734.chr20.vcf.gz	0.491262 seconds
Concatenating /scratch/rohlfslab/abierly2/LongTR/longTR_pipeline_NA19734/NA19734.chr21.vcf.gz	0.284156 seconds
Concatenating /scratch/rohlfslab/abierly2/LongTR/longTR_pipeline_NA19734/NA19734.chr22.vcf.gz	0.341859 seconds
Concatenating /scratch/rohlfslab/abierly2/LongTR/longTR_pipeline_NA19734/NA19734.chr2.vcf.gz	2.108004 seconds
Concatenating /scratch/rohlfslab/abierly2/LongTR/longTR_pipeline_NA19734/NA19734.chr3.vcf.gz	1.704220 seconds
Concatenating /scratch/rohlfslab/abierly2/LongTR/longTR_pipeline_NA19734/NA19734.chr4.vcf.gz	1.602396 seconds
Concatenating /scratch/rohlfslab/abierly2/LongTR/longTR_pipeline_NA19734/NA19734.chr5.vcf.gz	1.508797 seconds
Concatenating /scratch/rohlfslab/abierly2/LongTR/longTR_pipeline_NA19734/NA19734.chr6.vcf.gz	1.464728 seconds
Concatenating /scratch/rohlfslab/abierly2/LongTR/longTR_pipeline_NA19734/NA19734.chr7.vcf.gz	1.398828 seconds
Concatenating /scratch/rohlfslab/abierly2/LongTR/longTR_pipeline_NA19734/NA19734.chr8.vcf.gz	1.202536 seconds
Concatenating /scratch/rohlfslab/abierly2/LongTR/longTR_pipeline_NA19734/NA19734.chr9.vcf.gz	1.023822 seconds
Concatenating /scratch/rohlfslab/abierly2/LongTR/longTR_pipeline_NA19734/NA19734.chrM.vcf.gz	0.000313 seconds
Concatenating /scratch/rohlfslab/abierly2/LongTR/longTR_pipeline_NA19734/NA19734.chrX.vcf.gz	1.241228 seconds
Concatenating /scratch/rohlfslab/abierly2/LongTR/longTR_pipeline_NA19734/NA19734.chrY.vcf.gz	0.000311 seconds
