Checking the headers and starting positions of 25 files
Concatenating /scratch/rohlfslab/abierly2/LongTR/longTR_pipeline_HG01506/HG01506.chr10.vcf.gz	1.300604 seconds
Concatenating /scratch/rohlfslab/abierly2/LongTR/longTR_pipeline_HG01506/HG01506.chr11.vcf.gz	1.259626 seconds
Concatenating /scratch/rohlfslab/abierly2/LongTR/longTR_pipeline_HG01506/HG01506.chr12.vcf.gz	1.308528 seconds
Concatenating /scratch/rohlfslab/abierly2/LongTR/longTR_pipeline_HG01506/HG01506.chr13.vcf.gz	0.897607 seconds
Concatenating /scratch/rohlfslab/abierly2/LongTR/longTR_pipeline_HG01506/HG01506.chr14.vcf.gz	0.846924 seconds
Concatenating /scratch/rohlfslab/abierly2/LongTR/longTR_pipeline_HG01506/HG01506.chr15.vcf.gz	0.791708 seconds
Concatenating /scratch/rohlfslab/abierly2/LongTR/longTR_pipeline_HG01506/HG01506.chr16.vcf.gz	0.834000 seconds
Concatenating /scratch/rohlfslab/abierly2/LongTR/longTR_pipeline_HG01506/HG01506.chr17.vcf.gz	0.869847 seconds
Concatenating /scratch/rohlfslab/abierly2/LongTR/longTR_pipeline_HG01506/HG01506.chr18.vcf.gz	0.655282 seconds
Concatenating /scratch/rohlfslab/abierly2/LongTR/longTR_pipeline_HG01506/HG01506.chr19.vcf.gz	0.724832 seconds
Concatenating /scratch/rohlfslab/abierly2/LongTR/longTR_pipeline_HG01506/HG01506.chr1.vcf.gz	2.308604 seconds
Concatenating /scratch/rohlfslab/abierly2/LongTR/longTR_pipeline_HG01506/HG01506.chr20.vcf.gz	0.542590 seconds
Concatenating /scratch/rohlfslab/abierly2/LongTR/longTR_pipeline_HG01506/HG01506.chr21.vcf.gz	0.310084 seconds
Concatenating /scratch/rohlfslab/abierly2/LongTR/longTR_pipeline_HG01506/HG01506.chr22.vcf.gz	0.383596 seconds
Concatenating /scratch/rohlfslab/abierly2/LongTR/longTR_pipeline_HG01506/HG01506.chr2.vcf.gz	2.313610 seconds
Concatenating /scratch/rohlfslab/abierly2/LongTR/longTR_pipeline_HG01506/HG01506.chr3.vcf.gz	1.851755 seconds
Concatenating /scratch/rohlfslab/abierly2/LongTR/longTR_pipeline_HG01506/HG01506.chr4.vcf.gz	1.768262 seconds
Concatenating /scratch/rohlfslab/abierly2/LongTR/longTR_pipeline_HG01506/HG01506.chr5.vcf.gz	1.668997 seconds
Concatenating /scratch/rohlfslab/abierly2/LongTR/longTR_pipeline_HG01506/HG01506.chr6.vcf.gz	1.606252 seconds
Concatenating /scratch/rohlfslab/abierly2/LongTR/longTR_pipeline_HG01506/HG01506.chr7.vcf.gz	1.548997 seconds
Concatenating /scratch/rohlfslab/abierly2/LongTR/longTR_pipeline_HG01506/HG01506.chr8.vcf.gz	1.336034 seconds
Concatenating /scratch/rohlfslab/abierly2/LongTR/longTR_pipeline_HG01506/HG01506.chr9.vcf.gz	1.137183 seconds
Concatenating /scratch/rohlfslab/abierly2/LongTR/longTR_pipeline_HG01506/HG01506.chrM.vcf.gz	0.000335 seconds
Concatenating /scratch/rohlfslab/abierly2/LongTR/longTR_pipeline_HG01506/HG01506.chrX.vcf.gz	0.694867 seconds
Concatenating /scratch/rohlfslab/abierly2/LongTR/longTR_pipeline_HG01506/HG01506.chrY.vcf.gz	0.034297 seconds
