Checking the headers and starting positions of 25 files
Concatenating /scratch/rohlfslab/abierly2/LongTR/longTR_pipeline_HG03990/HG03990.chr10.vcf.gz	1.060142 seconds
Concatenating /scratch/rohlfslab/abierly2/LongTR/longTR_pipeline_HG03990/HG03990.chr11.vcf.gz	1.008843 seconds
Concatenating /scratch/rohlfslab/abierly2/LongTR/longTR_pipeline_HG03990/HG03990.chr12.vcf.gz	1.092541 seconds
Concatenating /scratch/rohlfslab/abierly2/LongTR/longTR_pipeline_HG03990/HG03990.chr13.vcf.gz	0.764308 seconds
Concatenating /scratch/rohlfslab/abierly2/LongTR/longTR_pipeline_HG03990/HG03990.chr14.vcf.gz	0.715999 seconds
Concatenating /scratch/rohlfslab/abierly2/LongTR/longTR_pipeline_HG03990/HG03990.chr15.vcf.gz	0.666569 seconds
Concatenating /scratch/rohlfslab/abierly2/LongTR/longTR_pipeline_HG03990/HG03990.chr16.vcf.gz	0.670835 seconds
Concatenating /scratch/rohlfslab/abierly2/LongTR/longTR_pipeline_HG03990/HG03990.chr17.vcf.gz	0.693650 seconds
Concatenating /scratch/rohlfslab/abierly2/LongTR/longTR_pipeline_HG03990/HG03990.chr18.vcf.gz	0.542480 seconds
Concatenating /scratch/rohlfslab/abierly2/LongTR/longTR_pipeline_HG03990/HG03990.chr19.vcf.gz	0.533247 seconds
Concatenating /scratch/rohlfslab/abierly2/LongTR/longTR_pipeline_HG03990/HG03990.chr1.vcf.gz	1.906627 seconds
Concatenating /scratch/rohlfslab/abierly2/LongTR/longTR_pipeline_HG03990/HG03990.chr20.vcf.gz	0.440927 seconds
Concatenating /scratch/rohlfslab/abierly2/LongTR/longTR_pipeline_HG03990/HG03990.chr21.vcf.gz	0.255473 seconds
Concatenating /scratch/rohlfslab/abierly2/LongTR/longTR_pipeline_HG03990/HG03990.chr22.vcf.gz	0.293323 seconds
Concatenating /scratch/rohlfslab/abierly2/LongTR/longTR_pipeline_HG03990/HG03990.chr2.vcf.gz	1.932250 seconds
Concatenating /scratch/rohlfslab/abierly2/LongTR/longTR_pipeline_HG03990/HG03990.chr3.vcf.gz	1.541298 seconds
Concatenating /scratch/rohlfslab/abierly2/LongTR/longTR_pipeline_HG03990/HG03990.chr4.vcf.gz	1.467881 seconds
Concatenating /scratch/rohlfslab/abierly2/LongTR/longTR_pipeline_HG03990/HG03990.chr5.vcf.gz	1.393553 seconds
Concatenating /scratch/rohlfslab/abierly2/LongTR/longTR_pipeline_HG03990/HG03990.chr6.vcf.gz	1.351990 seconds
Concatenating /scratch/rohlfslab/abierly2/LongTR/longTR_pipeline_HG03990/HG03990.chr7.vcf.gz	1.269787 seconds
Concatenating /scratch/rohlfslab/abierly2/LongTR/longTR_pipeline_HG03990/HG03990.chr8.vcf.gz	1.120411 seconds
Concatenating /scratch/rohlfslab/abierly2/LongTR/longTR_pipeline_HG03990/HG03990.chr9.vcf.gz	0.931526 seconds
Concatenating /scratch/rohlfslab/abierly2/LongTR/longTR_pipeline_HG03990/HG03990.chrM.vcf.gz	0.000324 seconds
Concatenating /scratch/rohlfslab/abierly2/LongTR/longTR_pipeline_HG03990/HG03990.chrX.vcf.gz	0.268801 seconds
Concatenating /scratch/rohlfslab/abierly2/LongTR/longTR_pipeline_HG03990/HG03990.chrY.vcf.gz	0.012386 seconds
