Checking the headers and starting positions of 25 files
Concatenating /scratch/rohlfslab/abierly2/LongTR/longTR_pipeline_NA10856/NA10856.chr10.vcf.gz	1.153646 seconds
Concatenating /scratch/rohlfslab/abierly2/LongTR/longTR_pipeline_NA10856/NA10856.chr11.vcf.gz	1.098711 seconds
Concatenating /scratch/rohlfslab/abierly2/LongTR/longTR_pipeline_NA10856/NA10856.chr12.vcf.gz	1.161725 seconds
Concatenating /scratch/rohlfslab/abierly2/LongTR/longTR_pipeline_NA10856/NA10856.chr13.vcf.gz	0.799847 seconds
Concatenating /scratch/rohlfslab/abierly2/LongTR/longTR_pipeline_NA10856/NA10856.chr14.vcf.gz	0.757818 seconds
Concatenating /scratch/rohlfslab/abierly2/LongTR/longTR_pipeline_NA10856/NA10856.chr15.vcf.gz	0.701560 seconds
Concatenating /scratch/rohlfslab/abierly2/LongTR/longTR_pipeline_NA10856/NA10856.chr16.vcf.gz	0.724045 seconds
Concatenating /scratch/rohlfslab/abierly2/LongTR/longTR_pipeline_NA10856/NA10856.chr17.vcf.gz	0.756677 seconds
Concatenating /scratch/rohlfslab/abierly2/LongTR/longTR_pipeline_NA10856/NA10856.chr18.vcf.gz	0.580550 seconds
Concatenating /scratch/rohlfslab/abierly2/LongTR/longTR_pipeline_NA10856/NA10856.chr19.vcf.gz	0.615598 seconds
Concatenating /scratch/rohlfslab/abierly2/LongTR/longTR_pipeline_NA10856/NA10856.chr1.vcf.gz	2.030003 seconds
Concatenating /scratch/rohlfslab/abierly2/LongTR/longTR_pipeline_NA10856/NA10856.chr20.vcf.gz	0.475437 seconds
Concatenating /scratch/rohlfslab/abierly2/LongTR/longTR_pipeline_NA10856/NA10856.chr21.vcf.gz	0.278591 seconds
Concatenating /scratch/rohlfslab/abierly2/LongTR/longTR_pipeline_NA10856/NA10856.chr22.vcf.gz	0.331380 seconds
Concatenating /scratch/rohlfslab/abierly2/LongTR/longTR_pipeline_NA10856/NA10856.chr2.vcf.gz	2.032740 seconds
Concatenating /scratch/rohlfslab/abierly2/LongTR/longTR_pipeline_NA10856/NA10856.chr3.vcf.gz	1.632326 seconds
Concatenating /scratch/rohlfslab/abierly2/LongTR/longTR_pipeline_NA10856/NA10856.chr4.vcf.gz	1.576952 seconds
Concatenating /scratch/rohlfslab/abierly2/LongTR/longTR_pipeline_NA10856/NA10856.chr5.vcf.gz	1.467420 seconds
Concatenating /scratch/rohlfslab/abierly2/LongTR/longTR_pipeline_NA10856/NA10856.chr6.vcf.gz	1.429735 seconds
Concatenating /scratch/rohlfslab/abierly2/LongTR/longTR_pipeline_NA10856/NA10856.chr7.vcf.gz	1.361988 seconds
Concatenating /scratch/rohlfslab/abierly2/LongTR/longTR_pipeline_NA10856/NA10856.chr8.vcf.gz	1.181513 seconds
Concatenating /scratch/rohlfslab/abierly2/LongTR/longTR_pipeline_NA10856/NA10856.chr9.vcf.gz	0.999283 seconds
Concatenating /scratch/rohlfslab/abierly2/LongTR/longTR_pipeline_NA10856/NA10856.chrM.vcf.gz	0.000335 seconds
Concatenating /scratch/rohlfslab/abierly2/LongTR/longTR_pipeline_NA10856/NA10856.chrX.vcf.gz	0.340625 seconds
Concatenating /scratch/rohlfslab/abierly2/LongTR/longTR_pipeline_NA10856/NA10856.chrY.vcf.gz	0.014526 seconds
