Checking the headers and starting positions of 25 files
Concatenating /scratch/rohlfslab/abierly2/LongTR/longTR_pipeline_HG01586/HG01586.chr10.vcf.gz	1.066355 seconds
Concatenating /scratch/rohlfslab/abierly2/LongTR/longTR_pipeline_HG01586/HG01586.chr11.vcf.gz	1.012386 seconds
Concatenating /scratch/rohlfslab/abierly2/LongTR/longTR_pipeline_HG01586/HG01586.chr12.vcf.gz	1.087551 seconds
Concatenating /scratch/rohlfslab/abierly2/LongTR/longTR_pipeline_HG01586/HG01586.chr13.vcf.gz	0.744691 seconds
Concatenating /scratch/rohlfslab/abierly2/LongTR/longTR_pipeline_HG01586/HG01586.chr14.vcf.gz	0.707467 seconds
Concatenating /scratch/rohlfslab/abierly2/LongTR/longTR_pipeline_HG01586/HG01586.chr15.vcf.gz	0.663925 seconds
Concatenating /scratch/rohlfslab/abierly2/LongTR/longTR_pipeline_HG01586/HG01586.chr16.vcf.gz	0.680633 seconds
Concatenating /scratch/rohlfslab/abierly2/LongTR/longTR_pipeline_HG01586/HG01586.chr17.vcf.gz	0.711521 seconds
Concatenating /scratch/rohlfslab/abierly2/LongTR/longTR_pipeline_HG01586/HG01586.chr18.vcf.gz	0.539426 seconds
Concatenating /scratch/rohlfslab/abierly2/LongTR/longTR_pipeline_HG01586/HG01586.chr19.vcf.gz	0.585235 seconds
Concatenating /scratch/rohlfslab/abierly2/LongTR/longTR_pipeline_HG01586/HG01586.chr1.vcf.gz	1.902041 seconds
Concatenating /scratch/rohlfslab/abierly2/LongTR/longTR_pipeline_HG01586/HG01586.chr20.vcf.gz	0.441781 seconds
Concatenating /scratch/rohlfslab/abierly2/LongTR/longTR_pipeline_HG01586/HG01586.chr21.vcf.gz	0.257244 seconds
Concatenating /scratch/rohlfslab/abierly2/LongTR/longTR_pipeline_HG01586/HG01586.chr22.vcf.gz	0.304358 seconds
Concatenating /scratch/rohlfslab/abierly2/LongTR/longTR_pipeline_HG01586/HG01586.chr2.vcf.gz	1.904127 seconds
Concatenating /scratch/rohlfslab/abierly2/LongTR/longTR_pipeline_HG01586/HG01586.chr3.vcf.gz	1.540614 seconds
Concatenating /scratch/rohlfslab/abierly2/LongTR/longTR_pipeline_HG01586/HG01586.chr4.vcf.gz	1.464549 seconds
Concatenating /scratch/rohlfslab/abierly2/LongTR/longTR_pipeline_HG01586/HG01586.chr5.vcf.gz	1.390426 seconds
Concatenating /scratch/rohlfslab/abierly2/LongTR/longTR_pipeline_HG01586/HG01586.chr6.vcf.gz	1.347021 seconds
Concatenating /scratch/rohlfslab/abierly2/LongTR/longTR_pipeline_HG01586/HG01586.chr7.vcf.gz	1.277785 seconds
Concatenating /scratch/rohlfslab/abierly2/LongTR/longTR_pipeline_HG01586/HG01586.chr8.vcf.gz	1.104244 seconds
Concatenating /scratch/rohlfslab/abierly2/LongTR/longTR_pipeline_HG01586/HG01586.chr9.vcf.gz	0.933323 seconds
Concatenating /scratch/rohlfslab/abierly2/LongTR/longTR_pipeline_HG01586/HG01586.chrM.vcf.gz	0.000300 seconds
Concatenating /scratch/rohlfslab/abierly2/LongTR/longTR_pipeline_HG01586/HG01586.chrX.vcf.gz	0.270685 seconds
Concatenating /scratch/rohlfslab/abierly2/LongTR/longTR_pipeline_HG01586/HG01586.chrY.vcf.gz	0.010589 seconds
