Checking the headers and starting positions of 25 files
Concatenating /scratch/rohlfslab/abierly2/LongTR/longTR_pipeline_HG03844/HG03844.chr10.vcf.gz	0.488011 seconds
Concatenating /scratch/rohlfslab/abierly2/LongTR/longTR_pipeline_HG03844/HG03844.chr11.vcf.gz	0.472997 seconds
Concatenating /scratch/rohlfslab/abierly2/LongTR/longTR_pipeline_HG03844/HG03844.chr12.vcf.gz	0.498840 seconds
Concatenating /scratch/rohlfslab/abierly2/LongTR/longTR_pipeline_HG03844/HG03844.chr13.vcf.gz	0.340550 seconds
Concatenating /scratch/rohlfslab/abierly2/LongTR/longTR_pipeline_HG03844/HG03844.chr14.vcf.gz	0.328242 seconds
Concatenating /scratch/rohlfslab/abierly2/LongTR/longTR_pipeline_HG03844/HG03844.chr15.vcf.gz	0.318410 seconds
Concatenating /scratch/rohlfslab/abierly2/LongTR/longTR_pipeline_HG03844/HG03844.chr16.vcf.gz	0.311653 seconds
Concatenating /scratch/rohlfslab/abierly2/LongTR/longTR_pipeline_HG03844/HG03844.chr17.vcf.gz	0.312507 seconds
Concatenating /scratch/rohlfslab/abierly2/LongTR/longTR_pipeline_HG03844/HG03844.chr18.vcf.gz	0.254529 seconds
Concatenating /scratch/rohlfslab/abierly2/LongTR/longTR_pipeline_HG03844/HG03844.chr19.vcf.gz	0.240023 seconds
Concatenating /scratch/rohlfslab/abierly2/LongTR/longTR_pipeline_HG03844/HG03844.chr1.vcf.gz	0.888622 seconds
Concatenating /scratch/rohlfslab/abierly2/LongTR/longTR_pipeline_HG03844/HG03844.chr20.vcf.gz	0.212882 seconds
Concatenating /scratch/rohlfslab/abierly2/LongTR/longTR_pipeline_HG03844/HG03844.chr21.vcf.gz	0.112525 seconds
Concatenating /scratch/rohlfslab/abierly2/LongTR/longTR_pipeline_HG03844/HG03844.chr22.vcf.gz	0.133637 seconds
Concatenating /scratch/rohlfslab/abierly2/LongTR/longTR_pipeline_HG03844/HG03844.chr2.vcf.gz	0.879822 seconds
Concatenating /scratch/rohlfslab/abierly2/LongTR/longTR_pipeline_HG03844/HG03844.chr3.vcf.gz	0.716654 seconds
Concatenating /scratch/rohlfslab/abierly2/LongTR/longTR_pipeline_HG03844/HG03844.chr4.vcf.gz	0.680910 seconds
Concatenating /scratch/rohlfslab/abierly2/LongTR/longTR_pipeline_HG03844/HG03844.chr5.vcf.gz	0.635461 seconds
Concatenating /scratch/rohlfslab/abierly2/LongTR/longTR_pipeline_HG03844/HG03844.chr6.vcf.gz	0.621551 seconds
Concatenating /scratch/rohlfslab/abierly2/LongTR/longTR_pipeline_HG03844/HG03844.chr7.vcf.gz	0.584468 seconds
Concatenating /scratch/rohlfslab/abierly2/LongTR/longTR_pipeline_HG03844/HG03844.chr8.vcf.gz	0.513205 seconds
Concatenating /scratch/rohlfslab/abierly2/LongTR/longTR_pipeline_HG03844/HG03844.chr9.vcf.gz	0.430279 seconds
Concatenating /scratch/rohlfslab/abierly2/LongTR/longTR_pipeline_HG03844/HG03844.chrM.vcf.gz	0.000303 seconds
Concatenating /scratch/rohlfslab/abierly2/LongTR/longTR_pipeline_HG03844/HG03844.chrX.vcf.gz	0.051331 seconds
Concatenating /scratch/rohlfslab/abierly2/LongTR/longTR_pipeline_HG03844/HG03844.chrY.vcf.gz	0.000489 seconds
