Checking the headers and starting positions of 25 files
Concatenating /scratch/rohlfslab/abierly2/LongTR/longTR_pipeline_HG01815/HG01815.chr10.vcf.gz	1.208509 seconds
Concatenating /scratch/rohlfslab/abierly2/LongTR/longTR_pipeline_HG01815/HG01815.chr11.vcf.gz	1.145551 seconds
Concatenating /scratch/rohlfslab/abierly2/LongTR/longTR_pipeline_HG01815/HG01815.chr12.vcf.gz	1.213493 seconds
Concatenating /scratch/rohlfslab/abierly2/LongTR/longTR_pipeline_HG01815/HG01815.chr13.vcf.gz	0.843278 seconds
Concatenating /scratch/rohlfslab/abierly2/LongTR/longTR_pipeline_HG01815/HG01815.chr14.vcf.gz	0.794287 seconds
Concatenating /scratch/rohlfslab/abierly2/LongTR/longTR_pipeline_HG01815/HG01815.chr15.vcf.gz	0.743945 seconds
Concatenating /scratch/rohlfslab/abierly2/LongTR/longTR_pipeline_HG01815/HG01815.chr16.vcf.gz	0.772588 seconds
Concatenating /scratch/rohlfslab/abierly2/LongTR/longTR_pipeline_HG01815/HG01815.chr17.vcf.gz	0.812776 seconds
Concatenating /scratch/rohlfslab/abierly2/LongTR/longTR_pipeline_HG01815/HG01815.chr18.vcf.gz	0.605568 seconds
Concatenating /scratch/rohlfslab/abierly2/LongTR/longTR_pipeline_HG01815/HG01815.chr19.vcf.gz	0.664332 seconds
Concatenating /scratch/rohlfslab/abierly2/LongTR/longTR_pipeline_HG01815/HG01815.chr1.vcf.gz	2.137062 seconds
Concatenating /scratch/rohlfslab/abierly2/LongTR/longTR_pipeline_HG01815/HG01815.chr20.vcf.gz	0.506397 seconds
Concatenating /scratch/rohlfslab/abierly2/LongTR/longTR_pipeline_HG01815/HG01815.chr21.vcf.gz	0.291243 seconds
Concatenating /scratch/rohlfslab/abierly2/LongTR/longTR_pipeline_HG01815/HG01815.chr22.vcf.gz	0.359197 seconds
Concatenating /scratch/rohlfslab/abierly2/LongTR/longTR_pipeline_HG01815/HG01815.chr2.vcf.gz	2.145899 seconds
Concatenating /scratch/rohlfslab/abierly2/LongTR/longTR_pipeline_HG01815/HG01815.chr3.vcf.gz	1.732556 seconds
Concatenating /scratch/rohlfslab/abierly2/LongTR/longTR_pipeline_HG01815/HG01815.chr4.vcf.gz	1.656353 seconds
Concatenating /scratch/rohlfslab/abierly2/LongTR/longTR_pipeline_HG01815/HG01815.chr5.vcf.gz	1.551206 seconds
Concatenating /scratch/rohlfslab/abierly2/LongTR/longTR_pipeline_HG01815/HG01815.chr6.vcf.gz	1.494129 seconds
Concatenating /scratch/rohlfslab/abierly2/LongTR/longTR_pipeline_HG01815/HG01815.chr7.vcf.gz	1.443475 seconds
Concatenating /scratch/rohlfslab/abierly2/LongTR/longTR_pipeline_HG01815/HG01815.chr8.vcf.gz	1.253381 seconds
Concatenating /scratch/rohlfslab/abierly2/LongTR/longTR_pipeline_HG01815/HG01815.chr9.vcf.gz	1.053505 seconds
Concatenating /scratch/rohlfslab/abierly2/LongTR/longTR_pipeline_HG01815/HG01815.chrM.vcf.gz	0.000323 seconds
Concatenating /scratch/rohlfslab/abierly2/LongTR/longTR_pipeline_HG01815/HG01815.chrX.vcf.gz	1.285756 seconds
Concatenating /scratch/rohlfslab/abierly2/LongTR/longTR_pipeline_HG01815/HG01815.chrY.vcf.gz	0.000301 seconds
