Checking the headers and starting positions of 25 files
Concatenating /scratch/rohlfslab/abierly2/LongTR/longTR_pipeline_NA19663/NA19663.chr10.vcf.gz	0.604274 seconds
Concatenating /scratch/rohlfslab/abierly2/LongTR/longTR_pipeline_NA19663/NA19663.chr11.vcf.gz	0.587969 seconds
Concatenating /scratch/rohlfslab/abierly2/LongTR/longTR_pipeline_NA19663/NA19663.chr12.vcf.gz	0.627322 seconds
Concatenating /scratch/rohlfslab/abierly2/LongTR/longTR_pipeline_NA19663/NA19663.chr13.vcf.gz	0.378125 seconds
Concatenating /scratch/rohlfslab/abierly2/LongTR/longTR_pipeline_NA19663/NA19663.chr14.vcf.gz	0.394710 seconds
Concatenating /scratch/rohlfslab/abierly2/LongTR/longTR_pipeline_NA19663/NA19663.chr15.vcf.gz	0.386101 seconds
Concatenating /scratch/rohlfslab/abierly2/LongTR/longTR_pipeline_NA19663/NA19663.chr16.vcf.gz	0.423147 seconds
Concatenating /scratch/rohlfslab/abierly2/LongTR/longTR_pipeline_NA19663/NA19663.chr17.vcf.gz	0.459992 seconds
Concatenating /scratch/rohlfslab/abierly2/LongTR/longTR_pipeline_NA19663/NA19663.chr18.vcf.gz	0.282263 seconds
Concatenating /scratch/rohlfslab/abierly2/LongTR/longTR_pipeline_NA19663/NA19663.chr19.vcf.gz	0.397634 seconds
Concatenating /scratch/rohlfslab/abierly2/LongTR/longTR_pipeline_NA19663/NA19663.chr1.vcf.gz	1.108020 seconds
Concatenating /scratch/rohlfslab/abierly2/LongTR/longTR_pipeline_NA19663/NA19663.chr20.vcf.gz	0.267491 seconds
Concatenating /scratch/rohlfslab/abierly2/LongTR/longTR_pipeline_NA19663/NA19663.chr21.vcf.gz	0.147091 seconds
Concatenating /scratch/rohlfslab/abierly2/LongTR/longTR_pipeline_NA19663/NA19663.chr22.vcf.gz	0.200394 seconds
Concatenating /scratch/rohlfslab/abierly2/LongTR/longTR_pipeline_NA19663/NA19663.chr2.vcf.gz	1.042580 seconds
Concatenating /scratch/rohlfslab/abierly2/LongTR/longTR_pipeline_NA19663/NA19663.chr3.vcf.gz	0.843081 seconds
Concatenating /scratch/rohlfslab/abierly2/LongTR/longTR_pipeline_NA19663/NA19663.chr4.vcf.gz	0.759095 seconds
Concatenating /scratch/rohlfslab/abierly2/LongTR/longTR_pipeline_NA19663/NA19663.chr5.vcf.gz	0.748428 seconds
Concatenating /scratch/rohlfslab/abierly2/LongTR/longTR_pipeline_NA19663/NA19663.chr6.vcf.gz	0.730887 seconds
Concatenating /scratch/rohlfslab/abierly2/LongTR/longTR_pipeline_NA19663/NA19663.chr7.vcf.gz	0.723326 seconds
Concatenating /scratch/rohlfslab/abierly2/LongTR/longTR_pipeline_NA19663/NA19663.chr8.vcf.gz	0.600682 seconds
Concatenating /scratch/rohlfslab/abierly2/LongTR/longTR_pipeline_NA19663/NA19663.chr9.vcf.gz	0.531235 seconds
Concatenating /scratch/rohlfslab/abierly2/LongTR/longTR_pipeline_NA19663/NA19663.chrM.vcf.gz	0.000355 seconds
Concatenating /scratch/rohlfslab/abierly2/LongTR/longTR_pipeline_NA19663/NA19663.chrX.vcf.gz	0.594734 seconds
Concatenating /scratch/rohlfslab/abierly2/LongTR/longTR_pipeline_NA19663/NA19663.chrY.vcf.gz	0.000327 seconds
