Checking the headers and starting positions of 25 files
Concatenating /scratch/rohlfslab/abierly2/LongTR/longTR_pipeline_HG00650/HG00650.chr10.vcf.gz	1.229427 seconds
Concatenating /scratch/rohlfslab/abierly2/LongTR/longTR_pipeline_HG00650/HG00650.chr11.vcf.gz	1.163547 seconds
Concatenating /scratch/rohlfslab/abierly2/LongTR/longTR_pipeline_HG00650/HG00650.chr12.vcf.gz	1.241580 seconds
Concatenating /scratch/rohlfslab/abierly2/LongTR/longTR_pipeline_HG00650/HG00650.chr13.vcf.gz	0.861521 seconds
Concatenating /scratch/rohlfslab/abierly2/LongTR/longTR_pipeline_HG00650/HG00650.chr14.vcf.gz	0.810001 seconds
Concatenating /scratch/rohlfslab/abierly2/LongTR/longTR_pipeline_HG00650/HG00650.chr15.vcf.gz	0.763776 seconds
Concatenating /scratch/rohlfslab/abierly2/LongTR/longTR_pipeline_HG00650/HG00650.chr16.vcf.gz	0.793220 seconds
Concatenating /scratch/rohlfslab/abierly2/LongTR/longTR_pipeline_HG00650/HG00650.chr17.vcf.gz	0.825625 seconds
Concatenating /scratch/rohlfslab/abierly2/LongTR/longTR_pipeline_HG00650/HG00650.chr18.vcf.gz	0.618579 seconds
Concatenating /scratch/rohlfslab/abierly2/LongTR/longTR_pipeline_HG00650/HG00650.chr19.vcf.gz	0.682419 seconds
Concatenating /scratch/rohlfslab/abierly2/LongTR/longTR_pipeline_HG00650/HG00650.chr1.vcf.gz	2.280548 seconds
Concatenating /scratch/rohlfslab/abierly2/LongTR/longTR_pipeline_HG00650/HG00650.chr20.vcf.gz	0.513650 seconds
Concatenating /scratch/rohlfslab/abierly2/LongTR/longTR_pipeline_HG00650/HG00650.chr21.vcf.gz	0.294261 seconds
Concatenating /scratch/rohlfslab/abierly2/LongTR/longTR_pipeline_HG00650/HG00650.chr22.vcf.gz	0.356681 seconds
Concatenating /scratch/rohlfslab/abierly2/LongTR/longTR_pipeline_HG00650/HG00650.chr2.vcf.gz	2.192930 seconds
Concatenating /scratch/rohlfslab/abierly2/LongTR/longTR_pipeline_HG00650/HG00650.chr3.vcf.gz	1.792234 seconds
Concatenating /scratch/rohlfslab/abierly2/LongTR/longTR_pipeline_HG00650/HG00650.chr4.vcf.gz	1.675670 seconds
Concatenating /scratch/rohlfslab/abierly2/LongTR/longTR_pipeline_HG00650/HG00650.chr5.vcf.gz	1.583582 seconds
Concatenating /scratch/rohlfslab/abierly2/LongTR/longTR_pipeline_HG00650/HG00650.chr6.vcf.gz	1.524793 seconds
Concatenating /scratch/rohlfslab/abierly2/LongTR/longTR_pipeline_HG00650/HG00650.chr7.vcf.gz	1.464808 seconds
Concatenating /scratch/rohlfslab/abierly2/LongTR/longTR_pipeline_HG00650/HG00650.chr8.vcf.gz	1.270352 seconds
Concatenating /scratch/rohlfslab/abierly2/LongTR/longTR_pipeline_HG00650/HG00650.chr9.vcf.gz	1.076580 seconds
Concatenating /scratch/rohlfslab/abierly2/LongTR/longTR_pipeline_HG00650/HG00650.chrM.vcf.gz	0.000494 seconds
Concatenating /scratch/rohlfslab/abierly2/LongTR/longTR_pipeline_HG00650/HG00650.chrX.vcf.gz	0.789133 seconds
Concatenating /scratch/rohlfslab/abierly2/LongTR/longTR_pipeline_HG00650/HG00650.chrY.vcf.gz	0.039810 seconds
