Checking the headers and starting positions of 25 files
Concatenating /scratch/rohlfslab/abierly2/LongTR/longTR_pipeline_HG01308/HG01308.chr10.vcf.gz	0.000347 seconds
Concatenating /scratch/rohlfslab/abierly2/LongTR/longTR_pipeline_HG01308/HG01308.chr11.vcf.gz	0.000494 seconds
Concatenating /scratch/rohlfslab/abierly2/LongTR/longTR_pipeline_HG01308/HG01308.chr12.vcf.gz	0.000298 seconds
Concatenating /scratch/rohlfslab/abierly2/LongTR/longTR_pipeline_HG01308/HG01308.chr13.vcf.gz	0.000403 seconds
Concatenating /scratch/rohlfslab/abierly2/LongTR/longTR_pipeline_HG01308/HG01308.chr14.vcf.gz	0.000284 seconds
Concatenating /scratch/rohlfslab/abierly2/LongTR/longTR_pipeline_HG01308/HG01308.chr15.vcf.gz	0.000308 seconds
Concatenating /scratch/rohlfslab/abierly2/LongTR/longTR_pipeline_HG01308/HG01308.chr16.vcf.gz	0.000275 seconds
Concatenating /scratch/rohlfslab/abierly2/LongTR/longTR_pipeline_HG01308/HG01308.chr17.vcf.gz	0.000279 seconds
Concatenating /scratch/rohlfslab/abierly2/LongTR/longTR_pipeline_HG01308/HG01308.chr18.vcf.gz	0.000268 seconds
Concatenating /scratch/rohlfslab/abierly2/LongTR/longTR_pipeline_HG01308/HG01308.chr19.vcf.gz	0.000261 seconds
Concatenating /scratch/rohlfslab/abierly2/LongTR/longTR_pipeline_HG01308/HG01308.chr1.vcf.gz	0.000254 seconds
Concatenating /scratch/rohlfslab/abierly2/LongTR/longTR_pipeline_HG01308/HG01308.chr20.vcf.gz	0.000245 seconds
Concatenating /scratch/rohlfslab/abierly2/LongTR/longTR_pipeline_HG01308/HG01308.chr21.vcf.gz	0.000237 seconds
Concatenating /scratch/rohlfslab/abierly2/LongTR/longTR_pipeline_HG01308/HG01308.chr22.vcf.gz	0.000241 seconds
Concatenating /scratch/rohlfslab/abierly2/LongTR/longTR_pipeline_HG01308/HG01308.chr2.vcf.gz	0.000291 seconds
Concatenating /scratch/rohlfslab/abierly2/LongTR/longTR_pipeline_HG01308/HG01308.chr3.vcf.gz	0.000261 seconds
Concatenating /scratch/rohlfslab/abierly2/LongTR/longTR_pipeline_HG01308/HG01308.chr4.vcf.gz	0.000242 seconds
Concatenating /scratch/rohlfslab/abierly2/LongTR/longTR_pipeline_HG01308/HG01308.chr5.vcf.gz	0.000280 seconds
Concatenating /scratch/rohlfslab/abierly2/LongTR/longTR_pipeline_HG01308/HG01308.chr6.vcf.gz	0.000239 seconds
Concatenating /scratch/rohlfslab/abierly2/LongTR/longTR_pipeline_HG01308/HG01308.chr7.vcf.gz	0.000342 seconds
Concatenating /scratch/rohlfslab/abierly2/LongTR/longTR_pipeline_HG01308/HG01308.chr8.vcf.gz	0.000250 seconds
Concatenating /scratch/rohlfslab/abierly2/LongTR/longTR_pipeline_HG01308/HG01308.chr9.vcf.gz	0.000237 seconds
Concatenating /scratch/rohlfslab/abierly2/LongTR/longTR_pipeline_HG01308/HG01308.chrM.vcf.gz	0.000249 seconds
Concatenating /scratch/rohlfslab/abierly2/LongTR/longTR_pipeline_HG01308/HG01308.chrX.vcf.gz	0.000240 seconds
Concatenating /scratch/rohlfslab/abierly2/LongTR/longTR_pipeline_HG01308/HG01308.chrY.vcf.gz	0.000256 seconds
