Checking the headers and starting positions of 25 files
Concatenating /scratch/rohlfslab/abierly2/LongTR/longTR_pipeline_HG00530/HG00530.chr10.vcf.gz	1.248307 seconds
Concatenating /scratch/rohlfslab/abierly2/LongTR/longTR_pipeline_HG00530/HG00530.chr11.vcf.gz	1.183859 seconds
Concatenating /scratch/rohlfslab/abierly2/LongTR/longTR_pipeline_HG00530/HG00530.chr12.vcf.gz	1.259279 seconds
Concatenating /scratch/rohlfslab/abierly2/LongTR/longTR_pipeline_HG00530/HG00530.chr13.vcf.gz	0.867947 seconds
Concatenating /scratch/rohlfslab/abierly2/LongTR/longTR_pipeline_HG00530/HG00530.chr14.vcf.gz	0.824037 seconds
Concatenating /scratch/rohlfslab/abierly2/LongTR/longTR_pipeline_HG00530/HG00530.chr15.vcf.gz	0.773605 seconds
Concatenating /scratch/rohlfslab/abierly2/LongTR/longTR_pipeline_HG00530/HG00530.chr16.vcf.gz	0.808596 seconds
Concatenating /scratch/rohlfslab/abierly2/LongTR/longTR_pipeline_HG00530/HG00530.chr17.vcf.gz	0.842974 seconds
Concatenating /scratch/rohlfslab/abierly2/LongTR/longTR_pipeline_HG00530/HG00530.chr18.vcf.gz	0.632809 seconds
Concatenating /scratch/rohlfslab/abierly2/LongTR/longTR_pipeline_HG00530/HG00530.chr19.vcf.gz	0.698346 seconds
Concatenating /scratch/rohlfslab/abierly2/LongTR/longTR_pipeline_HG00530/HG00530.chr1.vcf.gz	2.225427 seconds
Concatenating /scratch/rohlfslab/abierly2/LongTR/longTR_pipeline_HG00530/HG00530.chr20.vcf.gz	0.525482 seconds
Concatenating /scratch/rohlfslab/abierly2/LongTR/longTR_pipeline_HG00530/HG00530.chr21.vcf.gz	0.302923 seconds
Concatenating /scratch/rohlfslab/abierly2/LongTR/longTR_pipeline_HG00530/HG00530.chr22.vcf.gz	0.367802 seconds
Concatenating /scratch/rohlfslab/abierly2/LongTR/longTR_pipeline_HG00530/HG00530.chr2.vcf.gz	2.221133 seconds
Concatenating /scratch/rohlfslab/abierly2/LongTR/longTR_pipeline_HG00530/HG00530.chr3.vcf.gz	1.770859 seconds
Concatenating /scratch/rohlfslab/abierly2/LongTR/longTR_pipeline_HG00530/HG00530.chr4.vcf.gz	1.697623 seconds
Concatenating /scratch/rohlfslab/abierly2/LongTR/longTR_pipeline_HG00530/HG00530.chr5.vcf.gz	1.607380 seconds
Concatenating /scratch/rohlfslab/abierly2/LongTR/longTR_pipeline_HG00530/HG00530.chr6.vcf.gz	1.580356 seconds
Concatenating /scratch/rohlfslab/abierly2/LongTR/longTR_pipeline_HG00530/HG00530.chr7.vcf.gz	1.538304 seconds
Concatenating /scratch/rohlfslab/abierly2/LongTR/longTR_pipeline_HG00530/HG00530.chr8.vcf.gz	1.294884 seconds
Concatenating /scratch/rohlfslab/abierly2/LongTR/longTR_pipeline_HG00530/HG00530.chr9.vcf.gz	1.125144 seconds
Concatenating /scratch/rohlfslab/abierly2/LongTR/longTR_pipeline_HG00530/HG00530.chrM.vcf.gz	0.000471 seconds
Concatenating /scratch/rohlfslab/abierly2/LongTR/longTR_pipeline_HG00530/HG00530.chrX.vcf.gz	1.000423 seconds
Concatenating /scratch/rohlfslab/abierly2/LongTR/longTR_pipeline_HG00530/HG00530.chrY.vcf.gz	0.050508 seconds
