Checking the headers and starting positions of 25 files
Concatenating /scratch/rohlfslab/abierly2/LongTR/longTR_pipeline_HG02390/HG02390.chr10.vcf.gz	1.223477 seconds
Concatenating /scratch/rohlfslab/abierly2/LongTR/longTR_pipeline_HG02390/HG02390.chr11.vcf.gz	1.168028 seconds
Concatenating /scratch/rohlfslab/abierly2/LongTR/longTR_pipeline_HG02390/HG02390.chr12.vcf.gz	1.236208 seconds
Concatenating /scratch/rohlfslab/abierly2/LongTR/longTR_pipeline_HG02390/HG02390.chr13.vcf.gz	0.850382 seconds
Concatenating /scratch/rohlfslab/abierly2/LongTR/longTR_pipeline_HG02390/HG02390.chr14.vcf.gz	0.807273 seconds
Concatenating /scratch/rohlfslab/abierly2/LongTR/longTR_pipeline_HG02390/HG02390.chr15.vcf.gz	0.759682 seconds
Concatenating /scratch/rohlfslab/abierly2/LongTR/longTR_pipeline_HG02390/HG02390.chr16.vcf.gz	0.790801 seconds
Concatenating /scratch/rohlfslab/abierly2/LongTR/longTR_pipeline_HG02390/HG02390.chr17.vcf.gz	0.824127 seconds
Concatenating /scratch/rohlfslab/abierly2/LongTR/longTR_pipeline_HG02390/HG02390.chr18.vcf.gz	0.614556 seconds
Concatenating /scratch/rohlfslab/abierly2/LongTR/longTR_pipeline_HG02390/HG02390.chr19.vcf.gz	0.689011 seconds
Concatenating /scratch/rohlfslab/abierly2/LongTR/longTR_pipeline_HG02390/HG02390.chr1.vcf.gz	2.182443 seconds
Concatenating /scratch/rohlfslab/abierly2/LongTR/longTR_pipeline_HG02390/HG02390.chr20.vcf.gz	0.514466 seconds
Concatenating /scratch/rohlfslab/abierly2/LongTR/longTR_pipeline_HG02390/HG02390.chr21.vcf.gz	0.298346 seconds
Concatenating /scratch/rohlfslab/abierly2/LongTR/longTR_pipeline_HG02390/HG02390.chr22.vcf.gz	0.362938 seconds
Concatenating /scratch/rohlfslab/abierly2/LongTR/longTR_pipeline_HG02390/HG02390.chr2.vcf.gz	2.181896 seconds
Concatenating /scratch/rohlfslab/abierly2/LongTR/longTR_pipeline_HG02390/HG02390.chr3.vcf.gz	1.741264 seconds
Concatenating /scratch/rohlfslab/abierly2/LongTR/longTR_pipeline_HG02390/HG02390.chr4.vcf.gz	1.659679 seconds
Concatenating /scratch/rohlfslab/abierly2/LongTR/longTR_pipeline_HG02390/HG02390.chr5.vcf.gz	1.568475 seconds
Concatenating /scratch/rohlfslab/abierly2/LongTR/longTR_pipeline_HG02390/HG02390.chr6.vcf.gz	1.519977 seconds
Concatenating /scratch/rohlfslab/abierly2/LongTR/longTR_pipeline_HG02390/HG02390.chr7.vcf.gz	1.461513 seconds
Concatenating /scratch/rohlfslab/abierly2/LongTR/longTR_pipeline_HG02390/HG02390.chr8.vcf.gz	1.260526 seconds
Concatenating /scratch/rohlfslab/abierly2/LongTR/longTR_pipeline_HG02390/HG02390.chr9.vcf.gz	1.107276 seconds
Concatenating /scratch/rohlfslab/abierly2/LongTR/longTR_pipeline_HG02390/HG02390.chrM.vcf.gz	0.000391 seconds
Concatenating /scratch/rohlfslab/abierly2/LongTR/longTR_pipeline_HG02390/HG02390.chrX.vcf.gz	0.614959 seconds
Concatenating /scratch/rohlfslab/abierly2/LongTR/longTR_pipeline_HG02390/HG02390.chrY.vcf.gz	0.028558 seconds
