Checking the headers and starting positions of 25 files
Concatenating /scratch/rohlfslab/abierly2/LongTR/longTR_pipeline_HG02265/HG02265.chr10.vcf.gz	1.318364 seconds
Concatenating /scratch/rohlfslab/abierly2/LongTR/longTR_pipeline_HG02265/HG02265.chr11.vcf.gz	1.227526 seconds
Concatenating /scratch/rohlfslab/abierly2/LongTR/longTR_pipeline_HG02265/HG02265.chr12.vcf.gz	1.296065 seconds
Concatenating /scratch/rohlfslab/abierly2/LongTR/longTR_pipeline_HG02265/HG02265.chr13.vcf.gz	0.897065 seconds
Concatenating /scratch/rohlfslab/abierly2/LongTR/longTR_pipeline_HG02265/HG02265.chr14.vcf.gz	0.850720 seconds
Concatenating /scratch/rohlfslab/abierly2/LongTR/longTR_pipeline_HG02265/HG02265.chr15.vcf.gz	0.801624 seconds
Concatenating /scratch/rohlfslab/abierly2/LongTR/longTR_pipeline_HG02265/HG02265.chr16.vcf.gz	0.843520 seconds
Concatenating /scratch/rohlfslab/abierly2/LongTR/longTR_pipeline_HG02265/HG02265.chr17.vcf.gz	0.873965 seconds
Concatenating /scratch/rohlfslab/abierly2/LongTR/longTR_pipeline_HG02265/HG02265.chr18.vcf.gz	0.646797 seconds
Concatenating /scratch/rohlfslab/abierly2/LongTR/longTR_pipeline_HG02265/HG02265.chr19.vcf.gz	0.725614 seconds
Concatenating /scratch/rohlfslab/abierly2/LongTR/longTR_pipeline_HG02265/HG02265.chr1.vcf.gz	2.291150 seconds
Concatenating /scratch/rohlfslab/abierly2/LongTR/longTR_pipeline_HG02265/HG02265.chr20.vcf.gz	0.542370 seconds
Concatenating /scratch/rohlfslab/abierly2/LongTR/longTR_pipeline_HG02265/HG02265.chr21.vcf.gz	0.312673 seconds
Concatenating /scratch/rohlfslab/abierly2/LongTR/longTR_pipeline_HG02265/HG02265.chr22.vcf.gz	0.377992 seconds
Concatenating /scratch/rohlfslab/abierly2/LongTR/longTR_pipeline_HG02265/HG02265.chr2.vcf.gz	2.289698 seconds
Concatenating /scratch/rohlfslab/abierly2/LongTR/longTR_pipeline_HG02265/HG02265.chr3.vcf.gz	1.825428 seconds
Concatenating /scratch/rohlfslab/abierly2/LongTR/longTR_pipeline_HG02265/HG02265.chr4.vcf.gz	1.748668 seconds
Concatenating /scratch/rohlfslab/abierly2/LongTR/longTR_pipeline_HG02265/HG02265.chr5.vcf.gz	1.669685 seconds
Concatenating /scratch/rohlfslab/abierly2/LongTR/longTR_pipeline_HG02265/HG02265.chr6.vcf.gz	1.604158 seconds
Concatenating /scratch/rohlfslab/abierly2/LongTR/longTR_pipeline_HG02265/HG02265.chr7.vcf.gz	1.575577 seconds
Concatenating /scratch/rohlfslab/abierly2/LongTR/longTR_pipeline_HG02265/HG02265.chr8.vcf.gz	1.339238 seconds
Concatenating /scratch/rohlfslab/abierly2/LongTR/longTR_pipeline_HG02265/HG02265.chr9.vcf.gz	1.138214 seconds
Concatenating /scratch/rohlfslab/abierly2/LongTR/longTR_pipeline_HG02265/HG02265.chrM.vcf.gz	0.000414 seconds
Concatenating /scratch/rohlfslab/abierly2/LongTR/longTR_pipeline_HG02265/HG02265.chrX.vcf.gz	1.322849 seconds
Concatenating /scratch/rohlfslab/abierly2/LongTR/longTR_pipeline_HG02265/HG02265.chrY.vcf.gz	0.071185 seconds
