Checking the headers and starting positions of 25 files
Concatenating /scratch/rohlfslab/abierly2/LongTR/longTR_pipeline_HG00632/HG00632.chr10.vcf.gz	1.443692 seconds
Concatenating /scratch/rohlfslab/abierly2/LongTR/longTR_pipeline_HG00632/HG00632.chr11.vcf.gz	1.234166 seconds
Concatenating /scratch/rohlfslab/abierly2/LongTR/longTR_pipeline_HG00632/HG00632.chr12.vcf.gz	1.335706 seconds
Concatenating /scratch/rohlfslab/abierly2/LongTR/longTR_pipeline_HG00632/HG00632.chr13.vcf.gz	0.924243 seconds
Concatenating /scratch/rohlfslab/abierly2/LongTR/longTR_pipeline_HG00632/HG00632.chr14.vcf.gz	0.860746 seconds
Concatenating /scratch/rohlfslab/abierly2/LongTR/longTR_pipeline_HG00632/HG00632.chr15.vcf.gz	0.811917 seconds
Concatenating /scratch/rohlfslab/abierly2/LongTR/longTR_pipeline_HG00632/HG00632.chr16.vcf.gz	0.823769 seconds
Concatenating /scratch/rohlfslab/abierly2/LongTR/longTR_pipeline_HG00632/HG00632.chr17.vcf.gz	0.863563 seconds
Concatenating /scratch/rohlfslab/abierly2/LongTR/longTR_pipeline_HG00632/HG00632.chr18.vcf.gz	0.646778 seconds
Concatenating /scratch/rohlfslab/abierly2/LongTR/longTR_pipeline_HG00632/HG00632.chr19.vcf.gz	0.705300 seconds
Concatenating /scratch/rohlfslab/abierly2/LongTR/longTR_pipeline_HG00632/HG00632.chr1.vcf.gz	2.819260 seconds
Concatenating /scratch/rohlfslab/abierly2/LongTR/longTR_pipeline_HG00632/HG00632.chr20.vcf.gz	0.549917 seconds
Concatenating /scratch/rohlfslab/abierly2/LongTR/longTR_pipeline_HG00632/HG00632.chr21.vcf.gz	0.306713 seconds
Concatenating /scratch/rohlfslab/abierly2/LongTR/longTR_pipeline_HG00632/HG00632.chr22.vcf.gz	0.363555 seconds
Concatenating /scratch/rohlfslab/abierly2/LongTR/longTR_pipeline_HG00632/HG00632.chr2.vcf.gz	2.318192 seconds
Concatenating /scratch/rohlfslab/abierly2/LongTR/longTR_pipeline_HG00632/HG00632.chr3.vcf.gz	1.851068 seconds
Concatenating /scratch/rohlfslab/abierly2/LongTR/longTR_pipeline_HG00632/HG00632.chr4.vcf.gz	1.787256 seconds
Concatenating /scratch/rohlfslab/abierly2/LongTR/longTR_pipeline_HG00632/HG00632.chr5.vcf.gz	1.684551 seconds
Concatenating /scratch/rohlfslab/abierly2/LongTR/longTR_pipeline_HG00632/HG00632.chr6.vcf.gz	1.611868 seconds
Concatenating /scratch/rohlfslab/abierly2/LongTR/longTR_pipeline_HG00632/HG00632.chr7.vcf.gz	1.530708 seconds
Concatenating /scratch/rohlfslab/abierly2/LongTR/longTR_pipeline_HG00632/HG00632.chr8.vcf.gz	1.328911 seconds
Concatenating /scratch/rohlfslab/abierly2/LongTR/longTR_pipeline_HG00632/HG00632.chr9.vcf.gz	1.105540 seconds
Concatenating /scratch/rohlfslab/abierly2/LongTR/longTR_pipeline_HG00632/HG00632.chrM.vcf.gz	0.000403 seconds
Concatenating /scratch/rohlfslab/abierly2/LongTR/longTR_pipeline_HG00632/HG00632.chrX.vcf.gz	1.370111 seconds
Concatenating /scratch/rohlfslab/abierly2/LongTR/longTR_pipeline_HG00632/HG00632.chrY.vcf.gz	0.000427 seconds
