Checking the headers and starting positions of 25 files
Concatenating /scratch/rohlfslab/abierly2/LongTR/longTR_pipeline_HG01124/HG01124.chr10.vcf.gz	1.244884 seconds
Concatenating /scratch/rohlfslab/abierly2/LongTR/longTR_pipeline_HG01124/HG01124.chr11.vcf.gz	1.188138 seconds
Concatenating /scratch/rohlfslab/abierly2/LongTR/longTR_pipeline_HG01124/HG01124.chr12.vcf.gz	1.255358 seconds
Concatenating /scratch/rohlfslab/abierly2/LongTR/longTR_pipeline_HG01124/HG01124.chr13.vcf.gz	0.866723 seconds
Concatenating /scratch/rohlfslab/abierly2/LongTR/longTR_pipeline_HG01124/HG01124.chr14.vcf.gz	0.823400 seconds
Concatenating /scratch/rohlfslab/abierly2/LongTR/longTR_pipeline_HG01124/HG01124.chr15.vcf.gz	0.773385 seconds
Concatenating /scratch/rohlfslab/abierly2/LongTR/longTR_pipeline_HG01124/HG01124.chr16.vcf.gz	0.811041 seconds
Concatenating /scratch/rohlfslab/abierly2/LongTR/longTR_pipeline_HG01124/HG01124.chr17.vcf.gz	0.843377 seconds
Concatenating /scratch/rohlfslab/abierly2/LongTR/longTR_pipeline_HG01124/HG01124.chr18.vcf.gz	0.625637 seconds
Concatenating /scratch/rohlfslab/abierly2/LongTR/longTR_pipeline_HG01124/HG01124.chr19.vcf.gz	0.696547 seconds
Concatenating /scratch/rohlfslab/abierly2/LongTR/longTR_pipeline_HG01124/HG01124.chr1.vcf.gz	2.217572 seconds
Concatenating /scratch/rohlfslab/abierly2/LongTR/longTR_pipeline_HG01124/HG01124.chr20.vcf.gz	0.526671 seconds
Concatenating /scratch/rohlfslab/abierly2/LongTR/longTR_pipeline_HG01124/HG01124.chr21.vcf.gz	0.307655 seconds
Concatenating /scratch/rohlfslab/abierly2/LongTR/longTR_pipeline_HG01124/HG01124.chr22.vcf.gz	0.369826 seconds
Concatenating /scratch/rohlfslab/abierly2/LongTR/longTR_pipeline_HG01124/HG01124.chr2.vcf.gz	2.269608 seconds
Concatenating /scratch/rohlfslab/abierly2/LongTR/longTR_pipeline_HG01124/HG01124.chr3.vcf.gz	1.770464 seconds
Concatenating /scratch/rohlfslab/abierly2/LongTR/longTR_pipeline_HG01124/HG01124.chr4.vcf.gz	1.691616 seconds
Concatenating /scratch/rohlfslab/abierly2/LongTR/longTR_pipeline_HG01124/HG01124.chr5.vcf.gz	1.600676 seconds
Concatenating /scratch/rohlfslab/abierly2/LongTR/longTR_pipeline_HG01124/HG01124.chr6.vcf.gz	1.551891 seconds
Concatenating /scratch/rohlfslab/abierly2/LongTR/longTR_pipeline_HG01124/HG01124.chr7.vcf.gz	1.491376 seconds
Concatenating /scratch/rohlfslab/abierly2/LongTR/longTR_pipeline_HG01124/HG01124.chr8.vcf.gz	1.290617 seconds
Concatenating /scratch/rohlfslab/abierly2/LongTR/longTR_pipeline_HG01124/HG01124.chr9.vcf.gz	1.090102 seconds
Concatenating /scratch/rohlfslab/abierly2/LongTR/longTR_pipeline_HG01124/HG01124.chrM.vcf.gz	0.000396 seconds
Concatenating /scratch/rohlfslab/abierly2/LongTR/longTR_pipeline_HG01124/HG01124.chrX.vcf.gz	0.938905 seconds
Concatenating /scratch/rohlfslab/abierly2/LongTR/longTR_pipeline_HG01124/HG01124.chrY.vcf.gz	0.050288 seconds
