Checking the headers and starting positions of 25 files
Concatenating /scratch/rohlfslab/abierly2/LongTR/longTR_pipeline_HG01800/HG01800.chr10.vcf.gz	1.222971 seconds
Concatenating /scratch/rohlfslab/abierly2/LongTR/longTR_pipeline_HG01800/HG01800.chr11.vcf.gz	1.197609 seconds
Concatenating /scratch/rohlfslab/abierly2/LongTR/longTR_pipeline_HG01800/HG01800.chr12.vcf.gz	1.234357 seconds
Concatenating /scratch/rohlfslab/abierly2/LongTR/longTR_pipeline_HG01800/HG01800.chr13.vcf.gz	0.855410 seconds
Concatenating /scratch/rohlfslab/abierly2/LongTR/longTR_pipeline_HG01800/HG01800.chr14.vcf.gz	0.806635 seconds
Concatenating /scratch/rohlfslab/abierly2/LongTR/longTR_pipeline_HG01800/HG01800.chr15.vcf.gz	0.756694 seconds
Concatenating /scratch/rohlfslab/abierly2/LongTR/longTR_pipeline_HG01800/HG01800.chr16.vcf.gz	0.797753 seconds
Concatenating /scratch/rohlfslab/abierly2/LongTR/longTR_pipeline_HG01800/HG01800.chr17.vcf.gz	0.829152 seconds
Concatenating /scratch/rohlfslab/abierly2/LongTR/longTR_pipeline_HG01800/HG01800.chr18.vcf.gz	0.618075 seconds
Concatenating /scratch/rohlfslab/abierly2/LongTR/longTR_pipeline_HG01800/HG01800.chr19.vcf.gz	0.688448 seconds
Concatenating /scratch/rohlfslab/abierly2/LongTR/longTR_pipeline_HG01800/HG01800.chr1.vcf.gz	2.188287 seconds
Concatenating /scratch/rohlfslab/abierly2/LongTR/longTR_pipeline_HG01800/HG01800.chr20.vcf.gz	0.514905 seconds
Concatenating /scratch/rohlfslab/abierly2/LongTR/longTR_pipeline_HG01800/HG01800.chr21.vcf.gz	0.300864 seconds
Concatenating /scratch/rohlfslab/abierly2/LongTR/longTR_pipeline_HG01800/HG01800.chr22.vcf.gz	0.362178 seconds
Concatenating /scratch/rohlfslab/abierly2/LongTR/longTR_pipeline_HG01800/HG01800.chr2.vcf.gz	2.215533 seconds
Concatenating /scratch/rohlfslab/abierly2/LongTR/longTR_pipeline_HG01800/HG01800.chr3.vcf.gz	1.742257 seconds
Concatenating /scratch/rohlfslab/abierly2/LongTR/longTR_pipeline_HG01800/HG01800.chr4.vcf.gz	1.664587 seconds
Concatenating /scratch/rohlfslab/abierly2/LongTR/longTR_pipeline_HG01800/HG01800.chr5.vcf.gz	1.581451 seconds
Concatenating /scratch/rohlfslab/abierly2/LongTR/longTR_pipeline_HG01800/HG01800.chr6.vcf.gz	1.535542 seconds
Concatenating /scratch/rohlfslab/abierly2/LongTR/longTR_pipeline_HG01800/HG01800.chr7.vcf.gz	1.467492 seconds
Concatenating /scratch/rohlfslab/abierly2/LongTR/longTR_pipeline_HG01800/HG01800.chr8.vcf.gz	1.273069 seconds
Concatenating /scratch/rohlfslab/abierly2/LongTR/longTR_pipeline_HG01800/HG01800.chr9.vcf.gz	1.074831 seconds
Concatenating /scratch/rohlfslab/abierly2/LongTR/longTR_pipeline_HG01800/HG01800.chrM.vcf.gz	0.000348 seconds
Concatenating /scratch/rohlfslab/abierly2/LongTR/longTR_pipeline_HG01800/HG01800.chrX.vcf.gz	1.313542 seconds
Concatenating /scratch/rohlfslab/abierly2/LongTR/longTR_pipeline_HG01800/HG01800.chrY.vcf.gz	0.000326 seconds
