Checking the headers and starting positions of 25 files
Concatenating /scratch/rohlfslab/abierly2/LongTR/longTR_pipeline_HG00702/HG00702.chr10.vcf.gz	1.221944 seconds
Concatenating /scratch/rohlfslab/abierly2/LongTR/longTR_pipeline_HG00702/HG00702.chr11.vcf.gz	1.163725 seconds
Concatenating /scratch/rohlfslab/abierly2/LongTR/longTR_pipeline_HG00702/HG00702.chr12.vcf.gz	1.235708 seconds
Concatenating /scratch/rohlfslab/abierly2/LongTR/longTR_pipeline_HG00702/HG00702.chr13.vcf.gz	0.853904 seconds
Concatenating /scratch/rohlfslab/abierly2/LongTR/longTR_pipeline_HG00702/HG00702.chr14.vcf.gz	0.807290 seconds
Concatenating /scratch/rohlfslab/abierly2/LongTR/longTR_pipeline_HG00702/HG00702.chr15.vcf.gz	0.761526 seconds
Concatenating /scratch/rohlfslab/abierly2/LongTR/longTR_pipeline_HG00702/HG00702.chr16.vcf.gz	0.798496 seconds
Concatenating /scratch/rohlfslab/abierly2/LongTR/longTR_pipeline_HG00702/HG00702.chr17.vcf.gz	0.828465 seconds
Concatenating /scratch/rohlfslab/abierly2/LongTR/longTR_pipeline_HG00702/HG00702.chr18.vcf.gz	0.613044 seconds
Concatenating /scratch/rohlfslab/abierly2/LongTR/longTR_pipeline_HG00702/HG00702.chr19.vcf.gz	0.687521 seconds
Concatenating /scratch/rohlfslab/abierly2/LongTR/longTR_pipeline_HG00702/HG00702.chr1.vcf.gz	2.204876 seconds
Concatenating /scratch/rohlfslab/abierly2/LongTR/longTR_pipeline_HG00702/HG00702.chr20.vcf.gz	0.512894 seconds
Concatenating /scratch/rohlfslab/abierly2/LongTR/longTR_pipeline_HG00702/HG00702.chr21.vcf.gz	0.297906 seconds
Concatenating /scratch/rohlfslab/abierly2/LongTR/longTR_pipeline_HG00702/HG00702.chr22.vcf.gz	0.357319 seconds
Concatenating /scratch/rohlfslab/abierly2/LongTR/longTR_pipeline_HG00702/HG00702.chr2.vcf.gz	2.175005 seconds
Concatenating /scratch/rohlfslab/abierly2/LongTR/longTR_pipeline_HG00702/HG00702.chr3.vcf.gz	1.754804 seconds
Concatenating /scratch/rohlfslab/abierly2/LongTR/longTR_pipeline_HG00702/HG00702.chr4.vcf.gz	1.664471 seconds
Concatenating /scratch/rohlfslab/abierly2/LongTR/longTR_pipeline_HG00702/HG00702.chr5.vcf.gz	1.580542 seconds
Concatenating /scratch/rohlfslab/abierly2/LongTR/longTR_pipeline_HG00702/HG00702.chr6.vcf.gz	1.515471 seconds
Concatenating /scratch/rohlfslab/abierly2/LongTR/longTR_pipeline_HG00702/HG00702.chr7.vcf.gz	1.472180 seconds
Concatenating /scratch/rohlfslab/abierly2/LongTR/longTR_pipeline_HG00702/HG00702.chr8.vcf.gz	1.272746 seconds
Concatenating /scratch/rohlfslab/abierly2/LongTR/longTR_pipeline_HG00702/HG00702.chr9.vcf.gz	1.079025 seconds
Concatenating /scratch/rohlfslab/abierly2/LongTR/longTR_pipeline_HG00702/HG00702.chrM.vcf.gz	0.000308 seconds
Concatenating /scratch/rohlfslab/abierly2/LongTR/longTR_pipeline_HG00702/HG00702.chrX.vcf.gz	1.321015 seconds
Concatenating /scratch/rohlfslab/abierly2/LongTR/longTR_pipeline_HG00702/HG00702.chrY.vcf.gz	0.000278 seconds
