Checking the headers and starting positions of 25 files
Concatenating /scratch/rohlfslab/abierly2/LongTR/longTR_pipeline_HG03781/HG03781.chr10.vcf.gz	1.211238 seconds
Concatenating /scratch/rohlfslab/abierly2/LongTR/longTR_pipeline_HG03781/HG03781.chr11.vcf.gz	1.154839 seconds
Concatenating /scratch/rohlfslab/abierly2/LongTR/longTR_pipeline_HG03781/HG03781.chr12.vcf.gz	1.222433 seconds
Concatenating /scratch/rohlfslab/abierly2/LongTR/longTR_pipeline_HG03781/HG03781.chr13.vcf.gz	0.841179 seconds
Concatenating /scratch/rohlfslab/abierly2/LongTR/longTR_pipeline_HG03781/HG03781.chr14.vcf.gz	0.801977 seconds
Concatenating /scratch/rohlfslab/abierly2/LongTR/longTR_pipeline_HG03781/HG03781.chr15.vcf.gz	0.747653 seconds
Concatenating /scratch/rohlfslab/abierly2/LongTR/longTR_pipeline_HG03781/HG03781.chr16.vcf.gz	0.786826 seconds
Concatenating /scratch/rohlfslab/abierly2/LongTR/longTR_pipeline_HG03781/HG03781.chr17.vcf.gz	0.813858 seconds
Concatenating /scratch/rohlfslab/abierly2/LongTR/longTR_pipeline_HG03781/HG03781.chr18.vcf.gz	0.606201 seconds
Concatenating /scratch/rohlfslab/abierly2/LongTR/longTR_pipeline_HG03781/HG03781.chr19.vcf.gz	0.676974 seconds
Concatenating /scratch/rohlfslab/abierly2/LongTR/longTR_pipeline_HG03781/HG03781.chr1.vcf.gz	2.154266 seconds
Concatenating /scratch/rohlfslab/abierly2/LongTR/longTR_pipeline_HG03781/HG03781.chr20.vcf.gz	0.510069 seconds
Concatenating /scratch/rohlfslab/abierly2/LongTR/longTR_pipeline_HG03781/HG03781.chr21.vcf.gz	0.292623 seconds
Concatenating /scratch/rohlfslab/abierly2/LongTR/longTR_pipeline_HG03781/HG03781.chr22.vcf.gz	0.355253 seconds
Concatenating /scratch/rohlfslab/abierly2/LongTR/longTR_pipeline_HG03781/HG03781.chr2.vcf.gz	2.151589 seconds
Concatenating /scratch/rohlfslab/abierly2/LongTR/longTR_pipeline_HG03781/HG03781.chr3.vcf.gz	1.716368 seconds
Concatenating /scratch/rohlfslab/abierly2/LongTR/longTR_pipeline_HG03781/HG03781.chr4.vcf.gz	1.649308 seconds
Concatenating /scratch/rohlfslab/abierly2/LongTR/longTR_pipeline_HG03781/HG03781.chr5.vcf.gz	1.554865 seconds
Concatenating /scratch/rohlfslab/abierly2/LongTR/longTR_pipeline_HG03781/HG03781.chr6.vcf.gz	1.496259 seconds
Concatenating /scratch/rohlfslab/abierly2/LongTR/longTR_pipeline_HG03781/HG03781.chr7.vcf.gz	1.442586 seconds
Concatenating /scratch/rohlfslab/abierly2/LongTR/longTR_pipeline_HG03781/HG03781.chr8.vcf.gz	1.253404 seconds
Concatenating /scratch/rohlfslab/abierly2/LongTR/longTR_pipeline_HG03781/HG03781.chr9.vcf.gz	1.061563 seconds
Concatenating /scratch/rohlfslab/abierly2/LongTR/longTR_pipeline_HG03781/HG03781.chrM.vcf.gz	0.000316 seconds
Concatenating /scratch/rohlfslab/abierly2/LongTR/longTR_pipeline_HG03781/HG03781.chrX.vcf.gz	1.292281 seconds
Concatenating /scratch/rohlfslab/abierly2/LongTR/longTR_pipeline_HG03781/HG03781.chrY.vcf.gz	0.000355 seconds
