Checking the headers and starting positions of 25 files
Concatenating /scratch/rohlfslab/abierly2/LongTR/longTR_pipeline_HG01412/HG01412.chr10.vcf.gz	1.089275 seconds
Concatenating /scratch/rohlfslab/abierly2/LongTR/longTR_pipeline_HG01412/HG01412.chr11.vcf.gz	1.032884 seconds
Concatenating /scratch/rohlfslab/abierly2/LongTR/longTR_pipeline_HG01412/HG01412.chr12.vcf.gz	1.113581 seconds
Concatenating /scratch/rohlfslab/abierly2/LongTR/longTR_pipeline_HG01412/HG01412.chr13.vcf.gz	0.767605 seconds
Concatenating /scratch/rohlfslab/abierly2/LongTR/longTR_pipeline_HG01412/HG01412.chr14.vcf.gz	0.724361 seconds
Concatenating /scratch/rohlfslab/abierly2/LongTR/longTR_pipeline_HG01412/HG01412.chr15.vcf.gz	0.673017 seconds
Concatenating /scratch/rohlfslab/abierly2/LongTR/longTR_pipeline_HG01412/HG01412.chr16.vcf.gz	0.704994 seconds
Concatenating /scratch/rohlfslab/abierly2/LongTR/longTR_pipeline_HG01412/HG01412.chr17.vcf.gz	0.729625 seconds
Concatenating /scratch/rohlfslab/abierly2/LongTR/longTR_pipeline_HG01412/HG01412.chr18.vcf.gz	0.551375 seconds
Concatenating /scratch/rohlfslab/abierly2/LongTR/longTR_pipeline_HG01412/HG01412.chr19.vcf.gz	0.589922 seconds
Concatenating /scratch/rohlfslab/abierly2/LongTR/longTR_pipeline_HG01412/HG01412.chr1.vcf.gz	1.947617 seconds
Concatenating /scratch/rohlfslab/abierly2/LongTR/longTR_pipeline_HG01412/HG01412.chr20.vcf.gz	0.456178 seconds
Concatenating /scratch/rohlfslab/abierly2/LongTR/longTR_pipeline_HG01412/HG01412.chr21.vcf.gz	0.264849 seconds
Concatenating /scratch/rohlfslab/abierly2/LongTR/longTR_pipeline_HG01412/HG01412.chr22.vcf.gz	0.317636 seconds
Concatenating /scratch/rohlfslab/abierly2/LongTR/longTR_pipeline_HG01412/HG01412.chr2.vcf.gz	1.944611 seconds
Concatenating /scratch/rohlfslab/abierly2/LongTR/longTR_pipeline_HG01412/HG01412.chr3.vcf.gz	1.565208 seconds
Concatenating /scratch/rohlfslab/abierly2/LongTR/longTR_pipeline_HG01412/HG01412.chr4.vcf.gz	1.491815 seconds
Concatenating /scratch/rohlfslab/abierly2/LongTR/longTR_pipeline_HG01412/HG01412.chr5.vcf.gz	1.410804 seconds
Concatenating /scratch/rohlfslab/abierly2/LongTR/longTR_pipeline_HG01412/HG01412.chr6.vcf.gz	1.402781 seconds
Concatenating /scratch/rohlfslab/abierly2/LongTR/longTR_pipeline_HG01412/HG01412.chr7.vcf.gz	1.309053 seconds
Concatenating /scratch/rohlfslab/abierly2/LongTR/longTR_pipeline_HG01412/HG01412.chr8.vcf.gz	1.131787 seconds
Concatenating /scratch/rohlfslab/abierly2/LongTR/longTR_pipeline_HG01412/HG01412.chr9.vcf.gz	0.955339 seconds
Concatenating /scratch/rohlfslab/abierly2/LongTR/longTR_pipeline_HG01412/HG01412.chrM.vcf.gz	0.000314 seconds
Concatenating /scratch/rohlfslab/abierly2/LongTR/longTR_pipeline_HG01412/HG01412.chrX.vcf.gz	0.328444 seconds
Concatenating /scratch/rohlfslab/abierly2/LongTR/longTR_pipeline_HG01412/HG01412.chrY.vcf.gz	0.017790 seconds
