Checking the headers and starting positions of 25 files
Concatenating /scratch/rohlfslab/abierly2/LongTR/longTR_pipeline_HG01917/HG01917.chr10.vcf.gz	1.136149 seconds
Concatenating /scratch/rohlfslab/abierly2/LongTR/longTR_pipeline_HG01917/HG01917.chr11.vcf.gz	1.073721 seconds
Concatenating /scratch/rohlfslab/abierly2/LongTR/longTR_pipeline_HG01917/HG01917.chr12.vcf.gz	1.150575 seconds
Concatenating /scratch/rohlfslab/abierly2/LongTR/longTR_pipeline_HG01917/HG01917.chr13.vcf.gz	0.778720 seconds
Concatenating /scratch/rohlfslab/abierly2/LongTR/longTR_pipeline_HG01917/HG01917.chr14.vcf.gz	0.748663 seconds
Concatenating /scratch/rohlfslab/abierly2/LongTR/longTR_pipeline_HG01917/HG01917.chr15.vcf.gz	0.700883 seconds
Concatenating /scratch/rohlfslab/abierly2/LongTR/longTR_pipeline_HG01917/HG01917.chr16.vcf.gz	0.742811 seconds
Concatenating /scratch/rohlfslab/abierly2/LongTR/longTR_pipeline_HG01917/HG01917.chr17.vcf.gz	0.786299 seconds
Concatenating /scratch/rohlfslab/abierly2/LongTR/longTR_pipeline_HG01917/HG01917.chr18.vcf.gz	0.559552 seconds
Concatenating /scratch/rohlfslab/abierly2/LongTR/longTR_pipeline_HG01917/HG01917.chr19.vcf.gz	0.657505 seconds
Concatenating /scratch/rohlfslab/abierly2/LongTR/longTR_pipeline_HG01917/HG01917.chr1.vcf.gz	2.041582 seconds
Concatenating /scratch/rohlfslab/abierly2/LongTR/longTR_pipeline_HG01917/HG01917.chr20.vcf.gz	0.478470 seconds
Concatenating /scratch/rohlfslab/abierly2/LongTR/longTR_pipeline_HG01917/HG01917.chr21.vcf.gz	0.267585 seconds
Concatenating /scratch/rohlfslab/abierly2/LongTR/longTR_pipeline_HG01917/HG01917.chr22.vcf.gz	0.337541 seconds
Concatenating /scratch/rohlfslab/abierly2/LongTR/longTR_pipeline_HG01917/HG01917.chr2.vcf.gz	2.016466 seconds
Concatenating /scratch/rohlfslab/abierly2/LongTR/longTR_pipeline_HG01917/HG01917.chr3.vcf.gz	1.617746 seconds
Concatenating /scratch/rohlfslab/abierly2/LongTR/longTR_pipeline_HG01917/HG01917.chr4.vcf.gz	1.508657 seconds
Concatenating /scratch/rohlfslab/abierly2/LongTR/longTR_pipeline_HG01917/HG01917.chr5.vcf.gz	1.445712 seconds
Concatenating /scratch/rohlfslab/abierly2/LongTR/longTR_pipeline_HG01917/HG01917.chr6.vcf.gz	1.401721 seconds
Concatenating /scratch/rohlfslab/abierly2/LongTR/longTR_pipeline_HG01917/HG01917.chr7.vcf.gz	1.349447 seconds
Concatenating /scratch/rohlfslab/abierly2/LongTR/longTR_pipeline_HG01917/HG01917.chr8.vcf.gz	1.158617 seconds
Concatenating /scratch/rohlfslab/abierly2/LongTR/longTR_pipeline_HG01917/HG01917.chr9.vcf.gz	0.988568 seconds
Concatenating /scratch/rohlfslab/abierly2/LongTR/longTR_pipeline_HG01917/HG01917.chrM.vcf.gz	0.000378 seconds
Concatenating /scratch/rohlfslab/abierly2/LongTR/longTR_pipeline_HG01917/HG01917.chrX.vcf.gz	0.354114 seconds
Concatenating /scratch/rohlfslab/abierly2/LongTR/longTR_pipeline_HG01917/HG01917.chrY.vcf.gz	0.013996 seconds
