Checking the headers and starting positions of 25 files
Concatenating /scratch/rohlfslab/abierly2/LongTR/longTR_pipeline_HG01597/HG01597.chr10.vcf.gz	1.140703 seconds
Concatenating /scratch/rohlfslab/abierly2/LongTR/longTR_pipeline_HG01597/HG01597.chr11.vcf.gz	1.100322 seconds
Concatenating /scratch/rohlfslab/abierly2/LongTR/longTR_pipeline_HG01597/HG01597.chr12.vcf.gz	1.183538 seconds
Concatenating /scratch/rohlfslab/abierly2/LongTR/longTR_pipeline_HG01597/HG01597.chr13.vcf.gz	0.814655 seconds
Concatenating /scratch/rohlfslab/abierly2/LongTR/longTR_pipeline_HG01597/HG01597.chr14.vcf.gz	0.787476 seconds
Concatenating /scratch/rohlfslab/abierly2/LongTR/longTR_pipeline_HG01597/HG01597.chr15.vcf.gz	0.717087 seconds
Concatenating /scratch/rohlfslab/abierly2/LongTR/longTR_pipeline_HG01597/HG01597.chr16.vcf.gz	0.756109 seconds
Concatenating /scratch/rohlfslab/abierly2/LongTR/longTR_pipeline_HG01597/HG01597.chr17.vcf.gz	0.791343 seconds
Concatenating /scratch/rohlfslab/abierly2/LongTR/longTR_pipeline_HG01597/HG01597.chr18.vcf.gz	0.572369 seconds
Concatenating /scratch/rohlfslab/abierly2/LongTR/longTR_pipeline_HG01597/HG01597.chr19.vcf.gz	0.664026 seconds
Concatenating /scratch/rohlfslab/abierly2/LongTR/longTR_pipeline_HG01597/HG01597.chr1.vcf.gz	2.108184 seconds
Concatenating /scratch/rohlfslab/abierly2/LongTR/longTR_pipeline_HG01597/HG01597.chr20.vcf.gz	0.491177 seconds
Concatenating /scratch/rohlfslab/abierly2/LongTR/longTR_pipeline_HG01597/HG01597.chr21.vcf.gz	0.277343 seconds
Concatenating /scratch/rohlfslab/abierly2/LongTR/longTR_pipeline_HG01597/HG01597.chr22.vcf.gz	0.342659 seconds
Concatenating /scratch/rohlfslab/abierly2/LongTR/longTR_pipeline_HG01597/HG01597.chr2.vcf.gz	2.043971 seconds
Concatenating /scratch/rohlfslab/abierly2/LongTR/longTR_pipeline_HG01597/HG01597.chr3.vcf.gz	1.634816 seconds
Concatenating /scratch/rohlfslab/abierly2/LongTR/longTR_pipeline_HG01597/HG01597.chr4.vcf.gz	1.550083 seconds
Concatenating /scratch/rohlfslab/abierly2/LongTR/longTR_pipeline_HG01597/HG01597.chr5.vcf.gz	1.472002 seconds
Concatenating /scratch/rohlfslab/abierly2/LongTR/longTR_pipeline_HG01597/HG01597.chr6.vcf.gz	1.424921 seconds
Concatenating /scratch/rohlfslab/abierly2/LongTR/longTR_pipeline_HG01597/HG01597.chr7.vcf.gz	1.369760 seconds
Concatenating /scratch/rohlfslab/abierly2/LongTR/longTR_pipeline_HG01597/HG01597.chr8.vcf.gz	1.180945 seconds
Concatenating /scratch/rohlfslab/abierly2/LongTR/longTR_pipeline_HG01597/HG01597.chr9.vcf.gz	1.005130 seconds
Concatenating /scratch/rohlfslab/abierly2/LongTR/longTR_pipeline_HG01597/HG01597.chrM.vcf.gz	0.000309 seconds
Concatenating /scratch/rohlfslab/abierly2/LongTR/longTR_pipeline_HG01597/HG01597.chrX.vcf.gz	1.198503 seconds
Concatenating /scratch/rohlfslab/abierly2/LongTR/longTR_pipeline_HG01597/HG01597.chrY.vcf.gz	0.000328 seconds
