Checking the headers and starting positions of 25 files
Concatenating /scratch/rohlfslab/abierly2/LongTR/longTR_pipeline_NA12336/NA12336.chr10.vcf.gz	1.166738 seconds
Concatenating /scratch/rohlfslab/abierly2/LongTR/longTR_pipeline_NA12336/NA12336.chr11.vcf.gz	1.119637 seconds
Concatenating /scratch/rohlfslab/abierly2/LongTR/longTR_pipeline_NA12336/NA12336.chr12.vcf.gz	1.174870 seconds
Concatenating /scratch/rohlfslab/abierly2/LongTR/longTR_pipeline_NA12336/NA12336.chr13.vcf.gz	0.806724 seconds
Concatenating /scratch/rohlfslab/abierly2/LongTR/longTR_pipeline_NA12336/NA12336.chr14.vcf.gz	0.771240 seconds
Concatenating /scratch/rohlfslab/abierly2/LongTR/longTR_pipeline_NA12336/NA12336.chr15.vcf.gz	0.729401 seconds
Concatenating /scratch/rohlfslab/abierly2/LongTR/longTR_pipeline_NA12336/NA12336.chr16.vcf.gz	0.756008 seconds
Concatenating /scratch/rohlfslab/abierly2/LongTR/longTR_pipeline_NA12336/NA12336.chr17.vcf.gz	0.790160 seconds
Concatenating /scratch/rohlfslab/abierly2/LongTR/longTR_pipeline_NA12336/NA12336.chr18.vcf.gz	0.586752 seconds
Concatenating /scratch/rohlfslab/abierly2/LongTR/longTR_pipeline_NA12336/NA12336.chr19.vcf.gz	0.645372 seconds
Concatenating /scratch/rohlfslab/abierly2/LongTR/longTR_pipeline_NA12336/NA12336.chr1.vcf.gz	2.076598 seconds
Concatenating /scratch/rohlfslab/abierly2/LongTR/longTR_pipeline_NA12336/NA12336.chr20.vcf.gz	0.486658 seconds
Concatenating /scratch/rohlfslab/abierly2/LongTR/longTR_pipeline_NA12336/NA12336.chr21.vcf.gz	0.280750 seconds
Concatenating /scratch/rohlfslab/abierly2/LongTR/longTR_pipeline_NA12336/NA12336.chr22.vcf.gz	0.342316 seconds
Concatenating /scratch/rohlfslab/abierly2/LongTR/longTR_pipeline_NA12336/NA12336.chr2.vcf.gz	2.081649 seconds
Concatenating /scratch/rohlfslab/abierly2/LongTR/longTR_pipeline_NA12336/NA12336.chr3.vcf.gz	1.650344 seconds
Concatenating /scratch/rohlfslab/abierly2/LongTR/longTR_pipeline_NA12336/NA12336.chr4.vcf.gz	1.580200 seconds
Concatenating /scratch/rohlfslab/abierly2/LongTR/longTR_pipeline_NA12336/NA12336.chr5.vcf.gz	1.496122 seconds
Concatenating /scratch/rohlfslab/abierly2/LongTR/longTR_pipeline_NA12336/NA12336.chr6.vcf.gz	1.436678 seconds
Concatenating /scratch/rohlfslab/abierly2/LongTR/longTR_pipeline_NA12336/NA12336.chr7.vcf.gz	1.402701 seconds
Concatenating /scratch/rohlfslab/abierly2/LongTR/longTR_pipeline_NA12336/NA12336.chr8.vcf.gz	1.197736 seconds
Concatenating /scratch/rohlfslab/abierly2/LongTR/longTR_pipeline_NA12336/NA12336.chr9.vcf.gz	1.024893 seconds
Concatenating /scratch/rohlfslab/abierly2/LongTR/longTR_pipeline_NA12336/NA12336.chrM.vcf.gz	0.000503 seconds
Concatenating /scratch/rohlfslab/abierly2/LongTR/longTR_pipeline_NA12336/NA12336.chrX.vcf.gz	1.235878 seconds
Concatenating /scratch/rohlfslab/abierly2/LongTR/longTR_pipeline_NA12336/NA12336.chrY.vcf.gz	0.000636 seconds
