Checking the headers and starting positions of 25 files
Concatenating /scratch/rohlfslab/abierly2/LongTR/longTR_pipeline_HG01344/HG01344.chr10.vcf.gz	1.225829 seconds
Concatenating /scratch/rohlfslab/abierly2/LongTR/longTR_pipeline_HG01344/HG01344.chr11.vcf.gz	1.161452 seconds
Concatenating /scratch/rohlfslab/abierly2/LongTR/longTR_pipeline_HG01344/HG01344.chr12.vcf.gz	1.235644 seconds
Concatenating /scratch/rohlfslab/abierly2/LongTR/longTR_pipeline_HG01344/HG01344.chr13.vcf.gz	0.831327 seconds
Concatenating /scratch/rohlfslab/abierly2/LongTR/longTR_pipeline_HG01344/HG01344.chr14.vcf.gz	0.800889 seconds
Concatenating /scratch/rohlfslab/abierly2/LongTR/longTR_pipeline_HG01344/HG01344.chr15.vcf.gz	0.759165 seconds
Concatenating /scratch/rohlfslab/abierly2/LongTR/longTR_pipeline_HG01344/HG01344.chr16.vcf.gz	0.797356 seconds
Concatenating /scratch/rohlfslab/abierly2/LongTR/longTR_pipeline_HG01344/HG01344.chr17.vcf.gz	0.836432 seconds
Concatenating /scratch/rohlfslab/abierly2/LongTR/longTR_pipeline_HG01344/HG01344.chr18.vcf.gz	0.607786 seconds
Concatenating /scratch/rohlfslab/abierly2/LongTR/longTR_pipeline_HG01344/HG01344.chr19.vcf.gz	0.698400 seconds
Concatenating /scratch/rohlfslab/abierly2/LongTR/longTR_pipeline_HG01344/HG01344.chr1.vcf.gz	2.179892 seconds
Concatenating /scratch/rohlfslab/abierly2/LongTR/longTR_pipeline_HG01344/HG01344.chr20.vcf.gz	0.522241 seconds
Concatenating /scratch/rohlfslab/abierly2/LongTR/longTR_pipeline_HG01344/HG01344.chr21.vcf.gz	0.293280 seconds
Concatenating /scratch/rohlfslab/abierly2/LongTR/longTR_pipeline_HG01344/HG01344.chr22.vcf.gz	0.368694 seconds
Concatenating /scratch/rohlfslab/abierly2/LongTR/longTR_pipeline_HG01344/HG01344.chr2.vcf.gz	2.193396 seconds
Concatenating /scratch/rohlfslab/abierly2/LongTR/longTR_pipeline_HG01344/HG01344.chr3.vcf.gz	1.730500 seconds
Concatenating /scratch/rohlfslab/abierly2/LongTR/longTR_pipeline_HG01344/HG01344.chr4.vcf.gz	1.622046 seconds
Concatenating /scratch/rohlfslab/abierly2/LongTR/longTR_pipeline_HG01344/HG01344.chr5.vcf.gz	1.560967 seconds
Concatenating /scratch/rohlfslab/abierly2/LongTR/longTR_pipeline_HG01344/HG01344.chr6.vcf.gz	1.506657 seconds
Concatenating /scratch/rohlfslab/abierly2/LongTR/longTR_pipeline_HG01344/HG01344.chr7.vcf.gz	1.462068 seconds
Concatenating /scratch/rohlfslab/abierly2/LongTR/longTR_pipeline_HG01344/HG01344.chr8.vcf.gz	1.253214 seconds
Concatenating /scratch/rohlfslab/abierly2/LongTR/longTR_pipeline_HG01344/HG01344.chr9.vcf.gz	1.075536 seconds
Concatenating /scratch/rohlfslab/abierly2/LongTR/longTR_pipeline_HG01344/HG01344.chrM.vcf.gz	0.000324 seconds
Concatenating /scratch/rohlfslab/abierly2/LongTR/longTR_pipeline_HG01344/HG01344.chrX.vcf.gz	0.493432 seconds
Concatenating /scratch/rohlfslab/abierly2/LongTR/longTR_pipeline_HG01344/HG01344.chrY.vcf.gz	0.022898 seconds
