Checking the headers and starting positions of 25 files
Concatenating /scratch/rohlfslab/abierly2/LongTR/longTR_pipeline_HG02657/HG02657.chr10.vcf.gz	1.064883 seconds
Concatenating /scratch/rohlfslab/abierly2/LongTR/longTR_pipeline_HG02657/HG02657.chr11.vcf.gz	1.012488 seconds
Concatenating /scratch/rohlfslab/abierly2/LongTR/longTR_pipeline_HG02657/HG02657.chr12.vcf.gz	1.080996 seconds
Concatenating /scratch/rohlfslab/abierly2/LongTR/longTR_pipeline_HG02657/HG02657.chr13.vcf.gz	0.719003 seconds
Concatenating /scratch/rohlfslab/abierly2/LongTR/longTR_pipeline_HG02657/HG02657.chr14.vcf.gz	0.710522 seconds
Concatenating /scratch/rohlfslab/abierly2/LongTR/longTR_pipeline_HG02657/HG02657.chr15.vcf.gz	0.674411 seconds
Concatenating /scratch/rohlfslab/abierly2/LongTR/longTR_pipeline_HG02657/HG02657.chr16.vcf.gz	0.686061 seconds
Concatenating /scratch/rohlfslab/abierly2/LongTR/longTR_pipeline_HG02657/HG02657.chr17.vcf.gz	0.721449 seconds
Concatenating /scratch/rohlfslab/abierly2/LongTR/longTR_pipeline_HG02657/HG02657.chr18.vcf.gz	0.532405 seconds
Concatenating /scratch/rohlfslab/abierly2/LongTR/longTR_pipeline_HG02657/HG02657.chr19.vcf.gz	0.589174 seconds
Concatenating /scratch/rohlfslab/abierly2/LongTR/longTR_pipeline_HG02657/HG02657.chr1.vcf.gz	1.917051 seconds
Concatenating /scratch/rohlfslab/abierly2/LongTR/longTR_pipeline_HG02657/HG02657.chr20.vcf.gz	0.450383 seconds
Concatenating /scratch/rohlfslab/abierly2/LongTR/longTR_pipeline_HG02657/HG02657.chr21.vcf.gz	0.257036 seconds
Concatenating /scratch/rohlfslab/abierly2/LongTR/longTR_pipeline_HG02657/HG02657.chr22.vcf.gz	0.310214 seconds
Concatenating /scratch/rohlfslab/abierly2/LongTR/longTR_pipeline_HG02657/HG02657.chr2.vcf.gz	1.906596 seconds
Concatenating /scratch/rohlfslab/abierly2/LongTR/longTR_pipeline_HG02657/HG02657.chr3.vcf.gz	1.531214 seconds
Concatenating /scratch/rohlfslab/abierly2/LongTR/longTR_pipeline_HG02657/HG02657.chr4.vcf.gz	1.426086 seconds
Concatenating /scratch/rohlfslab/abierly2/LongTR/longTR_pipeline_HG02657/HG02657.chr5.vcf.gz	1.363264 seconds
Concatenating /scratch/rohlfslab/abierly2/LongTR/longTR_pipeline_HG02657/HG02657.chr6.vcf.gz	1.328737 seconds
Concatenating /scratch/rohlfslab/abierly2/LongTR/longTR_pipeline_HG02657/HG02657.chr7.vcf.gz	1.249510 seconds
Concatenating /scratch/rohlfslab/abierly2/LongTR/longTR_pipeline_HG02657/HG02657.chr8.vcf.gz	1.091649 seconds
Concatenating /scratch/rohlfslab/abierly2/LongTR/longTR_pipeline_HG02657/HG02657.chr9.vcf.gz	0.926186 seconds
Concatenating /scratch/rohlfslab/abierly2/LongTR/longTR_pipeline_HG02657/HG02657.chrM.vcf.gz	0.000335 seconds
Concatenating /scratch/rohlfslab/abierly2/LongTR/longTR_pipeline_HG02657/HG02657.chrX.vcf.gz	0.242989 seconds
Concatenating /scratch/rohlfslab/abierly2/LongTR/longTR_pipeline_HG02657/HG02657.chrY.vcf.gz	0.010335 seconds
