Checking the headers and starting positions of 25 files
Concatenating /scratch/rohlfslab/abierly2/LongTR/longTR_pipeline_NA19001/NA19001.chr10.vcf.gz	0.473364 seconds
Concatenating /scratch/rohlfslab/abierly2/LongTR/longTR_pipeline_NA19001/NA19001.chr11.vcf.gz	0.461849 seconds
Concatenating /scratch/rohlfslab/abierly2/LongTR/longTR_pipeline_NA19001/NA19001.chr12.vcf.gz	0.512658 seconds
Concatenating /scratch/rohlfslab/abierly2/LongTR/longTR_pipeline_NA19001/NA19001.chr13.vcf.gz	0.338672 seconds
Concatenating /scratch/rohlfslab/abierly2/LongTR/longTR_pipeline_NA19001/NA19001.chr14.vcf.gz	0.320770 seconds
Concatenating /scratch/rohlfslab/abierly2/LongTR/longTR_pipeline_NA19001/NA19001.chr15.vcf.gz	0.294802 seconds
Concatenating /scratch/rohlfslab/abierly2/LongTR/longTR_pipeline_NA19001/NA19001.chr16.vcf.gz	0.296331 seconds
Concatenating /scratch/rohlfslab/abierly2/LongTR/longTR_pipeline_NA19001/NA19001.chr17.vcf.gz	0.295998 seconds
Concatenating /scratch/rohlfslab/abierly2/LongTR/longTR_pipeline_NA19001/NA19001.chr18.vcf.gz	0.260558 seconds
Concatenating /scratch/rohlfslab/abierly2/LongTR/longTR_pipeline_NA19001/NA19001.chr19.vcf.gz	0.220644 seconds
Concatenating /scratch/rohlfslab/abierly2/LongTR/longTR_pipeline_NA19001/NA19001.chr1.vcf.gz	0.861797 seconds
Concatenating /scratch/rohlfslab/abierly2/LongTR/longTR_pipeline_NA19001/NA19001.chr20.vcf.gz	0.190787 seconds
Concatenating /scratch/rohlfslab/abierly2/LongTR/longTR_pipeline_NA19001/NA19001.chr21.vcf.gz	0.114375 seconds
Concatenating /scratch/rohlfslab/abierly2/LongTR/longTR_pipeline_NA19001/NA19001.chr22.vcf.gz	0.130591 seconds
Concatenating /scratch/rohlfslab/abierly2/LongTR/longTR_pipeline_NA19001/NA19001.chr2.vcf.gz	0.863860 seconds
Concatenating /scratch/rohlfslab/abierly2/LongTR/longTR_pipeline_NA19001/NA19001.chr3.vcf.gz	0.710768 seconds
Concatenating /scratch/rohlfslab/abierly2/LongTR/longTR_pipeline_NA19001/NA19001.chr4.vcf.gz	0.667739 seconds
Concatenating /scratch/rohlfslab/abierly2/LongTR/longTR_pipeline_NA19001/NA19001.chr5.vcf.gz	0.646761 seconds
Concatenating /scratch/rohlfslab/abierly2/LongTR/longTR_pipeline_NA19001/NA19001.chr6.vcf.gz	0.618136 seconds
Concatenating /scratch/rohlfslab/abierly2/LongTR/longTR_pipeline_NA19001/NA19001.chr7.vcf.gz	0.579269 seconds
Concatenating /scratch/rohlfslab/abierly2/LongTR/longTR_pipeline_NA19001/NA19001.chr8.vcf.gz	0.502602 seconds
Concatenating /scratch/rohlfslab/abierly2/LongTR/longTR_pipeline_NA19001/NA19001.chr9.vcf.gz	0.422831 seconds
Concatenating /scratch/rohlfslab/abierly2/LongTR/longTR_pipeline_NA19001/NA19001.chrM.vcf.gz	0.000296 seconds
Concatenating /scratch/rohlfslab/abierly2/LongTR/longTR_pipeline_NA19001/NA19001.chrX.vcf.gz	0.514205 seconds
Concatenating /scratch/rohlfslab/abierly2/LongTR/longTR_pipeline_NA19001/NA19001.chrY.vcf.gz	0.000289 seconds
