Checking the headers and starting positions of 25 files
Concatenating /scratch/rohlfslab/abierly2/LongTR/longTR_pipeline_HG00349/HG00349.chr10.vcf.gz	1.230216 seconds
Concatenating /scratch/rohlfslab/abierly2/LongTR/longTR_pipeline_HG00349/HG00349.chr11.vcf.gz	1.169830 seconds
Concatenating /scratch/rohlfslab/abierly2/LongTR/longTR_pipeline_HG00349/HG00349.chr12.vcf.gz	1.246742 seconds
Concatenating /scratch/rohlfslab/abierly2/LongTR/longTR_pipeline_HG00349/HG00349.chr13.vcf.gz	0.862739 seconds
Concatenating /scratch/rohlfslab/abierly2/LongTR/longTR_pipeline_HG00349/HG00349.chr14.vcf.gz	0.812007 seconds
Concatenating /scratch/rohlfslab/abierly2/LongTR/longTR_pipeline_HG00349/HG00349.chr15.vcf.gz	0.762475 seconds
Concatenating /scratch/rohlfslab/abierly2/LongTR/longTR_pipeline_HG00349/HG00349.chr16.vcf.gz	0.790599 seconds
Concatenating /scratch/rohlfslab/abierly2/LongTR/longTR_pipeline_HG00349/HG00349.chr17.vcf.gz	0.825572 seconds
Concatenating /scratch/rohlfslab/abierly2/LongTR/longTR_pipeline_HG00349/HG00349.chr18.vcf.gz	0.625080 seconds
Concatenating /scratch/rohlfslab/abierly2/LongTR/longTR_pipeline_HG00349/HG00349.chr19.vcf.gz	0.676790 seconds
Concatenating /scratch/rohlfslab/abierly2/LongTR/longTR_pipeline_HG00349/HG00349.chr1.vcf.gz	2.190065 seconds
Concatenating /scratch/rohlfslab/abierly2/LongTR/longTR_pipeline_HG00349/HG00349.chr20.vcf.gz	0.516588 seconds
Concatenating /scratch/rohlfslab/abierly2/LongTR/longTR_pipeline_HG00349/HG00349.chr21.vcf.gz	0.297573 seconds
Concatenating /scratch/rohlfslab/abierly2/LongTR/longTR_pipeline_HG00349/HG00349.chr22.vcf.gz	0.360819 seconds
Concatenating /scratch/rohlfslab/abierly2/LongTR/longTR_pipeline_HG00349/HG00349.chr2.vcf.gz	2.201894 seconds
Concatenating /scratch/rohlfslab/abierly2/LongTR/longTR_pipeline_HG00349/HG00349.chr3.vcf.gz	1.753568 seconds
Concatenating /scratch/rohlfslab/abierly2/LongTR/longTR_pipeline_HG00349/HG00349.chr4.vcf.gz	1.684712 seconds
Concatenating /scratch/rohlfslab/abierly2/LongTR/longTR_pipeline_HG00349/HG00349.chr5.vcf.gz	1.592049 seconds
Concatenating /scratch/rohlfslab/abierly2/LongTR/longTR_pipeline_HG00349/HG00349.chr6.vcf.gz	1.536280 seconds
Concatenating /scratch/rohlfslab/abierly2/LongTR/longTR_pipeline_HG00349/HG00349.chr7.vcf.gz	1.472981 seconds
Concatenating /scratch/rohlfslab/abierly2/LongTR/longTR_pipeline_HG00349/HG00349.chr8.vcf.gz	1.275445 seconds
Concatenating /scratch/rohlfslab/abierly2/LongTR/longTR_pipeline_HG00349/HG00349.chr9.vcf.gz	1.079332 seconds
Concatenating /scratch/rohlfslab/abierly2/LongTR/longTR_pipeline_HG00349/HG00349.chrM.vcf.gz	0.000322 seconds
Concatenating /scratch/rohlfslab/abierly2/LongTR/longTR_pipeline_HG00349/HG00349.chrX.vcf.gz	1.321471 seconds
Concatenating /scratch/rohlfslab/abierly2/LongTR/longTR_pipeline_HG00349/HG00349.chrY.vcf.gz	0.000363 seconds
