Checking the headers and starting positions of 25 files
Concatenating /scratch/rohlfslab/abierly2/LongTR/longTR_pipeline_NA19660/NA19660.chr10.vcf.gz	0.596798 seconds
Concatenating /scratch/rohlfslab/abierly2/LongTR/longTR_pipeline_NA19660/NA19660.chr11.vcf.gz	0.572648 seconds
Concatenating /scratch/rohlfslab/abierly2/LongTR/longTR_pipeline_NA19660/NA19660.chr12.vcf.gz	0.628022 seconds
Concatenating /scratch/rohlfslab/abierly2/LongTR/longTR_pipeline_NA19660/NA19660.chr13.vcf.gz	0.399810 seconds
Concatenating /scratch/rohlfslab/abierly2/LongTR/longTR_pipeline_NA19660/NA19660.chr14.vcf.gz	0.415343 seconds
Concatenating /scratch/rohlfslab/abierly2/LongTR/longTR_pipeline_NA19660/NA19660.chr15.vcf.gz	0.384453 seconds
Concatenating /scratch/rohlfslab/abierly2/LongTR/longTR_pipeline_NA19660/NA19660.chr16.vcf.gz	0.397683 seconds
Concatenating /scratch/rohlfslab/abierly2/LongTR/longTR_pipeline_NA19660/NA19660.chr17.vcf.gz	0.429691 seconds
Concatenating /scratch/rohlfslab/abierly2/LongTR/longTR_pipeline_NA19660/NA19660.chr18.vcf.gz	0.295083 seconds
Concatenating /scratch/rohlfslab/abierly2/LongTR/longTR_pipeline_NA19660/NA19660.chr19.vcf.gz	0.346055 seconds
Concatenating /scratch/rohlfslab/abierly2/LongTR/longTR_pipeline_NA19660/NA19660.chr1.vcf.gz	1.094401 seconds
Concatenating /scratch/rohlfslab/abierly2/LongTR/longTR_pipeline_NA19660/NA19660.chr20.vcf.gz	0.267981 seconds
Concatenating /scratch/rohlfslab/abierly2/LongTR/longTR_pipeline_NA19660/NA19660.chr21.vcf.gz	0.143578 seconds
Concatenating /scratch/rohlfslab/abierly2/LongTR/longTR_pipeline_NA19660/NA19660.chr22.vcf.gz	0.190660 seconds
Concatenating /scratch/rohlfslab/abierly2/LongTR/longTR_pipeline_NA19660/NA19660.chr2.vcf.gz	1.071155 seconds
Concatenating /scratch/rohlfslab/abierly2/LongTR/longTR_pipeline_NA19660/NA19660.chr3.vcf.gz	0.858866 seconds
Concatenating /scratch/rohlfslab/abierly2/LongTR/longTR_pipeline_NA19660/NA19660.chr4.vcf.gz	0.779863 seconds
Concatenating /scratch/rohlfslab/abierly2/LongTR/longTR_pipeline_NA19660/NA19660.chr5.vcf.gz	0.746982 seconds
Concatenating /scratch/rohlfslab/abierly2/LongTR/longTR_pipeline_NA19660/NA19660.chr6.vcf.gz	0.750271 seconds
Concatenating /scratch/rohlfslab/abierly2/LongTR/longTR_pipeline_NA19660/NA19660.chr7.vcf.gz	0.722308 seconds
Concatenating /scratch/rohlfslab/abierly2/LongTR/longTR_pipeline_NA19660/NA19660.chr8.vcf.gz	0.596578 seconds
Concatenating /scratch/rohlfslab/abierly2/LongTR/longTR_pipeline_NA19660/NA19660.chr9.vcf.gz	0.526757 seconds
Concatenating /scratch/rohlfslab/abierly2/LongTR/longTR_pipeline_NA19660/NA19660.chrM.vcf.gz	0.000328 seconds
Concatenating /scratch/rohlfslab/abierly2/LongTR/longTR_pipeline_NA19660/NA19660.chrX.vcf.gz	0.594739 seconds
Concatenating /scratch/rohlfslab/abierly2/LongTR/longTR_pipeline_NA19660/NA19660.chrY.vcf.gz	0.000323 seconds
