Checking the headers and starting positions of 25 files
Concatenating /scratch/rohlfslab/abierly2/LongTR/longTR_pipeline_HG02153/HG02153.chr10.vcf.gz	1.054350 seconds
Concatenating /scratch/rohlfslab/abierly2/LongTR/longTR_pipeline_HG02153/HG02153.chr11.vcf.gz	0.999320 seconds
Concatenating /scratch/rohlfslab/abierly2/LongTR/longTR_pipeline_HG02153/HG02153.chr12.vcf.gz	1.066740 seconds
Concatenating /scratch/rohlfslab/abierly2/LongTR/longTR_pipeline_HG02153/HG02153.chr13.vcf.gz	0.715571 seconds
Concatenating /scratch/rohlfslab/abierly2/LongTR/longTR_pipeline_HG02153/HG02153.chr14.vcf.gz	0.696394 seconds
Concatenating /scratch/rohlfslab/abierly2/LongTR/longTR_pipeline_HG02153/HG02153.chr15.vcf.gz	0.654896 seconds
Concatenating /scratch/rohlfslab/abierly2/LongTR/longTR_pipeline_HG02153/HG02153.chr16.vcf.gz	0.694122 seconds
Concatenating /scratch/rohlfslab/abierly2/LongTR/longTR_pipeline_HG02153/HG02153.chr17.vcf.gz	0.731473 seconds
Concatenating /scratch/rohlfslab/abierly2/LongTR/longTR_pipeline_HG02153/HG02153.chr18.vcf.gz	0.565551 seconds
Concatenating /scratch/rohlfslab/abierly2/LongTR/longTR_pipeline_HG02153/HG02153.chr19.vcf.gz	0.634085 seconds
Concatenating /scratch/rohlfslab/abierly2/LongTR/longTR_pipeline_HG02153/HG02153.chr1.vcf.gz	1.887069 seconds
Concatenating /scratch/rohlfslab/abierly2/LongTR/longTR_pipeline_HG02153/HG02153.chr20.vcf.gz	0.445564 seconds
Concatenating /scratch/rohlfslab/abierly2/LongTR/longTR_pipeline_HG02153/HG02153.chr21.vcf.gz	0.263512 seconds
Concatenating /scratch/rohlfslab/abierly2/LongTR/longTR_pipeline_HG02153/HG02153.chr22.vcf.gz	0.316524 seconds
Concatenating /scratch/rohlfslab/abierly2/LongTR/longTR_pipeline_HG02153/HG02153.chr2.vcf.gz	1.879393 seconds
Concatenating /scratch/rohlfslab/abierly2/LongTR/longTR_pipeline_HG02153/HG02153.chr3.vcf.gz	1.478248 seconds
Concatenating /scratch/rohlfslab/abierly2/LongTR/longTR_pipeline_HG02153/HG02153.chr4.vcf.gz	1.407788 seconds
Concatenating /scratch/rohlfslab/abierly2/LongTR/longTR_pipeline_HG02153/HG02153.chr5.vcf.gz	1.332843 seconds
Concatenating /scratch/rohlfslab/abierly2/LongTR/longTR_pipeline_HG02153/HG02153.chr6.vcf.gz	1.303889 seconds
Concatenating /scratch/rohlfslab/abierly2/LongTR/longTR_pipeline_HG02153/HG02153.chr7.vcf.gz	1.257507 seconds
Concatenating /scratch/rohlfslab/abierly2/LongTR/longTR_pipeline_HG02153/HG02153.chr8.vcf.gz	1.080297 seconds
Concatenating /scratch/rohlfslab/abierly2/LongTR/longTR_pipeline_HG02153/HG02153.chr9.vcf.gz	0.917306 seconds
Concatenating /scratch/rohlfslab/abierly2/LongTR/longTR_pipeline_HG02153/HG02153.chrM.vcf.gz	0.000323 seconds
Concatenating /scratch/rohlfslab/abierly2/LongTR/longTR_pipeline_HG02153/HG02153.chrX.vcf.gz	1.099266 seconds
Concatenating /scratch/rohlfslab/abierly2/LongTR/longTR_pipeline_HG02153/HG02153.chrY.vcf.gz	0.000305 seconds
