Checking the headers and starting positions of 25 files
Concatenating /scratch/rohlfslab/abierly2/LongTR/longTR_pipeline_NA06989/NA06989.chr10.vcf.gz	1.225116 seconds
Concatenating /scratch/rohlfslab/abierly2/LongTR/longTR_pipeline_NA06989/NA06989.chr11.vcf.gz	1.166289 seconds
Concatenating /scratch/rohlfslab/abierly2/LongTR/longTR_pipeline_NA06989/NA06989.chr12.vcf.gz	1.235208 seconds
Concatenating /scratch/rohlfslab/abierly2/LongTR/longTR_pipeline_NA06989/NA06989.chr13.vcf.gz	0.861953 seconds
Concatenating /scratch/rohlfslab/abierly2/LongTR/longTR_pipeline_NA06989/NA06989.chr14.vcf.gz	0.808753 seconds
Concatenating /scratch/rohlfslab/abierly2/LongTR/longTR_pipeline_NA06989/NA06989.chr15.vcf.gz	0.758822 seconds
Concatenating /scratch/rohlfslab/abierly2/LongTR/longTR_pipeline_NA06989/NA06989.chr16.vcf.gz	0.795375 seconds
Concatenating /scratch/rohlfslab/abierly2/LongTR/longTR_pipeline_NA06989/NA06989.chr17.vcf.gz	0.829951 seconds
Concatenating /scratch/rohlfslab/abierly2/LongTR/longTR_pipeline_NA06989/NA06989.chr18.vcf.gz	0.613357 seconds
Concatenating /scratch/rohlfslab/abierly2/LongTR/longTR_pipeline_NA06989/NA06989.chr19.vcf.gz	0.687833 seconds
Concatenating /scratch/rohlfslab/abierly2/LongTR/longTR_pipeline_NA06989/NA06989.chr1.vcf.gz	2.174413 seconds
Concatenating /scratch/rohlfslab/abierly2/LongTR/longTR_pipeline_NA06989/NA06989.chr20.vcf.gz	0.515319 seconds
Concatenating /scratch/rohlfslab/abierly2/LongTR/longTR_pipeline_NA06989/NA06989.chr21.vcf.gz	0.296342 seconds
Concatenating /scratch/rohlfslab/abierly2/LongTR/longTR_pipeline_NA06989/NA06989.chr22.vcf.gz	0.363814 seconds
Concatenating /scratch/rohlfslab/abierly2/LongTR/longTR_pipeline_NA06989/NA06989.chr2.vcf.gz	2.172356 seconds
Concatenating /scratch/rohlfslab/abierly2/LongTR/longTR_pipeline_NA06989/NA06989.chr3.vcf.gz	1.744311 seconds
Concatenating /scratch/rohlfslab/abierly2/LongTR/longTR_pipeline_NA06989/NA06989.chr4.vcf.gz	1.663639 seconds
Concatenating /scratch/rohlfslab/abierly2/LongTR/longTR_pipeline_NA06989/NA06989.chr5.vcf.gz	1.569915 seconds
Concatenating /scratch/rohlfslab/abierly2/LongTR/longTR_pipeline_NA06989/NA06989.chr6.vcf.gz	1.519649 seconds
Concatenating /scratch/rohlfslab/abierly2/LongTR/longTR_pipeline_NA06989/NA06989.chr7.vcf.gz	1.462590 seconds
Concatenating /scratch/rohlfslab/abierly2/LongTR/longTR_pipeline_NA06989/NA06989.chr8.vcf.gz	1.266779 seconds
Concatenating /scratch/rohlfslab/abierly2/LongTR/longTR_pipeline_NA06989/NA06989.chr9.vcf.gz	1.072983 seconds
Concatenating /scratch/rohlfslab/abierly2/LongTR/longTR_pipeline_NA06989/NA06989.chrM.vcf.gz	0.000320 seconds
Concatenating /scratch/rohlfslab/abierly2/LongTR/longTR_pipeline_NA06989/NA06989.chrX.vcf.gz	1.311728 seconds
Concatenating /scratch/rohlfslab/abierly2/LongTR/longTR_pipeline_NA06989/NA06989.chrY.vcf.gz	0.000321 seconds
