Checking the headers and starting positions of 25 files
Concatenating /scratch/rohlfslab/abierly2/LongTR/longTR_pipeline_HG02681/HG02681.chr10.vcf.gz	0.548762 seconds
Concatenating /scratch/rohlfslab/abierly2/LongTR/longTR_pipeline_HG02681/HG02681.chr11.vcf.gz	0.545990 seconds
Concatenating /scratch/rohlfslab/abierly2/LongTR/longTR_pipeline_HG02681/HG02681.chr12.vcf.gz	0.556647 seconds
Concatenating /scratch/rohlfslab/abierly2/LongTR/longTR_pipeline_HG02681/HG02681.chr13.vcf.gz	0.371743 seconds
Concatenating /scratch/rohlfslab/abierly2/LongTR/longTR_pipeline_HG02681/HG02681.chr14.vcf.gz	0.375632 seconds
Concatenating /scratch/rohlfslab/abierly2/LongTR/longTR_pipeline_HG02681/HG02681.chr15.vcf.gz	0.349487 seconds
Concatenating /scratch/rohlfslab/abierly2/LongTR/longTR_pipeline_HG02681/HG02681.chr16.vcf.gz	0.360985 seconds
Concatenating /scratch/rohlfslab/abierly2/LongTR/longTR_pipeline_HG02681/HG02681.chr17.vcf.gz	0.389735 seconds
Concatenating /scratch/rohlfslab/abierly2/LongTR/longTR_pipeline_HG02681/HG02681.chr18.vcf.gz	0.264342 seconds
Concatenating /scratch/rohlfslab/abierly2/LongTR/longTR_pipeline_HG02681/HG02681.chr19.vcf.gz	0.309575 seconds
Concatenating /scratch/rohlfslab/abierly2/LongTR/longTR_pipeline_HG02681/HG02681.chr1.vcf.gz	0.986421 seconds
Concatenating /scratch/rohlfslab/abierly2/LongTR/longTR_pipeline_HG02681/HG02681.chr20.vcf.gz	0.244133 seconds
Concatenating /scratch/rohlfslab/abierly2/LongTR/longTR_pipeline_HG02681/HG02681.chr21.vcf.gz	0.130536 seconds
Concatenating /scratch/rohlfslab/abierly2/LongTR/longTR_pipeline_HG02681/HG02681.chr22.vcf.gz	0.171306 seconds
Concatenating /scratch/rohlfslab/abierly2/LongTR/longTR_pipeline_HG02681/HG02681.chr2.vcf.gz	1.002079 seconds
Concatenating /scratch/rohlfslab/abierly2/LongTR/longTR_pipeline_HG02681/HG02681.chr3.vcf.gz	0.788196 seconds
Concatenating /scratch/rohlfslab/abierly2/LongTR/longTR_pipeline_HG02681/HG02681.chr4.vcf.gz	0.714169 seconds
Concatenating /scratch/rohlfslab/abierly2/LongTR/longTR_pipeline_HG02681/HG02681.chr5.vcf.gz	0.693929 seconds
Concatenating /scratch/rohlfslab/abierly2/LongTR/longTR_pipeline_HG02681/HG02681.chr6.vcf.gz	0.697699 seconds
Concatenating /scratch/rohlfslab/abierly2/LongTR/longTR_pipeline_HG02681/HG02681.chr7.vcf.gz	0.643650 seconds
Concatenating /scratch/rohlfslab/abierly2/LongTR/longTR_pipeline_HG02681/HG02681.chr8.vcf.gz	0.559661 seconds
Concatenating /scratch/rohlfslab/abierly2/LongTR/longTR_pipeline_HG02681/HG02681.chr9.vcf.gz	0.474805 seconds
Concatenating /scratch/rohlfslab/abierly2/LongTR/longTR_pipeline_HG02681/HG02681.chrM.vcf.gz	0.000390 seconds
Concatenating /scratch/rohlfslab/abierly2/LongTR/longTR_pipeline_HG02681/HG02681.chrX.vcf.gz	0.050812 seconds
Concatenating /scratch/rohlfslab/abierly2/LongTR/longTR_pipeline_HG02681/HG02681.chrY.vcf.gz	0.002236 seconds
