Checking the headers and starting positions of 25 files
Concatenating /scratch/rohlfslab/abierly2/LongTR/longTR_pipeline_HG02291/HG02291.chr10.vcf.gz	1.230400 seconds
Concatenating /scratch/rohlfslab/abierly2/LongTR/longTR_pipeline_HG02291/HG02291.chr11.vcf.gz	1.172197 seconds
Concatenating /scratch/rohlfslab/abierly2/LongTR/longTR_pipeline_HG02291/HG02291.chr12.vcf.gz	1.213870 seconds
Concatenating /scratch/rohlfslab/abierly2/LongTR/longTR_pipeline_HG02291/HG02291.chr13.vcf.gz	0.814819 seconds
Concatenating /scratch/rohlfslab/abierly2/LongTR/longTR_pipeline_HG02291/HG02291.chr14.vcf.gz	0.772766 seconds
Concatenating /scratch/rohlfslab/abierly2/LongTR/longTR_pipeline_HG02291/HG02291.chr15.vcf.gz	0.720569 seconds
Concatenating /scratch/rohlfslab/abierly2/LongTR/longTR_pipeline_HG02291/HG02291.chr16.vcf.gz	0.747205 seconds
Concatenating /scratch/rohlfslab/abierly2/LongTR/longTR_pipeline_HG02291/HG02291.chr17.vcf.gz	0.786631 seconds
Concatenating /scratch/rohlfslab/abierly2/LongTR/longTR_pipeline_HG02291/HG02291.chr18.vcf.gz	0.591612 seconds
Concatenating /scratch/rohlfslab/abierly2/LongTR/longTR_pipeline_HG02291/HG02291.chr19.vcf.gz	0.672102 seconds
Concatenating /scratch/rohlfslab/abierly2/LongTR/longTR_pipeline_HG02291/HG02291.chr1.vcf.gz	2.156341 seconds
Concatenating /scratch/rohlfslab/abierly2/LongTR/longTR_pipeline_HG02291/HG02291.chr20.vcf.gz	0.505310 seconds
Concatenating /scratch/rohlfslab/abierly2/LongTR/longTR_pipeline_HG02291/HG02291.chr21.vcf.gz	0.293843 seconds
Concatenating /scratch/rohlfslab/abierly2/LongTR/longTR_pipeline_HG02291/HG02291.chr22.vcf.gz	0.351886 seconds
Concatenating /scratch/rohlfslab/abierly2/LongTR/longTR_pipeline_HG02291/HG02291.chr2.vcf.gz	2.116934 seconds
Concatenating /scratch/rohlfslab/abierly2/LongTR/longTR_pipeline_HG02291/HG02291.chr3.vcf.gz	1.684884 seconds
Concatenating /scratch/rohlfslab/abierly2/LongTR/longTR_pipeline_HG02291/HG02291.chr4.vcf.gz	1.601794 seconds
Concatenating /scratch/rohlfslab/abierly2/LongTR/longTR_pipeline_HG02291/HG02291.chr5.vcf.gz	1.519944 seconds
Concatenating /scratch/rohlfslab/abierly2/LongTR/longTR_pipeline_HG02291/HG02291.chr6.vcf.gz	1.449758 seconds
Concatenating /scratch/rohlfslab/abierly2/LongTR/longTR_pipeline_HG02291/HG02291.chr7.vcf.gz	1.384652 seconds
Concatenating /scratch/rohlfslab/abierly2/LongTR/longTR_pipeline_HG02291/HG02291.chr8.vcf.gz	1.220912 seconds
Concatenating /scratch/rohlfslab/abierly2/LongTR/longTR_pipeline_HG02291/HG02291.chr9.vcf.gz	1.043082 seconds
Concatenating /scratch/rohlfslab/abierly2/LongTR/longTR_pipeline_HG02291/HG02291.chrM.vcf.gz	0.000444 seconds
Concatenating /scratch/rohlfslab/abierly2/LongTR/longTR_pipeline_HG02291/HG02291.chrX.vcf.gz	0.394131 seconds
Concatenating /scratch/rohlfslab/abierly2/LongTR/longTR_pipeline_HG02291/HG02291.chrY.vcf.gz	0.018654 seconds
