Checking the headers and starting positions of 25 files
Concatenating /scratch/rohlfslab/abierly2/LongTR/longTR_pipeline_HG01119/HG01119.chr10.vcf.gz	1.260697 seconds
Concatenating /scratch/rohlfslab/abierly2/LongTR/longTR_pipeline_HG01119/HG01119.chr11.vcf.gz	1.202630 seconds
Concatenating /scratch/rohlfslab/abierly2/LongTR/longTR_pipeline_HG01119/HG01119.chr12.vcf.gz	1.270398 seconds
Concatenating /scratch/rohlfslab/abierly2/LongTR/longTR_pipeline_HG01119/HG01119.chr13.vcf.gz	0.877630 seconds
Concatenating /scratch/rohlfslab/abierly2/LongTR/longTR_pipeline_HG01119/HG01119.chr14.vcf.gz	0.834465 seconds
Concatenating /scratch/rohlfslab/abierly2/LongTR/longTR_pipeline_HG01119/HG01119.chr15.vcf.gz	0.779560 seconds
Concatenating /scratch/rohlfslab/abierly2/LongTR/longTR_pipeline_HG01119/HG01119.chr16.vcf.gz	0.826221 seconds
Concatenating /scratch/rohlfslab/abierly2/LongTR/longTR_pipeline_HG01119/HG01119.chr17.vcf.gz	0.852857 seconds
Concatenating /scratch/rohlfslab/abierly2/LongTR/longTR_pipeline_HG01119/HG01119.chr18.vcf.gz	0.633219 seconds
Concatenating /scratch/rohlfslab/abierly2/LongTR/longTR_pipeline_HG01119/HG01119.chr19.vcf.gz	0.704653 seconds
Concatenating /scratch/rohlfslab/abierly2/LongTR/longTR_pipeline_HG01119/HG01119.chr1.vcf.gz	2.246429 seconds
Concatenating /scratch/rohlfslab/abierly2/LongTR/longTR_pipeline_HG01119/HG01119.chr20.vcf.gz	0.529554 seconds
Concatenating /scratch/rohlfslab/abierly2/LongTR/longTR_pipeline_HG01119/HG01119.chr21.vcf.gz	0.303395 seconds
Concatenating /scratch/rohlfslab/abierly2/LongTR/longTR_pipeline_HG01119/HG01119.chr22.vcf.gz	0.370235 seconds
Concatenating /scratch/rohlfslab/abierly2/LongTR/longTR_pipeline_HG01119/HG01119.chr2.vcf.gz	2.244371 seconds
Concatenating /scratch/rohlfslab/abierly2/LongTR/longTR_pipeline_HG01119/HG01119.chr3.vcf.gz	1.786587 seconds
Concatenating /scratch/rohlfslab/abierly2/LongTR/longTR_pipeline_HG01119/HG01119.chr4.vcf.gz	1.711729 seconds
Concatenating /scratch/rohlfslab/abierly2/LongTR/longTR_pipeline_HG01119/HG01119.chr5.vcf.gz	1.623626 seconds
Concatenating /scratch/rohlfslab/abierly2/LongTR/longTR_pipeline_HG01119/HG01119.chr6.vcf.gz	1.560454 seconds
Concatenating /scratch/rohlfslab/abierly2/LongTR/longTR_pipeline_HG01119/HG01119.chr7.vcf.gz	1.508574 seconds
Concatenating /scratch/rohlfslab/abierly2/LongTR/longTR_pipeline_HG01119/HG01119.chr8.vcf.gz	1.314555 seconds
Concatenating /scratch/rohlfslab/abierly2/LongTR/longTR_pipeline_HG01119/HG01119.chr9.vcf.gz	1.108229 seconds
Concatenating /scratch/rohlfslab/abierly2/LongTR/longTR_pipeline_HG01119/HG01119.chrM.vcf.gz	0.000311 seconds
Concatenating /scratch/rohlfslab/abierly2/LongTR/longTR_pipeline_HG01119/HG01119.chrX.vcf.gz	1.356301 seconds
Concatenating /scratch/rohlfslab/abierly2/LongTR/longTR_pipeline_HG01119/HG01119.chrY.vcf.gz	0.000301 seconds
