Checking the headers and starting positions of 25 files
Concatenating /scratch/rohlfslab/abierly2/LongTR/longTR_pipeline_HG01345/HG01345.chr10.vcf.gz	1.118330 seconds
Concatenating /scratch/rohlfslab/abierly2/LongTR/longTR_pipeline_HG01345/HG01345.chr11.vcf.gz	1.066825 seconds
Concatenating /scratch/rohlfslab/abierly2/LongTR/longTR_pipeline_HG01345/HG01345.chr12.vcf.gz	1.136844 seconds
Concatenating /scratch/rohlfslab/abierly2/LongTR/longTR_pipeline_HG01345/HG01345.chr13.vcf.gz	0.778129 seconds
Concatenating /scratch/rohlfslab/abierly2/LongTR/longTR_pipeline_HG01345/HG01345.chr14.vcf.gz	0.739029 seconds
Concatenating /scratch/rohlfslab/abierly2/LongTR/longTR_pipeline_HG01345/HG01345.chr15.vcf.gz	0.687285 seconds
Concatenating /scratch/rohlfslab/abierly2/LongTR/longTR_pipeline_HG01345/HG01345.chr16.vcf.gz	0.713120 seconds
Concatenating /scratch/rohlfslab/abierly2/LongTR/longTR_pipeline_HG01345/HG01345.chr17.vcf.gz	0.755340 seconds
Concatenating /scratch/rohlfslab/abierly2/LongTR/longTR_pipeline_HG01345/HG01345.chr18.vcf.gz	0.554287 seconds
Concatenating /scratch/rohlfslab/abierly2/LongTR/longTR_pipeline_HG01345/HG01345.chr19.vcf.gz	0.630527 seconds
Concatenating /scratch/rohlfslab/abierly2/LongTR/longTR_pipeline_HG01345/HG01345.chr1.vcf.gz	1.974024 seconds
Concatenating /scratch/rohlfslab/abierly2/LongTR/longTR_pipeline_HG01345/HG01345.chr20.vcf.gz	0.476303 seconds
Concatenating /scratch/rohlfslab/abierly2/LongTR/longTR_pipeline_HG01345/HG01345.chr21.vcf.gz	0.278569 seconds
Concatenating /scratch/rohlfslab/abierly2/LongTR/longTR_pipeline_HG01345/HG01345.chr22.vcf.gz	0.333556 seconds
Concatenating /scratch/rohlfslab/abierly2/LongTR/longTR_pipeline_HG01345/HG01345.chr2.vcf.gz	1.994056 seconds
Concatenating /scratch/rohlfslab/abierly2/LongTR/longTR_pipeline_HG01345/HG01345.chr3.vcf.gz	1.601967 seconds
Concatenating /scratch/rohlfslab/abierly2/LongTR/longTR_pipeline_HG01345/HG01345.chr4.vcf.gz	1.517083 seconds
Concatenating /scratch/rohlfslab/abierly2/LongTR/longTR_pipeline_HG01345/HG01345.chr5.vcf.gz	1.432342 seconds
Concatenating /scratch/rohlfslab/abierly2/LongTR/longTR_pipeline_HG01345/HG01345.chr6.vcf.gz	1.389401 seconds
Concatenating /scratch/rohlfslab/abierly2/LongTR/longTR_pipeline_HG01345/HG01345.chr7.vcf.gz	1.315470 seconds
Concatenating /scratch/rohlfslab/abierly2/LongTR/longTR_pipeline_HG01345/HG01345.chr8.vcf.gz	1.160802 seconds
Concatenating /scratch/rohlfslab/abierly2/LongTR/longTR_pipeline_HG01345/HG01345.chr9.vcf.gz	0.980177 seconds
Concatenating /scratch/rohlfslab/abierly2/LongTR/longTR_pipeline_HG01345/HG01345.chrM.vcf.gz	0.000368 seconds
Concatenating /scratch/rohlfslab/abierly2/LongTR/longTR_pipeline_HG01345/HG01345.chrX.vcf.gz	1.170250 seconds
Concatenating /scratch/rohlfslab/abierly2/LongTR/longTR_pipeline_HG01345/HG01345.chrY.vcf.gz	0.000356 seconds
