Checking the headers and starting positions of 25 files
Concatenating /scratch/rohlfslab/abierly2/LongTR/longTR_pipeline_NA19068/NA19068.chr10.vcf.gz	0.749390 seconds
Concatenating /scratch/rohlfslab/abierly2/LongTR/longTR_pipeline_NA19068/NA19068.chr11.vcf.gz	0.705573 seconds
Concatenating /scratch/rohlfslab/abierly2/LongTR/longTR_pipeline_NA19068/NA19068.chr12.vcf.gz	0.745094 seconds
Concatenating /scratch/rohlfslab/abierly2/LongTR/longTR_pipeline_NA19068/NA19068.chr13.vcf.gz	0.514956 seconds
Concatenating /scratch/rohlfslab/abierly2/LongTR/longTR_pipeline_NA19068/NA19068.chr14.vcf.gz	0.502008 seconds
Concatenating /scratch/rohlfslab/abierly2/LongTR/longTR_pipeline_NA19068/NA19068.chr15.vcf.gz	0.461913 seconds
Concatenating /scratch/rohlfslab/abierly2/LongTR/longTR_pipeline_NA19068/NA19068.chr16.vcf.gz	0.455836 seconds
Concatenating /scratch/rohlfslab/abierly2/LongTR/longTR_pipeline_NA19068/NA19068.chr17.vcf.gz	0.475220 seconds
Concatenating /scratch/rohlfslab/abierly2/LongTR/longTR_pipeline_NA19068/NA19068.chr18.vcf.gz	0.365947 seconds
Concatenating /scratch/rohlfslab/abierly2/LongTR/longTR_pipeline_NA19068/NA19068.chr19.vcf.gz	0.372356 seconds
Concatenating /scratch/rohlfslab/abierly2/LongTR/longTR_pipeline_NA19068/NA19068.chr1.vcf.gz	1.326716 seconds
Concatenating /scratch/rohlfslab/abierly2/LongTR/longTR_pipeline_NA19068/NA19068.chr20.vcf.gz	0.324727 seconds
Concatenating /scratch/rohlfslab/abierly2/LongTR/longTR_pipeline_NA19068/NA19068.chr21.vcf.gz	0.180077 seconds
Concatenating /scratch/rohlfslab/abierly2/LongTR/longTR_pipeline_NA19068/NA19068.chr22.vcf.gz	0.213009 seconds
Concatenating /scratch/rohlfslab/abierly2/LongTR/longTR_pipeline_NA19068/NA19068.chr2.vcf.gz	1.324228 seconds
Concatenating /scratch/rohlfslab/abierly2/LongTR/longTR_pipeline_NA19068/NA19068.chr3.vcf.gz	1.067279 seconds
Concatenating /scratch/rohlfslab/abierly2/LongTR/longTR_pipeline_NA19068/NA19068.chr4.vcf.gz	1.018751 seconds
Concatenating /scratch/rohlfslab/abierly2/LongTR/longTR_pipeline_NA19068/NA19068.chr5.vcf.gz	0.947103 seconds
Concatenating /scratch/rohlfslab/abierly2/LongTR/longTR_pipeline_NA19068/NA19068.chr6.vcf.gz	0.926210 seconds
Concatenating /scratch/rohlfslab/abierly2/LongTR/longTR_pipeline_NA19068/NA19068.chr7.vcf.gz	0.890178 seconds
Concatenating /scratch/rohlfslab/abierly2/LongTR/longTR_pipeline_NA19068/NA19068.chr8.vcf.gz	0.766115 seconds
Concatenating /scratch/rohlfslab/abierly2/LongTR/longTR_pipeline_NA19068/NA19068.chr9.vcf.gz	0.642287 seconds
Concatenating /scratch/rohlfslab/abierly2/LongTR/longTR_pipeline_NA19068/NA19068.chrM.vcf.gz	0.000313 seconds
Concatenating /scratch/rohlfslab/abierly2/LongTR/longTR_pipeline_NA19068/NA19068.chrX.vcf.gz	0.080655 seconds
Concatenating /scratch/rohlfslab/abierly2/LongTR/longTR_pipeline_NA19068/NA19068.chrY.vcf.gz	0.004189 seconds
