Checking the headers and starting positions of 25 files
Concatenating /scratch/rohlfslab/abierly2/LongTR/longTR_pipeline_HG01060/HG01060.chr10.vcf.gz	1.233296 seconds
Concatenating /scratch/rohlfslab/abierly2/LongTR/longTR_pipeline_HG01060/HG01060.chr11.vcf.gz	1.171628 seconds
Concatenating /scratch/rohlfslab/abierly2/LongTR/longTR_pipeline_HG01060/HG01060.chr12.vcf.gz	1.241811 seconds
Concatenating /scratch/rohlfslab/abierly2/LongTR/longTR_pipeline_HG01060/HG01060.chr13.vcf.gz	0.856517 seconds
Concatenating /scratch/rohlfslab/abierly2/LongTR/longTR_pipeline_HG01060/HG01060.chr14.vcf.gz	0.807453 seconds
Concatenating /scratch/rohlfslab/abierly2/LongTR/longTR_pipeline_HG01060/HG01060.chr15.vcf.gz	0.764361 seconds
Concatenating /scratch/rohlfslab/abierly2/LongTR/longTR_pipeline_HG01060/HG01060.chr16.vcf.gz	0.801525 seconds
Concatenating /scratch/rohlfslab/abierly2/LongTR/longTR_pipeline_HG01060/HG01060.chr17.vcf.gz	0.831342 seconds
Concatenating /scratch/rohlfslab/abierly2/LongTR/longTR_pipeline_HG01060/HG01060.chr18.vcf.gz	0.617348 seconds
Concatenating /scratch/rohlfslab/abierly2/LongTR/longTR_pipeline_HG01060/HG01060.chr19.vcf.gz	0.689752 seconds
Concatenating /scratch/rohlfslab/abierly2/LongTR/longTR_pipeline_HG01060/HG01060.chr1.vcf.gz	2.189182 seconds
Concatenating /scratch/rohlfslab/abierly2/LongTR/longTR_pipeline_HG01060/HG01060.chr20.vcf.gz	0.515607 seconds
Concatenating /scratch/rohlfslab/abierly2/LongTR/longTR_pipeline_HG01060/HG01060.chr21.vcf.gz	0.299675 seconds
Concatenating /scratch/rohlfslab/abierly2/LongTR/longTR_pipeline_HG01060/HG01060.chr22.vcf.gz	0.363438 seconds
Concatenating /scratch/rohlfslab/abierly2/LongTR/longTR_pipeline_HG01060/HG01060.chr2.vcf.gz	2.210697 seconds
Concatenating /scratch/rohlfslab/abierly2/LongTR/longTR_pipeline_HG01060/HG01060.chr3.vcf.gz	1.744933 seconds
Concatenating /scratch/rohlfslab/abierly2/LongTR/longTR_pipeline_HG01060/HG01060.chr4.vcf.gz	1.675280 seconds
Concatenating /scratch/rohlfslab/abierly2/LongTR/longTR_pipeline_HG01060/HG01060.chr5.vcf.gz	1.591441 seconds
Concatenating /scratch/rohlfslab/abierly2/LongTR/longTR_pipeline_HG01060/HG01060.chr6.vcf.gz	1.585790 seconds
Concatenating /scratch/rohlfslab/abierly2/LongTR/longTR_pipeline_HG01060/HG01060.chr7.vcf.gz	1.469688 seconds
Concatenating /scratch/rohlfslab/abierly2/LongTR/longTR_pipeline_HG01060/HG01060.chr8.vcf.gz	1.274352 seconds
Concatenating /scratch/rohlfslab/abierly2/LongTR/longTR_pipeline_HG01060/HG01060.chr9.vcf.gz	1.079547 seconds
Concatenating /scratch/rohlfslab/abierly2/LongTR/longTR_pipeline_HG01060/HG01060.chrM.vcf.gz	0.000334 seconds
Concatenating /scratch/rohlfslab/abierly2/LongTR/longTR_pipeline_HG01060/HG01060.chrX.vcf.gz	0.759529 seconds
Concatenating /scratch/rohlfslab/abierly2/LongTR/longTR_pipeline_HG01060/HG01060.chrY.vcf.gz	0.038427 seconds
