Checking the headers and starting positions of 25 files
Concatenating /scratch/rohlfslab/abierly2/LongTR/longTR_pipeline_HG03741/HG03741.chr10.vcf.gz	0.612018 seconds
Concatenating /scratch/rohlfslab/abierly2/LongTR/longTR_pipeline_HG03741/HG03741.chr11.vcf.gz	0.589228 seconds
Concatenating /scratch/rohlfslab/abierly2/LongTR/longTR_pipeline_HG03741/HG03741.chr12.vcf.gz	0.633146 seconds
Concatenating /scratch/rohlfslab/abierly2/LongTR/longTR_pipeline_HG03741/HG03741.chr13.vcf.gz	0.435639 seconds
Concatenating /scratch/rohlfslab/abierly2/LongTR/longTR_pipeline_HG03741/HG03741.chr14.vcf.gz	0.412961 seconds
Concatenating /scratch/rohlfslab/abierly2/LongTR/longTR_pipeline_HG03741/HG03741.chr15.vcf.gz	0.384538 seconds
Concatenating /scratch/rohlfslab/abierly2/LongTR/longTR_pipeline_HG03741/HG03741.chr16.vcf.gz	0.356777 seconds
Concatenating /scratch/rohlfslab/abierly2/LongTR/longTR_pipeline_HG03741/HG03741.chr17.vcf.gz	0.383922 seconds
Concatenating /scratch/rohlfslab/abierly2/LongTR/longTR_pipeline_HG03741/HG03741.chr18.vcf.gz	0.317744 seconds
Concatenating /scratch/rohlfslab/abierly2/LongTR/longTR_pipeline_HG03741/HG03741.chr19.vcf.gz	0.281610 seconds
Concatenating /scratch/rohlfslab/abierly2/LongTR/longTR_pipeline_HG03741/HG03741.chr1.vcf.gz	1.113759 seconds
Concatenating /scratch/rohlfslab/abierly2/LongTR/longTR_pipeline_HG03741/HG03741.chr20.vcf.gz	0.250323 seconds
Concatenating /scratch/rohlfslab/abierly2/LongTR/longTR_pipeline_HG03741/HG03741.chr21.vcf.gz	0.144493 seconds
Concatenating /scratch/rohlfslab/abierly2/LongTR/longTR_pipeline_HG03741/HG03741.chr22.vcf.gz	0.161775 seconds
Concatenating /scratch/rohlfslab/abierly2/LongTR/longTR_pipeline_HG03741/HG03741.chr2.vcf.gz	1.122131 seconds
Concatenating /scratch/rohlfslab/abierly2/LongTR/longTR_pipeline_HG03741/HG03741.chr3.vcf.gz	0.920708 seconds
Concatenating /scratch/rohlfslab/abierly2/LongTR/longTR_pipeline_HG03741/HG03741.chr4.vcf.gz	0.838318 seconds
Concatenating /scratch/rohlfslab/abierly2/LongTR/longTR_pipeline_HG03741/HG03741.chr5.vcf.gz	0.819140 seconds
Concatenating /scratch/rohlfslab/abierly2/LongTR/longTR_pipeline_HG03741/HG03741.chr6.vcf.gz	0.788075 seconds
Concatenating /scratch/rohlfslab/abierly2/LongTR/longTR_pipeline_HG03741/HG03741.chr7.vcf.gz	0.732953 seconds
Concatenating /scratch/rohlfslab/abierly2/LongTR/longTR_pipeline_HG03741/HG03741.chr8.vcf.gz	0.630864 seconds
Concatenating /scratch/rohlfslab/abierly2/LongTR/longTR_pipeline_HG03741/HG03741.chr9.vcf.gz	0.534835 seconds
Concatenating /scratch/rohlfslab/abierly2/LongTR/longTR_pipeline_HG03741/HG03741.chrM.vcf.gz	0.000282 seconds
Concatenating /scratch/rohlfslab/abierly2/LongTR/longTR_pipeline_HG03741/HG03741.chrX.vcf.gz	0.606994 seconds
Concatenating /scratch/rohlfslab/abierly2/LongTR/longTR_pipeline_HG03741/HG03741.chrY.vcf.gz	0.000300 seconds
