Checking the headers and starting positions of 25 files
Concatenating /scratch/rohlfslab/abierly2/LongTR/longTR_pipeline_HG02156/HG02156.chr10.vcf.gz	1.132878 seconds
Concatenating /scratch/rohlfslab/abierly2/LongTR/longTR_pipeline_HG02156/HG02156.chr11.vcf.gz	1.061995 seconds
Concatenating /scratch/rohlfslab/abierly2/LongTR/longTR_pipeline_HG02156/HG02156.chr12.vcf.gz	1.150013 seconds
Concatenating /scratch/rohlfslab/abierly2/LongTR/longTR_pipeline_HG02156/HG02156.chr13.vcf.gz	0.775681 seconds
Concatenating /scratch/rohlfslab/abierly2/LongTR/longTR_pipeline_HG02156/HG02156.chr14.vcf.gz	0.739452 seconds
Concatenating /scratch/rohlfslab/abierly2/LongTR/longTR_pipeline_HG02156/HG02156.chr15.vcf.gz	0.694767 seconds
Concatenating /scratch/rohlfslab/abierly2/LongTR/longTR_pipeline_HG02156/HG02156.chr16.vcf.gz	0.709469 seconds
Concatenating /scratch/rohlfslab/abierly2/LongTR/longTR_pipeline_HG02156/HG02156.chr17.vcf.gz	0.753390 seconds
Concatenating /scratch/rohlfslab/abierly2/LongTR/longTR_pipeline_HG02156/HG02156.chr18.vcf.gz	0.568392 seconds
Concatenating /scratch/rohlfslab/abierly2/LongTR/longTR_pipeline_HG02156/HG02156.chr19.vcf.gz	0.616082 seconds
Concatenating /scratch/rohlfslab/abierly2/LongTR/longTR_pipeline_HG02156/HG02156.chr1.vcf.gz	1.991220 seconds
Concatenating /scratch/rohlfslab/abierly2/LongTR/longTR_pipeline_HG02156/HG02156.chr20.vcf.gz	0.470873 seconds
Concatenating /scratch/rohlfslab/abierly2/LongTR/longTR_pipeline_HG02156/HG02156.chr21.vcf.gz	0.271847 seconds
Concatenating /scratch/rohlfslab/abierly2/LongTR/longTR_pipeline_HG02156/HG02156.chr22.vcf.gz	0.329385 seconds
Concatenating /scratch/rohlfslab/abierly2/LongTR/longTR_pipeline_HG02156/HG02156.chr2.vcf.gz	2.020355 seconds
Concatenating /scratch/rohlfslab/abierly2/LongTR/longTR_pipeline_HG02156/HG02156.chr3.vcf.gz	1.585407 seconds
Concatenating /scratch/rohlfslab/abierly2/LongTR/longTR_pipeline_HG02156/HG02156.chr4.vcf.gz	1.519654 seconds
Concatenating /scratch/rohlfslab/abierly2/LongTR/longTR_pipeline_HG02156/HG02156.chr5.vcf.gz	1.445840 seconds
Concatenating /scratch/rohlfslab/abierly2/LongTR/longTR_pipeline_HG02156/HG02156.chr6.vcf.gz	1.398336 seconds
Concatenating /scratch/rohlfslab/abierly2/LongTR/longTR_pipeline_HG02156/HG02156.chr7.vcf.gz	1.338258 seconds
Concatenating /scratch/rohlfslab/abierly2/LongTR/longTR_pipeline_HG02156/HG02156.chr8.vcf.gz	1.187004 seconds
Concatenating /scratch/rohlfslab/abierly2/LongTR/longTR_pipeline_HG02156/HG02156.chr9.vcf.gz	0.999112 seconds
Concatenating /scratch/rohlfslab/abierly2/LongTR/longTR_pipeline_HG02156/HG02156.chrM.vcf.gz	0.000373 seconds
Concatenating /scratch/rohlfslab/abierly2/LongTR/longTR_pipeline_HG02156/HG02156.chrX.vcf.gz	1.197920 seconds
Concatenating /scratch/rohlfslab/abierly2/LongTR/longTR_pipeline_HG02156/HG02156.chrY.vcf.gz	0.000356 seconds
