Checking the headers and starting positions of 25 files
Concatenating /scratch/rohlfslab/abierly2/LongTR/longTR_pipeline_HG00551/HG00551.chr10.vcf.gz	1.238983 seconds
Concatenating /scratch/rohlfslab/abierly2/LongTR/longTR_pipeline_HG00551/HG00551.chr11.vcf.gz	1.186648 seconds
Concatenating /scratch/rohlfslab/abierly2/LongTR/longTR_pipeline_HG00551/HG00551.chr12.vcf.gz	1.256545 seconds
Concatenating /scratch/rohlfslab/abierly2/LongTR/longTR_pipeline_HG00551/HG00551.chr13.vcf.gz	0.862536 seconds
Concatenating /scratch/rohlfslab/abierly2/LongTR/longTR_pipeline_HG00551/HG00551.chr14.vcf.gz	0.820614 seconds
Concatenating /scratch/rohlfslab/abierly2/LongTR/longTR_pipeline_HG00551/HG00551.chr15.vcf.gz	0.767846 seconds
Concatenating /scratch/rohlfslab/abierly2/LongTR/longTR_pipeline_HG00551/HG00551.chr16.vcf.gz	0.803210 seconds
Concatenating /scratch/rohlfslab/abierly2/LongTR/longTR_pipeline_HG00551/HG00551.chr17.vcf.gz	0.842556 seconds
Concatenating /scratch/rohlfslab/abierly2/LongTR/longTR_pipeline_HG00551/HG00551.chr18.vcf.gz	0.623477 seconds
Concatenating /scratch/rohlfslab/abierly2/LongTR/longTR_pipeline_HG00551/HG00551.chr19.vcf.gz	0.703240 seconds
Concatenating /scratch/rohlfslab/abierly2/LongTR/longTR_pipeline_HG00551/HG00551.chr1.vcf.gz	2.215204 seconds
Concatenating /scratch/rohlfslab/abierly2/LongTR/longTR_pipeline_HG00551/HG00551.chr20.vcf.gz	0.520692 seconds
Concatenating /scratch/rohlfslab/abierly2/LongTR/longTR_pipeline_HG00551/HG00551.chr21.vcf.gz	0.302047 seconds
Concatenating /scratch/rohlfslab/abierly2/LongTR/longTR_pipeline_HG00551/HG00551.chr22.vcf.gz	0.365882 seconds
Concatenating /scratch/rohlfslab/abierly2/LongTR/longTR_pipeline_HG00551/HG00551.chr2.vcf.gz	2.212109 seconds
Concatenating /scratch/rohlfslab/abierly2/LongTR/longTR_pipeline_HG00551/HG00551.chr3.vcf.gz	1.781730 seconds
Concatenating /scratch/rohlfslab/abierly2/LongTR/longTR_pipeline_HG00551/HG00551.chr4.vcf.gz	1.695266 seconds
Concatenating /scratch/rohlfslab/abierly2/LongTR/longTR_pipeline_HG00551/HG00551.chr5.vcf.gz	1.600102 seconds
Concatenating /scratch/rohlfslab/abierly2/LongTR/longTR_pipeline_HG00551/HG00551.chr6.vcf.gz	1.545093 seconds
Concatenating /scratch/rohlfslab/abierly2/LongTR/longTR_pipeline_HG00551/HG00551.chr7.vcf.gz	1.484709 seconds
Concatenating /scratch/rohlfslab/abierly2/LongTR/longTR_pipeline_HG00551/HG00551.chr8.vcf.gz	1.288397 seconds
Concatenating /scratch/rohlfslab/abierly2/LongTR/longTR_pipeline_HG00551/HG00551.chr9.vcf.gz	1.089317 seconds
Concatenating /scratch/rohlfslab/abierly2/LongTR/longTR_pipeline_HG00551/HG00551.chrM.vcf.gz	0.001293 seconds
Concatenating /scratch/rohlfslab/abierly2/LongTR/longTR_pipeline_HG00551/HG00551.chrX.vcf.gz	1.326082 seconds
Concatenating /scratch/rohlfslab/abierly2/LongTR/longTR_pipeline_HG00551/HG00551.chrY.vcf.gz	0.000397 seconds
