Checking the headers and starting positions of 25 files
Concatenating /scratch/rohlfslab/abierly2/LongTR/longTR_pipeline_HG03973/HG03973.chr10.vcf.gz	1.226069 seconds
Concatenating /scratch/rohlfslab/abierly2/LongTR/longTR_pipeline_HG03973/HG03973.chr11.vcf.gz	1.170591 seconds
Concatenating /scratch/rohlfslab/abierly2/LongTR/longTR_pipeline_HG03973/HG03973.chr12.vcf.gz	1.242458 seconds
Concatenating /scratch/rohlfslab/abierly2/LongTR/longTR_pipeline_HG03973/HG03973.chr13.vcf.gz	0.851978 seconds
Concatenating /scratch/rohlfslab/abierly2/LongTR/longTR_pipeline_HG03973/HG03973.chr14.vcf.gz	0.812707 seconds
Concatenating /scratch/rohlfslab/abierly2/LongTR/longTR_pipeline_HG03973/HG03973.chr15.vcf.gz	0.763640 seconds
Concatenating /scratch/rohlfslab/abierly2/LongTR/longTR_pipeline_HG03973/HG03973.chr16.vcf.gz	0.788126 seconds
Concatenating /scratch/rohlfslab/abierly2/LongTR/longTR_pipeline_HG03973/HG03973.chr17.vcf.gz	0.827669 seconds
Concatenating /scratch/rohlfslab/abierly2/LongTR/longTR_pipeline_HG03973/HG03973.chr18.vcf.gz	0.615941 seconds
Concatenating /scratch/rohlfslab/abierly2/LongTR/longTR_pipeline_HG03973/HG03973.chr19.vcf.gz	0.679301 seconds
Concatenating /scratch/rohlfslab/abierly2/LongTR/longTR_pipeline_HG03973/HG03973.chr1.vcf.gz	2.191620 seconds
Concatenating /scratch/rohlfslab/abierly2/LongTR/longTR_pipeline_HG03973/HG03973.chr20.vcf.gz	0.522148 seconds
Concatenating /scratch/rohlfslab/abierly2/LongTR/longTR_pipeline_HG03973/HG03973.chr21.vcf.gz	0.296285 seconds
Concatenating /scratch/rohlfslab/abierly2/LongTR/longTR_pipeline_HG03973/HG03973.chr22.vcf.gz	0.362242 seconds
Concatenating /scratch/rohlfslab/abierly2/LongTR/longTR_pipeline_HG03973/HG03973.chr2.vcf.gz	2.185133 seconds
Concatenating /scratch/rohlfslab/abierly2/LongTR/longTR_pipeline_HG03973/HG03973.chr3.vcf.gz	1.740185 seconds
Concatenating /scratch/rohlfslab/abierly2/LongTR/longTR_pipeline_HG03973/HG03973.chr4.vcf.gz	1.662690 seconds
Concatenating /scratch/rohlfslab/abierly2/LongTR/longTR_pipeline_HG03973/HG03973.chr5.vcf.gz	1.579784 seconds
Concatenating /scratch/rohlfslab/abierly2/LongTR/longTR_pipeline_HG03973/HG03973.chr6.vcf.gz	1.524342 seconds
Concatenating /scratch/rohlfslab/abierly2/LongTR/longTR_pipeline_HG03973/HG03973.chr7.vcf.gz	1.464489 seconds
Concatenating /scratch/rohlfslab/abierly2/LongTR/longTR_pipeline_HG03973/HG03973.chr8.vcf.gz	1.269468 seconds
Concatenating /scratch/rohlfslab/abierly2/LongTR/longTR_pipeline_HG03973/HG03973.chr9.vcf.gz	1.086057 seconds
Concatenating /scratch/rohlfslab/abierly2/LongTR/longTR_pipeline_HG03973/HG03973.chrM.vcf.gz	0.000317 seconds
Concatenating /scratch/rohlfslab/abierly2/LongTR/longTR_pipeline_HG03973/HG03973.chrX.vcf.gz	1.319314 seconds
Concatenating /scratch/rohlfslab/abierly2/LongTR/longTR_pipeline_HG03973/HG03973.chrY.vcf.gz	0.000321 seconds
