Checking the headers and starting positions of 25 files
Concatenating /scratch/rohlfslab/abierly2/LongTR/longTR_pipeline_HG02079/HG02079.chr10.vcf.gz	1.220587 seconds
Concatenating /scratch/rohlfslab/abierly2/LongTR/longTR_pipeline_HG02079/HG02079.chr11.vcf.gz	1.199401 seconds
Concatenating /scratch/rohlfslab/abierly2/LongTR/longTR_pipeline_HG02079/HG02079.chr12.vcf.gz	1.237643 seconds
Concatenating /scratch/rohlfslab/abierly2/LongTR/longTR_pipeline_HG02079/HG02079.chr13.vcf.gz	0.861232 seconds
Concatenating /scratch/rohlfslab/abierly2/LongTR/longTR_pipeline_HG02079/HG02079.chr14.vcf.gz	0.815739 seconds
Concatenating /scratch/rohlfslab/abierly2/LongTR/longTR_pipeline_HG02079/HG02079.chr15.vcf.gz	0.766285 seconds
Concatenating /scratch/rohlfslab/abierly2/LongTR/longTR_pipeline_HG02079/HG02079.chr16.vcf.gz	0.787828 seconds
Concatenating /scratch/rohlfslab/abierly2/LongTR/longTR_pipeline_HG02079/HG02079.chr17.vcf.gz	0.830462 seconds
Concatenating /scratch/rohlfslab/abierly2/LongTR/longTR_pipeline_HG02079/HG02079.chr18.vcf.gz	0.617920 seconds
Concatenating /scratch/rohlfslab/abierly2/LongTR/longTR_pipeline_HG02079/HG02079.chr19.vcf.gz	0.683129 seconds
Concatenating /scratch/rohlfslab/abierly2/LongTR/longTR_pipeline_HG02079/HG02079.chr1.vcf.gz	2.180737 seconds
Concatenating /scratch/rohlfslab/abierly2/LongTR/longTR_pipeline_HG02079/HG02079.chr20.vcf.gz	0.514054 seconds
Concatenating /scratch/rohlfslab/abierly2/LongTR/longTR_pipeline_HG02079/HG02079.chr21.vcf.gz	0.298420 seconds
Concatenating /scratch/rohlfslab/abierly2/LongTR/longTR_pipeline_HG02079/HG02079.chr22.vcf.gz	0.360916 seconds
Concatenating /scratch/rohlfslab/abierly2/LongTR/longTR_pipeline_HG02079/HG02079.chr2.vcf.gz	2.197124 seconds
Concatenating /scratch/rohlfslab/abierly2/LongTR/longTR_pipeline_HG02079/HG02079.chr3.vcf.gz	1.755544 seconds
Concatenating /scratch/rohlfslab/abierly2/LongTR/longTR_pipeline_HG02079/HG02079.chr4.vcf.gz	1.691207 seconds
Concatenating /scratch/rohlfslab/abierly2/LongTR/longTR_pipeline_HG02079/HG02079.chr5.vcf.gz	1.590894 seconds
Concatenating /scratch/rohlfslab/abierly2/LongTR/longTR_pipeline_HG02079/HG02079.chr6.vcf.gz	1.556122 seconds
Concatenating /scratch/rohlfslab/abierly2/LongTR/longTR_pipeline_HG02079/HG02079.chr7.vcf.gz	1.500988 seconds
Concatenating /scratch/rohlfslab/abierly2/LongTR/longTR_pipeline_HG02079/HG02079.chr8.vcf.gz	1.289476 seconds
Concatenating /scratch/rohlfslab/abierly2/LongTR/longTR_pipeline_HG02079/HG02079.chr9.vcf.gz	1.096633 seconds
Concatenating /scratch/rohlfslab/abierly2/LongTR/longTR_pipeline_HG02079/HG02079.chrM.vcf.gz	0.000328 seconds
Concatenating /scratch/rohlfslab/abierly2/LongTR/longTR_pipeline_HG02079/HG02079.chrX.vcf.gz	0.647763 seconds
Concatenating /scratch/rohlfslab/abierly2/LongTR/longTR_pipeline_HG02079/HG02079.chrY.vcf.gz	0.032416 seconds
