Checking the headers and starting positions of 25 files
Concatenating /scratch/rohlfslab/abierly2/LongTR/longTR_pipeline_HG01489/HG01489.chr10.vcf.gz	1.188947 seconds
Concatenating /scratch/rohlfslab/abierly2/LongTR/longTR_pipeline_HG01489/HG01489.chr11.vcf.gz	1.139629 seconds
Concatenating /scratch/rohlfslab/abierly2/LongTR/longTR_pipeline_HG01489/HG01489.chr12.vcf.gz	1.195433 seconds
Concatenating /scratch/rohlfslab/abierly2/LongTR/longTR_pipeline_HG01489/HG01489.chr13.vcf.gz	0.827760 seconds
Concatenating /scratch/rohlfslab/abierly2/LongTR/longTR_pipeline_HG01489/HG01489.chr14.vcf.gz	0.793916 seconds
Concatenating /scratch/rohlfslab/abierly2/LongTR/longTR_pipeline_HG01489/HG01489.chr15.vcf.gz	0.735984 seconds
Concatenating /scratch/rohlfslab/abierly2/LongTR/longTR_pipeline_HG01489/HG01489.chr16.vcf.gz	0.779060 seconds
Concatenating /scratch/rohlfslab/abierly2/LongTR/longTR_pipeline_HG01489/HG01489.chr17.vcf.gz	0.801219 seconds
Concatenating /scratch/rohlfslab/abierly2/LongTR/longTR_pipeline_HG01489/HG01489.chr18.vcf.gz	0.593765 seconds
Concatenating /scratch/rohlfslab/abierly2/LongTR/longTR_pipeline_HG01489/HG01489.chr19.vcf.gz	0.659813 seconds
Concatenating /scratch/rohlfslab/abierly2/LongTR/longTR_pipeline_HG01489/HG01489.chr1.vcf.gz	2.116341 seconds
Concatenating /scratch/rohlfslab/abierly2/LongTR/longTR_pipeline_HG01489/HG01489.chr20.vcf.gz	0.495900 seconds
Concatenating /scratch/rohlfslab/abierly2/LongTR/longTR_pipeline_HG01489/HG01489.chr21.vcf.gz	0.284772 seconds
Concatenating /scratch/rohlfslab/abierly2/LongTR/longTR_pipeline_HG01489/HG01489.chr22.vcf.gz	0.349624 seconds
Concatenating /scratch/rohlfslab/abierly2/LongTR/longTR_pipeline_HG01489/HG01489.chr2.vcf.gz	2.112439 seconds
Concatenating /scratch/rohlfslab/abierly2/LongTR/longTR_pipeline_HG01489/HG01489.chr3.vcf.gz	1.709928 seconds
Concatenating /scratch/rohlfslab/abierly2/LongTR/longTR_pipeline_HG01489/HG01489.chr4.vcf.gz	1.616935 seconds
Concatenating /scratch/rohlfslab/abierly2/LongTR/longTR_pipeline_HG01489/HG01489.chr5.vcf.gz	1.535696 seconds
Concatenating /scratch/rohlfslab/abierly2/LongTR/longTR_pipeline_HG01489/HG01489.chr6.vcf.gz	1.475033 seconds
Concatenating /scratch/rohlfslab/abierly2/LongTR/longTR_pipeline_HG01489/HG01489.chr7.vcf.gz	1.414579 seconds
Concatenating /scratch/rohlfslab/abierly2/LongTR/longTR_pipeline_HG01489/HG01489.chr8.vcf.gz	1.231038 seconds
Concatenating /scratch/rohlfslab/abierly2/LongTR/longTR_pipeline_HG01489/HG01489.chr9.vcf.gz	1.040824 seconds
Concatenating /scratch/rohlfslab/abierly2/LongTR/longTR_pipeline_HG01489/HG01489.chrM.vcf.gz	0.000304 seconds
Concatenating /scratch/rohlfslab/abierly2/LongTR/longTR_pipeline_HG01489/HG01489.chrX.vcf.gz	1.270665 seconds
Concatenating /scratch/rohlfslab/abierly2/LongTR/longTR_pipeline_HG01489/HG01489.chrY.vcf.gz	0.000301 seconds
