Checking the headers and starting positions of 25 files
Concatenating /scratch/rohlfslab/abierly2/LongTR/longTR_pipeline_HG04227/HG04227.chr10.vcf.gz	1.094308 seconds
Concatenating /scratch/rohlfslab/abierly2/LongTR/longTR_pipeline_HG04227/HG04227.chr11.vcf.gz	1.039347 seconds
Concatenating /scratch/rohlfslab/abierly2/LongTR/longTR_pipeline_HG04227/HG04227.chr12.vcf.gz	1.177266 seconds
Concatenating /scratch/rohlfslab/abierly2/LongTR/longTR_pipeline_HG04227/HG04227.chr13.vcf.gz	0.765941 seconds
Concatenating /scratch/rohlfslab/abierly2/LongTR/longTR_pipeline_HG04227/HG04227.chr14.vcf.gz	0.724324 seconds
Concatenating /scratch/rohlfslab/abierly2/LongTR/longTR_pipeline_HG04227/HG04227.chr15.vcf.gz	0.670776 seconds
Concatenating /scratch/rohlfslab/abierly2/LongTR/longTR_pipeline_HG04227/HG04227.chr16.vcf.gz	0.677114 seconds
Concatenating /scratch/rohlfslab/abierly2/LongTR/longTR_pipeline_HG04227/HG04227.chr17.vcf.gz	0.707014 seconds
Concatenating /scratch/rohlfslab/abierly2/LongTR/longTR_pipeline_HG04227/HG04227.chr18.vcf.gz	0.569247 seconds
Concatenating /scratch/rohlfslab/abierly2/LongTR/longTR_pipeline_HG04227/HG04227.chr19.vcf.gz	0.550884 seconds
Concatenating /scratch/rohlfslab/abierly2/LongTR/longTR_pipeline_HG04227/HG04227.chr1.vcf.gz	1.951639 seconds
Concatenating /scratch/rohlfslab/abierly2/LongTR/longTR_pipeline_HG04227/HG04227.chr20.vcf.gz	0.451880 seconds
Concatenating /scratch/rohlfslab/abierly2/LongTR/longTR_pipeline_HG04227/HG04227.chr21.vcf.gz	0.264554 seconds
Concatenating /scratch/rohlfslab/abierly2/LongTR/longTR_pipeline_HG04227/HG04227.chr22.vcf.gz	0.307956 seconds
Concatenating /scratch/rohlfslab/abierly2/LongTR/longTR_pipeline_HG04227/HG04227.chr2.vcf.gz	1.974799 seconds
Concatenating /scratch/rohlfslab/abierly2/LongTR/longTR_pipeline_HG04227/HG04227.chr3.vcf.gz	1.573108 seconds
Concatenating /scratch/rohlfslab/abierly2/LongTR/longTR_pipeline_HG04227/HG04227.chr4.vcf.gz	1.520622 seconds
Concatenating /scratch/rohlfslab/abierly2/LongTR/longTR_pipeline_HG04227/HG04227.chr5.vcf.gz	1.425775 seconds
Concatenating /scratch/rohlfslab/abierly2/LongTR/longTR_pipeline_HG04227/HG04227.chr6.vcf.gz	1.367873 seconds
Concatenating /scratch/rohlfslab/abierly2/LongTR/longTR_pipeline_HG04227/HG04227.chr7.vcf.gz	1.291993 seconds
Concatenating /scratch/rohlfslab/abierly2/LongTR/longTR_pipeline_HG04227/HG04227.chr8.vcf.gz	1.132954 seconds
Concatenating /scratch/rohlfslab/abierly2/LongTR/longTR_pipeline_HG04227/HG04227.chr9.vcf.gz	0.953835 seconds
Concatenating /scratch/rohlfslab/abierly2/LongTR/longTR_pipeline_HG04227/HG04227.chrM.vcf.gz	0.000399 seconds
Concatenating /scratch/rohlfslab/abierly2/LongTR/longTR_pipeline_HG04227/HG04227.chrX.vcf.gz	1.149527 seconds
Concatenating /scratch/rohlfslab/abierly2/LongTR/longTR_pipeline_HG04227/HG04227.chrY.vcf.gz	0.000391 seconds
