Checking the headers and starting positions of 25 files
Concatenating /scratch/rohlfslab/abierly2/LongTR/longTR_pipeline_HG01089/HG01089.chr10.vcf.gz	1.087742 seconds
Concatenating /scratch/rohlfslab/abierly2/LongTR/longTR_pipeline_HG01089/HG01089.chr11.vcf.gz	1.032703 seconds
Concatenating /scratch/rohlfslab/abierly2/LongTR/longTR_pipeline_HG01089/HG01089.chr12.vcf.gz	1.113599 seconds
Concatenating /scratch/rohlfslab/abierly2/LongTR/longTR_pipeline_HG01089/HG01089.chr13.vcf.gz	0.757519 seconds
Concatenating /scratch/rohlfslab/abierly2/LongTR/longTR_pipeline_HG01089/HG01089.chr14.vcf.gz	0.723976 seconds
Concatenating /scratch/rohlfslab/abierly2/LongTR/longTR_pipeline_HG01089/HG01089.chr15.vcf.gz	0.671051 seconds
Concatenating /scratch/rohlfslab/abierly2/LongTR/longTR_pipeline_HG01089/HG01089.chr16.vcf.gz	0.689906 seconds
Concatenating /scratch/rohlfslab/abierly2/LongTR/longTR_pipeline_HG01089/HG01089.chr17.vcf.gz	0.724083 seconds
Concatenating /scratch/rohlfslab/abierly2/LongTR/longTR_pipeline_HG01089/HG01089.chr18.vcf.gz	0.547712 seconds
Concatenating /scratch/rohlfslab/abierly2/LongTR/longTR_pipeline_HG01089/HG01089.chr19.vcf.gz	0.599958 seconds
Concatenating /scratch/rohlfslab/abierly2/LongTR/longTR_pipeline_HG01089/HG01089.chr1.vcf.gz	1.951043 seconds
Concatenating /scratch/rohlfslab/abierly2/LongTR/longTR_pipeline_HG01089/HG01089.chr20.vcf.gz	0.441987 seconds
Concatenating /scratch/rohlfslab/abierly2/LongTR/longTR_pipeline_HG01089/HG01089.chr21.vcf.gz	0.265252 seconds
Concatenating /scratch/rohlfslab/abierly2/LongTR/longTR_pipeline_HG01089/HG01089.chr22.vcf.gz	0.313693 seconds
Concatenating /scratch/rohlfslab/abierly2/LongTR/longTR_pipeline_HG01089/HG01089.chr2.vcf.gz	1.960670 seconds
Concatenating /scratch/rohlfslab/abierly2/LongTR/longTR_pipeline_HG01089/HG01089.chr3.vcf.gz	1.558225 seconds
Concatenating /scratch/rohlfslab/abierly2/LongTR/longTR_pipeline_HG01089/HG01089.chr4.vcf.gz	1.495957 seconds
Concatenating /scratch/rohlfslab/abierly2/LongTR/longTR_pipeline_HG01089/HG01089.chr5.vcf.gz	1.406964 seconds
Concatenating /scratch/rohlfslab/abierly2/LongTR/longTR_pipeline_HG01089/HG01089.chr6.vcf.gz	1.361179 seconds
Concatenating /scratch/rohlfslab/abierly2/LongTR/longTR_pipeline_HG01089/HG01089.chr7.vcf.gz	1.299165 seconds
Concatenating /scratch/rohlfslab/abierly2/LongTR/longTR_pipeline_HG01089/HG01089.chr8.vcf.gz	1.148540 seconds
Concatenating /scratch/rohlfslab/abierly2/LongTR/longTR_pipeline_HG01089/HG01089.chr9.vcf.gz	0.950811 seconds
Concatenating /scratch/rohlfslab/abierly2/LongTR/longTR_pipeline_HG01089/HG01089.chrM.vcf.gz	0.000349 seconds
Concatenating /scratch/rohlfslab/abierly2/LongTR/longTR_pipeline_HG01089/HG01089.chrX.vcf.gz	1.050225 seconds
Concatenating /scratch/rohlfslab/abierly2/LongTR/longTR_pipeline_HG01089/HG01089.chrY.vcf.gz	0.000347 seconds
