Checking the headers and starting positions of 25 files
Concatenating /scratch/rohlfslab/abierly2/LongTR/longTR_pipeline_NA19782/NA19782.chr10.vcf.gz	0.672779 seconds
Concatenating /scratch/rohlfslab/abierly2/LongTR/longTR_pipeline_NA19782/NA19782.chr11.vcf.gz	0.646591 seconds
Concatenating /scratch/rohlfslab/abierly2/LongTR/longTR_pipeline_NA19782/NA19782.chr12.vcf.gz	0.713185 seconds
Concatenating /scratch/rohlfslab/abierly2/LongTR/longTR_pipeline_NA19782/NA19782.chr13.vcf.gz	0.454815 seconds
Concatenating /scratch/rohlfslab/abierly2/LongTR/longTR_pipeline_NA19782/NA19782.chr14.vcf.gz	0.430980 seconds
Concatenating /scratch/rohlfslab/abierly2/LongTR/longTR_pipeline_NA19782/NA19782.chr15.vcf.gz	0.427494 seconds
Concatenating /scratch/rohlfslab/abierly2/LongTR/longTR_pipeline_NA19782/NA19782.chr16.vcf.gz	0.438938 seconds
Concatenating /scratch/rohlfslab/abierly2/LongTR/longTR_pipeline_NA19782/NA19782.chr17.vcf.gz	0.489917 seconds
Concatenating /scratch/rohlfslab/abierly2/LongTR/longTR_pipeline_NA19782/NA19782.chr18.vcf.gz	0.318205 seconds
Concatenating /scratch/rohlfslab/abierly2/LongTR/longTR_pipeline_NA19782/NA19782.chr19.vcf.gz	0.407461 seconds
Concatenating /scratch/rohlfslab/abierly2/LongTR/longTR_pipeline_NA19782/NA19782.chr1.vcf.gz	1.244227 seconds
Concatenating /scratch/rohlfslab/abierly2/LongTR/longTR_pipeline_NA19782/NA19782.chr20.vcf.gz	0.278334 seconds
Concatenating /scratch/rohlfslab/abierly2/LongTR/longTR_pipeline_NA19782/NA19782.chr21.vcf.gz	0.163596 seconds
Concatenating /scratch/rohlfslab/abierly2/LongTR/longTR_pipeline_NA19782/NA19782.chr22.vcf.gz	0.202947 seconds
Concatenating /scratch/rohlfslab/abierly2/LongTR/longTR_pipeline_NA19782/NA19782.chr2.vcf.gz	1.225720 seconds
Concatenating /scratch/rohlfslab/abierly2/LongTR/longTR_pipeline_NA19782/NA19782.chr3.vcf.gz	0.970600 seconds
Concatenating /scratch/rohlfslab/abierly2/LongTR/longTR_pipeline_NA19782/NA19782.chr4.vcf.gz	0.881986 seconds
Concatenating /scratch/rohlfslab/abierly2/LongTR/longTR_pipeline_NA19782/NA19782.chr5.vcf.gz	0.852972 seconds
Concatenating /scratch/rohlfslab/abierly2/LongTR/longTR_pipeline_NA19782/NA19782.chr6.vcf.gz	0.869546 seconds
Concatenating /scratch/rohlfslab/abierly2/LongTR/longTR_pipeline_NA19782/NA19782.chr7.vcf.gz	0.803905 seconds
Concatenating /scratch/rohlfslab/abierly2/LongTR/longTR_pipeline_NA19782/NA19782.chr8.vcf.gz	0.679846 seconds
Concatenating /scratch/rohlfslab/abierly2/LongTR/longTR_pipeline_NA19782/NA19782.chr9.vcf.gz	0.589079 seconds
Concatenating /scratch/rohlfslab/abierly2/LongTR/longTR_pipeline_NA19782/NA19782.chrM.vcf.gz	0.000413 seconds
Concatenating /scratch/rohlfslab/abierly2/LongTR/longTR_pipeline_NA19782/NA19782.chrX.vcf.gz	0.626525 seconds
Concatenating /scratch/rohlfslab/abierly2/LongTR/longTR_pipeline_NA19782/NA19782.chrY.vcf.gz	0.000394 seconds
