Checking the headers and starting positions of 25 files
Concatenating /scratch/rohlfslab/abierly2/LongTR/longTR_pipeline_HG01275/HG01275.chr10.vcf.gz	1.227853 seconds
Concatenating /scratch/rohlfslab/abierly2/LongTR/longTR_pipeline_HG01275/HG01275.chr11.vcf.gz	1.169660 seconds
Concatenating /scratch/rohlfslab/abierly2/LongTR/longTR_pipeline_HG01275/HG01275.chr12.vcf.gz	1.232457 seconds
Concatenating /scratch/rohlfslab/abierly2/LongTR/longTR_pipeline_HG01275/HG01275.chr13.vcf.gz	0.850405 seconds
Concatenating /scratch/rohlfslab/abierly2/LongTR/longTR_pipeline_HG01275/HG01275.chr14.vcf.gz	0.816645 seconds
Concatenating /scratch/rohlfslab/abierly2/LongTR/longTR_pipeline_HG01275/HG01275.chr15.vcf.gz	0.761163 seconds
Concatenating /scratch/rohlfslab/abierly2/LongTR/longTR_pipeline_HG01275/HG01275.chr16.vcf.gz	0.804804 seconds
Concatenating /scratch/rohlfslab/abierly2/LongTR/longTR_pipeline_HG01275/HG01275.chr17.vcf.gz	0.826971 seconds
Concatenating /scratch/rohlfslab/abierly2/LongTR/longTR_pipeline_HG01275/HG01275.chr18.vcf.gz	0.616180 seconds
Concatenating /scratch/rohlfslab/abierly2/LongTR/longTR_pipeline_HG01275/HG01275.chr19.vcf.gz	0.688523 seconds
Concatenating /scratch/rohlfslab/abierly2/LongTR/longTR_pipeline_HG01275/HG01275.chr1.vcf.gz	2.180223 seconds
Concatenating /scratch/rohlfslab/abierly2/LongTR/longTR_pipeline_HG01275/HG01275.chr20.vcf.gz	0.515697 seconds
Concatenating /scratch/rohlfslab/abierly2/LongTR/longTR_pipeline_HG01275/HG01275.chr21.vcf.gz	0.296235 seconds
Concatenating /scratch/rohlfslab/abierly2/LongTR/longTR_pipeline_HG01275/HG01275.chr22.vcf.gz	0.358333 seconds
Concatenating /scratch/rohlfslab/abierly2/LongTR/longTR_pipeline_HG01275/HG01275.chr2.vcf.gz	2.183540 seconds
Concatenating /scratch/rohlfslab/abierly2/LongTR/longTR_pipeline_HG01275/HG01275.chr3.vcf.gz	1.741488 seconds
Concatenating /scratch/rohlfslab/abierly2/LongTR/longTR_pipeline_HG01275/HG01275.chr4.vcf.gz	1.665360 seconds
Concatenating /scratch/rohlfslab/abierly2/LongTR/longTR_pipeline_HG01275/HG01275.chr5.vcf.gz	1.587691 seconds
Concatenating /scratch/rohlfslab/abierly2/LongTR/longTR_pipeline_HG01275/HG01275.chr6.vcf.gz	1.519682 seconds
Concatenating /scratch/rohlfslab/abierly2/LongTR/longTR_pipeline_HG01275/HG01275.chr7.vcf.gz	1.467153 seconds
Concatenating /scratch/rohlfslab/abierly2/LongTR/longTR_pipeline_HG01275/HG01275.chr8.vcf.gz	1.298893 seconds
Concatenating /scratch/rohlfslab/abierly2/LongTR/longTR_pipeline_HG01275/HG01275.chr9.vcf.gz	1.077920 seconds
Concatenating /scratch/rohlfslab/abierly2/LongTR/longTR_pipeline_HG01275/HG01275.chrM.vcf.gz	0.000302 seconds
Concatenating /scratch/rohlfslab/abierly2/LongTR/longTR_pipeline_HG01275/HG01275.chrX.vcf.gz	1.323346 seconds
Concatenating /scratch/rohlfslab/abierly2/LongTR/longTR_pipeline_HG01275/HG01275.chrY.vcf.gz	0.000290 seconds
