Checking the headers and starting positions of 25 files
Concatenating /scratch/rohlfslab/abierly2/LongTR/longTR_pipeline_HG01168/HG01168.chr10.vcf.gz	1.192724 seconds
Concatenating /scratch/rohlfslab/abierly2/LongTR/longTR_pipeline_HG01168/HG01168.chr11.vcf.gz	1.139880 seconds
Concatenating /scratch/rohlfslab/abierly2/LongTR/longTR_pipeline_HG01168/HG01168.chr12.vcf.gz	1.222277 seconds
Concatenating /scratch/rohlfslab/abierly2/LongTR/longTR_pipeline_HG01168/HG01168.chr13.vcf.gz	0.826963 seconds
Concatenating /scratch/rohlfslab/abierly2/LongTR/longTR_pipeline_HG01168/HG01168.chr14.vcf.gz	0.793581 seconds
Concatenating /scratch/rohlfslab/abierly2/LongTR/longTR_pipeline_HG01168/HG01168.chr15.vcf.gz	0.744076 seconds
Concatenating /scratch/rohlfslab/abierly2/LongTR/longTR_pipeline_HG01168/HG01168.chr16.vcf.gz	0.774353 seconds
Concatenating /scratch/rohlfslab/abierly2/LongTR/longTR_pipeline_HG01168/HG01168.chr17.vcf.gz	0.814124 seconds
Concatenating /scratch/rohlfslab/abierly2/LongTR/longTR_pipeline_HG01168/HG01168.chr18.vcf.gz	0.600135 seconds
Concatenating /scratch/rohlfslab/abierly2/LongTR/longTR_pipeline_HG01168/HG01168.chr19.vcf.gz	0.673850 seconds
Concatenating /scratch/rohlfslab/abierly2/LongTR/longTR_pipeline_HG01168/HG01168.chr1.vcf.gz	2.145239 seconds
Concatenating /scratch/rohlfslab/abierly2/LongTR/longTR_pipeline_HG01168/HG01168.chr20.vcf.gz	0.503503 seconds
Concatenating /scratch/rohlfslab/abierly2/LongTR/longTR_pipeline_HG01168/HG01168.chr21.vcf.gz	0.290762 seconds
Concatenating /scratch/rohlfslab/abierly2/LongTR/longTR_pipeline_HG01168/HG01168.chr22.vcf.gz	0.356836 seconds
Concatenating /scratch/rohlfslab/abierly2/LongTR/longTR_pipeline_HG01168/HG01168.chr2.vcf.gz	2.131899 seconds
Concatenating /scratch/rohlfslab/abierly2/LongTR/longTR_pipeline_HG01168/HG01168.chr3.vcf.gz	1.724954 seconds
Concatenating /scratch/rohlfslab/abierly2/LongTR/longTR_pipeline_HG01168/HG01168.chr4.vcf.gz	1.660512 seconds
Concatenating /scratch/rohlfslab/abierly2/LongTR/longTR_pipeline_HG01168/HG01168.chr5.vcf.gz	1.541186 seconds
Concatenating /scratch/rohlfslab/abierly2/LongTR/longTR_pipeline_HG01168/HG01168.chr6.vcf.gz	1.515704 seconds
Concatenating /scratch/rohlfslab/abierly2/LongTR/longTR_pipeline_HG01168/HG01168.chr7.vcf.gz	1.447635 seconds
Concatenating /scratch/rohlfslab/abierly2/LongTR/longTR_pipeline_HG01168/HG01168.chr8.vcf.gz	1.242089 seconds
Concatenating /scratch/rohlfslab/abierly2/LongTR/longTR_pipeline_HG01168/HG01168.chr9.vcf.gz	1.053521 seconds
Concatenating /scratch/rohlfslab/abierly2/LongTR/longTR_pipeline_HG01168/HG01168.chrM.vcf.gz	0.000369 seconds
Concatenating /scratch/rohlfslab/abierly2/LongTR/longTR_pipeline_HG01168/HG01168.chrX.vcf.gz	1.278651 seconds
Concatenating /scratch/rohlfslab/abierly2/LongTR/longTR_pipeline_HG01168/HG01168.chrY.vcf.gz	0.000377 seconds
