Checking the headers and starting positions of 25 files
Concatenating /scratch/rohlfslab/abierly2/LongTR/longTR_pipeline_NA19086/NA19086.chr10.vcf.gz	0.808437 seconds
Concatenating /scratch/rohlfslab/abierly2/LongTR/longTR_pipeline_NA19086/NA19086.chr11.vcf.gz	0.789871 seconds
Concatenating /scratch/rohlfslab/abierly2/LongTR/longTR_pipeline_NA19086/NA19086.chr12.vcf.gz	0.860281 seconds
Concatenating /scratch/rohlfslab/abierly2/LongTR/longTR_pipeline_NA19086/NA19086.chr13.vcf.gz	0.553088 seconds
Concatenating /scratch/rohlfslab/abierly2/LongTR/longTR_pipeline_NA19086/NA19086.chr14.vcf.gz	0.551755 seconds
Concatenating /scratch/rohlfslab/abierly2/LongTR/longTR_pipeline_NA19086/NA19086.chr15.vcf.gz	0.527068 seconds
Concatenating /scratch/rohlfslab/abierly2/LongTR/longTR_pipeline_NA19086/NA19086.chr16.vcf.gz	0.531467 seconds
Concatenating /scratch/rohlfslab/abierly2/LongTR/longTR_pipeline_NA19086/NA19086.chr17.vcf.gz	0.586187 seconds
Concatenating /scratch/rohlfslab/abierly2/LongTR/longTR_pipeline_NA19086/NA19086.chr18.vcf.gz	0.396879 seconds
Concatenating /scratch/rohlfslab/abierly2/LongTR/longTR_pipeline_NA19086/NA19086.chr19.vcf.gz	0.474814 seconds
Concatenating /scratch/rohlfslab/abierly2/LongTR/longTR_pipeline_NA19086/NA19086.chr1.vcf.gz	1.510775 seconds
Concatenating /scratch/rohlfslab/abierly2/LongTR/longTR_pipeline_NA19086/NA19086.chr20.vcf.gz	0.355691 seconds
Concatenating /scratch/rohlfslab/abierly2/LongTR/longTR_pipeline_NA19086/NA19086.chr21.vcf.gz	0.196975 seconds
Concatenating /scratch/rohlfslab/abierly2/LongTR/longTR_pipeline_NA19086/NA19086.chr22.vcf.gz	0.253781 seconds
Concatenating /scratch/rohlfslab/abierly2/LongTR/longTR_pipeline_NA19086/NA19086.chr2.vcf.gz	1.458795 seconds
Concatenating /scratch/rohlfslab/abierly2/LongTR/longTR_pipeline_NA19086/NA19086.chr3.vcf.gz	1.180642 seconds
Concatenating /scratch/rohlfslab/abierly2/LongTR/longTR_pipeline_NA19086/NA19086.chr4.vcf.gz	1.056380 seconds
Concatenating /scratch/rohlfslab/abierly2/LongTR/longTR_pipeline_NA19086/NA19086.chr5.vcf.gz	1.060681 seconds
Concatenating /scratch/rohlfslab/abierly2/LongTR/longTR_pipeline_NA19086/NA19086.chr6.vcf.gz	1.043245 seconds
Concatenating /scratch/rohlfslab/abierly2/LongTR/longTR_pipeline_NA19086/NA19086.chr7.vcf.gz	0.989187 seconds
Concatenating /scratch/rohlfslab/abierly2/LongTR/longTR_pipeline_NA19086/NA19086.chr8.vcf.gz	0.833793 seconds
Concatenating /scratch/rohlfslab/abierly2/LongTR/longTR_pipeline_NA19086/NA19086.chr9.vcf.gz	0.712322 seconds
Concatenating /scratch/rohlfslab/abierly2/LongTR/longTR_pipeline_NA19086/NA19086.chrM.vcf.gz	0.000306 seconds
Concatenating /scratch/rohlfslab/abierly2/LongTR/longTR_pipeline_NA19086/NA19086.chrX.vcf.gz	0.104319 seconds
Concatenating /scratch/rohlfslab/abierly2/LongTR/longTR_pipeline_NA19086/NA19086.chrY.vcf.gz	0.002356 seconds
