Checking the headers and starting positions of 25 files
Concatenating /scratch/rohlfslab/abierly2/LongTR/longTR_pipeline_HG00651/HG00651.chr10.vcf.gz	1.112517 seconds
Concatenating /scratch/rohlfslab/abierly2/LongTR/longTR_pipeline_HG00651/HG00651.chr11.vcf.gz	1.046663 seconds
Concatenating /scratch/rohlfslab/abierly2/LongTR/longTR_pipeline_HG00651/HG00651.chr12.vcf.gz	1.123251 seconds
Concatenating /scratch/rohlfslab/abierly2/LongTR/longTR_pipeline_HG00651/HG00651.chr13.vcf.gz	0.750349 seconds
Concatenating /scratch/rohlfslab/abierly2/LongTR/longTR_pipeline_HG00651/HG00651.chr14.vcf.gz	0.728792 seconds
Concatenating /scratch/rohlfslab/abierly2/LongTR/longTR_pipeline_HG00651/HG00651.chr15.vcf.gz	0.693539 seconds
Concatenating /scratch/rohlfslab/abierly2/LongTR/longTR_pipeline_HG00651/HG00651.chr16.vcf.gz	0.729561 seconds
Concatenating /scratch/rohlfslab/abierly2/LongTR/longTR_pipeline_HG00651/HG00651.chr17.vcf.gz	0.747984 seconds
Concatenating /scratch/rohlfslab/abierly2/LongTR/longTR_pipeline_HG00651/HG00651.chr18.vcf.gz	0.547458 seconds
Concatenating /scratch/rohlfslab/abierly2/LongTR/longTR_pipeline_HG00651/HG00651.chr19.vcf.gz	0.615961 seconds
Concatenating /scratch/rohlfslab/abierly2/LongTR/longTR_pipeline_HG00651/HG00651.chr1.vcf.gz	1.965580 seconds
Concatenating /scratch/rohlfslab/abierly2/LongTR/longTR_pipeline_HG00651/HG00651.chr20.vcf.gz	0.467624 seconds
Concatenating /scratch/rohlfslab/abierly2/LongTR/longTR_pipeline_HG00651/HG00651.chr21.vcf.gz	0.263444 seconds
Concatenating /scratch/rohlfslab/abierly2/LongTR/longTR_pipeline_HG00651/HG00651.chr22.vcf.gz	0.332570 seconds
Concatenating /scratch/rohlfslab/abierly2/LongTR/longTR_pipeline_HG00651/HG00651.chr2.vcf.gz	1.955203 seconds
Concatenating /scratch/rohlfslab/abierly2/LongTR/longTR_pipeline_HG00651/HG00651.chr3.vcf.gz	1.574247 seconds
Concatenating /scratch/rohlfslab/abierly2/LongTR/longTR_pipeline_HG00651/HG00651.chr4.vcf.gz	1.463531 seconds
Concatenating /scratch/rohlfslab/abierly2/LongTR/longTR_pipeline_HG00651/HG00651.chr5.vcf.gz	1.418987 seconds
Concatenating /scratch/rohlfslab/abierly2/LongTR/longTR_pipeline_HG00651/HG00651.chr6.vcf.gz	1.348586 seconds
Concatenating /scratch/rohlfslab/abierly2/LongTR/longTR_pipeline_HG00651/HG00651.chr7.vcf.gz	1.319363 seconds
Concatenating /scratch/rohlfslab/abierly2/LongTR/longTR_pipeline_HG00651/HG00651.chr8.vcf.gz	1.128301 seconds
Concatenating /scratch/rohlfslab/abierly2/LongTR/longTR_pipeline_HG00651/HG00651.chr9.vcf.gz	0.973694 seconds
Concatenating /scratch/rohlfslab/abierly2/LongTR/longTR_pipeline_HG00651/HG00651.chrM.vcf.gz	0.002112 seconds
Concatenating /scratch/rohlfslab/abierly2/LongTR/longTR_pipeline_HG00651/HG00651.chrX.vcf.gz	1.147487 seconds
Concatenating /scratch/rohlfslab/abierly2/LongTR/longTR_pipeline_HG00651/HG00651.chrY.vcf.gz	0.000363 seconds
