Checking the headers and starting positions of 25 files
Concatenating /scratch/rohlfslab/abierly2/LongTR/longTR_pipeline_HG01566/HG01566.chr10.vcf.gz	0.233838 seconds
Concatenating /scratch/rohlfslab/abierly2/LongTR/longTR_pipeline_HG01566/HG01566.chr11.vcf.gz	0.220135 seconds
Concatenating /scratch/rohlfslab/abierly2/LongTR/longTR_pipeline_HG01566/HG01566.chr12.vcf.gz	0.266130 seconds
Concatenating /scratch/rohlfslab/abierly2/LongTR/longTR_pipeline_HG01566/HG01566.chr13.vcf.gz	0.150511 seconds
Concatenating /scratch/rohlfslab/abierly2/LongTR/longTR_pipeline_HG01566/HG01566.chr14.vcf.gz	0.154393 seconds
Concatenating /scratch/rohlfslab/abierly2/LongTR/longTR_pipeline_HG01566/HG01566.chr15.vcf.gz	0.162039 seconds
Concatenating /scratch/rohlfslab/abierly2/LongTR/longTR_pipeline_HG01566/HG01566.chr16.vcf.gz	0.140336 seconds
Concatenating /scratch/rohlfslab/abierly2/LongTR/longTR_pipeline_HG01566/HG01566.chr17.vcf.gz	0.160687 seconds
Concatenating /scratch/rohlfslab/abierly2/LongTR/longTR_pipeline_HG01566/HG01566.chr18.vcf.gz	0.105317 seconds
Concatenating /scratch/rohlfslab/abierly2/LongTR/longTR_pipeline_HG01566/HG01566.chr19.vcf.gz	0.124238 seconds
Concatenating /scratch/rohlfslab/abierly2/LongTR/longTR_pipeline_HG01566/HG01566.chr1.vcf.gz	0.466451 seconds
Concatenating /scratch/rohlfslab/abierly2/LongTR/longTR_pipeline_HG01566/HG01566.chr20.vcf.gz	0.089130 seconds
Concatenating /scratch/rohlfslab/abierly2/LongTR/longTR_pipeline_HG01566/HG01566.chr21.vcf.gz	0.052146 seconds
Concatenating /scratch/rohlfslab/abierly2/LongTR/longTR_pipeline_HG01566/HG01566.chr22.vcf.gz	0.065972 seconds
Concatenating /scratch/rohlfslab/abierly2/LongTR/longTR_pipeline_HG01566/HG01566.chr2.vcf.gz	0.432076 seconds
Concatenating /scratch/rohlfslab/abierly2/LongTR/longTR_pipeline_HG01566/HG01566.chr3.vcf.gz	0.357145 seconds
Concatenating /scratch/rohlfslab/abierly2/LongTR/longTR_pipeline_HG01566/HG01566.chr4.vcf.gz	0.316256 seconds
Concatenating /scratch/rohlfslab/abierly2/LongTR/longTR_pipeline_HG01566/HG01566.chr5.vcf.gz	0.306639 seconds
Concatenating /scratch/rohlfslab/abierly2/LongTR/longTR_pipeline_HG01566/HG01566.chr6.vcf.gz	0.316343 seconds
Concatenating /scratch/rohlfslab/abierly2/LongTR/longTR_pipeline_HG01566/HG01566.chr7.vcf.gz	0.279084 seconds
Concatenating /scratch/rohlfslab/abierly2/LongTR/longTR_pipeline_HG01566/HG01566.chr8.vcf.gz	0.233120 seconds
Concatenating /scratch/rohlfslab/abierly2/LongTR/longTR_pipeline_HG01566/HG01566.chr9.vcf.gz	0.205169 seconds
Concatenating /scratch/rohlfslab/abierly2/LongTR/longTR_pipeline_HG01566/HG01566.chrM.vcf.gz	0.000285 seconds
Concatenating /scratch/rohlfslab/abierly2/LongTR/longTR_pipeline_HG01566/HG01566.chrX.vcf.gz	0.194340 seconds
Concatenating /scratch/rohlfslab/abierly2/LongTR/longTR_pipeline_HG01566/HG01566.chrY.vcf.gz	0.000270 seconds
