Checking the headers and starting positions of 25 files
Concatenating /scratch/rohlfslab/abierly2/LongTR/longTR_pipeline_HG01396/HG01396.chr10.vcf.gz	1.258227 seconds
Concatenating /scratch/rohlfslab/abierly2/LongTR/longTR_pipeline_HG01396/HG01396.chr11.vcf.gz	1.172120 seconds
Concatenating /scratch/rohlfslab/abierly2/LongTR/longTR_pipeline_HG01396/HG01396.chr12.vcf.gz	1.271300 seconds
Concatenating /scratch/rohlfslab/abierly2/LongTR/longTR_pipeline_HG01396/HG01396.chr13.vcf.gz	0.858003 seconds
Concatenating /scratch/rohlfslab/abierly2/LongTR/longTR_pipeline_HG01396/HG01396.chr14.vcf.gz	0.816268 seconds
Concatenating /scratch/rohlfslab/abierly2/LongTR/longTR_pipeline_HG01396/HG01396.chr15.vcf.gz	0.759447 seconds
Concatenating /scratch/rohlfslab/abierly2/LongTR/longTR_pipeline_HG01396/HG01396.chr16.vcf.gz	0.792475 seconds
Concatenating /scratch/rohlfslab/abierly2/LongTR/longTR_pipeline_HG01396/HG01396.chr17.vcf.gz	0.830731 seconds
Concatenating /scratch/rohlfslab/abierly2/LongTR/longTR_pipeline_HG01396/HG01396.chr18.vcf.gz	0.618399 seconds
Concatenating /scratch/rohlfslab/abierly2/LongTR/longTR_pipeline_HG01396/HG01396.chr19.vcf.gz	0.688160 seconds
Concatenating /scratch/rohlfslab/abierly2/LongTR/longTR_pipeline_HG01396/HG01396.chr1.vcf.gz	2.190039 seconds
Concatenating /scratch/rohlfslab/abierly2/LongTR/longTR_pipeline_HG01396/HG01396.chr20.vcf.gz	0.518154 seconds
Concatenating /scratch/rohlfslab/abierly2/LongTR/longTR_pipeline_HG01396/HG01396.chr21.vcf.gz	0.299484 seconds
Concatenating /scratch/rohlfslab/abierly2/LongTR/longTR_pipeline_HG01396/HG01396.chr22.vcf.gz	0.362570 seconds
Concatenating /scratch/rohlfslab/abierly2/LongTR/longTR_pipeline_HG01396/HG01396.chr2.vcf.gz	2.188979 seconds
Concatenating /scratch/rohlfslab/abierly2/LongTR/longTR_pipeline_HG01396/HG01396.chr3.vcf.gz	1.805712 seconds
Concatenating /scratch/rohlfslab/abierly2/LongTR/longTR_pipeline_HG01396/HG01396.chr4.vcf.gz	1.686945 seconds
Concatenating /scratch/rohlfslab/abierly2/LongTR/longTR_pipeline_HG01396/HG01396.chr5.vcf.gz	1.581052 seconds
Concatenating /scratch/rohlfslab/abierly2/LongTR/longTR_pipeline_HG01396/HG01396.chr6.vcf.gz	1.549225 seconds
Concatenating /scratch/rohlfslab/abierly2/LongTR/longTR_pipeline_HG01396/HG01396.chr7.vcf.gz	1.468049 seconds
Concatenating /scratch/rohlfslab/abierly2/LongTR/longTR_pipeline_HG01396/HG01396.chr8.vcf.gz	1.283568 seconds
Concatenating /scratch/rohlfslab/abierly2/LongTR/longTR_pipeline_HG01396/HG01396.chr9.vcf.gz	1.093774 seconds
Concatenating /scratch/rohlfslab/abierly2/LongTR/longTR_pipeline_HG01396/HG01396.chrM.vcf.gz	0.000326 seconds
Concatenating /scratch/rohlfslab/abierly2/LongTR/longTR_pipeline_HG01396/HG01396.chrX.vcf.gz	1.314761 seconds
Concatenating /scratch/rohlfslab/abierly2/LongTR/longTR_pipeline_HG01396/HG01396.chrY.vcf.gz	0.000299 seconds
