Checking the headers and starting positions of 25 files
Concatenating /scratch/rohlfslab/abierly2/LongTR/longTR_pipeline_HG00634/HG00634.chr10.vcf.gz	1.215283 seconds
Concatenating /scratch/rohlfslab/abierly2/LongTR/longTR_pipeline_HG00634/HG00634.chr11.vcf.gz	1.160051 seconds
Concatenating /scratch/rohlfslab/abierly2/LongTR/longTR_pipeline_HG00634/HG00634.chr12.vcf.gz	1.276509 seconds
Concatenating /scratch/rohlfslab/abierly2/LongTR/longTR_pipeline_HG00634/HG00634.chr13.vcf.gz	0.847359 seconds
Concatenating /scratch/rohlfslab/abierly2/LongTR/longTR_pipeline_HG00634/HG00634.chr14.vcf.gz	0.805727 seconds
Concatenating /scratch/rohlfslab/abierly2/LongTR/longTR_pipeline_HG00634/HG00634.chr15.vcf.gz	0.757385 seconds
Concatenating /scratch/rohlfslab/abierly2/LongTR/longTR_pipeline_HG00634/HG00634.chr16.vcf.gz	0.793622 seconds
Concatenating /scratch/rohlfslab/abierly2/LongTR/longTR_pipeline_HG00634/HG00634.chr17.vcf.gz	0.825365 seconds
Concatenating /scratch/rohlfslab/abierly2/LongTR/longTR_pipeline_HG00634/HG00634.chr18.vcf.gz	0.611838 seconds
Concatenating /scratch/rohlfslab/abierly2/LongTR/longTR_pipeline_HG00634/HG00634.chr19.vcf.gz	0.683381 seconds
Concatenating /scratch/rohlfslab/abierly2/LongTR/longTR_pipeline_HG00634/HG00634.chr1.vcf.gz	2.169534 seconds
Concatenating /scratch/rohlfslab/abierly2/LongTR/longTR_pipeline_HG00634/HG00634.chr20.vcf.gz	0.513775 seconds
Concatenating /scratch/rohlfslab/abierly2/LongTR/longTR_pipeline_HG00634/HG00634.chr21.vcf.gz	0.294844 seconds
Concatenating /scratch/rohlfslab/abierly2/LongTR/longTR_pipeline_HG00634/HG00634.chr22.vcf.gz	0.359824 seconds
Concatenating /scratch/rohlfslab/abierly2/LongTR/longTR_pipeline_HG00634/HG00634.chr2.vcf.gz	2.195833 seconds
Concatenating /scratch/rohlfslab/abierly2/LongTR/longTR_pipeline_HG00634/HG00634.chr3.vcf.gz	1.731416 seconds
Concatenating /scratch/rohlfslab/abierly2/LongTR/longTR_pipeline_HG00634/HG00634.chr4.vcf.gz	1.661866 seconds
Concatenating /scratch/rohlfslab/abierly2/LongTR/longTR_pipeline_HG00634/HG00634.chr5.vcf.gz	1.573927 seconds
Concatenating /scratch/rohlfslab/abierly2/LongTR/longTR_pipeline_HG00634/HG00634.chr6.vcf.gz	1.513382 seconds
Concatenating /scratch/rohlfslab/abierly2/LongTR/longTR_pipeline_HG00634/HG00634.chr7.vcf.gz	1.457527 seconds
Concatenating /scratch/rohlfslab/abierly2/LongTR/longTR_pipeline_HG00634/HG00634.chr8.vcf.gz	1.271720 seconds
Concatenating /scratch/rohlfslab/abierly2/LongTR/longTR_pipeline_HG00634/HG00634.chr9.vcf.gz	1.072024 seconds
Concatenating /scratch/rohlfslab/abierly2/LongTR/longTR_pipeline_HG00634/HG00634.chrM.vcf.gz	0.000309 seconds
Concatenating /scratch/rohlfslab/abierly2/LongTR/longTR_pipeline_HG00634/HG00634.chrX.vcf.gz	0.624936 seconds
Concatenating /scratch/rohlfslab/abierly2/LongTR/longTR_pipeline_HG00634/HG00634.chrY.vcf.gz	0.031975 seconds
