Checking the headers and starting positions of 25 files
Concatenating /scratch/rohlfslab/abierly2/LongTR/longTR_pipeline_HG01174/HG01174.chr10.vcf.gz	0.635732 seconds
Concatenating /scratch/rohlfslab/abierly2/LongTR/longTR_pipeline_HG01174/HG01174.chr11.vcf.gz	0.595749 seconds
Concatenating /scratch/rohlfslab/abierly2/LongTR/longTR_pipeline_HG01174/HG01174.chr12.vcf.gz	0.640424 seconds
Concatenating /scratch/rohlfslab/abierly2/LongTR/longTR_pipeline_HG01174/HG01174.chr13.vcf.gz	0.409577 seconds
Concatenating /scratch/rohlfslab/abierly2/LongTR/longTR_pipeline_HG01174/HG01174.chr14.vcf.gz	0.416726 seconds
Concatenating /scratch/rohlfslab/abierly2/LongTR/longTR_pipeline_HG01174/HG01174.chr15.vcf.gz	0.391798 seconds
Concatenating /scratch/rohlfslab/abierly2/LongTR/longTR_pipeline_HG01174/HG01174.chr16.vcf.gz	0.411656 seconds
Concatenating /scratch/rohlfslab/abierly2/LongTR/longTR_pipeline_HG01174/HG01174.chr17.vcf.gz	0.448160 seconds
Concatenating /scratch/rohlfslab/abierly2/LongTR/longTR_pipeline_HG01174/HG01174.chr18.vcf.gz	0.301575 seconds
Concatenating /scratch/rohlfslab/abierly2/LongTR/longTR_pipeline_HG01174/HG01174.chr19.vcf.gz	0.360574 seconds
Concatenating /scratch/rohlfslab/abierly2/LongTR/longTR_pipeline_HG01174/HG01174.chr1.vcf.gz	1.126598 seconds
Concatenating /scratch/rohlfslab/abierly2/LongTR/longTR_pipeline_HG01174/HG01174.chr20.vcf.gz	0.278532 seconds
Concatenating /scratch/rohlfslab/abierly2/LongTR/longTR_pipeline_HG01174/HG01174.chr21.vcf.gz	0.151746 seconds
Concatenating /scratch/rohlfslab/abierly2/LongTR/longTR_pipeline_HG01174/HG01174.chr22.vcf.gz	0.193040 seconds
Concatenating /scratch/rohlfslab/abierly2/LongTR/longTR_pipeline_HG01174/HG01174.chr2.vcf.gz	1.106828 seconds
Concatenating /scratch/rohlfslab/abierly2/LongTR/longTR_pipeline_HG01174/HG01174.chr3.vcf.gz	0.892995 seconds
Concatenating /scratch/rohlfslab/abierly2/LongTR/longTR_pipeline_HG01174/HG01174.chr4.vcf.gz	0.787733 seconds
Concatenating /scratch/rohlfslab/abierly2/LongTR/longTR_pipeline_HG01174/HG01174.chr5.vcf.gz	0.779972 seconds
Concatenating /scratch/rohlfslab/abierly2/LongTR/longTR_pipeline_HG01174/HG01174.chr6.vcf.gz	0.777947 seconds
Concatenating /scratch/rohlfslab/abierly2/LongTR/longTR_pipeline_HG01174/HG01174.chr7.vcf.gz	0.729744 seconds
Concatenating /scratch/rohlfslab/abierly2/LongTR/longTR_pipeline_HG01174/HG01174.chr8.vcf.gz	0.618469 seconds
Concatenating /scratch/rohlfslab/abierly2/LongTR/longTR_pipeline_HG01174/HG01174.chr9.vcf.gz	0.537305 seconds
Concatenating /scratch/rohlfslab/abierly2/LongTR/longTR_pipeline_HG01174/HG01174.chrM.vcf.gz	0.000301 seconds
Concatenating /scratch/rohlfslab/abierly2/LongTR/longTR_pipeline_HG01174/HG01174.chrX.vcf.gz	0.591884 seconds
Concatenating /scratch/rohlfslab/abierly2/LongTR/longTR_pipeline_HG01174/HG01174.chrY.vcf.gz	0.000291 seconds
