Checking the headers and starting positions of 25 files
Concatenating /scratch/rohlfslab/abierly2/LongTR/longTR_pipeline_NA19012/NA19012.chr10.vcf.gz	0.432941 seconds
Concatenating /scratch/rohlfslab/abierly2/LongTR/longTR_pipeline_NA19012/NA19012.chr11.vcf.gz	0.418512 seconds
Concatenating /scratch/rohlfslab/abierly2/LongTR/longTR_pipeline_NA19012/NA19012.chr12.vcf.gz	0.434369 seconds
Concatenating /scratch/rohlfslab/abierly2/LongTR/longTR_pipeline_NA19012/NA19012.chr13.vcf.gz	0.303289 seconds
Concatenating /scratch/rohlfslab/abierly2/LongTR/longTR_pipeline_NA19012/NA19012.chr14.vcf.gz	0.291257 seconds
Concatenating /scratch/rohlfslab/abierly2/LongTR/longTR_pipeline_NA19012/NA19012.chr15.vcf.gz	0.280439 seconds
Concatenating /scratch/rohlfslab/abierly2/LongTR/longTR_pipeline_NA19012/NA19012.chr16.vcf.gz	0.281602 seconds
Concatenating /scratch/rohlfslab/abierly2/LongTR/longTR_pipeline_NA19012/NA19012.chr17.vcf.gz	0.279819 seconds
Concatenating /scratch/rohlfslab/abierly2/LongTR/longTR_pipeline_NA19012/NA19012.chr18.vcf.gz	0.214241 seconds
Concatenating /scratch/rohlfslab/abierly2/LongTR/longTR_pipeline_NA19012/NA19012.chr19.vcf.gz	0.222634 seconds
Concatenating /scratch/rohlfslab/abierly2/LongTR/longTR_pipeline_NA19012/NA19012.chr1.vcf.gz	0.805024 seconds
Concatenating /scratch/rohlfslab/abierly2/LongTR/longTR_pipeline_NA19012/NA19012.chr20.vcf.gz	0.189371 seconds
Concatenating /scratch/rohlfslab/abierly2/LongTR/longTR_pipeline_NA19012/NA19012.chr21.vcf.gz	0.100518 seconds
Concatenating /scratch/rohlfslab/abierly2/LongTR/longTR_pipeline_NA19012/NA19012.chr22.vcf.gz	0.127603 seconds
Concatenating /scratch/rohlfslab/abierly2/LongTR/longTR_pipeline_NA19012/NA19012.chr2.vcf.gz	0.790497 seconds
Concatenating /scratch/rohlfslab/abierly2/LongTR/longTR_pipeline_NA19012/NA19012.chr3.vcf.gz	0.630349 seconds
Concatenating /scratch/rohlfslab/abierly2/LongTR/longTR_pipeline_NA19012/NA19012.chr4.vcf.gz	0.575391 seconds
Concatenating /scratch/rohlfslab/abierly2/LongTR/longTR_pipeline_NA19012/NA19012.chr5.vcf.gz	0.555047 seconds
Concatenating /scratch/rohlfslab/abierly2/LongTR/longTR_pipeline_NA19012/NA19012.chr6.vcf.gz	0.546875 seconds
Concatenating /scratch/rohlfslab/abierly2/LongTR/longTR_pipeline_NA19012/NA19012.chr7.vcf.gz	0.519936 seconds
Concatenating /scratch/rohlfslab/abierly2/LongTR/longTR_pipeline_NA19012/NA19012.chr8.vcf.gz	0.450899 seconds
Concatenating /scratch/rohlfslab/abierly2/LongTR/longTR_pipeline_NA19012/NA19012.chr9.vcf.gz	0.384455 seconds
Concatenating /scratch/rohlfslab/abierly2/LongTR/longTR_pipeline_NA19012/NA19012.chrM.vcf.gz	0.000291 seconds
Concatenating /scratch/rohlfslab/abierly2/LongTR/longTR_pipeline_NA19012/NA19012.chrX.vcf.gz	0.032688 seconds
Concatenating /scratch/rohlfslab/abierly2/LongTR/longTR_pipeline_NA19012/NA19012.chrY.vcf.gz	0.002108 seconds
