Checking the headers and starting positions of 25 files
Concatenating /scratch/rohlfslab/abierly2/LongTR/longTR_pipeline_HG01242/HG01242.chr10.vcf.gz	1.224326 seconds
Concatenating /scratch/rohlfslab/abierly2/LongTR/longTR_pipeline_HG01242/HG01242.chr11.vcf.gz	1.158399 seconds
Concatenating /scratch/rohlfslab/abierly2/LongTR/longTR_pipeline_HG01242/HG01242.chr12.vcf.gz	1.215965 seconds
Concatenating /scratch/rohlfslab/abierly2/LongTR/longTR_pipeline_HG01242/HG01242.chr13.vcf.gz	0.846710 seconds
Concatenating /scratch/rohlfslab/abierly2/LongTR/longTR_pipeline_HG01242/HG01242.chr14.vcf.gz	0.798600 seconds
Concatenating /scratch/rohlfslab/abierly2/LongTR/longTR_pipeline_HG01242/HG01242.chr15.vcf.gz	0.744490 seconds
Concatenating /scratch/rohlfslab/abierly2/LongTR/longTR_pipeline_HG01242/HG01242.chr16.vcf.gz	0.773992 seconds
Concatenating /scratch/rohlfslab/abierly2/LongTR/longTR_pipeline_HG01242/HG01242.chr17.vcf.gz	0.805535 seconds
Concatenating /scratch/rohlfslab/abierly2/LongTR/longTR_pipeline_HG01242/HG01242.chr18.vcf.gz	0.608592 seconds
Concatenating /scratch/rohlfslab/abierly2/LongTR/longTR_pipeline_HG01242/HG01242.chr19.vcf.gz	0.660441 seconds
Concatenating /scratch/rohlfslab/abierly2/LongTR/longTR_pipeline_HG01242/HG01242.chr1.vcf.gz	2.145359 seconds
Concatenating /scratch/rohlfslab/abierly2/LongTR/longTR_pipeline_HG01242/HG01242.chr20.vcf.gz	0.503105 seconds
Concatenating /scratch/rohlfslab/abierly2/LongTR/longTR_pipeline_HG01242/HG01242.chr21.vcf.gz	0.293835 seconds
Concatenating /scratch/rohlfslab/abierly2/LongTR/longTR_pipeline_HG01242/HG01242.chr22.vcf.gz	0.348559 seconds
Concatenating /scratch/rohlfslab/abierly2/LongTR/longTR_pipeline_HG01242/HG01242.chr2.vcf.gz	2.152869 seconds
Concatenating /scratch/rohlfslab/abierly2/LongTR/longTR_pipeline_HG01242/HG01242.chr3.vcf.gz	1.746222 seconds
Concatenating /scratch/rohlfslab/abierly2/LongTR/longTR_pipeline_HG01242/HG01242.chr4.vcf.gz	1.651709 seconds
Concatenating /scratch/rohlfslab/abierly2/LongTR/longTR_pipeline_HG01242/HG01242.chr5.vcf.gz	1.564418 seconds
Concatenating /scratch/rohlfslab/abierly2/LongTR/longTR_pipeline_HG01242/HG01242.chr6.vcf.gz	1.501033 seconds
Concatenating /scratch/rohlfslab/abierly2/LongTR/longTR_pipeline_HG01242/HG01242.chr7.vcf.gz	1.443416 seconds
Concatenating /scratch/rohlfslab/abierly2/LongTR/longTR_pipeline_HG01242/HG01242.chr8.vcf.gz	1.255621 seconds
Concatenating /scratch/rohlfslab/abierly2/LongTR/longTR_pipeline_HG01242/HG01242.chr9.vcf.gz	1.051258 seconds
Concatenating /scratch/rohlfslab/abierly2/LongTR/longTR_pipeline_HG01242/HG01242.chrM.vcf.gz	0.000310 seconds
Concatenating /scratch/rohlfslab/abierly2/LongTR/longTR_pipeline_HG01242/HG01242.chrX.vcf.gz	1.301638 seconds
Concatenating /scratch/rohlfslab/abierly2/LongTR/longTR_pipeline_HG01242/HG01242.chrY.vcf.gz	0.000308 seconds
