Checking the headers and starting positions of 25 files
Concatenating /scratch/rohlfslab/abierly2/LongTR/longTR_pipeline_HG01791/HG01791.chr10.vcf.gz	1.078683 seconds
Concatenating /scratch/rohlfslab/abierly2/LongTR/longTR_pipeline_HG01791/HG01791.chr11.vcf.gz	1.029371 seconds
Concatenating /scratch/rohlfslab/abierly2/LongTR/longTR_pipeline_HG01791/HG01791.chr12.vcf.gz	1.105220 seconds
Concatenating /scratch/rohlfslab/abierly2/LongTR/longTR_pipeline_HG01791/HG01791.chr13.vcf.gz	0.744918 seconds
Concatenating /scratch/rohlfslab/abierly2/LongTR/longTR_pipeline_HG01791/HG01791.chr14.vcf.gz	0.722548 seconds
Concatenating /scratch/rohlfslab/abierly2/LongTR/longTR_pipeline_HG01791/HG01791.chr15.vcf.gz	0.662544 seconds
Concatenating /scratch/rohlfslab/abierly2/LongTR/longTR_pipeline_HG01791/HG01791.chr16.vcf.gz	0.709706 seconds
Concatenating /scratch/rohlfslab/abierly2/LongTR/longTR_pipeline_HG01791/HG01791.chr17.vcf.gz	0.744660 seconds
Concatenating /scratch/rohlfslab/abierly2/LongTR/longTR_pipeline_HG01791/HG01791.chr18.vcf.gz	0.537634 seconds
Concatenating /scratch/rohlfslab/abierly2/LongTR/longTR_pipeline_HG01791/HG01791.chr19.vcf.gz	0.628510 seconds
Concatenating /scratch/rohlfslab/abierly2/LongTR/longTR_pipeline_HG01791/HG01791.chr1.vcf.gz	1.943950 seconds
Concatenating /scratch/rohlfslab/abierly2/LongTR/longTR_pipeline_HG01791/HG01791.chr20.vcf.gz	0.456741 seconds
Concatenating /scratch/rohlfslab/abierly2/LongTR/longTR_pipeline_HG01791/HG01791.chr21.vcf.gz	0.265115 seconds
Concatenating /scratch/rohlfslab/abierly2/LongTR/longTR_pipeline_HG01791/HG01791.chr22.vcf.gz	0.324991 seconds
Concatenating /scratch/rohlfslab/abierly2/LongTR/longTR_pipeline_HG01791/HG01791.chr2.vcf.gz	1.921701 seconds
Concatenating /scratch/rohlfslab/abierly2/LongTR/longTR_pipeline_HG01791/HG01791.chr3.vcf.gz	1.533684 seconds
Concatenating /scratch/rohlfslab/abierly2/LongTR/longTR_pipeline_HG01791/HG01791.chr4.vcf.gz	1.455736 seconds
Concatenating /scratch/rohlfslab/abierly2/LongTR/longTR_pipeline_HG01791/HG01791.chr5.vcf.gz	1.377122 seconds
Concatenating /scratch/rohlfslab/abierly2/LongTR/longTR_pipeline_HG01791/HG01791.chr6.vcf.gz	1.389017 seconds
Concatenating /scratch/rohlfslab/abierly2/LongTR/longTR_pipeline_HG01791/HG01791.chr7.vcf.gz	1.290265 seconds
Concatenating /scratch/rohlfslab/abierly2/LongTR/longTR_pipeline_HG01791/HG01791.chr8.vcf.gz	1.114721 seconds
Concatenating /scratch/rohlfslab/abierly2/LongTR/longTR_pipeline_HG01791/HG01791.chr9.vcf.gz	0.948037 seconds
Concatenating /scratch/rohlfslab/abierly2/LongTR/longTR_pipeline_HG01791/HG01791.chrM.vcf.gz	0.000381 seconds
Concatenating /scratch/rohlfslab/abierly2/LongTR/longTR_pipeline_HG01791/HG01791.chrX.vcf.gz	0.245786 seconds
Concatenating /scratch/rohlfslab/abierly2/LongTR/longTR_pipeline_HG01791/HG01791.chrY.vcf.gz	0.012564 seconds
