Checking the headers and starting positions of 25 files
Concatenating /scratch/rohlfslab/abierly2/LongTR/longTR_pipeline_HG04210/HG04210.chr10.vcf.gz	0.622772 seconds
Concatenating /scratch/rohlfslab/abierly2/LongTR/longTR_pipeline_HG04210/HG04210.chr11.vcf.gz	0.579970 seconds
Concatenating /scratch/rohlfslab/abierly2/LongTR/longTR_pipeline_HG04210/HG04210.chr12.vcf.gz	0.626149 seconds
Concatenating /scratch/rohlfslab/abierly2/LongTR/longTR_pipeline_HG04210/HG04210.chr13.vcf.gz	0.467079 seconds
Concatenating /scratch/rohlfslab/abierly2/LongTR/longTR_pipeline_HG04210/HG04210.chr14.vcf.gz	0.402502 seconds
Concatenating /scratch/rohlfslab/abierly2/LongTR/longTR_pipeline_HG04210/HG04210.chr15.vcf.gz	0.382561 seconds
Concatenating /scratch/rohlfslab/abierly2/LongTR/longTR_pipeline_HG04210/HG04210.chr16.vcf.gz	0.336329 seconds
Concatenating /scratch/rohlfslab/abierly2/LongTR/longTR_pipeline_HG04210/HG04210.chr17.vcf.gz	0.340428 seconds
Concatenating /scratch/rohlfslab/abierly2/LongTR/longTR_pipeline_HG04210/HG04210.chr18.vcf.gz	0.336936 seconds
Concatenating /scratch/rohlfslab/abierly2/LongTR/longTR_pipeline_HG04210/HG04210.chr19.vcf.gz	0.219380 seconds
Concatenating /scratch/rohlfslab/abierly2/LongTR/longTR_pipeline_HG04210/HG04210.chr1.vcf.gz	1.092265 seconds
Concatenating /scratch/rohlfslab/abierly2/LongTR/longTR_pipeline_HG04210/HG04210.chr20.vcf.gz	0.238683 seconds
Concatenating /scratch/rohlfslab/abierly2/LongTR/longTR_pipeline_HG04210/HG04210.chr21.vcf.gz	0.150550 seconds
Concatenating /scratch/rohlfslab/abierly2/LongTR/longTR_pipeline_HG04210/HG04210.chr22.vcf.gz	0.137699 seconds
Concatenating /scratch/rohlfslab/abierly2/LongTR/longTR_pipeline_HG04210/HG04210.chr2.vcf.gz	1.150823 seconds
Concatenating /scratch/rohlfslab/abierly2/LongTR/longTR_pipeline_HG04210/HG04210.chr3.vcf.gz	0.934343 seconds
Concatenating /scratch/rohlfslab/abierly2/LongTR/longTR_pipeline_HG04210/HG04210.chr4.vcf.gz	0.912997 seconds
Concatenating /scratch/rohlfslab/abierly2/LongTR/longTR_pipeline_HG04210/HG04210.chr5.vcf.gz	0.837345 seconds
Concatenating /scratch/rohlfslab/abierly2/LongTR/longTR_pipeline_HG04210/HG04210.chr6.vcf.gz	0.809859 seconds
Concatenating /scratch/rohlfslab/abierly2/LongTR/longTR_pipeline_HG04210/HG04210.chr7.vcf.gz	0.725749 seconds
Concatenating /scratch/rohlfslab/abierly2/LongTR/longTR_pipeline_HG04210/HG04210.chr8.vcf.gz	0.660988 seconds
Concatenating /scratch/rohlfslab/abierly2/LongTR/longTR_pipeline_HG04210/HG04210.chr9.vcf.gz	0.527605 seconds
Concatenating /scratch/rohlfslab/abierly2/LongTR/longTR_pipeline_HG04210/HG04210.chrM.vcf.gz	0.000306 seconds
Concatenating /scratch/rohlfslab/abierly2/LongTR/longTR_pipeline_HG04210/HG04210.chrX.vcf.gz	0.061236 seconds
Concatenating /scratch/rohlfslab/abierly2/LongTR/longTR_pipeline_HG04210/HG04210.chrY.vcf.gz	0.002575 seconds
