Checking the headers and starting positions of 25 files
Concatenating /scratch/rohlfslab/abierly2/LongTR/longTR_pipeline_HG01798/HG01798.chr10.vcf.gz	1.061659 seconds
Concatenating /scratch/rohlfslab/abierly2/LongTR/longTR_pipeline_HG01798/HG01798.chr11.vcf.gz	1.016601 seconds
Concatenating /scratch/rohlfslab/abierly2/LongTR/longTR_pipeline_HG01798/HG01798.chr12.vcf.gz	1.105836 seconds
Concatenating /scratch/rohlfslab/abierly2/LongTR/longTR_pipeline_HG01798/HG01798.chr13.vcf.gz	0.753699 seconds
Concatenating /scratch/rohlfslab/abierly2/LongTR/longTR_pipeline_HG01798/HG01798.chr14.vcf.gz	0.717668 seconds
Concatenating /scratch/rohlfslab/abierly2/LongTR/longTR_pipeline_HG01798/HG01798.chr15.vcf.gz	0.675848 seconds
Concatenating /scratch/rohlfslab/abierly2/LongTR/longTR_pipeline_HG01798/HG01798.chr16.vcf.gz	0.680893 seconds
Concatenating /scratch/rohlfslab/abierly2/LongTR/longTR_pipeline_HG01798/HG01798.chr17.vcf.gz	0.729342 seconds
Concatenating /scratch/rohlfslab/abierly2/LongTR/longTR_pipeline_HG01798/HG01798.chr18.vcf.gz	0.544309 seconds
Concatenating /scratch/rohlfslab/abierly2/LongTR/longTR_pipeline_HG01798/HG01798.chr19.vcf.gz	0.600747 seconds
Concatenating /scratch/rohlfslab/abierly2/LongTR/longTR_pipeline_HG01798/HG01798.chr1.vcf.gz	1.947531 seconds
Concatenating /scratch/rohlfslab/abierly2/LongTR/longTR_pipeline_HG01798/HG01798.chr20.vcf.gz	0.443670 seconds
Concatenating /scratch/rohlfslab/abierly2/LongTR/longTR_pipeline_HG01798/HG01798.chr21.vcf.gz	0.265490 seconds
Concatenating /scratch/rohlfslab/abierly2/LongTR/longTR_pipeline_HG01798/HG01798.chr22.vcf.gz	0.308455 seconds
Concatenating /scratch/rohlfslab/abierly2/LongTR/longTR_pipeline_HG01798/HG01798.chr2.vcf.gz	1.939305 seconds
Concatenating /scratch/rohlfslab/abierly2/LongTR/longTR_pipeline_HG01798/HG01798.chr3.vcf.gz	1.554894 seconds
Concatenating /scratch/rohlfslab/abierly2/LongTR/longTR_pipeline_HG01798/HG01798.chr4.vcf.gz	1.471916 seconds
Concatenating /scratch/rohlfslab/abierly2/LongTR/longTR_pipeline_HG01798/HG01798.chr5.vcf.gz	1.398623 seconds
Concatenating /scratch/rohlfslab/abierly2/LongTR/longTR_pipeline_HG01798/HG01798.chr6.vcf.gz	1.358984 seconds
Concatenating /scratch/rohlfslab/abierly2/LongTR/longTR_pipeline_HG01798/HG01798.chr7.vcf.gz	1.284892 seconds
Concatenating /scratch/rohlfslab/abierly2/LongTR/longTR_pipeline_HG01798/HG01798.chr8.vcf.gz	1.122409 seconds
Concatenating /scratch/rohlfslab/abierly2/LongTR/longTR_pipeline_HG01798/HG01798.chr9.vcf.gz	0.944475 seconds
Concatenating /scratch/rohlfslab/abierly2/LongTR/longTR_pipeline_HG01798/HG01798.chrM.vcf.gz	0.000309 seconds
Concatenating /scratch/rohlfslab/abierly2/LongTR/longTR_pipeline_HG01798/HG01798.chrX.vcf.gz	1.176412 seconds
Concatenating /scratch/rohlfslab/abierly2/LongTR/longTR_pipeline_HG01798/HG01798.chrY.vcf.gz	0.000319 seconds
