Checking the headers and starting positions of 25 files
Concatenating /scratch/rohlfslab/abierly2/LongTR/longTR_pipeline_HG01108/HG01108.chr10.vcf.gz	1.230459 seconds
Concatenating /scratch/rohlfslab/abierly2/LongTR/longTR_pipeline_HG01108/HG01108.chr11.vcf.gz	1.181187 seconds
Concatenating /scratch/rohlfslab/abierly2/LongTR/longTR_pipeline_HG01108/HG01108.chr12.vcf.gz	1.249330 seconds
Concatenating /scratch/rohlfslab/abierly2/LongTR/longTR_pipeline_HG01108/HG01108.chr13.vcf.gz	0.864920 seconds
Concatenating /scratch/rohlfslab/abierly2/LongTR/longTR_pipeline_HG01108/HG01108.chr14.vcf.gz	0.816534 seconds
Concatenating /scratch/rohlfslab/abierly2/LongTR/longTR_pipeline_HG01108/HG01108.chr15.vcf.gz	0.765290 seconds
Concatenating /scratch/rohlfslab/abierly2/LongTR/longTR_pipeline_HG01108/HG01108.chr16.vcf.gz	0.794954 seconds
Concatenating /scratch/rohlfslab/abierly2/LongTR/longTR_pipeline_HG01108/HG01108.chr17.vcf.gz	0.828276 seconds
Concatenating /scratch/rohlfslab/abierly2/LongTR/longTR_pipeline_HG01108/HG01108.chr18.vcf.gz	0.622686 seconds
Concatenating /scratch/rohlfslab/abierly2/LongTR/longTR_pipeline_HG01108/HG01108.chr19.vcf.gz	0.677630 seconds
Concatenating /scratch/rohlfslab/abierly2/LongTR/longTR_pipeline_HG01108/HG01108.chr1.vcf.gz	2.187576 seconds
Concatenating /scratch/rohlfslab/abierly2/LongTR/longTR_pipeline_HG01108/HG01108.chr20.vcf.gz	0.517338 seconds
Concatenating /scratch/rohlfslab/abierly2/LongTR/longTR_pipeline_HG01108/HG01108.chr21.vcf.gz	0.298815 seconds
Concatenating /scratch/rohlfslab/abierly2/LongTR/longTR_pipeline_HG01108/HG01108.chr22.vcf.gz	0.360683 seconds
Concatenating /scratch/rohlfslab/abierly2/LongTR/longTR_pipeline_HG01108/HG01108.chr2.vcf.gz	2.197480 seconds
Concatenating /scratch/rohlfslab/abierly2/LongTR/longTR_pipeline_HG01108/HG01108.chr3.vcf.gz	1.780580 seconds
Concatenating /scratch/rohlfslab/abierly2/LongTR/longTR_pipeline_HG01108/HG01108.chr4.vcf.gz	1.711270 seconds
Concatenating /scratch/rohlfslab/abierly2/LongTR/longTR_pipeline_HG01108/HG01108.chr5.vcf.gz	1.589015 seconds
Concatenating /scratch/rohlfslab/abierly2/LongTR/longTR_pipeline_HG01108/HG01108.chr6.vcf.gz	1.526089 seconds
Concatenating /scratch/rohlfslab/abierly2/LongTR/longTR_pipeline_HG01108/HG01108.chr7.vcf.gz	1.468291 seconds
Concatenating /scratch/rohlfslab/abierly2/LongTR/longTR_pipeline_HG01108/HG01108.chr8.vcf.gz	1.277044 seconds
Concatenating /scratch/rohlfslab/abierly2/LongTR/longTR_pipeline_HG01108/HG01108.chr9.vcf.gz	1.079461 seconds
Concatenating /scratch/rohlfslab/abierly2/LongTR/longTR_pipeline_HG01108/HG01108.chrM.vcf.gz	0.000307 seconds
Concatenating /scratch/rohlfslab/abierly2/LongTR/longTR_pipeline_HG01108/HG01108.chrX.vcf.gz	1.322196 seconds
Concatenating /scratch/rohlfslab/abierly2/LongTR/longTR_pipeline_HG01108/HG01108.chrY.vcf.gz	0.000338 seconds
