Checking the headers and starting positions of 25 files
Concatenating /scratch/rohlfslab/abierly2/LongTR/longTR_pipeline_HG00622/HG00622.chr10.vcf.gz	1.180650 seconds
Concatenating /scratch/rohlfslab/abierly2/LongTR/longTR_pipeline_HG00622/HG00622.chr11.vcf.gz	1.126428 seconds
Concatenating /scratch/rohlfslab/abierly2/LongTR/longTR_pipeline_HG00622/HG00622.chr12.vcf.gz	1.203363 seconds
Concatenating /scratch/rohlfslab/abierly2/LongTR/longTR_pipeline_HG00622/HG00622.chr13.vcf.gz	0.829717 seconds
Concatenating /scratch/rohlfslab/abierly2/LongTR/longTR_pipeline_HG00622/HG00622.chr14.vcf.gz	0.783655 seconds
Concatenating /scratch/rohlfslab/abierly2/LongTR/longTR_pipeline_HG00622/HG00622.chr15.vcf.gz	0.739243 seconds
Concatenating /scratch/rohlfslab/abierly2/LongTR/longTR_pipeline_HG00622/HG00622.chr16.vcf.gz	0.754951 seconds
Concatenating /scratch/rohlfslab/abierly2/LongTR/longTR_pipeline_HG00622/HG00622.chr17.vcf.gz	0.799399 seconds
Concatenating /scratch/rohlfslab/abierly2/LongTR/longTR_pipeline_HG00622/HG00622.chr18.vcf.gz	0.593324 seconds
Concatenating /scratch/rohlfslab/abierly2/LongTR/longTR_pipeline_HG00622/HG00622.chr19.vcf.gz	0.655859 seconds
Concatenating /scratch/rohlfslab/abierly2/LongTR/longTR_pipeline_HG00622/HG00622.chr1.vcf.gz	2.113697 seconds
Concatenating /scratch/rohlfslab/abierly2/LongTR/longTR_pipeline_HG00622/HG00622.chr20.vcf.gz	0.495563 seconds
Concatenating /scratch/rohlfslab/abierly2/LongTR/longTR_pipeline_HG00622/HG00622.chr21.vcf.gz	0.288167 seconds
Concatenating /scratch/rohlfslab/abierly2/LongTR/longTR_pipeline_HG00622/HG00622.chr22.vcf.gz	0.343007 seconds
Concatenating /scratch/rohlfslab/abierly2/LongTR/longTR_pipeline_HG00622/HG00622.chr2.vcf.gz	2.124413 seconds
Concatenating /scratch/rohlfslab/abierly2/LongTR/longTR_pipeline_HG00622/HG00622.chr3.vcf.gz	1.718097 seconds
Concatenating /scratch/rohlfslab/abierly2/LongTR/longTR_pipeline_HG00622/HG00622.chr4.vcf.gz	1.620207 seconds
Concatenating /scratch/rohlfslab/abierly2/LongTR/longTR_pipeline_HG00622/HG00622.chr5.vcf.gz	1.530187 seconds
Concatenating /scratch/rohlfslab/abierly2/LongTR/longTR_pipeline_HG00622/HG00622.chr6.vcf.gz	1.480177 seconds
Concatenating /scratch/rohlfslab/abierly2/LongTR/longTR_pipeline_HG00622/HG00622.chr7.vcf.gz	1.417415 seconds
Concatenating /scratch/rohlfslab/abierly2/LongTR/longTR_pipeline_HG00622/HG00622.chr8.vcf.gz	1.229381 seconds
Concatenating /scratch/rohlfslab/abierly2/LongTR/longTR_pipeline_HG00622/HG00622.chr9.vcf.gz	1.043063 seconds
Concatenating /scratch/rohlfslab/abierly2/LongTR/longTR_pipeline_HG00622/HG00622.chrM.vcf.gz	0.000404 seconds
Concatenating /scratch/rohlfslab/abierly2/LongTR/longTR_pipeline_HG00622/HG00622.chrX.vcf.gz	0.461442 seconds
Concatenating /scratch/rohlfslab/abierly2/LongTR/longTR_pipeline_HG00622/HG00622.chrY.vcf.gz	0.018588 seconds
