Checking the headers and starting positions of 25 files
Concatenating /scratch/rohlfslab/abierly2/LongTR/longTR_pipeline_HG02184/HG02184.chr10.vcf.gz	1.224974 seconds
Concatenating /scratch/rohlfslab/abierly2/LongTR/longTR_pipeline_HG02184/HG02184.chr11.vcf.gz	1.168053 seconds
Concatenating /scratch/rohlfslab/abierly2/LongTR/longTR_pipeline_HG02184/HG02184.chr12.vcf.gz	1.240002 seconds
Concatenating /scratch/rohlfslab/abierly2/LongTR/longTR_pipeline_HG02184/HG02184.chr13.vcf.gz	0.853687 seconds
Concatenating /scratch/rohlfslab/abierly2/LongTR/longTR_pipeline_HG02184/HG02184.chr14.vcf.gz	0.807377 seconds
Concatenating /scratch/rohlfslab/abierly2/LongTR/longTR_pipeline_HG02184/HG02184.chr15.vcf.gz	0.755254 seconds
Concatenating /scratch/rohlfslab/abierly2/LongTR/longTR_pipeline_HG02184/HG02184.chr16.vcf.gz	0.788549 seconds
Concatenating /scratch/rohlfslab/abierly2/LongTR/longTR_pipeline_HG02184/HG02184.chr17.vcf.gz	0.823153 seconds
Concatenating /scratch/rohlfslab/abierly2/LongTR/longTR_pipeline_HG02184/HG02184.chr18.vcf.gz	0.615968 seconds
Concatenating /scratch/rohlfslab/abierly2/LongTR/longTR_pipeline_HG02184/HG02184.chr19.vcf.gz	0.686423 seconds
Concatenating /scratch/rohlfslab/abierly2/LongTR/longTR_pipeline_HG02184/HG02184.chr1.vcf.gz	2.171341 seconds
Concatenating /scratch/rohlfslab/abierly2/LongTR/longTR_pipeline_HG02184/HG02184.chr20.vcf.gz	0.512156 seconds
Concatenating /scratch/rohlfslab/abierly2/LongTR/longTR_pipeline_HG02184/HG02184.chr21.vcf.gz	0.299425 seconds
Concatenating /scratch/rohlfslab/abierly2/LongTR/longTR_pipeline_HG02184/HG02184.chr22.vcf.gz	0.359280 seconds
Concatenating /scratch/rohlfslab/abierly2/LongTR/longTR_pipeline_HG02184/HG02184.chr2.vcf.gz	2.176219 seconds
Concatenating /scratch/rohlfslab/abierly2/LongTR/longTR_pipeline_HG02184/HG02184.chr3.vcf.gz	1.757318 seconds
Concatenating /scratch/rohlfslab/abierly2/LongTR/longTR_pipeline_HG02184/HG02184.chr4.vcf.gz	1.687180 seconds
Concatenating /scratch/rohlfslab/abierly2/LongTR/longTR_pipeline_HG02184/HG02184.chr5.vcf.gz	1.581365 seconds
Concatenating /scratch/rohlfslab/abierly2/LongTR/longTR_pipeline_HG02184/HG02184.chr6.vcf.gz	1.522443 seconds
Concatenating /scratch/rohlfslab/abierly2/LongTR/longTR_pipeline_HG02184/HG02184.chr7.vcf.gz	1.455197 seconds
Concatenating /scratch/rohlfslab/abierly2/LongTR/longTR_pipeline_HG02184/HG02184.chr8.vcf.gz	1.266928 seconds
Concatenating /scratch/rohlfslab/abierly2/LongTR/longTR_pipeline_HG02184/HG02184.chr9.vcf.gz	1.072403 seconds
Concatenating /scratch/rohlfslab/abierly2/LongTR/longTR_pipeline_HG02184/HG02184.chrM.vcf.gz	0.000395 seconds
Concatenating /scratch/rohlfslab/abierly2/LongTR/longTR_pipeline_HG02184/HG02184.chrX.vcf.gz	1.305724 seconds
Concatenating /scratch/rohlfslab/abierly2/LongTR/longTR_pipeline_HG02184/HG02184.chrY.vcf.gz	0.000392 seconds
