Checking the headers and starting positions of 25 files
Concatenating /scratch/rohlfslab/abierly2/LongTR/longTR_pipeline_NA12892/NA12892.chr10.vcf.gz	1.257945 seconds
Concatenating /scratch/rohlfslab/abierly2/LongTR/longTR_pipeline_NA12892/NA12892.chr11.vcf.gz	1.204074 seconds
Concatenating /scratch/rohlfslab/abierly2/LongTR/longTR_pipeline_NA12892/NA12892.chr12.vcf.gz	1.273677 seconds
Concatenating /scratch/rohlfslab/abierly2/LongTR/longTR_pipeline_NA12892/NA12892.chr13.vcf.gz	0.878265 seconds
Concatenating /scratch/rohlfslab/abierly2/LongTR/longTR_pipeline_NA12892/NA12892.chr14.vcf.gz	0.834132 seconds
Concatenating /scratch/rohlfslab/abierly2/LongTR/longTR_pipeline_NA12892/NA12892.chr15.vcf.gz	0.784912 seconds
Concatenating /scratch/rohlfslab/abierly2/LongTR/longTR_pipeline_NA12892/NA12892.chr16.vcf.gz	0.824427 seconds
Concatenating /scratch/rohlfslab/abierly2/LongTR/longTR_pipeline_NA12892/NA12892.chr17.vcf.gz	0.850027 seconds
Concatenating /scratch/rohlfslab/abierly2/LongTR/longTR_pipeline_NA12892/NA12892.chr18.vcf.gz	0.633771 seconds
Concatenating /scratch/rohlfslab/abierly2/LongTR/longTR_pipeline_NA12892/NA12892.chr19.vcf.gz	0.704558 seconds
Concatenating /scratch/rohlfslab/abierly2/LongTR/longTR_pipeline_NA12892/NA12892.chr1.vcf.gz	2.249351 seconds
Concatenating /scratch/rohlfslab/abierly2/LongTR/longTR_pipeline_NA12892/NA12892.chr20.vcf.gz	0.527878 seconds
Concatenating /scratch/rohlfslab/abierly2/LongTR/longTR_pipeline_NA12892/NA12892.chr21.vcf.gz	0.304974 seconds
Concatenating /scratch/rohlfslab/abierly2/LongTR/longTR_pipeline_NA12892/NA12892.chr22.vcf.gz	0.374121 seconds
Concatenating /scratch/rohlfslab/abierly2/LongTR/longTR_pipeline_NA12892/NA12892.chr2.vcf.gz	2.261626 seconds
Concatenating /scratch/rohlfslab/abierly2/LongTR/longTR_pipeline_NA12892/NA12892.chr3.vcf.gz	1.818104 seconds
Concatenating /scratch/rohlfslab/abierly2/LongTR/longTR_pipeline_NA12892/NA12892.chr4.vcf.gz	1.724465 seconds
Concatenating /scratch/rohlfslab/abierly2/LongTR/longTR_pipeline_NA12892/NA12892.chr5.vcf.gz	1.628894 seconds
Concatenating /scratch/rohlfslab/abierly2/LongTR/longTR_pipeline_NA12892/NA12892.chr6.vcf.gz	1.569420 seconds
Concatenating /scratch/rohlfslab/abierly2/LongTR/longTR_pipeline_NA12892/NA12892.chr7.vcf.gz	1.505589 seconds
Concatenating /scratch/rohlfslab/abierly2/LongTR/longTR_pipeline_NA12892/NA12892.chr8.vcf.gz	1.307841 seconds
Concatenating /scratch/rohlfslab/abierly2/LongTR/longTR_pipeline_NA12892/NA12892.chr9.vcf.gz	1.109900 seconds
Concatenating /scratch/rohlfslab/abierly2/LongTR/longTR_pipeline_NA12892/NA12892.chrM.vcf.gz	0.000360 seconds
Concatenating /scratch/rohlfslab/abierly2/LongTR/longTR_pipeline_NA12892/NA12892.chrX.vcf.gz	1.354416 seconds
Concatenating /scratch/rohlfslab/abierly2/LongTR/longTR_pipeline_NA12892/NA12892.chrY.vcf.gz	0.000360 seconds
