Checking the headers and starting positions of 25 files
Concatenating /scratch/rohlfslab/abierly2/LongTR/longTR_pipeline_HG02522/HG02522.chr10.vcf.gz	1.212393 seconds
Concatenating /scratch/rohlfslab/abierly2/LongTR/longTR_pipeline_HG02522/HG02522.chr11.vcf.gz	1.164533 seconds
Concatenating /scratch/rohlfslab/abierly2/LongTR/longTR_pipeline_HG02522/HG02522.chr12.vcf.gz	1.229698 seconds
Concatenating /scratch/rohlfslab/abierly2/LongTR/longTR_pipeline_HG02522/HG02522.chr13.vcf.gz	0.850360 seconds
Concatenating /scratch/rohlfslab/abierly2/LongTR/longTR_pipeline_HG02522/HG02522.chr14.vcf.gz	0.801228 seconds
Concatenating /scratch/rohlfslab/abierly2/LongTR/longTR_pipeline_HG02522/HG02522.chr15.vcf.gz	0.750710 seconds
Concatenating /scratch/rohlfslab/abierly2/LongTR/longTR_pipeline_HG02522/HG02522.chr16.vcf.gz	0.781982 seconds
Concatenating /scratch/rohlfslab/abierly2/LongTR/longTR_pipeline_HG02522/HG02522.chr17.vcf.gz	0.817790 seconds
Concatenating /scratch/rohlfslab/abierly2/LongTR/longTR_pipeline_HG02522/HG02522.chr18.vcf.gz	0.610699 seconds
Concatenating /scratch/rohlfslab/abierly2/LongTR/longTR_pipeline_HG02522/HG02522.chr19.vcf.gz	0.670899 seconds
Concatenating /scratch/rohlfslab/abierly2/LongTR/longTR_pipeline_HG02522/HG02522.chr1.vcf.gz	2.161261 seconds
Concatenating /scratch/rohlfslab/abierly2/LongTR/longTR_pipeline_HG02522/HG02522.chr20.vcf.gz	0.509858 seconds
Concatenating /scratch/rohlfslab/abierly2/LongTR/longTR_pipeline_HG02522/HG02522.chr21.vcf.gz	0.294356 seconds
Concatenating /scratch/rohlfslab/abierly2/LongTR/longTR_pipeline_HG02522/HG02522.chr22.vcf.gz	0.357772 seconds
Concatenating /scratch/rohlfslab/abierly2/LongTR/longTR_pipeline_HG02522/HG02522.chr2.vcf.gz	2.163913 seconds
Concatenating /scratch/rohlfslab/abierly2/LongTR/longTR_pipeline_HG02522/HG02522.chr3.vcf.gz	1.726321 seconds
Concatenating /scratch/rohlfslab/abierly2/LongTR/longTR_pipeline_HG02522/HG02522.chr4.vcf.gz	1.654714 seconds
Concatenating /scratch/rohlfslab/abierly2/LongTR/longTR_pipeline_HG02522/HG02522.chr5.vcf.gz	1.569030 seconds
Concatenating /scratch/rohlfslab/abierly2/LongTR/longTR_pipeline_HG02522/HG02522.chr6.vcf.gz	1.514311 seconds
Concatenating /scratch/rohlfslab/abierly2/LongTR/longTR_pipeline_HG02522/HG02522.chr7.vcf.gz	1.451071 seconds
Concatenating /scratch/rohlfslab/abierly2/LongTR/longTR_pipeline_HG02522/HG02522.chr8.vcf.gz	1.257631 seconds
Concatenating /scratch/rohlfslab/abierly2/LongTR/longTR_pipeline_HG02522/HG02522.chr9.vcf.gz	1.066745 seconds
Concatenating /scratch/rohlfslab/abierly2/LongTR/longTR_pipeline_HG02522/HG02522.chrM.vcf.gz	0.000303 seconds
Concatenating /scratch/rohlfslab/abierly2/LongTR/longTR_pipeline_HG02522/HG02522.chrX.vcf.gz	1.296615 seconds
Concatenating /scratch/rohlfslab/abierly2/LongTR/longTR_pipeline_HG02522/HG02522.chrY.vcf.gz	0.000295 seconds
