Checking the headers and starting positions of 25 files
Concatenating /scratch/rohlfslab/abierly2/LongTR/longTR_pipeline_HG01256/HG01256.chr10.vcf.gz	1.234495 seconds
Concatenating /scratch/rohlfslab/abierly2/LongTR/longTR_pipeline_HG01256/HG01256.chr11.vcf.gz	1.188606 seconds
Concatenating /scratch/rohlfslab/abierly2/LongTR/longTR_pipeline_HG01256/HG01256.chr12.vcf.gz	1.247615 seconds
Concatenating /scratch/rohlfslab/abierly2/LongTR/longTR_pipeline_HG01256/HG01256.chr13.vcf.gz	0.860539 seconds
Concatenating /scratch/rohlfslab/abierly2/LongTR/longTR_pipeline_HG01256/HG01256.chr14.vcf.gz	0.814608 seconds
Concatenating /scratch/rohlfslab/abierly2/LongTR/longTR_pipeline_HG01256/HG01256.chr15.vcf.gz	0.767397 seconds
Concatenating /scratch/rohlfslab/abierly2/LongTR/longTR_pipeline_HG01256/HG01256.chr16.vcf.gz	0.806952 seconds
Concatenating /scratch/rohlfslab/abierly2/LongTR/longTR_pipeline_HG01256/HG01256.chr17.vcf.gz	0.828925 seconds
Concatenating /scratch/rohlfslab/abierly2/LongTR/longTR_pipeline_HG01256/HG01256.chr18.vcf.gz	0.624427 seconds
Concatenating /scratch/rohlfslab/abierly2/LongTR/longTR_pipeline_HG01256/HG01256.chr19.vcf.gz	0.687198 seconds
Concatenating /scratch/rohlfslab/abierly2/LongTR/longTR_pipeline_HG01256/HG01256.chr1.vcf.gz	2.250605 seconds
Concatenating /scratch/rohlfslab/abierly2/LongTR/longTR_pipeline_HG01256/HG01256.chr20.vcf.gz	0.516898 seconds
Concatenating /scratch/rohlfslab/abierly2/LongTR/longTR_pipeline_HG01256/HG01256.chr21.vcf.gz	0.301623 seconds
Concatenating /scratch/rohlfslab/abierly2/LongTR/longTR_pipeline_HG01256/HG01256.chr22.vcf.gz	0.362367 seconds
Concatenating /scratch/rohlfslab/abierly2/LongTR/longTR_pipeline_HG01256/HG01256.chr2.vcf.gz	2.204685 seconds
Concatenating /scratch/rohlfslab/abierly2/LongTR/longTR_pipeline_HG01256/HG01256.chr3.vcf.gz	2.012858 seconds
Concatenating /scratch/rohlfslab/abierly2/LongTR/longTR_pipeline_HG01256/HG01256.chr4.vcf.gz	1.680233 seconds
Concatenating /scratch/rohlfslab/abierly2/LongTR/longTR_pipeline_HG01256/HG01256.chr5.vcf.gz	1.591798 seconds
Concatenating /scratch/rohlfslab/abierly2/LongTR/longTR_pipeline_HG01256/HG01256.chr6.vcf.gz	1.536945 seconds
Concatenating /scratch/rohlfslab/abierly2/LongTR/longTR_pipeline_HG01256/HG01256.chr7.vcf.gz	1.483407 seconds
Concatenating /scratch/rohlfslab/abierly2/LongTR/longTR_pipeline_HG01256/HG01256.chr8.vcf.gz	1.285169 seconds
Concatenating /scratch/rohlfslab/abierly2/LongTR/longTR_pipeline_HG01256/HG01256.chr9.vcf.gz	1.084613 seconds
Concatenating /scratch/rohlfslab/abierly2/LongTR/longTR_pipeline_HG01256/HG01256.chrM.vcf.gz	0.000346 seconds
Concatenating /scratch/rohlfslab/abierly2/LongTR/longTR_pipeline_HG01256/HG01256.chrX.vcf.gz	0.980995 seconds
Concatenating /scratch/rohlfslab/abierly2/LongTR/longTR_pipeline_HG01256/HG01256.chrY.vcf.gz	0.047120 seconds
