Checking the headers and starting positions of 25 files
Concatenating /scratch/rohlfslab/abierly2/LongTR/longTR_pipeline_HG00513/HG00513.chr10.vcf.gz	1.238032 seconds
Concatenating /scratch/rohlfslab/abierly2/LongTR/longTR_pipeline_HG00513/HG00513.chr11.vcf.gz	1.184154 seconds
Concatenating /scratch/rohlfslab/abierly2/LongTR/longTR_pipeline_HG00513/HG00513.chr12.vcf.gz	1.249174 seconds
Concatenating /scratch/rohlfslab/abierly2/LongTR/longTR_pipeline_HG00513/HG00513.chr13.vcf.gz	0.856992 seconds
Concatenating /scratch/rohlfslab/abierly2/LongTR/longTR_pipeline_HG00513/HG00513.chr14.vcf.gz	0.814352 seconds
Concatenating /scratch/rohlfslab/abierly2/LongTR/longTR_pipeline_HG00513/HG00513.chr15.vcf.gz	0.776006 seconds
Concatenating /scratch/rohlfslab/abierly2/LongTR/longTR_pipeline_HG00513/HG00513.chr16.vcf.gz	0.813132 seconds
Concatenating /scratch/rohlfslab/abierly2/LongTR/longTR_pipeline_HG00513/HG00513.chr17.vcf.gz	0.840399 seconds
Concatenating /scratch/rohlfslab/abierly2/LongTR/longTR_pipeline_HG00513/HG00513.chr18.vcf.gz	0.624183 seconds
Concatenating /scratch/rohlfslab/abierly2/LongTR/longTR_pipeline_HG00513/HG00513.chr19.vcf.gz	0.701138 seconds
Concatenating /scratch/rohlfslab/abierly2/LongTR/longTR_pipeline_HG00513/HG00513.chr1.vcf.gz	2.240592 seconds
Concatenating /scratch/rohlfslab/abierly2/LongTR/longTR_pipeline_HG00513/HG00513.chr20.vcf.gz	0.518644 seconds
Concatenating /scratch/rohlfslab/abierly2/LongTR/longTR_pipeline_HG00513/HG00513.chr21.vcf.gz	0.301957 seconds
Concatenating /scratch/rohlfslab/abierly2/LongTR/longTR_pipeline_HG00513/HG00513.chr22.vcf.gz	0.365505 seconds
Concatenating /scratch/rohlfslab/abierly2/LongTR/longTR_pipeline_HG00513/HG00513.chr2.vcf.gz	2.207052 seconds
Concatenating /scratch/rohlfslab/abierly2/LongTR/longTR_pipeline_HG00513/HG00513.chr3.vcf.gz	1.782873 seconds
Concatenating /scratch/rohlfslab/abierly2/LongTR/longTR_pipeline_HG00513/HG00513.chr4.vcf.gz	1.682761 seconds
Concatenating /scratch/rohlfslab/abierly2/LongTR/longTR_pipeline_HG00513/HG00513.chr5.vcf.gz	1.590919 seconds
Concatenating /scratch/rohlfslab/abierly2/LongTR/longTR_pipeline_HG00513/HG00513.chr6.vcf.gz	1.541270 seconds
Concatenating /scratch/rohlfslab/abierly2/LongTR/longTR_pipeline_HG00513/HG00513.chr7.vcf.gz	1.480990 seconds
Concatenating /scratch/rohlfslab/abierly2/LongTR/longTR_pipeline_HG00513/HG00513.chr8.vcf.gz	1.279980 seconds
Concatenating /scratch/rohlfslab/abierly2/LongTR/longTR_pipeline_HG00513/HG00513.chr9.vcf.gz	1.089010 seconds
Concatenating /scratch/rohlfslab/abierly2/LongTR/longTR_pipeline_HG00513/HG00513.chrM.vcf.gz	0.000306 seconds
Concatenating /scratch/rohlfslab/abierly2/LongTR/longTR_pipeline_HG00513/HG00513.chrX.vcf.gz	1.334584 seconds
Concatenating /scratch/rohlfslab/abierly2/LongTR/longTR_pipeline_HG00513/HG00513.chrY.vcf.gz	0.000300 seconds
