Checking the headers and starting positions of 25 files
Concatenating /scratch/rohlfslab/abierly2/LongTR/longTR_pipeline_HG03805/HG03805.chr10.vcf.gz	0.499381 seconds
Concatenating /scratch/rohlfslab/abierly2/LongTR/longTR_pipeline_HG03805/HG03805.chr11.vcf.gz	0.499173 seconds
Concatenating /scratch/rohlfslab/abierly2/LongTR/longTR_pipeline_HG03805/HG03805.chr12.vcf.gz	0.501327 seconds
Concatenating /scratch/rohlfslab/abierly2/LongTR/longTR_pipeline_HG03805/HG03805.chr13.vcf.gz	0.334648 seconds
Concatenating /scratch/rohlfslab/abierly2/LongTR/longTR_pipeline_HG03805/HG03805.chr14.vcf.gz	0.327982 seconds
Concatenating /scratch/rohlfslab/abierly2/LongTR/longTR_pipeline_HG03805/HG03805.chr15.vcf.gz	0.322236 seconds
Concatenating /scratch/rohlfslab/abierly2/LongTR/longTR_pipeline_HG03805/HG03805.chr16.vcf.gz	0.324425 seconds
Concatenating /scratch/rohlfslab/abierly2/LongTR/longTR_pipeline_HG03805/HG03805.chr17.vcf.gz	0.352895 seconds
Concatenating /scratch/rohlfslab/abierly2/LongTR/longTR_pipeline_HG03805/HG03805.chr18.vcf.gz	0.245118 seconds
Concatenating /scratch/rohlfslab/abierly2/LongTR/longTR_pipeline_HG03805/HG03805.chr19.vcf.gz	0.290659 seconds
Concatenating /scratch/rohlfslab/abierly2/LongTR/longTR_pipeline_HG03805/HG03805.chr1.vcf.gz	0.923212 seconds
Concatenating /scratch/rohlfslab/abierly2/LongTR/longTR_pipeline_HG03805/HG03805.chr20.vcf.gz	0.218113 seconds
Concatenating /scratch/rohlfslab/abierly2/LongTR/longTR_pipeline_HG03805/HG03805.chr21.vcf.gz	0.128370 seconds
Concatenating /scratch/rohlfslab/abierly2/LongTR/longTR_pipeline_HG03805/HG03805.chr22.vcf.gz	0.153475 seconds
Concatenating /scratch/rohlfslab/abierly2/LongTR/longTR_pipeline_HG03805/HG03805.chr2.vcf.gz	0.879718 seconds
Concatenating /scratch/rohlfslab/abierly2/LongTR/longTR_pipeline_HG03805/HG03805.chr3.vcf.gz	0.718677 seconds
Concatenating /scratch/rohlfslab/abierly2/LongTR/longTR_pipeline_HG03805/HG03805.chr4.vcf.gz	0.629782 seconds
Concatenating /scratch/rohlfslab/abierly2/LongTR/longTR_pipeline_HG03805/HG03805.chr5.vcf.gz	0.635639 seconds
Concatenating /scratch/rohlfslab/abierly2/LongTR/longTR_pipeline_HG03805/HG03805.chr6.vcf.gz	0.638681 seconds
Concatenating /scratch/rohlfslab/abierly2/LongTR/longTR_pipeline_HG03805/HG03805.chr7.vcf.gz	0.596658 seconds
Concatenating /scratch/rohlfslab/abierly2/LongTR/longTR_pipeline_HG03805/HG03805.chr8.vcf.gz	0.496335 seconds
Concatenating /scratch/rohlfslab/abierly2/LongTR/longTR_pipeline_HG03805/HG03805.chr9.vcf.gz	0.438056 seconds
Concatenating /scratch/rohlfslab/abierly2/LongTR/longTR_pipeline_HG03805/HG03805.chrM.vcf.gz	0.000297 seconds
Concatenating /scratch/rohlfslab/abierly2/LongTR/longTR_pipeline_HG03805/HG03805.chrX.vcf.gz	0.486910 seconds
Concatenating /scratch/rohlfslab/abierly2/LongTR/longTR_pipeline_HG03805/HG03805.chrY.vcf.gz	0.000287 seconds
