Checking the headers and starting positions of 25 files
Concatenating /scratch/rohlfslab/abierly2/LongTR/longTR_pipeline_NA19786/NA19786.chr10.vcf.gz	0.027605 seconds
Concatenating /scratch/rohlfslab/abierly2/LongTR/longTR_pipeline_NA19786/NA19786.chr11.vcf.gz	0.027011 seconds
Concatenating /scratch/rohlfslab/abierly2/LongTR/longTR_pipeline_NA19786/NA19786.chr12.vcf.gz	0.028603 seconds
Concatenating /scratch/rohlfslab/abierly2/LongTR/longTR_pipeline_NA19786/NA19786.chr13.vcf.gz	0.018474 seconds
Concatenating /scratch/rohlfslab/abierly2/LongTR/longTR_pipeline_NA19786/NA19786.chr14.vcf.gz	0.016576 seconds
Concatenating /scratch/rohlfslab/abierly2/LongTR/longTR_pipeline_NA19786/NA19786.chr15.vcf.gz	0.019600 seconds
Concatenating /scratch/rohlfslab/abierly2/LongTR/longTR_pipeline_NA19786/NA19786.chr16.vcf.gz	0.016131 seconds
Concatenating /scratch/rohlfslab/abierly2/LongTR/longTR_pipeline_NA19786/NA19786.chr17.vcf.gz	0.019438 seconds
Concatenating /scratch/rohlfslab/abierly2/LongTR/longTR_pipeline_NA19786/NA19786.chr18.vcf.gz	0.014779 seconds
Concatenating /scratch/rohlfslab/abierly2/LongTR/longTR_pipeline_NA19786/NA19786.chr19.vcf.gz	0.012934 seconds
Concatenating /scratch/rohlfslab/abierly2/LongTR/longTR_pipeline_NA19786/NA19786.chr1.vcf.gz	0.053904 seconds
Concatenating /scratch/rohlfslab/abierly2/LongTR/longTR_pipeline_NA19786/NA19786.chr20.vcf.gz	0.011135 seconds
Concatenating /scratch/rohlfslab/abierly2/LongTR/longTR_pipeline_NA19786/NA19786.chr21.vcf.gz	0.007612 seconds
Concatenating /scratch/rohlfslab/abierly2/LongTR/longTR_pipeline_NA19786/NA19786.chr22.vcf.gz	0.007301 seconds
Concatenating /scratch/rohlfslab/abierly2/LongTR/longTR_pipeline_NA19786/NA19786.chr2.vcf.gz	0.048938 seconds
Concatenating /scratch/rohlfslab/abierly2/LongTR/longTR_pipeline_NA19786/NA19786.chr3.vcf.gz	0.039950 seconds
Concatenating /scratch/rohlfslab/abierly2/LongTR/longTR_pipeline_NA19786/NA19786.chr4.vcf.gz	0.034572 seconds
Concatenating /scratch/rohlfslab/abierly2/LongTR/longTR_pipeline_NA19786/NA19786.chr5.vcf.gz	0.037820 seconds
Concatenating /scratch/rohlfslab/abierly2/LongTR/longTR_pipeline_NA19786/NA19786.chr6.vcf.gz	0.036165 seconds
Concatenating /scratch/rohlfslab/abierly2/LongTR/longTR_pipeline_NA19786/NA19786.chr7.vcf.gz	0.030538 seconds
Concatenating /scratch/rohlfslab/abierly2/LongTR/longTR_pipeline_NA19786/NA19786.chr8.vcf.gz	0.027167 seconds
Concatenating /scratch/rohlfslab/abierly2/LongTR/longTR_pipeline_NA19786/NA19786.chr9.vcf.gz	0.020232 seconds
Concatenating /scratch/rohlfslab/abierly2/LongTR/longTR_pipeline_NA19786/NA19786.chrM.vcf.gz	0.000273 seconds
Concatenating /scratch/rohlfslab/abierly2/LongTR/longTR_pipeline_NA19786/NA19786.chrX.vcf.gz	0.002156 seconds
Concatenating /scratch/rohlfslab/abierly2/LongTR/longTR_pipeline_NA19786/NA19786.chrY.vcf.gz	0.000306 seconds
