Checking the headers and starting positions of 25 files
Concatenating /scratch/rohlfslab/abierly2/LongTR/longTR_pipeline_HG04140/HG04140.chr10.vcf.gz	1.275012 seconds
Concatenating /scratch/rohlfslab/abierly2/LongTR/longTR_pipeline_HG04140/HG04140.chr11.vcf.gz	1.216550 seconds
Concatenating /scratch/rohlfslab/abierly2/LongTR/longTR_pipeline_HG04140/HG04140.chr12.vcf.gz	1.285908 seconds
Concatenating /scratch/rohlfslab/abierly2/LongTR/longTR_pipeline_HG04140/HG04140.chr13.vcf.gz	0.892575 seconds
Concatenating /scratch/rohlfslab/abierly2/LongTR/longTR_pipeline_HG04140/HG04140.chr14.vcf.gz	0.841739 seconds
Concatenating /scratch/rohlfslab/abierly2/LongTR/longTR_pipeline_HG04140/HG04140.chr15.vcf.gz	0.791657 seconds
Concatenating /scratch/rohlfslab/abierly2/LongTR/longTR_pipeline_HG04140/HG04140.chr16.vcf.gz	0.821138 seconds
Concatenating /scratch/rohlfslab/abierly2/LongTR/longTR_pipeline_HG04140/HG04140.chr17.vcf.gz	0.870269 seconds
Concatenating /scratch/rohlfslab/abierly2/LongTR/longTR_pipeline_HG04140/HG04140.chr18.vcf.gz	0.643750 seconds
Concatenating /scratch/rohlfslab/abierly2/LongTR/longTR_pipeline_HG04140/HG04140.chr19.vcf.gz	0.759638 seconds
Concatenating /scratch/rohlfslab/abierly2/LongTR/longTR_pipeline_HG04140/HG04140.chr1.vcf.gz	2.272612 seconds
Concatenating /scratch/rohlfslab/abierly2/LongTR/longTR_pipeline_HG04140/HG04140.chr20.vcf.gz	0.535972 seconds
Concatenating /scratch/rohlfslab/abierly2/LongTR/longTR_pipeline_HG04140/HG04140.chr21.vcf.gz	0.308451 seconds
Concatenating /scratch/rohlfslab/abierly2/LongTR/longTR_pipeline_HG04140/HG04140.chr22.vcf.gz	0.375880 seconds
Concatenating /scratch/rohlfslab/abierly2/LongTR/longTR_pipeline_HG04140/HG04140.chr2.vcf.gz	2.271464 seconds
Concatenating /scratch/rohlfslab/abierly2/LongTR/longTR_pipeline_HG04140/HG04140.chr3.vcf.gz	1.812089 seconds
Concatenating /scratch/rohlfslab/abierly2/LongTR/longTR_pipeline_HG04140/HG04140.chr4.vcf.gz	1.742541 seconds
Concatenating /scratch/rohlfslab/abierly2/LongTR/longTR_pipeline_HG04140/HG04140.chr5.vcf.gz	1.642573 seconds
Concatenating /scratch/rohlfslab/abierly2/LongTR/longTR_pipeline_HG04140/HG04140.chr6.vcf.gz	1.583767 seconds
Concatenating /scratch/rohlfslab/abierly2/LongTR/longTR_pipeline_HG04140/HG04140.chr7.vcf.gz	1.520113 seconds
Concatenating /scratch/rohlfslab/abierly2/LongTR/longTR_pipeline_HG04140/HG04140.chr8.vcf.gz	1.324833 seconds
Concatenating /scratch/rohlfslab/abierly2/LongTR/longTR_pipeline_HG04140/HG04140.chr9.vcf.gz	1.126212 seconds
Concatenating /scratch/rohlfslab/abierly2/LongTR/longTR_pipeline_HG04140/HG04140.chrM.vcf.gz	0.000332 seconds
Concatenating /scratch/rohlfslab/abierly2/LongTR/longTR_pipeline_HG04140/HG04140.chrX.vcf.gz	1.077813 seconds
Concatenating /scratch/rohlfslab/abierly2/LongTR/longTR_pipeline_HG04140/HG04140.chrY.vcf.gz	0.060826 seconds
