Checking the headers and starting positions of 25 files
Concatenating /scratch/rohlfslab/abierly2/LongTR/longTR_pipeline_HG02003/HG02003.chr10.vcf.gz	1.154537 seconds
Concatenating /scratch/rohlfslab/abierly2/LongTR/longTR_pipeline_HG02003/HG02003.chr11.vcf.gz	1.100746 seconds
Concatenating /scratch/rohlfslab/abierly2/LongTR/longTR_pipeline_HG02003/HG02003.chr12.vcf.gz	1.171286 seconds
Concatenating /scratch/rohlfslab/abierly2/LongTR/longTR_pipeline_HG02003/HG02003.chr13.vcf.gz	0.796033 seconds
Concatenating /scratch/rohlfslab/abierly2/LongTR/longTR_pipeline_HG02003/HG02003.chr14.vcf.gz	0.768261 seconds
Concatenating /scratch/rohlfslab/abierly2/LongTR/longTR_pipeline_HG02003/HG02003.chr15.vcf.gz	0.715879 seconds
Concatenating /scratch/rohlfslab/abierly2/LongTR/longTR_pipeline_HG02003/HG02003.chr16.vcf.gz	0.747086 seconds
Concatenating /scratch/rohlfslab/abierly2/LongTR/longTR_pipeline_HG02003/HG02003.chr17.vcf.gz	0.784458 seconds
Concatenating /scratch/rohlfslab/abierly2/LongTR/longTR_pipeline_HG02003/HG02003.chr18.vcf.gz	0.574743 seconds
Concatenating /scratch/rohlfslab/abierly2/LongTR/longTR_pipeline_HG02003/HG02003.chr19.vcf.gz	0.657264 seconds
Concatenating /scratch/rohlfslab/abierly2/LongTR/longTR_pipeline_HG02003/HG02003.chr1.vcf.gz	2.074596 seconds
Concatenating /scratch/rohlfslab/abierly2/LongTR/longTR_pipeline_HG02003/HG02003.chr20.vcf.gz	0.490040 seconds
Concatenating /scratch/rohlfslab/abierly2/LongTR/longTR_pipeline_HG02003/HG02003.chr21.vcf.gz	0.285833 seconds
Concatenating /scratch/rohlfslab/abierly2/LongTR/longTR_pipeline_HG02003/HG02003.chr22.vcf.gz	0.343973 seconds
Concatenating /scratch/rohlfslab/abierly2/LongTR/longTR_pipeline_HG02003/HG02003.chr2.vcf.gz	2.054997 seconds
Concatenating /scratch/rohlfslab/abierly2/LongTR/longTR_pipeline_HG02003/HG02003.chr3.vcf.gz	1.652277 seconds
Concatenating /scratch/rohlfslab/abierly2/LongTR/longTR_pipeline_HG02003/HG02003.chr4.vcf.gz	1.552251 seconds
Concatenating /scratch/rohlfslab/abierly2/LongTR/longTR_pipeline_HG02003/HG02003.chr5.vcf.gz	1.475618 seconds
Concatenating /scratch/rohlfslab/abierly2/LongTR/longTR_pipeline_HG02003/HG02003.chr6.vcf.gz	1.433598 seconds
Concatenating /scratch/rohlfslab/abierly2/LongTR/longTR_pipeline_HG02003/HG02003.chr7.vcf.gz	1.374653 seconds
Concatenating /scratch/rohlfslab/abierly2/LongTR/longTR_pipeline_HG02003/HG02003.chr8.vcf.gz	1.186663 seconds
Concatenating /scratch/rohlfslab/abierly2/LongTR/longTR_pipeline_HG02003/HG02003.chr9.vcf.gz	1.016584 seconds
Concatenating /scratch/rohlfslab/abierly2/LongTR/longTR_pipeline_HG02003/HG02003.chrM.vcf.gz	0.000337 seconds
Concatenating /scratch/rohlfslab/abierly2/LongTR/longTR_pipeline_HG02003/HG02003.chrX.vcf.gz	1.201189 seconds
Concatenating /scratch/rohlfslab/abierly2/LongTR/longTR_pipeline_HG02003/HG02003.chrY.vcf.gz	0.000410 seconds
