Checking the headers and starting positions of 25 files
Concatenating /scratch/rohlfslab/abierly2/LongTR/longTR_pipeline_NA10859/NA10859.chr10.vcf.gz	0.897579 seconds
Concatenating /scratch/rohlfslab/abierly2/LongTR/longTR_pipeline_NA10859/NA10859.chr11.vcf.gz	0.857734 seconds
Concatenating /scratch/rohlfslab/abierly2/LongTR/longTR_pipeline_NA10859/NA10859.chr12.vcf.gz	0.923566 seconds
Concatenating /scratch/rohlfslab/abierly2/LongTR/longTR_pipeline_NA10859/NA10859.chr13.vcf.gz	0.601965 seconds
Concatenating /scratch/rohlfslab/abierly2/LongTR/longTR_pipeline_NA10859/NA10859.chr14.vcf.gz	0.586804 seconds
Concatenating /scratch/rohlfslab/abierly2/LongTR/longTR_pipeline_NA10859/NA10859.chr15.vcf.gz	0.571667 seconds
Concatenating /scratch/rohlfslab/abierly2/LongTR/longTR_pipeline_NA10859/NA10859.chr16.vcf.gz	0.604984 seconds
Concatenating /scratch/rohlfslab/abierly2/LongTR/longTR_pipeline_NA10859/NA10859.chr17.vcf.gz	0.632117 seconds
Concatenating /scratch/rohlfslab/abierly2/LongTR/longTR_pipeline_NA10859/NA10859.chr18.vcf.gz	0.438866 seconds
Concatenating /scratch/rohlfslab/abierly2/LongTR/longTR_pipeline_NA10859/NA10859.chr19.vcf.gz	0.537212 seconds
Concatenating /scratch/rohlfslab/abierly2/LongTR/longTR_pipeline_NA10859/NA10859.chr1.vcf.gz	1.621906 seconds
Concatenating /scratch/rohlfslab/abierly2/LongTR/longTR_pipeline_NA10859/NA10859.chr20.vcf.gz	0.393785 seconds
Concatenating /scratch/rohlfslab/abierly2/LongTR/longTR_pipeline_NA10859/NA10859.chr21.vcf.gz	0.219181 seconds
Concatenating /scratch/rohlfslab/abierly2/LongTR/longTR_pipeline_NA10859/NA10859.chr22.vcf.gz	0.287128 seconds
Concatenating /scratch/rohlfslab/abierly2/LongTR/longTR_pipeline_NA10859/NA10859.chr2.vcf.gz	1.573943 seconds
Concatenating /scratch/rohlfslab/abierly2/LongTR/longTR_pipeline_NA10859/NA10859.chr3.vcf.gz	1.277136 seconds
Concatenating /scratch/rohlfslab/abierly2/LongTR/longTR_pipeline_NA10859/NA10859.chr4.vcf.gz	1.175662 seconds
Concatenating /scratch/rohlfslab/abierly2/LongTR/longTR_pipeline_NA10859/NA10859.chr5.vcf.gz	1.143325 seconds
Concatenating /scratch/rohlfslab/abierly2/LongTR/longTR_pipeline_NA10859/NA10859.chr6.vcf.gz	1.112418 seconds
Concatenating /scratch/rohlfslab/abierly2/LongTR/longTR_pipeline_NA10859/NA10859.chr7.vcf.gz	1.072284 seconds
Concatenating /scratch/rohlfslab/abierly2/LongTR/longTR_pipeline_NA10859/NA10859.chr8.vcf.gz	0.917732 seconds
Concatenating /scratch/rohlfslab/abierly2/LongTR/longTR_pipeline_NA10859/NA10859.chr9.vcf.gz	0.797409 seconds
Concatenating /scratch/rohlfslab/abierly2/LongTR/longTR_pipeline_NA10859/NA10859.chrM.vcf.gz	0.000348 seconds
Concatenating /scratch/rohlfslab/abierly2/LongTR/longTR_pipeline_NA10859/NA10859.chrX.vcf.gz	0.747976 seconds
Concatenating /scratch/rohlfslab/abierly2/LongTR/longTR_pipeline_NA10859/NA10859.chrY.vcf.gz	0.000389 seconds
