Checking the headers and starting positions of 25 files
Concatenating /scratch/rohlfslab/abierly2/LongTR/longTR_pipeline_NA18612/NA18612.chr10.vcf.gz	1.197591 seconds
Concatenating /scratch/rohlfslab/abierly2/LongTR/longTR_pipeline_NA18612/NA18612.chr11.vcf.gz	1.136226 seconds
Concatenating /scratch/rohlfslab/abierly2/LongTR/longTR_pipeline_NA18612/NA18612.chr12.vcf.gz	1.206658 seconds
Concatenating /scratch/rohlfslab/abierly2/LongTR/longTR_pipeline_NA18612/NA18612.chr13.vcf.gz	0.837351 seconds
Concatenating /scratch/rohlfslab/abierly2/LongTR/longTR_pipeline_NA18612/NA18612.chr14.vcf.gz	0.785853 seconds
Concatenating /scratch/rohlfslab/abierly2/LongTR/longTR_pipeline_NA18612/NA18612.chr15.vcf.gz	0.736489 seconds
Concatenating /scratch/rohlfslab/abierly2/LongTR/longTR_pipeline_NA18612/NA18612.chr16.vcf.gz	0.778840 seconds
Concatenating /scratch/rohlfslab/abierly2/LongTR/longTR_pipeline_NA18612/NA18612.chr17.vcf.gz	0.801744 seconds
Concatenating /scratch/rohlfslab/abierly2/LongTR/longTR_pipeline_NA18612/NA18612.chr18.vcf.gz	0.601817 seconds
Concatenating /scratch/rohlfslab/abierly2/LongTR/longTR_pipeline_NA18612/NA18612.chr19.vcf.gz	0.668661 seconds
Concatenating /scratch/rohlfslab/abierly2/LongTR/longTR_pipeline_NA18612/NA18612.chr1.vcf.gz	2.127108 seconds
Concatenating /scratch/rohlfslab/abierly2/LongTR/longTR_pipeline_NA18612/NA18612.chr20.vcf.gz	0.502211 seconds
Concatenating /scratch/rohlfslab/abierly2/LongTR/longTR_pipeline_NA18612/NA18612.chr21.vcf.gz	0.289127 seconds
Concatenating /scratch/rohlfslab/abierly2/LongTR/longTR_pipeline_NA18612/NA18612.chr22.vcf.gz	0.354461 seconds
Concatenating /scratch/rohlfslab/abierly2/LongTR/longTR_pipeline_NA18612/NA18612.chr2.vcf.gz	2.121688 seconds
Concatenating /scratch/rohlfslab/abierly2/LongTR/longTR_pipeline_NA18612/NA18612.chr3.vcf.gz	1.702527 seconds
Concatenating /scratch/rohlfslab/abierly2/LongTR/longTR_pipeline_NA18612/NA18612.chr4.vcf.gz	1.620653 seconds
Concatenating /scratch/rohlfslab/abierly2/LongTR/longTR_pipeline_NA18612/NA18612.chr5.vcf.gz	1.536313 seconds
Concatenating /scratch/rohlfslab/abierly2/LongTR/longTR_pipeline_NA18612/NA18612.chr6.vcf.gz	1.478017 seconds
Concatenating /scratch/rohlfslab/abierly2/LongTR/longTR_pipeline_NA18612/NA18612.chr7.vcf.gz	1.430440 seconds
Concatenating /scratch/rohlfslab/abierly2/LongTR/longTR_pipeline_NA18612/NA18612.chr8.vcf.gz	1.227480 seconds
Concatenating /scratch/rohlfslab/abierly2/LongTR/longTR_pipeline_NA18612/NA18612.chr9.vcf.gz	1.048007 seconds
Concatenating /scratch/rohlfslab/abierly2/LongTR/longTR_pipeline_NA18612/NA18612.chrM.vcf.gz	0.000433 seconds
Concatenating /scratch/rohlfslab/abierly2/LongTR/longTR_pipeline_NA18612/NA18612.chrX.vcf.gz	0.551730 seconds
Concatenating /scratch/rohlfslab/abierly2/LongTR/longTR_pipeline_NA18612/NA18612.chrY.vcf.gz	0.026093 seconds
