Checking the headers and starting positions of 25 files
Concatenating /scratch/rohlfslab/abierly2/LongTR/longTR_pipeline_HG01805/HG01805.chr10.vcf.gz	1.181066 seconds
Concatenating /scratch/rohlfslab/abierly2/LongTR/longTR_pipeline_HG01805/HG01805.chr11.vcf.gz	1.122914 seconds
Concatenating /scratch/rohlfslab/abierly2/LongTR/longTR_pipeline_HG01805/HG01805.chr12.vcf.gz	1.196776 seconds
Concatenating /scratch/rohlfslab/abierly2/LongTR/longTR_pipeline_HG01805/HG01805.chr13.vcf.gz	0.819522 seconds
Concatenating /scratch/rohlfslab/abierly2/LongTR/longTR_pipeline_HG01805/HG01805.chr14.vcf.gz	0.787615 seconds
Concatenating /scratch/rohlfslab/abierly2/LongTR/longTR_pipeline_HG01805/HG01805.chr15.vcf.gz	0.724950 seconds
Concatenating /scratch/rohlfslab/abierly2/LongTR/longTR_pipeline_HG01805/HG01805.chr16.vcf.gz	0.737854 seconds
Concatenating /scratch/rohlfslab/abierly2/LongTR/longTR_pipeline_HG01805/HG01805.chr17.vcf.gz	0.779422 seconds
Concatenating /scratch/rohlfslab/abierly2/LongTR/longTR_pipeline_HG01805/HG01805.chr18.vcf.gz	0.584484 seconds
Concatenating /scratch/rohlfslab/abierly2/LongTR/longTR_pipeline_HG01805/HG01805.chr19.vcf.gz	0.638754 seconds
Concatenating /scratch/rohlfslab/abierly2/LongTR/longTR_pipeline_HG01805/HG01805.chr1.vcf.gz	2.061179 seconds
Concatenating /scratch/rohlfslab/abierly2/LongTR/longTR_pipeline_HG01805/HG01805.chr20.vcf.gz	0.484529 seconds
Concatenating /scratch/rohlfslab/abierly2/LongTR/longTR_pipeline_HG01805/HG01805.chr21.vcf.gz	0.281251 seconds
Concatenating /scratch/rohlfslab/abierly2/LongTR/longTR_pipeline_HG01805/HG01805.chr22.vcf.gz	0.336904 seconds
Concatenating /scratch/rohlfslab/abierly2/LongTR/longTR_pipeline_HG01805/HG01805.chr2.vcf.gz	2.079306 seconds
Concatenating /scratch/rohlfslab/abierly2/LongTR/longTR_pipeline_HG01805/HG01805.chr3.vcf.gz	1.671142 seconds
Concatenating /scratch/rohlfslab/abierly2/LongTR/longTR_pipeline_HG01805/HG01805.chr4.vcf.gz	1.579605 seconds
Concatenating /scratch/rohlfslab/abierly2/LongTR/longTR_pipeline_HG01805/HG01805.chr5.vcf.gz	1.492782 seconds
Concatenating /scratch/rohlfslab/abierly2/LongTR/longTR_pipeline_HG01805/HG01805.chr6.vcf.gz	1.437482 seconds
Concatenating /scratch/rohlfslab/abierly2/LongTR/longTR_pipeline_HG01805/HG01805.chr7.vcf.gz	1.382054 seconds
Concatenating /scratch/rohlfslab/abierly2/LongTR/longTR_pipeline_HG01805/HG01805.chr8.vcf.gz	1.202759 seconds
Concatenating /scratch/rohlfslab/abierly2/LongTR/longTR_pipeline_HG01805/HG01805.chr9.vcf.gz	1.009861 seconds
Concatenating /scratch/rohlfslab/abierly2/LongTR/longTR_pipeline_HG01805/HG01805.chrM.vcf.gz	0.000355 seconds
Concatenating /scratch/rohlfslab/abierly2/LongTR/longTR_pipeline_HG01805/HG01805.chrX.vcf.gz	1.233092 seconds
Concatenating /scratch/rohlfslab/abierly2/LongTR/longTR_pipeline_HG01805/HG01805.chrY.vcf.gz	0.000305 seconds
