Checking the headers and starting positions of 25 files
Concatenating /scratch/rohlfslab/abierly2/LongTR/longTR_pipeline_HG02687/HG02687.chr10.vcf.gz	0.810132 seconds
Concatenating /scratch/rohlfslab/abierly2/LongTR/longTR_pipeline_HG02687/HG02687.chr11.vcf.gz	0.767965 seconds
Concatenating /scratch/rohlfslab/abierly2/LongTR/longTR_pipeline_HG02687/HG02687.chr12.vcf.gz	0.836570 seconds
Concatenating /scratch/rohlfslab/abierly2/LongTR/longTR_pipeline_HG02687/HG02687.chr13.vcf.gz	0.609054 seconds
Concatenating /scratch/rohlfslab/abierly2/LongTR/longTR_pipeline_HG02687/HG02687.chr14.vcf.gz	0.581875 seconds
Concatenating /scratch/rohlfslab/abierly2/LongTR/longTR_pipeline_HG02687/HG02687.chr15.vcf.gz	0.548924 seconds
Concatenating /scratch/rohlfslab/abierly2/LongTR/longTR_pipeline_HG02687/HG02687.chr16.vcf.gz	0.563355 seconds
Concatenating /scratch/rohlfslab/abierly2/LongTR/longTR_pipeline_HG02687/HG02687.chr17.vcf.gz	0.602992 seconds
Concatenating /scratch/rohlfslab/abierly2/LongTR/longTR_pipeline_HG02687/HG02687.chr18.vcf.gz	0.440551 seconds
Concatenating /scratch/rohlfslab/abierly2/LongTR/longTR_pipeline_HG02687/HG02687.chr19.vcf.gz	0.468122 seconds
Concatenating /scratch/rohlfslab/abierly2/LongTR/longTR_pipeline_HG02687/HG02687.chr1.vcf.gz	1.546479 seconds
Concatenating /scratch/rohlfslab/abierly2/LongTR/longTR_pipeline_HG02687/HG02687.chr20.vcf.gz	0.360453 seconds
Concatenating /scratch/rohlfslab/abierly2/LongTR/longTR_pipeline_HG02687/HG02687.chr21.vcf.gz	0.210786 seconds
Concatenating /scratch/rohlfslab/abierly2/LongTR/longTR_pipeline_HG02687/HG02687.chr22.vcf.gz	0.248554 seconds
Concatenating /scratch/rohlfslab/abierly2/LongTR/longTR_pipeline_HG02687/HG02687.chr2.vcf.gz	1.526107 seconds
Concatenating /scratch/rohlfslab/abierly2/LongTR/longTR_pipeline_HG02687/HG02687.chr3.vcf.gz	1.273335 seconds
Concatenating /scratch/rohlfslab/abierly2/LongTR/longTR_pipeline_HG02687/HG02687.chr4.vcf.gz	1.135450 seconds
Concatenating /scratch/rohlfslab/abierly2/LongTR/longTR_pipeline_HG02687/HG02687.chr5.vcf.gz	1.041527 seconds
Concatenating /scratch/rohlfslab/abierly2/LongTR/longTR_pipeline_HG02687/HG02687.chr6.vcf.gz	1.008223 seconds
Concatenating /scratch/rohlfslab/abierly2/LongTR/longTR_pipeline_HG02687/HG02687.chr7.vcf.gz	0.967980 seconds
Concatenating /scratch/rohlfslab/abierly2/LongTR/longTR_pipeline_HG02687/HG02687.chr8.vcf.gz	0.829666 seconds
Concatenating /scratch/rohlfslab/abierly2/LongTR/longTR_pipeline_HG02687/HG02687.chr9.vcf.gz	0.695690 seconds
Concatenating /scratch/rohlfslab/abierly2/LongTR/longTR_pipeline_HG02687/HG02687.chrM.vcf.gz	0.000316 seconds
Concatenating /scratch/rohlfslab/abierly2/LongTR/longTR_pipeline_HG02687/HG02687.chrX.vcf.gz	0.123370 seconds
Concatenating /scratch/rohlfslab/abierly2/LongTR/longTR_pipeline_HG02687/HG02687.chrY.vcf.gz	0.004522 seconds
