Checking the headers and starting positions of 25 files
Concatenating /scratch/rohlfslab/abierly2/LongTR/longTR_pipeline_HG01967/HG01967.chr10.vcf.gz	1.186643 seconds
Concatenating /scratch/rohlfslab/abierly2/LongTR/longTR_pipeline_HG01967/HG01967.chr11.vcf.gz	1.126289 seconds
Concatenating /scratch/rohlfslab/abierly2/LongTR/longTR_pipeline_HG01967/HG01967.chr12.vcf.gz	1.205470 seconds
Concatenating /scratch/rohlfslab/abierly2/LongTR/longTR_pipeline_HG01967/HG01967.chr13.vcf.gz	0.825760 seconds
Concatenating /scratch/rohlfslab/abierly2/LongTR/longTR_pipeline_HG01967/HG01967.chr14.vcf.gz	0.785145 seconds
Concatenating /scratch/rohlfslab/abierly2/LongTR/longTR_pipeline_HG01967/HG01967.chr15.vcf.gz	0.738520 seconds
Concatenating /scratch/rohlfslab/abierly2/LongTR/longTR_pipeline_HG01967/HG01967.chr16.vcf.gz	0.773744 seconds
Concatenating /scratch/rohlfslab/abierly2/LongTR/longTR_pipeline_HG01967/HG01967.chr17.vcf.gz	0.806550 seconds
Concatenating /scratch/rohlfslab/abierly2/LongTR/longTR_pipeline_HG01967/HG01967.chr18.vcf.gz	0.595572 seconds
Concatenating /scratch/rohlfslab/abierly2/LongTR/longTR_pipeline_HG01967/HG01967.chr19.vcf.gz	0.677646 seconds
Concatenating /scratch/rohlfslab/abierly2/LongTR/longTR_pipeline_HG01967/HG01967.chr1.vcf.gz	2.118675 seconds
Concatenating /scratch/rohlfslab/abierly2/LongTR/longTR_pipeline_HG01967/HG01967.chr20.vcf.gz	0.501273 seconds
Concatenating /scratch/rohlfslab/abierly2/LongTR/longTR_pipeline_HG01967/HG01967.chr21.vcf.gz	0.289436 seconds
Concatenating /scratch/rohlfslab/abierly2/LongTR/longTR_pipeline_HG01967/HG01967.chr22.vcf.gz	0.354146 seconds
Concatenating /scratch/rohlfslab/abierly2/LongTR/longTR_pipeline_HG01967/HG01967.chr2.vcf.gz	2.119040 seconds
Concatenating /scratch/rohlfslab/abierly2/LongTR/longTR_pipeline_HG01967/HG01967.chr3.vcf.gz	1.689738 seconds
Concatenating /scratch/rohlfslab/abierly2/LongTR/longTR_pipeline_HG01967/HG01967.chr4.vcf.gz	1.633942 seconds
Concatenating /scratch/rohlfslab/abierly2/LongTR/longTR_pipeline_HG01967/HG01967.chr5.vcf.gz	1.524563 seconds
Concatenating /scratch/rohlfslab/abierly2/LongTR/longTR_pipeline_HG01967/HG01967.chr6.vcf.gz	1.474609 seconds
Concatenating /scratch/rohlfslab/abierly2/LongTR/longTR_pipeline_HG01967/HG01967.chr7.vcf.gz	1.426856 seconds
Concatenating /scratch/rohlfslab/abierly2/LongTR/longTR_pipeline_HG01967/HG01967.chr8.vcf.gz	1.226976 seconds
Concatenating /scratch/rohlfslab/abierly2/LongTR/longTR_pipeline_HG01967/HG01967.chr9.vcf.gz	1.045389 seconds
Concatenating /scratch/rohlfslab/abierly2/LongTR/longTR_pipeline_HG01967/HG01967.chrM.vcf.gz	0.000345 seconds
Concatenating /scratch/rohlfslab/abierly2/LongTR/longTR_pipeline_HG01967/HG01967.chrX.vcf.gz	0.493777 seconds
Concatenating /scratch/rohlfslab/abierly2/LongTR/longTR_pipeline_HG01967/HG01967.chrY.vcf.gz	0.044541 seconds
