Checking the headers and starting positions of 25 files
Concatenating /scratch/rohlfslab/abierly2/LongTR/longTR_pipeline_NA19658/NA19658.chr10.vcf.gz	1.182982 seconds
Concatenating /scratch/rohlfslab/abierly2/LongTR/longTR_pipeline_NA19658/NA19658.chr11.vcf.gz	1.123474 seconds
Concatenating /scratch/rohlfslab/abierly2/LongTR/longTR_pipeline_NA19658/NA19658.chr12.vcf.gz	1.184779 seconds
Concatenating /scratch/rohlfslab/abierly2/LongTR/longTR_pipeline_NA19658/NA19658.chr13.vcf.gz	0.819459 seconds
Concatenating /scratch/rohlfslab/abierly2/LongTR/longTR_pipeline_NA19658/NA19658.chr14.vcf.gz	0.779455 seconds
Concatenating /scratch/rohlfslab/abierly2/LongTR/longTR_pipeline_NA19658/NA19658.chr15.vcf.gz	0.730153 seconds
Concatenating /scratch/rohlfslab/abierly2/LongTR/longTR_pipeline_NA19658/NA19658.chr16.vcf.gz	0.777485 seconds
Concatenating /scratch/rohlfslab/abierly2/LongTR/longTR_pipeline_NA19658/NA19658.chr17.vcf.gz	0.801043 seconds
Concatenating /scratch/rohlfslab/abierly2/LongTR/longTR_pipeline_NA19658/NA19658.chr18.vcf.gz	0.588764 seconds
Concatenating /scratch/rohlfslab/abierly2/LongTR/longTR_pipeline_NA19658/NA19658.chr19.vcf.gz	0.672943 seconds
Concatenating /scratch/rohlfslab/abierly2/LongTR/longTR_pipeline_NA19658/NA19658.chr1.vcf.gz	2.104573 seconds
Concatenating /scratch/rohlfslab/abierly2/LongTR/longTR_pipeline_NA19658/NA19658.chr20.vcf.gz	0.501689 seconds
Concatenating /scratch/rohlfslab/abierly2/LongTR/longTR_pipeline_NA19658/NA19658.chr21.vcf.gz	0.288380 seconds
Concatenating /scratch/rohlfslab/abierly2/LongTR/longTR_pipeline_NA19658/NA19658.chr22.vcf.gz	0.354368 seconds
Concatenating /scratch/rohlfslab/abierly2/LongTR/longTR_pipeline_NA19658/NA19658.chr2.vcf.gz	2.088633 seconds
Concatenating /scratch/rohlfslab/abierly2/LongTR/longTR_pipeline_NA19658/NA19658.chr3.vcf.gz	1.685307 seconds
Concatenating /scratch/rohlfslab/abierly2/LongTR/longTR_pipeline_NA19658/NA19658.chr4.vcf.gz	1.587796 seconds
Concatenating /scratch/rohlfslab/abierly2/LongTR/longTR_pipeline_NA19658/NA19658.chr5.vcf.gz	1.503723 seconds
Concatenating /scratch/rohlfslab/abierly2/LongTR/longTR_pipeline_NA19658/NA19658.chr6.vcf.gz	1.465720 seconds
Concatenating /scratch/rohlfslab/abierly2/LongTR/longTR_pipeline_NA19658/NA19658.chr7.vcf.gz	1.406251 seconds
Concatenating /scratch/rohlfslab/abierly2/LongTR/longTR_pipeline_NA19658/NA19658.chr8.vcf.gz	1.223624 seconds
Concatenating /scratch/rohlfslab/abierly2/LongTR/longTR_pipeline_NA19658/NA19658.chr9.vcf.gz	1.037533 seconds
Concatenating /scratch/rohlfslab/abierly2/LongTR/longTR_pipeline_NA19658/NA19658.chrM.vcf.gz	0.000346 seconds
Concatenating /scratch/rohlfslab/abierly2/LongTR/longTR_pipeline_NA19658/NA19658.chrX.vcf.gz	0.495249 seconds
Concatenating /scratch/rohlfslab/abierly2/LongTR/longTR_pipeline_NA19658/NA19658.chrY.vcf.gz	0.019847 seconds
