LongTR full pipeline starting
Tue Aug  4 02:21:26 PDT 2026
Processing sample: HG03895
Missing or unindexed: /scratch/rohlfslab/abierly2/LongTR/longTR_pipeline_HG03895/HG03895.chr1.vcf.gz
Some per-chromosome VCFs missing. Running genotyping...
Processing chromosome chrM...
Chromosome chrM complete.
Processing chromosome chrY...
Chromosome chrY complete.
Processing chromosome chr21...
Chromosome chr21 complete.
Processing chromosome chr22...
Chromosome chr22 complete.
Processing chromosome chr20...
Chromosome chr20 complete.
Processing chromosome chr18...
Chromosome chr18 complete.
Processing chromosome chr19...
Chromosome chr19 complete.
Processing chromosome chr14...
Chromosome chr14 complete.
Processing chromosome chr13...
Chromosome chr13 complete.
Processing chromosome chr15...
Chromosome chr15 complete.
Processing chromosome chr17...
Chromosome chr17 complete.
Processing chromosome chr16...
Chromosome chr16 complete.
Processing chromosome chr9...
Chromosome chr9 complete.
Processing chromosome chr11...
Chromosome chr11 complete.
Processing chromosome chr10...
Chromosome chr10 complete.
Processing chromosome chrX...
Chromosome chrX complete.
Processing chromosome chr12...
Chromosome chr12 complete.
Processing chromosome chr8...
Chromosome chr8 complete.
Processing chromosome chr7...
Chromosome chr7 complete.
Processing chromosome chr5...
Chromosome chr5 complete.
Processing chromosome chr6...
Chromosome chr6 complete.
Processing chromosome chr4...
Chromosome chr4 complete.
Processing chromosome chr3...
Chromosome chr3 complete.
Processing chromosome chr2...
Chromosome chr2 complete.
Processing chromosome chr1...
Chromosome chr1 complete.
Genotyping complete for HG03895
Starting merge for HG03895...
Concatenating chromosome VCFs for HG03895...
Indexing merged VCF for HG03895...
Pipeline complete for HG03895!
Tue Aug  4 02:41:01 PDT 2026
