Checking the headers and starting positions of 25 files
Concatenating /scratch/rohlfslab/abierly2/LongTR/longTR_pipeline_HG01133/HG01133.chr10.vcf.gz	1.198621 seconds
Concatenating /scratch/rohlfslab/abierly2/LongTR/longTR_pipeline_HG01133/HG01133.chr11.vcf.gz	1.144532 seconds
Concatenating /scratch/rohlfslab/abierly2/LongTR/longTR_pipeline_HG01133/HG01133.chr12.vcf.gz	1.219566 seconds
Concatenating /scratch/rohlfslab/abierly2/LongTR/longTR_pipeline_HG01133/HG01133.chr13.vcf.gz	0.837145 seconds
Concatenating /scratch/rohlfslab/abierly2/LongTR/longTR_pipeline_HG01133/HG01133.chr14.vcf.gz	0.794256 seconds
Concatenating /scratch/rohlfslab/abierly2/LongTR/longTR_pipeline_HG01133/HG01133.chr15.vcf.gz	0.753058 seconds
Concatenating /scratch/rohlfslab/abierly2/LongTR/longTR_pipeline_HG01133/HG01133.chr16.vcf.gz	0.770130 seconds
Concatenating /scratch/rohlfslab/abierly2/LongTR/longTR_pipeline_HG01133/HG01133.chr17.vcf.gz	0.807332 seconds
Concatenating /scratch/rohlfslab/abierly2/LongTR/longTR_pipeline_HG01133/HG01133.chr18.vcf.gz	0.604225 seconds
Concatenating /scratch/rohlfslab/abierly2/LongTR/longTR_pipeline_HG01133/HG01133.chr19.vcf.gz	0.672485 seconds
Concatenating /scratch/rohlfslab/abierly2/LongTR/longTR_pipeline_HG01133/HG01133.chr1.vcf.gz	2.149926 seconds
Concatenating /scratch/rohlfslab/abierly2/LongTR/longTR_pipeline_HG01133/HG01133.chr20.vcf.gz	0.502966 seconds
Concatenating /scratch/rohlfslab/abierly2/LongTR/longTR_pipeline_HG01133/HG01133.chr21.vcf.gz	0.287849 seconds
Concatenating /scratch/rohlfslab/abierly2/LongTR/longTR_pipeline_HG01133/HG01133.chr22.vcf.gz	0.353229 seconds
Concatenating /scratch/rohlfslab/abierly2/LongTR/longTR_pipeline_HG01133/HG01133.chr2.vcf.gz	2.145441 seconds
Concatenating /scratch/rohlfslab/abierly2/LongTR/longTR_pipeline_HG01133/HG01133.chr3.vcf.gz	1.711182 seconds
Concatenating /scratch/rohlfslab/abierly2/LongTR/longTR_pipeline_HG01133/HG01133.chr4.vcf.gz	1.627254 seconds
Concatenating /scratch/rohlfslab/abierly2/LongTR/longTR_pipeline_HG01133/HG01133.chr5.vcf.gz	1.549291 seconds
Concatenating /scratch/rohlfslab/abierly2/LongTR/longTR_pipeline_HG01133/HG01133.chr6.vcf.gz	1.503571 seconds
Concatenating /scratch/rohlfslab/abierly2/LongTR/longTR_pipeline_HG01133/HG01133.chr7.vcf.gz	1.466989 seconds
Concatenating /scratch/rohlfslab/abierly2/LongTR/longTR_pipeline_HG01133/HG01133.chr8.vcf.gz	1.247521 seconds
Concatenating /scratch/rohlfslab/abierly2/LongTR/longTR_pipeline_HG01133/HG01133.chr9.vcf.gz	1.069784 seconds
Concatenating /scratch/rohlfslab/abierly2/LongTR/longTR_pipeline_HG01133/HG01133.chrM.vcf.gz	0.000311 seconds
Concatenating /scratch/rohlfslab/abierly2/LongTR/longTR_pipeline_HG01133/HG01133.chrX.vcf.gz	0.524954 seconds
Concatenating /scratch/rohlfslab/abierly2/LongTR/longTR_pipeline_HG01133/HG01133.chrY.vcf.gz	0.021982 seconds
