Checking the headers and starting positions of 25 files
Concatenating /scratch/rohlfslab/abierly2/LongTR/longTR_pipeline_NA19675/NA19675.chr10.vcf.gz	1.242184 seconds
Concatenating /scratch/rohlfslab/abierly2/LongTR/longTR_pipeline_NA19675/NA19675.chr11.vcf.gz	1.187139 seconds
Concatenating /scratch/rohlfslab/abierly2/LongTR/longTR_pipeline_NA19675/NA19675.chr12.vcf.gz	1.264084 seconds
Concatenating /scratch/rohlfslab/abierly2/LongTR/longTR_pipeline_NA19675/NA19675.chr13.vcf.gz	0.865896 seconds
Concatenating /scratch/rohlfslab/abierly2/LongTR/longTR_pipeline_NA19675/NA19675.chr14.vcf.gz	0.822752 seconds
Concatenating /scratch/rohlfslab/abierly2/LongTR/longTR_pipeline_NA19675/NA19675.chr15.vcf.gz	0.775251 seconds
Concatenating /scratch/rohlfslab/abierly2/LongTR/longTR_pipeline_NA19675/NA19675.chr16.vcf.gz	0.814881 seconds
Concatenating /scratch/rohlfslab/abierly2/LongTR/longTR_pipeline_NA19675/NA19675.chr17.vcf.gz	0.842135 seconds
Concatenating /scratch/rohlfslab/abierly2/LongTR/longTR_pipeline_NA19675/NA19675.chr18.vcf.gz	0.626713 seconds
Concatenating /scratch/rohlfslab/abierly2/LongTR/longTR_pipeline_NA19675/NA19675.chr19.vcf.gz	0.703631 seconds
Concatenating /scratch/rohlfslab/abierly2/LongTR/longTR_pipeline_NA19675/NA19675.chr1.vcf.gz	2.220529 seconds
Concatenating /scratch/rohlfslab/abierly2/LongTR/longTR_pipeline_NA19675/NA19675.chr20.vcf.gz	0.526091 seconds
Concatenating /scratch/rohlfslab/abierly2/LongTR/longTR_pipeline_NA19675/NA19675.chr21.vcf.gz	0.302008 seconds
Concatenating /scratch/rohlfslab/abierly2/LongTR/longTR_pipeline_NA19675/NA19675.chr22.vcf.gz	0.370330 seconds
Concatenating /scratch/rohlfslab/abierly2/LongTR/longTR_pipeline_NA19675/NA19675.chr2.vcf.gz	2.217223 seconds
Concatenating /scratch/rohlfslab/abierly2/LongTR/longTR_pipeline_NA19675/NA19675.chr3.vcf.gz	1.765781 seconds
Concatenating /scratch/rohlfslab/abierly2/LongTR/longTR_pipeline_NA19675/NA19675.chr4.vcf.gz	1.691522 seconds
Concatenating /scratch/rohlfslab/abierly2/LongTR/longTR_pipeline_NA19675/NA19675.chr5.vcf.gz	1.605544 seconds
Concatenating /scratch/rohlfslab/abierly2/LongTR/longTR_pipeline_NA19675/NA19675.chr6.vcf.gz	1.549138 seconds
Concatenating /scratch/rohlfslab/abierly2/LongTR/longTR_pipeline_NA19675/NA19675.chr7.vcf.gz	1.494082 seconds
Concatenating /scratch/rohlfslab/abierly2/LongTR/longTR_pipeline_NA19675/NA19675.chr8.vcf.gz	1.286292 seconds
Concatenating /scratch/rohlfslab/abierly2/LongTR/longTR_pipeline_NA19675/NA19675.chr9.vcf.gz	1.097654 seconds
Concatenating /scratch/rohlfslab/abierly2/LongTR/longTR_pipeline_NA19675/NA19675.chrM.vcf.gz	0.000329 seconds
Concatenating /scratch/rohlfslab/abierly2/LongTR/longTR_pipeline_NA19675/NA19675.chrX.vcf.gz	1.331171 seconds
Concatenating /scratch/rohlfslab/abierly2/LongTR/longTR_pipeline_NA19675/NA19675.chrY.vcf.gz	0.000355 seconds
