Checking the headers and starting positions of 25 files
Concatenating /scratch/rohlfslab/abierly2/LongTR/longTR_pipeline_HG03604/HG03604.chr10.vcf.gz	1.233163 seconds
Concatenating /scratch/rohlfslab/abierly2/LongTR/longTR_pipeline_HG03604/HG03604.chr11.vcf.gz	1.162463 seconds
Concatenating /scratch/rohlfslab/abierly2/LongTR/longTR_pipeline_HG03604/HG03604.chr12.vcf.gz	1.236736 seconds
Concatenating /scratch/rohlfslab/abierly2/LongTR/longTR_pipeline_HG03604/HG03604.chr13.vcf.gz	0.853240 seconds
Concatenating /scratch/rohlfslab/abierly2/LongTR/longTR_pipeline_HG03604/HG03604.chr14.vcf.gz	0.816664 seconds
Concatenating /scratch/rohlfslab/abierly2/LongTR/longTR_pipeline_HG03604/HG03604.chr15.vcf.gz	0.763232 seconds
Concatenating /scratch/rohlfslab/abierly2/LongTR/longTR_pipeline_HG03604/HG03604.chr16.vcf.gz	0.791266 seconds
Concatenating /scratch/rohlfslab/abierly2/LongTR/longTR_pipeline_HG03604/HG03604.chr17.vcf.gz	0.825852 seconds
Concatenating /scratch/rohlfslab/abierly2/LongTR/longTR_pipeline_HG03604/HG03604.chr18.vcf.gz	0.613797 seconds
Concatenating /scratch/rohlfslab/abierly2/LongTR/longTR_pipeline_HG03604/HG03604.chr19.vcf.gz	0.678865 seconds
Concatenating /scratch/rohlfslab/abierly2/LongTR/longTR_pipeline_HG03604/HG03604.chr1.vcf.gz	2.182370 seconds
Concatenating /scratch/rohlfslab/abierly2/LongTR/longTR_pipeline_HG03604/HG03604.chr20.vcf.gz	0.514529 seconds
Concatenating /scratch/rohlfslab/abierly2/LongTR/longTR_pipeline_HG03604/HG03604.chr21.vcf.gz	0.298464 seconds
Concatenating /scratch/rohlfslab/abierly2/LongTR/longTR_pipeline_HG03604/HG03604.chr22.vcf.gz	0.360599 seconds
Concatenating /scratch/rohlfslab/abierly2/LongTR/longTR_pipeline_HG03604/HG03604.chr2.vcf.gz	2.182503 seconds
Concatenating /scratch/rohlfslab/abierly2/LongTR/longTR_pipeline_HG03604/HG03604.chr3.vcf.gz	1.775921 seconds
Concatenating /scratch/rohlfslab/abierly2/LongTR/longTR_pipeline_HG03604/HG03604.chr4.vcf.gz	1.662434 seconds
Concatenating /scratch/rohlfslab/abierly2/LongTR/longTR_pipeline_HG03604/HG03604.chr5.vcf.gz	1.575959 seconds
Concatenating /scratch/rohlfslab/abierly2/LongTR/longTR_pipeline_HG03604/HG03604.chr6.vcf.gz	1.526381 seconds
Concatenating /scratch/rohlfslab/abierly2/LongTR/longTR_pipeline_HG03604/HG03604.chr7.vcf.gz	1.502841 seconds
Concatenating /scratch/rohlfslab/abierly2/LongTR/longTR_pipeline_HG03604/HG03604.chr8.vcf.gz	1.275468 seconds
Concatenating /scratch/rohlfslab/abierly2/LongTR/longTR_pipeline_HG03604/HG03604.chr9.vcf.gz	1.082668 seconds
Concatenating /scratch/rohlfslab/abierly2/LongTR/longTR_pipeline_HG03604/HG03604.chrM.vcf.gz	0.000552 seconds
Concatenating /scratch/rohlfslab/abierly2/LongTR/longTR_pipeline_HG03604/HG03604.chrX.vcf.gz	1.312429 seconds
Concatenating /scratch/rohlfslab/abierly2/LongTR/longTR_pipeline_HG03604/HG03604.chrY.vcf.gz	0.000304 seconds
