Checking the headers and starting positions of 25 files
Concatenating /scratch/rohlfslab/abierly2/LongTR/longTR_pipeline_HG00342/HG00342.chr10.vcf.gz	1.241908 seconds
Concatenating /scratch/rohlfslab/abierly2/LongTR/longTR_pipeline_HG00342/HG00342.chr11.vcf.gz	1.181394 seconds
Concatenating /scratch/rohlfslab/abierly2/LongTR/longTR_pipeline_HG00342/HG00342.chr12.vcf.gz	1.275629 seconds
Concatenating /scratch/rohlfslab/abierly2/LongTR/longTR_pipeline_HG00342/HG00342.chr13.vcf.gz	0.883557 seconds
Concatenating /scratch/rohlfslab/abierly2/LongTR/longTR_pipeline_HG00342/HG00342.chr14.vcf.gz	0.819596 seconds
Concatenating /scratch/rohlfslab/abierly2/LongTR/longTR_pipeline_HG00342/HG00342.chr15.vcf.gz	0.772121 seconds
Concatenating /scratch/rohlfslab/abierly2/LongTR/longTR_pipeline_HG00342/HG00342.chr16.vcf.gz	0.809233 seconds
Concatenating /scratch/rohlfslab/abierly2/LongTR/longTR_pipeline_HG00342/HG00342.chr17.vcf.gz	0.842395 seconds
Concatenating /scratch/rohlfslab/abierly2/LongTR/longTR_pipeline_HG00342/HG00342.chr18.vcf.gz	0.619262 seconds
Concatenating /scratch/rohlfslab/abierly2/LongTR/longTR_pipeline_HG00342/HG00342.chr19.vcf.gz	0.694751 seconds
Concatenating /scratch/rohlfslab/abierly2/LongTR/longTR_pipeline_HG00342/HG00342.chr1.vcf.gz	2.202504 seconds
Concatenating /scratch/rohlfslab/abierly2/LongTR/longTR_pipeline_HG00342/HG00342.chr20.vcf.gz	0.520979 seconds
Concatenating /scratch/rohlfslab/abierly2/LongTR/longTR_pipeline_HG00342/HG00342.chr21.vcf.gz	0.300627 seconds
Concatenating /scratch/rohlfslab/abierly2/LongTR/longTR_pipeline_HG00342/HG00342.chr22.vcf.gz	0.364384 seconds
Concatenating /scratch/rohlfslab/abierly2/LongTR/longTR_pipeline_HG00342/HG00342.chr2.vcf.gz	2.200162 seconds
Concatenating /scratch/rohlfslab/abierly2/LongTR/longTR_pipeline_HG00342/HG00342.chr3.vcf.gz	1.768224 seconds
Concatenating /scratch/rohlfslab/abierly2/LongTR/longTR_pipeline_HG00342/HG00342.chr4.vcf.gz	1.725214 seconds
Concatenating /scratch/rohlfslab/abierly2/LongTR/longTR_pipeline_HG00342/HG00342.chr5.vcf.gz	1.587125 seconds
Concatenating /scratch/rohlfslab/abierly2/LongTR/longTR_pipeline_HG00342/HG00342.chr6.vcf.gz	1.530925 seconds
Concatenating /scratch/rohlfslab/abierly2/LongTR/longTR_pipeline_HG00342/HG00342.chr7.vcf.gz	1.477390 seconds
Concatenating /scratch/rohlfslab/abierly2/LongTR/longTR_pipeline_HG00342/HG00342.chr8.vcf.gz	1.275117 seconds
Concatenating /scratch/rohlfslab/abierly2/LongTR/longTR_pipeline_HG00342/HG00342.chr9.vcf.gz	1.084422 seconds
Concatenating /scratch/rohlfslab/abierly2/LongTR/longTR_pipeline_HG00342/HG00342.chrM.vcf.gz	0.000293 seconds
Concatenating /scratch/rohlfslab/abierly2/LongTR/longTR_pipeline_HG00342/HG00342.chrX.vcf.gz	1.092184 seconds
Concatenating /scratch/rohlfslab/abierly2/LongTR/longTR_pipeline_HG00342/HG00342.chrY.vcf.gz	0.053656 seconds
