Checking the headers and starting positions of 25 files
Concatenating /scratch/rohlfslab/abierly2/LongTR/longTR_pipeline_HG03686/HG03686.chr10.vcf.gz	1.119014 seconds
Concatenating /scratch/rohlfslab/abierly2/LongTR/longTR_pipeline_HG03686/HG03686.chr11.vcf.gz	1.073920 seconds
Concatenating /scratch/rohlfslab/abierly2/LongTR/longTR_pipeline_HG03686/HG03686.chr12.vcf.gz	1.139458 seconds
Concatenating /scratch/rohlfslab/abierly2/LongTR/longTR_pipeline_HG03686/HG03686.chr13.vcf.gz	0.773391 seconds
Concatenating /scratch/rohlfslab/abierly2/LongTR/longTR_pipeline_HG03686/HG03686.chr14.vcf.gz	0.754155 seconds
Concatenating /scratch/rohlfslab/abierly2/LongTR/longTR_pipeline_HG03686/HG03686.chr15.vcf.gz	0.696582 seconds
Concatenating /scratch/rohlfslab/abierly2/LongTR/longTR_pipeline_HG03686/HG03686.chr16.vcf.gz	0.727270 seconds
Concatenating /scratch/rohlfslab/abierly2/LongTR/longTR_pipeline_HG03686/HG03686.chr17.vcf.gz	0.765473 seconds
Concatenating /scratch/rohlfslab/abierly2/LongTR/longTR_pipeline_HG03686/HG03686.chr18.vcf.gz	0.559597 seconds
Concatenating /scratch/rohlfslab/abierly2/LongTR/longTR_pipeline_HG03686/HG03686.chr19.vcf.gz	0.623713 seconds
Concatenating /scratch/rohlfslab/abierly2/LongTR/longTR_pipeline_HG03686/HG03686.chr1.vcf.gz	2.010131 seconds
Concatenating /scratch/rohlfslab/abierly2/LongTR/longTR_pipeline_HG03686/HG03686.chr20.vcf.gz	0.476518 seconds
Concatenating /scratch/rohlfslab/abierly2/LongTR/longTR_pipeline_HG03686/HG03686.chr21.vcf.gz	0.271806 seconds
Concatenating /scratch/rohlfslab/abierly2/LongTR/longTR_pipeline_HG03686/HG03686.chr22.vcf.gz	0.333559 seconds
Concatenating /scratch/rohlfslab/abierly2/LongTR/longTR_pipeline_HG03686/HG03686.chr2.vcf.gz	2.017529 seconds
Concatenating /scratch/rohlfslab/abierly2/LongTR/longTR_pipeline_HG03686/HG03686.chr3.vcf.gz	1.606998 seconds
Concatenating /scratch/rohlfslab/abierly2/LongTR/longTR_pipeline_HG03686/HG03686.chr4.vcf.gz	1.516238 seconds
Concatenating /scratch/rohlfslab/abierly2/LongTR/longTR_pipeline_HG03686/HG03686.chr5.vcf.gz	1.449078 seconds
Concatenating /scratch/rohlfslab/abierly2/LongTR/longTR_pipeline_HG03686/HG03686.chr6.vcf.gz	1.388714 seconds
Concatenating /scratch/rohlfslab/abierly2/LongTR/longTR_pipeline_HG03686/HG03686.chr7.vcf.gz	1.339666 seconds
Concatenating /scratch/rohlfslab/abierly2/LongTR/longTR_pipeline_HG03686/HG03686.chr8.vcf.gz	1.165090 seconds
Concatenating /scratch/rohlfslab/abierly2/LongTR/longTR_pipeline_HG03686/HG03686.chr9.vcf.gz	0.981781 seconds
Concatenating /scratch/rohlfslab/abierly2/LongTR/longTR_pipeline_HG03686/HG03686.chrM.vcf.gz	0.000291 seconds
Concatenating /scratch/rohlfslab/abierly2/LongTR/longTR_pipeline_HG03686/HG03686.chrX.vcf.gz	0.370208 seconds
Concatenating /scratch/rohlfslab/abierly2/LongTR/longTR_pipeline_HG03686/HG03686.chrY.vcf.gz	0.021369 seconds
