Checking the headers and starting positions of 25 files
Concatenating /scratch/rohlfslab/abierly2/LongTR/longTR_pipeline_HG01589/HG01589.chr10.vcf.gz	1.132023 seconds
Concatenating /scratch/rohlfslab/abierly2/LongTR/longTR_pipeline_HG01589/HG01589.chr11.vcf.gz	1.081506 seconds
Concatenating /scratch/rohlfslab/abierly2/LongTR/longTR_pipeline_HG01589/HG01589.chr12.vcf.gz	1.150838 seconds
Concatenating /scratch/rohlfslab/abierly2/LongTR/longTR_pipeline_HG01589/HG01589.chr13.vcf.gz	0.799851 seconds
Concatenating /scratch/rohlfslab/abierly2/LongTR/longTR_pipeline_HG01589/HG01589.chr14.vcf.gz	0.752255 seconds
Concatenating /scratch/rohlfslab/abierly2/LongTR/longTR_pipeline_HG01589/HG01589.chr15.vcf.gz	0.699693 seconds
Concatenating /scratch/rohlfslab/abierly2/LongTR/longTR_pipeline_HG01589/HG01589.chr16.vcf.gz	0.719690 seconds
Concatenating /scratch/rohlfslab/abierly2/LongTR/longTR_pipeline_HG01589/HG01589.chr17.vcf.gz	0.759671 seconds
Concatenating /scratch/rohlfslab/abierly2/LongTR/longTR_pipeline_HG01589/HG01589.chr18.vcf.gz	0.575870 seconds
Concatenating /scratch/rohlfslab/abierly2/LongTR/longTR_pipeline_HG01589/HG01589.chr19.vcf.gz	0.617498 seconds
Concatenating /scratch/rohlfslab/abierly2/LongTR/longTR_pipeline_HG01589/HG01589.chr1.vcf.gz	2.022606 seconds
Concatenating /scratch/rohlfslab/abierly2/LongTR/longTR_pipeline_HG01589/HG01589.chr20.vcf.gz	0.473220 seconds
Concatenating /scratch/rohlfslab/abierly2/LongTR/longTR_pipeline_HG01589/HG01589.chr21.vcf.gz	0.275578 seconds
Concatenating /scratch/rohlfslab/abierly2/LongTR/longTR_pipeline_HG01589/HG01589.chr22.vcf.gz	0.327389 seconds
Concatenating /scratch/rohlfslab/abierly2/LongTR/longTR_pipeline_HG01589/HG01589.chr2.vcf.gz	2.036447 seconds
Concatenating /scratch/rohlfslab/abierly2/LongTR/longTR_pipeline_HG01589/HG01589.chr3.vcf.gz	1.639173 seconds
Concatenating /scratch/rohlfslab/abierly2/LongTR/longTR_pipeline_HG01589/HG01589.chr4.vcf.gz	1.565497 seconds
Concatenating /scratch/rohlfslab/abierly2/LongTR/longTR_pipeline_HG01589/HG01589.chr5.vcf.gz	1.481779 seconds
Concatenating /scratch/rohlfslab/abierly2/LongTR/longTR_pipeline_HG01589/HG01589.chr6.vcf.gz	1.424124 seconds
Concatenating /scratch/rohlfslab/abierly2/LongTR/longTR_pipeline_HG01589/HG01589.chr7.vcf.gz	1.348059 seconds
Concatenating /scratch/rohlfslab/abierly2/LongTR/longTR_pipeline_HG01589/HG01589.chr8.vcf.gz	1.187205 seconds
Concatenating /scratch/rohlfslab/abierly2/LongTR/longTR_pipeline_HG01589/HG01589.chr9.vcf.gz	0.991838 seconds
Concatenating /scratch/rohlfslab/abierly2/LongTR/longTR_pipeline_HG01589/HG01589.chrM.vcf.gz	0.000311 seconds
Concatenating /scratch/rohlfslab/abierly2/LongTR/longTR_pipeline_HG01589/HG01589.chrX.vcf.gz	0.349889 seconds
Concatenating /scratch/rohlfslab/abierly2/LongTR/longTR_pipeline_HG01589/HG01589.chrY.vcf.gz	0.016367 seconds
