Checking the headers and starting positions of 25 files
Concatenating /scratch/rohlfslab/abierly2/LongTR/longTR_pipeline_HG03600/HG03600.chr10.vcf.gz	0.878472 seconds
Concatenating /scratch/rohlfslab/abierly2/LongTR/longTR_pipeline_HG03600/HG03600.chr11.vcf.gz	0.848396 seconds
Concatenating /scratch/rohlfslab/abierly2/LongTR/longTR_pipeline_HG03600/HG03600.chr12.vcf.gz	0.905796 seconds
Concatenating /scratch/rohlfslab/abierly2/LongTR/longTR_pipeline_HG03600/HG03600.chr13.vcf.gz	0.637731 seconds
Concatenating /scratch/rohlfslab/abierly2/LongTR/longTR_pipeline_HG03600/HG03600.chr14.vcf.gz	0.582510 seconds
Concatenating /scratch/rohlfslab/abierly2/LongTR/longTR_pipeline_HG03600/HG03600.chr15.vcf.gz	0.540235 seconds
Concatenating /scratch/rohlfslab/abierly2/LongTR/longTR_pipeline_HG03600/HG03600.chr16.vcf.gz	0.534907 seconds
Concatenating /scratch/rohlfslab/abierly2/LongTR/longTR_pipeline_HG03600/HG03600.chr17.vcf.gz	0.550740 seconds
Concatenating /scratch/rohlfslab/abierly2/LongTR/longTR_pipeline_HG03600/HG03600.chr18.vcf.gz	0.460255 seconds
Concatenating /scratch/rohlfslab/abierly2/LongTR/longTR_pipeline_HG03600/HG03600.chr19.vcf.gz	0.446034 seconds
Concatenating /scratch/rohlfslab/abierly2/LongTR/longTR_pipeline_HG03600/HG03600.chr1.vcf.gz	1.571397 seconds
Concatenating /scratch/rohlfslab/abierly2/LongTR/longTR_pipeline_HG03600/HG03600.chr20.vcf.gz	0.362503 seconds
Concatenating /scratch/rohlfslab/abierly2/LongTR/longTR_pipeline_HG03600/HG03600.chr21.vcf.gz	0.210772 seconds
Concatenating /scratch/rohlfslab/abierly2/LongTR/longTR_pipeline_HG03600/HG03600.chr22.vcf.gz	0.241177 seconds
Concatenating /scratch/rohlfslab/abierly2/LongTR/longTR_pipeline_HG03600/HG03600.chr2.vcf.gz	1.585230 seconds
Concatenating /scratch/rohlfslab/abierly2/LongTR/longTR_pipeline_HG03600/HG03600.chr3.vcf.gz	1.288201 seconds
Concatenating /scratch/rohlfslab/abierly2/LongTR/longTR_pipeline_HG03600/HG03600.chr4.vcf.gz	1.247461 seconds
Concatenating /scratch/rohlfslab/abierly2/LongTR/longTR_pipeline_HG03600/HG03600.chr5.vcf.gz	1.166666 seconds
Concatenating /scratch/rohlfslab/abierly2/LongTR/longTR_pipeline_HG03600/HG03600.chr6.vcf.gz	1.103338 seconds
Concatenating /scratch/rohlfslab/abierly2/LongTR/longTR_pipeline_HG03600/HG03600.chr7.vcf.gz	1.054513 seconds
Concatenating /scratch/rohlfslab/abierly2/LongTR/longTR_pipeline_HG03600/HG03600.chr8.vcf.gz	0.932188 seconds
Concatenating /scratch/rohlfslab/abierly2/LongTR/longTR_pipeline_HG03600/HG03600.chr9.vcf.gz	0.775944 seconds
Concatenating /scratch/rohlfslab/abierly2/LongTR/longTR_pipeline_HG03600/HG03600.chrM.vcf.gz	0.000283 seconds
Concatenating /scratch/rohlfslab/abierly2/LongTR/longTR_pipeline_HG03600/HG03600.chrX.vcf.gz	0.142131 seconds
Concatenating /scratch/rohlfslab/abierly2/LongTR/longTR_pipeline_HG03600/HG03600.chrY.vcf.gz	0.006370 seconds
