Checking the headers and starting positions of 25 files
Concatenating /scratch/rohlfslab/abierly2/LongTR/longTR_pipeline_NA18974/NA18974.chr10.vcf.gz	1.220685 seconds
Concatenating /scratch/rohlfslab/abierly2/LongTR/longTR_pipeline_NA18974/NA18974.chr11.vcf.gz	1.168244 seconds
Concatenating /scratch/rohlfslab/abierly2/LongTR/longTR_pipeline_NA18974/NA18974.chr12.vcf.gz	1.237138 seconds
Concatenating /scratch/rohlfslab/abierly2/LongTR/longTR_pipeline_NA18974/NA18974.chr13.vcf.gz	0.856016 seconds
Concatenating /scratch/rohlfslab/abierly2/LongTR/longTR_pipeline_NA18974/NA18974.chr14.vcf.gz	0.812558 seconds
Concatenating /scratch/rohlfslab/abierly2/LongTR/longTR_pipeline_NA18974/NA18974.chr15.vcf.gz	0.762655 seconds
Concatenating /scratch/rohlfslab/abierly2/LongTR/longTR_pipeline_NA18974/NA18974.chr16.vcf.gz	0.790855 seconds
Concatenating /scratch/rohlfslab/abierly2/LongTR/longTR_pipeline_NA18974/NA18974.chr17.vcf.gz	0.827642 seconds
Concatenating /scratch/rohlfslab/abierly2/LongTR/longTR_pipeline_NA18974/NA18974.chr18.vcf.gz	0.617277 seconds
Concatenating /scratch/rohlfslab/abierly2/LongTR/longTR_pipeline_NA18974/NA18974.chr19.vcf.gz	0.679337 seconds
Concatenating /scratch/rohlfslab/abierly2/LongTR/longTR_pipeline_NA18974/NA18974.chr1.vcf.gz	2.187307 seconds
Concatenating /scratch/rohlfslab/abierly2/LongTR/longTR_pipeline_NA18974/NA18974.chr20.vcf.gz	0.515035 seconds
Concatenating /scratch/rohlfslab/abierly2/LongTR/longTR_pipeline_NA18974/NA18974.chr21.vcf.gz	0.297873 seconds
Concatenating /scratch/rohlfslab/abierly2/LongTR/longTR_pipeline_NA18974/NA18974.chr22.vcf.gz	0.364169 seconds
Concatenating /scratch/rohlfslab/abierly2/LongTR/longTR_pipeline_NA18974/NA18974.chr2.vcf.gz	2.183271 seconds
Concatenating /scratch/rohlfslab/abierly2/LongTR/longTR_pipeline_NA18974/NA18974.chr3.vcf.gz	1.745036 seconds
Concatenating /scratch/rohlfslab/abierly2/LongTR/longTR_pipeline_NA18974/NA18974.chr4.vcf.gz	1.672322 seconds
Concatenating /scratch/rohlfslab/abierly2/LongTR/longTR_pipeline_NA18974/NA18974.chr5.vcf.gz	1.586487 seconds
Concatenating /scratch/rohlfslab/abierly2/LongTR/longTR_pipeline_NA18974/NA18974.chr6.vcf.gz	1.527402 seconds
Concatenating /scratch/rohlfslab/abierly2/LongTR/longTR_pipeline_NA18974/NA18974.chr7.vcf.gz	1.468588 seconds
Concatenating /scratch/rohlfslab/abierly2/LongTR/longTR_pipeline_NA18974/NA18974.chr8.vcf.gz	1.272556 seconds
Concatenating /scratch/rohlfslab/abierly2/LongTR/longTR_pipeline_NA18974/NA18974.chr9.vcf.gz	1.079106 seconds
Concatenating /scratch/rohlfslab/abierly2/LongTR/longTR_pipeline_NA18974/NA18974.chrM.vcf.gz	0.000388 seconds
Concatenating /scratch/rohlfslab/abierly2/LongTR/longTR_pipeline_NA18974/NA18974.chrX.vcf.gz	0.749922 seconds
Concatenating /scratch/rohlfslab/abierly2/LongTR/longTR_pipeline_NA18974/NA18974.chrY.vcf.gz	0.035808 seconds
