Checking the headers and starting positions of 25 files
Concatenating /scratch/rohlfslab/abierly2/LongTR/longTR_pipeline_HG03916/HG03916.chr10.vcf.gz	1.252108 seconds
Concatenating /scratch/rohlfslab/abierly2/LongTR/longTR_pipeline_HG03916/HG03916.chr11.vcf.gz	1.193451 seconds
Concatenating /scratch/rohlfslab/abierly2/LongTR/longTR_pipeline_HG03916/HG03916.chr12.vcf.gz	1.271631 seconds
Concatenating /scratch/rohlfslab/abierly2/LongTR/longTR_pipeline_HG03916/HG03916.chr13.vcf.gz	0.879985 seconds
Concatenating /scratch/rohlfslab/abierly2/LongTR/longTR_pipeline_HG03916/HG03916.chr14.vcf.gz	0.828552 seconds
Concatenating /scratch/rohlfslab/abierly2/LongTR/longTR_pipeline_HG03916/HG03916.chr15.vcf.gz	0.775462 seconds
Concatenating /scratch/rohlfslab/abierly2/LongTR/longTR_pipeline_HG03916/HG03916.chr16.vcf.gz	0.818051 seconds
Concatenating /scratch/rohlfslab/abierly2/LongTR/longTR_pipeline_HG03916/HG03916.chr17.vcf.gz	0.844128 seconds
Concatenating /scratch/rohlfslab/abierly2/LongTR/longTR_pipeline_HG03916/HG03916.chr18.vcf.gz	0.634846 seconds
Concatenating /scratch/rohlfslab/abierly2/LongTR/longTR_pipeline_HG03916/HG03916.chr19.vcf.gz	0.695477 seconds
Concatenating /scratch/rohlfslab/abierly2/LongTR/longTR_pipeline_HG03916/HG03916.chr1.vcf.gz	2.227647 seconds
Concatenating /scratch/rohlfslab/abierly2/LongTR/longTR_pipeline_HG03916/HG03916.chr20.vcf.gz	0.526491 seconds
Concatenating /scratch/rohlfslab/abierly2/LongTR/longTR_pipeline_HG03916/HG03916.chr21.vcf.gz	0.304677 seconds
Concatenating /scratch/rohlfslab/abierly2/LongTR/longTR_pipeline_HG03916/HG03916.chr22.vcf.gz	0.369029 seconds
Concatenating /scratch/rohlfslab/abierly2/LongTR/longTR_pipeline_HG03916/HG03916.chr2.vcf.gz	2.241589 seconds
Concatenating /scratch/rohlfslab/abierly2/LongTR/longTR_pipeline_HG03916/HG03916.chr3.vcf.gz	1.790868 seconds
Concatenating /scratch/rohlfslab/abierly2/LongTR/longTR_pipeline_HG03916/HG03916.chr4.vcf.gz	1.713050 seconds
Concatenating /scratch/rohlfslab/abierly2/LongTR/longTR_pipeline_HG03916/HG03916.chr5.vcf.gz	1.609774 seconds
Concatenating /scratch/rohlfslab/abierly2/LongTR/longTR_pipeline_HG03916/HG03916.chr6.vcf.gz	1.546479 seconds
Concatenating /scratch/rohlfslab/abierly2/LongTR/longTR_pipeline_HG03916/HG03916.chr7.vcf.gz	1.504129 seconds
Concatenating /scratch/rohlfslab/abierly2/LongTR/longTR_pipeline_HG03916/HG03916.chr8.vcf.gz	1.297977 seconds
Concatenating /scratch/rohlfslab/abierly2/LongTR/longTR_pipeline_HG03916/HG03916.chr9.vcf.gz	1.094864 seconds
Concatenating /scratch/rohlfslab/abierly2/LongTR/longTR_pipeline_HG03916/HG03916.chrM.vcf.gz	0.000408 seconds
Concatenating /scratch/rohlfslab/abierly2/LongTR/longTR_pipeline_HG03916/HG03916.chrX.vcf.gz	1.346317 seconds
Concatenating /scratch/rohlfslab/abierly2/LongTR/longTR_pipeline_HG03916/HG03916.chrY.vcf.gz	0.000538 seconds
