Checking the headers and starting positions of 25 files
Concatenating /scratch/rohlfslab/abierly2/LongTR/longTR_pipeline_HG03705/HG03705.chr10.vcf.gz	2.036742 seconds
Concatenating /scratch/rohlfslab/abierly2/LongTR/longTR_pipeline_HG03705/HG03705.chr11.vcf.gz	1.927138 seconds
Concatenating /scratch/rohlfslab/abierly2/LongTR/longTR_pipeline_HG03705/HG03705.chr12.vcf.gz	2.073409 seconds
Concatenating /scratch/rohlfslab/abierly2/LongTR/longTR_pipeline_HG03705/HG03705.chr13.vcf.gz	1.396454 seconds
Concatenating /scratch/rohlfslab/abierly2/LongTR/longTR_pipeline_HG03705/HG03705.chr14.vcf.gz	1.339316 seconds
Concatenating /scratch/rohlfslab/abierly2/LongTR/longTR_pipeline_HG03705/HG03705.chr15.vcf.gz	1.260904 seconds
Concatenating /scratch/rohlfslab/abierly2/LongTR/longTR_pipeline_HG03705/HG03705.chr16.vcf.gz	1.313566 seconds
Concatenating /scratch/rohlfslab/abierly2/LongTR/longTR_pipeline_HG03705/HG03705.chr17.vcf.gz	1.396198 seconds
Concatenating /scratch/rohlfslab/abierly2/LongTR/longTR_pipeline_HG03705/HG03705.chr18.vcf.gz	1.013964 seconds
Concatenating /scratch/rohlfslab/abierly2/LongTR/longTR_pipeline_HG03705/HG03705.chr19.vcf.gz	1.160251 seconds
Concatenating /scratch/rohlfslab/abierly2/LongTR/longTR_pipeline_HG03705/HG03705.chr1.vcf.gz	3.645884 seconds
Concatenating /scratch/rohlfslab/abierly2/LongTR/longTR_pipeline_HG03705/HG03705.chr20.vcf.gz	0.868185 seconds
Concatenating /scratch/rohlfslab/abierly2/LongTR/longTR_pipeline_HG03705/HG03705.chr21.vcf.gz	0.488999 seconds
Concatenating /scratch/rohlfslab/abierly2/LongTR/longTR_pipeline_HG03705/HG03705.chr22.vcf.gz	0.611462 seconds
Concatenating /scratch/rohlfslab/abierly2/LongTR/longTR_pipeline_HG03705/HG03705.chr2.vcf.gz	3.571045 seconds
Concatenating /scratch/rohlfslab/abierly2/LongTR/longTR_pipeline_HG03705/HG03705.chr3.vcf.gz	2.842669 seconds
Concatenating /scratch/rohlfslab/abierly2/LongTR/longTR_pipeline_HG03705/HG03705.chr4.vcf.gz	2.735745 seconds
Concatenating /scratch/rohlfslab/abierly2/LongTR/longTR_pipeline_HG03705/HG03705.chr5.vcf.gz	2.609606 seconds
Concatenating /scratch/rohlfslab/abierly2/LongTR/longTR_pipeline_HG03705/HG03705.chr6.vcf.gz	2.538586 seconds
Concatenating /scratch/rohlfslab/abierly2/LongTR/longTR_pipeline_HG03705/HG03705.chr7.vcf.gz	2.414756 seconds
Concatenating /scratch/rohlfslab/abierly2/LongTR/longTR_pipeline_HG03705/HG03705.chr8.vcf.gz	2.092913 seconds
Concatenating /scratch/rohlfslab/abierly2/LongTR/longTR_pipeline_HG03705/HG03705.chr9.vcf.gz	1.778461 seconds
Concatenating /scratch/rohlfslab/abierly2/LongTR/longTR_pipeline_HG03705/HG03705.chrM.vcf.gz	0.000701 seconds
Concatenating /scratch/rohlfslab/abierly2/LongTR/longTR_pipeline_HG03705/HG03705.chrX.vcf.gz	0.672163 seconds
Concatenating /scratch/rohlfslab/abierly2/LongTR/longTR_pipeline_HG03705/HG03705.chrY.vcf.gz	0.027508 seconds
