Checking the headers and starting positions of 25 files
Concatenating /scratch/rohlfslab/abierly2/LongTR/longTR_pipeline_HG01853/HG01853.chr10.vcf.gz	0.417573 seconds
Concatenating /scratch/rohlfslab/abierly2/LongTR/longTR_pipeline_HG01853/HG01853.chr11.vcf.gz	0.412071 seconds
Concatenating /scratch/rohlfslab/abierly2/LongTR/longTR_pipeline_HG01853/HG01853.chr12.vcf.gz	0.439549 seconds
Concatenating /scratch/rohlfslab/abierly2/LongTR/longTR_pipeline_HG01853/HG01853.chr13.vcf.gz	0.305649 seconds
Concatenating /scratch/rohlfslab/abierly2/LongTR/longTR_pipeline_HG01853/HG01853.chr14.vcf.gz	0.307060 seconds
Concatenating /scratch/rohlfslab/abierly2/LongTR/longTR_pipeline_HG01853/HG01853.chr15.vcf.gz	0.265803 seconds
Concatenating /scratch/rohlfslab/abierly2/LongTR/longTR_pipeline_HG01853/HG01853.chr16.vcf.gz	0.273719 seconds
Concatenating /scratch/rohlfslab/abierly2/LongTR/longTR_pipeline_HG01853/HG01853.chr17.vcf.gz	0.299422 seconds
Concatenating /scratch/rohlfslab/abierly2/LongTR/longTR_pipeline_HG01853/HG01853.chr18.vcf.gz	0.214618 seconds
Concatenating /scratch/rohlfslab/abierly2/LongTR/longTR_pipeline_HG01853/HG01853.chr19.vcf.gz	0.269181 seconds
Concatenating /scratch/rohlfslab/abierly2/LongTR/longTR_pipeline_HG01853/HG01853.chr1.vcf.gz	0.766313 seconds
Concatenating /scratch/rohlfslab/abierly2/LongTR/longTR_pipeline_HG01853/HG01853.chr20.vcf.gz	0.172927 seconds
Concatenating /scratch/rohlfslab/abierly2/LongTR/longTR_pipeline_HG01853/HG01853.chr21.vcf.gz	0.113130 seconds
Concatenating /scratch/rohlfslab/abierly2/LongTR/longTR_pipeline_HG01853/HG01853.chr22.vcf.gz	0.116811 seconds
Concatenating /scratch/rohlfslab/abierly2/LongTR/longTR_pipeline_HG01853/HG01853.chr2.vcf.gz	0.771651 seconds
Concatenating /scratch/rohlfslab/abierly2/LongTR/longTR_pipeline_HG01853/HG01853.chr3.vcf.gz	0.634982 seconds
Concatenating /scratch/rohlfslab/abierly2/LongTR/longTR_pipeline_HG01853/HG01853.chr4.vcf.gz	0.594156 seconds
Concatenating /scratch/rohlfslab/abierly2/LongTR/longTR_pipeline_HG01853/HG01853.chr5.vcf.gz	0.558065 seconds
Concatenating /scratch/rohlfslab/abierly2/LongTR/longTR_pipeline_HG01853/HG01853.chr6.vcf.gz	0.521937 seconds
Concatenating /scratch/rohlfslab/abierly2/LongTR/longTR_pipeline_HG01853/HG01853.chr7.vcf.gz	0.502356 seconds
Concatenating /scratch/rohlfslab/abierly2/LongTR/longTR_pipeline_HG01853/HG01853.chr8.vcf.gz	0.452619 seconds
Concatenating /scratch/rohlfslab/abierly2/LongTR/longTR_pipeline_HG01853/HG01853.chr9.vcf.gz	0.380165 seconds
Concatenating /scratch/rohlfslab/abierly2/LongTR/longTR_pipeline_HG01853/HG01853.chrM.vcf.gz	0.000306 seconds
Concatenating /scratch/rohlfslab/abierly2/LongTR/longTR_pipeline_HG01853/HG01853.chrX.vcf.gz	0.439879 seconds
Concatenating /scratch/rohlfslab/abierly2/LongTR/longTR_pipeline_HG01853/HG01853.chrY.vcf.gz	0.000306 seconds
