Checking the headers and starting positions of 25 files
Concatenating /scratch/rohlfslab/abierly2/LongTR/longTR_pipeline_HG01188/HG01188.chr10.vcf.gz	0.929864 seconds
Concatenating /scratch/rohlfslab/abierly2/LongTR/longTR_pipeline_HG01188/HG01188.chr11.vcf.gz	0.889932 seconds
Concatenating /scratch/rohlfslab/abierly2/LongTR/longTR_pipeline_HG01188/HG01188.chr12.vcf.gz	0.961040 seconds
Concatenating /scratch/rohlfslab/abierly2/LongTR/longTR_pipeline_HG01188/HG01188.chr13.vcf.gz	0.667373 seconds
Concatenating /scratch/rohlfslab/abierly2/LongTR/longTR_pipeline_HG01188/HG01188.chr14.vcf.gz	0.617294 seconds
Concatenating /scratch/rohlfslab/abierly2/LongTR/longTR_pipeline_HG01188/HG01188.chr15.vcf.gz	0.588818 seconds
Concatenating /scratch/rohlfslab/abierly2/LongTR/longTR_pipeline_HG01188/HG01188.chr16.vcf.gz	0.590213 seconds
Concatenating /scratch/rohlfslab/abierly2/LongTR/longTR_pipeline_HG01188/HG01188.chr17.vcf.gz	0.621462 seconds
Concatenating /scratch/rohlfslab/abierly2/LongTR/longTR_pipeline_HG01188/HG01188.chr18.vcf.gz	0.471655 seconds
Concatenating /scratch/rohlfslab/abierly2/LongTR/longTR_pipeline_HG01188/HG01188.chr19.vcf.gz	0.512684 seconds
Concatenating /scratch/rohlfslab/abierly2/LongTR/longTR_pipeline_HG01188/HG01188.chr1.vcf.gz	1.726039 seconds
Concatenating /scratch/rohlfslab/abierly2/LongTR/longTR_pipeline_HG01188/HG01188.chr20.vcf.gz	0.395408 seconds
Concatenating /scratch/rohlfslab/abierly2/LongTR/longTR_pipeline_HG01188/HG01188.chr21.vcf.gz	0.228369 seconds
Concatenating /scratch/rohlfslab/abierly2/LongTR/longTR_pipeline_HG01188/HG01188.chr22.vcf.gz	0.265203 seconds
Concatenating /scratch/rohlfslab/abierly2/LongTR/longTR_pipeline_HG01188/HG01188.chr2.vcf.gz	1.684927 seconds
Concatenating /scratch/rohlfslab/abierly2/LongTR/longTR_pipeline_HG01188/HG01188.chr3.vcf.gz	1.367260 seconds
Concatenating /scratch/rohlfslab/abierly2/LongTR/longTR_pipeline_HG01188/HG01188.chr4.vcf.gz	1.283597 seconds
Concatenating /scratch/rohlfslab/abierly2/LongTR/longTR_pipeline_HG01188/HG01188.chr5.vcf.gz	1.229076 seconds
Concatenating /scratch/rohlfslab/abierly2/LongTR/longTR_pipeline_HG01188/HG01188.chr6.vcf.gz	1.183314 seconds
Concatenating /scratch/rohlfslab/abierly2/LongTR/longTR_pipeline_HG01188/HG01188.chr7.vcf.gz	1.115902 seconds
Concatenating /scratch/rohlfslab/abierly2/LongTR/longTR_pipeline_HG01188/HG01188.chr8.vcf.gz	0.976967 seconds
Concatenating /scratch/rohlfslab/abierly2/LongTR/longTR_pipeline_HG01188/HG01188.chr9.vcf.gz	0.822445 seconds
Concatenating /scratch/rohlfslab/abierly2/LongTR/longTR_pipeline_HG01188/HG01188.chrM.vcf.gz	0.000297 seconds
Concatenating /scratch/rohlfslab/abierly2/LongTR/longTR_pipeline_HG01188/HG01188.chrX.vcf.gz	0.995043 seconds
Concatenating /scratch/rohlfslab/abierly2/LongTR/longTR_pipeline_HG01188/HG01188.chrY.vcf.gz	0.000293 seconds
