Checking the headers and starting positions of 25 files
Concatenating /scratch/rohlfslab/abierly2/LongTR/longTR_pipeline_HG03722/HG03722.chr10.vcf.gz	0.924296 seconds
Concatenating /scratch/rohlfslab/abierly2/LongTR/longTR_pipeline_HG03722/HG03722.chr11.vcf.gz	0.896054 seconds
Concatenating /scratch/rohlfslab/abierly2/LongTR/longTR_pipeline_HG03722/HG03722.chr12.vcf.gz	0.979981 seconds
Concatenating /scratch/rohlfslab/abierly2/LongTR/longTR_pipeline_HG03722/HG03722.chr13.vcf.gz	0.598343 seconds
Concatenating /scratch/rohlfslab/abierly2/LongTR/longTR_pipeline_HG03722/HG03722.chr14.vcf.gz	0.612567 seconds
Concatenating /scratch/rohlfslab/abierly2/LongTR/longTR_pipeline_HG03722/HG03722.chr15.vcf.gz	0.606024 seconds
Concatenating /scratch/rohlfslab/abierly2/LongTR/longTR_pipeline_HG03722/HG03722.chr16.vcf.gz	0.619329 seconds
Concatenating /scratch/rohlfslab/abierly2/LongTR/longTR_pipeline_HG03722/HG03722.chr17.vcf.gz	0.662594 seconds
Concatenating /scratch/rohlfslab/abierly2/LongTR/longTR_pipeline_HG03722/HG03722.chr18.vcf.gz	0.448604 seconds
Concatenating /scratch/rohlfslab/abierly2/LongTR/longTR_pipeline_HG03722/HG03722.chr19.vcf.gz	0.568516 seconds
Concatenating /scratch/rohlfslab/abierly2/LongTR/longTR_pipeline_HG03722/HG03722.chr1.vcf.gz	1.678063 seconds
Concatenating /scratch/rohlfslab/abierly2/LongTR/longTR_pipeline_HG03722/HG03722.chr20.vcf.gz	0.400705 seconds
Concatenating /scratch/rohlfslab/abierly2/LongTR/longTR_pipeline_HG03722/HG03722.chr21.vcf.gz	0.217968 seconds
Concatenating /scratch/rohlfslab/abierly2/LongTR/longTR_pipeline_HG03722/HG03722.chr22.vcf.gz	0.287471 seconds
Concatenating /scratch/rohlfslab/abierly2/LongTR/longTR_pipeline_HG03722/HG03722.chr2.vcf.gz	1.620298 seconds
Concatenating /scratch/rohlfslab/abierly2/LongTR/longTR_pipeline_HG03722/HG03722.chr3.vcf.gz	1.320166 seconds
Concatenating /scratch/rohlfslab/abierly2/LongTR/longTR_pipeline_HG03722/HG03722.chr4.vcf.gz	1.194741 seconds
Concatenating /scratch/rohlfslab/abierly2/LongTR/longTR_pipeline_HG03722/HG03722.chr5.vcf.gz	1.170761 seconds
Concatenating /scratch/rohlfslab/abierly2/LongTR/longTR_pipeline_HG03722/HG03722.chr6.vcf.gz	1.138039 seconds
Concatenating /scratch/rohlfslab/abierly2/LongTR/longTR_pipeline_HG03722/HG03722.chr7.vcf.gz	1.111794 seconds
Concatenating /scratch/rohlfslab/abierly2/LongTR/longTR_pipeline_HG03722/HG03722.chr8.vcf.gz	0.953424 seconds
Concatenating /scratch/rohlfslab/abierly2/LongTR/longTR_pipeline_HG03722/HG03722.chr9.vcf.gz	0.806320 seconds
Concatenating /scratch/rohlfslab/abierly2/LongTR/longTR_pipeline_HG03722/HG03722.chrM.vcf.gz	0.000310 seconds
Concatenating /scratch/rohlfslab/abierly2/LongTR/longTR_pipeline_HG03722/HG03722.chrX.vcf.gz	0.929209 seconds
Concatenating /scratch/rohlfslab/abierly2/LongTR/longTR_pipeline_HG03722/HG03722.chrY.vcf.gz	0.000314 seconds
