Checking the headers and starting positions of 25 files
Concatenating /scratch/rohlfslab/abierly2/LongTR/longTR_pipeline_HG02069/HG02069.chr10.vcf.gz	0.539794 seconds
Concatenating /scratch/rohlfslab/abierly2/LongTR/longTR_pipeline_HG02069/HG02069.chr11.vcf.gz	0.500965 seconds
Concatenating /scratch/rohlfslab/abierly2/LongTR/longTR_pipeline_HG02069/HG02069.chr12.vcf.gz	0.558225 seconds
Concatenating /scratch/rohlfslab/abierly2/LongTR/longTR_pipeline_HG02069/HG02069.chr13.vcf.gz	0.349227 seconds
Concatenating /scratch/rohlfslab/abierly2/LongTR/longTR_pipeline_HG02069/HG02069.chr14.vcf.gz	0.352769 seconds
Concatenating /scratch/rohlfslab/abierly2/LongTR/longTR_pipeline_HG02069/HG02069.chr15.vcf.gz	0.347791 seconds
Concatenating /scratch/rohlfslab/abierly2/LongTR/longTR_pipeline_HG02069/HG02069.chr16.vcf.gz	0.349364 seconds
Concatenating /scratch/rohlfslab/abierly2/LongTR/longTR_pipeline_HG02069/HG02069.chr17.vcf.gz	0.392566 seconds
Concatenating /scratch/rohlfslab/abierly2/LongTR/longTR_pipeline_HG02069/HG02069.chr18.vcf.gz	0.246684 seconds
Concatenating /scratch/rohlfslab/abierly2/LongTR/longTR_pipeline_HG02069/HG02069.chr19.vcf.gz	0.333458 seconds
Concatenating /scratch/rohlfslab/abierly2/LongTR/longTR_pipeline_HG02069/HG02069.chr1.vcf.gz	0.997012 seconds
Concatenating /scratch/rohlfslab/abierly2/LongTR/longTR_pipeline_HG02069/HG02069.chr20.vcf.gz	0.234855 seconds
Concatenating /scratch/rohlfslab/abierly2/LongTR/longTR_pipeline_HG02069/HG02069.chr21.vcf.gz	0.124166 seconds
Concatenating /scratch/rohlfslab/abierly2/LongTR/longTR_pipeline_HG02069/HG02069.chr22.vcf.gz	0.164323 seconds
Concatenating /scratch/rohlfslab/abierly2/LongTR/longTR_pipeline_HG02069/HG02069.chr2.vcf.gz	0.968311 seconds
Concatenating /scratch/rohlfslab/abierly2/LongTR/longTR_pipeline_HG02069/HG02069.chr3.vcf.gz	0.764329 seconds
Concatenating /scratch/rohlfslab/abierly2/LongTR/longTR_pipeline_HG02069/HG02069.chr4.vcf.gz	0.697153 seconds
Concatenating /scratch/rohlfslab/abierly2/LongTR/longTR_pipeline_HG02069/HG02069.chr5.vcf.gz	0.671352 seconds
Concatenating /scratch/rohlfslab/abierly2/LongTR/longTR_pipeline_HG02069/HG02069.chr6.vcf.gz	0.684451 seconds
Concatenating /scratch/rohlfslab/abierly2/LongTR/longTR_pipeline_HG02069/HG02069.chr7.vcf.gz	0.638299 seconds
Concatenating /scratch/rohlfslab/abierly2/LongTR/longTR_pipeline_HG02069/HG02069.chr8.vcf.gz	0.538091 seconds
Concatenating /scratch/rohlfslab/abierly2/LongTR/longTR_pipeline_HG02069/HG02069.chr9.vcf.gz	0.467248 seconds
Concatenating /scratch/rohlfslab/abierly2/LongTR/longTR_pipeline_HG02069/HG02069.chrM.vcf.gz	0.000296 seconds
Concatenating /scratch/rohlfslab/abierly2/LongTR/longTR_pipeline_HG02069/HG02069.chrX.vcf.gz	0.494127 seconds
Concatenating /scratch/rohlfslab/abierly2/LongTR/longTR_pipeline_HG02069/HG02069.chrY.vcf.gz	0.000292 seconds
