Checking the headers and starting positions of 25 files
Concatenating /scratch/rohlfslab/abierly2/LongTR/longTR_pipeline_HG02238/HG02238.chr10.vcf.gz	1.216924 seconds
Concatenating /scratch/rohlfslab/abierly2/LongTR/longTR_pipeline_HG02238/HG02238.chr11.vcf.gz	1.158856 seconds
Concatenating /scratch/rohlfslab/abierly2/LongTR/longTR_pipeline_HG02238/HG02238.chr12.vcf.gz	1.232145 seconds
Concatenating /scratch/rohlfslab/abierly2/LongTR/longTR_pipeline_HG02238/HG02238.chr13.vcf.gz	0.848779 seconds
Concatenating /scratch/rohlfslab/abierly2/LongTR/longTR_pipeline_HG02238/HG02238.chr14.vcf.gz	0.806913 seconds
Concatenating /scratch/rohlfslab/abierly2/LongTR/longTR_pipeline_HG02238/HG02238.chr15.vcf.gz	0.757579 seconds
Concatenating /scratch/rohlfslab/abierly2/LongTR/longTR_pipeline_HG02238/HG02238.chr16.vcf.gz	0.792749 seconds
Concatenating /scratch/rohlfslab/abierly2/LongTR/longTR_pipeline_HG02238/HG02238.chr17.vcf.gz	0.821283 seconds
Concatenating /scratch/rohlfslab/abierly2/LongTR/longTR_pipeline_HG02238/HG02238.chr18.vcf.gz	0.611896 seconds
Concatenating /scratch/rohlfslab/abierly2/LongTR/longTR_pipeline_HG02238/HG02238.chr19.vcf.gz	0.679924 seconds
Concatenating /scratch/rohlfslab/abierly2/LongTR/longTR_pipeline_HG02238/HG02238.chr1.vcf.gz	2.219751 seconds
Concatenating /scratch/rohlfslab/abierly2/LongTR/longTR_pipeline_HG02238/HG02238.chr20.vcf.gz	0.512063 seconds
Concatenating /scratch/rohlfslab/abierly2/LongTR/longTR_pipeline_HG02238/HG02238.chr21.vcf.gz	0.295737 seconds
Concatenating /scratch/rohlfslab/abierly2/LongTR/longTR_pipeline_HG02238/HG02238.chr22.vcf.gz	0.358006 seconds
Concatenating /scratch/rohlfslab/abierly2/LongTR/longTR_pipeline_HG02238/HG02238.chr2.vcf.gz	2.169760 seconds
Concatenating /scratch/rohlfslab/abierly2/LongTR/longTR_pipeline_HG02238/HG02238.chr3.vcf.gz	1.745649 seconds
Concatenating /scratch/rohlfslab/abierly2/LongTR/longTR_pipeline_HG02238/HG02238.chr4.vcf.gz	1.675185 seconds
Concatenating /scratch/rohlfslab/abierly2/LongTR/longTR_pipeline_HG02238/HG02238.chr5.vcf.gz	1.565507 seconds
Concatenating /scratch/rohlfslab/abierly2/LongTR/longTR_pipeline_HG02238/HG02238.chr6.vcf.gz	1.512213 seconds
Concatenating /scratch/rohlfslab/abierly2/LongTR/longTR_pipeline_HG02238/HG02238.chr7.vcf.gz	1.455781 seconds
Concatenating /scratch/rohlfslab/abierly2/LongTR/longTR_pipeline_HG02238/HG02238.chr8.vcf.gz	1.265402 seconds
Concatenating /scratch/rohlfslab/abierly2/LongTR/longTR_pipeline_HG02238/HG02238.chr9.vcf.gz	1.067015 seconds
Concatenating /scratch/rohlfslab/abierly2/LongTR/longTR_pipeline_HG02238/HG02238.chrM.vcf.gz	0.000376 seconds
Concatenating /scratch/rohlfslab/abierly2/LongTR/longTR_pipeline_HG02238/HG02238.chrX.vcf.gz	0.887151 seconds
Concatenating /scratch/rohlfslab/abierly2/LongTR/longTR_pipeline_HG02238/HG02238.chrY.vcf.gz	0.044138 seconds
