Checking the headers and starting positions of 25 files
Concatenating /scratch/rohlfslab/abierly2/LongTR/longTR_pipeline_NA10852/NA10852.chr10.vcf.gz	0.955227 seconds
Concatenating /scratch/rohlfslab/abierly2/LongTR/longTR_pipeline_NA10852/NA10852.chr11.vcf.gz	0.915366 seconds
Concatenating /scratch/rohlfslab/abierly2/LongTR/longTR_pipeline_NA10852/NA10852.chr12.vcf.gz	0.994573 seconds
Concatenating /scratch/rohlfslab/abierly2/LongTR/longTR_pipeline_NA10852/NA10852.chr13.vcf.gz	0.661576 seconds
Concatenating /scratch/rohlfslab/abierly2/LongTR/longTR_pipeline_NA10852/NA10852.chr14.vcf.gz	0.636918 seconds
Concatenating /scratch/rohlfslab/abierly2/LongTR/longTR_pipeline_NA10852/NA10852.chr15.vcf.gz	0.613450 seconds
Concatenating /scratch/rohlfslab/abierly2/LongTR/longTR_pipeline_NA10852/NA10852.chr16.vcf.gz	0.613068 seconds
Concatenating /scratch/rohlfslab/abierly2/LongTR/longTR_pipeline_NA10852/NA10852.chr17.vcf.gz	0.652483 seconds
Concatenating /scratch/rohlfslab/abierly2/LongTR/longTR_pipeline_NA10852/NA10852.chr18.vcf.gz	0.479680 seconds
Concatenating /scratch/rohlfslab/abierly2/LongTR/longTR_pipeline_NA10852/NA10852.chr19.vcf.gz	0.524601 seconds
Concatenating /scratch/rohlfslab/abierly2/LongTR/longTR_pipeline_NA10852/NA10852.chr1.vcf.gz	1.734714 seconds
Concatenating /scratch/rohlfslab/abierly2/LongTR/longTR_pipeline_NA10852/NA10852.chr20.vcf.gz	0.406798 seconds
Concatenating /scratch/rohlfslab/abierly2/LongTR/longTR_pipeline_NA10852/NA10852.chr21.vcf.gz	0.233762 seconds
Concatenating /scratch/rohlfslab/abierly2/LongTR/longTR_pipeline_NA10852/NA10852.chr22.vcf.gz	0.285044 seconds
Concatenating /scratch/rohlfslab/abierly2/LongTR/longTR_pipeline_NA10852/NA10852.chr2.vcf.gz	1.734167 seconds
Concatenating /scratch/rohlfslab/abierly2/LongTR/longTR_pipeline_NA10852/NA10852.chr3.vcf.gz	1.361131 seconds
Concatenating /scratch/rohlfslab/abierly2/LongTR/longTR_pipeline_NA10852/NA10852.chr4.vcf.gz	1.302962 seconds
Concatenating /scratch/rohlfslab/abierly2/LongTR/longTR_pipeline_NA10852/NA10852.chr5.vcf.gz	1.263421 seconds
Concatenating /scratch/rohlfslab/abierly2/LongTR/longTR_pipeline_NA10852/NA10852.chr6.vcf.gz	1.253340 seconds
Concatenating /scratch/rohlfslab/abierly2/LongTR/longTR_pipeline_NA10852/NA10852.chr7.vcf.gz	1.152506 seconds
Concatenating /scratch/rohlfslab/abierly2/LongTR/longTR_pipeline_NA10852/NA10852.chr8.vcf.gz	1.004875 seconds
Concatenating /scratch/rohlfslab/abierly2/LongTR/longTR_pipeline_NA10852/NA10852.chr9.vcf.gz	0.848764 seconds
Concatenating /scratch/rohlfslab/abierly2/LongTR/longTR_pipeline_NA10852/NA10852.chrM.vcf.gz	0.000330 seconds
Concatenating /scratch/rohlfslab/abierly2/LongTR/longTR_pipeline_NA10852/NA10852.chrX.vcf.gz	0.991860 seconds
Concatenating /scratch/rohlfslab/abierly2/LongTR/longTR_pipeline_NA10852/NA10852.chrY.vcf.gz	0.000314 seconds
