Checking the headers and starting positions of 25 files
Concatenating /scratch/rohlfslab/abierly2/LongTR/longTR_pipeline_HG01700/HG01700.chr10.vcf.gz	1.224249 seconds
Concatenating /scratch/rohlfslab/abierly2/LongTR/longTR_pipeline_HG01700/HG01700.chr11.vcf.gz	1.163953 seconds
Concatenating /scratch/rohlfslab/abierly2/LongTR/longTR_pipeline_HG01700/HG01700.chr12.vcf.gz	1.236046 seconds
Concatenating /scratch/rohlfslab/abierly2/LongTR/longTR_pipeline_HG01700/HG01700.chr13.vcf.gz	0.854281 seconds
Concatenating /scratch/rohlfslab/abierly2/LongTR/longTR_pipeline_HG01700/HG01700.chr14.vcf.gz	0.811299 seconds
Concatenating /scratch/rohlfslab/abierly2/LongTR/longTR_pipeline_HG01700/HG01700.chr15.vcf.gz	0.756423 seconds
Concatenating /scratch/rohlfslab/abierly2/LongTR/longTR_pipeline_HG01700/HG01700.chr16.vcf.gz	0.797506 seconds
Concatenating /scratch/rohlfslab/abierly2/LongTR/longTR_pipeline_HG01700/HG01700.chr17.vcf.gz	0.829717 seconds
Concatenating /scratch/rohlfslab/abierly2/LongTR/longTR_pipeline_HG01700/HG01700.chr18.vcf.gz	0.615668 seconds
Concatenating /scratch/rohlfslab/abierly2/LongTR/longTR_pipeline_HG01700/HG01700.chr19.vcf.gz	0.684883 seconds
Concatenating /scratch/rohlfslab/abierly2/LongTR/longTR_pipeline_HG01700/HG01700.chr1.vcf.gz	2.180546 seconds
Concatenating /scratch/rohlfslab/abierly2/LongTR/longTR_pipeline_HG01700/HG01700.chr20.vcf.gz	0.516626 seconds
Concatenating /scratch/rohlfslab/abierly2/LongTR/longTR_pipeline_HG01700/HG01700.chr21.vcf.gz	0.298526 seconds
Concatenating /scratch/rohlfslab/abierly2/LongTR/longTR_pipeline_HG01700/HG01700.chr22.vcf.gz	0.361763 seconds
Concatenating /scratch/rohlfslab/abierly2/LongTR/longTR_pipeline_HG01700/HG01700.chr2.vcf.gz	2.188454 seconds
Concatenating /scratch/rohlfslab/abierly2/LongTR/longTR_pipeline_HG01700/HG01700.chr3.vcf.gz	1.756524 seconds
Concatenating /scratch/rohlfslab/abierly2/LongTR/longTR_pipeline_HG01700/HG01700.chr4.vcf.gz	1.696766 seconds
Concatenating /scratch/rohlfslab/abierly2/LongTR/longTR_pipeline_HG01700/HG01700.chr5.vcf.gz	1.587871 seconds
Concatenating /scratch/rohlfslab/abierly2/LongTR/longTR_pipeline_HG01700/HG01700.chr6.vcf.gz	1.523468 seconds
Concatenating /scratch/rohlfslab/abierly2/LongTR/longTR_pipeline_HG01700/HG01700.chr7.vcf.gz	1.470206 seconds
Concatenating /scratch/rohlfslab/abierly2/LongTR/longTR_pipeline_HG01700/HG01700.chr8.vcf.gz	1.268494 seconds
Concatenating /scratch/rohlfslab/abierly2/LongTR/longTR_pipeline_HG01700/HG01700.chr9.vcf.gz	1.077981 seconds
Concatenating /scratch/rohlfslab/abierly2/LongTR/longTR_pipeline_HG01700/HG01700.chrM.vcf.gz	0.000458 seconds
Concatenating /scratch/rohlfslab/abierly2/LongTR/longTR_pipeline_HG01700/HG01700.chrX.vcf.gz	0.943138 seconds
Concatenating /scratch/rohlfslab/abierly2/LongTR/longTR_pipeline_HG01700/HG01700.chrY.vcf.gz	0.051565 seconds
