Checking the headers and starting positions of 25 files
Concatenating /scratch/rohlfslab/abierly2/LongTR/longTR_pipeline_NA12802/NA12802.chr10.vcf.gz	1.221348 seconds
Concatenating /scratch/rohlfslab/abierly2/LongTR/longTR_pipeline_NA12802/NA12802.chr11.vcf.gz	1.167579 seconds
Concatenating /scratch/rohlfslab/abierly2/LongTR/longTR_pipeline_NA12802/NA12802.chr12.vcf.gz	1.268359 seconds
Concatenating /scratch/rohlfslab/abierly2/LongTR/longTR_pipeline_NA12802/NA12802.chr13.vcf.gz	0.851080 seconds
Concatenating /scratch/rohlfslab/abierly2/LongTR/longTR_pipeline_NA12802/NA12802.chr14.vcf.gz	0.808960 seconds
Concatenating /scratch/rohlfslab/abierly2/LongTR/longTR_pipeline_NA12802/NA12802.chr15.vcf.gz	0.756375 seconds
Concatenating /scratch/rohlfslab/abierly2/LongTR/longTR_pipeline_NA12802/NA12802.chr16.vcf.gz	0.799743 seconds
Concatenating /scratch/rohlfslab/abierly2/LongTR/longTR_pipeline_NA12802/NA12802.chr17.vcf.gz	0.829667 seconds
Concatenating /scratch/rohlfslab/abierly2/LongTR/longTR_pipeline_NA12802/NA12802.chr18.vcf.gz	0.612265 seconds
Concatenating /scratch/rohlfslab/abierly2/LongTR/longTR_pipeline_NA12802/NA12802.chr19.vcf.gz	0.688162 seconds
Concatenating /scratch/rohlfslab/abierly2/LongTR/longTR_pipeline_NA12802/NA12802.chr1.vcf.gz	2.180083 seconds
Concatenating /scratch/rohlfslab/abierly2/LongTR/longTR_pipeline_NA12802/NA12802.chr20.vcf.gz	0.513490 seconds
Concatenating /scratch/rohlfslab/abierly2/LongTR/longTR_pipeline_NA12802/NA12802.chr21.vcf.gz	0.296698 seconds
Concatenating /scratch/rohlfslab/abierly2/LongTR/longTR_pipeline_NA12802/NA12802.chr22.vcf.gz	0.368179 seconds
Concatenating /scratch/rohlfslab/abierly2/LongTR/longTR_pipeline_NA12802/NA12802.chr2.vcf.gz	2.170384 seconds
Concatenating /scratch/rohlfslab/abierly2/LongTR/longTR_pipeline_NA12802/NA12802.chr3.vcf.gz	1.736276 seconds
Concatenating /scratch/rohlfslab/abierly2/LongTR/longTR_pipeline_NA12802/NA12802.chr4.vcf.gz	1.656307 seconds
Concatenating /scratch/rohlfslab/abierly2/LongTR/longTR_pipeline_NA12802/NA12802.chr5.vcf.gz	1.572633 seconds
Concatenating /scratch/rohlfslab/abierly2/LongTR/longTR_pipeline_NA12802/NA12802.chr6.vcf.gz	1.518794 seconds
Concatenating /scratch/rohlfslab/abierly2/LongTR/longTR_pipeline_NA12802/NA12802.chr7.vcf.gz	1.460335 seconds
Concatenating /scratch/rohlfslab/abierly2/LongTR/longTR_pipeline_NA12802/NA12802.chr8.vcf.gz	1.265110 seconds
Concatenating /scratch/rohlfslab/abierly2/LongTR/longTR_pipeline_NA12802/NA12802.chr9.vcf.gz	1.098341 seconds
Concatenating /scratch/rohlfslab/abierly2/LongTR/longTR_pipeline_NA12802/NA12802.chrM.vcf.gz	0.002119 seconds
Concatenating /scratch/rohlfslab/abierly2/LongTR/longTR_pipeline_NA12802/NA12802.chrX.vcf.gz	1.306562 seconds
Concatenating /scratch/rohlfslab/abierly2/LongTR/longTR_pipeline_NA12802/NA12802.chrY.vcf.gz	0.000356 seconds
