Checking the headers and starting positions of 25 files
Concatenating /scratch/rohlfslab/abierly2/LongTR/longTR_pipeline_NA18555/NA18555.chr10.vcf.gz	1.250726 seconds
Concatenating /scratch/rohlfslab/abierly2/LongTR/longTR_pipeline_NA18555/NA18555.chr11.vcf.gz	1.193614 seconds
Concatenating /scratch/rohlfslab/abierly2/LongTR/longTR_pipeline_NA18555/NA18555.chr12.vcf.gz	1.261412 seconds
Concatenating /scratch/rohlfslab/abierly2/LongTR/longTR_pipeline_NA18555/NA18555.chr13.vcf.gz	0.869510 seconds
Concatenating /scratch/rohlfslab/abierly2/LongTR/longTR_pipeline_NA18555/NA18555.chr14.vcf.gz	0.828042 seconds
Concatenating /scratch/rohlfslab/abierly2/LongTR/longTR_pipeline_NA18555/NA18555.chr15.vcf.gz	0.778415 seconds
Concatenating /scratch/rohlfslab/abierly2/LongTR/longTR_pipeline_NA18555/NA18555.chr16.vcf.gz	0.815523 seconds
Concatenating /scratch/rohlfslab/abierly2/LongTR/longTR_pipeline_NA18555/NA18555.chr17.vcf.gz	0.844807 seconds
Concatenating /scratch/rohlfslab/abierly2/LongTR/longTR_pipeline_NA18555/NA18555.chr18.vcf.gz	0.625107 seconds
Concatenating /scratch/rohlfslab/abierly2/LongTR/longTR_pipeline_NA18555/NA18555.chr19.vcf.gz	0.699354 seconds
Concatenating /scratch/rohlfslab/abierly2/LongTR/longTR_pipeline_NA18555/NA18555.chr1.vcf.gz	2.229233 seconds
Concatenating /scratch/rohlfslab/abierly2/LongTR/longTR_pipeline_NA18555/NA18555.chr20.vcf.gz	0.523824 seconds
Concatenating /scratch/rohlfslab/abierly2/LongTR/longTR_pipeline_NA18555/NA18555.chr21.vcf.gz	0.306234 seconds
Concatenating /scratch/rohlfslab/abierly2/LongTR/longTR_pipeline_NA18555/NA18555.chr22.vcf.gz	0.367556 seconds
Concatenating /scratch/rohlfslab/abierly2/LongTR/longTR_pipeline_NA18555/NA18555.chr2.vcf.gz	2.232862 seconds
Concatenating /scratch/rohlfslab/abierly2/LongTR/longTR_pipeline_NA18555/NA18555.chr3.vcf.gz	1.784866 seconds
Concatenating /scratch/rohlfslab/abierly2/LongTR/longTR_pipeline_NA18555/NA18555.chr4.vcf.gz	1.702975 seconds
Concatenating /scratch/rohlfslab/abierly2/LongTR/longTR_pipeline_NA18555/NA18555.chr5.vcf.gz	1.607760 seconds
Concatenating /scratch/rohlfslab/abierly2/LongTR/longTR_pipeline_NA18555/NA18555.chr6.vcf.gz	1.555379 seconds
Concatenating /scratch/rohlfslab/abierly2/LongTR/longTR_pipeline_NA18555/NA18555.chr7.vcf.gz	1.499678 seconds
Concatenating /scratch/rohlfslab/abierly2/LongTR/longTR_pipeline_NA18555/NA18555.chr8.vcf.gz	1.296486 seconds
Concatenating /scratch/rohlfslab/abierly2/LongTR/longTR_pipeline_NA18555/NA18555.chr9.vcf.gz	1.095188 seconds
Concatenating /scratch/rohlfslab/abierly2/LongTR/longTR_pipeline_NA18555/NA18555.chrM.vcf.gz	0.000366 seconds
Concatenating /scratch/rohlfslab/abierly2/LongTR/longTR_pipeline_NA18555/NA18555.chrX.vcf.gz	1.344967 seconds
Concatenating /scratch/rohlfslab/abierly2/LongTR/longTR_pipeline_NA18555/NA18555.chrY.vcf.gz	0.001494 seconds
