Checking the headers and starting positions of 25 files
Concatenating /scratch/rohlfslab/abierly2/LongTR/longTR_pipeline_HG01341/HG01341.chr10.vcf.gz	1.289970 seconds
Concatenating /scratch/rohlfslab/abierly2/LongTR/longTR_pipeline_HG01341/HG01341.chr11.vcf.gz	1.226830 seconds
Concatenating /scratch/rohlfslab/abierly2/LongTR/longTR_pipeline_HG01341/HG01341.chr12.vcf.gz	1.298713 seconds
Concatenating /scratch/rohlfslab/abierly2/LongTR/longTR_pipeline_HG01341/HG01341.chr13.vcf.gz	0.897483 seconds
Concatenating /scratch/rohlfslab/abierly2/LongTR/longTR_pipeline_HG01341/HG01341.chr14.vcf.gz	0.854348 seconds
Concatenating /scratch/rohlfslab/abierly2/LongTR/longTR_pipeline_HG01341/HG01341.chr15.vcf.gz	0.801840 seconds
Concatenating /scratch/rohlfslab/abierly2/LongTR/longTR_pipeline_HG01341/HG01341.chr16.vcf.gz	0.849616 seconds
Concatenating /scratch/rohlfslab/abierly2/LongTR/longTR_pipeline_HG01341/HG01341.chr17.vcf.gz	0.874776 seconds
Concatenating /scratch/rohlfslab/abierly2/LongTR/longTR_pipeline_HG01341/HG01341.chr18.vcf.gz	0.647163 seconds
Concatenating /scratch/rohlfslab/abierly2/LongTR/longTR_pipeline_HG01341/HG01341.chr19.vcf.gz	0.719299 seconds
Concatenating /scratch/rohlfslab/abierly2/LongTR/longTR_pipeline_HG01341/HG01341.chr1.vcf.gz	2.298732 seconds
Concatenating /scratch/rohlfslab/abierly2/LongTR/longTR_pipeline_HG01341/HG01341.chr20.vcf.gz	0.539652 seconds
Concatenating /scratch/rohlfslab/abierly2/LongTR/longTR_pipeline_HG01341/HG01341.chr21.vcf.gz	0.312371 seconds
Concatenating /scratch/rohlfslab/abierly2/LongTR/longTR_pipeline_HG01341/HG01341.chr22.vcf.gz	0.381257 seconds
Concatenating /scratch/rohlfslab/abierly2/LongTR/longTR_pipeline_HG01341/HG01341.chr2.vcf.gz	2.296591 seconds
Concatenating /scratch/rohlfslab/abierly2/LongTR/longTR_pipeline_HG01341/HG01341.chr3.vcf.gz	1.831881 seconds
Concatenating /scratch/rohlfslab/abierly2/LongTR/longTR_pipeline_HG01341/HG01341.chr4.vcf.gz	1.748186 seconds
Concatenating /scratch/rohlfslab/abierly2/LongTR/longTR_pipeline_HG01341/HG01341.chr5.vcf.gz	1.693448 seconds
Concatenating /scratch/rohlfslab/abierly2/LongTR/longTR_pipeline_HG01341/HG01341.chr6.vcf.gz	1.597409 seconds
Concatenating /scratch/rohlfslab/abierly2/LongTR/longTR_pipeline_HG01341/HG01341.chr7.vcf.gz	1.547999 seconds
Concatenating /scratch/rohlfslab/abierly2/LongTR/longTR_pipeline_HG01341/HG01341.chr8.vcf.gz	1.344052 seconds
Concatenating /scratch/rohlfslab/abierly2/LongTR/longTR_pipeline_HG01341/HG01341.chr9.vcf.gz	1.131760 seconds
Concatenating /scratch/rohlfslab/abierly2/LongTR/longTR_pipeline_HG01341/HG01341.chrM.vcf.gz	0.000305 seconds
Concatenating /scratch/rohlfslab/abierly2/LongTR/longTR_pipeline_HG01341/HG01341.chrX.vcf.gz	1.321309 seconds
Concatenating /scratch/rohlfslab/abierly2/LongTR/longTR_pipeline_HG01341/HG01341.chrY.vcf.gz	0.071877 seconds
