Checking the headers and starting positions of 25 files
Concatenating /scratch/rohlfslab/abierly2/LongTR/longTR_pipeline_HG02137/HG02137.chr10.vcf.gz	1.298859 seconds
Concatenating /scratch/rohlfslab/abierly2/LongTR/longTR_pipeline_HG02137/HG02137.chr11.vcf.gz	1.242087 seconds
Concatenating /scratch/rohlfslab/abierly2/LongTR/longTR_pipeline_HG02137/HG02137.chr12.vcf.gz	1.318219 seconds
Concatenating /scratch/rohlfslab/abierly2/LongTR/longTR_pipeline_HG02137/HG02137.chr13.vcf.gz	0.899902 seconds
Concatenating /scratch/rohlfslab/abierly2/LongTR/longTR_pipeline_HG02137/HG02137.chr14.vcf.gz	0.872884 seconds
Concatenating /scratch/rohlfslab/abierly2/LongTR/longTR_pipeline_HG02137/HG02137.chr15.vcf.gz	0.809813 seconds
Concatenating /scratch/rohlfslab/abierly2/LongTR/longTR_pipeline_HG02137/HG02137.chr16.vcf.gz	0.852256 seconds
Concatenating /scratch/rohlfslab/abierly2/LongTR/longTR_pipeline_HG02137/HG02137.chr17.vcf.gz	0.892968 seconds
Concatenating /scratch/rohlfslab/abierly2/LongTR/longTR_pipeline_HG02137/HG02137.chr18.vcf.gz	0.658274 seconds
Concatenating /scratch/rohlfslab/abierly2/LongTR/longTR_pipeline_HG02137/HG02137.chr19.vcf.gz	0.732532 seconds
Concatenating /scratch/rohlfslab/abierly2/LongTR/longTR_pipeline_HG02137/HG02137.chr1.vcf.gz	2.334444 seconds
Concatenating /scratch/rohlfslab/abierly2/LongTR/longTR_pipeline_HG02137/HG02137.chr20.vcf.gz	0.546674 seconds
Concatenating /scratch/rohlfslab/abierly2/LongTR/longTR_pipeline_HG02137/HG02137.chr21.vcf.gz	0.321385 seconds
Concatenating /scratch/rohlfslab/abierly2/LongTR/longTR_pipeline_HG02137/HG02137.chr22.vcf.gz	0.455843 seconds
Concatenating /scratch/rohlfslab/abierly2/LongTR/longTR_pipeline_HG02137/HG02137.chr2.vcf.gz	2.324302 seconds
Concatenating /scratch/rohlfslab/abierly2/LongTR/longTR_pipeline_HG02137/HG02137.chr3.vcf.gz	1.853131 seconds
Concatenating /scratch/rohlfslab/abierly2/LongTR/longTR_pipeline_HG02137/HG02137.chr4.vcf.gz	1.795087 seconds
Concatenating /scratch/rohlfslab/abierly2/LongTR/longTR_pipeline_HG02137/HG02137.chr5.vcf.gz	1.694763 seconds
Concatenating /scratch/rohlfslab/abierly2/LongTR/longTR_pipeline_HG02137/HG02137.chr6.vcf.gz	1.629787 seconds
Concatenating /scratch/rohlfslab/abierly2/LongTR/longTR_pipeline_HG02137/HG02137.chr7.vcf.gz	1.565189 seconds
Concatenating /scratch/rohlfslab/abierly2/LongTR/longTR_pipeline_HG02137/HG02137.chr8.vcf.gz	1.346951 seconds
Concatenating /scratch/rohlfslab/abierly2/LongTR/longTR_pipeline_HG02137/HG02137.chr9.vcf.gz	1.158466 seconds
Concatenating /scratch/rohlfslab/abierly2/LongTR/longTR_pipeline_HG02137/HG02137.chrM.vcf.gz	0.000472 seconds
Concatenating /scratch/rohlfslab/abierly2/LongTR/longTR_pipeline_HG02137/HG02137.chrX.vcf.gz	1.338824 seconds
Concatenating /scratch/rohlfslab/abierly2/LongTR/longTR_pipeline_HG02137/HG02137.chrY.vcf.gz	0.069661 seconds
