Checking the headers and starting positions of 25 files
Concatenating /scratch/rohlfslab/abierly2/LongTR/longTR_pipeline_HG02685/HG02685.chr10.vcf.gz	1.054801 seconds
Concatenating /scratch/rohlfslab/abierly2/LongTR/longTR_pipeline_HG02685/HG02685.chr11.vcf.gz	1.011113 seconds
Concatenating /scratch/rohlfslab/abierly2/LongTR/longTR_pipeline_HG02685/HG02685.chr12.vcf.gz	1.075039 seconds
Concatenating /scratch/rohlfslab/abierly2/LongTR/longTR_pipeline_HG02685/HG02685.chr13.vcf.gz	0.719331 seconds
Concatenating /scratch/rohlfslab/abierly2/LongTR/longTR_pipeline_HG02685/HG02685.chr14.vcf.gz	0.712240 seconds
Concatenating /scratch/rohlfslab/abierly2/LongTR/longTR_pipeline_HG02685/HG02685.chr15.vcf.gz	0.656641 seconds
Concatenating /scratch/rohlfslab/abierly2/LongTR/longTR_pipeline_HG02685/HG02685.chr16.vcf.gz	0.702163 seconds
Concatenating /scratch/rohlfslab/abierly2/LongTR/longTR_pipeline_HG02685/HG02685.chr17.vcf.gz	0.726583 seconds
Concatenating /scratch/rohlfslab/abierly2/LongTR/longTR_pipeline_HG02685/HG02685.chr18.vcf.gz	0.525764 seconds
Concatenating /scratch/rohlfslab/abierly2/LongTR/longTR_pipeline_HG02685/HG02685.chr19.vcf.gz	0.611345 seconds
Concatenating /scratch/rohlfslab/abierly2/LongTR/longTR_pipeline_HG02685/HG02685.chr1.vcf.gz	1.891913 seconds
Concatenating /scratch/rohlfslab/abierly2/LongTR/longTR_pipeline_HG02685/HG02685.chr20.vcf.gz	0.453704 seconds
Concatenating /scratch/rohlfslab/abierly2/LongTR/longTR_pipeline_HG02685/HG02685.chr21.vcf.gz	0.261374 seconds
Concatenating /scratch/rohlfslab/abierly2/LongTR/longTR_pipeline_HG02685/HG02685.chr22.vcf.gz	0.323261 seconds
Concatenating /scratch/rohlfslab/abierly2/LongTR/longTR_pipeline_HG02685/HG02685.chr2.vcf.gz	1.873526 seconds
Concatenating /scratch/rohlfslab/abierly2/LongTR/longTR_pipeline_HG02685/HG02685.chr3.vcf.gz	1.503905 seconds
Concatenating /scratch/rohlfslab/abierly2/LongTR/longTR_pipeline_HG02685/HG02685.chr4.vcf.gz	1.419179 seconds
Concatenating /scratch/rohlfslab/abierly2/LongTR/longTR_pipeline_HG02685/HG02685.chr5.vcf.gz	1.361253 seconds
Concatenating /scratch/rohlfslab/abierly2/LongTR/longTR_pipeline_HG02685/HG02685.chr6.vcf.gz	1.305174 seconds
Concatenating /scratch/rohlfslab/abierly2/LongTR/longTR_pipeline_HG02685/HG02685.chr7.vcf.gz	1.264125 seconds
Concatenating /scratch/rohlfslab/abierly2/LongTR/longTR_pipeline_HG02685/HG02685.chr8.vcf.gz	1.106237 seconds
Concatenating /scratch/rohlfslab/abierly2/LongTR/longTR_pipeline_HG02685/HG02685.chr9.vcf.gz	0.935171 seconds
Concatenating /scratch/rohlfslab/abierly2/LongTR/longTR_pipeline_HG02685/HG02685.chrM.vcf.gz	0.000368 seconds
Concatenating /scratch/rohlfslab/abierly2/LongTR/longTR_pipeline_HG02685/HG02685.chrX.vcf.gz	1.119566 seconds
Concatenating /scratch/rohlfslab/abierly2/LongTR/longTR_pipeline_HG02685/HG02685.chrY.vcf.gz	0.000364 seconds
