Checking the headers and starting positions of 25 files
Concatenating /scratch/rohlfslab/abierly2/LongTR/longTR_pipeline_HG02152/HG02152.chr10.vcf.gz	1.251991 seconds
Concatenating /scratch/rohlfslab/abierly2/LongTR/longTR_pipeline_HG02152/HG02152.chr11.vcf.gz	1.194387 seconds
Concatenating /scratch/rohlfslab/abierly2/LongTR/longTR_pipeline_HG02152/HG02152.chr12.vcf.gz	1.266630 seconds
Concatenating /scratch/rohlfslab/abierly2/LongTR/longTR_pipeline_HG02152/HG02152.chr13.vcf.gz	0.870873 seconds
Concatenating /scratch/rohlfslab/abierly2/LongTR/longTR_pipeline_HG02152/HG02152.chr14.vcf.gz	0.829065 seconds
Concatenating /scratch/rohlfslab/abierly2/LongTR/longTR_pipeline_HG02152/HG02152.chr15.vcf.gz	0.779947 seconds
Concatenating /scratch/rohlfslab/abierly2/LongTR/longTR_pipeline_HG02152/HG02152.chr16.vcf.gz	0.816777 seconds
Concatenating /scratch/rohlfslab/abierly2/LongTR/longTR_pipeline_HG02152/HG02152.chr17.vcf.gz	0.855702 seconds
Concatenating /scratch/rohlfslab/abierly2/LongTR/longTR_pipeline_HG02152/HG02152.chr18.vcf.gz	0.627791 seconds
Concatenating /scratch/rohlfslab/abierly2/LongTR/longTR_pipeline_HG02152/HG02152.chr19.vcf.gz	0.706243 seconds
Concatenating /scratch/rohlfslab/abierly2/LongTR/longTR_pipeline_HG02152/HG02152.chr1.vcf.gz	2.232368 seconds
Concatenating /scratch/rohlfslab/abierly2/LongTR/longTR_pipeline_HG02152/HG02152.chr20.vcf.gz	0.529596 seconds
Concatenating /scratch/rohlfslab/abierly2/LongTR/longTR_pipeline_HG02152/HG02152.chr21.vcf.gz	0.304357 seconds
Concatenating /scratch/rohlfslab/abierly2/LongTR/longTR_pipeline_HG02152/HG02152.chr22.vcf.gz	0.374028 seconds
Concatenating /scratch/rohlfslab/abierly2/LongTR/longTR_pipeline_HG02152/HG02152.chr2.vcf.gz	2.235694 seconds
Concatenating /scratch/rohlfslab/abierly2/LongTR/longTR_pipeline_HG02152/HG02152.chr3.vcf.gz	1.779393 seconds
Concatenating /scratch/rohlfslab/abierly2/LongTR/longTR_pipeline_HG02152/HG02152.chr4.vcf.gz	1.709150 seconds
Concatenating /scratch/rohlfslab/abierly2/LongTR/longTR_pipeline_HG02152/HG02152.chr5.vcf.gz	1.612760 seconds
Concatenating /scratch/rohlfslab/abierly2/LongTR/longTR_pipeline_HG02152/HG02152.chr6.vcf.gz	1.554742 seconds
Concatenating /scratch/rohlfslab/abierly2/LongTR/longTR_pipeline_HG02152/HG02152.chr7.vcf.gz	1.502071 seconds
Concatenating /scratch/rohlfslab/abierly2/LongTR/longTR_pipeline_HG02152/HG02152.chr8.vcf.gz	1.298657 seconds
Concatenating /scratch/rohlfslab/abierly2/LongTR/longTR_pipeline_HG02152/HG02152.chr9.vcf.gz	1.099540 seconds
Concatenating /scratch/rohlfslab/abierly2/LongTR/longTR_pipeline_HG02152/HG02152.chrM.vcf.gz	0.000348 seconds
Concatenating /scratch/rohlfslab/abierly2/LongTR/longTR_pipeline_HG02152/HG02152.chrX.vcf.gz	1.346910 seconds
Concatenating /scratch/rohlfslab/abierly2/LongTR/longTR_pipeline_HG02152/HG02152.chrY.vcf.gz	0.000367 seconds
