Checking the headers and starting positions of 25 files
Concatenating /scratch/rohlfslab/abierly2/LongTR/longTR_pipeline_HG03697/HG03697.chr10.vcf.gz	1.112476 seconds
Concatenating /scratch/rohlfslab/abierly2/LongTR/longTR_pipeline_HG03697/HG03697.chr11.vcf.gz	1.064765 seconds
Concatenating /scratch/rohlfslab/abierly2/LongTR/longTR_pipeline_HG03697/HG03697.chr12.vcf.gz	1.125595 seconds
Concatenating /scratch/rohlfslab/abierly2/LongTR/longTR_pipeline_HG03697/HG03697.chr13.vcf.gz	0.786397 seconds
Concatenating /scratch/rohlfslab/abierly2/LongTR/longTR_pipeline_HG03697/HG03697.chr14.vcf.gz	0.742927 seconds
Concatenating /scratch/rohlfslab/abierly2/LongTR/longTR_pipeline_HG03697/HG03697.chr15.vcf.gz	0.689458 seconds
Concatenating /scratch/rohlfslab/abierly2/LongTR/longTR_pipeline_HG03697/HG03697.chr16.vcf.gz	0.707749 seconds
Concatenating /scratch/rohlfslab/abierly2/LongTR/longTR_pipeline_HG03697/HG03697.chr17.vcf.gz	0.737928 seconds
Concatenating /scratch/rohlfslab/abierly2/LongTR/longTR_pipeline_HG03697/HG03697.chr18.vcf.gz	0.570199 seconds
Concatenating /scratch/rohlfslab/abierly2/LongTR/longTR_pipeline_HG03697/HG03697.chr19.vcf.gz	0.603107 seconds
Concatenating /scratch/rohlfslab/abierly2/LongTR/longTR_pipeline_HG03697/HG03697.chr1.vcf.gz	1.984362 seconds
Concatenating /scratch/rohlfslab/abierly2/LongTR/longTR_pipeline_HG03697/HG03697.chr20.vcf.gz	0.470527 seconds
Concatenating /scratch/rohlfslab/abierly2/LongTR/longTR_pipeline_HG03697/HG03697.chr21.vcf.gz	0.273863 seconds
Concatenating /scratch/rohlfslab/abierly2/LongTR/longTR_pipeline_HG03697/HG03697.chr22.vcf.gz	0.324148 seconds
Concatenating /scratch/rohlfslab/abierly2/LongTR/longTR_pipeline_HG03697/HG03697.chr2.vcf.gz	1.995268 seconds
Concatenating /scratch/rohlfslab/abierly2/LongTR/longTR_pipeline_HG03697/HG03697.chr3.vcf.gz	1.591564 seconds
Concatenating /scratch/rohlfslab/abierly2/LongTR/longTR_pipeline_HG03697/HG03697.chr4.vcf.gz	1.530805 seconds
Concatenating /scratch/rohlfslab/abierly2/LongTR/longTR_pipeline_HG03697/HG03697.chr5.vcf.gz	1.446131 seconds
Concatenating /scratch/rohlfslab/abierly2/LongTR/longTR_pipeline_HG03697/HG03697.chr6.vcf.gz	1.396710 seconds
Concatenating /scratch/rohlfslab/abierly2/LongTR/longTR_pipeline_HG03697/HG03697.chr7.vcf.gz	1.333735 seconds
Concatenating /scratch/rohlfslab/abierly2/LongTR/longTR_pipeline_HG03697/HG03697.chr8.vcf.gz	1.161784 seconds
Concatenating /scratch/rohlfslab/abierly2/LongTR/longTR_pipeline_HG03697/HG03697.chr9.vcf.gz	0.979224 seconds
Concatenating /scratch/rohlfslab/abierly2/LongTR/longTR_pipeline_HG03697/HG03697.chrM.vcf.gz	0.000340 seconds
Concatenating /scratch/rohlfslab/abierly2/LongTR/longTR_pipeline_HG03697/HG03697.chrX.vcf.gz	0.316757 seconds
Concatenating /scratch/rohlfslab/abierly2/LongTR/longTR_pipeline_HG03697/HG03697.chrY.vcf.gz	0.016760 seconds
