Checking the headers and starting positions of 25 files
Concatenating /scratch/rohlfslab/abierly2/LongTR/longTR_pipeline_HG01678/HG01678.chr10.vcf.gz	1.216964 seconds
Concatenating /scratch/rohlfslab/abierly2/LongTR/longTR_pipeline_HG01678/HG01678.chr11.vcf.gz	1.159478 seconds
Concatenating /scratch/rohlfslab/abierly2/LongTR/longTR_pipeline_HG01678/HG01678.chr12.vcf.gz	1.228197 seconds
Concatenating /scratch/rohlfslab/abierly2/LongTR/longTR_pipeline_HG01678/HG01678.chr13.vcf.gz	0.851751 seconds
Concatenating /scratch/rohlfslab/abierly2/LongTR/longTR_pipeline_HG01678/HG01678.chr14.vcf.gz	0.803239 seconds
Concatenating /scratch/rohlfslab/abierly2/LongTR/longTR_pipeline_HG01678/HG01678.chr15.vcf.gz	0.756318 seconds
Concatenating /scratch/rohlfslab/abierly2/LongTR/longTR_pipeline_HG01678/HG01678.chr16.vcf.gz	0.794853 seconds
Concatenating /scratch/rohlfslab/abierly2/LongTR/longTR_pipeline_HG01678/HG01678.chr17.vcf.gz	0.817516 seconds
Concatenating /scratch/rohlfslab/abierly2/LongTR/longTR_pipeline_HG01678/HG01678.chr18.vcf.gz	0.611661 seconds
Concatenating /scratch/rohlfslab/abierly2/LongTR/longTR_pipeline_HG01678/HG01678.chr19.vcf.gz	0.677973 seconds
Concatenating /scratch/rohlfslab/abierly2/LongTR/longTR_pipeline_HG01678/HG01678.chr1.vcf.gz	2.159961 seconds
Concatenating /scratch/rohlfslab/abierly2/LongTR/longTR_pipeline_HG01678/HG01678.chr20.vcf.gz	0.512368 seconds
Concatenating /scratch/rohlfslab/abierly2/LongTR/longTR_pipeline_HG01678/HG01678.chr21.vcf.gz	0.294569 seconds
Concatenating /scratch/rohlfslab/abierly2/LongTR/longTR_pipeline_HG01678/HG01678.chr22.vcf.gz	0.356167 seconds
Concatenating /scratch/rohlfslab/abierly2/LongTR/longTR_pipeline_HG01678/HG01678.chr2.vcf.gz	2.166645 seconds
Concatenating /scratch/rohlfslab/abierly2/LongTR/longTR_pipeline_HG01678/HG01678.chr3.vcf.gz	1.760343 seconds
Concatenating /scratch/rohlfslab/abierly2/LongTR/longTR_pipeline_HG01678/HG01678.chr4.vcf.gz	1.662727 seconds
Concatenating /scratch/rohlfslab/abierly2/LongTR/longTR_pipeline_HG01678/HG01678.chr5.vcf.gz	1.569947 seconds
Concatenating /scratch/rohlfslab/abierly2/LongTR/longTR_pipeline_HG01678/HG01678.chr6.vcf.gz	1.504500 seconds
Concatenating /scratch/rohlfslab/abierly2/LongTR/longTR_pipeline_HG01678/HG01678.chr7.vcf.gz	1.453996 seconds
Concatenating /scratch/rohlfslab/abierly2/LongTR/longTR_pipeline_HG01678/HG01678.chr8.vcf.gz	1.262518 seconds
Concatenating /scratch/rohlfslab/abierly2/LongTR/longTR_pipeline_HG01678/HG01678.chr9.vcf.gz	1.066679 seconds
Concatenating /scratch/rohlfslab/abierly2/LongTR/longTR_pipeline_HG01678/HG01678.chrM.vcf.gz	0.000298 seconds
Concatenating /scratch/rohlfslab/abierly2/LongTR/longTR_pipeline_HG01678/HG01678.chrX.vcf.gz	0.814905 seconds
Concatenating /scratch/rohlfslab/abierly2/LongTR/longTR_pipeline_HG01678/HG01678.chrY.vcf.gz	0.043639 seconds
