Checking the headers and starting positions of 25 files
Concatenating /scratch/rohlfslab/abierly2/LongTR/longTR_pipeline_HG03690/HG03690.chr10.vcf.gz	0.934857 seconds
Concatenating /scratch/rohlfslab/abierly2/LongTR/longTR_pipeline_HG03690/HG03690.chr11.vcf.gz	0.894162 seconds
Concatenating /scratch/rohlfslab/abierly2/LongTR/longTR_pipeline_HG03690/HG03690.chr12.vcf.gz	0.951434 seconds
Concatenating /scratch/rohlfslab/abierly2/LongTR/longTR_pipeline_HG03690/HG03690.chr13.vcf.gz	0.661013 seconds
Concatenating /scratch/rohlfslab/abierly2/LongTR/longTR_pipeline_HG03690/HG03690.chr14.vcf.gz	0.618175 seconds
Concatenating /scratch/rohlfslab/abierly2/LongTR/longTR_pipeline_HG03690/HG03690.chr15.vcf.gz	0.580175 seconds
Concatenating /scratch/rohlfslab/abierly2/LongTR/longTR_pipeline_HG03690/HG03690.chr16.vcf.gz	0.582919 seconds
Concatenating /scratch/rohlfslab/abierly2/LongTR/longTR_pipeline_HG03690/HG03690.chr17.vcf.gz	0.610826 seconds
Concatenating /scratch/rohlfslab/abierly2/LongTR/longTR_pipeline_HG03690/HG03690.chr18.vcf.gz	0.481723 seconds
Concatenating /scratch/rohlfslab/abierly2/LongTR/longTR_pipeline_HG03690/HG03690.chr19.vcf.gz	0.471451 seconds
Concatenating /scratch/rohlfslab/abierly2/LongTR/longTR_pipeline_HG03690/HG03690.chr1.vcf.gz	1.662808 seconds
Concatenating /scratch/rohlfslab/abierly2/LongTR/longTR_pipeline_HG03690/HG03690.chr20.vcf.gz	0.392391 seconds
Concatenating /scratch/rohlfslab/abierly2/LongTR/longTR_pipeline_HG03690/HG03690.chr21.vcf.gz	0.223903 seconds
Concatenating /scratch/rohlfslab/abierly2/LongTR/longTR_pipeline_HG03690/HG03690.chr22.vcf.gz	0.265013 seconds
Concatenating /scratch/rohlfslab/abierly2/LongTR/longTR_pipeline_HG03690/HG03690.chr2.vcf.gz	1.684027 seconds
Concatenating /scratch/rohlfslab/abierly2/LongTR/longTR_pipeline_HG03690/HG03690.chr3.vcf.gz	1.342864 seconds
Concatenating /scratch/rohlfslab/abierly2/LongTR/longTR_pipeline_HG03690/HG03690.chr4.vcf.gz	1.273060 seconds
Concatenating /scratch/rohlfslab/abierly2/LongTR/longTR_pipeline_HG03690/HG03690.chr5.vcf.gz	1.231354 seconds
Concatenating /scratch/rohlfslab/abierly2/LongTR/longTR_pipeline_HG03690/HG03690.chr6.vcf.gz	1.169918 seconds
Concatenating /scratch/rohlfslab/abierly2/LongTR/longTR_pipeline_HG03690/HG03690.chr7.vcf.gz	1.116330 seconds
Concatenating /scratch/rohlfslab/abierly2/LongTR/longTR_pipeline_HG03690/HG03690.chr8.vcf.gz	0.984902 seconds
Concatenating /scratch/rohlfslab/abierly2/LongTR/longTR_pipeline_HG03690/HG03690.chr9.vcf.gz	0.811364 seconds
Concatenating /scratch/rohlfslab/abierly2/LongTR/longTR_pipeline_HG03690/HG03690.chrM.vcf.gz	0.000399 seconds
Concatenating /scratch/rohlfslab/abierly2/LongTR/longTR_pipeline_HG03690/HG03690.chrX.vcf.gz	0.981594 seconds
Concatenating /scratch/rohlfslab/abierly2/LongTR/longTR_pipeline_HG03690/HG03690.chrY.vcf.gz	0.000389 seconds
