Checking the headers and starting positions of 25 files
Concatenating /scratch/rohlfslab/abierly2/LongTR/longTR_pipeline_HG02223/HG02223.chr10.vcf.gz	1.193788 seconds
Concatenating /scratch/rohlfslab/abierly2/LongTR/longTR_pipeline_HG02223/HG02223.chr11.vcf.gz	1.135559 seconds
Concatenating /scratch/rohlfslab/abierly2/LongTR/longTR_pipeline_HG02223/HG02223.chr12.vcf.gz	1.204477 seconds
Concatenating /scratch/rohlfslab/abierly2/LongTR/longTR_pipeline_HG02223/HG02223.chr13.vcf.gz	0.814009 seconds
Concatenating /scratch/rohlfslab/abierly2/LongTR/longTR_pipeline_HG02223/HG02223.chr14.vcf.gz	0.784874 seconds
Concatenating /scratch/rohlfslab/abierly2/LongTR/longTR_pipeline_HG02223/HG02223.chr15.vcf.gz	0.743032 seconds
Concatenating /scratch/rohlfslab/abierly2/LongTR/longTR_pipeline_HG02223/HG02223.chr16.vcf.gz	0.788800 seconds
Concatenating /scratch/rohlfslab/abierly2/LongTR/longTR_pipeline_HG02223/HG02223.chr17.vcf.gz	0.814658 seconds
Concatenating /scratch/rohlfslab/abierly2/LongTR/longTR_pipeline_HG02223/HG02223.chr18.vcf.gz	0.597128 seconds
Concatenating /scratch/rohlfslab/abierly2/LongTR/longTR_pipeline_HG02223/HG02223.chr19.vcf.gz	0.675359 seconds
Concatenating /scratch/rohlfslab/abierly2/LongTR/longTR_pipeline_HG02223/HG02223.chr1.vcf.gz	2.128776 seconds
Concatenating /scratch/rohlfslab/abierly2/LongTR/longTR_pipeline_HG02223/HG02223.chr20.vcf.gz	0.506604 seconds
Concatenating /scratch/rohlfslab/abierly2/LongTR/longTR_pipeline_HG02223/HG02223.chr21.vcf.gz	0.290868 seconds
Concatenating /scratch/rohlfslab/abierly2/LongTR/longTR_pipeline_HG02223/HG02223.chr22.vcf.gz	0.362036 seconds
Concatenating /scratch/rohlfslab/abierly2/LongTR/longTR_pipeline_HG02223/HG02223.chr2.vcf.gz	2.133546 seconds
Concatenating /scratch/rohlfslab/abierly2/LongTR/longTR_pipeline_HG02223/HG02223.chr3.vcf.gz	1.692024 seconds
Concatenating /scratch/rohlfslab/abierly2/LongTR/longTR_pipeline_HG02223/HG02223.chr4.vcf.gz	1.596211 seconds
Concatenating /scratch/rohlfslab/abierly2/LongTR/longTR_pipeline_HG02223/HG02223.chr5.vcf.gz	1.533920 seconds
Concatenating /scratch/rohlfslab/abierly2/LongTR/longTR_pipeline_HG02223/HG02223.chr6.vcf.gz	1.475101 seconds
Concatenating /scratch/rohlfslab/abierly2/LongTR/longTR_pipeline_HG02223/HG02223.chr7.vcf.gz	1.455329 seconds
Concatenating /scratch/rohlfslab/abierly2/LongTR/longTR_pipeline_HG02223/HG02223.chr8.vcf.gz	1.229645 seconds
Concatenating /scratch/rohlfslab/abierly2/LongTR/longTR_pipeline_HG02223/HG02223.chr9.vcf.gz	1.051551 seconds
Concatenating /scratch/rohlfslab/abierly2/LongTR/longTR_pipeline_HG02223/HG02223.chrM.vcf.gz	0.000401 seconds
Concatenating /scratch/rohlfslab/abierly2/LongTR/longTR_pipeline_HG02223/HG02223.chrX.vcf.gz	1.268194 seconds
Concatenating /scratch/rohlfslab/abierly2/LongTR/longTR_pipeline_HG02223/HG02223.chrY.vcf.gz	0.000401 seconds
