Checking the headers and starting positions of 25 files
Concatenating /scratch/rohlfslab/abierly2/LongTR/longTR_pipeline_HG03742/HG03742.chr10.vcf.gz	1.106268 seconds
Concatenating /scratch/rohlfslab/abierly2/LongTR/longTR_pipeline_HG03742/HG03742.chr11.vcf.gz	1.061731 seconds
Concatenating /scratch/rohlfslab/abierly2/LongTR/longTR_pipeline_HG03742/HG03742.chr12.vcf.gz	1.125376 seconds
Concatenating /scratch/rohlfslab/abierly2/LongTR/longTR_pipeline_HG03742/HG03742.chr13.vcf.gz	0.754229 seconds
Concatenating /scratch/rohlfslab/abierly2/LongTR/longTR_pipeline_HG03742/HG03742.chr14.vcf.gz	0.751650 seconds
Concatenating /scratch/rohlfslab/abierly2/LongTR/longTR_pipeline_HG03742/HG03742.chr15.vcf.gz	0.683156 seconds
Concatenating /scratch/rohlfslab/abierly2/LongTR/longTR_pipeline_HG03742/HG03742.chr16.vcf.gz	0.718516 seconds
Concatenating /scratch/rohlfslab/abierly2/LongTR/longTR_pipeline_HG03742/HG03742.chr17.vcf.gz	0.756549 seconds
Concatenating /scratch/rohlfslab/abierly2/LongTR/longTR_pipeline_HG03742/HG03742.chr18.vcf.gz	0.552198 seconds
Concatenating /scratch/rohlfslab/abierly2/LongTR/longTR_pipeline_HG03742/HG03742.chr19.vcf.gz	0.621126 seconds
Concatenating /scratch/rohlfslab/abierly2/LongTR/longTR_pipeline_HG03742/HG03742.chr1.vcf.gz	1.975381 seconds
Concatenating /scratch/rohlfslab/abierly2/LongTR/longTR_pipeline_HG03742/HG03742.chr20.vcf.gz	0.472271 seconds
Concatenating /scratch/rohlfslab/abierly2/LongTR/longTR_pipeline_HG03742/HG03742.chr21.vcf.gz	0.270477 seconds
Concatenating /scratch/rohlfslab/abierly2/LongTR/longTR_pipeline_HG03742/HG03742.chr22.vcf.gz	0.327210 seconds
Concatenating /scratch/rohlfslab/abierly2/LongTR/longTR_pipeline_HG03742/HG03742.chr2.vcf.gz	1.973224 seconds
Concatenating /scratch/rohlfslab/abierly2/LongTR/longTR_pipeline_HG03742/HG03742.chr3.vcf.gz	1.560084 seconds
Concatenating /scratch/rohlfslab/abierly2/LongTR/longTR_pipeline_HG03742/HG03742.chr4.vcf.gz	1.490316 seconds
Concatenating /scratch/rohlfslab/abierly2/LongTR/longTR_pipeline_HG03742/HG03742.chr5.vcf.gz	1.417336 seconds
Concatenating /scratch/rohlfslab/abierly2/LongTR/longTR_pipeline_HG03742/HG03742.chr6.vcf.gz	1.372740 seconds
Concatenating /scratch/rohlfslab/abierly2/LongTR/longTR_pipeline_HG03742/HG03742.chr7.vcf.gz	1.316918 seconds
Concatenating /scratch/rohlfslab/abierly2/LongTR/longTR_pipeline_HG03742/HG03742.chr8.vcf.gz	1.142507 seconds
Concatenating /scratch/rohlfslab/abierly2/LongTR/longTR_pipeline_HG03742/HG03742.chr9.vcf.gz	0.971103 seconds
Concatenating /scratch/rohlfslab/abierly2/LongTR/longTR_pipeline_HG03742/HG03742.chrM.vcf.gz	0.000332 seconds
Concatenating /scratch/rohlfslab/abierly2/LongTR/longTR_pipeline_HG03742/HG03742.chrX.vcf.gz	0.279538 seconds
Concatenating /scratch/rohlfslab/abierly2/LongTR/longTR_pipeline_HG03742/HG03742.chrY.vcf.gz	0.014719 seconds
