Checking the headers and starting positions of 25 files
Concatenating /scratch/rohlfslab/abierly2/LongTR/longTR_pipeline_HG03009/HG03009.chr10.vcf.gz	1.348547 seconds
Concatenating /scratch/rohlfslab/abierly2/LongTR/longTR_pipeline_HG03009/HG03009.chr11.vcf.gz	1.277839 seconds
Concatenating /scratch/rohlfslab/abierly2/LongTR/longTR_pipeline_HG03009/HG03009.chr12.vcf.gz	1.352588 seconds
Concatenating /scratch/rohlfslab/abierly2/LongTR/longTR_pipeline_HG03009/HG03009.chr13.vcf.gz	0.928007 seconds
Concatenating /scratch/rohlfslab/abierly2/LongTR/longTR_pipeline_HG03009/HG03009.chr14.vcf.gz	0.886709 seconds
Concatenating /scratch/rohlfslab/abierly2/LongTR/longTR_pipeline_HG03009/HG03009.chr15.vcf.gz	0.830487 seconds
Concatenating /scratch/rohlfslab/abierly2/LongTR/longTR_pipeline_HG03009/HG03009.chr16.vcf.gz	0.865053 seconds
Concatenating /scratch/rohlfslab/abierly2/LongTR/longTR_pipeline_HG03009/HG03009.chr17.vcf.gz	0.892853 seconds
Concatenating /scratch/rohlfslab/abierly2/LongTR/longTR_pipeline_HG03009/HG03009.chr18.vcf.gz	0.684167 seconds
Concatenating /scratch/rohlfslab/abierly2/LongTR/longTR_pipeline_HG03009/HG03009.chr19.vcf.gz	0.759845 seconds
Concatenating /scratch/rohlfslab/abierly2/LongTR/longTR_pipeline_HG03009/HG03009.chr1.vcf.gz	2.383314 seconds
Concatenating /scratch/rohlfslab/abierly2/LongTR/longTR_pipeline_HG03009/HG03009.chr20.vcf.gz	0.558925 seconds
Concatenating /scratch/rohlfslab/abierly2/LongTR/longTR_pipeline_HG03009/HG03009.chr21.vcf.gz	0.322719 seconds
Concatenating /scratch/rohlfslab/abierly2/LongTR/longTR_pipeline_HG03009/HG03009.chr22.vcf.gz	0.392879 seconds
Concatenating /scratch/rohlfslab/abierly2/LongTR/longTR_pipeline_HG03009/HG03009.chr2.vcf.gz	2.379309 seconds
Concatenating /scratch/rohlfslab/abierly2/LongTR/longTR_pipeline_HG03009/HG03009.chr3.vcf.gz	1.913383 seconds
Concatenating /scratch/rohlfslab/abierly2/LongTR/longTR_pipeline_HG03009/HG03009.chr4.vcf.gz	1.809151 seconds
Concatenating /scratch/rohlfslab/abierly2/LongTR/longTR_pipeline_HG03009/HG03009.chr5.vcf.gz	1.740643 seconds
Concatenating /scratch/rohlfslab/abierly2/LongTR/longTR_pipeline_HG03009/HG03009.chr6.vcf.gz	1.660318 seconds
Concatenating /scratch/rohlfslab/abierly2/LongTR/longTR_pipeline_HG03009/HG03009.chr7.vcf.gz	1.602987 seconds
Concatenating /scratch/rohlfslab/abierly2/LongTR/longTR_pipeline_HG03009/HG03009.chr8.vcf.gz	1.392603 seconds
Concatenating /scratch/rohlfslab/abierly2/LongTR/longTR_pipeline_HG03009/HG03009.chr9.vcf.gz	1.178071 seconds
Concatenating /scratch/rohlfslab/abierly2/LongTR/longTR_pipeline_HG03009/HG03009.chrM.vcf.gz	0.000412 seconds
Concatenating /scratch/rohlfslab/abierly2/LongTR/longTR_pipeline_HG03009/HG03009.chrX.vcf.gz	1.392224 seconds
Concatenating /scratch/rohlfslab/abierly2/LongTR/longTR_pipeline_HG03009/HG03009.chrY.vcf.gz	0.072473 seconds
