Checking the headers and starting positions of 25 files
Concatenating /scratch/rohlfslab/abierly2/LongTR/longTR_pipeline_HG00449/HG00449.chr10.vcf.gz	1.190753 seconds
Concatenating /scratch/rohlfslab/abierly2/LongTR/longTR_pipeline_HG00449/HG00449.chr11.vcf.gz	1.130813 seconds
Concatenating /scratch/rohlfslab/abierly2/LongTR/longTR_pipeline_HG00449/HG00449.chr12.vcf.gz	1.197575 seconds
Concatenating /scratch/rohlfslab/abierly2/LongTR/longTR_pipeline_HG00449/HG00449.chr13.vcf.gz	0.832687 seconds
Concatenating /scratch/rohlfslab/abierly2/LongTR/longTR_pipeline_HG00449/HG00449.chr14.vcf.gz	0.790282 seconds
Concatenating /scratch/rohlfslab/abierly2/LongTR/longTR_pipeline_HG00449/HG00449.chr15.vcf.gz	0.747467 seconds
Concatenating /scratch/rohlfslab/abierly2/LongTR/longTR_pipeline_HG00449/HG00449.chr16.vcf.gz	0.770298 seconds
Concatenating /scratch/rohlfslab/abierly2/LongTR/longTR_pipeline_HG00449/HG00449.chr17.vcf.gz	0.801829 seconds
Concatenating /scratch/rohlfslab/abierly2/LongTR/longTR_pipeline_HG00449/HG00449.chr18.vcf.gz	0.606328 seconds
Concatenating /scratch/rohlfslab/abierly2/LongTR/longTR_pipeline_HG00449/HG00449.chr19.vcf.gz	0.668648 seconds
Concatenating /scratch/rohlfslab/abierly2/LongTR/longTR_pipeline_HG00449/HG00449.chr1.vcf.gz	2.175068 seconds
Concatenating /scratch/rohlfslab/abierly2/LongTR/longTR_pipeline_HG00449/HG00449.chr20.vcf.gz	0.506145 seconds
Concatenating /scratch/rohlfslab/abierly2/LongTR/longTR_pipeline_HG00449/HG00449.chr21.vcf.gz	0.292225 seconds
Concatenating /scratch/rohlfslab/abierly2/LongTR/longTR_pipeline_HG00449/HG00449.chr22.vcf.gz	0.352932 seconds
Concatenating /scratch/rohlfslab/abierly2/LongTR/longTR_pipeline_HG00449/HG00449.chr2.vcf.gz	2.175152 seconds
Concatenating /scratch/rohlfslab/abierly2/LongTR/longTR_pipeline_HG00449/HG00449.chr3.vcf.gz	1.709679 seconds
Concatenating /scratch/rohlfslab/abierly2/LongTR/longTR_pipeline_HG00449/HG00449.chr4.vcf.gz	1.633948 seconds
Concatenating /scratch/rohlfslab/abierly2/LongTR/longTR_pipeline_HG00449/HG00449.chr5.vcf.gz	1.551501 seconds
Concatenating /scratch/rohlfslab/abierly2/LongTR/longTR_pipeline_HG00449/HG00449.chr6.vcf.gz	1.490353 seconds
Concatenating /scratch/rohlfslab/abierly2/LongTR/longTR_pipeline_HG00449/HG00449.chr7.vcf.gz	1.430151 seconds
Concatenating /scratch/rohlfslab/abierly2/LongTR/longTR_pipeline_HG00449/HG00449.chr8.vcf.gz	1.240946 seconds
Concatenating /scratch/rohlfslab/abierly2/LongTR/longTR_pipeline_HG00449/HG00449.chr9.vcf.gz	1.045308 seconds
Concatenating /scratch/rohlfslab/abierly2/LongTR/longTR_pipeline_HG00449/HG00449.chrM.vcf.gz	0.000298 seconds
Concatenating /scratch/rohlfslab/abierly2/LongTR/longTR_pipeline_HG00449/HG00449.chrX.vcf.gz	1.268173 seconds
Concatenating /scratch/rohlfslab/abierly2/LongTR/longTR_pipeline_HG00449/HG00449.chrY.vcf.gz	0.000298 seconds
