Checking the headers and starting positions of 25 files
Concatenating /scratch/rohlfslab/abierly2/LongTR/longTR_pipeline_HG03968/HG03968.chr10.vcf.gz	0.984552 seconds
Concatenating /scratch/rohlfslab/abierly2/LongTR/longTR_pipeline_HG03968/HG03968.chr11.vcf.gz	0.929037 seconds
Concatenating /scratch/rohlfslab/abierly2/LongTR/longTR_pipeline_HG03968/HG03968.chr12.vcf.gz	0.998370 seconds
Concatenating /scratch/rohlfslab/abierly2/LongTR/longTR_pipeline_HG03968/HG03968.chr13.vcf.gz	0.704346 seconds
Concatenating /scratch/rohlfslab/abierly2/LongTR/longTR_pipeline_HG03968/HG03968.chr14.vcf.gz	0.656681 seconds
Concatenating /scratch/rohlfslab/abierly2/LongTR/longTR_pipeline_HG03968/HG03968.chr15.vcf.gz	0.603369 seconds
Concatenating /scratch/rohlfslab/abierly2/LongTR/longTR_pipeline_HG03968/HG03968.chr16.vcf.gz	0.585686 seconds
Concatenating /scratch/rohlfslab/abierly2/LongTR/longTR_pipeline_HG03968/HG03968.chr17.vcf.gz	0.607289 seconds
Concatenating /scratch/rohlfslab/abierly2/LongTR/longTR_pipeline_HG03968/HG03968.chr18.vcf.gz	0.503904 seconds
Concatenating /scratch/rohlfslab/abierly2/LongTR/longTR_pipeline_HG03968/HG03968.chr19.vcf.gz	0.459835 seconds
Concatenating /scratch/rohlfslab/abierly2/LongTR/longTR_pipeline_HG03968/HG03968.chr1.vcf.gz	1.726726 seconds
Concatenating /scratch/rohlfslab/abierly2/LongTR/longTR_pipeline_HG03968/HG03968.chr20.vcf.gz	0.404312 seconds
Concatenating /scratch/rohlfslab/abierly2/LongTR/longTR_pipeline_HG03968/HG03968.chr21.vcf.gz	0.235525 seconds
Concatenating /scratch/rohlfslab/abierly2/LongTR/longTR_pipeline_HG03968/HG03968.chr22.vcf.gz	0.261663 seconds
Concatenating /scratch/rohlfslab/abierly2/LongTR/longTR_pipeline_HG03968/HG03968.chr2.vcf.gz	1.783673 seconds
Concatenating /scratch/rohlfslab/abierly2/LongTR/longTR_pipeline_HG03968/HG03968.chr3.vcf.gz	1.425167 seconds
Concatenating /scratch/rohlfslab/abierly2/LongTR/longTR_pipeline_HG03968/HG03968.chr4.vcf.gz	1.428308 seconds
Concatenating /scratch/rohlfslab/abierly2/LongTR/longTR_pipeline_HG03968/HG03968.chr5.vcf.gz	1.282436 seconds
Concatenating /scratch/rohlfslab/abierly2/LongTR/longTR_pipeline_HG03968/HG03968.chr6.vcf.gz	1.250584 seconds
Concatenating /scratch/rohlfslab/abierly2/LongTR/longTR_pipeline_HG03968/HG03968.chr7.vcf.gz	1.160176 seconds
Concatenating /scratch/rohlfslab/abierly2/LongTR/longTR_pipeline_HG03968/HG03968.chr8.vcf.gz	1.025191 seconds
Concatenating /scratch/rohlfslab/abierly2/LongTR/longTR_pipeline_HG03968/HG03968.chr9.vcf.gz	0.856437 seconds
Concatenating /scratch/rohlfslab/abierly2/LongTR/longTR_pipeline_HG03968/HG03968.chrM.vcf.gz	0.000300 seconds
Concatenating /scratch/rohlfslab/abierly2/LongTR/longTR_pipeline_HG03968/HG03968.chrX.vcf.gz	1.030500 seconds
Concatenating /scratch/rohlfslab/abierly2/LongTR/longTR_pipeline_HG03968/HG03968.chrY.vcf.gz	0.000316 seconds
