Checking the headers and starting positions of 25 files
Concatenating /scratch/rohlfslab/abierly2/LongTR/longTR_pipeline_HG00717/HG00717.chr10.vcf.gz	1.244991 seconds
Concatenating /scratch/rohlfslab/abierly2/LongTR/longTR_pipeline_HG00717/HG00717.chr11.vcf.gz	1.185826 seconds
Concatenating /scratch/rohlfslab/abierly2/LongTR/longTR_pipeline_HG00717/HG00717.chr12.vcf.gz	1.252553 seconds
Concatenating /scratch/rohlfslab/abierly2/LongTR/longTR_pipeline_HG00717/HG00717.chr13.vcf.gz	0.866233 seconds
Concatenating /scratch/rohlfslab/abierly2/LongTR/longTR_pipeline_HG00717/HG00717.chr14.vcf.gz	0.824089 seconds
Concatenating /scratch/rohlfslab/abierly2/LongTR/longTR_pipeline_HG00717/HG00717.chr15.vcf.gz	0.770381 seconds
Concatenating /scratch/rohlfslab/abierly2/LongTR/longTR_pipeline_HG00717/HG00717.chr16.vcf.gz	0.808151 seconds
Concatenating /scratch/rohlfslab/abierly2/LongTR/longTR_pipeline_HG00717/HG00717.chr17.vcf.gz	0.838253 seconds
Concatenating /scratch/rohlfslab/abierly2/LongTR/longTR_pipeline_HG00717/HG00717.chr18.vcf.gz	0.624880 seconds
Concatenating /scratch/rohlfslab/abierly2/LongTR/longTR_pipeline_HG00717/HG00717.chr19.vcf.gz	0.699153 seconds
Concatenating /scratch/rohlfslab/abierly2/LongTR/longTR_pipeline_HG00717/HG00717.chr1.vcf.gz	2.211994 seconds
Concatenating /scratch/rohlfslab/abierly2/LongTR/longTR_pipeline_HG00717/HG00717.chr20.vcf.gz	0.521177 seconds
Concatenating /scratch/rohlfslab/abierly2/LongTR/longTR_pipeline_HG00717/HG00717.chr21.vcf.gz	0.302295 seconds
Concatenating /scratch/rohlfslab/abierly2/LongTR/longTR_pipeline_HG00717/HG00717.chr22.vcf.gz	0.365358 seconds
Concatenating /scratch/rohlfslab/abierly2/LongTR/longTR_pipeline_HG00717/HG00717.chr2.vcf.gz	2.216319 seconds
Concatenating /scratch/rohlfslab/abierly2/LongTR/longTR_pipeline_HG00717/HG00717.chr3.vcf.gz	1.786493 seconds
Concatenating /scratch/rohlfslab/abierly2/LongTR/longTR_pipeline_HG00717/HG00717.chr4.vcf.gz	1.700905 seconds
Concatenating /scratch/rohlfslab/abierly2/LongTR/longTR_pipeline_HG00717/HG00717.chr5.vcf.gz	1.596769 seconds
Concatenating /scratch/rohlfslab/abierly2/LongTR/longTR_pipeline_HG00717/HG00717.chr6.vcf.gz	1.538015 seconds
Concatenating /scratch/rohlfslab/abierly2/LongTR/longTR_pipeline_HG00717/HG00717.chr7.vcf.gz	1.482949 seconds
Concatenating /scratch/rohlfslab/abierly2/LongTR/longTR_pipeline_HG00717/HG00717.chr8.vcf.gz	1.282813 seconds
Concatenating /scratch/rohlfslab/abierly2/LongTR/longTR_pipeline_HG00717/HG00717.chr9.vcf.gz	1.092154 seconds
Concatenating /scratch/rohlfslab/abierly2/LongTR/longTR_pipeline_HG00717/HG00717.chrM.vcf.gz	0.000292 seconds
Concatenating /scratch/rohlfslab/abierly2/LongTR/longTR_pipeline_HG00717/HG00717.chrX.vcf.gz	1.329215 seconds
Concatenating /scratch/rohlfslab/abierly2/LongTR/longTR_pipeline_HG00717/HG00717.chrY.vcf.gz	0.000295 seconds
