Checking the headers and starting positions of 25 files
Concatenating /scratch/rohlfslab/abierly2/LongTR/longTR_pipeline_HG03794/HG03794.chr10.vcf.gz	1.248867 seconds
Concatenating /scratch/rohlfslab/abierly2/LongTR/longTR_pipeline_HG03794/HG03794.chr11.vcf.gz	1.182958 seconds
Concatenating /scratch/rohlfslab/abierly2/LongTR/longTR_pipeline_HG03794/HG03794.chr12.vcf.gz	1.259947 seconds
Concatenating /scratch/rohlfslab/abierly2/LongTR/longTR_pipeline_HG03794/HG03794.chr13.vcf.gz	0.869862 seconds
Concatenating /scratch/rohlfslab/abierly2/LongTR/longTR_pipeline_HG03794/HG03794.chr14.vcf.gz	0.825250 seconds
Concatenating /scratch/rohlfslab/abierly2/LongTR/longTR_pipeline_HG03794/HG03794.chr15.vcf.gz	0.771405 seconds
Concatenating /scratch/rohlfslab/abierly2/LongTR/longTR_pipeline_HG03794/HG03794.chr16.vcf.gz	0.809333 seconds
Concatenating /scratch/rohlfslab/abierly2/LongTR/longTR_pipeline_HG03794/HG03794.chr17.vcf.gz	0.842209 seconds
Concatenating /scratch/rohlfslab/abierly2/LongTR/longTR_pipeline_HG03794/HG03794.chr18.vcf.gz	0.626217 seconds
Concatenating /scratch/rohlfslab/abierly2/LongTR/longTR_pipeline_HG03794/HG03794.chr19.vcf.gz	0.696738 seconds
Concatenating /scratch/rohlfslab/abierly2/LongTR/longTR_pipeline_HG03794/HG03794.chr1.vcf.gz	2.222225 seconds
Concatenating /scratch/rohlfslab/abierly2/LongTR/longTR_pipeline_HG03794/HG03794.chr20.vcf.gz	0.522889 seconds
Concatenating /scratch/rohlfslab/abierly2/LongTR/longTR_pipeline_HG03794/HG03794.chr21.vcf.gz	0.302022 seconds
Concatenating /scratch/rohlfslab/abierly2/LongTR/longTR_pipeline_HG03794/HG03794.chr22.vcf.gz	0.368300 seconds
Concatenating /scratch/rohlfslab/abierly2/LongTR/longTR_pipeline_HG03794/HG03794.chr2.vcf.gz	2.223062 seconds
Concatenating /scratch/rohlfslab/abierly2/LongTR/longTR_pipeline_HG03794/HG03794.chr3.vcf.gz	1.775083 seconds
Concatenating /scratch/rohlfslab/abierly2/LongTR/longTR_pipeline_HG03794/HG03794.chr4.vcf.gz	1.706145 seconds
Concatenating /scratch/rohlfslab/abierly2/LongTR/longTR_pipeline_HG03794/HG03794.chr5.vcf.gz	1.604583 seconds
Concatenating /scratch/rohlfslab/abierly2/LongTR/longTR_pipeline_HG03794/HG03794.chr6.vcf.gz	1.557398 seconds
Concatenating /scratch/rohlfslab/abierly2/LongTR/longTR_pipeline_HG03794/HG03794.chr7.vcf.gz	1.484226 seconds
Concatenating /scratch/rohlfslab/abierly2/LongTR/longTR_pipeline_HG03794/HG03794.chr8.vcf.gz	1.292224 seconds
Concatenating /scratch/rohlfslab/abierly2/LongTR/longTR_pipeline_HG03794/HG03794.chr9.vcf.gz	1.093159 seconds
Concatenating /scratch/rohlfslab/abierly2/LongTR/longTR_pipeline_HG03794/HG03794.chrM.vcf.gz	0.000358 seconds
Concatenating /scratch/rohlfslab/abierly2/LongTR/longTR_pipeline_HG03794/HG03794.chrX.vcf.gz	0.894441 seconds
Concatenating /scratch/rohlfslab/abierly2/LongTR/longTR_pipeline_HG03794/HG03794.chrY.vcf.gz	0.044342 seconds
