Checking the headers and starting positions of 25 files
Concatenating /scratch/rohlfslab/abierly2/LongTR/longTR_pipeline_HG03753/HG03753.chr10.vcf.gz	1.226582 seconds
Concatenating /scratch/rohlfslab/abierly2/LongTR/longTR_pipeline_HG03753/HG03753.chr11.vcf.gz	1.172498 seconds
Concatenating /scratch/rohlfslab/abierly2/LongTR/longTR_pipeline_HG03753/HG03753.chr12.vcf.gz	1.241662 seconds
Concatenating /scratch/rohlfslab/abierly2/LongTR/longTR_pipeline_HG03753/HG03753.chr13.vcf.gz	0.853165 seconds
Concatenating /scratch/rohlfslab/abierly2/LongTR/longTR_pipeline_HG03753/HG03753.chr14.vcf.gz	0.820056 seconds
Concatenating /scratch/rohlfslab/abierly2/LongTR/longTR_pipeline_HG03753/HG03753.chr15.vcf.gz	0.766445 seconds
Concatenating /scratch/rohlfslab/abierly2/LongTR/longTR_pipeline_HG03753/HG03753.chr16.vcf.gz	0.795646 seconds
Concatenating /scratch/rohlfslab/abierly2/LongTR/longTR_pipeline_HG03753/HG03753.chr17.vcf.gz	0.829182 seconds
Concatenating /scratch/rohlfslab/abierly2/LongTR/longTR_pipeline_HG03753/HG03753.chr18.vcf.gz	0.614467 seconds
Concatenating /scratch/rohlfslab/abierly2/LongTR/longTR_pipeline_HG03753/HG03753.chr19.vcf.gz	0.685888 seconds
Concatenating /scratch/rohlfslab/abierly2/LongTR/longTR_pipeline_HG03753/HG03753.chr1.vcf.gz	2.183600 seconds
Concatenating /scratch/rohlfslab/abierly2/LongTR/longTR_pipeline_HG03753/HG03753.chr20.vcf.gz	0.515719 seconds
Concatenating /scratch/rohlfslab/abierly2/LongTR/longTR_pipeline_HG03753/HG03753.chr21.vcf.gz	0.295082 seconds
Concatenating /scratch/rohlfslab/abierly2/LongTR/longTR_pipeline_HG03753/HG03753.chr22.vcf.gz	0.363244 seconds
Concatenating /scratch/rohlfslab/abierly2/LongTR/longTR_pipeline_HG03753/HG03753.chr2.vcf.gz	2.186924 seconds
Concatenating /scratch/rohlfslab/abierly2/LongTR/longTR_pipeline_HG03753/HG03753.chr3.vcf.gz	1.821574 seconds
Concatenating /scratch/rohlfslab/abierly2/LongTR/longTR_pipeline_HG03753/HG03753.chr4.vcf.gz	1.686609 seconds
Concatenating /scratch/rohlfslab/abierly2/LongTR/longTR_pipeline_HG03753/HG03753.chr5.vcf.gz	1.572723 seconds
Concatenating /scratch/rohlfslab/abierly2/LongTR/longTR_pipeline_HG03753/HG03753.chr6.vcf.gz	1.520883 seconds
Concatenating /scratch/rohlfslab/abierly2/LongTR/longTR_pipeline_HG03753/HG03753.chr7.vcf.gz	1.464682 seconds
Concatenating /scratch/rohlfslab/abierly2/LongTR/longTR_pipeline_HG03753/HG03753.chr8.vcf.gz	1.265689 seconds
Concatenating /scratch/rohlfslab/abierly2/LongTR/longTR_pipeline_HG03753/HG03753.chr9.vcf.gz	1.076946 seconds
Concatenating /scratch/rohlfslab/abierly2/LongTR/longTR_pipeline_HG03753/HG03753.chrM.vcf.gz	0.001252 seconds
Concatenating /scratch/rohlfslab/abierly2/LongTR/longTR_pipeline_HG03753/HG03753.chrX.vcf.gz	0.822421 seconds
Concatenating /scratch/rohlfslab/abierly2/LongTR/longTR_pipeline_HG03753/HG03753.chrY.vcf.gz	0.040373 seconds
