Checking the headers and starting positions of 25 files
Concatenating /scratch/rohlfslab/abierly2/LongTR/longTR_pipeline_HG03681/HG03681.chr10.vcf.gz	1.202480 seconds
Concatenating /scratch/rohlfslab/abierly2/LongTR/longTR_pipeline_HG03681/HG03681.chr11.vcf.gz	1.141667 seconds
Concatenating /scratch/rohlfslab/abierly2/LongTR/longTR_pipeline_HG03681/HG03681.chr12.vcf.gz	1.211894 seconds
Concatenating /scratch/rohlfslab/abierly2/LongTR/longTR_pipeline_HG03681/HG03681.chr13.vcf.gz	0.835660 seconds
Concatenating /scratch/rohlfslab/abierly2/LongTR/longTR_pipeline_HG03681/HG03681.chr14.vcf.gz	0.795592 seconds
Concatenating /scratch/rohlfslab/abierly2/LongTR/longTR_pipeline_HG03681/HG03681.chr15.vcf.gz	0.743144 seconds
Concatenating /scratch/rohlfslab/abierly2/LongTR/longTR_pipeline_HG03681/HG03681.chr16.vcf.gz	0.784966 seconds
Concatenating /scratch/rohlfslab/abierly2/LongTR/longTR_pipeline_HG03681/HG03681.chr17.vcf.gz	0.819839 seconds
Concatenating /scratch/rohlfslab/abierly2/LongTR/longTR_pipeline_HG03681/HG03681.chr18.vcf.gz	0.599697 seconds
Concatenating /scratch/rohlfslab/abierly2/LongTR/longTR_pipeline_HG03681/HG03681.chr19.vcf.gz	0.677280 seconds
Concatenating /scratch/rohlfslab/abierly2/LongTR/longTR_pipeline_HG03681/HG03681.chr1.vcf.gz	2.136269 seconds
Concatenating /scratch/rohlfslab/abierly2/LongTR/longTR_pipeline_HG03681/HG03681.chr20.vcf.gz	0.510113 seconds
Concatenating /scratch/rohlfslab/abierly2/LongTR/longTR_pipeline_HG03681/HG03681.chr21.vcf.gz	0.296198 seconds
Concatenating /scratch/rohlfslab/abierly2/LongTR/longTR_pipeline_HG03681/HG03681.chr22.vcf.gz	0.358651 seconds
Concatenating /scratch/rohlfslab/abierly2/LongTR/longTR_pipeline_HG03681/HG03681.chr2.vcf.gz	2.130074 seconds
Concatenating /scratch/rohlfslab/abierly2/LongTR/longTR_pipeline_HG03681/HG03681.chr3.vcf.gz	1.706936 seconds
Concatenating /scratch/rohlfslab/abierly2/LongTR/longTR_pipeline_HG03681/HG03681.chr4.vcf.gz	1.622457 seconds
Concatenating /scratch/rohlfslab/abierly2/LongTR/longTR_pipeline_HG03681/HG03681.chr5.vcf.gz	1.542378 seconds
Concatenating /scratch/rohlfslab/abierly2/LongTR/longTR_pipeline_HG03681/HG03681.chr6.vcf.gz	1.486549 seconds
Concatenating /scratch/rohlfslab/abierly2/LongTR/longTR_pipeline_HG03681/HG03681.chr7.vcf.gz	1.440807 seconds
Concatenating /scratch/rohlfslab/abierly2/LongTR/longTR_pipeline_HG03681/HG03681.chr8.vcf.gz	1.242718 seconds
Concatenating /scratch/rohlfslab/abierly2/LongTR/longTR_pipeline_HG03681/HG03681.chr9.vcf.gz	1.051619 seconds
Concatenating /scratch/rohlfslab/abierly2/LongTR/longTR_pipeline_HG03681/HG03681.chrM.vcf.gz	0.000349 seconds
Concatenating /scratch/rohlfslab/abierly2/LongTR/longTR_pipeline_HG03681/HG03681.chrX.vcf.gz	0.731339 seconds
Concatenating /scratch/rohlfslab/abierly2/LongTR/longTR_pipeline_HG03681/HG03681.chrY.vcf.gz	0.033171 seconds
