Checking the headers and starting positions of 25 files
Concatenating /scratch/rohlfslab/abierly2/LongTR/longTR_pipeline_HG01347/HG01347.chr10.vcf.gz	1.137979 seconds
Concatenating /scratch/rohlfslab/abierly2/LongTR/longTR_pipeline_HG01347/HG01347.chr11.vcf.gz	1.081880 seconds
Concatenating /scratch/rohlfslab/abierly2/LongTR/longTR_pipeline_HG01347/HG01347.chr12.vcf.gz	1.144628 seconds
Concatenating /scratch/rohlfslab/abierly2/LongTR/longTR_pipeline_HG01347/HG01347.chr13.vcf.gz	0.792867 seconds
Concatenating /scratch/rohlfslab/abierly2/LongTR/longTR_pipeline_HG01347/HG01347.chr14.vcf.gz	0.752366 seconds
Concatenating /scratch/rohlfslab/abierly2/LongTR/longTR_pipeline_HG01347/HG01347.chr15.vcf.gz	0.705415 seconds
Concatenating /scratch/rohlfslab/abierly2/LongTR/longTR_pipeline_HG01347/HG01347.chr16.vcf.gz	0.725669 seconds
Concatenating /scratch/rohlfslab/abierly2/LongTR/longTR_pipeline_HG01347/HG01347.chr17.vcf.gz	0.745101 seconds
Concatenating /scratch/rohlfslab/abierly2/LongTR/longTR_pipeline_HG01347/HG01347.chr18.vcf.gz	0.570094 seconds
Concatenating /scratch/rohlfslab/abierly2/LongTR/longTR_pipeline_HG01347/HG01347.chr19.vcf.gz	0.606678 seconds
Concatenating /scratch/rohlfslab/abierly2/LongTR/longTR_pipeline_HG01347/HG01347.chr1.vcf.gz	2.021719 seconds
Concatenating /scratch/rohlfslab/abierly2/LongTR/longTR_pipeline_HG01347/HG01347.chr20.vcf.gz	0.471877 seconds
Concatenating /scratch/rohlfslab/abierly2/LongTR/longTR_pipeline_HG01347/HG01347.chr21.vcf.gz	0.268822 seconds
Concatenating /scratch/rohlfslab/abierly2/LongTR/longTR_pipeline_HG01347/HG01347.chr22.vcf.gz	0.322683 seconds
Concatenating /scratch/rohlfslab/abierly2/LongTR/longTR_pipeline_HG01347/HG01347.chr2.vcf.gz	2.025485 seconds
Concatenating /scratch/rohlfslab/abierly2/LongTR/longTR_pipeline_HG01347/HG01347.chr3.vcf.gz	1.625106 seconds
Concatenating /scratch/rohlfslab/abierly2/LongTR/longTR_pipeline_HG01347/HG01347.chr4.vcf.gz	1.548161 seconds
Concatenating /scratch/rohlfslab/abierly2/LongTR/longTR_pipeline_HG01347/HG01347.chr5.vcf.gz	1.471482 seconds
Concatenating /scratch/rohlfslab/abierly2/LongTR/longTR_pipeline_HG01347/HG01347.chr6.vcf.gz	1.415947 seconds
Concatenating /scratch/rohlfslab/abierly2/LongTR/longTR_pipeline_HG01347/HG01347.chr7.vcf.gz	1.351132 seconds
Concatenating /scratch/rohlfslab/abierly2/LongTR/longTR_pipeline_HG01347/HG01347.chr8.vcf.gz	1.181036 seconds
Concatenating /scratch/rohlfslab/abierly2/LongTR/longTR_pipeline_HG01347/HG01347.chr9.vcf.gz	0.990076 seconds
Concatenating /scratch/rohlfslab/abierly2/LongTR/longTR_pipeline_HG01347/HG01347.chrM.vcf.gz	0.000311 seconds
Concatenating /scratch/rohlfslab/abierly2/LongTR/longTR_pipeline_HG01347/HG01347.chrX.vcf.gz	0.376876 seconds
Concatenating /scratch/rohlfslab/abierly2/LongTR/longTR_pipeline_HG01347/HG01347.chrY.vcf.gz	0.014062 seconds
