Checking the headers and starting positions of 25 files
Concatenating /scratch/rohlfslab/abierly2/LongTR/longTR_pipeline_HG00446/HG00446.chr10.vcf.gz	1.255087 seconds
Concatenating /scratch/rohlfslab/abierly2/LongTR/longTR_pipeline_HG00446/HG00446.chr11.vcf.gz	1.172188 seconds
Concatenating /scratch/rohlfslab/abierly2/LongTR/longTR_pipeline_HG00446/HG00446.chr12.vcf.gz	1.243056 seconds
Concatenating /scratch/rohlfslab/abierly2/LongTR/longTR_pipeline_HG00446/HG00446.chr13.vcf.gz	0.852048 seconds
Concatenating /scratch/rohlfslab/abierly2/LongTR/longTR_pipeline_HG00446/HG00446.chr14.vcf.gz	0.811415 seconds
Concatenating /scratch/rohlfslab/abierly2/LongTR/longTR_pipeline_HG00446/HG00446.chr15.vcf.gz	0.763624 seconds
Concatenating /scratch/rohlfslab/abierly2/LongTR/longTR_pipeline_HG00446/HG00446.chr16.vcf.gz	0.801083 seconds
Concatenating /scratch/rohlfslab/abierly2/LongTR/longTR_pipeline_HG00446/HG00446.chr17.vcf.gz	0.828570 seconds
Concatenating /scratch/rohlfslab/abierly2/LongTR/longTR_pipeline_HG00446/HG00446.chr18.vcf.gz	0.613971 seconds
Concatenating /scratch/rohlfslab/abierly2/LongTR/longTR_pipeline_HG00446/HG00446.chr19.vcf.gz	0.684713 seconds
Concatenating /scratch/rohlfslab/abierly2/LongTR/longTR_pipeline_HG00446/HG00446.chr1.vcf.gz	2.171679 seconds
Concatenating /scratch/rohlfslab/abierly2/LongTR/longTR_pipeline_HG00446/HG00446.chr20.vcf.gz	0.514336 seconds
Concatenating /scratch/rohlfslab/abierly2/LongTR/longTR_pipeline_HG00446/HG00446.chr21.vcf.gz	0.297163 seconds
Concatenating /scratch/rohlfslab/abierly2/LongTR/longTR_pipeline_HG00446/HG00446.chr22.vcf.gz	0.362633 seconds
Concatenating /scratch/rohlfslab/abierly2/LongTR/longTR_pipeline_HG00446/HG00446.chr2.vcf.gz	2.178779 seconds
Concatenating /scratch/rohlfslab/abierly2/LongTR/longTR_pipeline_HG00446/HG00446.chr3.vcf.gz	1.743364 seconds
Concatenating /scratch/rohlfslab/abierly2/LongTR/longTR_pipeline_HG00446/HG00446.chr4.vcf.gz	1.671689 seconds
Concatenating /scratch/rohlfslab/abierly2/LongTR/longTR_pipeline_HG00446/HG00446.chr5.vcf.gz	1.582766 seconds
Concatenating /scratch/rohlfslab/abierly2/LongTR/longTR_pipeline_HG00446/HG00446.chr6.vcf.gz	1.530311 seconds
Concatenating /scratch/rohlfslab/abierly2/LongTR/longTR_pipeline_HG00446/HG00446.chr7.vcf.gz	1.470833 seconds
Concatenating /scratch/rohlfslab/abierly2/LongTR/longTR_pipeline_HG00446/HG00446.chr8.vcf.gz	1.266831 seconds
Concatenating /scratch/rohlfslab/abierly2/LongTR/longTR_pipeline_HG00446/HG00446.chr9.vcf.gz	1.071049 seconds
Concatenating /scratch/rohlfslab/abierly2/LongTR/longTR_pipeline_HG00446/HG00446.chrM.vcf.gz	0.000360 seconds
Concatenating /scratch/rohlfslab/abierly2/LongTR/longTR_pipeline_HG00446/HG00446.chrX.vcf.gz	1.311754 seconds
Concatenating /scratch/rohlfslab/abierly2/LongTR/longTR_pipeline_HG00446/HG00446.chrY.vcf.gz	0.000332 seconds
