Checking the headers and starting positions of 25 files
Concatenating /scratch/rohlfslab/abierly2/LongTR/longTR_pipeline_HG03633/HG03633.chr10.vcf.gz	0.426690 seconds
Concatenating /scratch/rohlfslab/abierly2/LongTR/longTR_pipeline_HG03633/HG03633.chr11.vcf.gz	0.416803 seconds
Concatenating /scratch/rohlfslab/abierly2/LongTR/longTR_pipeline_HG03633/HG03633.chr12.vcf.gz	0.445965 seconds
Concatenating /scratch/rohlfslab/abierly2/LongTR/longTR_pipeline_HG03633/HG03633.chr13.vcf.gz	0.305831 seconds
Concatenating /scratch/rohlfslab/abierly2/LongTR/longTR_pipeline_HG03633/HG03633.chr14.vcf.gz	0.294282 seconds
Concatenating /scratch/rohlfslab/abierly2/LongTR/longTR_pipeline_HG03633/HG03633.chr15.vcf.gz	0.273777 seconds
Concatenating /scratch/rohlfslab/abierly2/LongTR/longTR_pipeline_HG03633/HG03633.chr16.vcf.gz	0.270465 seconds
Concatenating /scratch/rohlfslab/abierly2/LongTR/longTR_pipeline_HG03633/HG03633.chr17.vcf.gz	0.275888 seconds
Concatenating /scratch/rohlfslab/abierly2/LongTR/longTR_pipeline_HG03633/HG03633.chr18.vcf.gz	0.221562 seconds
Concatenating /scratch/rohlfslab/abierly2/LongTR/longTR_pipeline_HG03633/HG03633.chr19.vcf.gz	0.213442 seconds
Concatenating /scratch/rohlfslab/abierly2/LongTR/longTR_pipeline_HG03633/HG03633.chr1.vcf.gz	0.798869 seconds
Concatenating /scratch/rohlfslab/abierly2/LongTR/longTR_pipeline_HG03633/HG03633.chr20.vcf.gz	0.176704 seconds
Concatenating /scratch/rohlfslab/abierly2/LongTR/longTR_pipeline_HG03633/HG03633.chr21.vcf.gz	0.102221 seconds
Concatenating /scratch/rohlfslab/abierly2/LongTR/longTR_pipeline_HG03633/HG03633.chr22.vcf.gz	0.108384 seconds
Concatenating /scratch/rohlfslab/abierly2/LongTR/longTR_pipeline_HG03633/HG03633.chr2.vcf.gz	0.797327 seconds
Concatenating /scratch/rohlfslab/abierly2/LongTR/longTR_pipeline_HG03633/HG03633.chr3.vcf.gz	0.638527 seconds
Concatenating /scratch/rohlfslab/abierly2/LongTR/longTR_pipeline_HG03633/HG03633.chr4.vcf.gz	0.615735 seconds
Concatenating /scratch/rohlfslab/abierly2/LongTR/longTR_pipeline_HG03633/HG03633.chr5.vcf.gz	0.560631 seconds
Concatenating /scratch/rohlfslab/abierly2/LongTR/longTR_pipeline_HG03633/HG03633.chr6.vcf.gz	0.557986 seconds
Concatenating /scratch/rohlfslab/abierly2/LongTR/longTR_pipeline_HG03633/HG03633.chr7.vcf.gz	0.508159 seconds
Concatenating /scratch/rohlfslab/abierly2/LongTR/longTR_pipeline_HG03633/HG03633.chr8.vcf.gz	0.459315 seconds
Concatenating /scratch/rohlfslab/abierly2/LongTR/longTR_pipeline_HG03633/HG03633.chr9.vcf.gz	0.382219 seconds
Concatenating /scratch/rohlfslab/abierly2/LongTR/longTR_pipeline_HG03633/HG03633.chrM.vcf.gz	0.000291 seconds
Concatenating /scratch/rohlfslab/abierly2/LongTR/longTR_pipeline_HG03633/HG03633.chrX.vcf.gz	0.042185 seconds
Concatenating /scratch/rohlfslab/abierly2/LongTR/longTR_pipeline_HG03633/HG03633.chrY.vcf.gz	0.000396 seconds
