Checking the headers and starting positions of 25 files
Concatenating /scratch/rohlfslab/abierly2/LongTR/longTR_pipeline_NA18960/NA18960.chr10.vcf.gz	1.185070 seconds
Concatenating /scratch/rohlfslab/abierly2/LongTR/longTR_pipeline_NA18960/NA18960.chr11.vcf.gz	1.124927 seconds
Concatenating /scratch/rohlfslab/abierly2/LongTR/longTR_pipeline_NA18960/NA18960.chr12.vcf.gz	1.196877 seconds
Concatenating /scratch/rohlfslab/abierly2/LongTR/longTR_pipeline_NA18960/NA18960.chr13.vcf.gz	0.819467 seconds
Concatenating /scratch/rohlfslab/abierly2/LongTR/longTR_pipeline_NA18960/NA18960.chr14.vcf.gz	0.780586 seconds
Concatenating /scratch/rohlfslab/abierly2/LongTR/longTR_pipeline_NA18960/NA18960.chr15.vcf.gz	0.731438 seconds
Concatenating /scratch/rohlfslab/abierly2/LongTR/longTR_pipeline_NA18960/NA18960.chr16.vcf.gz	0.760005 seconds
Concatenating /scratch/rohlfslab/abierly2/LongTR/longTR_pipeline_NA18960/NA18960.chr17.vcf.gz	0.795254 seconds
Concatenating /scratch/rohlfslab/abierly2/LongTR/longTR_pipeline_NA18960/NA18960.chr18.vcf.gz	0.596010 seconds
Concatenating /scratch/rohlfslab/abierly2/LongTR/longTR_pipeline_NA18960/NA18960.chr19.vcf.gz	0.665314 seconds
Concatenating /scratch/rohlfslab/abierly2/LongTR/longTR_pipeline_NA18960/NA18960.chr1.vcf.gz	2.099737 seconds
Concatenating /scratch/rohlfslab/abierly2/LongTR/longTR_pipeline_NA18960/NA18960.chr20.vcf.gz	0.498693 seconds
Concatenating /scratch/rohlfslab/abierly2/LongTR/longTR_pipeline_NA18960/NA18960.chr21.vcf.gz	0.287971 seconds
Concatenating /scratch/rohlfslab/abierly2/LongTR/longTR_pipeline_NA18960/NA18960.chr22.vcf.gz	0.349231 seconds
Concatenating /scratch/rohlfslab/abierly2/LongTR/longTR_pipeline_NA18960/NA18960.chr2.vcf.gz	2.118044 seconds
Concatenating /scratch/rohlfslab/abierly2/LongTR/longTR_pipeline_NA18960/NA18960.chr3.vcf.gz	1.688323 seconds
Concatenating /scratch/rohlfslab/abierly2/LongTR/longTR_pipeline_NA18960/NA18960.chr4.vcf.gz	1.602431 seconds
Concatenating /scratch/rohlfslab/abierly2/LongTR/longTR_pipeline_NA18960/NA18960.chr5.vcf.gz	1.527239 seconds
Concatenating /scratch/rohlfslab/abierly2/LongTR/longTR_pipeline_NA18960/NA18960.chr6.vcf.gz	1.464446 seconds
Concatenating /scratch/rohlfslab/abierly2/LongTR/longTR_pipeline_NA18960/NA18960.chr7.vcf.gz	1.402128 seconds
Concatenating /scratch/rohlfslab/abierly2/LongTR/longTR_pipeline_NA18960/NA18960.chr8.vcf.gz	1.222385 seconds
Concatenating /scratch/rohlfslab/abierly2/LongTR/longTR_pipeline_NA18960/NA18960.chr9.vcf.gz	1.041904 seconds
Concatenating /scratch/rohlfslab/abierly2/LongTR/longTR_pipeline_NA18960/NA18960.chrM.vcf.gz	0.000322 seconds
Concatenating /scratch/rohlfslab/abierly2/LongTR/longTR_pipeline_NA18960/NA18960.chrX.vcf.gz	0.432194 seconds
Concatenating /scratch/rohlfslab/abierly2/LongTR/longTR_pipeline_NA18960/NA18960.chrY.vcf.gz	0.022106 seconds
