Checking the headers and starting positions of 25 files
Concatenating /scratch/rohlfslab/abierly2/LongTR/longTR_pipeline_HG01121/HG01121.chr10.vcf.gz	1.224817 seconds
Concatenating /scratch/rohlfslab/abierly2/LongTR/longTR_pipeline_HG01121/HG01121.chr11.vcf.gz	1.167256 seconds
Concatenating /scratch/rohlfslab/abierly2/LongTR/longTR_pipeline_HG01121/HG01121.chr12.vcf.gz	1.246125 seconds
Concatenating /scratch/rohlfslab/abierly2/LongTR/longTR_pipeline_HG01121/HG01121.chr13.vcf.gz	0.857273 seconds
Concatenating /scratch/rohlfslab/abierly2/LongTR/longTR_pipeline_HG01121/HG01121.chr14.vcf.gz	0.809043 seconds
Concatenating /scratch/rohlfslab/abierly2/LongTR/longTR_pipeline_HG01121/HG01121.chr15.vcf.gz	0.754581 seconds
Concatenating /scratch/rohlfslab/abierly2/LongTR/longTR_pipeline_HG01121/HG01121.chr16.vcf.gz	0.783750 seconds
Concatenating /scratch/rohlfslab/abierly2/LongTR/longTR_pipeline_HG01121/HG01121.chr17.vcf.gz	0.825725 seconds
Concatenating /scratch/rohlfslab/abierly2/LongTR/longTR_pipeline_HG01121/HG01121.chr18.vcf.gz	0.614983 seconds
Concatenating /scratch/rohlfslab/abierly2/LongTR/longTR_pipeline_HG01121/HG01121.chr19.vcf.gz	0.687961 seconds
Concatenating /scratch/rohlfslab/abierly2/LongTR/longTR_pipeline_HG01121/HG01121.chr1.vcf.gz	2.185725 seconds
Concatenating /scratch/rohlfslab/abierly2/LongTR/longTR_pipeline_HG01121/HG01121.chr20.vcf.gz	0.514794 seconds
Concatenating /scratch/rohlfslab/abierly2/LongTR/longTR_pipeline_HG01121/HG01121.chr21.vcf.gz	0.296327 seconds
Concatenating /scratch/rohlfslab/abierly2/LongTR/longTR_pipeline_HG01121/HG01121.chr22.vcf.gz	0.364241 seconds
Concatenating /scratch/rohlfslab/abierly2/LongTR/longTR_pipeline_HG01121/HG01121.chr2.vcf.gz	2.193463 seconds
Concatenating /scratch/rohlfslab/abierly2/LongTR/longTR_pipeline_HG01121/HG01121.chr3.vcf.gz	1.747900 seconds
Concatenating /scratch/rohlfslab/abierly2/LongTR/longTR_pipeline_HG01121/HG01121.chr4.vcf.gz	1.660041 seconds
Concatenating /scratch/rohlfslab/abierly2/LongTR/longTR_pipeline_HG01121/HG01121.chr5.vcf.gz	1.579988 seconds
Concatenating /scratch/rohlfslab/abierly2/LongTR/longTR_pipeline_HG01121/HG01121.chr6.vcf.gz	1.528007 seconds
Concatenating /scratch/rohlfslab/abierly2/LongTR/longTR_pipeline_HG01121/HG01121.chr7.vcf.gz	1.463687 seconds
Concatenating /scratch/rohlfslab/abierly2/LongTR/longTR_pipeline_HG01121/HG01121.chr8.vcf.gz	1.265747 seconds
Concatenating /scratch/rohlfslab/abierly2/LongTR/longTR_pipeline_HG01121/HG01121.chr9.vcf.gz	1.072096 seconds
Concatenating /scratch/rohlfslab/abierly2/LongTR/longTR_pipeline_HG01121/HG01121.chrM.vcf.gz	0.000315 seconds
Concatenating /scratch/rohlfslab/abierly2/LongTR/longTR_pipeline_HG01121/HG01121.chrX.vcf.gz	0.454911 seconds
Concatenating /scratch/rohlfslab/abierly2/LongTR/longTR_pipeline_HG01121/HG01121.chrY.vcf.gz	0.023059 seconds
