Checking the headers and starting positions of 25 files
Concatenating /scratch/rohlfslab/abierly2/LongTR/longTR_pipeline_HG02688/HG02688.chr10.vcf.gz	0.978756 seconds
Concatenating /scratch/rohlfslab/abierly2/LongTR/longTR_pipeline_HG02688/HG02688.chr11.vcf.gz	0.957572 seconds
Concatenating /scratch/rohlfslab/abierly2/LongTR/longTR_pipeline_HG02688/HG02688.chr12.vcf.gz	1.013247 seconds
Concatenating /scratch/rohlfslab/abierly2/LongTR/longTR_pipeline_HG02688/HG02688.chr13.vcf.gz	0.685904 seconds
Concatenating /scratch/rohlfslab/abierly2/LongTR/longTR_pipeline_HG02688/HG02688.chr14.vcf.gz	0.665563 seconds
Concatenating /scratch/rohlfslab/abierly2/LongTR/longTR_pipeline_HG02688/HG02688.chr15.vcf.gz	0.626912 seconds
Concatenating /scratch/rohlfslab/abierly2/LongTR/longTR_pipeline_HG02688/HG02688.chr16.vcf.gz	0.643706 seconds
Concatenating /scratch/rohlfslab/abierly2/LongTR/longTR_pipeline_HG02688/HG02688.chr17.vcf.gz	0.671285 seconds
Concatenating /scratch/rohlfslab/abierly2/LongTR/longTR_pipeline_HG02688/HG02688.chr18.vcf.gz	0.503639 seconds
Concatenating /scratch/rohlfslab/abierly2/LongTR/longTR_pipeline_HG02688/HG02688.chr19.vcf.gz	0.554897 seconds
Concatenating /scratch/rohlfslab/abierly2/LongTR/longTR_pipeline_HG02688/HG02688.chr1.vcf.gz	1.782933 seconds
Concatenating /scratch/rohlfslab/abierly2/LongTR/longTR_pipeline_HG02688/HG02688.chr20.vcf.gz	0.417333 seconds
Concatenating /scratch/rohlfslab/abierly2/LongTR/longTR_pipeline_HG02688/HG02688.chr21.vcf.gz	0.242941 seconds
Concatenating /scratch/rohlfslab/abierly2/LongTR/longTR_pipeline_HG02688/HG02688.chr22.vcf.gz	0.296493 seconds
Concatenating /scratch/rohlfslab/abierly2/LongTR/longTR_pipeline_HG02688/HG02688.chr2.vcf.gz	1.774308 seconds
Concatenating /scratch/rohlfslab/abierly2/LongTR/longTR_pipeline_HG02688/HG02688.chr3.vcf.gz	1.415610 seconds
Concatenating /scratch/rohlfslab/abierly2/LongTR/longTR_pipeline_HG02688/HG02688.chr4.vcf.gz	1.344507 seconds
Concatenating /scratch/rohlfslab/abierly2/LongTR/longTR_pipeline_HG02688/HG02688.chr5.vcf.gz	1.286530 seconds
Concatenating /scratch/rohlfslab/abierly2/LongTR/longTR_pipeline_HG02688/HG02688.chr6.vcf.gz	1.236199 seconds
Concatenating /scratch/rohlfslab/abierly2/LongTR/longTR_pipeline_HG02688/HG02688.chr7.vcf.gz	1.192791 seconds
Concatenating /scratch/rohlfslab/abierly2/LongTR/longTR_pipeline_HG02688/HG02688.chr8.vcf.gz	1.021126 seconds
Concatenating /scratch/rohlfslab/abierly2/LongTR/longTR_pipeline_HG02688/HG02688.chr9.vcf.gz	0.880459 seconds
Concatenating /scratch/rohlfslab/abierly2/LongTR/longTR_pipeline_HG02688/HG02688.chrM.vcf.gz	0.000439 seconds
Concatenating /scratch/rohlfslab/abierly2/LongTR/longTR_pipeline_HG02688/HG02688.chrX.vcf.gz	1.038699 seconds
Concatenating /scratch/rohlfslab/abierly2/LongTR/longTR_pipeline_HG02688/HG02688.chrY.vcf.gz	0.001518 seconds
