Checking the headers and starting positions of 25 files
Concatenating /scratch/rohlfslab/abierly2/LongTR/longTR_pipeline_HG00368/HG00368.chr10.vcf.gz	1.305211 seconds
Concatenating /scratch/rohlfslab/abierly2/LongTR/longTR_pipeline_HG00368/HG00368.chr11.vcf.gz	1.244704 seconds
Concatenating /scratch/rohlfslab/abierly2/LongTR/longTR_pipeline_HG00368/HG00368.chr12.vcf.gz	1.314205 seconds
Concatenating /scratch/rohlfslab/abierly2/LongTR/longTR_pipeline_HG00368/HG00368.chr13.vcf.gz	0.909026 seconds
Concatenating /scratch/rohlfslab/abierly2/LongTR/longTR_pipeline_HG00368/HG00368.chr14.vcf.gz	0.862831 seconds
Concatenating /scratch/rohlfslab/abierly2/LongTR/longTR_pipeline_HG00368/HG00368.chr15.vcf.gz	0.807345 seconds
Concatenating /scratch/rohlfslab/abierly2/LongTR/longTR_pipeline_HG00368/HG00368.chr16.vcf.gz	0.846768 seconds
Concatenating /scratch/rohlfslab/abierly2/LongTR/longTR_pipeline_HG00368/HG00368.chr17.vcf.gz	0.881021 seconds
Concatenating /scratch/rohlfslab/abierly2/LongTR/longTR_pipeline_HG00368/HG00368.chr18.vcf.gz	0.653525 seconds
Concatenating /scratch/rohlfslab/abierly2/LongTR/longTR_pipeline_HG00368/HG00368.chr19.vcf.gz	0.732397 seconds
Concatenating /scratch/rohlfslab/abierly2/LongTR/longTR_pipeline_HG00368/HG00368.chr1.vcf.gz	2.346436 seconds
Concatenating /scratch/rohlfslab/abierly2/LongTR/longTR_pipeline_HG00368/HG00368.chr20.vcf.gz	0.549644 seconds
Concatenating /scratch/rohlfslab/abierly2/LongTR/longTR_pipeline_HG00368/HG00368.chr21.vcf.gz	0.315271 seconds
Concatenating /scratch/rohlfslab/abierly2/LongTR/longTR_pipeline_HG00368/HG00368.chr22.vcf.gz	0.386547 seconds
Concatenating /scratch/rohlfslab/abierly2/LongTR/longTR_pipeline_HG00368/HG00368.chr2.vcf.gz	2.322416 seconds
Concatenating /scratch/rohlfslab/abierly2/LongTR/longTR_pipeline_HG00368/HG00368.chr3.vcf.gz	1.881034 seconds
Concatenating /scratch/rohlfslab/abierly2/LongTR/longTR_pipeline_HG00368/HG00368.chr4.vcf.gz	1.775430 seconds
Concatenating /scratch/rohlfslab/abierly2/LongTR/longTR_pipeline_HG00368/HG00368.chr5.vcf.gz	1.697368 seconds
Concatenating /scratch/rohlfslab/abierly2/LongTR/longTR_pipeline_HG00368/HG00368.chr6.vcf.gz	1.621304 seconds
Concatenating /scratch/rohlfslab/abierly2/LongTR/longTR_pipeline_HG00368/HG00368.chr7.vcf.gz	1.558756 seconds
Concatenating /scratch/rohlfslab/abierly2/LongTR/longTR_pipeline_HG00368/HG00368.chr8.vcf.gz	1.353532 seconds
Concatenating /scratch/rohlfslab/abierly2/LongTR/longTR_pipeline_HG00368/HG00368.chr9.vcf.gz	1.144967 seconds
Concatenating /scratch/rohlfslab/abierly2/LongTR/longTR_pipeline_HG00368/HG00368.chrM.vcf.gz	0.000313 seconds
Concatenating /scratch/rohlfslab/abierly2/LongTR/longTR_pipeline_HG00368/HG00368.chrX.vcf.gz	1.399825 seconds
Concatenating /scratch/rohlfslab/abierly2/LongTR/longTR_pipeline_HG00368/HG00368.chrY.vcf.gz	0.000321 seconds
