Checking the headers and starting positions of 25 files
Concatenating /scratch/rohlfslab/abierly2/LongTR/longTR_pipeline_HG01375/HG01375.chr10.vcf.gz	1.196494 seconds
Concatenating /scratch/rohlfslab/abierly2/LongTR/longTR_pipeline_HG01375/HG01375.chr11.vcf.gz	1.133433 seconds
Concatenating /scratch/rohlfslab/abierly2/LongTR/longTR_pipeline_HG01375/HG01375.chr12.vcf.gz	1.208181 seconds
Concatenating /scratch/rohlfslab/abierly2/LongTR/longTR_pipeline_HG01375/HG01375.chr13.vcf.gz	0.828213 seconds
Concatenating /scratch/rohlfslab/abierly2/LongTR/longTR_pipeline_HG01375/HG01375.chr14.vcf.gz	0.789658 seconds
Concatenating /scratch/rohlfslab/abierly2/LongTR/longTR_pipeline_HG01375/HG01375.chr15.vcf.gz	0.739869 seconds
Concatenating /scratch/rohlfslab/abierly2/LongTR/longTR_pipeline_HG01375/HG01375.chr16.vcf.gz	0.771482 seconds
Concatenating /scratch/rohlfslab/abierly2/LongTR/longTR_pipeline_HG01375/HG01375.chr17.vcf.gz	0.798609 seconds
Concatenating /scratch/rohlfslab/abierly2/LongTR/longTR_pipeline_HG01375/HG01375.chr18.vcf.gz	0.598321 seconds
Concatenating /scratch/rohlfslab/abierly2/LongTR/longTR_pipeline_HG01375/HG01375.chr19.vcf.gz	0.654489 seconds
Concatenating /scratch/rohlfslab/abierly2/LongTR/longTR_pipeline_HG01375/HG01375.chr1.vcf.gz	2.110390 seconds
Concatenating /scratch/rohlfslab/abierly2/LongTR/longTR_pipeline_HG01375/HG01375.chr20.vcf.gz	0.501233 seconds
Concatenating /scratch/rohlfslab/abierly2/LongTR/longTR_pipeline_HG01375/HG01375.chr21.vcf.gz	0.286378 seconds
Concatenating /scratch/rohlfslab/abierly2/LongTR/longTR_pipeline_HG01375/HG01375.chr22.vcf.gz	0.348163 seconds
Concatenating /scratch/rohlfslab/abierly2/LongTR/longTR_pipeline_HG01375/HG01375.chr2.vcf.gz	2.108782 seconds
Concatenating /scratch/rohlfslab/abierly2/LongTR/longTR_pipeline_HG01375/HG01375.chr3.vcf.gz	1.710870 seconds
Concatenating /scratch/rohlfslab/abierly2/LongTR/longTR_pipeline_HG01375/HG01375.chr4.vcf.gz	1.617382 seconds
Concatenating /scratch/rohlfslab/abierly2/LongTR/longTR_pipeline_HG01375/HG01375.chr5.vcf.gz	1.529812 seconds
Concatenating /scratch/rohlfslab/abierly2/LongTR/longTR_pipeline_HG01375/HG01375.chr6.vcf.gz	1.473838 seconds
Concatenating /scratch/rohlfslab/abierly2/LongTR/longTR_pipeline_HG01375/HG01375.chr7.vcf.gz	1.422257 seconds
Concatenating /scratch/rohlfslab/abierly2/LongTR/longTR_pipeline_HG01375/HG01375.chr8.vcf.gz	1.229531 seconds
Concatenating /scratch/rohlfslab/abierly2/LongTR/longTR_pipeline_HG01375/HG01375.chr9.vcf.gz	1.041605 seconds
Concatenating /scratch/rohlfslab/abierly2/LongTR/longTR_pipeline_HG01375/HG01375.chrM.vcf.gz	0.000407 seconds
Concatenating /scratch/rohlfslab/abierly2/LongTR/longTR_pipeline_HG01375/HG01375.chrX.vcf.gz	1.263450 seconds
Concatenating /scratch/rohlfslab/abierly2/LongTR/longTR_pipeline_HG01375/HG01375.chrY.vcf.gz	0.000388 seconds
