Checking the headers and starting positions of 25 files
Concatenating /scratch/rohlfslab/abierly2/LongTR/longTR_pipeline_NA18603/NA18603.chr10.vcf.gz	1.159374 seconds
Concatenating /scratch/rohlfslab/abierly2/LongTR/longTR_pipeline_NA18603/NA18603.chr11.vcf.gz	1.106009 seconds
Concatenating /scratch/rohlfslab/abierly2/LongTR/longTR_pipeline_NA18603/NA18603.chr12.vcf.gz	1.172077 seconds
Concatenating /scratch/rohlfslab/abierly2/LongTR/longTR_pipeline_NA18603/NA18603.chr13.vcf.gz	0.805292 seconds
Concatenating /scratch/rohlfslab/abierly2/LongTR/longTR_pipeline_NA18603/NA18603.chr14.vcf.gz	0.766186 seconds
Concatenating /scratch/rohlfslab/abierly2/LongTR/longTR_pipeline_NA18603/NA18603.chr15.vcf.gz	0.717181 seconds
Concatenating /scratch/rohlfslab/abierly2/LongTR/longTR_pipeline_NA18603/NA18603.chr16.vcf.gz	0.753373 seconds
Concatenating /scratch/rohlfslab/abierly2/LongTR/longTR_pipeline_NA18603/NA18603.chr17.vcf.gz	0.791891 seconds
Concatenating /scratch/rohlfslab/abierly2/LongTR/longTR_pipeline_NA18603/NA18603.chr18.vcf.gz	0.585201 seconds
Concatenating /scratch/rohlfslab/abierly2/LongTR/longTR_pipeline_NA18603/NA18603.chr19.vcf.gz	0.653205 seconds
Concatenating /scratch/rohlfslab/abierly2/LongTR/longTR_pipeline_NA18603/NA18603.chr1.vcf.gz	2.061210 seconds
Concatenating /scratch/rohlfslab/abierly2/LongTR/longTR_pipeline_NA18603/NA18603.chr20.vcf.gz	0.488428 seconds
Concatenating /scratch/rohlfslab/abierly2/LongTR/longTR_pipeline_NA18603/NA18603.chr21.vcf.gz	0.286608 seconds
Concatenating /scratch/rohlfslab/abierly2/LongTR/longTR_pipeline_NA18603/NA18603.chr22.vcf.gz	0.341566 seconds
Concatenating /scratch/rohlfslab/abierly2/LongTR/longTR_pipeline_NA18603/NA18603.chr2.vcf.gz	2.066247 seconds
Concatenating /scratch/rohlfslab/abierly2/LongTR/longTR_pipeline_NA18603/NA18603.chr3.vcf.gz	1.658126 seconds
Concatenating /scratch/rohlfslab/abierly2/LongTR/longTR_pipeline_NA18603/NA18603.chr4.vcf.gz	1.565504 seconds
Concatenating /scratch/rohlfslab/abierly2/LongTR/longTR_pipeline_NA18603/NA18603.chr5.vcf.gz	1.498900 seconds
Concatenating /scratch/rohlfslab/abierly2/LongTR/longTR_pipeline_NA18603/NA18603.chr6.vcf.gz	1.440550 seconds
Concatenating /scratch/rohlfslab/abierly2/LongTR/longTR_pipeline_NA18603/NA18603.chr7.vcf.gz	1.390272 seconds
Concatenating /scratch/rohlfslab/abierly2/LongTR/longTR_pipeline_NA18603/NA18603.chr8.vcf.gz	1.202830 seconds
Concatenating /scratch/rohlfslab/abierly2/LongTR/longTR_pipeline_NA18603/NA18603.chr9.vcf.gz	1.029057 seconds
Concatenating /scratch/rohlfslab/abierly2/LongTR/longTR_pipeline_NA18603/NA18603.chrM.vcf.gz	0.000306 seconds
Concatenating /scratch/rohlfslab/abierly2/LongTR/longTR_pipeline_NA18603/NA18603.chrX.vcf.gz	0.408536 seconds
Concatenating /scratch/rohlfslab/abierly2/LongTR/longTR_pipeline_NA18603/NA18603.chrY.vcf.gz	0.017857 seconds
