Checking the headers and starting positions of 25 files
Concatenating /scratch/rohlfslab/abierly2/LongTR/longTR_pipeline_NA18632/NA18632.chr10.vcf.gz	1.226920 seconds
Concatenating /scratch/rohlfslab/abierly2/LongTR/longTR_pipeline_NA18632/NA18632.chr11.vcf.gz	1.171154 seconds
Concatenating /scratch/rohlfslab/abierly2/LongTR/longTR_pipeline_NA18632/NA18632.chr12.vcf.gz	1.230808 seconds
Concatenating /scratch/rohlfslab/abierly2/LongTR/longTR_pipeline_NA18632/NA18632.chr13.vcf.gz	0.850881 seconds
Concatenating /scratch/rohlfslab/abierly2/LongTR/longTR_pipeline_NA18632/NA18632.chr14.vcf.gz	0.808769 seconds
Concatenating /scratch/rohlfslab/abierly2/LongTR/longTR_pipeline_NA18632/NA18632.chr15.vcf.gz	0.760031 seconds
Concatenating /scratch/rohlfslab/abierly2/LongTR/longTR_pipeline_NA18632/NA18632.chr16.vcf.gz	0.799873 seconds
Concatenating /scratch/rohlfslab/abierly2/LongTR/longTR_pipeline_NA18632/NA18632.chr17.vcf.gz	0.828259 seconds
Concatenating /scratch/rohlfslab/abierly2/LongTR/longTR_pipeline_NA18632/NA18632.chr18.vcf.gz	0.628963 seconds
Concatenating /scratch/rohlfslab/abierly2/LongTR/longTR_pipeline_NA18632/NA18632.chr19.vcf.gz	0.688200 seconds
Concatenating /scratch/rohlfslab/abierly2/LongTR/longTR_pipeline_NA18632/NA18632.chr1.vcf.gz	2.230018 seconds
Concatenating /scratch/rohlfslab/abierly2/LongTR/longTR_pipeline_NA18632/NA18632.chr20.vcf.gz	0.512936 seconds
Concatenating /scratch/rohlfslab/abierly2/LongTR/longTR_pipeline_NA18632/NA18632.chr21.vcf.gz	0.299303 seconds
Concatenating /scratch/rohlfslab/abierly2/LongTR/longTR_pipeline_NA18632/NA18632.chr22.vcf.gz	0.362605 seconds
Concatenating /scratch/rohlfslab/abierly2/LongTR/longTR_pipeline_NA18632/NA18632.chr2.vcf.gz	2.168948 seconds
Concatenating /scratch/rohlfslab/abierly2/LongTR/longTR_pipeline_NA18632/NA18632.chr3.vcf.gz	1.733265 seconds
Concatenating /scratch/rohlfslab/abierly2/LongTR/longTR_pipeline_NA18632/NA18632.chr4.vcf.gz	1.661425 seconds
Concatenating /scratch/rohlfslab/abierly2/LongTR/longTR_pipeline_NA18632/NA18632.chr5.vcf.gz	1.568524 seconds
Concatenating /scratch/rohlfslab/abierly2/LongTR/longTR_pipeline_NA18632/NA18632.chr6.vcf.gz	1.540346 seconds
Concatenating /scratch/rohlfslab/abierly2/LongTR/longTR_pipeline_NA18632/NA18632.chr7.vcf.gz	1.460282 seconds
Concatenating /scratch/rohlfslab/abierly2/LongTR/longTR_pipeline_NA18632/NA18632.chr8.vcf.gz	1.267399 seconds
Concatenating /scratch/rohlfslab/abierly2/LongTR/longTR_pipeline_NA18632/NA18632.chr9.vcf.gz	1.110697 seconds
Concatenating /scratch/rohlfslab/abierly2/LongTR/longTR_pipeline_NA18632/NA18632.chrM.vcf.gz	0.000351 seconds
Concatenating /scratch/rohlfslab/abierly2/LongTR/longTR_pipeline_NA18632/NA18632.chrX.vcf.gz	0.727692 seconds
Concatenating /scratch/rohlfslab/abierly2/LongTR/longTR_pipeline_NA18632/NA18632.chrY.vcf.gz	0.033856 seconds
