Checking the headers and starting positions of 25 files
Concatenating /scratch/rohlfslab/abierly2/LongTR/longTR_pipeline_HG02271/HG02271.chr10.vcf.gz	1.233603 seconds
Concatenating /scratch/rohlfslab/abierly2/LongTR/longTR_pipeline_HG02271/HG02271.chr11.vcf.gz	1.175844 seconds
Concatenating /scratch/rohlfslab/abierly2/LongTR/longTR_pipeline_HG02271/HG02271.chr12.vcf.gz	1.243540 seconds
Concatenating /scratch/rohlfslab/abierly2/LongTR/longTR_pipeline_HG02271/HG02271.chr13.vcf.gz	0.857180 seconds
Concatenating /scratch/rohlfslab/abierly2/LongTR/longTR_pipeline_HG02271/HG02271.chr14.vcf.gz	0.808911 seconds
Concatenating /scratch/rohlfslab/abierly2/LongTR/longTR_pipeline_HG02271/HG02271.chr15.vcf.gz	0.758657 seconds
Concatenating /scratch/rohlfslab/abierly2/LongTR/longTR_pipeline_HG02271/HG02271.chr16.vcf.gz	0.791002 seconds
Concatenating /scratch/rohlfslab/abierly2/LongTR/longTR_pipeline_HG02271/HG02271.chr17.vcf.gz	0.829536 seconds
Concatenating /scratch/rohlfslab/abierly2/LongTR/longTR_pipeline_HG02271/HG02271.chr18.vcf.gz	0.623054 seconds
Concatenating /scratch/rohlfslab/abierly2/LongTR/longTR_pipeline_HG02271/HG02271.chr19.vcf.gz	0.681516 seconds
Concatenating /scratch/rohlfslab/abierly2/LongTR/longTR_pipeline_HG02271/HG02271.chr1.vcf.gz	2.219240 seconds
Concatenating /scratch/rohlfslab/abierly2/LongTR/longTR_pipeline_HG02271/HG02271.chr20.vcf.gz	0.513981 seconds
Concatenating /scratch/rohlfslab/abierly2/LongTR/longTR_pipeline_HG02271/HG02271.chr21.vcf.gz	0.299340 seconds
Concatenating /scratch/rohlfslab/abierly2/LongTR/longTR_pipeline_HG02271/HG02271.chr22.vcf.gz	0.360022 seconds
Concatenating /scratch/rohlfslab/abierly2/LongTR/longTR_pipeline_HG02271/HG02271.chr2.vcf.gz	2.193365 seconds
Concatenating /scratch/rohlfslab/abierly2/LongTR/longTR_pipeline_HG02271/HG02271.chr3.vcf.gz	1.771042 seconds
Concatenating /scratch/rohlfslab/abierly2/LongTR/longTR_pipeline_HG02271/HG02271.chr4.vcf.gz	1.672466 seconds
Concatenating /scratch/rohlfslab/abierly2/LongTR/longTR_pipeline_HG02271/HG02271.chr5.vcf.gz	1.584220 seconds
Concatenating /scratch/rohlfslab/abierly2/LongTR/longTR_pipeline_HG02271/HG02271.chr6.vcf.gz	1.523833 seconds
Concatenating /scratch/rohlfslab/abierly2/LongTR/longTR_pipeline_HG02271/HG02271.chr7.vcf.gz	1.473277 seconds
Concatenating /scratch/rohlfslab/abierly2/LongTR/longTR_pipeline_HG02271/HG02271.chr8.vcf.gz	1.273476 seconds
Concatenating /scratch/rohlfslab/abierly2/LongTR/longTR_pipeline_HG02271/HG02271.chr9.vcf.gz	1.100792 seconds
Concatenating /scratch/rohlfslab/abierly2/LongTR/longTR_pipeline_HG02271/HG02271.chrM.vcf.gz	0.000525 seconds
Concatenating /scratch/rohlfslab/abierly2/LongTR/longTR_pipeline_HG02271/HG02271.chrX.vcf.gz	0.602430 seconds
Concatenating /scratch/rohlfslab/abierly2/LongTR/longTR_pipeline_HG02271/HG02271.chrY.vcf.gz	0.028706 seconds
