Checking the headers and starting positions of 25 files
Concatenating /scratch/rohlfslab/abierly2/LongTR/longTR_pipeline_HG01945/HG01945.chr10.vcf.gz	1.266915 seconds
Concatenating /scratch/rohlfslab/abierly2/LongTR/longTR_pipeline_HG01945/HG01945.chr11.vcf.gz	1.208837 seconds
Concatenating /scratch/rohlfslab/abierly2/LongTR/longTR_pipeline_HG01945/HG01945.chr12.vcf.gz	1.304301 seconds
Concatenating /scratch/rohlfslab/abierly2/LongTR/longTR_pipeline_HG01945/HG01945.chr13.vcf.gz	0.880470 seconds
Concatenating /scratch/rohlfslab/abierly2/LongTR/longTR_pipeline_HG01945/HG01945.chr14.vcf.gz	0.838062 seconds
Concatenating /scratch/rohlfslab/abierly2/LongTR/longTR_pipeline_HG01945/HG01945.chr15.vcf.gz	0.785982 seconds
Concatenating /scratch/rohlfslab/abierly2/LongTR/longTR_pipeline_HG01945/HG01945.chr16.vcf.gz	0.827571 seconds
Concatenating /scratch/rohlfslab/abierly2/LongTR/longTR_pipeline_HG01945/HG01945.chr17.vcf.gz	0.860035 seconds
Concatenating /scratch/rohlfslab/abierly2/LongTR/longTR_pipeline_HG01945/HG01945.chr18.vcf.gz	0.633572 seconds
Concatenating /scratch/rohlfslab/abierly2/LongTR/longTR_pipeline_HG01945/HG01945.chr19.vcf.gz	0.716838 seconds
Concatenating /scratch/rohlfslab/abierly2/LongTR/longTR_pipeline_HG01945/HG01945.chr1.vcf.gz	2.255683 seconds
Concatenating /scratch/rohlfslab/abierly2/LongTR/longTR_pipeline_HG01945/HG01945.chr20.vcf.gz	0.532773 seconds
Concatenating /scratch/rohlfslab/abierly2/LongTR/longTR_pipeline_HG01945/HG01945.chr21.vcf.gz	0.307593 seconds
Concatenating /scratch/rohlfslab/abierly2/LongTR/longTR_pipeline_HG01945/HG01945.chr22.vcf.gz	0.374621 seconds
Concatenating /scratch/rohlfslab/abierly2/LongTR/longTR_pipeline_HG01945/HG01945.chr2.vcf.gz	2.262092 seconds
Concatenating /scratch/rohlfslab/abierly2/LongTR/longTR_pipeline_HG01945/HG01945.chr3.vcf.gz	1.799812 seconds
Concatenating /scratch/rohlfslab/abierly2/LongTR/longTR_pipeline_HG01945/HG01945.chr4.vcf.gz	1.716017 seconds
Concatenating /scratch/rohlfslab/abierly2/LongTR/longTR_pipeline_HG01945/HG01945.chr5.vcf.gz	1.631500 seconds
Concatenating /scratch/rohlfslab/abierly2/LongTR/longTR_pipeline_HG01945/HG01945.chr6.vcf.gz	1.571169 seconds
Concatenating /scratch/rohlfslab/abierly2/LongTR/longTR_pipeline_HG01945/HG01945.chr7.vcf.gz	1.517881 seconds
Concatenating /scratch/rohlfslab/abierly2/LongTR/longTR_pipeline_HG01945/HG01945.chr8.vcf.gz	1.312763 seconds
Concatenating /scratch/rohlfslab/abierly2/LongTR/longTR_pipeline_HG01945/HG01945.chr9.vcf.gz	1.149633 seconds
Concatenating /scratch/rohlfslab/abierly2/LongTR/longTR_pipeline_HG01945/HG01945.chrM.vcf.gz	0.000407 seconds
Concatenating /scratch/rohlfslab/abierly2/LongTR/longTR_pipeline_HG01945/HG01945.chrX.vcf.gz	1.383786 seconds
Concatenating /scratch/rohlfslab/abierly2/LongTR/longTR_pipeline_HG01945/HG01945.chrY.vcf.gz	0.000412 seconds
