Checking the headers and starting positions of 25 files
Concatenating /scratch/rohlfslab/abierly2/LongTR/longTR_pipeline_HG02060/HG02060.chr10.vcf.gz	1.241117 seconds
Concatenating /scratch/rohlfslab/abierly2/LongTR/longTR_pipeline_HG02060/HG02060.chr11.vcf.gz	1.179756 seconds
Concatenating /scratch/rohlfslab/abierly2/LongTR/longTR_pipeline_HG02060/HG02060.chr12.vcf.gz	1.252582 seconds
Concatenating /scratch/rohlfslab/abierly2/LongTR/longTR_pipeline_HG02060/HG02060.chr13.vcf.gz	0.864283 seconds
Concatenating /scratch/rohlfslab/abierly2/LongTR/longTR_pipeline_HG02060/HG02060.chr14.vcf.gz	0.822267 seconds
Concatenating /scratch/rohlfslab/abierly2/LongTR/longTR_pipeline_HG02060/HG02060.chr15.vcf.gz	0.768862 seconds
Concatenating /scratch/rohlfslab/abierly2/LongTR/longTR_pipeline_HG02060/HG02060.chr16.vcf.gz	0.808221 seconds
Concatenating /scratch/rohlfslab/abierly2/LongTR/longTR_pipeline_HG02060/HG02060.chr17.vcf.gz	0.841121 seconds
Concatenating /scratch/rohlfslab/abierly2/LongTR/longTR_pipeline_HG02060/HG02060.chr18.vcf.gz	0.622244 seconds
Concatenating /scratch/rohlfslab/abierly2/LongTR/longTR_pipeline_HG02060/HG02060.chr19.vcf.gz	0.693214 seconds
Concatenating /scratch/rohlfslab/abierly2/LongTR/longTR_pipeline_HG02060/HG02060.chr1.vcf.gz	2.203499 seconds
Concatenating /scratch/rohlfslab/abierly2/LongTR/longTR_pipeline_HG02060/HG02060.chr20.vcf.gz	0.519360 seconds
Concatenating /scratch/rohlfslab/abierly2/LongTR/longTR_pipeline_HG02060/HG02060.chr21.vcf.gz	0.303179 seconds
Concatenating /scratch/rohlfslab/abierly2/LongTR/longTR_pipeline_HG02060/HG02060.chr22.vcf.gz	0.362107 seconds
Concatenating /scratch/rohlfslab/abierly2/LongTR/longTR_pipeline_HG02060/HG02060.chr2.vcf.gz	2.207033 seconds
Concatenating /scratch/rohlfslab/abierly2/LongTR/longTR_pipeline_HG02060/HG02060.chr3.vcf.gz	1.783250 seconds
Concatenating /scratch/rohlfslab/abierly2/LongTR/longTR_pipeline_HG02060/HG02060.chr4.vcf.gz	1.700002 seconds
Concatenating /scratch/rohlfslab/abierly2/LongTR/longTR_pipeline_HG02060/HG02060.chr5.vcf.gz	1.607837 seconds
Concatenating /scratch/rohlfslab/abierly2/LongTR/longTR_pipeline_HG02060/HG02060.chr6.vcf.gz	1.535052 seconds
Concatenating /scratch/rohlfslab/abierly2/LongTR/longTR_pipeline_HG02060/HG02060.chr7.vcf.gz	1.483826 seconds
Concatenating /scratch/rohlfslab/abierly2/LongTR/longTR_pipeline_HG02060/HG02060.chr8.vcf.gz	1.281701 seconds
Concatenating /scratch/rohlfslab/abierly2/LongTR/longTR_pipeline_HG02060/HG02060.chr9.vcf.gz	1.085749 seconds
Concatenating /scratch/rohlfslab/abierly2/LongTR/longTR_pipeline_HG02060/HG02060.chrM.vcf.gz	0.000299 seconds
Concatenating /scratch/rohlfslab/abierly2/LongTR/longTR_pipeline_HG02060/HG02060.chrX.vcf.gz	1.327908 seconds
Concatenating /scratch/rohlfslab/abierly2/LongTR/longTR_pipeline_HG02060/HG02060.chrY.vcf.gz	0.000340 seconds
