Checking the headers and starting positions of 25 files
Concatenating /scratch/rohlfslab/abierly2/LongTR/longTR_pipeline_HG01766/HG01766.chr10.vcf.gz	1.293735 seconds
Concatenating /scratch/rohlfslab/abierly2/LongTR/longTR_pipeline_HG01766/HG01766.chr11.vcf.gz	1.205870 seconds
Concatenating /scratch/rohlfslab/abierly2/LongTR/longTR_pipeline_HG01766/HG01766.chr12.vcf.gz	1.238582 seconds
Concatenating /scratch/rohlfslab/abierly2/LongTR/longTR_pipeline_HG01766/HG01766.chr13.vcf.gz	0.854676 seconds
Concatenating /scratch/rohlfslab/abierly2/LongTR/longTR_pipeline_HG01766/HG01766.chr14.vcf.gz	0.806061 seconds
Concatenating /scratch/rohlfslab/abierly2/LongTR/longTR_pipeline_HG01766/HG01766.chr15.vcf.gz	0.759587 seconds
Concatenating /scratch/rohlfslab/abierly2/LongTR/longTR_pipeline_HG01766/HG01766.chr16.vcf.gz	0.801601 seconds
Concatenating /scratch/rohlfslab/abierly2/LongTR/longTR_pipeline_HG01766/HG01766.chr17.vcf.gz	0.821935 seconds
Concatenating /scratch/rohlfslab/abierly2/LongTR/longTR_pipeline_HG01766/HG01766.chr18.vcf.gz	0.617430 seconds
Concatenating /scratch/rohlfslab/abierly2/LongTR/longTR_pipeline_HG01766/HG01766.chr19.vcf.gz	0.677439 seconds
Concatenating /scratch/rohlfslab/abierly2/LongTR/longTR_pipeline_HG01766/HG01766.chr1.vcf.gz	2.167324 seconds
Concatenating /scratch/rohlfslab/abierly2/LongTR/longTR_pipeline_HG01766/HG01766.chr20.vcf.gz	0.512569 seconds
Concatenating /scratch/rohlfslab/abierly2/LongTR/longTR_pipeline_HG01766/HG01766.chr21.vcf.gz	0.295897 seconds
Concatenating /scratch/rohlfslab/abierly2/LongTR/longTR_pipeline_HG01766/HG01766.chr22.vcf.gz	0.361746 seconds
Concatenating /scratch/rohlfslab/abierly2/LongTR/longTR_pipeline_HG01766/HG01766.chr2.vcf.gz	2.171368 seconds
Concatenating /scratch/rohlfslab/abierly2/LongTR/longTR_pipeline_HG01766/HG01766.chr3.vcf.gz	1.729464 seconds
Concatenating /scratch/rohlfslab/abierly2/LongTR/longTR_pipeline_HG01766/HG01766.chr4.vcf.gz	1.662215 seconds
Concatenating /scratch/rohlfslab/abierly2/LongTR/longTR_pipeline_HG01766/HG01766.chr5.vcf.gz	1.575709 seconds
Concatenating /scratch/rohlfslab/abierly2/LongTR/longTR_pipeline_HG01766/HG01766.chr6.vcf.gz	1.519495 seconds
Concatenating /scratch/rohlfslab/abierly2/LongTR/longTR_pipeline_HG01766/HG01766.chr7.vcf.gz	1.461823 seconds
Concatenating /scratch/rohlfslab/abierly2/LongTR/longTR_pipeline_HG01766/HG01766.chr8.vcf.gz	1.263489 seconds
Concatenating /scratch/rohlfslab/abierly2/LongTR/longTR_pipeline_HG01766/HG01766.chr9.vcf.gz	1.067398 seconds
Concatenating /scratch/rohlfslab/abierly2/LongTR/longTR_pipeline_HG01766/HG01766.chrM.vcf.gz	0.000311 seconds
Concatenating /scratch/rohlfslab/abierly2/LongTR/longTR_pipeline_HG01766/HG01766.chrX.vcf.gz	1.313373 seconds
Concatenating /scratch/rohlfslab/abierly2/LongTR/longTR_pipeline_HG01766/HG01766.chrY.vcf.gz	0.000304 seconds
