Checking the headers and starting positions of 25 files
Concatenating /scratch/rohlfslab/abierly2/LongTR/longTR_pipeline_HG01356/HG01356.chr10.vcf.gz	1.206098 seconds
Concatenating /scratch/rohlfslab/abierly2/LongTR/longTR_pipeline_HG01356/HG01356.chr11.vcf.gz	1.151248 seconds
Concatenating /scratch/rohlfslab/abierly2/LongTR/longTR_pipeline_HG01356/HG01356.chr12.vcf.gz	1.216650 seconds
Concatenating /scratch/rohlfslab/abierly2/LongTR/longTR_pipeline_HG01356/HG01356.chr13.vcf.gz	0.837458 seconds
Concatenating /scratch/rohlfslab/abierly2/LongTR/longTR_pipeline_HG01356/HG01356.chr14.vcf.gz	0.790508 seconds
Concatenating /scratch/rohlfslab/abierly2/LongTR/longTR_pipeline_HG01356/HG01356.chr15.vcf.gz	0.742261 seconds
Concatenating /scratch/rohlfslab/abierly2/LongTR/longTR_pipeline_HG01356/HG01356.chr16.vcf.gz	0.774206 seconds
Concatenating /scratch/rohlfslab/abierly2/LongTR/longTR_pipeline_HG01356/HG01356.chr17.vcf.gz	0.803006 seconds
Concatenating /scratch/rohlfslab/abierly2/LongTR/longTR_pipeline_HG01356/HG01356.chr18.vcf.gz	0.603117 seconds
Concatenating /scratch/rohlfslab/abierly2/LongTR/longTR_pipeline_HG01356/HG01356.chr19.vcf.gz	0.649153 seconds
Concatenating /scratch/rohlfslab/abierly2/LongTR/longTR_pipeline_HG01356/HG01356.chr1.vcf.gz	2.122580 seconds
Concatenating /scratch/rohlfslab/abierly2/LongTR/longTR_pipeline_HG01356/HG01356.chr20.vcf.gz	0.503455 seconds
Concatenating /scratch/rohlfslab/abierly2/LongTR/longTR_pipeline_HG01356/HG01356.chr21.vcf.gz	0.288871 seconds
Concatenating /scratch/rohlfslab/abierly2/LongTR/longTR_pipeline_HG01356/HG01356.chr22.vcf.gz	0.344129 seconds
Concatenating /scratch/rohlfslab/abierly2/LongTR/longTR_pipeline_HG01356/HG01356.chr2.vcf.gz	2.143903 seconds
Concatenating /scratch/rohlfslab/abierly2/LongTR/longTR_pipeline_HG01356/HG01356.chr3.vcf.gz	1.722130 seconds
Concatenating /scratch/rohlfslab/abierly2/LongTR/longTR_pipeline_HG01356/HG01356.chr4.vcf.gz	1.643826 seconds
Concatenating /scratch/rohlfslab/abierly2/LongTR/longTR_pipeline_HG01356/HG01356.chr5.vcf.gz	1.551692 seconds
Concatenating /scratch/rohlfslab/abierly2/LongTR/longTR_pipeline_HG01356/HG01356.chr6.vcf.gz	1.495994 seconds
Concatenating /scratch/rohlfslab/abierly2/LongTR/longTR_pipeline_HG01356/HG01356.chr7.vcf.gz	1.436646 seconds
Concatenating /scratch/rohlfslab/abierly2/LongTR/longTR_pipeline_HG01356/HG01356.chr8.vcf.gz	1.239006 seconds
Concatenating /scratch/rohlfslab/abierly2/LongTR/longTR_pipeline_HG01356/HG01356.chr9.vcf.gz	1.049423 seconds
Concatenating /scratch/rohlfslab/abierly2/LongTR/longTR_pipeline_HG01356/HG01356.chrM.vcf.gz	0.000317 seconds
Concatenating /scratch/rohlfslab/abierly2/LongTR/longTR_pipeline_HG01356/HG01356.chrX.vcf.gz	0.514722 seconds
Concatenating /scratch/rohlfslab/abierly2/LongTR/longTR_pipeline_HG01356/HG01356.chrY.vcf.gz	0.030061 seconds
