Checking the headers and starting positions of 25 files
Concatenating /scratch/rohlfslab/abierly2/LongTR/longTR_pipeline_HG00365/HG00365.chr10.vcf.gz	1.184526 seconds
Concatenating /scratch/rohlfslab/abierly2/LongTR/longTR_pipeline_HG00365/HG00365.chr11.vcf.gz	1.135557 seconds
Concatenating /scratch/rohlfslab/abierly2/LongTR/longTR_pipeline_HG00365/HG00365.chr12.vcf.gz	1.200519 seconds
Concatenating /scratch/rohlfslab/abierly2/LongTR/longTR_pipeline_HG00365/HG00365.chr13.vcf.gz	0.825412 seconds
Concatenating /scratch/rohlfslab/abierly2/LongTR/longTR_pipeline_HG00365/HG00365.chr14.vcf.gz	0.785473 seconds
Concatenating /scratch/rohlfslab/abierly2/LongTR/longTR_pipeline_HG00365/HG00365.chr15.vcf.gz	0.737201 seconds
Concatenating /scratch/rohlfslab/abierly2/LongTR/longTR_pipeline_HG00365/HG00365.chr16.vcf.gz	0.767847 seconds
Concatenating /scratch/rohlfslab/abierly2/LongTR/longTR_pipeline_HG00365/HG00365.chr17.vcf.gz	0.803388 seconds
Concatenating /scratch/rohlfslab/abierly2/LongTR/longTR_pipeline_HG00365/HG00365.chr18.vcf.gz	0.599634 seconds
Concatenating /scratch/rohlfslab/abierly2/LongTR/longTR_pipeline_HG00365/HG00365.chr19.vcf.gz	0.665678 seconds
Concatenating /scratch/rohlfslab/abierly2/LongTR/longTR_pipeline_HG00365/HG00365.chr1.vcf.gz	2.121799 seconds
Concatenating /scratch/rohlfslab/abierly2/LongTR/longTR_pipeline_HG00365/HG00365.chr20.vcf.gz	0.498736 seconds
Concatenating /scratch/rohlfslab/abierly2/LongTR/longTR_pipeline_HG00365/HG00365.chr21.vcf.gz	0.287208 seconds
Concatenating /scratch/rohlfslab/abierly2/LongTR/longTR_pipeline_HG00365/HG00365.chr22.vcf.gz	0.352936 seconds
Concatenating /scratch/rohlfslab/abierly2/LongTR/longTR_pipeline_HG00365/HG00365.chr2.vcf.gz	2.114389 seconds
Concatenating /scratch/rohlfslab/abierly2/LongTR/longTR_pipeline_HG00365/HG00365.chr3.vcf.gz	1.707676 seconds
Concatenating /scratch/rohlfslab/abierly2/LongTR/longTR_pipeline_HG00365/HG00365.chr4.vcf.gz	1.598086 seconds
Concatenating /scratch/rohlfslab/abierly2/LongTR/longTR_pipeline_HG00365/HG00365.chr5.vcf.gz	1.525385 seconds
Concatenating /scratch/rohlfslab/abierly2/LongTR/longTR_pipeline_HG00365/HG00365.chr6.vcf.gz	1.471907 seconds
Concatenating /scratch/rohlfslab/abierly2/LongTR/longTR_pipeline_HG00365/HG00365.chr7.vcf.gz	1.418552 seconds
Concatenating /scratch/rohlfslab/abierly2/LongTR/longTR_pipeline_HG00365/HG00365.chr8.vcf.gz	1.226859 seconds
Concatenating /scratch/rohlfslab/abierly2/LongTR/longTR_pipeline_HG00365/HG00365.chr9.vcf.gz	1.044492 seconds
Concatenating /scratch/rohlfslab/abierly2/LongTR/longTR_pipeline_HG00365/HG00365.chrM.vcf.gz	0.000310 seconds
Concatenating /scratch/rohlfslab/abierly2/LongTR/longTR_pipeline_HG00365/HG00365.chrX.vcf.gz	1.253642 seconds
Concatenating /scratch/rohlfslab/abierly2/LongTR/longTR_pipeline_HG00365/HG00365.chrY.vcf.gz	0.000311 seconds
