Checking the headers and starting positions of 25 files
Concatenating /scratch/rohlfslab/abierly2/LongTR/longTR_pipeline_HG01807/HG01807.chr10.vcf.gz	1.227629 seconds
Concatenating /scratch/rohlfslab/abierly2/LongTR/longTR_pipeline_HG01807/HG01807.chr11.vcf.gz	1.170287 seconds
Concatenating /scratch/rohlfslab/abierly2/LongTR/longTR_pipeline_HG01807/HG01807.chr12.vcf.gz	1.266056 seconds
Concatenating /scratch/rohlfslab/abierly2/LongTR/longTR_pipeline_HG01807/HG01807.chr13.vcf.gz	0.855687 seconds
Concatenating /scratch/rohlfslab/abierly2/LongTR/longTR_pipeline_HG01807/HG01807.chr14.vcf.gz	0.808881 seconds
Concatenating /scratch/rohlfslab/abierly2/LongTR/longTR_pipeline_HG01807/HG01807.chr15.vcf.gz	0.760636 seconds
Concatenating /scratch/rohlfslab/abierly2/LongTR/longTR_pipeline_HG01807/HG01807.chr16.vcf.gz	0.787625 seconds
Concatenating /scratch/rohlfslab/abierly2/LongTR/longTR_pipeline_HG01807/HG01807.chr17.vcf.gz	0.822394 seconds
Concatenating /scratch/rohlfslab/abierly2/LongTR/longTR_pipeline_HG01807/HG01807.chr18.vcf.gz	0.615446 seconds
Concatenating /scratch/rohlfslab/abierly2/LongTR/longTR_pipeline_HG01807/HG01807.chr19.vcf.gz	0.679318 seconds
Concatenating /scratch/rohlfslab/abierly2/LongTR/longTR_pipeline_HG01807/HG01807.chr1.vcf.gz	2.171616 seconds
Concatenating /scratch/rohlfslab/abierly2/LongTR/longTR_pipeline_HG01807/HG01807.chr20.vcf.gz	0.510802 seconds
Concatenating /scratch/rohlfslab/abierly2/LongTR/longTR_pipeline_HG01807/HG01807.chr21.vcf.gz	0.296742 seconds
Concatenating /scratch/rohlfslab/abierly2/LongTR/longTR_pipeline_HG01807/HG01807.chr22.vcf.gz	0.358224 seconds
Concatenating /scratch/rohlfslab/abierly2/LongTR/longTR_pipeline_HG01807/HG01807.chr2.vcf.gz	2.180054 seconds
Concatenating /scratch/rohlfslab/abierly2/LongTR/longTR_pipeline_HG01807/HG01807.chr3.vcf.gz	1.742576 seconds
Concatenating /scratch/rohlfslab/abierly2/LongTR/longTR_pipeline_HG01807/HG01807.chr4.vcf.gz	1.681841 seconds
Concatenating /scratch/rohlfslab/abierly2/LongTR/longTR_pipeline_HG01807/HG01807.chr5.vcf.gz	1.577529 seconds
Concatenating /scratch/rohlfslab/abierly2/LongTR/longTR_pipeline_HG01807/HG01807.chr6.vcf.gz	1.529689 seconds
Concatenating /scratch/rohlfslab/abierly2/LongTR/longTR_pipeline_HG01807/HG01807.chr7.vcf.gz	1.474091 seconds
Concatenating /scratch/rohlfslab/abierly2/LongTR/longTR_pipeline_HG01807/HG01807.chr8.vcf.gz	1.280161 seconds
Concatenating /scratch/rohlfslab/abierly2/LongTR/longTR_pipeline_HG01807/HG01807.chr9.vcf.gz	1.074807 seconds
Concatenating /scratch/rohlfslab/abierly2/LongTR/longTR_pipeline_HG01807/HG01807.chrM.vcf.gz	0.000347 seconds
Concatenating /scratch/rohlfslab/abierly2/LongTR/longTR_pipeline_HG01807/HG01807.chrX.vcf.gz	1.314894 seconds
Concatenating /scratch/rohlfslab/abierly2/LongTR/longTR_pipeline_HG01807/HG01807.chrY.vcf.gz	0.000362 seconds
