Checking the headers and starting positions of 25 files
Concatenating /scratch/rohlfslab/abierly2/LongTR/longTR_pipeline_NA12878/NA12878.chr10.vcf.gz	1.158959 seconds
Concatenating /scratch/rohlfslab/abierly2/LongTR/longTR_pipeline_NA12878/NA12878.chr11.vcf.gz	1.125845 seconds
Concatenating /scratch/rohlfslab/abierly2/LongTR/longTR_pipeline_NA12878/NA12878.chr12.vcf.gz	1.185814 seconds
Concatenating /scratch/rohlfslab/abierly2/LongTR/longTR_pipeline_NA12878/NA12878.chr13.vcf.gz	0.815085 seconds
Concatenating /scratch/rohlfslab/abierly2/LongTR/longTR_pipeline_NA12878/NA12878.chr14.vcf.gz	0.771582 seconds
Concatenating /scratch/rohlfslab/abierly2/LongTR/longTR_pipeline_NA12878/NA12878.chr15.vcf.gz	0.718587 seconds
Concatenating /scratch/rohlfslab/abierly2/LongTR/longTR_pipeline_NA12878/NA12878.chr16.vcf.gz	0.761176 seconds
Concatenating /scratch/rohlfslab/abierly2/LongTR/longTR_pipeline_NA12878/NA12878.chr17.vcf.gz	0.792449 seconds
Concatenating /scratch/rohlfslab/abierly2/LongTR/longTR_pipeline_NA12878/NA12878.chr18.vcf.gz	0.584816 seconds
Concatenating /scratch/rohlfslab/abierly2/LongTR/longTR_pipeline_NA12878/NA12878.chr19.vcf.gz	0.664524 seconds
Concatenating /scratch/rohlfslab/abierly2/LongTR/longTR_pipeline_NA12878/NA12878.chr1.vcf.gz	2.080788 seconds
Concatenating /scratch/rohlfslab/abierly2/LongTR/longTR_pipeline_NA12878/NA12878.chr20.vcf.gz	0.503401 seconds
Concatenating /scratch/rohlfslab/abierly2/LongTR/longTR_pipeline_NA12878/NA12878.chr21.vcf.gz	0.286817 seconds
Concatenating /scratch/rohlfslab/abierly2/LongTR/longTR_pipeline_NA12878/NA12878.chr22.vcf.gz	0.345623 seconds
Concatenating /scratch/rohlfslab/abierly2/LongTR/longTR_pipeline_NA12878/NA12878.chr2.vcf.gz	2.076820 seconds
Concatenating /scratch/rohlfslab/abierly2/LongTR/longTR_pipeline_NA12878/NA12878.chr3.vcf.gz	1.674654 seconds
Concatenating /scratch/rohlfslab/abierly2/LongTR/longTR_pipeline_NA12878/NA12878.chr4.vcf.gz	1.567624 seconds
Concatenating /scratch/rohlfslab/abierly2/LongTR/longTR_pipeline_NA12878/NA12878.chr5.vcf.gz	1.501858 seconds
Concatenating /scratch/rohlfslab/abierly2/LongTR/longTR_pipeline_NA12878/NA12878.chr6.vcf.gz	1.438754 seconds
Concatenating /scratch/rohlfslab/abierly2/LongTR/longTR_pipeline_NA12878/NA12878.chr7.vcf.gz	1.396414 seconds
Concatenating /scratch/rohlfslab/abierly2/LongTR/longTR_pipeline_NA12878/NA12878.chr8.vcf.gz	1.201442 seconds
Concatenating /scratch/rohlfslab/abierly2/LongTR/longTR_pipeline_NA12878/NA12878.chr9.vcf.gz	1.028105 seconds
Concatenating /scratch/rohlfslab/abierly2/LongTR/longTR_pipeline_NA12878/NA12878.chrM.vcf.gz	0.002140 seconds
Concatenating /scratch/rohlfslab/abierly2/LongTR/longTR_pipeline_NA12878/NA12878.chrX.vcf.gz	1.241366 seconds
Concatenating /scratch/rohlfslab/abierly2/LongTR/longTR_pipeline_NA12878/NA12878.chrY.vcf.gz	0.000392 seconds
