Checking the headers and starting positions of 25 files
Concatenating /scratch/rohlfslab/abierly2/LongTR/longTR_pipeline_HG02224/HG02224.chr10.vcf.gz	1.211492 seconds
Concatenating /scratch/rohlfslab/abierly2/LongTR/longTR_pipeline_HG02224/HG02224.chr11.vcf.gz	1.161220 seconds
Concatenating /scratch/rohlfslab/abierly2/LongTR/longTR_pipeline_HG02224/HG02224.chr12.vcf.gz	1.229713 seconds
Concatenating /scratch/rohlfslab/abierly2/LongTR/longTR_pipeline_HG02224/HG02224.chr13.vcf.gz	0.851562 seconds
Concatenating /scratch/rohlfslab/abierly2/LongTR/longTR_pipeline_HG02224/HG02224.chr14.vcf.gz	0.803321 seconds
Concatenating /scratch/rohlfslab/abierly2/LongTR/longTR_pipeline_HG02224/HG02224.chr15.vcf.gz	0.750754 seconds
Concatenating /scratch/rohlfslab/abierly2/LongTR/longTR_pipeline_HG02224/HG02224.chr16.vcf.gz	0.780483 seconds
Concatenating /scratch/rohlfslab/abierly2/LongTR/longTR_pipeline_HG02224/HG02224.chr17.vcf.gz	0.818114 seconds
Concatenating /scratch/rohlfslab/abierly2/LongTR/longTR_pipeline_HG02224/HG02224.chr18.vcf.gz	0.609258 seconds
Concatenating /scratch/rohlfslab/abierly2/LongTR/longTR_pipeline_HG02224/HG02224.chr19.vcf.gz	0.679121 seconds
Concatenating /scratch/rohlfslab/abierly2/LongTR/longTR_pipeline_HG02224/HG02224.chr1.vcf.gz	2.160328 seconds
Concatenating /scratch/rohlfslab/abierly2/LongTR/longTR_pipeline_HG02224/HG02224.chr20.vcf.gz	0.511427 seconds
Concatenating /scratch/rohlfslab/abierly2/LongTR/longTR_pipeline_HG02224/HG02224.chr21.vcf.gz	0.295719 seconds
Concatenating /scratch/rohlfslab/abierly2/LongTR/longTR_pipeline_HG02224/HG02224.chr22.vcf.gz	0.359893 seconds
Concatenating /scratch/rohlfslab/abierly2/LongTR/longTR_pipeline_HG02224/HG02224.chr2.vcf.gz	2.163057 seconds
Concatenating /scratch/rohlfslab/abierly2/LongTR/longTR_pipeline_HG02224/HG02224.chr3.vcf.gz	1.732053 seconds
Concatenating /scratch/rohlfslab/abierly2/LongTR/longTR_pipeline_HG02224/HG02224.chr4.vcf.gz	1.660904 seconds
Concatenating /scratch/rohlfslab/abierly2/LongTR/longTR_pipeline_HG02224/HG02224.chr5.vcf.gz	1.569891 seconds
Concatenating /scratch/rohlfslab/abierly2/LongTR/longTR_pipeline_HG02224/HG02224.chr6.vcf.gz	1.509093 seconds
Concatenating /scratch/rohlfslab/abierly2/LongTR/longTR_pipeline_HG02224/HG02224.chr7.vcf.gz	1.449497 seconds
Concatenating /scratch/rohlfslab/abierly2/LongTR/longTR_pipeline_HG02224/HG02224.chr8.vcf.gz	1.251886 seconds
Concatenating /scratch/rohlfslab/abierly2/LongTR/longTR_pipeline_HG02224/HG02224.chr9.vcf.gz	1.062428 seconds
Concatenating /scratch/rohlfslab/abierly2/LongTR/longTR_pipeline_HG02224/HG02224.chrM.vcf.gz	0.000456 seconds
Concatenating /scratch/rohlfslab/abierly2/LongTR/longTR_pipeline_HG02224/HG02224.chrX.vcf.gz	0.494467 seconds
Concatenating /scratch/rohlfslab/abierly2/LongTR/longTR_pipeline_HG02224/HG02224.chrY.vcf.gz	0.024742 seconds
