Checking the headers and starting positions of 25 files
Concatenating /scratch/rohlfslab/abierly2/LongTR/longTR_pipeline_NA20503/NA20503.chr10.vcf.gz	1.084215 seconds
Concatenating /scratch/rohlfslab/abierly2/LongTR/longTR_pipeline_NA20503/NA20503.chr11.vcf.gz	1.033729 seconds
Concatenating /scratch/rohlfslab/abierly2/LongTR/longTR_pipeline_NA20503/NA20503.chr12.vcf.gz	1.105278 seconds
Concatenating /scratch/rohlfslab/abierly2/LongTR/longTR_pipeline_NA20503/NA20503.chr13.vcf.gz	0.743251 seconds
Concatenating /scratch/rohlfslab/abierly2/LongTR/longTR_pipeline_NA20503/NA20503.chr14.vcf.gz	0.721080 seconds
Concatenating /scratch/rohlfslab/abierly2/LongTR/longTR_pipeline_NA20503/NA20503.chr15.vcf.gz	0.674698 seconds
Concatenating /scratch/rohlfslab/abierly2/LongTR/longTR_pipeline_NA20503/NA20503.chr16.vcf.gz	0.707064 seconds
Concatenating /scratch/rohlfslab/abierly2/LongTR/longTR_pipeline_NA20503/NA20503.chr17.vcf.gz	0.741514 seconds
Concatenating /scratch/rohlfslab/abierly2/LongTR/longTR_pipeline_NA20503/NA20503.chr18.vcf.gz	0.538668 seconds
Concatenating /scratch/rohlfslab/abierly2/LongTR/longTR_pipeline_NA20503/NA20503.chr19.vcf.gz	0.608660 seconds
Concatenating /scratch/rohlfslab/abierly2/LongTR/longTR_pipeline_NA20503/NA20503.chr1.vcf.gz	1.947005 seconds
Concatenating /scratch/rohlfslab/abierly2/LongTR/longTR_pipeline_NA20503/NA20503.chr20.vcf.gz	0.461180 seconds
Concatenating /scratch/rohlfslab/abierly2/LongTR/longTR_pipeline_NA20503/NA20503.chr21.vcf.gz	0.264694 seconds
Concatenating /scratch/rohlfslab/abierly2/LongTR/longTR_pipeline_NA20503/NA20503.chr22.vcf.gz	0.320819 seconds
Concatenating /scratch/rohlfslab/abierly2/LongTR/longTR_pipeline_NA20503/NA20503.chr2.vcf.gz	1.926038 seconds
Concatenating /scratch/rohlfslab/abierly2/LongTR/longTR_pipeline_NA20503/NA20503.chr3.vcf.gz	1.559827 seconds
Concatenating /scratch/rohlfslab/abierly2/LongTR/longTR_pipeline_NA20503/NA20503.chr4.vcf.gz	1.458784 seconds
Concatenating /scratch/rohlfslab/abierly2/LongTR/longTR_pipeline_NA20503/NA20503.chr5.vcf.gz	1.396359 seconds
Concatenating /scratch/rohlfslab/abierly2/LongTR/longTR_pipeline_NA20503/NA20503.chr6.vcf.gz	1.353974 seconds
Concatenating /scratch/rohlfslab/abierly2/LongTR/longTR_pipeline_NA20503/NA20503.chr7.vcf.gz	1.293229 seconds
Concatenating /scratch/rohlfslab/abierly2/LongTR/longTR_pipeline_NA20503/NA20503.chr8.vcf.gz	1.112938 seconds
Concatenating /scratch/rohlfslab/abierly2/LongTR/longTR_pipeline_NA20503/NA20503.chr9.vcf.gz	0.951346 seconds
Concatenating /scratch/rohlfslab/abierly2/LongTR/longTR_pipeline_NA20503/NA20503.chrM.vcf.gz	0.000318 seconds
Concatenating /scratch/rohlfslab/abierly2/LongTR/longTR_pipeline_NA20503/NA20503.chrX.vcf.gz	1.145618 seconds
Concatenating /scratch/rohlfslab/abierly2/LongTR/longTR_pipeline_NA20503/NA20503.chrY.vcf.gz	0.000359 seconds
