Checking the headers and starting positions of 25 files
Concatenating /scratch/rohlfslab/abierly2/LongTR/longTR_pipeline_HG01851/HG01851.chr10.vcf.gz	1.211972 seconds
Concatenating /scratch/rohlfslab/abierly2/LongTR/longTR_pipeline_HG01851/HG01851.chr11.vcf.gz	1.149315 seconds
Concatenating /scratch/rohlfslab/abierly2/LongTR/longTR_pipeline_HG01851/HG01851.chr12.vcf.gz	1.222739 seconds
Concatenating /scratch/rohlfslab/abierly2/LongTR/longTR_pipeline_HG01851/HG01851.chr13.vcf.gz	0.835407 seconds
Concatenating /scratch/rohlfslab/abierly2/LongTR/longTR_pipeline_HG01851/HG01851.chr14.vcf.gz	0.800252 seconds
Concatenating /scratch/rohlfslab/abierly2/LongTR/longTR_pipeline_HG01851/HG01851.chr15.vcf.gz	0.748655 seconds
Concatenating /scratch/rohlfslab/abierly2/LongTR/longTR_pipeline_HG01851/HG01851.chr16.vcf.gz	0.784654 seconds
Concatenating /scratch/rohlfslab/abierly2/LongTR/longTR_pipeline_HG01851/HG01851.chr17.vcf.gz	0.828210 seconds
Concatenating /scratch/rohlfslab/abierly2/LongTR/longTR_pipeline_HG01851/HG01851.chr18.vcf.gz	0.611509 seconds
Concatenating /scratch/rohlfslab/abierly2/LongTR/longTR_pipeline_HG01851/HG01851.chr19.vcf.gz	0.686590 seconds
Concatenating /scratch/rohlfslab/abierly2/LongTR/longTR_pipeline_HG01851/HG01851.chr1.vcf.gz	2.157915 seconds
Concatenating /scratch/rohlfslab/abierly2/LongTR/longTR_pipeline_HG01851/HG01851.chr20.vcf.gz	0.513291 seconds
Concatenating /scratch/rohlfslab/abierly2/LongTR/longTR_pipeline_HG01851/HG01851.chr21.vcf.gz	0.294837 seconds
Concatenating /scratch/rohlfslab/abierly2/LongTR/longTR_pipeline_HG01851/HG01851.chr22.vcf.gz	0.360082 seconds
Concatenating /scratch/rohlfslab/abierly2/LongTR/longTR_pipeline_HG01851/HG01851.chr2.vcf.gz	2.163283 seconds
Concatenating /scratch/rohlfslab/abierly2/LongTR/longTR_pipeline_HG01851/HG01851.chr3.vcf.gz	1.730064 seconds
Concatenating /scratch/rohlfslab/abierly2/LongTR/longTR_pipeline_HG01851/HG01851.chr4.vcf.gz	1.633594 seconds
Concatenating /scratch/rohlfslab/abierly2/LongTR/longTR_pipeline_HG01851/HG01851.chr5.vcf.gz	1.554064 seconds
Concatenating /scratch/rohlfslab/abierly2/LongTR/longTR_pipeline_HG01851/HG01851.chr6.vcf.gz	1.505440 seconds
Concatenating /scratch/rohlfslab/abierly2/LongTR/longTR_pipeline_HG01851/HG01851.chr7.vcf.gz	1.449503 seconds
Concatenating /scratch/rohlfslab/abierly2/LongTR/longTR_pipeline_HG01851/HG01851.chr8.vcf.gz	1.252123 seconds
Concatenating /scratch/rohlfslab/abierly2/LongTR/longTR_pipeline_HG01851/HG01851.chr9.vcf.gz	1.070163 seconds
Concatenating /scratch/rohlfslab/abierly2/LongTR/longTR_pipeline_HG01851/HG01851.chrM.vcf.gz	0.000303 seconds
Concatenating /scratch/rohlfslab/abierly2/LongTR/longTR_pipeline_HG01851/HG01851.chrX.vcf.gz	1.286516 seconds
Concatenating /scratch/rohlfslab/abierly2/LongTR/longTR_pipeline_HG01851/HG01851.chrY.vcf.gz	0.000298 seconds
