Checking the headers and starting positions of 25 files
Concatenating /scratch/rohlfslab/abierly2/LongTR/longTR_pipeline_HG00472/HG00472.chr10.vcf.gz	1.259077 seconds
Concatenating /scratch/rohlfslab/abierly2/LongTR/longTR_pipeline_HG00472/HG00472.chr11.vcf.gz	1.201009 seconds
Concatenating /scratch/rohlfslab/abierly2/LongTR/longTR_pipeline_HG00472/HG00472.chr12.vcf.gz	1.275351 seconds
Concatenating /scratch/rohlfslab/abierly2/LongTR/longTR_pipeline_HG00472/HG00472.chr13.vcf.gz	0.878650 seconds
Concatenating /scratch/rohlfslab/abierly2/LongTR/longTR_pipeline_HG00472/HG00472.chr14.vcf.gz	0.841396 seconds
Concatenating /scratch/rohlfslab/abierly2/LongTR/longTR_pipeline_HG00472/HG00472.chr15.vcf.gz	0.799600 seconds
Concatenating /scratch/rohlfslab/abierly2/LongTR/longTR_pipeline_HG00472/HG00472.chr16.vcf.gz	0.837841 seconds
Concatenating /scratch/rohlfslab/abierly2/LongTR/longTR_pipeline_HG00472/HG00472.chr17.vcf.gz	0.857918 seconds
Concatenating /scratch/rohlfslab/abierly2/LongTR/longTR_pipeline_HG00472/HG00472.chr18.vcf.gz	0.641173 seconds
Concatenating /scratch/rohlfslab/abierly2/LongTR/longTR_pipeline_HG00472/HG00472.chr19.vcf.gz	0.725669 seconds
Concatenating /scratch/rohlfslab/abierly2/LongTR/longTR_pipeline_HG00472/HG00472.chr1.vcf.gz	2.276047 seconds
Concatenating /scratch/rohlfslab/abierly2/LongTR/longTR_pipeline_HG00472/HG00472.chr20.vcf.gz	0.535634 seconds
Concatenating /scratch/rohlfslab/abierly2/LongTR/longTR_pipeline_HG00472/HG00472.chr21.vcf.gz	0.310723 seconds
Concatenating /scratch/rohlfslab/abierly2/LongTR/longTR_pipeline_HG00472/HG00472.chr22.vcf.gz	0.372918 seconds
Concatenating /scratch/rohlfslab/abierly2/LongTR/longTR_pipeline_HG00472/HG00472.chr2.vcf.gz	2.265448 seconds
Concatenating /scratch/rohlfslab/abierly2/LongTR/longTR_pipeline_HG00472/HG00472.chr3.vcf.gz	1.822079 seconds
Concatenating /scratch/rohlfslab/abierly2/LongTR/longTR_pipeline_HG00472/HG00472.chr4.vcf.gz	1.775307 seconds
Concatenating /scratch/rohlfslab/abierly2/LongTR/longTR_pipeline_HG00472/HG00472.chr5.vcf.gz	1.638218 seconds
Concatenating /scratch/rohlfslab/abierly2/LongTR/longTR_pipeline_HG00472/HG00472.chr6.vcf.gz	1.566466 seconds
Concatenating /scratch/rohlfslab/abierly2/LongTR/longTR_pipeline_HG00472/HG00472.chr7.vcf.gz	1.527941 seconds
Concatenating /scratch/rohlfslab/abierly2/LongTR/longTR_pipeline_HG00472/HG00472.chr8.vcf.gz	1.308074 seconds
Concatenating /scratch/rohlfslab/abierly2/LongTR/longTR_pipeline_HG00472/HG00472.chr9.vcf.gz	1.109689 seconds
Concatenating /scratch/rohlfslab/abierly2/LongTR/longTR_pipeline_HG00472/HG00472.chrM.vcf.gz	0.000307 seconds
Concatenating /scratch/rohlfslab/abierly2/LongTR/longTR_pipeline_HG00472/HG00472.chrX.vcf.gz	1.273202 seconds
Concatenating /scratch/rohlfslab/abierly2/LongTR/longTR_pipeline_HG00472/HG00472.chrY.vcf.gz	0.067253 seconds
