Checking the headers and starting positions of 25 files
Concatenating /scratch/rohlfslab/abierly2/LongTR/longTR_pipeline_HG03947/HG03947.chr10.vcf.gz	0.588806 seconds
Concatenating /scratch/rohlfslab/abierly2/LongTR/longTR_pipeline_HG03947/HG03947.chr11.vcf.gz	0.576126 seconds
Concatenating /scratch/rohlfslab/abierly2/LongTR/longTR_pipeline_HG03947/HG03947.chr12.vcf.gz	0.597384 seconds
Concatenating /scratch/rohlfslab/abierly2/LongTR/longTR_pipeline_HG03947/HG03947.chr13.vcf.gz	0.383805 seconds
Concatenating /scratch/rohlfslab/abierly2/LongTR/longTR_pipeline_HG03947/HG03947.chr14.vcf.gz	0.398422 seconds
Concatenating /scratch/rohlfslab/abierly2/LongTR/longTR_pipeline_HG03947/HG03947.chr15.vcf.gz	0.381904 seconds
Concatenating /scratch/rohlfslab/abierly2/LongTR/longTR_pipeline_HG03947/HG03947.chr16.vcf.gz	0.399372 seconds
Concatenating /scratch/rohlfslab/abierly2/LongTR/longTR_pipeline_HG03947/HG03947.chr17.vcf.gz	0.426741 seconds
Concatenating /scratch/rohlfslab/abierly2/LongTR/longTR_pipeline_HG03947/HG03947.chr18.vcf.gz	0.288024 seconds
Concatenating /scratch/rohlfslab/abierly2/LongTR/longTR_pipeline_HG03947/HG03947.chr19.vcf.gz	0.366173 seconds
Concatenating /scratch/rohlfslab/abierly2/LongTR/longTR_pipeline_HG03947/HG03947.chr1.vcf.gz	1.072290 seconds
Concatenating /scratch/rohlfslab/abierly2/LongTR/longTR_pipeline_HG03947/HG03947.chr20.vcf.gz	0.252427 seconds
Concatenating /scratch/rohlfslab/abierly2/LongTR/longTR_pipeline_HG03947/HG03947.chr21.vcf.gz	0.141971 seconds
Concatenating /scratch/rohlfslab/abierly2/LongTR/longTR_pipeline_HG03947/HG03947.chr22.vcf.gz	0.189656 seconds
Concatenating /scratch/rohlfslab/abierly2/LongTR/longTR_pipeline_HG03947/HG03947.chr2.vcf.gz	1.035010 seconds
Concatenating /scratch/rohlfslab/abierly2/LongTR/longTR_pipeline_HG03947/HG03947.chr3.vcf.gz	0.813539 seconds
Concatenating /scratch/rohlfslab/abierly2/LongTR/longTR_pipeline_HG03947/HG03947.chr4.vcf.gz	0.746318 seconds
Concatenating /scratch/rohlfslab/abierly2/LongTR/longTR_pipeline_HG03947/HG03947.chr5.vcf.gz	0.742313 seconds
Concatenating /scratch/rohlfslab/abierly2/LongTR/longTR_pipeline_HG03947/HG03947.chr6.vcf.gz	0.708249 seconds
Concatenating /scratch/rohlfslab/abierly2/LongTR/longTR_pipeline_HG03947/HG03947.chr7.vcf.gz	0.692696 seconds
Concatenating /scratch/rohlfslab/abierly2/LongTR/longTR_pipeline_HG03947/HG03947.chr8.vcf.gz	0.605706 seconds
Concatenating /scratch/rohlfslab/abierly2/LongTR/longTR_pipeline_HG03947/HG03947.chr9.vcf.gz	0.526935 seconds
Concatenating /scratch/rohlfslab/abierly2/LongTR/longTR_pipeline_HG03947/HG03947.chrM.vcf.gz	0.000300 seconds
Concatenating /scratch/rohlfslab/abierly2/LongTR/longTR_pipeline_HG03947/HG03947.chrX.vcf.gz	0.592069 seconds
Concatenating /scratch/rohlfslab/abierly2/LongTR/longTR_pipeline_HG03947/HG03947.chrY.vcf.gz	0.000294 seconds
