Checking the headers and starting positions of 25 files
Concatenating /scratch/rohlfslab/abierly2/LongTR/longTR_pipeline_HG01630/HG01630.chr10.vcf.gz	0.954436 seconds
Concatenating /scratch/rohlfslab/abierly2/LongTR/longTR_pipeline_HG01630/HG01630.chr11.vcf.gz	0.898136 seconds
Concatenating /scratch/rohlfslab/abierly2/LongTR/longTR_pipeline_HG01630/HG01630.chr12.vcf.gz	0.979781 seconds
Concatenating /scratch/rohlfslab/abierly2/LongTR/longTR_pipeline_HG01630/HG01630.chr13.vcf.gz	0.662839 seconds
Concatenating /scratch/rohlfslab/abierly2/LongTR/longTR_pipeline_HG01630/HG01630.chr14.vcf.gz	0.638966 seconds
Concatenating /scratch/rohlfslab/abierly2/LongTR/longTR_pipeline_HG01630/HG01630.chr15.vcf.gz	0.592827 seconds
Concatenating /scratch/rohlfslab/abierly2/LongTR/longTR_pipeline_HG01630/HG01630.chr16.vcf.gz	0.606346 seconds
Concatenating /scratch/rohlfslab/abierly2/LongTR/longTR_pipeline_HG01630/HG01630.chr17.vcf.gz	0.620005 seconds
Concatenating /scratch/rohlfslab/abierly2/LongTR/longTR_pipeline_HG01630/HG01630.chr18.vcf.gz	0.489528 seconds
Concatenating /scratch/rohlfslab/abierly2/LongTR/longTR_pipeline_HG01630/HG01630.chr19.vcf.gz	0.472407 seconds
Concatenating /scratch/rohlfslab/abierly2/LongTR/longTR_pipeline_HG01630/HG01630.chr1.vcf.gz	1.681275 seconds
Concatenating /scratch/rohlfslab/abierly2/LongTR/longTR_pipeline_HG01630/HG01630.chr20.vcf.gz	0.390912 seconds
Concatenating /scratch/rohlfslab/abierly2/LongTR/longTR_pipeline_HG01630/HG01630.chr21.vcf.gz	0.227575 seconds
Concatenating /scratch/rohlfslab/abierly2/LongTR/longTR_pipeline_HG01630/HG01630.chr22.vcf.gz	0.264724 seconds
Concatenating /scratch/rohlfslab/abierly2/LongTR/longTR_pipeline_HG01630/HG01630.chr2.vcf.gz	1.721292 seconds
Concatenating /scratch/rohlfslab/abierly2/LongTR/longTR_pipeline_HG01630/HG01630.chr3.vcf.gz	1.369003 seconds
Concatenating /scratch/rohlfslab/abierly2/LongTR/longTR_pipeline_HG01630/HG01630.chr4.vcf.gz	1.310997 seconds
Concatenating /scratch/rohlfslab/abierly2/LongTR/longTR_pipeline_HG01630/HG01630.chr5.vcf.gz	1.253193 seconds
Concatenating /scratch/rohlfslab/abierly2/LongTR/longTR_pipeline_HG01630/HG01630.chr6.vcf.gz	1.206878 seconds
Concatenating /scratch/rohlfslab/abierly2/LongTR/longTR_pipeline_HG01630/HG01630.chr7.vcf.gz	1.147612 seconds
Concatenating /scratch/rohlfslab/abierly2/LongTR/longTR_pipeline_HG01630/HG01630.chr8.vcf.gz	0.986801 seconds
Concatenating /scratch/rohlfslab/abierly2/LongTR/longTR_pipeline_HG01630/HG01630.chr9.vcf.gz	0.814411 seconds
Concatenating /scratch/rohlfslab/abierly2/LongTR/longTR_pipeline_HG01630/HG01630.chrM.vcf.gz	0.000315 seconds
Concatenating /scratch/rohlfslab/abierly2/LongTR/longTR_pipeline_HG01630/HG01630.chrX.vcf.gz	0.179230 seconds
Concatenating /scratch/rohlfslab/abierly2/LongTR/longTR_pipeline_HG01630/HG01630.chrY.vcf.gz	0.006565 seconds
