Checking the headers and starting positions of 25 files
Concatenating /scratch/rohlfslab/abierly2/LongTR/longTR_pipeline_NA18552/NA18552.chr10.vcf.gz	0.837323 seconds
Concatenating /scratch/rohlfslab/abierly2/LongTR/longTR_pipeline_NA18552/NA18552.chr11.vcf.gz	0.800436 seconds
Concatenating /scratch/rohlfslab/abierly2/LongTR/longTR_pipeline_NA18552/NA18552.chr12.vcf.gz	0.840882 seconds
Concatenating /scratch/rohlfslab/abierly2/LongTR/longTR_pipeline_NA18552/NA18552.chr13.vcf.gz	0.538630 seconds
Concatenating /scratch/rohlfslab/abierly2/LongTR/longTR_pipeline_NA18552/NA18552.chr14.vcf.gz	0.559396 seconds
Concatenating /scratch/rohlfslab/abierly2/LongTR/longTR_pipeline_NA18552/NA18552.chr15.vcf.gz	0.532211 seconds
Concatenating /scratch/rohlfslab/abierly2/LongTR/longTR_pipeline_NA18552/NA18552.chr16.vcf.gz	0.568757 seconds
Concatenating /scratch/rohlfslab/abierly2/LongTR/longTR_pipeline_NA18552/NA18552.chr17.vcf.gz	0.601345 seconds
Concatenating /scratch/rohlfslab/abierly2/LongTR/longTR_pipeline_NA18552/NA18552.chr18.vcf.gz	0.406255 seconds
Concatenating /scratch/rohlfslab/abierly2/LongTR/longTR_pipeline_NA18552/NA18552.chr19.vcf.gz	0.526282 seconds
Concatenating /scratch/rohlfslab/abierly2/LongTR/longTR_pipeline_NA18552/NA18552.chr1.vcf.gz	1.512183 seconds
Concatenating /scratch/rohlfslab/abierly2/LongTR/longTR_pipeline_NA18552/NA18552.chr20.vcf.gz	0.371737 seconds
Concatenating /scratch/rohlfslab/abierly2/LongTR/longTR_pipeline_NA18552/NA18552.chr21.vcf.gz	0.202174 seconds
Concatenating /scratch/rohlfslab/abierly2/LongTR/longTR_pipeline_NA18552/NA18552.chr22.vcf.gz	0.260846 seconds
Concatenating /scratch/rohlfslab/abierly2/LongTR/longTR_pipeline_NA18552/NA18552.chr2.vcf.gz	1.470899 seconds
Concatenating /scratch/rohlfslab/abierly2/LongTR/longTR_pipeline_NA18552/NA18552.chr3.vcf.gz	1.167253 seconds
Concatenating /scratch/rohlfslab/abierly2/LongTR/longTR_pipeline_NA18552/NA18552.chr4.vcf.gz	1.057613 seconds
Concatenating /scratch/rohlfslab/abierly2/LongTR/longTR_pipeline_NA18552/NA18552.chr5.vcf.gz	1.034726 seconds
Concatenating /scratch/rohlfslab/abierly2/LongTR/longTR_pipeline_NA18552/NA18552.chr6.vcf.gz	1.030153 seconds
Concatenating /scratch/rohlfslab/abierly2/LongTR/longTR_pipeline_NA18552/NA18552.chr7.vcf.gz	0.986511 seconds
Concatenating /scratch/rohlfslab/abierly2/LongTR/longTR_pipeline_NA18552/NA18552.chr8.vcf.gz	0.849372 seconds
Concatenating /scratch/rohlfslab/abierly2/LongTR/longTR_pipeline_NA18552/NA18552.chr9.vcf.gz	0.730461 seconds
Concatenating /scratch/rohlfslab/abierly2/LongTR/longTR_pipeline_NA18552/NA18552.chrM.vcf.gz	0.000305 seconds
Concatenating /scratch/rohlfslab/abierly2/LongTR/longTR_pipeline_NA18552/NA18552.chrX.vcf.gz	0.838896 seconds
Concatenating /scratch/rohlfslab/abierly2/LongTR/longTR_pipeline_NA18552/NA18552.chrY.vcf.gz	0.000291 seconds
