Checking the headers and starting positions of 25 files
Concatenating /scratch/rohlfslab/abierly2/LongTR/longTR_pipeline_HG02058/HG02058.chr10.vcf.gz	1.124238 seconds
Concatenating /scratch/rohlfslab/abierly2/LongTR/longTR_pipeline_HG02058/HG02058.chr11.vcf.gz	1.078483 seconds
Concatenating /scratch/rohlfslab/abierly2/LongTR/longTR_pipeline_HG02058/HG02058.chr12.vcf.gz	1.157427 seconds
Concatenating /scratch/rohlfslab/abierly2/LongTR/longTR_pipeline_HG02058/HG02058.chr13.vcf.gz	0.781349 seconds
Concatenating /scratch/rohlfslab/abierly2/LongTR/longTR_pipeline_HG02058/HG02058.chr14.vcf.gz	0.750408 seconds
Concatenating /scratch/rohlfslab/abierly2/LongTR/longTR_pipeline_HG02058/HG02058.chr15.vcf.gz	0.701161 seconds
Concatenating /scratch/rohlfslab/abierly2/LongTR/longTR_pipeline_HG02058/HG02058.chr16.vcf.gz	0.725923 seconds
Concatenating /scratch/rohlfslab/abierly2/LongTR/longTR_pipeline_HG02058/HG02058.chr17.vcf.gz	0.764318 seconds
Concatenating /scratch/rohlfslab/abierly2/LongTR/longTR_pipeline_HG02058/HG02058.chr18.vcf.gz	0.567119 seconds
Concatenating /scratch/rohlfslab/abierly2/LongTR/longTR_pipeline_HG02058/HG02058.chr19.vcf.gz	0.635840 seconds
Concatenating /scratch/rohlfslab/abierly2/LongTR/longTR_pipeline_HG02058/HG02058.chr1.vcf.gz	2.024461 seconds
Concatenating /scratch/rohlfslab/abierly2/LongTR/longTR_pipeline_HG02058/HG02058.chr20.vcf.gz	0.475439 seconds
Concatenating /scratch/rohlfslab/abierly2/LongTR/longTR_pipeline_HG02058/HG02058.chr21.vcf.gz	0.278306 seconds
Concatenating /scratch/rohlfslab/abierly2/LongTR/longTR_pipeline_HG02058/HG02058.chr22.vcf.gz	0.325836 seconds
Concatenating /scratch/rohlfslab/abierly2/LongTR/longTR_pipeline_HG02058/HG02058.chr2.vcf.gz	2.006261 seconds
Concatenating /scratch/rohlfslab/abierly2/LongTR/longTR_pipeline_HG02058/HG02058.chr3.vcf.gz	1.606953 seconds
Concatenating /scratch/rohlfslab/abierly2/LongTR/longTR_pipeline_HG02058/HG02058.chr4.vcf.gz	1.533899 seconds
Concatenating /scratch/rohlfslab/abierly2/LongTR/longTR_pipeline_HG02058/HG02058.chr5.vcf.gz	1.454771 seconds
Concatenating /scratch/rohlfslab/abierly2/LongTR/longTR_pipeline_HG02058/HG02058.chr6.vcf.gz	1.407687 seconds
Concatenating /scratch/rohlfslab/abierly2/LongTR/longTR_pipeline_HG02058/HG02058.chr7.vcf.gz	1.383338 seconds
Concatenating /scratch/rohlfslab/abierly2/LongTR/longTR_pipeline_HG02058/HG02058.chr8.vcf.gz	1.162764 seconds
Concatenating /scratch/rohlfslab/abierly2/LongTR/longTR_pipeline_HG02058/HG02058.chr9.vcf.gz	0.995063 seconds
Concatenating /scratch/rohlfslab/abierly2/LongTR/longTR_pipeline_HG02058/HG02058.chrM.vcf.gz	0.000343 seconds
Concatenating /scratch/rohlfslab/abierly2/LongTR/longTR_pipeline_HG02058/HG02058.chrX.vcf.gz	0.285817 seconds
Concatenating /scratch/rohlfslab/abierly2/LongTR/longTR_pipeline_HG02058/HG02058.chrY.vcf.gz	0.024859 seconds
