Checking the headers and starting positions of 25 files
Concatenating /scratch/rohlfslab/abierly2/LongTR/longTR_pipeline_HG00583/HG00583.chr10.vcf.gz	1.220741 seconds
Concatenating /scratch/rohlfslab/abierly2/LongTR/longTR_pipeline_HG00583/HG00583.chr11.vcf.gz	1.163172 seconds
Concatenating /scratch/rohlfslab/abierly2/LongTR/longTR_pipeline_HG00583/HG00583.chr12.vcf.gz	1.228773 seconds
Concatenating /scratch/rohlfslab/abierly2/LongTR/longTR_pipeline_HG00583/HG00583.chr13.vcf.gz	0.846140 seconds
Concatenating /scratch/rohlfslab/abierly2/LongTR/longTR_pipeline_HG00583/HG00583.chr14.vcf.gz	0.802796 seconds
Concatenating /scratch/rohlfslab/abierly2/LongTR/longTR_pipeline_HG00583/HG00583.chr15.vcf.gz	0.754480 seconds
Concatenating /scratch/rohlfslab/abierly2/LongTR/longTR_pipeline_HG00583/HG00583.chr16.vcf.gz	0.781268 seconds
Concatenating /scratch/rohlfslab/abierly2/LongTR/longTR_pipeline_HG00583/HG00583.chr17.vcf.gz	0.815484 seconds
Concatenating /scratch/rohlfslab/abierly2/LongTR/longTR_pipeline_HG00583/HG00583.chr18.vcf.gz	0.610837 seconds
Concatenating /scratch/rohlfslab/abierly2/LongTR/longTR_pipeline_HG00583/HG00583.chr19.vcf.gz	0.668162 seconds
Concatenating /scratch/rohlfslab/abierly2/LongTR/longTR_pipeline_HG00583/HG00583.chr1.vcf.gz	2.157058 seconds
Concatenating /scratch/rohlfslab/abierly2/LongTR/longTR_pipeline_HG00583/HG00583.chr20.vcf.gz	0.508197 seconds
Concatenating /scratch/rohlfslab/abierly2/LongTR/longTR_pipeline_HG00583/HG00583.chr21.vcf.gz	0.294658 seconds
Concatenating /scratch/rohlfslab/abierly2/LongTR/longTR_pipeline_HG00583/HG00583.chr22.vcf.gz	0.353805 seconds
Concatenating /scratch/rohlfslab/abierly2/LongTR/longTR_pipeline_HG00583/HG00583.chr2.vcf.gz	2.165791 seconds
Concatenating /scratch/rohlfslab/abierly2/LongTR/longTR_pipeline_HG00583/HG00583.chr3.vcf.gz	1.745795 seconds
Concatenating /scratch/rohlfslab/abierly2/LongTR/longTR_pipeline_HG00583/HG00583.chr4.vcf.gz	1.678395 seconds
Concatenating /scratch/rohlfslab/abierly2/LongTR/longTR_pipeline_HG00583/HG00583.chr5.vcf.gz	1.564451 seconds
Concatenating /scratch/rohlfslab/abierly2/LongTR/longTR_pipeline_HG00583/HG00583.chr6.vcf.gz	1.504896 seconds
Concatenating /scratch/rohlfslab/abierly2/LongTR/longTR_pipeline_HG00583/HG00583.chr7.vcf.gz	1.453159 seconds
Concatenating /scratch/rohlfslab/abierly2/LongTR/longTR_pipeline_HG00583/HG00583.chr8.vcf.gz	1.261088 seconds
Concatenating /scratch/rohlfslab/abierly2/LongTR/longTR_pipeline_HG00583/HG00583.chr9.vcf.gz	1.064557 seconds
Concatenating /scratch/rohlfslab/abierly2/LongTR/longTR_pipeline_HG00583/HG00583.chrM.vcf.gz	0.002136 seconds
Concatenating /scratch/rohlfslab/abierly2/LongTR/longTR_pipeline_HG00583/HG00583.chrX.vcf.gz	0.738012 seconds
Concatenating /scratch/rohlfslab/abierly2/LongTR/longTR_pipeline_HG00583/HG00583.chrY.vcf.gz	0.040058 seconds
