Checking the headers and starting positions of 25 files
Concatenating /scratch/rohlfslab/abierly2/LongTR/longTR_pipeline_NA10839/NA10839.chr10.vcf.gz	0.917431 seconds
Concatenating /scratch/rohlfslab/abierly2/LongTR/longTR_pipeline_NA10839/NA10839.chr11.vcf.gz	0.892867 seconds
Concatenating /scratch/rohlfslab/abierly2/LongTR/longTR_pipeline_NA10839/NA10839.chr12.vcf.gz	0.950180 seconds
Concatenating /scratch/rohlfslab/abierly2/LongTR/longTR_pipeline_NA10839/NA10839.chr13.vcf.gz	0.621897 seconds
Concatenating /scratch/rohlfslab/abierly2/LongTR/longTR_pipeline_NA10839/NA10839.chr14.vcf.gz	0.614763 seconds
Concatenating /scratch/rohlfslab/abierly2/LongTR/longTR_pipeline_NA10839/NA10839.chr15.vcf.gz	0.592290 seconds
Concatenating /scratch/rohlfslab/abierly2/LongTR/longTR_pipeline_NA10839/NA10839.chr16.vcf.gz	0.614088 seconds
Concatenating /scratch/rohlfslab/abierly2/LongTR/longTR_pipeline_NA10839/NA10839.chr17.vcf.gz	0.630814 seconds
Concatenating /scratch/rohlfslab/abierly2/LongTR/longTR_pipeline_NA10839/NA10839.chr18.vcf.gz	0.463354 seconds
Concatenating /scratch/rohlfslab/abierly2/LongTR/longTR_pipeline_NA10839/NA10839.chr19.vcf.gz	0.535406 seconds
Concatenating /scratch/rohlfslab/abierly2/LongTR/longTR_pipeline_NA10839/NA10839.chr1.vcf.gz	1.666816 seconds
Concatenating /scratch/rohlfslab/abierly2/LongTR/longTR_pipeline_NA10839/NA10839.chr20.vcf.gz	0.398711 seconds
Concatenating /scratch/rohlfslab/abierly2/LongTR/longTR_pipeline_NA10839/NA10839.chr21.vcf.gz	0.229485 seconds
Concatenating /scratch/rohlfslab/abierly2/LongTR/longTR_pipeline_NA10839/NA10839.chr22.vcf.gz	0.275357 seconds
Concatenating /scratch/rohlfslab/abierly2/LongTR/longTR_pipeline_NA10839/NA10839.chr2.vcf.gz	1.648745 seconds
Concatenating /scratch/rohlfslab/abierly2/LongTR/longTR_pipeline_NA10839/NA10839.chr3.vcf.gz	1.310128 seconds
Concatenating /scratch/rohlfslab/abierly2/LongTR/longTR_pipeline_NA10839/NA10839.chr4.vcf.gz	1.246293 seconds
Concatenating /scratch/rohlfslab/abierly2/LongTR/longTR_pipeline_NA10839/NA10839.chr5.vcf.gz	1.178346 seconds
Concatenating /scratch/rohlfslab/abierly2/LongTR/longTR_pipeline_NA10839/NA10839.chr6.vcf.gz	1.148184 seconds
Concatenating /scratch/rohlfslab/abierly2/LongTR/longTR_pipeline_NA10839/NA10839.chr7.vcf.gz	1.095886 seconds
Concatenating /scratch/rohlfslab/abierly2/LongTR/longTR_pipeline_NA10839/NA10839.chr8.vcf.gz	0.957207 seconds
Concatenating /scratch/rohlfslab/abierly2/LongTR/longTR_pipeline_NA10839/NA10839.chr9.vcf.gz	0.813910 seconds
Concatenating /scratch/rohlfslab/abierly2/LongTR/longTR_pipeline_NA10839/NA10839.chrM.vcf.gz	0.000335 seconds
Concatenating /scratch/rohlfslab/abierly2/LongTR/longTR_pipeline_NA10839/NA10839.chrX.vcf.gz	0.952898 seconds
Concatenating /scratch/rohlfslab/abierly2/LongTR/longTR_pipeline_NA10839/NA10839.chrY.vcf.gz	0.000318 seconds
