Checking the headers and starting positions of 25 files
Concatenating /scratch/rohlfslab/abierly2/LongTR/longTR_pipeline_NA19747/NA19747.chr10.vcf.gz	1.250205 seconds
Concatenating /scratch/rohlfslab/abierly2/LongTR/longTR_pipeline_NA19747/NA19747.chr11.vcf.gz	1.198962 seconds
Concatenating /scratch/rohlfslab/abierly2/LongTR/longTR_pipeline_NA19747/NA19747.chr12.vcf.gz	1.264315 seconds
Concatenating /scratch/rohlfslab/abierly2/LongTR/longTR_pipeline_NA19747/NA19747.chr13.vcf.gz	0.872139 seconds
Concatenating /scratch/rohlfslab/abierly2/LongTR/longTR_pipeline_NA19747/NA19747.chr14.vcf.gz	0.830827 seconds
Concatenating /scratch/rohlfslab/abierly2/LongTR/longTR_pipeline_NA19747/NA19747.chr15.vcf.gz	0.774391 seconds
Concatenating /scratch/rohlfslab/abierly2/LongTR/longTR_pipeline_NA19747/NA19747.chr16.vcf.gz	0.808739 seconds
Concatenating /scratch/rohlfslab/abierly2/LongTR/longTR_pipeline_NA19747/NA19747.chr17.vcf.gz	0.847919 seconds
Concatenating /scratch/rohlfslab/abierly2/LongTR/longTR_pipeline_NA19747/NA19747.chr18.vcf.gz	0.628432 seconds
Concatenating /scratch/rohlfslab/abierly2/LongTR/longTR_pipeline_NA19747/NA19747.chr19.vcf.gz	0.704477 seconds
Concatenating /scratch/rohlfslab/abierly2/LongTR/longTR_pipeline_NA19747/NA19747.chr1.vcf.gz	2.241826 seconds
Concatenating /scratch/rohlfslab/abierly2/LongTR/longTR_pipeline_NA19747/NA19747.chr20.vcf.gz	0.526158 seconds
Concatenating /scratch/rohlfslab/abierly2/LongTR/longTR_pipeline_NA19747/NA19747.chr21.vcf.gz	0.307855 seconds
Concatenating /scratch/rohlfslab/abierly2/LongTR/longTR_pipeline_NA19747/NA19747.chr22.vcf.gz	0.368327 seconds
Concatenating /scratch/rohlfslab/abierly2/LongTR/longTR_pipeline_NA19747/NA19747.chr2.vcf.gz	2.225870 seconds
Concatenating /scratch/rohlfslab/abierly2/LongTR/longTR_pipeline_NA19747/NA19747.chr3.vcf.gz	1.775685 seconds
Concatenating /scratch/rohlfslab/abierly2/LongTR/longTR_pipeline_NA19747/NA19747.chr4.vcf.gz	1.691528 seconds
Concatenating /scratch/rohlfslab/abierly2/LongTR/longTR_pipeline_NA19747/NA19747.chr5.vcf.gz	1.607243 seconds
Concatenating /scratch/rohlfslab/abierly2/LongTR/longTR_pipeline_NA19747/NA19747.chr6.vcf.gz	1.553042 seconds
Concatenating /scratch/rohlfslab/abierly2/LongTR/longTR_pipeline_NA19747/NA19747.chr7.vcf.gz	1.502334 seconds
Concatenating /scratch/rohlfslab/abierly2/LongTR/longTR_pipeline_NA19747/NA19747.chr8.vcf.gz	1.297335 seconds
Concatenating /scratch/rohlfslab/abierly2/LongTR/longTR_pipeline_NA19747/NA19747.chr9.vcf.gz	1.102664 seconds
Concatenating /scratch/rohlfslab/abierly2/LongTR/longTR_pipeline_NA19747/NA19747.chrM.vcf.gz	0.000313 seconds
Concatenating /scratch/rohlfslab/abierly2/LongTR/longTR_pipeline_NA19747/NA19747.chrX.vcf.gz	0.829078 seconds
Concatenating /scratch/rohlfslab/abierly2/LongTR/longTR_pipeline_NA19747/NA19747.chrY.vcf.gz	0.038939 seconds
