Checking the headers and starting positions of 25 files
Concatenating /scratch/rohlfslab/abierly2/LongTR/longTR_pipeline_HG04180/HG04180.chr10.vcf.gz	1.062332 seconds
Concatenating /scratch/rohlfslab/abierly2/LongTR/longTR_pipeline_HG04180/HG04180.chr11.vcf.gz	1.019081 seconds
Concatenating /scratch/rohlfslab/abierly2/LongTR/longTR_pipeline_HG04180/HG04180.chr12.vcf.gz	1.083535 seconds
Concatenating /scratch/rohlfslab/abierly2/LongTR/longTR_pipeline_HG04180/HG04180.chr13.vcf.gz	0.746770 seconds
Concatenating /scratch/rohlfslab/abierly2/LongTR/longTR_pipeline_HG04180/HG04180.chr14.vcf.gz	0.709886 seconds
Concatenating /scratch/rohlfslab/abierly2/LongTR/longTR_pipeline_HG04180/HG04180.chr15.vcf.gz	0.663146 seconds
Concatenating /scratch/rohlfslab/abierly2/LongTR/longTR_pipeline_HG04180/HG04180.chr16.vcf.gz	0.676695 seconds
Concatenating /scratch/rohlfslab/abierly2/LongTR/longTR_pipeline_HG04180/HG04180.chr17.vcf.gz	0.716619 seconds
Concatenating /scratch/rohlfslab/abierly2/LongTR/longTR_pipeline_HG04180/HG04180.chr18.vcf.gz	0.537691 seconds
Concatenating /scratch/rohlfslab/abierly2/LongTR/longTR_pipeline_HG04180/HG04180.chr19.vcf.gz	0.578194 seconds
Concatenating /scratch/rohlfslab/abierly2/LongTR/longTR_pipeline_HG04180/HG04180.chr1.vcf.gz	1.902563 seconds
Concatenating /scratch/rohlfslab/abierly2/LongTR/longTR_pipeline_HG04180/HG04180.chr20.vcf.gz	0.441639 seconds
Concatenating /scratch/rohlfslab/abierly2/LongTR/longTR_pipeline_HG04180/HG04180.chr21.vcf.gz	0.260749 seconds
Concatenating /scratch/rohlfslab/abierly2/LongTR/longTR_pipeline_HG04180/HG04180.chr22.vcf.gz	0.296322 seconds
Concatenating /scratch/rohlfslab/abierly2/LongTR/longTR_pipeline_HG04180/HG04180.chr2.vcf.gz	1.923494 seconds
Concatenating /scratch/rohlfslab/abierly2/LongTR/longTR_pipeline_HG04180/HG04180.chr3.vcf.gz	1.537269 seconds
Concatenating /scratch/rohlfslab/abierly2/LongTR/longTR_pipeline_HG04180/HG04180.chr4.vcf.gz	1.462933 seconds
Concatenating /scratch/rohlfslab/abierly2/LongTR/longTR_pipeline_HG04180/HG04180.chr5.vcf.gz	1.383157 seconds
Concatenating /scratch/rohlfslab/abierly2/LongTR/longTR_pipeline_HG04180/HG04180.chr6.vcf.gz	1.339842 seconds
Concatenating /scratch/rohlfslab/abierly2/LongTR/longTR_pipeline_HG04180/HG04180.chr7.vcf.gz	1.274712 seconds
Concatenating /scratch/rohlfslab/abierly2/LongTR/longTR_pipeline_HG04180/HG04180.chr8.vcf.gz	1.095548 seconds
Concatenating /scratch/rohlfslab/abierly2/LongTR/longTR_pipeline_HG04180/HG04180.chr9.vcf.gz	0.926515 seconds
Concatenating /scratch/rohlfslab/abierly2/LongTR/longTR_pipeline_HG04180/HG04180.chrM.vcf.gz	0.000308 seconds
Concatenating /scratch/rohlfslab/abierly2/LongTR/longTR_pipeline_HG04180/HG04180.chrX.vcf.gz	1.118340 seconds
Concatenating /scratch/rohlfslab/abierly2/LongTR/longTR_pipeline_HG04180/HG04180.chrY.vcf.gz	0.000309 seconds
