Checking the headers and starting positions of 25 files
Concatenating /scratch/rohlfslab/abierly2/LongTR/longTR_pipeline_HG03598/HG03598.chr10.vcf.gz	1.227906 seconds
Concatenating /scratch/rohlfslab/abierly2/LongTR/longTR_pipeline_HG03598/HG03598.chr11.vcf.gz	1.178913 seconds
Concatenating /scratch/rohlfslab/abierly2/LongTR/longTR_pipeline_HG03598/HG03598.chr12.vcf.gz	1.242124 seconds
Concatenating /scratch/rohlfslab/abierly2/LongTR/longTR_pipeline_HG03598/HG03598.chr13.vcf.gz	0.853360 seconds
Concatenating /scratch/rohlfslab/abierly2/LongTR/longTR_pipeline_HG03598/HG03598.chr14.vcf.gz	0.808996 seconds
Concatenating /scratch/rohlfslab/abierly2/LongTR/longTR_pipeline_HG03598/HG03598.chr15.vcf.gz	0.763163 seconds
Concatenating /scratch/rohlfslab/abierly2/LongTR/longTR_pipeline_HG03598/HG03598.chr16.vcf.gz	0.790802 seconds
Concatenating /scratch/rohlfslab/abierly2/LongTR/longTR_pipeline_HG03598/HG03598.chr17.vcf.gz	0.826381 seconds
Concatenating /scratch/rohlfslab/abierly2/LongTR/longTR_pipeline_HG03598/HG03598.chr18.vcf.gz	0.614665 seconds
Concatenating /scratch/rohlfslab/abierly2/LongTR/longTR_pipeline_HG03598/HG03598.chr19.vcf.gz	0.685396 seconds
Concatenating /scratch/rohlfslab/abierly2/LongTR/longTR_pipeline_HG03598/HG03598.chr1.vcf.gz	2.193618 seconds
Concatenating /scratch/rohlfslab/abierly2/LongTR/longTR_pipeline_HG03598/HG03598.chr20.vcf.gz	0.515704 seconds
Concatenating /scratch/rohlfslab/abierly2/LongTR/longTR_pipeline_HG03598/HG03598.chr21.vcf.gz	0.296080 seconds
Concatenating /scratch/rohlfslab/abierly2/LongTR/longTR_pipeline_HG03598/HG03598.chr22.vcf.gz	0.362894 seconds
Concatenating /scratch/rohlfslab/abierly2/LongTR/longTR_pipeline_HG03598/HG03598.chr2.vcf.gz	2.186746 seconds
Concatenating /scratch/rohlfslab/abierly2/LongTR/longTR_pipeline_HG03598/HG03598.chr3.vcf.gz	1.765856 seconds
Concatenating /scratch/rohlfslab/abierly2/LongTR/longTR_pipeline_HG03598/HG03598.chr4.vcf.gz	1.678236 seconds
Concatenating /scratch/rohlfslab/abierly2/LongTR/longTR_pipeline_HG03598/HG03598.chr5.vcf.gz	1.612853 seconds
Concatenating /scratch/rohlfslab/abierly2/LongTR/longTR_pipeline_HG03598/HG03598.chr6.vcf.gz	1.531034 seconds
Concatenating /scratch/rohlfslab/abierly2/LongTR/longTR_pipeline_HG03598/HG03598.chr7.vcf.gz	1.463427 seconds
Concatenating /scratch/rohlfslab/abierly2/LongTR/longTR_pipeline_HG03598/HG03598.chr8.vcf.gz	1.269228 seconds
Concatenating /scratch/rohlfslab/abierly2/LongTR/longTR_pipeline_HG03598/HG03598.chr9.vcf.gz	1.078588 seconds
Concatenating /scratch/rohlfslab/abierly2/LongTR/longTR_pipeline_HG03598/HG03598.chrM.vcf.gz	0.000355 seconds
Concatenating /scratch/rohlfslab/abierly2/LongTR/longTR_pipeline_HG03598/HG03598.chrX.vcf.gz	1.303130 seconds
Concatenating /scratch/rohlfslab/abierly2/LongTR/longTR_pipeline_HG03598/HG03598.chrY.vcf.gz	0.000331 seconds
