Checking the headers and starting positions of 25 files
Concatenating /scratch/rohlfslab/abierly2/LongTR/longTR_pipeline_HG01577/HG01577.chr10.vcf.gz	1.153228 seconds
Concatenating /scratch/rohlfslab/abierly2/LongTR/longTR_pipeline_HG01577/HG01577.chr11.vcf.gz	1.098176 seconds
Concatenating /scratch/rohlfslab/abierly2/LongTR/longTR_pipeline_HG01577/HG01577.chr12.vcf.gz	1.157978 seconds
Concatenating /scratch/rohlfslab/abierly2/LongTR/longTR_pipeline_HG01577/HG01577.chr13.vcf.gz	0.799595 seconds
Concatenating /scratch/rohlfslab/abierly2/LongTR/longTR_pipeline_HG01577/HG01577.chr14.vcf.gz	0.760691 seconds
Concatenating /scratch/rohlfslab/abierly2/LongTR/longTR_pipeline_HG01577/HG01577.chr15.vcf.gz	0.712328 seconds
Concatenating /scratch/rohlfslab/abierly2/LongTR/longTR_pipeline_HG01577/HG01577.chr16.vcf.gz	0.747187 seconds
Concatenating /scratch/rohlfslab/abierly2/LongTR/longTR_pipeline_HG01577/HG01577.chr17.vcf.gz	0.784960 seconds
Concatenating /scratch/rohlfslab/abierly2/LongTR/longTR_pipeline_HG01577/HG01577.chr18.vcf.gz	0.574631 seconds
Concatenating /scratch/rohlfslab/abierly2/LongTR/longTR_pipeline_HG01577/HG01577.chr19.vcf.gz	0.652085 seconds
Concatenating /scratch/rohlfslab/abierly2/LongTR/longTR_pipeline_HG01577/HG01577.chr1.vcf.gz	2.050308 seconds
Concatenating /scratch/rohlfslab/abierly2/LongTR/longTR_pipeline_HG01577/HG01577.chr20.vcf.gz	0.485501 seconds
Concatenating /scratch/rohlfslab/abierly2/LongTR/longTR_pipeline_HG01577/HG01577.chr21.vcf.gz	0.280102 seconds
Concatenating /scratch/rohlfslab/abierly2/LongTR/longTR_pipeline_HG01577/HG01577.chr22.vcf.gz	0.342706 seconds
Concatenating /scratch/rohlfslab/abierly2/LongTR/longTR_pipeline_HG01577/HG01577.chr2.vcf.gz	2.050871 seconds
Concatenating /scratch/rohlfslab/abierly2/LongTR/longTR_pipeline_HG01577/HG01577.chr3.vcf.gz	1.645623 seconds
Concatenating /scratch/rohlfslab/abierly2/LongTR/longTR_pipeline_HG01577/HG01577.chr4.vcf.gz	1.550763 seconds
Concatenating /scratch/rohlfslab/abierly2/LongTR/longTR_pipeline_HG01577/HG01577.chr5.vcf.gz	1.478674 seconds
Concatenating /scratch/rohlfslab/abierly2/LongTR/longTR_pipeline_HG01577/HG01577.chr6.vcf.gz	1.424478 seconds
Concatenating /scratch/rohlfslab/abierly2/LongTR/longTR_pipeline_HG01577/HG01577.chr7.vcf.gz	1.372771 seconds
Concatenating /scratch/rohlfslab/abierly2/LongTR/longTR_pipeline_HG01577/HG01577.chr8.vcf.gz	1.191972 seconds
Concatenating /scratch/rohlfslab/abierly2/LongTR/longTR_pipeline_HG01577/HG01577.chr9.vcf.gz	1.013565 seconds
Concatenating /scratch/rohlfslab/abierly2/LongTR/longTR_pipeline_HG01577/HG01577.chrM.vcf.gz	0.000428 seconds
Concatenating /scratch/rohlfslab/abierly2/LongTR/longTR_pipeline_HG01577/HG01577.chrX.vcf.gz	0.389985 seconds
Concatenating /scratch/rohlfslab/abierly2/LongTR/longTR_pipeline_HG01577/HG01577.chrY.vcf.gz	0.016441 seconds
