Checking the headers and starting positions of 25 files
Concatenating /scratch/rohlfslab/abierly2/LongTR/longTR_pipeline_HG02697/HG02697.chr10.vcf.gz	0.817361 seconds
Concatenating /scratch/rohlfslab/abierly2/LongTR/longTR_pipeline_HG02697/HG02697.chr11.vcf.gz	0.780274 seconds
Concatenating /scratch/rohlfslab/abierly2/LongTR/longTR_pipeline_HG02697/HG02697.chr12.vcf.gz	0.828321 seconds
Concatenating /scratch/rohlfslab/abierly2/LongTR/longTR_pipeline_HG02697/HG02697.chr13.vcf.gz	0.559284 seconds
Concatenating /scratch/rohlfslab/abierly2/LongTR/longTR_pipeline_HG02697/HG02697.chr14.vcf.gz	0.543750 seconds
Concatenating /scratch/rohlfslab/abierly2/LongTR/longTR_pipeline_HG02697/HG02697.chr15.vcf.gz	0.516413 seconds
Concatenating /scratch/rohlfslab/abierly2/LongTR/longTR_pipeline_HG02697/HG02697.chr16.vcf.gz	0.525174 seconds
Concatenating /scratch/rohlfslab/abierly2/LongTR/longTR_pipeline_HG02697/HG02697.chr17.vcf.gz	0.561143 seconds
Concatenating /scratch/rohlfslab/abierly2/LongTR/longTR_pipeline_HG02697/HG02697.chr18.vcf.gz	0.400559 seconds
Concatenating /scratch/rohlfslab/abierly2/LongTR/longTR_pipeline_HG02697/HG02697.chr19.vcf.gz	0.456671 seconds
Concatenating /scratch/rohlfslab/abierly2/LongTR/longTR_pipeline_HG02697/HG02697.chr1.vcf.gz	1.464119 seconds
Concatenating /scratch/rohlfslab/abierly2/LongTR/longTR_pipeline_HG02697/HG02697.chr20.vcf.gz	0.347586 seconds
Concatenating /scratch/rohlfslab/abierly2/LongTR/longTR_pipeline_HG02697/HG02697.chr21.vcf.gz	0.197800 seconds
Concatenating /scratch/rohlfslab/abierly2/LongTR/longTR_pipeline_HG02697/HG02697.chr22.vcf.gz	0.244158 seconds
Concatenating /scratch/rohlfslab/abierly2/LongTR/longTR_pipeline_HG02697/HG02697.chr2.vcf.gz	1.436647 seconds
Concatenating /scratch/rohlfslab/abierly2/LongTR/longTR_pipeline_HG02697/HG02697.chr3.vcf.gz	1.197880 seconds
Concatenating /scratch/rohlfslab/abierly2/LongTR/longTR_pipeline_HG02697/HG02697.chr4.vcf.gz	1.064560 seconds
Concatenating /scratch/rohlfslab/abierly2/LongTR/longTR_pipeline_HG02697/HG02697.chr5.vcf.gz	1.054804 seconds
Concatenating /scratch/rohlfslab/abierly2/LongTR/longTR_pipeline_HG02697/HG02697.chr6.vcf.gz	1.015342 seconds
Concatenating /scratch/rohlfslab/abierly2/LongTR/longTR_pipeline_HG02697/HG02697.chr7.vcf.gz	0.963710 seconds
Concatenating /scratch/rohlfslab/abierly2/LongTR/longTR_pipeline_HG02697/HG02697.chr8.vcf.gz	0.839493 seconds
Concatenating /scratch/rohlfslab/abierly2/LongTR/longTR_pipeline_HG02697/HG02697.chr9.vcf.gz	0.717471 seconds
Concatenating /scratch/rohlfslab/abierly2/LongTR/longTR_pipeline_HG02697/HG02697.chrM.vcf.gz	0.000386 seconds
Concatenating /scratch/rohlfslab/abierly2/LongTR/longTR_pipeline_HG02697/HG02697.chrX.vcf.gz	0.847568 seconds
Concatenating /scratch/rohlfslab/abierly2/LongTR/longTR_pipeline_HG02697/HG02697.chrY.vcf.gz	0.000353 seconds
