Checking the headers and starting positions of 25 files
Concatenating /scratch/rohlfslab/abierly2/LongTR/longTR_pipeline_HG00881/HG00881.chr10.vcf.gz	1.136025 seconds
Concatenating /scratch/rohlfslab/abierly2/LongTR/longTR_pipeline_HG00881/HG00881.chr11.vcf.gz	1.084061 seconds
Concatenating /scratch/rohlfslab/abierly2/LongTR/longTR_pipeline_HG00881/HG00881.chr12.vcf.gz	1.150004 seconds
Concatenating /scratch/rohlfslab/abierly2/LongTR/longTR_pipeline_HG00881/HG00881.chr13.vcf.gz	0.783470 seconds
Concatenating /scratch/rohlfslab/abierly2/LongTR/longTR_pipeline_HG00881/HG00881.chr14.vcf.gz	0.754847 seconds
Concatenating /scratch/rohlfslab/abierly2/LongTR/longTR_pipeline_HG00881/HG00881.chr15.vcf.gz	0.710933 seconds
Concatenating /scratch/rohlfslab/abierly2/LongTR/longTR_pipeline_HG00881/HG00881.chr16.vcf.gz	0.738997 seconds
Concatenating /scratch/rohlfslab/abierly2/LongTR/longTR_pipeline_HG00881/HG00881.chr17.vcf.gz	0.768776 seconds
Concatenating /scratch/rohlfslab/abierly2/LongTR/longTR_pipeline_HG00881/HG00881.chr18.vcf.gz	0.564196 seconds
Concatenating /scratch/rohlfslab/abierly2/LongTR/longTR_pipeline_HG00881/HG00881.chr19.vcf.gz	0.636743 seconds
Concatenating /scratch/rohlfslab/abierly2/LongTR/longTR_pipeline_HG00881/HG00881.chr1.vcf.gz	2.029966 seconds
Concatenating /scratch/rohlfslab/abierly2/LongTR/longTR_pipeline_HG00881/HG00881.chr20.vcf.gz	0.480090 seconds
Concatenating /scratch/rohlfslab/abierly2/LongTR/longTR_pipeline_HG00881/HG00881.chr21.vcf.gz	0.277671 seconds
Concatenating /scratch/rohlfslab/abierly2/LongTR/longTR_pipeline_HG00881/HG00881.chr22.vcf.gz	0.342547 seconds
Concatenating /scratch/rohlfslab/abierly2/LongTR/longTR_pipeline_HG00881/HG00881.chr2.vcf.gz	2.023526 seconds
Concatenating /scratch/rohlfslab/abierly2/LongTR/longTR_pipeline_HG00881/HG00881.chr3.vcf.gz	1.627527 seconds
Concatenating /scratch/rohlfslab/abierly2/LongTR/longTR_pipeline_HG00881/HG00881.chr4.vcf.gz	1.536512 seconds
Concatenating /scratch/rohlfslab/abierly2/LongTR/longTR_pipeline_HG00881/HG00881.chr5.vcf.gz	1.458451 seconds
Concatenating /scratch/rohlfslab/abierly2/LongTR/longTR_pipeline_HG00881/HG00881.chr6.vcf.gz	1.410380 seconds
Concatenating /scratch/rohlfslab/abierly2/LongTR/longTR_pipeline_HG00881/HG00881.chr7.vcf.gz	1.347867 seconds
Concatenating /scratch/rohlfslab/abierly2/LongTR/longTR_pipeline_HG00881/HG00881.chr8.vcf.gz	1.172086 seconds
Concatenating /scratch/rohlfslab/abierly2/LongTR/longTR_pipeline_HG00881/HG00881.chr9.vcf.gz	0.989162 seconds
Concatenating /scratch/rohlfslab/abierly2/LongTR/longTR_pipeline_HG00881/HG00881.chrM.vcf.gz	0.000291 seconds
Concatenating /scratch/rohlfslab/abierly2/LongTR/longTR_pipeline_HG00881/HG00881.chrX.vcf.gz	0.317099 seconds
Concatenating /scratch/rohlfslab/abierly2/LongTR/longTR_pipeline_HG00881/HG00881.chrY.vcf.gz	0.013170 seconds
