Checking the headers and starting positions of 25 files
Concatenating /scratch/rohlfslab/abierly2/LongTR/longTR_pipeline_NA18599/NA18599.chr10.vcf.gz	0.885150 seconds
Concatenating /scratch/rohlfslab/abierly2/LongTR/longTR_pipeline_NA18599/NA18599.chr11.vcf.gz	0.845002 seconds
Concatenating /scratch/rohlfslab/abierly2/LongTR/longTR_pipeline_NA18599/NA18599.chr12.vcf.gz	0.903821 seconds
Concatenating /scratch/rohlfslab/abierly2/LongTR/longTR_pipeline_NA18599/NA18599.chr13.vcf.gz	0.588333 seconds
Concatenating /scratch/rohlfslab/abierly2/LongTR/longTR_pipeline_NA18599/NA18599.chr14.vcf.gz	0.587214 seconds
Concatenating /scratch/rohlfslab/abierly2/LongTR/longTR_pipeline_NA18599/NA18599.chr15.vcf.gz	0.566213 seconds
Concatenating /scratch/rohlfslab/abierly2/LongTR/longTR_pipeline_NA18599/NA18599.chr16.vcf.gz	0.583448 seconds
Concatenating /scratch/rohlfslab/abierly2/LongTR/longTR_pipeline_NA18599/NA18599.chr17.vcf.gz	0.631943 seconds
Concatenating /scratch/rohlfslab/abierly2/LongTR/longTR_pipeline_NA18599/NA18599.chr18.vcf.gz	0.433097 seconds
Concatenating /scratch/rohlfslab/abierly2/LongTR/longTR_pipeline_NA18599/NA18599.chr19.vcf.gz	0.538234 seconds
Concatenating /scratch/rohlfslab/abierly2/LongTR/longTR_pipeline_NA18599/NA18599.chr1.vcf.gz	1.606903 seconds
Concatenating /scratch/rohlfslab/abierly2/LongTR/longTR_pipeline_NA18599/NA18599.chr20.vcf.gz	0.384978 seconds
Concatenating /scratch/rohlfslab/abierly2/LongTR/longTR_pipeline_NA18599/NA18599.chr21.vcf.gz	0.217351 seconds
Concatenating /scratch/rohlfslab/abierly2/LongTR/longTR_pipeline_NA18599/NA18599.chr22.vcf.gz	0.280530 seconds
Concatenating /scratch/rohlfslab/abierly2/LongTR/longTR_pipeline_NA18599/NA18599.chr2.vcf.gz	1.588946 seconds
Concatenating /scratch/rohlfslab/abierly2/LongTR/longTR_pipeline_NA18599/NA18599.chr3.vcf.gz	1.252853 seconds
Concatenating /scratch/rohlfslab/abierly2/LongTR/longTR_pipeline_NA18599/NA18599.chr4.vcf.gz	1.171912 seconds
Concatenating /scratch/rohlfslab/abierly2/LongTR/longTR_pipeline_NA18599/NA18599.chr5.vcf.gz	1.127780 seconds
Concatenating /scratch/rohlfslab/abierly2/LongTR/longTR_pipeline_NA18599/NA18599.chr6.vcf.gz	1.086930 seconds
Concatenating /scratch/rohlfslab/abierly2/LongTR/longTR_pipeline_NA18599/NA18599.chr7.vcf.gz	1.068348 seconds
Concatenating /scratch/rohlfslab/abierly2/LongTR/longTR_pipeline_NA18599/NA18599.chr8.vcf.gz	0.907716 seconds
Concatenating /scratch/rohlfslab/abierly2/LongTR/longTR_pipeline_NA18599/NA18599.chr9.vcf.gz	0.782677 seconds
Concatenating /scratch/rohlfslab/abierly2/LongTR/longTR_pipeline_NA18599/NA18599.chrM.vcf.gz	0.000297 seconds
Concatenating /scratch/rohlfslab/abierly2/LongTR/longTR_pipeline_NA18599/NA18599.chrX.vcf.gz	0.909897 seconds
Concatenating /scratch/rohlfslab/abierly2/LongTR/longTR_pipeline_NA18599/NA18599.chrY.vcf.gz	0.000381 seconds
