Checking the headers and starting positions of 25 files
Concatenating /scratch/rohlfslab/abierly2/LongTR/longTR_pipeline_HG02020/HG02020.chr10.vcf.gz	1.253166 seconds
Concatenating /scratch/rohlfslab/abierly2/LongTR/longTR_pipeline_HG02020/HG02020.chr11.vcf.gz	1.191627 seconds
Concatenating /scratch/rohlfslab/abierly2/LongTR/longTR_pipeline_HG02020/HG02020.chr12.vcf.gz	1.257840 seconds
Concatenating /scratch/rohlfslab/abierly2/LongTR/longTR_pipeline_HG02020/HG02020.chr13.vcf.gz	0.873549 seconds
Concatenating /scratch/rohlfslab/abierly2/LongTR/longTR_pipeline_HG02020/HG02020.chr14.vcf.gz	0.826657 seconds
Concatenating /scratch/rohlfslab/abierly2/LongTR/longTR_pipeline_HG02020/HG02020.chr15.vcf.gz	0.771606 seconds
Concatenating /scratch/rohlfslab/abierly2/LongTR/longTR_pipeline_HG02020/HG02020.chr16.vcf.gz	0.803070 seconds
Concatenating /scratch/rohlfslab/abierly2/LongTR/longTR_pipeline_HG02020/HG02020.chr17.vcf.gz	0.843643 seconds
Concatenating /scratch/rohlfslab/abierly2/LongTR/longTR_pipeline_HG02020/HG02020.chr18.vcf.gz	0.631175 seconds
Concatenating /scratch/rohlfslab/abierly2/LongTR/longTR_pipeline_HG02020/HG02020.chr19.vcf.gz	0.695243 seconds
Concatenating /scratch/rohlfslab/abierly2/LongTR/longTR_pipeline_HG02020/HG02020.chr1.vcf.gz	2.226694 seconds
Concatenating /scratch/rohlfslab/abierly2/LongTR/longTR_pipeline_HG02020/HG02020.chr20.vcf.gz	0.525109 seconds
Concatenating /scratch/rohlfslab/abierly2/LongTR/longTR_pipeline_HG02020/HG02020.chr21.vcf.gz	0.304166 seconds
Concatenating /scratch/rohlfslab/abierly2/LongTR/longTR_pipeline_HG02020/HG02020.chr22.vcf.gz	0.366697 seconds
Concatenating /scratch/rohlfslab/abierly2/LongTR/longTR_pipeline_HG02020/HG02020.chr2.vcf.gz	2.231974 seconds
Concatenating /scratch/rohlfslab/abierly2/LongTR/longTR_pipeline_HG02020/HG02020.chr3.vcf.gz	1.807274 seconds
Concatenating /scratch/rohlfslab/abierly2/LongTR/longTR_pipeline_HG02020/HG02020.chr4.vcf.gz	1.730863 seconds
Concatenating /scratch/rohlfslab/abierly2/LongTR/longTR_pipeline_HG02020/HG02020.chr5.vcf.gz	1.610299 seconds
Concatenating /scratch/rohlfslab/abierly2/LongTR/longTR_pipeline_HG02020/HG02020.chr6.vcf.gz	1.553474 seconds
Concatenating /scratch/rohlfslab/abierly2/LongTR/longTR_pipeline_HG02020/HG02020.chr7.vcf.gz	1.496413 seconds
Concatenating /scratch/rohlfslab/abierly2/LongTR/longTR_pipeline_HG02020/HG02020.chr8.vcf.gz	1.293643 seconds
Concatenating /scratch/rohlfslab/abierly2/LongTR/longTR_pipeline_HG02020/HG02020.chr9.vcf.gz	1.097868 seconds
Concatenating /scratch/rohlfslab/abierly2/LongTR/longTR_pipeline_HG02020/HG02020.chrM.vcf.gz	0.000370 seconds
Concatenating /scratch/rohlfslab/abierly2/LongTR/longTR_pipeline_HG02020/HG02020.chrX.vcf.gz	0.872044 seconds
Concatenating /scratch/rohlfslab/abierly2/LongTR/longTR_pipeline_HG02020/HG02020.chrY.vcf.gz	0.042584 seconds
