Checking the headers and starting positions of 25 files
Concatenating /scratch/rohlfslab/abierly2/LongTR/longTR_pipeline_HG02600/HG02600.chr10.vcf.gz	0.586221 seconds
Concatenating /scratch/rohlfslab/abierly2/LongTR/longTR_pipeline_HG02600/HG02600.chr11.vcf.gz	0.551956 seconds
Concatenating /scratch/rohlfslab/abierly2/LongTR/longTR_pipeline_HG02600/HG02600.chr12.vcf.gz	0.611421 seconds
Concatenating /scratch/rohlfslab/abierly2/LongTR/longTR_pipeline_HG02600/HG02600.chr13.vcf.gz	0.412799 seconds
Concatenating /scratch/rohlfslab/abierly2/LongTR/longTR_pipeline_HG02600/HG02600.chr14.vcf.gz	0.398869 seconds
Concatenating /scratch/rohlfslab/abierly2/LongTR/longTR_pipeline_HG02600/HG02600.chr15.vcf.gz	0.369303 seconds
Concatenating /scratch/rohlfslab/abierly2/LongTR/longTR_pipeline_HG02600/HG02600.chr16.vcf.gz	0.346844 seconds
Concatenating /scratch/rohlfslab/abierly2/LongTR/longTR_pipeline_HG02600/HG02600.chr17.vcf.gz	0.373359 seconds
Concatenating /scratch/rohlfslab/abierly2/LongTR/longTR_pipeline_HG02600/HG02600.chr18.vcf.gz	0.307875 seconds
Concatenating /scratch/rohlfslab/abierly2/LongTR/longTR_pipeline_HG02600/HG02600.chr19.vcf.gz	0.269953 seconds
Concatenating /scratch/rohlfslab/abierly2/LongTR/longTR_pipeline_HG02600/HG02600.chr1.vcf.gz	1.088669 seconds
Concatenating /scratch/rohlfslab/abierly2/LongTR/longTR_pipeline_HG02600/HG02600.chr20.vcf.gz	0.240452 seconds
Concatenating /scratch/rohlfslab/abierly2/LongTR/longTR_pipeline_HG02600/HG02600.chr21.vcf.gz	0.142703 seconds
Concatenating /scratch/rohlfslab/abierly2/LongTR/longTR_pipeline_HG02600/HG02600.chr22.vcf.gz	0.156033 seconds
Concatenating /scratch/rohlfslab/abierly2/LongTR/longTR_pipeline_HG02600/HG02600.chr2.vcf.gz	1.080148 seconds
Concatenating /scratch/rohlfslab/abierly2/LongTR/longTR_pipeline_HG02600/HG02600.chr3.vcf.gz	0.878146 seconds
Concatenating /scratch/rohlfslab/abierly2/LongTR/longTR_pipeline_HG02600/HG02600.chr4.vcf.gz	0.832684 seconds
Concatenating /scratch/rohlfslab/abierly2/LongTR/longTR_pipeline_HG02600/HG02600.chr5.vcf.gz	0.783981 seconds
Concatenating /scratch/rohlfslab/abierly2/LongTR/longTR_pipeline_HG02600/HG02600.chr6.vcf.gz	0.767276 seconds
Concatenating /scratch/rohlfslab/abierly2/LongTR/longTR_pipeline_HG02600/HG02600.chr7.vcf.gz	0.700933 seconds
Concatenating /scratch/rohlfslab/abierly2/LongTR/longTR_pipeline_HG02600/HG02600.chr8.vcf.gz	0.614347 seconds
Concatenating /scratch/rohlfslab/abierly2/LongTR/longTR_pipeline_HG02600/HG02600.chr9.vcf.gz	0.508612 seconds
Concatenating /scratch/rohlfslab/abierly2/LongTR/longTR_pipeline_HG02600/HG02600.chrM.vcf.gz	0.000305 seconds
Concatenating /scratch/rohlfslab/abierly2/LongTR/longTR_pipeline_HG02600/HG02600.chrX.vcf.gz	0.053299 seconds
Concatenating /scratch/rohlfslab/abierly2/LongTR/longTR_pipeline_HG02600/HG02600.chrY.vcf.gz	0.002431 seconds
