Checking the headers and starting positions of 25 files
Concatenating /scratch/rohlfslab/abierly2/LongTR/longTR_pipeline_HG04020/HG04020.chr10.vcf.gz	1.200339 seconds
Concatenating /scratch/rohlfslab/abierly2/LongTR/longTR_pipeline_HG04020/HG04020.chr11.vcf.gz	1.144065 seconds
Concatenating /scratch/rohlfslab/abierly2/LongTR/longTR_pipeline_HG04020/HG04020.chr12.vcf.gz	1.208240 seconds
Concatenating /scratch/rohlfslab/abierly2/LongTR/longTR_pipeline_HG04020/HG04020.chr13.vcf.gz	0.836090 seconds
Concatenating /scratch/rohlfslab/abierly2/LongTR/longTR_pipeline_HG04020/HG04020.chr14.vcf.gz	0.792238 seconds
Concatenating /scratch/rohlfslab/abierly2/LongTR/longTR_pipeline_HG04020/HG04020.chr15.vcf.gz	0.743678 seconds
Concatenating /scratch/rohlfslab/abierly2/LongTR/longTR_pipeline_HG04020/HG04020.chr16.vcf.gz	0.775403 seconds
Concatenating /scratch/rohlfslab/abierly2/LongTR/longTR_pipeline_HG04020/HG04020.chr17.vcf.gz	0.808661 seconds
Concatenating /scratch/rohlfslab/abierly2/LongTR/longTR_pipeline_HG04020/HG04020.chr18.vcf.gz	0.601653 seconds
Concatenating /scratch/rohlfslab/abierly2/LongTR/longTR_pipeline_HG04020/HG04020.chr19.vcf.gz	0.666162 seconds
Concatenating /scratch/rohlfslab/abierly2/LongTR/longTR_pipeline_HG04020/HG04020.chr1.vcf.gz	2.131876 seconds
Concatenating /scratch/rohlfslab/abierly2/LongTR/longTR_pipeline_HG04020/HG04020.chr20.vcf.gz	0.503618 seconds
Concatenating /scratch/rohlfslab/abierly2/LongTR/longTR_pipeline_HG04020/HG04020.chr21.vcf.gz	0.291054 seconds
Concatenating /scratch/rohlfslab/abierly2/LongTR/longTR_pipeline_HG04020/HG04020.chr22.vcf.gz	0.363521 seconds
Concatenating /scratch/rohlfslab/abierly2/LongTR/longTR_pipeline_HG04020/HG04020.chr2.vcf.gz	2.128316 seconds
Concatenating /scratch/rohlfslab/abierly2/LongTR/longTR_pipeline_HG04020/HG04020.chr3.vcf.gz	1.709547 seconds
Concatenating /scratch/rohlfslab/abierly2/LongTR/longTR_pipeline_HG04020/HG04020.chr4.vcf.gz	1.618946 seconds
Concatenating /scratch/rohlfslab/abierly2/LongTR/longTR_pipeline_HG04020/HG04020.chr5.vcf.gz	1.537321 seconds
Concatenating /scratch/rohlfslab/abierly2/LongTR/longTR_pipeline_HG04020/HG04020.chr6.vcf.gz	1.482494 seconds
Concatenating /scratch/rohlfslab/abierly2/LongTR/longTR_pipeline_HG04020/HG04020.chr7.vcf.gz	1.424153 seconds
Concatenating /scratch/rohlfslab/abierly2/LongTR/longTR_pipeline_HG04020/HG04020.chr8.vcf.gz	1.237109 seconds
Concatenating /scratch/rohlfslab/abierly2/LongTR/longTR_pipeline_HG04020/HG04020.chr9.vcf.gz	1.049957 seconds
Concatenating /scratch/rohlfslab/abierly2/LongTR/longTR_pipeline_HG04020/HG04020.chrM.vcf.gz	0.000338 seconds
Concatenating /scratch/rohlfslab/abierly2/LongTR/longTR_pipeline_HG04020/HG04020.chrX.vcf.gz	0.646145 seconds
Concatenating /scratch/rohlfslab/abierly2/LongTR/longTR_pipeline_HG04020/HG04020.chrY.vcf.gz	0.032560 seconds
