Checking the headers and starting positions of 25 files
Concatenating /scratch/rohlfslab/abierly2/LongTR/longTR_pipeline_NA18544/NA18544.chr10.vcf.gz	0.801538 seconds
Concatenating /scratch/rohlfslab/abierly2/LongTR/longTR_pipeline_NA18544/NA18544.chr11.vcf.gz	0.789353 seconds
Concatenating /scratch/rohlfslab/abierly2/LongTR/longTR_pipeline_NA18544/NA18544.chr12.vcf.gz	0.834340 seconds
Concatenating /scratch/rohlfslab/abierly2/LongTR/longTR_pipeline_NA18544/NA18544.chr13.vcf.gz	0.542847 seconds
Concatenating /scratch/rohlfslab/abierly2/LongTR/longTR_pipeline_NA18544/NA18544.chr14.vcf.gz	0.546442 seconds
Concatenating /scratch/rohlfslab/abierly2/LongTR/longTR_pipeline_NA18544/NA18544.chr15.vcf.gz	0.520384 seconds
Concatenating /scratch/rohlfslab/abierly2/LongTR/longTR_pipeline_NA18544/NA18544.chr16.vcf.gz	0.524708 seconds
Concatenating /scratch/rohlfslab/abierly2/LongTR/longTR_pipeline_NA18544/NA18544.chr17.vcf.gz	0.577680 seconds
Concatenating /scratch/rohlfslab/abierly2/LongTR/longTR_pipeline_NA18544/NA18544.chr18.vcf.gz	0.402197 seconds
Concatenating /scratch/rohlfslab/abierly2/LongTR/longTR_pipeline_NA18544/NA18544.chr19.vcf.gz	0.486720 seconds
Concatenating /scratch/rohlfslab/abierly2/LongTR/longTR_pipeline_NA18544/NA18544.chr1.vcf.gz	1.498742 seconds
Concatenating /scratch/rohlfslab/abierly2/LongTR/longTR_pipeline_NA18544/NA18544.chr20.vcf.gz	0.356322 seconds
Concatenating /scratch/rohlfslab/abierly2/LongTR/longTR_pipeline_NA18544/NA18544.chr21.vcf.gz	0.194265 seconds
Concatenating /scratch/rohlfslab/abierly2/LongTR/longTR_pipeline_NA18544/NA18544.chr22.vcf.gz	0.247542 seconds
Concatenating /scratch/rohlfslab/abierly2/LongTR/longTR_pipeline_NA18544/NA18544.chr2.vcf.gz	1.430683 seconds
Concatenating /scratch/rohlfslab/abierly2/LongTR/longTR_pipeline_NA18544/NA18544.chr3.vcf.gz	1.157985 seconds
Concatenating /scratch/rohlfslab/abierly2/LongTR/longTR_pipeline_NA18544/NA18544.chr4.vcf.gz	1.051399 seconds
Concatenating /scratch/rohlfslab/abierly2/LongTR/longTR_pipeline_NA18544/NA18544.chr5.vcf.gz	1.030253 seconds
Concatenating /scratch/rohlfslab/abierly2/LongTR/longTR_pipeline_NA18544/NA18544.chr6.vcf.gz	1.005749 seconds
Concatenating /scratch/rohlfslab/abierly2/LongTR/longTR_pipeline_NA18544/NA18544.chr7.vcf.gz	0.953404 seconds
Concatenating /scratch/rohlfslab/abierly2/LongTR/longTR_pipeline_NA18544/NA18544.chr8.vcf.gz	0.835215 seconds
Concatenating /scratch/rohlfslab/abierly2/LongTR/longTR_pipeline_NA18544/NA18544.chr9.vcf.gz	0.710515 seconds
Concatenating /scratch/rohlfslab/abierly2/LongTR/longTR_pipeline_NA18544/NA18544.chrM.vcf.gz	0.000354 seconds
Concatenating /scratch/rohlfslab/abierly2/LongTR/longTR_pipeline_NA18544/NA18544.chrX.vcf.gz	0.105961 seconds
Concatenating /scratch/rohlfslab/abierly2/LongTR/longTR_pipeline_NA18544/NA18544.chrY.vcf.gz	0.004299 seconds
