Checking the headers and starting positions of 25 files
Concatenating /scratch/rohlfslab/abierly2/LongTR/longTR_pipeline_HG02081/HG02081.chr10.vcf.gz	1.226735 seconds
Concatenating /scratch/rohlfslab/abierly2/LongTR/longTR_pipeline_HG02081/HG02081.chr11.vcf.gz	1.165427 seconds
Concatenating /scratch/rohlfslab/abierly2/LongTR/longTR_pipeline_HG02081/HG02081.chr12.vcf.gz	1.237371 seconds
Concatenating /scratch/rohlfslab/abierly2/LongTR/longTR_pipeline_HG02081/HG02081.chr13.vcf.gz	0.859397 seconds
Concatenating /scratch/rohlfslab/abierly2/LongTR/longTR_pipeline_HG02081/HG02081.chr14.vcf.gz	0.810511 seconds
Concatenating /scratch/rohlfslab/abierly2/LongTR/longTR_pipeline_HG02081/HG02081.chr15.vcf.gz	0.765674 seconds
Concatenating /scratch/rohlfslab/abierly2/LongTR/longTR_pipeline_HG02081/HG02081.chr16.vcf.gz	0.800619 seconds
Concatenating /scratch/rohlfslab/abierly2/LongTR/longTR_pipeline_HG02081/HG02081.chr17.vcf.gz	0.831751 seconds
Concatenating /scratch/rohlfslab/abierly2/LongTR/longTR_pipeline_HG02081/HG02081.chr18.vcf.gz	0.616763 seconds
Concatenating /scratch/rohlfslab/abierly2/LongTR/longTR_pipeline_HG02081/HG02081.chr19.vcf.gz	0.688694 seconds
Concatenating /scratch/rohlfslab/abierly2/LongTR/longTR_pipeline_HG02081/HG02081.chr1.vcf.gz	2.179810 seconds
Concatenating /scratch/rohlfslab/abierly2/LongTR/longTR_pipeline_HG02081/HG02081.chr20.vcf.gz	0.517663 seconds
Concatenating /scratch/rohlfslab/abierly2/LongTR/longTR_pipeline_HG02081/HG02081.chr21.vcf.gz	0.297140 seconds
Concatenating /scratch/rohlfslab/abierly2/LongTR/longTR_pipeline_HG02081/HG02081.chr22.vcf.gz	0.363911 seconds
Concatenating /scratch/rohlfslab/abierly2/LongTR/longTR_pipeline_HG02081/HG02081.chr2.vcf.gz	2.182382 seconds
Concatenating /scratch/rohlfslab/abierly2/LongTR/longTR_pipeline_HG02081/HG02081.chr3.vcf.gz	1.737772 seconds
Concatenating /scratch/rohlfslab/abierly2/LongTR/longTR_pipeline_HG02081/HG02081.chr4.vcf.gz	1.662426 seconds
Concatenating /scratch/rohlfslab/abierly2/LongTR/longTR_pipeline_HG02081/HG02081.chr5.vcf.gz	1.607065 seconds
Concatenating /scratch/rohlfslab/abierly2/LongTR/longTR_pipeline_HG02081/HG02081.chr6.vcf.gz	1.519808 seconds
Concatenating /scratch/rohlfslab/abierly2/LongTR/longTR_pipeline_HG02081/HG02081.chr7.vcf.gz	1.465347 seconds
Concatenating /scratch/rohlfslab/abierly2/LongTR/longTR_pipeline_HG02081/HG02081.chr8.vcf.gz	1.272304 seconds
Concatenating /scratch/rohlfslab/abierly2/LongTR/longTR_pipeline_HG02081/HG02081.chr9.vcf.gz	1.079027 seconds
Concatenating /scratch/rohlfslab/abierly2/LongTR/longTR_pipeline_HG02081/HG02081.chrM.vcf.gz	0.000370 seconds
Concatenating /scratch/rohlfslab/abierly2/LongTR/longTR_pipeline_HG02081/HG02081.chrX.vcf.gz	1.317354 seconds
Concatenating /scratch/rohlfslab/abierly2/LongTR/longTR_pipeline_HG02081/HG02081.chrY.vcf.gz	0.000324 seconds
