Checking the headers and starting positions of 25 files
Concatenating /scratch/rohlfslab/abierly2/LongTR/longTR_pipeline_NA18639/NA18639.chr10.vcf.gz	0.872775 seconds
Concatenating /scratch/rohlfslab/abierly2/LongTR/longTR_pipeline_NA18639/NA18639.chr11.vcf.gz	0.836779 seconds
Concatenating /scratch/rohlfslab/abierly2/LongTR/longTR_pipeline_NA18639/NA18639.chr12.vcf.gz	0.890623 seconds
Concatenating /scratch/rohlfslab/abierly2/LongTR/longTR_pipeline_NA18639/NA18639.chr13.vcf.gz	0.582177 seconds
Concatenating /scratch/rohlfslab/abierly2/LongTR/longTR_pipeline_NA18639/NA18639.chr14.vcf.gz	0.578281 seconds
Concatenating /scratch/rohlfslab/abierly2/LongTR/longTR_pipeline_NA18639/NA18639.chr15.vcf.gz	0.554013 seconds
Concatenating /scratch/rohlfslab/abierly2/LongTR/longTR_pipeline_NA18639/NA18639.chr16.vcf.gz	0.552594 seconds
Concatenating /scratch/rohlfslab/abierly2/LongTR/longTR_pipeline_NA18639/NA18639.chr17.vcf.gz	0.609213 seconds
Concatenating /scratch/rohlfslab/abierly2/LongTR/longTR_pipeline_NA18639/NA18639.chr18.vcf.gz	0.426426 seconds
Concatenating /scratch/rohlfslab/abierly2/LongTR/longTR_pipeline_NA18639/NA18639.chr19.vcf.gz	0.492092 seconds
Concatenating /scratch/rohlfslab/abierly2/LongTR/longTR_pipeline_NA18639/NA18639.chr1.vcf.gz	1.589612 seconds
Concatenating /scratch/rohlfslab/abierly2/LongTR/longTR_pipeline_NA18639/NA18639.chr20.vcf.gz	0.370647 seconds
Concatenating /scratch/rohlfslab/abierly2/LongTR/longTR_pipeline_NA18639/NA18639.chr21.vcf.gz	0.208373 seconds
Concatenating /scratch/rohlfslab/abierly2/LongTR/longTR_pipeline_NA18639/NA18639.chr22.vcf.gz	0.267626 seconds
Concatenating /scratch/rohlfslab/abierly2/LongTR/longTR_pipeline_NA18639/NA18639.chr2.vcf.gz	1.561237 seconds
Concatenating /scratch/rohlfslab/abierly2/LongTR/longTR_pipeline_NA18639/NA18639.chr3.vcf.gz	1.243421 seconds
Concatenating /scratch/rohlfslab/abierly2/LongTR/longTR_pipeline_NA18639/NA18639.chr4.vcf.gz	1.151792 seconds
Concatenating /scratch/rohlfslab/abierly2/LongTR/longTR_pipeline_NA18639/NA18639.chr5.vcf.gz	1.117574 seconds
Concatenating /scratch/rohlfslab/abierly2/LongTR/longTR_pipeline_NA18639/NA18639.chr6.vcf.gz	1.080656 seconds
Concatenating /scratch/rohlfslab/abierly2/LongTR/longTR_pipeline_NA18639/NA18639.chr7.vcf.gz	1.030139 seconds
Concatenating /scratch/rohlfslab/abierly2/LongTR/longTR_pipeline_NA18639/NA18639.chr8.vcf.gz	0.888206 seconds
Concatenating /scratch/rohlfslab/abierly2/LongTR/longTR_pipeline_NA18639/NA18639.chr9.vcf.gz	0.761504 seconds
Concatenating /scratch/rohlfslab/abierly2/LongTR/longTR_pipeline_NA18639/NA18639.chrM.vcf.gz	0.000342 seconds
Concatenating /scratch/rohlfslab/abierly2/LongTR/longTR_pipeline_NA18639/NA18639.chrX.vcf.gz	0.122015 seconds
Concatenating /scratch/rohlfslab/abierly2/LongTR/longTR_pipeline_NA18639/NA18639.chrY.vcf.gz	0.004354 seconds
