Checking the headers and starting positions of 25 files
Concatenating /scratch/rohlfslab/abierly2/LongTR/longTR_pipeline_NA12766/NA12766.chr10.vcf.gz	1.181034 seconds
Concatenating /scratch/rohlfslab/abierly2/LongTR/longTR_pipeline_NA12766/NA12766.chr11.vcf.gz	1.111668 seconds
Concatenating /scratch/rohlfslab/abierly2/LongTR/longTR_pipeline_NA12766/NA12766.chr12.vcf.gz	1.187839 seconds
Concatenating /scratch/rohlfslab/abierly2/LongTR/longTR_pipeline_NA12766/NA12766.chr13.vcf.gz	0.807450 seconds
Concatenating /scratch/rohlfslab/abierly2/LongTR/longTR_pipeline_NA12766/NA12766.chr14.vcf.gz	0.774041 seconds
Concatenating /scratch/rohlfslab/abierly2/LongTR/longTR_pipeline_NA12766/NA12766.chr15.vcf.gz	0.732757 seconds
Concatenating /scratch/rohlfslab/abierly2/LongTR/longTR_pipeline_NA12766/NA12766.chr16.vcf.gz	0.761412 seconds
Concatenating /scratch/rohlfslab/abierly2/LongTR/longTR_pipeline_NA12766/NA12766.chr17.vcf.gz	0.794505 seconds
Concatenating /scratch/rohlfslab/abierly2/LongTR/longTR_pipeline_NA12766/NA12766.chr18.vcf.gz	0.585872 seconds
Concatenating /scratch/rohlfslab/abierly2/LongTR/longTR_pipeline_NA12766/NA12766.chr19.vcf.gz	0.660339 seconds
Concatenating /scratch/rohlfslab/abierly2/LongTR/longTR_pipeline_NA12766/NA12766.chr1.vcf.gz	2.093791 seconds
Concatenating /scratch/rohlfslab/abierly2/LongTR/longTR_pipeline_NA12766/NA12766.chr20.vcf.gz	0.490665 seconds
Concatenating /scratch/rohlfslab/abierly2/LongTR/longTR_pipeline_NA12766/NA12766.chr21.vcf.gz	0.286961 seconds
Concatenating /scratch/rohlfslab/abierly2/LongTR/longTR_pipeline_NA12766/NA12766.chr22.vcf.gz	0.347768 seconds
Concatenating /scratch/rohlfslab/abierly2/LongTR/longTR_pipeline_NA12766/NA12766.chr2.vcf.gz	2.090847 seconds
Concatenating /scratch/rohlfslab/abierly2/LongTR/longTR_pipeline_NA12766/NA12766.chr3.vcf.gz	1.698694 seconds
Concatenating /scratch/rohlfslab/abierly2/LongTR/longTR_pipeline_NA12766/NA12766.chr4.vcf.gz	1.591820 seconds
Concatenating /scratch/rohlfslab/abierly2/LongTR/longTR_pipeline_NA12766/NA12766.chr5.vcf.gz	1.509057 seconds
Concatenating /scratch/rohlfslab/abierly2/LongTR/longTR_pipeline_NA12766/NA12766.chr6.vcf.gz	1.480072 seconds
Concatenating /scratch/rohlfslab/abierly2/LongTR/longTR_pipeline_NA12766/NA12766.chr7.vcf.gz	1.407453 seconds
Concatenating /scratch/rohlfslab/abierly2/LongTR/longTR_pipeline_NA12766/NA12766.chr8.vcf.gz	1.213604 seconds
Concatenating /scratch/rohlfslab/abierly2/LongTR/longTR_pipeline_NA12766/NA12766.chr9.vcf.gz	1.026878 seconds
Concatenating /scratch/rohlfslab/abierly2/LongTR/longTR_pipeline_NA12766/NA12766.chrM.vcf.gz	0.000305 seconds
Concatenating /scratch/rohlfslab/abierly2/LongTR/longTR_pipeline_NA12766/NA12766.chrX.vcf.gz	0.411484 seconds
Concatenating /scratch/rohlfslab/abierly2/LongTR/longTR_pipeline_NA12766/NA12766.chrY.vcf.gz	0.018297 seconds
