Checking the headers and starting positions of 25 files
Concatenating /scratch/rohlfslab/abierly2/LongTR/longTR_pipeline_HG02728/HG02728.chr10.vcf.gz	1.184739 seconds
Concatenating /scratch/rohlfslab/abierly2/LongTR/longTR_pipeline_HG02728/HG02728.chr11.vcf.gz	1.119933 seconds
Concatenating /scratch/rohlfslab/abierly2/LongTR/longTR_pipeline_HG02728/HG02728.chr12.vcf.gz	1.197285 seconds
Concatenating /scratch/rohlfslab/abierly2/LongTR/longTR_pipeline_HG02728/HG02728.chr13.vcf.gz	0.812003 seconds
Concatenating /scratch/rohlfslab/abierly2/LongTR/longTR_pipeline_HG02728/HG02728.chr14.vcf.gz	0.800690 seconds
Concatenating /scratch/rohlfslab/abierly2/LongTR/longTR_pipeline_HG02728/HG02728.chr15.vcf.gz	0.733849 seconds
Concatenating /scratch/rohlfslab/abierly2/LongTR/longTR_pipeline_HG02728/HG02728.chr16.vcf.gz	0.762965 seconds
Concatenating /scratch/rohlfslab/abierly2/LongTR/longTR_pipeline_HG02728/HG02728.chr17.vcf.gz	0.812237 seconds
Concatenating /scratch/rohlfslab/abierly2/LongTR/longTR_pipeline_HG02728/HG02728.chr18.vcf.gz	0.593846 seconds
Concatenating /scratch/rohlfslab/abierly2/LongTR/longTR_pipeline_HG02728/HG02728.chr19.vcf.gz	0.675445 seconds
Concatenating /scratch/rohlfslab/abierly2/LongTR/longTR_pipeline_HG02728/HG02728.chr1.vcf.gz	2.132891 seconds
Concatenating /scratch/rohlfslab/abierly2/LongTR/longTR_pipeline_HG02728/HG02728.chr20.vcf.gz	0.504993 seconds
Concatenating /scratch/rohlfslab/abierly2/LongTR/longTR_pipeline_HG02728/HG02728.chr21.vcf.gz	0.284897 seconds
Concatenating /scratch/rohlfslab/abierly2/LongTR/longTR_pipeline_HG02728/HG02728.chr22.vcf.gz	0.350137 seconds
Concatenating /scratch/rohlfslab/abierly2/LongTR/longTR_pipeline_HG02728/HG02728.chr2.vcf.gz	2.090314 seconds
Concatenating /scratch/rohlfslab/abierly2/LongTR/longTR_pipeline_HG02728/HG02728.chr3.vcf.gz	1.671789 seconds
Concatenating /scratch/rohlfslab/abierly2/LongTR/longTR_pipeline_HG02728/HG02728.chr4.vcf.gz	1.583318 seconds
Concatenating /scratch/rohlfslab/abierly2/LongTR/longTR_pipeline_HG02728/HG02728.chr5.vcf.gz	1.525742 seconds
Concatenating /scratch/rohlfslab/abierly2/LongTR/longTR_pipeline_HG02728/HG02728.chr6.vcf.gz	1.467898 seconds
Concatenating /scratch/rohlfslab/abierly2/LongTR/longTR_pipeline_HG02728/HG02728.chr7.vcf.gz	1.414469 seconds
Concatenating /scratch/rohlfslab/abierly2/LongTR/longTR_pipeline_HG02728/HG02728.chr8.vcf.gz	1.227221 seconds
Concatenating /scratch/rohlfslab/abierly2/LongTR/longTR_pipeline_HG02728/HG02728.chr9.vcf.gz	1.038223 seconds
Concatenating /scratch/rohlfslab/abierly2/LongTR/longTR_pipeline_HG02728/HG02728.chrM.vcf.gz	0.000313 seconds
Concatenating /scratch/rohlfslab/abierly2/LongTR/longTR_pipeline_HG02728/HG02728.chrX.vcf.gz	1.248578 seconds
Concatenating /scratch/rohlfslab/abierly2/LongTR/longTR_pipeline_HG02728/HG02728.chrY.vcf.gz	0.000313 seconds
