Checking the headers and starting positions of 25 files
Concatenating /scratch/rohlfslab/abierly2/LongTR/longTR_pipeline_NA19720/NA19720.chr10.vcf.gz	0.211314 seconds
Concatenating /scratch/rohlfslab/abierly2/LongTR/longTR_pipeline_NA19720/NA19720.chr11.vcf.gz	0.200990 seconds
Concatenating /scratch/rohlfslab/abierly2/LongTR/longTR_pipeline_NA19720/NA19720.chr12.vcf.gz	0.218199 seconds
Concatenating /scratch/rohlfslab/abierly2/LongTR/longTR_pipeline_NA19720/NA19720.chr13.vcf.gz	0.131806 seconds
Concatenating /scratch/rohlfslab/abierly2/LongTR/longTR_pipeline_NA19720/NA19720.chr14.vcf.gz	0.147226 seconds
Concatenating /scratch/rohlfslab/abierly2/LongTR/longTR_pipeline_NA19720/NA19720.chr15.vcf.gz	0.142709 seconds
Concatenating /scratch/rohlfslab/abierly2/LongTR/longTR_pipeline_NA19720/NA19720.chr16.vcf.gz	0.140761 seconds
Concatenating /scratch/rohlfslab/abierly2/LongTR/longTR_pipeline_NA19720/NA19720.chr17.vcf.gz	0.151673 seconds
Concatenating /scratch/rohlfslab/abierly2/LongTR/longTR_pipeline_NA19720/NA19720.chr18.vcf.gz	0.101429 seconds
Concatenating /scratch/rohlfslab/abierly2/LongTR/longTR_pipeline_NA19720/NA19720.chr19.vcf.gz	0.125548 seconds
Concatenating /scratch/rohlfslab/abierly2/LongTR/longTR_pipeline_NA19720/NA19720.chr1.vcf.gz	0.383694 seconds
Concatenating /scratch/rohlfslab/abierly2/LongTR/longTR_pipeline_NA19720/NA19720.chr20.vcf.gz	0.095655 seconds
Concatenating /scratch/rohlfslab/abierly2/LongTR/longTR_pipeline_NA19720/NA19720.chr21.vcf.gz	0.054580 seconds
Concatenating /scratch/rohlfslab/abierly2/LongTR/longTR_pipeline_NA19720/NA19720.chr22.vcf.gz	0.064064 seconds
Concatenating /scratch/rohlfslab/abierly2/LongTR/longTR_pipeline_NA19720/NA19720.chr2.vcf.gz	0.375100 seconds
Concatenating /scratch/rohlfslab/abierly2/LongTR/longTR_pipeline_NA19720/NA19720.chr3.vcf.gz	0.297154 seconds
Concatenating /scratch/rohlfslab/abierly2/LongTR/longTR_pipeline_NA19720/NA19720.chr4.vcf.gz	0.278040 seconds
Concatenating /scratch/rohlfslab/abierly2/LongTR/longTR_pipeline_NA19720/NA19720.chr5.vcf.gz	0.273419 seconds
Concatenating /scratch/rohlfslab/abierly2/LongTR/longTR_pipeline_NA19720/NA19720.chr6.vcf.gz	0.273304 seconds
Concatenating /scratch/rohlfslab/abierly2/LongTR/longTR_pipeline_NA19720/NA19720.chr7.vcf.gz	0.235341 seconds
Concatenating /scratch/rohlfslab/abierly2/LongTR/longTR_pipeline_NA19720/NA19720.chr8.vcf.gz	0.206779 seconds
Concatenating /scratch/rohlfslab/abierly2/LongTR/longTR_pipeline_NA19720/NA19720.chr9.vcf.gz	0.179629 seconds
Concatenating /scratch/rohlfslab/abierly2/LongTR/longTR_pipeline_NA19720/NA19720.chrM.vcf.gz	0.000289 seconds
Concatenating /scratch/rohlfslab/abierly2/LongTR/longTR_pipeline_NA19720/NA19720.chrX.vcf.gz	0.015428 seconds
Concatenating /scratch/rohlfslab/abierly2/LongTR/longTR_pipeline_NA19720/NA19720.chrY.vcf.gz	0.000327 seconds
