Checking the headers and starting positions of 25 files
Concatenating /scratch/rohlfslab/abierly2/LongTR/longTR_pipeline_HG00684/HG00684.chr10.vcf.gz	1.222425 seconds
Concatenating /scratch/rohlfslab/abierly2/LongTR/longTR_pipeline_HG00684/HG00684.chr11.vcf.gz	1.159422 seconds
Concatenating /scratch/rohlfslab/abierly2/LongTR/longTR_pipeline_HG00684/HG00684.chr12.vcf.gz	1.232428 seconds
Concatenating /scratch/rohlfslab/abierly2/LongTR/longTR_pipeline_HG00684/HG00684.chr13.vcf.gz	0.850122 seconds
Concatenating /scratch/rohlfslab/abierly2/LongTR/longTR_pipeline_HG00684/HG00684.chr14.vcf.gz	0.805426 seconds
Concatenating /scratch/rohlfslab/abierly2/LongTR/longTR_pipeline_HG00684/HG00684.chr15.vcf.gz	0.765697 seconds
Concatenating /scratch/rohlfslab/abierly2/LongTR/longTR_pipeline_HG00684/HG00684.chr16.vcf.gz	0.790290 seconds
Concatenating /scratch/rohlfslab/abierly2/LongTR/longTR_pipeline_HG00684/HG00684.chr17.vcf.gz	0.824209 seconds
Concatenating /scratch/rohlfslab/abierly2/LongTR/longTR_pipeline_HG00684/HG00684.chr18.vcf.gz	0.614143 seconds
Concatenating /scratch/rohlfslab/abierly2/LongTR/longTR_pipeline_HG00684/HG00684.chr19.vcf.gz	0.688021 seconds
Concatenating /scratch/rohlfslab/abierly2/LongTR/longTR_pipeline_HG00684/HG00684.chr1.vcf.gz	2.213691 seconds
Concatenating /scratch/rohlfslab/abierly2/LongTR/longTR_pipeline_HG00684/HG00684.chr20.vcf.gz	0.512822 seconds
Concatenating /scratch/rohlfslab/abierly2/LongTR/longTR_pipeline_HG00684/HG00684.chr21.vcf.gz	0.299597 seconds
Concatenating /scratch/rohlfslab/abierly2/LongTR/longTR_pipeline_HG00684/HG00684.chr22.vcf.gz	0.357520 seconds
Concatenating /scratch/rohlfslab/abierly2/LongTR/longTR_pipeline_HG00684/HG00684.chr2.vcf.gz	2.175218 seconds
Concatenating /scratch/rohlfslab/abierly2/LongTR/longTR_pipeline_HG00684/HG00684.chr3.vcf.gz	1.746473 seconds
Concatenating /scratch/rohlfslab/abierly2/LongTR/longTR_pipeline_HG00684/HG00684.chr4.vcf.gz	1.702680 seconds
Concatenating /scratch/rohlfslab/abierly2/LongTR/longTR_pipeline_HG00684/HG00684.chr5.vcf.gz	1.571940 seconds
Concatenating /scratch/rohlfslab/abierly2/LongTR/longTR_pipeline_HG00684/HG00684.chr6.vcf.gz	1.559950 seconds
Concatenating /scratch/rohlfslab/abierly2/LongTR/longTR_pipeline_HG00684/HG00684.chr7.vcf.gz	1.493325 seconds
Concatenating /scratch/rohlfslab/abierly2/LongTR/longTR_pipeline_HG00684/HG00684.chr8.vcf.gz	1.265643 seconds
Concatenating /scratch/rohlfslab/abierly2/LongTR/longTR_pipeline_HG00684/HG00684.chr9.vcf.gz	1.068738 seconds
Concatenating /scratch/rohlfslab/abierly2/LongTR/longTR_pipeline_HG00684/HG00684.chrM.vcf.gz	0.000326 seconds
Concatenating /scratch/rohlfslab/abierly2/LongTR/longTR_pipeline_HG00684/HG00684.chrX.vcf.gz	1.313163 seconds
Concatenating /scratch/rohlfslab/abierly2/LongTR/longTR_pipeline_HG00684/HG00684.chrY.vcf.gz	0.000314 seconds
