Checking the headers and starting positions of 25 files
Concatenating /scratch/rohlfslab/abierly2/LongTR/longTR_pipeline_HG01595/HG01595.chr10.vcf.gz	1.153220 seconds
Concatenating /scratch/rohlfslab/abierly2/LongTR/longTR_pipeline_HG01595/HG01595.chr11.vcf.gz	1.113343 seconds
Concatenating /scratch/rohlfslab/abierly2/LongTR/longTR_pipeline_HG01595/HG01595.chr12.vcf.gz	1.202709 seconds
Concatenating /scratch/rohlfslab/abierly2/LongTR/longTR_pipeline_HG01595/HG01595.chr13.vcf.gz	0.825380 seconds
Concatenating /scratch/rohlfslab/abierly2/LongTR/longTR_pipeline_HG01595/HG01595.chr14.vcf.gz	0.770622 seconds
Concatenating /scratch/rohlfslab/abierly2/LongTR/longTR_pipeline_HG01595/HG01595.chr15.vcf.gz	0.711260 seconds
Concatenating /scratch/rohlfslab/abierly2/LongTR/longTR_pipeline_HG01595/HG01595.chr16.vcf.gz	0.742908 seconds
Concatenating /scratch/rohlfslab/abierly2/LongTR/longTR_pipeline_HG01595/HG01595.chr17.vcf.gz	0.788717 seconds
Concatenating /scratch/rohlfslab/abierly2/LongTR/longTR_pipeline_HG01595/HG01595.chr18.vcf.gz	0.584001 seconds
Concatenating /scratch/rohlfslab/abierly2/LongTR/longTR_pipeline_HG01595/HG01595.chr19.vcf.gz	0.657871 seconds
Concatenating /scratch/rohlfslab/abierly2/LongTR/longTR_pipeline_HG01595/HG01595.chr1.vcf.gz	2.088531 seconds
Concatenating /scratch/rohlfslab/abierly2/LongTR/longTR_pipeline_HG01595/HG01595.chr20.vcf.gz	0.489478 seconds
Concatenating /scratch/rohlfslab/abierly2/LongTR/longTR_pipeline_HG01595/HG01595.chr21.vcf.gz	0.283312 seconds
Concatenating /scratch/rohlfslab/abierly2/LongTR/longTR_pipeline_HG01595/HG01595.chr22.vcf.gz	0.338815 seconds
Concatenating /scratch/rohlfslab/abierly2/LongTR/longTR_pipeline_HG01595/HG01595.chr2.vcf.gz	2.031082 seconds
Concatenating /scratch/rohlfslab/abierly2/LongTR/longTR_pipeline_HG01595/HG01595.chr3.vcf.gz	1.643952 seconds
Concatenating /scratch/rohlfslab/abierly2/LongTR/longTR_pipeline_HG01595/HG01595.chr4.vcf.gz	1.569539 seconds
Concatenating /scratch/rohlfslab/abierly2/LongTR/longTR_pipeline_HG01595/HG01595.chr5.vcf.gz	1.486777 seconds
Concatenating /scratch/rohlfslab/abierly2/LongTR/longTR_pipeline_HG01595/HG01595.chr6.vcf.gz	1.442057 seconds
Concatenating /scratch/rohlfslab/abierly2/LongTR/longTR_pipeline_HG01595/HG01595.chr7.vcf.gz	1.386899 seconds
Concatenating /scratch/rohlfslab/abierly2/LongTR/longTR_pipeline_HG01595/HG01595.chr8.vcf.gz	1.195963 seconds
Concatenating /scratch/rohlfslab/abierly2/LongTR/longTR_pipeline_HG01595/HG01595.chr9.vcf.gz	1.011107 seconds
Concatenating /scratch/rohlfslab/abierly2/LongTR/longTR_pipeline_HG01595/HG01595.chrM.vcf.gz	0.000311 seconds
Concatenating /scratch/rohlfslab/abierly2/LongTR/longTR_pipeline_HG01595/HG01595.chrX.vcf.gz	1.202120 seconds
Concatenating /scratch/rohlfslab/abierly2/LongTR/longTR_pipeline_HG01595/HG01595.chrY.vcf.gz	0.000304 seconds
