Checking the headers and starting positions of 25 files
Concatenating /scratch/rohlfslab/abierly2/LongTR/longTR_pipeline_HG00381/HG00381.chr10.vcf.gz	1.254339 seconds
Concatenating /scratch/rohlfslab/abierly2/LongTR/longTR_pipeline_HG00381/HG00381.chr11.vcf.gz	1.205299 seconds
Concatenating /scratch/rohlfslab/abierly2/LongTR/longTR_pipeline_HG00381/HG00381.chr12.vcf.gz	1.262129 seconds
Concatenating /scratch/rohlfslab/abierly2/LongTR/longTR_pipeline_HG00381/HG00381.chr13.vcf.gz	0.872836 seconds
Concatenating /scratch/rohlfslab/abierly2/LongTR/longTR_pipeline_HG00381/HG00381.chr14.vcf.gz	0.831060 seconds
Concatenating /scratch/rohlfslab/abierly2/LongTR/longTR_pipeline_HG00381/HG00381.chr15.vcf.gz	0.786541 seconds
Concatenating /scratch/rohlfslab/abierly2/LongTR/longTR_pipeline_HG00381/HG00381.chr16.vcf.gz	0.825241 seconds
Concatenating /scratch/rohlfslab/abierly2/LongTR/longTR_pipeline_HG00381/HG00381.chr17.vcf.gz	0.849370 seconds
Concatenating /scratch/rohlfslab/abierly2/LongTR/longTR_pipeline_HG00381/HG00381.chr18.vcf.gz	0.631762 seconds
Concatenating /scratch/rohlfslab/abierly2/LongTR/longTR_pipeline_HG00381/HG00381.chr19.vcf.gz	0.712052 seconds
Concatenating /scratch/rohlfslab/abierly2/LongTR/longTR_pipeline_HG00381/HG00381.chr1.vcf.gz	2.233984 seconds
Concatenating /scratch/rohlfslab/abierly2/LongTR/longTR_pipeline_HG00381/HG00381.chr20.vcf.gz	0.527637 seconds
Concatenating /scratch/rohlfslab/abierly2/LongTR/longTR_pipeline_HG00381/HG00381.chr21.vcf.gz	0.305362 seconds
Concatenating /scratch/rohlfslab/abierly2/LongTR/longTR_pipeline_HG00381/HG00381.chr22.vcf.gz	0.372764 seconds
Concatenating /scratch/rohlfslab/abierly2/LongTR/longTR_pipeline_HG00381/HG00381.chr2.vcf.gz	2.242904 seconds
Concatenating /scratch/rohlfslab/abierly2/LongTR/longTR_pipeline_HG00381/HG00381.chr3.vcf.gz	1.794175 seconds
Concatenating /scratch/rohlfslab/abierly2/LongTR/longTR_pipeline_HG00381/HG00381.chr4.vcf.gz	1.703977 seconds
Concatenating /scratch/rohlfslab/abierly2/LongTR/longTR_pipeline_HG00381/HG00381.chr5.vcf.gz	1.620978 seconds
Concatenating /scratch/rohlfslab/abierly2/LongTR/longTR_pipeline_HG00381/HG00381.chr6.vcf.gz	1.555285 seconds
Concatenating /scratch/rohlfslab/abierly2/LongTR/longTR_pipeline_HG00381/HG00381.chr7.vcf.gz	1.502820 seconds
Concatenating /scratch/rohlfslab/abierly2/LongTR/longTR_pipeline_HG00381/HG00381.chr8.vcf.gz	1.304362 seconds
Concatenating /scratch/rohlfslab/abierly2/LongTR/longTR_pipeline_HG00381/HG00381.chr9.vcf.gz	1.101117 seconds
Concatenating /scratch/rohlfslab/abierly2/LongTR/longTR_pipeline_HG00381/HG00381.chrM.vcf.gz	0.000292 seconds
Concatenating /scratch/rohlfslab/abierly2/LongTR/longTR_pipeline_HG00381/HG00381.chrX.vcf.gz	1.348405 seconds
Concatenating /scratch/rohlfslab/abierly2/LongTR/longTR_pipeline_HG00381/HG00381.chrY.vcf.gz	0.000292 seconds
