Checking the headers and starting positions of 25 files
Concatenating /scratch/rohlfslab/abierly2/LongTR/longTR_pipeline_HG01551/HG01551.chr10.vcf.gz	1.214413 seconds
Concatenating /scratch/rohlfslab/abierly2/LongTR/longTR_pipeline_HG01551/HG01551.chr11.vcf.gz	1.158971 seconds
Concatenating /scratch/rohlfslab/abierly2/LongTR/longTR_pipeline_HG01551/HG01551.chr12.vcf.gz	1.224238 seconds
Concatenating /scratch/rohlfslab/abierly2/LongTR/longTR_pipeline_HG01551/HG01551.chr13.vcf.gz	0.836360 seconds
Concatenating /scratch/rohlfslab/abierly2/LongTR/longTR_pipeline_HG01551/HG01551.chr14.vcf.gz	0.797383 seconds
Concatenating /scratch/rohlfslab/abierly2/LongTR/longTR_pipeline_HG01551/HG01551.chr15.vcf.gz	0.751349 seconds
Concatenating /scratch/rohlfslab/abierly2/LongTR/longTR_pipeline_HG01551/HG01551.chr16.vcf.gz	0.788032 seconds
Concatenating /scratch/rohlfslab/abierly2/LongTR/longTR_pipeline_HG01551/HG01551.chr17.vcf.gz	0.825346 seconds
Concatenating /scratch/rohlfslab/abierly2/LongTR/longTR_pipeline_HG01551/HG01551.chr18.vcf.gz	0.609225 seconds
Concatenating /scratch/rohlfslab/abierly2/LongTR/longTR_pipeline_HG01551/HG01551.chr19.vcf.gz	0.685998 seconds
Concatenating /scratch/rohlfslab/abierly2/LongTR/longTR_pipeline_HG01551/HG01551.chr1.vcf.gz	2.172615 seconds
Concatenating /scratch/rohlfslab/abierly2/LongTR/longTR_pipeline_HG01551/HG01551.chr20.vcf.gz	0.509140 seconds
Concatenating /scratch/rohlfslab/abierly2/LongTR/longTR_pipeline_HG01551/HG01551.chr21.vcf.gz	0.294672 seconds
Concatenating /scratch/rohlfslab/abierly2/LongTR/longTR_pipeline_HG01551/HG01551.chr22.vcf.gz	0.364280 seconds
Concatenating /scratch/rohlfslab/abierly2/LongTR/longTR_pipeline_HG01551/HG01551.chr2.vcf.gz	2.198362 seconds
Concatenating /scratch/rohlfslab/abierly2/LongTR/longTR_pipeline_HG01551/HG01551.chr3.vcf.gz	1.729159 seconds
Concatenating /scratch/rohlfslab/abierly2/LongTR/longTR_pipeline_HG01551/HG01551.chr4.vcf.gz	1.636958 seconds
Concatenating /scratch/rohlfslab/abierly2/LongTR/longTR_pipeline_HG01551/HG01551.chr5.vcf.gz	1.566486 seconds
Concatenating /scratch/rohlfslab/abierly2/LongTR/longTR_pipeline_HG01551/HG01551.chr6.vcf.gz	1.500883 seconds
Concatenating /scratch/rohlfslab/abierly2/LongTR/longTR_pipeline_HG01551/HG01551.chr7.vcf.gz	1.468354 seconds
Concatenating /scratch/rohlfslab/abierly2/LongTR/longTR_pipeline_HG01551/HG01551.chr8.vcf.gz	1.269981 seconds
Concatenating /scratch/rohlfslab/abierly2/LongTR/longTR_pipeline_HG01551/HG01551.chr9.vcf.gz	1.073154 seconds
Concatenating /scratch/rohlfslab/abierly2/LongTR/longTR_pipeline_HG01551/HG01551.chrM.vcf.gz	0.000323 seconds
Concatenating /scratch/rohlfslab/abierly2/LongTR/longTR_pipeline_HG01551/HG01551.chrX.vcf.gz	1.317234 seconds
Concatenating /scratch/rohlfslab/abierly2/LongTR/longTR_pipeline_HG01551/HG01551.chrY.vcf.gz	0.000326 seconds
