Checking the headers and starting positions of 25 files
Concatenating /scratch/rohlfslab/abierly2/LongTR/longTR_pipeline_HG04006/HG04006.chr10.vcf.gz	1.080386 seconds
Concatenating /scratch/rohlfslab/abierly2/LongTR/longTR_pipeline_HG04006/HG04006.chr11.vcf.gz	1.031315 seconds
Concatenating /scratch/rohlfslab/abierly2/LongTR/longTR_pipeline_HG04006/HG04006.chr12.vcf.gz	1.092803 seconds
Concatenating /scratch/rohlfslab/abierly2/LongTR/longTR_pipeline_HG04006/HG04006.chr13.vcf.gz	0.751060 seconds
Concatenating /scratch/rohlfslab/abierly2/LongTR/longTR_pipeline_HG04006/HG04006.chr14.vcf.gz	0.717126 seconds
Concatenating /scratch/rohlfslab/abierly2/LongTR/longTR_pipeline_HG04006/HG04006.chr15.vcf.gz	0.670989 seconds
Concatenating /scratch/rohlfslab/abierly2/LongTR/longTR_pipeline_HG04006/HG04006.chr16.vcf.gz	0.676807 seconds
Concatenating /scratch/rohlfslab/abierly2/LongTR/longTR_pipeline_HG04006/HG04006.chr17.vcf.gz	0.721836 seconds
Concatenating /scratch/rohlfslab/abierly2/LongTR/longTR_pipeline_HG04006/HG04006.chr18.vcf.gz	0.542537 seconds
Concatenating /scratch/rohlfslab/abierly2/LongTR/longTR_pipeline_HG04006/HG04006.chr19.vcf.gz	0.584945 seconds
Concatenating /scratch/rohlfslab/abierly2/LongTR/longTR_pipeline_HG04006/HG04006.chr1.vcf.gz	1.925664 seconds
Concatenating /scratch/rohlfslab/abierly2/LongTR/longTR_pipeline_HG04006/HG04006.chr20.vcf.gz	0.443498 seconds
Concatenating /scratch/rohlfslab/abierly2/LongTR/longTR_pipeline_HG04006/HG04006.chr21.vcf.gz	0.259190 seconds
Concatenating /scratch/rohlfslab/abierly2/LongTR/longTR_pipeline_HG04006/HG04006.chr22.vcf.gz	0.319341 seconds
Concatenating /scratch/rohlfslab/abierly2/LongTR/longTR_pipeline_HG04006/HG04006.chr2.vcf.gz	1.938295 seconds
Concatenating /scratch/rohlfslab/abierly2/LongTR/longTR_pipeline_HG04006/HG04006.chr3.vcf.gz	1.538300 seconds
Concatenating /scratch/rohlfslab/abierly2/LongTR/longTR_pipeline_HG04006/HG04006.chr4.vcf.gz	1.497387 seconds
Concatenating /scratch/rohlfslab/abierly2/LongTR/longTR_pipeline_HG04006/HG04006.chr5.vcf.gz	1.391735 seconds
Concatenating /scratch/rohlfslab/abierly2/LongTR/longTR_pipeline_HG04006/HG04006.chr6.vcf.gz	1.350899 seconds
Concatenating /scratch/rohlfslab/abierly2/LongTR/longTR_pipeline_HG04006/HG04006.chr7.vcf.gz	1.292210 seconds
Concatenating /scratch/rohlfslab/abierly2/LongTR/longTR_pipeline_HG04006/HG04006.chr8.vcf.gz	1.113855 seconds
Concatenating /scratch/rohlfslab/abierly2/LongTR/longTR_pipeline_HG04006/HG04006.chr9.vcf.gz	0.932115 seconds
Concatenating /scratch/rohlfslab/abierly2/LongTR/longTR_pipeline_HG04006/HG04006.chrM.vcf.gz	0.000474 seconds
Concatenating /scratch/rohlfslab/abierly2/LongTR/longTR_pipeline_HG04006/HG04006.chrX.vcf.gz	0.264704 seconds
Concatenating /scratch/rohlfslab/abierly2/LongTR/longTR_pipeline_HG04006/HG04006.chrY.vcf.gz	0.012204 seconds
