Checking the headers and starting positions of 25 files
Concatenating /scratch/rohlfslab/abierly2/LongTR/longTR_pipeline_NA18525/NA18525.chr10.vcf.gz	0.351793 seconds
Concatenating /scratch/rohlfslab/abierly2/LongTR/longTR_pipeline_NA18525/NA18525.chr11.vcf.gz	0.360948 seconds
Concatenating /scratch/rohlfslab/abierly2/LongTR/longTR_pipeline_NA18525/NA18525.chr12.vcf.gz	0.371655 seconds
Concatenating /scratch/rohlfslab/abierly2/LongTR/longTR_pipeline_NA18525/NA18525.chr13.vcf.gz	0.217358 seconds
Concatenating /scratch/rohlfslab/abierly2/LongTR/longTR_pipeline_NA18525/NA18525.chr14.vcf.gz	0.236318 seconds
Concatenating /scratch/rohlfslab/abierly2/LongTR/longTR_pipeline_NA18525/NA18525.chr15.vcf.gz	0.237944 seconds
Concatenating /scratch/rohlfslab/abierly2/LongTR/longTR_pipeline_NA18525/NA18525.chr16.vcf.gz	0.241087 seconds
Concatenating /scratch/rohlfslab/abierly2/LongTR/longTR_pipeline_NA18525/NA18525.chr17.vcf.gz	0.260983 seconds
Concatenating /scratch/rohlfslab/abierly2/LongTR/longTR_pipeline_NA18525/NA18525.chr18.vcf.gz	0.168208 seconds
Concatenating /scratch/rohlfslab/abierly2/LongTR/longTR_pipeline_NA18525/NA18525.chr19.vcf.gz	0.209572 seconds
Concatenating /scratch/rohlfslab/abierly2/LongTR/longTR_pipeline_NA18525/NA18525.chr1.vcf.gz	0.674583 seconds
Concatenating /scratch/rohlfslab/abierly2/LongTR/longTR_pipeline_NA18525/NA18525.chr20.vcf.gz	0.154112 seconds
Concatenating /scratch/rohlfslab/abierly2/LongTR/longTR_pipeline_NA18525/NA18525.chr21.vcf.gz	0.086174 seconds
Concatenating /scratch/rohlfslab/abierly2/LongTR/longTR_pipeline_NA18525/NA18525.chr22.vcf.gz	0.119078 seconds
Concatenating /scratch/rohlfslab/abierly2/LongTR/longTR_pipeline_NA18525/NA18525.chr2.vcf.gz	0.617667 seconds
Concatenating /scratch/rohlfslab/abierly2/LongTR/longTR_pipeline_NA18525/NA18525.chr3.vcf.gz	0.504117 seconds
Concatenating /scratch/rohlfslab/abierly2/LongTR/longTR_pipeline_NA18525/NA18525.chr4.vcf.gz	0.440706 seconds
Concatenating /scratch/rohlfslab/abierly2/LongTR/longTR_pipeline_NA18525/NA18525.chr5.vcf.gz	0.438479 seconds
Concatenating /scratch/rohlfslab/abierly2/LongTR/longTR_pipeline_NA18525/NA18525.chr6.vcf.gz	0.441245 seconds
Concatenating /scratch/rohlfslab/abierly2/LongTR/longTR_pipeline_NA18525/NA18525.chr7.vcf.gz	0.415059 seconds
Concatenating /scratch/rohlfslab/abierly2/LongTR/longTR_pipeline_NA18525/NA18525.chr8.vcf.gz	0.350501 seconds
Concatenating /scratch/rohlfslab/abierly2/LongTR/longTR_pipeline_NA18525/NA18525.chr9.vcf.gz	0.307354 seconds
Concatenating /scratch/rohlfslab/abierly2/LongTR/longTR_pipeline_NA18525/NA18525.chrM.vcf.gz	0.000295 seconds
Concatenating /scratch/rohlfslab/abierly2/LongTR/longTR_pipeline_NA18525/NA18525.chrX.vcf.gz	0.318380 seconds
Concatenating /scratch/rohlfslab/abierly2/LongTR/longTR_pipeline_NA18525/NA18525.chrY.vcf.gz	0.000302 seconds
