Checking the headers and starting positions of 25 files
Concatenating /scratch/rohlfslab/abierly2/LongTR/longTR_pipeline_NA18538/NA18538.chr10.vcf.gz	0.579273 seconds
Concatenating /scratch/rohlfslab/abierly2/LongTR/longTR_pipeline_NA18538/NA18538.chr11.vcf.gz	0.563977 seconds
Concatenating /scratch/rohlfslab/abierly2/LongTR/longTR_pipeline_NA18538/NA18538.chr12.vcf.gz	0.615638 seconds
Concatenating /scratch/rohlfslab/abierly2/LongTR/longTR_pipeline_NA18538/NA18538.chr13.vcf.gz	0.417227 seconds
Concatenating /scratch/rohlfslab/abierly2/LongTR/longTR_pipeline_NA18538/NA18538.chr14.vcf.gz	0.402713 seconds
Concatenating /scratch/rohlfslab/abierly2/LongTR/longTR_pipeline_NA18538/NA18538.chr15.vcf.gz	0.363944 seconds
Concatenating /scratch/rohlfslab/abierly2/LongTR/longTR_pipeline_NA18538/NA18538.chr16.vcf.gz	0.375843 seconds
Concatenating /scratch/rohlfslab/abierly2/LongTR/longTR_pipeline_NA18538/NA18538.chr17.vcf.gz	0.422294 seconds
Concatenating /scratch/rohlfslab/abierly2/LongTR/longTR_pipeline_NA18538/NA18538.chr18.vcf.gz	0.295919 seconds
Concatenating /scratch/rohlfslab/abierly2/LongTR/longTR_pipeline_NA18538/NA18538.chr19.vcf.gz	0.350107 seconds
Concatenating /scratch/rohlfslab/abierly2/LongTR/longTR_pipeline_NA18538/NA18538.chr1.vcf.gz	1.055312 seconds
Concatenating /scratch/rohlfslab/abierly2/LongTR/longTR_pipeline_NA18538/NA18538.chr20.vcf.gz	0.239591 seconds
Concatenating /scratch/rohlfslab/abierly2/LongTR/longTR_pipeline_NA18538/NA18538.chr21.vcf.gz	0.139633 seconds
Concatenating /scratch/rohlfslab/abierly2/LongTR/longTR_pipeline_NA18538/NA18538.chr22.vcf.gz	0.177928 seconds
Concatenating /scratch/rohlfslab/abierly2/LongTR/longTR_pipeline_NA18538/NA18538.chr2.vcf.gz	1.073088 seconds
Concatenating /scratch/rohlfslab/abierly2/LongTR/longTR_pipeline_NA18538/NA18538.chr3.vcf.gz	0.864709 seconds
Concatenating /scratch/rohlfslab/abierly2/LongTR/longTR_pipeline_NA18538/NA18538.chr4.vcf.gz	0.786754 seconds
Concatenating /scratch/rohlfslab/abierly2/LongTR/longTR_pipeline_NA18538/NA18538.chr5.vcf.gz	0.763526 seconds
Concatenating /scratch/rohlfslab/abierly2/LongTR/longTR_pipeline_NA18538/NA18538.chr6.vcf.gz	0.762638 seconds
Concatenating /scratch/rohlfslab/abierly2/LongTR/longTR_pipeline_NA18538/NA18538.chr7.vcf.gz	0.696037 seconds
Concatenating /scratch/rohlfslab/abierly2/LongTR/longTR_pipeline_NA18538/NA18538.chr8.vcf.gz	0.600416 seconds
Concatenating /scratch/rohlfslab/abierly2/LongTR/longTR_pipeline_NA18538/NA18538.chr9.vcf.gz	0.522782 seconds
Concatenating /scratch/rohlfslab/abierly2/LongTR/longTR_pipeline_NA18538/NA18538.chrM.vcf.gz	0.000303 seconds
Concatenating /scratch/rohlfslab/abierly2/LongTR/longTR_pipeline_NA18538/NA18538.chrX.vcf.gz	0.594223 seconds
Concatenating /scratch/rohlfslab/abierly2/LongTR/longTR_pipeline_NA18538/NA18538.chrY.vcf.gz	0.000287 seconds
