Checking the headers and starting positions of 25 files
Concatenating /scratch/rohlfslab/abierly2/LongTR/longTR_pipeline_HG00566/HG00566.chr10.vcf.gz	1.228810 seconds
Concatenating /scratch/rohlfslab/abierly2/LongTR/longTR_pipeline_HG00566/HG00566.chr11.vcf.gz	1.174099 seconds
Concatenating /scratch/rohlfslab/abierly2/LongTR/longTR_pipeline_HG00566/HG00566.chr12.vcf.gz	1.244453 seconds
Concatenating /scratch/rohlfslab/abierly2/LongTR/longTR_pipeline_HG00566/HG00566.chr13.vcf.gz	0.858331 seconds
Concatenating /scratch/rohlfslab/abierly2/LongTR/longTR_pipeline_HG00566/HG00566.chr14.vcf.gz	0.812733 seconds
Concatenating /scratch/rohlfslab/abierly2/LongTR/longTR_pipeline_HG00566/HG00566.chr15.vcf.gz	0.765298 seconds
Concatenating /scratch/rohlfslab/abierly2/LongTR/longTR_pipeline_HG00566/HG00566.chr16.vcf.gz	0.806454 seconds
Concatenating /scratch/rohlfslab/abierly2/LongTR/longTR_pipeline_HG00566/HG00566.chr17.vcf.gz	0.830224 seconds
Concatenating /scratch/rohlfslab/abierly2/LongTR/longTR_pipeline_HG00566/HG00566.chr18.vcf.gz	0.616026 seconds
Concatenating /scratch/rohlfslab/abierly2/LongTR/longTR_pipeline_HG00566/HG00566.chr19.vcf.gz	0.688790 seconds
Concatenating /scratch/rohlfslab/abierly2/LongTR/longTR_pipeline_HG00566/HG00566.chr1.vcf.gz	2.230459 seconds
Concatenating /scratch/rohlfslab/abierly2/LongTR/longTR_pipeline_HG00566/HG00566.chr20.vcf.gz	0.518312 seconds
Concatenating /scratch/rohlfslab/abierly2/LongTR/longTR_pipeline_HG00566/HG00566.chr21.vcf.gz	0.299763 seconds
Concatenating /scratch/rohlfslab/abierly2/LongTR/longTR_pipeline_HG00566/HG00566.chr22.vcf.gz	0.363127 seconds
Concatenating /scratch/rohlfslab/abierly2/LongTR/longTR_pipeline_HG00566/HG00566.chr2.vcf.gz	2.204657 seconds
Concatenating /scratch/rohlfslab/abierly2/LongTR/longTR_pipeline_HG00566/HG00566.chr3.vcf.gz	1.745797 seconds
Concatenating /scratch/rohlfslab/abierly2/LongTR/longTR_pipeline_HG00566/HG00566.chr4.vcf.gz	1.676259 seconds
Concatenating /scratch/rohlfslab/abierly2/LongTR/longTR_pipeline_HG00566/HG00566.chr5.vcf.gz	1.587829 seconds
Concatenating /scratch/rohlfslab/abierly2/LongTR/longTR_pipeline_HG00566/HG00566.chr6.vcf.gz	1.523795 seconds
Concatenating /scratch/rohlfslab/abierly2/LongTR/longTR_pipeline_HG00566/HG00566.chr7.vcf.gz	1.477262 seconds
Concatenating /scratch/rohlfslab/abierly2/LongTR/longTR_pipeline_HG00566/HG00566.chr8.vcf.gz	1.273432 seconds
Concatenating /scratch/rohlfslab/abierly2/LongTR/longTR_pipeline_HG00566/HG00566.chr9.vcf.gz	1.082890 seconds
Concatenating /scratch/rohlfslab/abierly2/LongTR/longTR_pipeline_HG00566/HG00566.chrM.vcf.gz	0.000314 seconds
Concatenating /scratch/rohlfslab/abierly2/LongTR/longTR_pipeline_HG00566/HG00566.chrX.vcf.gz	1.325843 seconds
Concatenating /scratch/rohlfslab/abierly2/LongTR/longTR_pipeline_HG00566/HG00566.chrY.vcf.gz	0.000321 seconds
