Checking the headers and starting positions of 25 files
Concatenating /scratch/rohlfslab/abierly2/LongTR/longTR_pipeline_HG01872/HG01872.chr10.vcf.gz	0.567152 seconds
Concatenating /scratch/rohlfslab/abierly2/LongTR/longTR_pipeline_HG01872/HG01872.chr11.vcf.gz	0.540845 seconds
Concatenating /scratch/rohlfslab/abierly2/LongTR/longTR_pipeline_HG01872/HG01872.chr12.vcf.gz	0.576689 seconds
Concatenating /scratch/rohlfslab/abierly2/LongTR/longTR_pipeline_HG01872/HG01872.chr13.vcf.gz	0.392771 seconds
Concatenating /scratch/rohlfslab/abierly2/LongTR/longTR_pipeline_HG01872/HG01872.chr14.vcf.gz	0.382899 seconds
Concatenating /scratch/rohlfslab/abierly2/LongTR/longTR_pipeline_HG01872/HG01872.chr15.vcf.gz	0.362925 seconds
Concatenating /scratch/rohlfslab/abierly2/LongTR/longTR_pipeline_HG01872/HG01872.chr16.vcf.gz	0.372395 seconds
Concatenating /scratch/rohlfslab/abierly2/LongTR/longTR_pipeline_HG01872/HG01872.chr17.vcf.gz	0.382322 seconds
Concatenating /scratch/rohlfslab/abierly2/LongTR/longTR_pipeline_HG01872/HG01872.chr18.vcf.gz	0.290436 seconds
Concatenating /scratch/rohlfslab/abierly2/LongTR/longTR_pipeline_HG01872/HG01872.chr19.vcf.gz	0.327300 seconds
Concatenating /scratch/rohlfslab/abierly2/LongTR/longTR_pipeline_HG01872/HG01872.chr1.vcf.gz	1.020618 seconds
Concatenating /scratch/rohlfslab/abierly2/LongTR/longTR_pipeline_HG01872/HG01872.chr20.vcf.gz	0.226072 seconds
Concatenating /scratch/rohlfslab/abierly2/LongTR/longTR_pipeline_HG01872/HG01872.chr21.vcf.gz	0.134407 seconds
Concatenating /scratch/rohlfslab/abierly2/LongTR/longTR_pipeline_HG01872/HG01872.chr22.vcf.gz	0.159596 seconds
Concatenating /scratch/rohlfslab/abierly2/LongTR/longTR_pipeline_HG01872/HG01872.chr2.vcf.gz	1.029571 seconds
Concatenating /scratch/rohlfslab/abierly2/LongTR/longTR_pipeline_HG01872/HG01872.chr3.vcf.gz	0.825362 seconds
Concatenating /scratch/rohlfslab/abierly2/LongTR/longTR_pipeline_HG01872/HG01872.chr4.vcf.gz	0.758667 seconds
Concatenating /scratch/rohlfslab/abierly2/LongTR/longTR_pipeline_HG01872/HG01872.chr5.vcf.gz	0.739661 seconds
Concatenating /scratch/rohlfslab/abierly2/LongTR/longTR_pipeline_HG01872/HG01872.chr6.vcf.gz	0.718150 seconds
Concatenating /scratch/rohlfslab/abierly2/LongTR/longTR_pipeline_HG01872/HG01872.chr7.vcf.gz	0.676601 seconds
Concatenating /scratch/rohlfslab/abierly2/LongTR/longTR_pipeline_HG01872/HG01872.chr8.vcf.gz	0.584767 seconds
Concatenating /scratch/rohlfslab/abierly2/LongTR/longTR_pipeline_HG01872/HG01872.chr9.vcf.gz	0.481858 seconds
Concatenating /scratch/rohlfslab/abierly2/LongTR/longTR_pipeline_HG01872/HG01872.chrM.vcf.gz	0.000293 seconds
Concatenating /scratch/rohlfslab/abierly2/LongTR/longTR_pipeline_HG01872/HG01872.chrX.vcf.gz	0.054699 seconds
Concatenating /scratch/rohlfslab/abierly2/LongTR/longTR_pipeline_HG01872/HG01872.chrY.vcf.gz	0.002151 seconds
