Checking the headers and starting positions of 25 files
Concatenating /scratch/rohlfslab/abierly2/LongTR/longTR_pipeline_HG01789/HG01789.chr10.vcf.gz	1.166420 seconds
Concatenating /scratch/rohlfslab/abierly2/LongTR/longTR_pipeline_HG01789/HG01789.chr11.vcf.gz	1.112096 seconds
Concatenating /scratch/rohlfslab/abierly2/LongTR/longTR_pipeline_HG01789/HG01789.chr12.vcf.gz	1.192171 seconds
Concatenating /scratch/rohlfslab/abierly2/LongTR/longTR_pipeline_HG01789/HG01789.chr13.vcf.gz	0.811372 seconds
Concatenating /scratch/rohlfslab/abierly2/LongTR/longTR_pipeline_HG01789/HG01789.chr14.vcf.gz	0.775014 seconds
Concatenating /scratch/rohlfslab/abierly2/LongTR/longTR_pipeline_HG01789/HG01789.chr15.vcf.gz	0.728360 seconds
Concatenating /scratch/rohlfslab/abierly2/LongTR/longTR_pipeline_HG01789/HG01789.chr16.vcf.gz	0.758278 seconds
Concatenating /scratch/rohlfslab/abierly2/LongTR/longTR_pipeline_HG01789/HG01789.chr17.vcf.gz	0.797545 seconds
Concatenating /scratch/rohlfslab/abierly2/LongTR/longTR_pipeline_HG01789/HG01789.chr18.vcf.gz	0.586008 seconds
Concatenating /scratch/rohlfslab/abierly2/LongTR/longTR_pipeline_HG01789/HG01789.chr19.vcf.gz	0.670464 seconds
Concatenating /scratch/rohlfslab/abierly2/LongTR/longTR_pipeline_HG01789/HG01789.chr1.vcf.gz	2.095086 seconds
Concatenating /scratch/rohlfslab/abierly2/LongTR/longTR_pipeline_HG01789/HG01789.chr20.vcf.gz	0.493520 seconds
Concatenating /scratch/rohlfslab/abierly2/LongTR/longTR_pipeline_HG01789/HG01789.chr21.vcf.gz	0.283291 seconds
Concatenating /scratch/rohlfslab/abierly2/LongTR/longTR_pipeline_HG01789/HG01789.chr22.vcf.gz	0.347060 seconds
Concatenating /scratch/rohlfslab/abierly2/LongTR/longTR_pipeline_HG01789/HG01789.chr2.vcf.gz	2.078515 seconds
Concatenating /scratch/rohlfslab/abierly2/LongTR/longTR_pipeline_HG01789/HG01789.chr3.vcf.gz	1.672222 seconds
Concatenating /scratch/rohlfslab/abierly2/LongTR/longTR_pipeline_HG01789/HG01789.chr4.vcf.gz	1.648701 seconds
Concatenating /scratch/rohlfslab/abierly2/LongTR/longTR_pipeline_HG01789/HG01789.chr5.vcf.gz	1.504328 seconds
Concatenating /scratch/rohlfslab/abierly2/LongTR/longTR_pipeline_HG01789/HG01789.chr6.vcf.gz	1.452862 seconds
Concatenating /scratch/rohlfslab/abierly2/LongTR/longTR_pipeline_HG01789/HG01789.chr7.vcf.gz	1.408580 seconds
Concatenating /scratch/rohlfslab/abierly2/LongTR/longTR_pipeline_HG01789/HG01789.chr8.vcf.gz	1.208483 seconds
Concatenating /scratch/rohlfslab/abierly2/LongTR/longTR_pipeline_HG01789/HG01789.chr9.vcf.gz	1.028638 seconds
Concatenating /scratch/rohlfslab/abierly2/LongTR/longTR_pipeline_HG01789/HG01789.chrM.vcf.gz	0.000329 seconds
Concatenating /scratch/rohlfslab/abierly2/LongTR/longTR_pipeline_HG01789/HG01789.chrX.vcf.gz	0.416122 seconds
Concatenating /scratch/rohlfslab/abierly2/LongTR/longTR_pipeline_HG01789/HG01789.chrY.vcf.gz	0.016282 seconds
