Checking the headers and starting positions of 25 files
Concatenating /scratch/rohlfslab/abierly2/LongTR/longTR_pipeline_HG01676/HG01676.chr10.vcf.gz	1.318526 seconds
Concatenating /scratch/rohlfslab/abierly2/LongTR/longTR_pipeline_HG01676/HG01676.chr11.vcf.gz	1.241800 seconds
Concatenating /scratch/rohlfslab/abierly2/LongTR/longTR_pipeline_HG01676/HG01676.chr12.vcf.gz	1.313449 seconds
Concatenating /scratch/rohlfslab/abierly2/LongTR/longTR_pipeline_HG01676/HG01676.chr13.vcf.gz	0.904983 seconds
Concatenating /scratch/rohlfslab/abierly2/LongTR/longTR_pipeline_HG01676/HG01676.chr14.vcf.gz	0.867517 seconds
Concatenating /scratch/rohlfslab/abierly2/LongTR/longTR_pipeline_HG01676/HG01676.chr15.vcf.gz	0.801498 seconds
Concatenating /scratch/rohlfslab/abierly2/LongTR/longTR_pipeline_HG01676/HG01676.chr16.vcf.gz	0.847331 seconds
Concatenating /scratch/rohlfslab/abierly2/LongTR/longTR_pipeline_HG01676/HG01676.chr17.vcf.gz	0.867269 seconds
Concatenating /scratch/rohlfslab/abierly2/LongTR/longTR_pipeline_HG01676/HG01676.chr18.vcf.gz	0.651633 seconds
Concatenating /scratch/rohlfslab/abierly2/LongTR/longTR_pipeline_HG01676/HG01676.chr19.vcf.gz	0.726186 seconds
Concatenating /scratch/rohlfslab/abierly2/LongTR/longTR_pipeline_HG01676/HG01676.chr1.vcf.gz	2.321714 seconds
Concatenating /scratch/rohlfslab/abierly2/LongTR/longTR_pipeline_HG01676/HG01676.chr20.vcf.gz	0.536884 seconds
Concatenating /scratch/rohlfslab/abierly2/LongTR/longTR_pipeline_HG01676/HG01676.chr21.vcf.gz	0.316514 seconds
Concatenating /scratch/rohlfslab/abierly2/LongTR/longTR_pipeline_HG01676/HG01676.chr22.vcf.gz	0.418571 seconds
Concatenating /scratch/rohlfslab/abierly2/LongTR/longTR_pipeline_HG01676/HG01676.chr2.vcf.gz	2.319431 seconds
Concatenating /scratch/rohlfslab/abierly2/LongTR/longTR_pipeline_HG01676/HG01676.chr3.vcf.gz	1.874468 seconds
Concatenating /scratch/rohlfslab/abierly2/LongTR/longTR_pipeline_HG01676/HG01676.chr4.vcf.gz	1.759979 seconds
Concatenating /scratch/rohlfslab/abierly2/LongTR/longTR_pipeline_HG01676/HG01676.chr5.vcf.gz	1.698883 seconds
Concatenating /scratch/rohlfslab/abierly2/LongTR/longTR_pipeline_HG01676/HG01676.chr6.vcf.gz	1.615695 seconds
Concatenating /scratch/rohlfslab/abierly2/LongTR/longTR_pipeline_HG01676/HG01676.chr7.vcf.gz	1.544882 seconds
Concatenating /scratch/rohlfslab/abierly2/LongTR/longTR_pipeline_HG01676/HG01676.chr8.vcf.gz	1.329450 seconds
Concatenating /scratch/rohlfslab/abierly2/LongTR/longTR_pipeline_HG01676/HG01676.chr9.vcf.gz	1.141504 seconds
Concatenating /scratch/rohlfslab/abierly2/LongTR/longTR_pipeline_HG01676/HG01676.chrM.vcf.gz	0.000355 seconds
Concatenating /scratch/rohlfslab/abierly2/LongTR/longTR_pipeline_HG01676/HG01676.chrX.vcf.gz	1.391722 seconds
Concatenating /scratch/rohlfslab/abierly2/LongTR/longTR_pipeline_HG01676/HG01676.chrY.vcf.gz	0.000357 seconds
