Checking the headers and starting positions of 25 files
Concatenating /scratch/rohlfslab/abierly2/LongTR/longTR_pipeline_HG02382/HG02382.chr10.vcf.gz	1.310393 seconds
Concatenating /scratch/rohlfslab/abierly2/LongTR/longTR_pipeline_HG02382/HG02382.chr11.vcf.gz	1.245001 seconds
Concatenating /scratch/rohlfslab/abierly2/LongTR/longTR_pipeline_HG02382/HG02382.chr12.vcf.gz	1.320695 seconds
Concatenating /scratch/rohlfslab/abierly2/LongTR/longTR_pipeline_HG02382/HG02382.chr13.vcf.gz	0.912051 seconds
Concatenating /scratch/rohlfslab/abierly2/LongTR/longTR_pipeline_HG02382/HG02382.chr14.vcf.gz	0.862576 seconds
Concatenating /scratch/rohlfslab/abierly2/LongTR/longTR_pipeline_HG02382/HG02382.chr15.vcf.gz	0.811992 seconds
Concatenating /scratch/rohlfslab/abierly2/LongTR/longTR_pipeline_HG02382/HG02382.chr16.vcf.gz	0.848484 seconds
Concatenating /scratch/rohlfslab/abierly2/LongTR/longTR_pipeline_HG02382/HG02382.chr17.vcf.gz	0.891860 seconds
Concatenating /scratch/rohlfslab/abierly2/LongTR/longTR_pipeline_HG02382/HG02382.chr18.vcf.gz	0.655808 seconds
Concatenating /scratch/rohlfslab/abierly2/LongTR/longTR_pipeline_HG02382/HG02382.chr19.vcf.gz	0.727808 seconds
Concatenating /scratch/rohlfslab/abierly2/LongTR/longTR_pipeline_HG02382/HG02382.chr1.vcf.gz	2.325460 seconds
Concatenating /scratch/rohlfslab/abierly2/LongTR/longTR_pipeline_HG02382/HG02382.chr20.vcf.gz	0.547584 seconds
Concatenating /scratch/rohlfslab/abierly2/LongTR/longTR_pipeline_HG02382/HG02382.chr21.vcf.gz	0.317137 seconds
Concatenating /scratch/rohlfslab/abierly2/LongTR/longTR_pipeline_HG02382/HG02382.chr22.vcf.gz	0.386962 seconds
Concatenating /scratch/rohlfslab/abierly2/LongTR/longTR_pipeline_HG02382/HG02382.chr2.vcf.gz	2.339991 seconds
Concatenating /scratch/rohlfslab/abierly2/LongTR/longTR_pipeline_HG02382/HG02382.chr3.vcf.gz	1.853470 seconds
Concatenating /scratch/rohlfslab/abierly2/LongTR/longTR_pipeline_HG02382/HG02382.chr4.vcf.gz	1.769793 seconds
Concatenating /scratch/rohlfslab/abierly2/LongTR/longTR_pipeline_HG02382/HG02382.chr5.vcf.gz	1.691104 seconds
Concatenating /scratch/rohlfslab/abierly2/LongTR/longTR_pipeline_HG02382/HG02382.chr6.vcf.gz	1.617943 seconds
Concatenating /scratch/rohlfslab/abierly2/LongTR/longTR_pipeline_HG02382/HG02382.chr7.vcf.gz	1.563995 seconds
Concatenating /scratch/rohlfslab/abierly2/LongTR/longTR_pipeline_HG02382/HG02382.chr8.vcf.gz	1.351350 seconds
Concatenating /scratch/rohlfslab/abierly2/LongTR/longTR_pipeline_HG02382/HG02382.chr9.vcf.gz	1.179862 seconds
Concatenating /scratch/rohlfslab/abierly2/LongTR/longTR_pipeline_HG02382/HG02382.chrM.vcf.gz	0.000476 seconds
Concatenating /scratch/rohlfslab/abierly2/LongTR/longTR_pipeline_HG02382/HG02382.chrX.vcf.gz	1.329492 seconds
Concatenating /scratch/rohlfslab/abierly2/LongTR/longTR_pipeline_HG02382/HG02382.chrY.vcf.gz	0.070818 seconds
