Checking the headers and starting positions of 25 files
Concatenating /scratch/rohlfslab/abierly2/LongTR/longTR_pipeline_HG04017/HG04017.chr10.vcf.gz	1.053573 seconds
Concatenating /scratch/rohlfslab/abierly2/LongTR/longTR_pipeline_HG04017/HG04017.chr11.vcf.gz	1.006425 seconds
Concatenating /scratch/rohlfslab/abierly2/LongTR/longTR_pipeline_HG04017/HG04017.chr12.vcf.gz	1.078992 seconds
Concatenating /scratch/rohlfslab/abierly2/LongTR/longTR_pipeline_HG04017/HG04017.chr13.vcf.gz	0.717364 seconds
Concatenating /scratch/rohlfslab/abierly2/LongTR/longTR_pipeline_HG04017/HG04017.chr14.vcf.gz	0.692854 seconds
Concatenating /scratch/rohlfslab/abierly2/LongTR/longTR_pipeline_HG04017/HG04017.chr15.vcf.gz	0.647750 seconds
Concatenating /scratch/rohlfslab/abierly2/LongTR/longTR_pipeline_HG04017/HG04017.chr16.vcf.gz	0.691887 seconds
Concatenating /scratch/rohlfslab/abierly2/LongTR/longTR_pipeline_HG04017/HG04017.chr17.vcf.gz	0.720851 seconds
Concatenating /scratch/rohlfslab/abierly2/LongTR/longTR_pipeline_HG04017/HG04017.chr18.vcf.gz	0.518456 seconds
Concatenating /scratch/rohlfslab/abierly2/LongTR/longTR_pipeline_HG04017/HG04017.chr19.vcf.gz	0.602761 seconds
Concatenating /scratch/rohlfslab/abierly2/LongTR/longTR_pipeline_HG04017/HG04017.chr1.vcf.gz	1.888032 seconds
Concatenating /scratch/rohlfslab/abierly2/LongTR/longTR_pipeline_HG04017/HG04017.chr20.vcf.gz	0.447479 seconds
Concatenating /scratch/rohlfslab/abierly2/LongTR/longTR_pipeline_HG04017/HG04017.chr21.vcf.gz	0.254579 seconds
Concatenating /scratch/rohlfslab/abierly2/LongTR/longTR_pipeline_HG04017/HG04017.chr22.vcf.gz	0.325403 seconds
Concatenating /scratch/rohlfslab/abierly2/LongTR/longTR_pipeline_HG04017/HG04017.chr2.vcf.gz	1.862575 seconds
Concatenating /scratch/rohlfslab/abierly2/LongTR/longTR_pipeline_HG04017/HG04017.chr3.vcf.gz	1.492996 seconds
Concatenating /scratch/rohlfslab/abierly2/LongTR/longTR_pipeline_HG04017/HG04017.chr4.vcf.gz	1.396279 seconds
Concatenating /scratch/rohlfslab/abierly2/LongTR/longTR_pipeline_HG04017/HG04017.chr5.vcf.gz	1.335967 seconds
Concatenating /scratch/rohlfslab/abierly2/LongTR/longTR_pipeline_HG04017/HG04017.chr6.vcf.gz	1.309492 seconds
Concatenating /scratch/rohlfslab/abierly2/LongTR/longTR_pipeline_HG04017/HG04017.chr7.vcf.gz	1.237823 seconds
Concatenating /scratch/rohlfslab/abierly2/LongTR/longTR_pipeline_HG04017/HG04017.chr8.vcf.gz	1.075358 seconds
Concatenating /scratch/rohlfslab/abierly2/LongTR/longTR_pipeline_HG04017/HG04017.chr9.vcf.gz	0.920644 seconds
Concatenating /scratch/rohlfslab/abierly2/LongTR/longTR_pipeline_HG04017/HG04017.chrM.vcf.gz	0.000297 seconds
Concatenating /scratch/rohlfslab/abierly2/LongTR/longTR_pipeline_HG04017/HG04017.chrX.vcf.gz	0.238705 seconds
Concatenating /scratch/rohlfslab/abierly2/LongTR/longTR_pipeline_HG04017/HG04017.chrY.vcf.gz	0.012086 seconds
