Checking the headers and starting positions of 25 files
Concatenating /scratch/rohlfslab/abierly2/LongTR/longTR_pipeline_NA18625/NA18625.chr10.vcf.gz	1.149056 seconds
Concatenating /scratch/rohlfslab/abierly2/LongTR/longTR_pipeline_NA18625/NA18625.chr11.vcf.gz	1.097663 seconds
Concatenating /scratch/rohlfslab/abierly2/LongTR/longTR_pipeline_NA18625/NA18625.chr12.vcf.gz	1.155147 seconds
Concatenating /scratch/rohlfslab/abierly2/LongTR/longTR_pipeline_NA18625/NA18625.chr13.vcf.gz	0.807236 seconds
Concatenating /scratch/rohlfslab/abierly2/LongTR/longTR_pipeline_NA18625/NA18625.chr14.vcf.gz	0.757748 seconds
Concatenating /scratch/rohlfslab/abierly2/LongTR/longTR_pipeline_NA18625/NA18625.chr15.vcf.gz	0.712146 seconds
Concatenating /scratch/rohlfslab/abierly2/LongTR/longTR_pipeline_NA18625/NA18625.chr16.vcf.gz	0.749542 seconds
Concatenating /scratch/rohlfslab/abierly2/LongTR/longTR_pipeline_NA18625/NA18625.chr17.vcf.gz	0.771739 seconds
Concatenating /scratch/rohlfslab/abierly2/LongTR/longTR_pipeline_NA18625/NA18625.chr18.vcf.gz	0.579216 seconds
Concatenating /scratch/rohlfslab/abierly2/LongTR/longTR_pipeline_NA18625/NA18625.chr19.vcf.gz	0.640919 seconds
Concatenating /scratch/rohlfslab/abierly2/LongTR/longTR_pipeline_NA18625/NA18625.chr1.vcf.gz	2.055238 seconds
Concatenating /scratch/rohlfslab/abierly2/LongTR/longTR_pipeline_NA18625/NA18625.chr20.vcf.gz	0.482800 seconds
Concatenating /scratch/rohlfslab/abierly2/LongTR/longTR_pipeline_NA18625/NA18625.chr21.vcf.gz	0.281492 seconds
Concatenating /scratch/rohlfslab/abierly2/LongTR/longTR_pipeline_NA18625/NA18625.chr22.vcf.gz	0.338342 seconds
Concatenating /scratch/rohlfslab/abierly2/LongTR/longTR_pipeline_NA18625/NA18625.chr2.vcf.gz	2.054449 seconds
Concatenating /scratch/rohlfslab/abierly2/LongTR/longTR_pipeline_NA18625/NA18625.chr3.vcf.gz	1.642153 seconds
Concatenating /scratch/rohlfslab/abierly2/LongTR/longTR_pipeline_NA18625/NA18625.chr4.vcf.gz	1.562649 seconds
Concatenating /scratch/rohlfslab/abierly2/LongTR/longTR_pipeline_NA18625/NA18625.chr5.vcf.gz	1.478311 seconds
Concatenating /scratch/rohlfslab/abierly2/LongTR/longTR_pipeline_NA18625/NA18625.chr6.vcf.gz	1.436632 seconds
Concatenating /scratch/rohlfslab/abierly2/LongTR/longTR_pipeline_NA18625/NA18625.chr7.vcf.gz	1.380565 seconds
Concatenating /scratch/rohlfslab/abierly2/LongTR/longTR_pipeline_NA18625/NA18625.chr8.vcf.gz	1.191896 seconds
Concatenating /scratch/rohlfslab/abierly2/LongTR/longTR_pipeline_NA18625/NA18625.chr9.vcf.gz	1.012511 seconds
Concatenating /scratch/rohlfslab/abierly2/LongTR/longTR_pipeline_NA18625/NA18625.chrM.vcf.gz	0.000298 seconds
Concatenating /scratch/rohlfslab/abierly2/LongTR/longTR_pipeline_NA18625/NA18625.chrX.vcf.gz	1.230637 seconds
Concatenating /scratch/rohlfslab/abierly2/LongTR/longTR_pipeline_NA18625/NA18625.chrY.vcf.gz	0.000290 seconds
