Checking the headers and starting positions of 25 files
Concatenating /scratch/rohlfslab/abierly2/LongTR/longTR_pipeline_HG01806/HG01806.chr10.vcf.gz	1.111947 seconds
Concatenating /scratch/rohlfslab/abierly2/LongTR/longTR_pipeline_HG01806/HG01806.chr11.vcf.gz	1.054235 seconds
Concatenating /scratch/rohlfslab/abierly2/LongTR/longTR_pipeline_HG01806/HG01806.chr12.vcf.gz	1.126555 seconds
Concatenating /scratch/rohlfslab/abierly2/LongTR/longTR_pipeline_HG01806/HG01806.chr13.vcf.gz	0.789331 seconds
Concatenating /scratch/rohlfslab/abierly2/LongTR/longTR_pipeline_HG01806/HG01806.chr14.vcf.gz	0.746956 seconds
Concatenating /scratch/rohlfslab/abierly2/LongTR/longTR_pipeline_HG01806/HG01806.chr15.vcf.gz	0.696196 seconds
Concatenating /scratch/rohlfslab/abierly2/LongTR/longTR_pipeline_HG01806/HG01806.chr16.vcf.gz	0.709662 seconds
Concatenating /scratch/rohlfslab/abierly2/LongTR/longTR_pipeline_HG01806/HG01806.chr17.vcf.gz	0.729118 seconds
Concatenating /scratch/rohlfslab/abierly2/LongTR/longTR_pipeline_HG01806/HG01806.chr18.vcf.gz	0.573365 seconds
Concatenating /scratch/rohlfslab/abierly2/LongTR/longTR_pipeline_HG01806/HG01806.chr19.vcf.gz	0.596302 seconds
Concatenating /scratch/rohlfslab/abierly2/LongTR/longTR_pipeline_HG01806/HG01806.chr1.vcf.gz	2.021024 seconds
Concatenating /scratch/rohlfslab/abierly2/LongTR/longTR_pipeline_HG01806/HG01806.chr20.vcf.gz	0.455746 seconds
Concatenating /scratch/rohlfslab/abierly2/LongTR/longTR_pipeline_HG01806/HG01806.chr21.vcf.gz	0.269283 seconds
Concatenating /scratch/rohlfslab/abierly2/LongTR/longTR_pipeline_HG01806/HG01806.chr22.vcf.gz	0.317355 seconds
Concatenating /scratch/rohlfslab/abierly2/LongTR/longTR_pipeline_HG01806/HG01806.chr2.vcf.gz	2.007377 seconds
Concatenating /scratch/rohlfslab/abierly2/LongTR/longTR_pipeline_HG01806/HG01806.chr3.vcf.gz	1.602698 seconds
Concatenating /scratch/rohlfslab/abierly2/LongTR/longTR_pipeline_HG01806/HG01806.chr4.vcf.gz	1.525140 seconds
Concatenating /scratch/rohlfslab/abierly2/LongTR/longTR_pipeline_HG01806/HG01806.chr5.vcf.gz	1.447825 seconds
Concatenating /scratch/rohlfslab/abierly2/LongTR/longTR_pipeline_HG01806/HG01806.chr6.vcf.gz	1.392937 seconds
Concatenating /scratch/rohlfslab/abierly2/LongTR/longTR_pipeline_HG01806/HG01806.chr7.vcf.gz	1.330829 seconds
Concatenating /scratch/rohlfslab/abierly2/LongTR/longTR_pipeline_HG01806/HG01806.chr8.vcf.gz	1.165829 seconds
Concatenating /scratch/rohlfslab/abierly2/LongTR/longTR_pipeline_HG01806/HG01806.chr9.vcf.gz	0.968510 seconds
Concatenating /scratch/rohlfslab/abierly2/LongTR/longTR_pipeline_HG01806/HG01806.chrM.vcf.gz	0.000303 seconds
Concatenating /scratch/rohlfslab/abierly2/LongTR/longTR_pipeline_HG01806/HG01806.chrX.vcf.gz	1.083773 seconds
Concatenating /scratch/rohlfslab/abierly2/LongTR/longTR_pipeline_HG01806/HG01806.chrY.vcf.gz	0.000288 seconds
