Checking the headers and starting positions of 25 files
Concatenating /scratch/rohlfslab/abierly2/LongTR/longTR_pipeline_HG01596/HG01596.chr10.vcf.gz	0.833938 seconds
Concatenating /scratch/rohlfslab/abierly2/LongTR/longTR_pipeline_HG01596/HG01596.chr11.vcf.gz	0.792224 seconds
Concatenating /scratch/rohlfslab/abierly2/LongTR/longTR_pipeline_HG01596/HG01596.chr12.vcf.gz	0.855875 seconds
Concatenating /scratch/rohlfslab/abierly2/LongTR/longTR_pipeline_HG01596/HG01596.chr13.vcf.gz	0.562106 seconds
Concatenating /scratch/rohlfslab/abierly2/LongTR/longTR_pipeline_HG01596/HG01596.chr14.vcf.gz	0.552832 seconds
Concatenating /scratch/rohlfslab/abierly2/LongTR/longTR_pipeline_HG01596/HG01596.chr15.vcf.gz	0.521647 seconds
Concatenating /scratch/rohlfslab/abierly2/LongTR/longTR_pipeline_HG01596/HG01596.chr16.vcf.gz	0.523499 seconds
Concatenating /scratch/rohlfslab/abierly2/LongTR/longTR_pipeline_HG01596/HG01596.chr17.vcf.gz	0.566802 seconds
Concatenating /scratch/rohlfslab/abierly2/LongTR/longTR_pipeline_HG01596/HG01596.chr18.vcf.gz	0.409913 seconds
Concatenating /scratch/rohlfslab/abierly2/LongTR/longTR_pipeline_HG01596/HG01596.chr19.vcf.gz	0.448443 seconds
Concatenating /scratch/rohlfslab/abierly2/LongTR/longTR_pipeline_HG01596/HG01596.chr1.vcf.gz	1.503829 seconds
Concatenating /scratch/rohlfslab/abierly2/LongTR/longTR_pipeline_HG01596/HG01596.chr20.vcf.gz	0.342410 seconds
Concatenating /scratch/rohlfslab/abierly2/LongTR/longTR_pipeline_HG01596/HG01596.chr21.vcf.gz	0.202260 seconds
Concatenating /scratch/rohlfslab/abierly2/LongTR/longTR_pipeline_HG01596/HG01596.chr22.vcf.gz	0.254309 seconds
Concatenating /scratch/rohlfslab/abierly2/LongTR/longTR_pipeline_HG01596/HG01596.chr2.vcf.gz	1.485838 seconds
Concatenating /scratch/rohlfslab/abierly2/LongTR/longTR_pipeline_HG01596/HG01596.chr3.vcf.gz	1.186430 seconds
Concatenating /scratch/rohlfslab/abierly2/LongTR/longTR_pipeline_HG01596/HG01596.chr4.vcf.gz	1.117141 seconds
Concatenating /scratch/rohlfslab/abierly2/LongTR/longTR_pipeline_HG01596/HG01596.chr5.vcf.gz	1.072306 seconds
Concatenating /scratch/rohlfslab/abierly2/LongTR/longTR_pipeline_HG01596/HG01596.chr6.vcf.gz	1.037953 seconds
Concatenating /scratch/rohlfslab/abierly2/LongTR/longTR_pipeline_HG01596/HG01596.chr7.vcf.gz	0.983505 seconds
Concatenating /scratch/rohlfslab/abierly2/LongTR/longTR_pipeline_HG01596/HG01596.chr8.vcf.gz	0.833030 seconds
Concatenating /scratch/rohlfslab/abierly2/LongTR/longTR_pipeline_HG01596/HG01596.chr9.vcf.gz	0.705339 seconds
Concatenating /scratch/rohlfslab/abierly2/LongTR/longTR_pipeline_HG01596/HG01596.chrM.vcf.gz	0.002013 seconds
Concatenating /scratch/rohlfslab/abierly2/LongTR/longTR_pipeline_HG01596/HG01596.chrX.vcf.gz	0.114305 seconds
Concatenating /scratch/rohlfslab/abierly2/LongTR/longTR_pipeline_HG01596/HG01596.chrY.vcf.gz	0.004346 seconds
