Checking the headers and starting positions of 25 files
Concatenating /scratch/rohlfslab/abierly2/LongTR/longTR_pipeline_HG01474/HG01474.chr10.vcf.gz	1.114352 seconds
Concatenating /scratch/rohlfslab/abierly2/LongTR/longTR_pipeline_HG01474/HG01474.chr11.vcf.gz	1.053763 seconds
Concatenating /scratch/rohlfslab/abierly2/LongTR/longTR_pipeline_HG01474/HG01474.chr12.vcf.gz	1.136368 seconds
Concatenating /scratch/rohlfslab/abierly2/LongTR/longTR_pipeline_HG01474/HG01474.chr13.vcf.gz	0.772856 seconds
Concatenating /scratch/rohlfslab/abierly2/LongTR/longTR_pipeline_HG01474/HG01474.chr14.vcf.gz	0.733206 seconds
Concatenating /scratch/rohlfslab/abierly2/LongTR/longTR_pipeline_HG01474/HG01474.chr15.vcf.gz	0.695376 seconds
Concatenating /scratch/rohlfslab/abierly2/LongTR/longTR_pipeline_HG01474/HG01474.chr16.vcf.gz	0.712343 seconds
Concatenating /scratch/rohlfslab/abierly2/LongTR/longTR_pipeline_HG01474/HG01474.chr17.vcf.gz	0.748096 seconds
Concatenating /scratch/rohlfslab/abierly2/LongTR/longTR_pipeline_HG01474/HG01474.chr18.vcf.gz	0.557194 seconds
Concatenating /scratch/rohlfslab/abierly2/LongTR/longTR_pipeline_HG01474/HG01474.chr19.vcf.gz	0.624483 seconds
Concatenating /scratch/rohlfslab/abierly2/LongTR/longTR_pipeline_HG01474/HG01474.chr1.vcf.gz	1.998460 seconds
Concatenating /scratch/rohlfslab/abierly2/LongTR/longTR_pipeline_HG01474/HG01474.chr20.vcf.gz	0.461112 seconds
Concatenating /scratch/rohlfslab/abierly2/LongTR/longTR_pipeline_HG01474/HG01474.chr21.vcf.gz	0.267880 seconds
Concatenating /scratch/rohlfslab/abierly2/LongTR/longTR_pipeline_HG01474/HG01474.chr22.vcf.gz	0.317912 seconds
Concatenating /scratch/rohlfslab/abierly2/LongTR/longTR_pipeline_HG01474/HG01474.chr2.vcf.gz	1.994923 seconds
Concatenating /scratch/rohlfslab/abierly2/LongTR/longTR_pipeline_HG01474/HG01474.chr3.vcf.gz	1.581023 seconds
Concatenating /scratch/rohlfslab/abierly2/LongTR/longTR_pipeline_HG01474/HG01474.chr4.vcf.gz	1.524738 seconds
Concatenating /scratch/rohlfslab/abierly2/LongTR/longTR_pipeline_HG01474/HG01474.chr5.vcf.gz	1.434461 seconds
Concatenating /scratch/rohlfslab/abierly2/LongTR/longTR_pipeline_HG01474/HG01474.chr6.vcf.gz	1.412407 seconds
Concatenating /scratch/rohlfslab/abierly2/LongTR/longTR_pipeline_HG01474/HG01474.chr7.vcf.gz	1.318410 seconds
Concatenating /scratch/rohlfslab/abierly2/LongTR/longTR_pipeline_HG01474/HG01474.chr8.vcf.gz	1.147885 seconds
Concatenating /scratch/rohlfslab/abierly2/LongTR/longTR_pipeline_HG01474/HG01474.chr9.vcf.gz	1.005148 seconds
Concatenating /scratch/rohlfslab/abierly2/LongTR/longTR_pipeline_HG01474/HG01474.chrM.vcf.gz	0.000393 seconds
Concatenating /scratch/rohlfslab/abierly2/LongTR/longTR_pipeline_HG01474/HG01474.chrX.vcf.gz	1.150091 seconds
Concatenating /scratch/rohlfslab/abierly2/LongTR/longTR_pipeline_HG01474/HG01474.chrY.vcf.gz	0.000347 seconds
