Checking the headers and starting positions of 25 files
Concatenating /scratch/rohlfslab/abierly2/LongTR/longTR_pipeline_HG01389/HG01389.chr10.vcf.gz	1.458051 seconds
Concatenating /scratch/rohlfslab/abierly2/LongTR/longTR_pipeline_HG01389/HG01389.chr11.vcf.gz	1.392547 seconds
Concatenating /scratch/rohlfslab/abierly2/LongTR/longTR_pipeline_HG01389/HG01389.chr12.vcf.gz	1.479994 seconds
Concatenating /scratch/rohlfslab/abierly2/LongTR/longTR_pipeline_HG01389/HG01389.chr13.vcf.gz	1.034199 seconds
Concatenating /scratch/rohlfslab/abierly2/LongTR/longTR_pipeline_HG01389/HG01389.chr14.vcf.gz	0.976492 seconds
Concatenating /scratch/rohlfslab/abierly2/LongTR/longTR_pipeline_HG01389/HG01389.chr15.vcf.gz	0.910796 seconds
Concatenating /scratch/rohlfslab/abierly2/LongTR/longTR_pipeline_HG01389/HG01389.chr16.vcf.gz	0.936399 seconds
Concatenating /scratch/rohlfslab/abierly2/LongTR/longTR_pipeline_HG01389/HG01389.chr17.vcf.gz	0.983971 seconds
Concatenating /scratch/rohlfslab/abierly2/LongTR/longTR_pipeline_HG01389/HG01389.chr18.vcf.gz	0.739039 seconds
Concatenating /scratch/rohlfslab/abierly2/LongTR/longTR_pipeline_HG01389/HG01389.chr19.vcf.gz	0.817649 seconds
Concatenating /scratch/rohlfslab/abierly2/LongTR/longTR_pipeline_HG01389/HG01389.chr1.vcf.gz	2.625973 seconds
Concatenating /scratch/rohlfslab/abierly2/LongTR/longTR_pipeline_HG01389/HG01389.chr20.vcf.gz	0.608862 seconds
Concatenating /scratch/rohlfslab/abierly2/LongTR/longTR_pipeline_HG01389/HG01389.chr21.vcf.gz	0.351851 seconds
Concatenating /scratch/rohlfslab/abierly2/LongTR/longTR_pipeline_HG01389/HG01389.chr22.vcf.gz	0.427641 seconds
Concatenating /scratch/rohlfslab/abierly2/LongTR/longTR_pipeline_HG01389/HG01389.chr2.vcf.gz	2.660444 seconds
Concatenating /scratch/rohlfslab/abierly2/LongTR/longTR_pipeline_HG01389/HG01389.chr3.vcf.gz	2.107004 seconds
Concatenating /scratch/rohlfslab/abierly2/LongTR/longTR_pipeline_HG01389/HG01389.chr4.vcf.gz	2.013836 seconds
Concatenating /scratch/rohlfslab/abierly2/LongTR/longTR_pipeline_HG01389/HG01389.chr5.vcf.gz	1.914575 seconds
Concatenating /scratch/rohlfslab/abierly2/LongTR/longTR_pipeline_HG01389/HG01389.chr6.vcf.gz	1.862710 seconds
Concatenating /scratch/rohlfslab/abierly2/LongTR/longTR_pipeline_HG01389/HG01389.chr7.vcf.gz	1.765541 seconds
Concatenating /scratch/rohlfslab/abierly2/LongTR/longTR_pipeline_HG01389/HG01389.chr8.vcf.gz	1.502641 seconds
Concatenating /scratch/rohlfslab/abierly2/LongTR/longTR_pipeline_HG01389/HG01389.chr9.vcf.gz	1.294646 seconds
Concatenating /scratch/rohlfslab/abierly2/LongTR/longTR_pipeline_HG01389/HG01389.chrM.vcf.gz	0.000420 seconds
Concatenating /scratch/rohlfslab/abierly2/LongTR/longTR_pipeline_HG01389/HG01389.chrX.vcf.gz	0.614030 seconds
Concatenating /scratch/rohlfslab/abierly2/LongTR/longTR_pipeline_HG01389/HG01389.chrY.vcf.gz	0.031912 seconds
