Checking the headers and starting positions of 25 files
Concatenating /scratch/rohlfslab/abierly2/LongTR/longTR_pipeline_HG02017/HG02017.chr10.vcf.gz	1.161920 seconds
Concatenating /scratch/rohlfslab/abierly2/LongTR/longTR_pipeline_HG02017/HG02017.chr11.vcf.gz	1.104860 seconds
Concatenating /scratch/rohlfslab/abierly2/LongTR/longTR_pipeline_HG02017/HG02017.chr12.vcf.gz	1.183929 seconds
Concatenating /scratch/rohlfslab/abierly2/LongTR/longTR_pipeline_HG02017/HG02017.chr13.vcf.gz	0.790988 seconds
Concatenating /scratch/rohlfslab/abierly2/LongTR/longTR_pipeline_HG02017/HG02017.chr14.vcf.gz	0.763198 seconds
Concatenating /scratch/rohlfslab/abierly2/LongTR/longTR_pipeline_HG02017/HG02017.chr15.vcf.gz	0.727025 seconds
Concatenating /scratch/rohlfslab/abierly2/LongTR/longTR_pipeline_HG02017/HG02017.chr16.vcf.gz	0.747262 seconds
Concatenating /scratch/rohlfslab/abierly2/LongTR/longTR_pipeline_HG02017/HG02017.chr17.vcf.gz	0.797327 seconds
Concatenating /scratch/rohlfslab/abierly2/LongTR/longTR_pipeline_HG02017/HG02017.chr18.vcf.gz	0.576313 seconds
Concatenating /scratch/rohlfslab/abierly2/LongTR/longTR_pipeline_HG02017/HG02017.chr19.vcf.gz	0.668460 seconds
Concatenating /scratch/rohlfslab/abierly2/LongTR/longTR_pipeline_HG02017/HG02017.chr1.vcf.gz	2.098238 seconds
Concatenating /scratch/rohlfslab/abierly2/LongTR/longTR_pipeline_HG02017/HG02017.chr20.vcf.gz	0.488221 seconds
Concatenating /scratch/rohlfslab/abierly2/LongTR/longTR_pipeline_HG02017/HG02017.chr21.vcf.gz	0.276741 seconds
Concatenating /scratch/rohlfslab/abierly2/LongTR/longTR_pipeline_HG02017/HG02017.chr22.vcf.gz	0.345265 seconds
Concatenating /scratch/rohlfslab/abierly2/LongTR/longTR_pipeline_HG02017/HG02017.chr2.vcf.gz	2.077921 seconds
Concatenating /scratch/rohlfslab/abierly2/LongTR/longTR_pipeline_HG02017/HG02017.chr3.vcf.gz	1.658006 seconds
Concatenating /scratch/rohlfslab/abierly2/LongTR/longTR_pipeline_HG02017/HG02017.chr4.vcf.gz	1.558757 seconds
Concatenating /scratch/rohlfslab/abierly2/LongTR/longTR_pipeline_HG02017/HG02017.chr5.vcf.gz	1.486053 seconds
Concatenating /scratch/rohlfslab/abierly2/LongTR/longTR_pipeline_HG02017/HG02017.chr6.vcf.gz	1.449409 seconds
Concatenating /scratch/rohlfslab/abierly2/LongTR/longTR_pipeline_HG02017/HG02017.chr7.vcf.gz	1.386872 seconds
Concatenating /scratch/rohlfslab/abierly2/LongTR/longTR_pipeline_HG02017/HG02017.chr8.vcf.gz	1.194202 seconds
Concatenating /scratch/rohlfslab/abierly2/LongTR/longTR_pipeline_HG02017/HG02017.chr9.vcf.gz	1.019456 seconds
Concatenating /scratch/rohlfslab/abierly2/LongTR/longTR_pipeline_HG02017/HG02017.chrM.vcf.gz	0.000310 seconds
Concatenating /scratch/rohlfslab/abierly2/LongTR/longTR_pipeline_HG02017/HG02017.chrX.vcf.gz	0.367101 seconds
Concatenating /scratch/rohlfslab/abierly2/LongTR/longTR_pipeline_HG02017/HG02017.chrY.vcf.gz	0.014672 seconds
