Checking the headers and starting positions of 25 files
Concatenating /scratch/rohlfslab/abierly2/LongTR/longTR_pipeline_HG02146/HG02146.chr10.vcf.gz	1.247220 seconds
Concatenating /scratch/rohlfslab/abierly2/LongTR/longTR_pipeline_HG02146/HG02146.chr11.vcf.gz	1.192899 seconds
Concatenating /scratch/rohlfslab/abierly2/LongTR/longTR_pipeline_HG02146/HG02146.chr12.vcf.gz	1.256708 seconds
Concatenating /scratch/rohlfslab/abierly2/LongTR/longTR_pipeline_HG02146/HG02146.chr13.vcf.gz	0.872396 seconds
Concatenating /scratch/rohlfslab/abierly2/LongTR/longTR_pipeline_HG02146/HG02146.chr14.vcf.gz	0.824435 seconds
Concatenating /scratch/rohlfslab/abierly2/LongTR/longTR_pipeline_HG02146/HG02146.chr15.vcf.gz	0.773678 seconds
Concatenating /scratch/rohlfslab/abierly2/LongTR/longTR_pipeline_HG02146/HG02146.chr16.vcf.gz	0.811058 seconds
Concatenating /scratch/rohlfslab/abierly2/LongTR/longTR_pipeline_HG02146/HG02146.chr17.vcf.gz	0.838583 seconds
Concatenating /scratch/rohlfslab/abierly2/LongTR/longTR_pipeline_HG02146/HG02146.chr18.vcf.gz	0.628942 seconds
Concatenating /scratch/rohlfslab/abierly2/LongTR/longTR_pipeline_HG02146/HG02146.chr19.vcf.gz	0.696779 seconds
Concatenating /scratch/rohlfslab/abierly2/LongTR/longTR_pipeline_HG02146/HG02146.chr1.vcf.gz	2.222775 seconds
Concatenating /scratch/rohlfslab/abierly2/LongTR/longTR_pipeline_HG02146/HG02146.chr20.vcf.gz	0.525994 seconds
Concatenating /scratch/rohlfslab/abierly2/LongTR/longTR_pipeline_HG02146/HG02146.chr21.vcf.gz	0.304676 seconds
Concatenating /scratch/rohlfslab/abierly2/LongTR/longTR_pipeline_HG02146/HG02146.chr22.vcf.gz	0.368507 seconds
Concatenating /scratch/rohlfslab/abierly2/LongTR/longTR_pipeline_HG02146/HG02146.chr2.vcf.gz	2.220869 seconds
Concatenating /scratch/rohlfslab/abierly2/LongTR/longTR_pipeline_HG02146/HG02146.chr3.vcf.gz	1.774687 seconds
Concatenating /scratch/rohlfslab/abierly2/LongTR/longTR_pipeline_HG02146/HG02146.chr4.vcf.gz	1.699060 seconds
Concatenating /scratch/rohlfslab/abierly2/LongTR/longTR_pipeline_HG02146/HG02146.chr5.vcf.gz	1.613255 seconds
Concatenating /scratch/rohlfslab/abierly2/LongTR/longTR_pipeline_HG02146/HG02146.chr6.vcf.gz	1.556401 seconds
Concatenating /scratch/rohlfslab/abierly2/LongTR/longTR_pipeline_HG02146/HG02146.chr7.vcf.gz	1.491010 seconds
Concatenating /scratch/rohlfslab/abierly2/LongTR/longTR_pipeline_HG02146/HG02146.chr8.vcf.gz	1.281110 seconds
Concatenating /scratch/rohlfslab/abierly2/LongTR/longTR_pipeline_HG02146/HG02146.chr9.vcf.gz	1.101976 seconds
Concatenating /scratch/rohlfslab/abierly2/LongTR/longTR_pipeline_HG02146/HG02146.chrM.vcf.gz	0.000380 seconds
Concatenating /scratch/rohlfslab/abierly2/LongTR/longTR_pipeline_HG02146/HG02146.chrX.vcf.gz	0.712546 seconds
Concatenating /scratch/rohlfslab/abierly2/LongTR/longTR_pipeline_HG02146/HG02146.chrY.vcf.gz	0.035863 seconds
