Checking the headers and starting positions of 25 files
Concatenating /scratch/rohlfslab/abierly2/LongTR/longTR_pipeline_HG02274/HG02274.chr10.vcf.gz	1.235382 seconds
Concatenating /scratch/rohlfslab/abierly2/LongTR/longTR_pipeline_HG02274/HG02274.chr11.vcf.gz	1.174167 seconds
Concatenating /scratch/rohlfslab/abierly2/LongTR/longTR_pipeline_HG02274/HG02274.chr12.vcf.gz	1.246784 seconds
Concatenating /scratch/rohlfslab/abierly2/LongTR/longTR_pipeline_HG02274/HG02274.chr13.vcf.gz	0.863679 seconds
Concatenating /scratch/rohlfslab/abierly2/LongTR/longTR_pipeline_HG02274/HG02274.chr14.vcf.gz	0.816758 seconds
Concatenating /scratch/rohlfslab/abierly2/LongTR/longTR_pipeline_HG02274/HG02274.chr15.vcf.gz	0.763453 seconds
Concatenating /scratch/rohlfslab/abierly2/LongTR/longTR_pipeline_HG02274/HG02274.chr16.vcf.gz	0.800545 seconds
Concatenating /scratch/rohlfslab/abierly2/LongTR/longTR_pipeline_HG02274/HG02274.chr17.vcf.gz	0.835858 seconds
Concatenating /scratch/rohlfslab/abierly2/LongTR/longTR_pipeline_HG02274/HG02274.chr18.vcf.gz	0.617954 seconds
Concatenating /scratch/rohlfslab/abierly2/LongTR/longTR_pipeline_HG02274/HG02274.chr19.vcf.gz	0.686780 seconds
Concatenating /scratch/rohlfslab/abierly2/LongTR/longTR_pipeline_HG02274/HG02274.chr1.vcf.gz	2.198530 seconds
Concatenating /scratch/rohlfslab/abierly2/LongTR/longTR_pipeline_HG02274/HG02274.chr20.vcf.gz	0.524323 seconds
Concatenating /scratch/rohlfslab/abierly2/LongTR/longTR_pipeline_HG02274/HG02274.chr21.vcf.gz	0.300640 seconds
Concatenating /scratch/rohlfslab/abierly2/LongTR/longTR_pipeline_HG02274/HG02274.chr22.vcf.gz	0.363758 seconds
Concatenating /scratch/rohlfslab/abierly2/LongTR/longTR_pipeline_HG02274/HG02274.chr2.vcf.gz	2.202774 seconds
Concatenating /scratch/rohlfslab/abierly2/LongTR/longTR_pipeline_HG02274/HG02274.chr3.vcf.gz	1.776140 seconds
Concatenating /scratch/rohlfslab/abierly2/LongTR/longTR_pipeline_HG02274/HG02274.chr4.vcf.gz	1.683790 seconds
Concatenating /scratch/rohlfslab/abierly2/LongTR/longTR_pipeline_HG02274/HG02274.chr5.vcf.gz	1.595530 seconds
Concatenating /scratch/rohlfslab/abierly2/LongTR/longTR_pipeline_HG02274/HG02274.chr6.vcf.gz	1.535031 seconds
Concatenating /scratch/rohlfslab/abierly2/LongTR/longTR_pipeline_HG02274/HG02274.chr7.vcf.gz	1.478892 seconds
Concatenating /scratch/rohlfslab/abierly2/LongTR/longTR_pipeline_HG02274/HG02274.chr8.vcf.gz	1.272759 seconds
Concatenating /scratch/rohlfslab/abierly2/LongTR/longTR_pipeline_HG02274/HG02274.chr9.vcf.gz	1.084134 seconds
Concatenating /scratch/rohlfslab/abierly2/LongTR/longTR_pipeline_HG02274/HG02274.chrM.vcf.gz	0.000468 seconds
Concatenating /scratch/rohlfslab/abierly2/LongTR/longTR_pipeline_HG02274/HG02274.chrX.vcf.gz	0.696107 seconds
Concatenating /scratch/rohlfslab/abierly2/LongTR/longTR_pipeline_HG02274/HG02274.chrY.vcf.gz	0.036998 seconds
