Checking the headers and starting positions of 25 files
Concatenating /scratch/rohlfslab/abierly2/LongTR/longTR_pipeline_HG03809/HG03809.chr10.vcf.gz	1.256605 seconds
Concatenating /scratch/rohlfslab/abierly2/LongTR/longTR_pipeline_HG03809/HG03809.chr11.vcf.gz	1.196251 seconds
Concatenating /scratch/rohlfslab/abierly2/LongTR/longTR_pipeline_HG03809/HG03809.chr12.vcf.gz	1.264220 seconds
Concatenating /scratch/rohlfslab/abierly2/LongTR/longTR_pipeline_HG03809/HG03809.chr13.vcf.gz	0.880045 seconds
Concatenating /scratch/rohlfslab/abierly2/LongTR/longTR_pipeline_HG03809/HG03809.chr14.vcf.gz	0.830313 seconds
Concatenating /scratch/rohlfslab/abierly2/LongTR/longTR_pipeline_HG03809/HG03809.chr15.vcf.gz	0.775383 seconds
Concatenating /scratch/rohlfslab/abierly2/LongTR/longTR_pipeline_HG03809/HG03809.chr16.vcf.gz	0.813137 seconds
Concatenating /scratch/rohlfslab/abierly2/LongTR/longTR_pipeline_HG03809/HG03809.chr17.vcf.gz	0.846719 seconds
Concatenating /scratch/rohlfslab/abierly2/LongTR/longTR_pipeline_HG03809/HG03809.chr18.vcf.gz	0.638249 seconds
Concatenating /scratch/rohlfslab/abierly2/LongTR/longTR_pipeline_HG03809/HG03809.chr19.vcf.gz	0.697437 seconds
Concatenating /scratch/rohlfslab/abierly2/LongTR/longTR_pipeline_HG03809/HG03809.chr1.vcf.gz	2.234597 seconds
Concatenating /scratch/rohlfslab/abierly2/LongTR/longTR_pipeline_HG03809/HG03809.chr20.vcf.gz	0.527988 seconds
Concatenating /scratch/rohlfslab/abierly2/LongTR/longTR_pipeline_HG03809/HG03809.chr21.vcf.gz	0.305486 seconds
Concatenating /scratch/rohlfslab/abierly2/LongTR/longTR_pipeline_HG03809/HG03809.chr22.vcf.gz	0.368629 seconds
Concatenating /scratch/rohlfslab/abierly2/LongTR/longTR_pipeline_HG03809/HG03809.chr2.vcf.gz	2.241140 seconds
Concatenating /scratch/rohlfslab/abierly2/LongTR/longTR_pipeline_HG03809/HG03809.chr3.vcf.gz	1.782248 seconds
Concatenating /scratch/rohlfslab/abierly2/LongTR/longTR_pipeline_HG03809/HG03809.chr4.vcf.gz	1.713951 seconds
Concatenating /scratch/rohlfslab/abierly2/LongTR/longTR_pipeline_HG03809/HG03809.chr5.vcf.gz	1.617005 seconds
Concatenating /scratch/rohlfslab/abierly2/LongTR/longTR_pipeline_HG03809/HG03809.chr6.vcf.gz	1.561704 seconds
Concatenating /scratch/rohlfslab/abierly2/LongTR/longTR_pipeline_HG03809/HG03809.chr7.vcf.gz	1.503342 seconds
Concatenating /scratch/rohlfslab/abierly2/LongTR/longTR_pipeline_HG03809/HG03809.chr8.vcf.gz	1.304868 seconds
Concatenating /scratch/rohlfslab/abierly2/LongTR/longTR_pipeline_HG03809/HG03809.chr9.vcf.gz	1.100001 seconds
Concatenating /scratch/rohlfslab/abierly2/LongTR/longTR_pipeline_HG03809/HG03809.chrM.vcf.gz	0.000436 seconds
Concatenating /scratch/rohlfslab/abierly2/LongTR/longTR_pipeline_HG03809/HG03809.chrX.vcf.gz	0.734557 seconds
Concatenating /scratch/rohlfslab/abierly2/LongTR/longTR_pipeline_HG03809/HG03809.chrY.vcf.gz	0.041231 seconds
