Checking the headers and starting positions of 25 files
Concatenating /scratch/rohlfslab/abierly2/LongTR/longTR_pipeline_HG01465/HG01465.chr10.vcf.gz	1.261177 seconds
Concatenating /scratch/rohlfslab/abierly2/LongTR/longTR_pipeline_HG01465/HG01465.chr11.vcf.gz	1.198658 seconds
Concatenating /scratch/rohlfslab/abierly2/LongTR/longTR_pipeline_HG01465/HG01465.chr12.vcf.gz	1.270686 seconds
Concatenating /scratch/rohlfslab/abierly2/LongTR/longTR_pipeline_HG01465/HG01465.chr13.vcf.gz	0.879827 seconds
Concatenating /scratch/rohlfslab/abierly2/LongTR/longTR_pipeline_HG01465/HG01465.chr14.vcf.gz	0.831722 seconds
Concatenating /scratch/rohlfslab/abierly2/LongTR/longTR_pipeline_HG01465/HG01465.chr15.vcf.gz	0.781403 seconds
Concatenating /scratch/rohlfslab/abierly2/LongTR/longTR_pipeline_HG01465/HG01465.chr16.vcf.gz	0.820164 seconds
Concatenating /scratch/rohlfslab/abierly2/LongTR/longTR_pipeline_HG01465/HG01465.chr17.vcf.gz	0.850363 seconds
Concatenating /scratch/rohlfslab/abierly2/LongTR/longTR_pipeline_HG01465/HG01465.chr18.vcf.gz	0.634828 seconds
Concatenating /scratch/rohlfslab/abierly2/LongTR/longTR_pipeline_HG01465/HG01465.chr19.vcf.gz	0.703724 seconds
Concatenating /scratch/rohlfslab/abierly2/LongTR/longTR_pipeline_HG01465/HG01465.chr1.vcf.gz	2.247376 seconds
Concatenating /scratch/rohlfslab/abierly2/LongTR/longTR_pipeline_HG01465/HG01465.chr20.vcf.gz	0.530097 seconds
Concatenating /scratch/rohlfslab/abierly2/LongTR/longTR_pipeline_HG01465/HG01465.chr21.vcf.gz	0.306611 seconds
Concatenating /scratch/rohlfslab/abierly2/LongTR/longTR_pipeline_HG01465/HG01465.chr22.vcf.gz	0.372555 seconds
Concatenating /scratch/rohlfslab/abierly2/LongTR/longTR_pipeline_HG01465/HG01465.chr2.vcf.gz	2.245955 seconds
Concatenating /scratch/rohlfslab/abierly2/LongTR/longTR_pipeline_HG01465/HG01465.chr3.vcf.gz	1.791146 seconds
Concatenating /scratch/rohlfslab/abierly2/LongTR/longTR_pipeline_HG01465/HG01465.chr4.vcf.gz	1.712069 seconds
Concatenating /scratch/rohlfslab/abierly2/LongTR/longTR_pipeline_HG01465/HG01465.chr5.vcf.gz	1.626893 seconds
Concatenating /scratch/rohlfslab/abierly2/LongTR/longTR_pipeline_HG01465/HG01465.chr6.vcf.gz	1.563765 seconds
Concatenating /scratch/rohlfslab/abierly2/LongTR/longTR_pipeline_HG01465/HG01465.chr7.vcf.gz	1.507206 seconds
Concatenating /scratch/rohlfslab/abierly2/LongTR/longTR_pipeline_HG01465/HG01465.chr8.vcf.gz	1.306566 seconds
Concatenating /scratch/rohlfslab/abierly2/LongTR/longTR_pipeline_HG01465/HG01465.chr9.vcf.gz	1.112905 seconds
Concatenating /scratch/rohlfslab/abierly2/LongTR/longTR_pipeline_HG01465/HG01465.chrM.vcf.gz	0.000309 seconds
Concatenating /scratch/rohlfslab/abierly2/LongTR/longTR_pipeline_HG01465/HG01465.chrX.vcf.gz	1.358324 seconds
Concatenating /scratch/rohlfslab/abierly2/LongTR/longTR_pipeline_HG01465/HG01465.chrY.vcf.gz	0.000371 seconds
