Checking the headers and starting positions of 25 files
Concatenating /scratch/rohlfslab/abierly2/LongTR/longTR_pipeline_NA10835/NA10835.chr10.vcf.gz	0.611040 seconds
Concatenating /scratch/rohlfslab/abierly2/LongTR/longTR_pipeline_NA10835/NA10835.chr11.vcf.gz	0.596047 seconds
Concatenating /scratch/rohlfslab/abierly2/LongTR/longTR_pipeline_NA10835/NA10835.chr12.vcf.gz	0.614230 seconds
Concatenating /scratch/rohlfslab/abierly2/LongTR/longTR_pipeline_NA10835/NA10835.chr13.vcf.gz	0.403349 seconds
Concatenating /scratch/rohlfslab/abierly2/LongTR/longTR_pipeline_NA10835/NA10835.chr14.vcf.gz	0.417269 seconds
Concatenating /scratch/rohlfslab/abierly2/LongTR/longTR_pipeline_NA10835/NA10835.chr15.vcf.gz	0.382997 seconds
Concatenating /scratch/rohlfslab/abierly2/LongTR/longTR_pipeline_NA10835/NA10835.chr16.vcf.gz	0.417270 seconds
Concatenating /scratch/rohlfslab/abierly2/LongTR/longTR_pipeline_NA10835/NA10835.chr17.vcf.gz	0.438862 seconds
Concatenating /scratch/rohlfslab/abierly2/LongTR/longTR_pipeline_NA10835/NA10835.chr18.vcf.gz	0.290341 seconds
Concatenating /scratch/rohlfslab/abierly2/LongTR/longTR_pipeline_NA10835/NA10835.chr19.vcf.gz	0.357246 seconds
Concatenating /scratch/rohlfslab/abierly2/LongTR/longTR_pipeline_NA10835/NA10835.chr1.vcf.gz	1.092102 seconds
Concatenating /scratch/rohlfslab/abierly2/LongTR/longTR_pipeline_NA10835/NA10835.chr20.vcf.gz	0.273896 seconds
Concatenating /scratch/rohlfslab/abierly2/LongTR/longTR_pipeline_NA10835/NA10835.chr21.vcf.gz	0.154284 seconds
Concatenating /scratch/rohlfslab/abierly2/LongTR/longTR_pipeline_NA10835/NA10835.chr22.vcf.gz	0.195260 seconds
Concatenating /scratch/rohlfslab/abierly2/LongTR/longTR_pipeline_NA10835/NA10835.chr2.vcf.gz	1.088586 seconds
Concatenating /scratch/rohlfslab/abierly2/LongTR/longTR_pipeline_NA10835/NA10835.chr3.vcf.gz	0.869282 seconds
Concatenating /scratch/rohlfslab/abierly2/LongTR/longTR_pipeline_NA10835/NA10835.chr4.vcf.gz	0.778133 seconds
Concatenating /scratch/rohlfslab/abierly2/LongTR/longTR_pipeline_NA10835/NA10835.chr5.vcf.gz	0.782118 seconds
Concatenating /scratch/rohlfslab/abierly2/LongTR/longTR_pipeline_NA10835/NA10835.chr6.vcf.gz	0.753116 seconds
Concatenating /scratch/rohlfslab/abierly2/LongTR/longTR_pipeline_NA10835/NA10835.chr7.vcf.gz	0.739670 seconds
Concatenating /scratch/rohlfslab/abierly2/LongTR/longTR_pipeline_NA10835/NA10835.chr8.vcf.gz	0.626907 seconds
Concatenating /scratch/rohlfslab/abierly2/LongTR/longTR_pipeline_NA10835/NA10835.chr9.vcf.gz	0.538959 seconds
Concatenating /scratch/rohlfslab/abierly2/LongTR/longTR_pipeline_NA10835/NA10835.chrM.vcf.gz	0.000327 seconds
Concatenating /scratch/rohlfslab/abierly2/LongTR/longTR_pipeline_NA10835/NA10835.chrX.vcf.gz	0.070154 seconds
Concatenating /scratch/rohlfslab/abierly2/LongTR/longTR_pipeline_NA10835/NA10835.chrY.vcf.gz	0.000532 seconds
