Checking the headers and starting positions of 25 files
Concatenating /scratch/rohlfslab/abierly2/LongTR/longTR_pipeline_HG01612/HG01612.chr10.vcf.gz	1.123120 seconds
Concatenating /scratch/rohlfslab/abierly2/LongTR/longTR_pipeline_HG01612/HG01612.chr11.vcf.gz	1.078360 seconds
Concatenating /scratch/rohlfslab/abierly2/LongTR/longTR_pipeline_HG01612/HG01612.chr12.vcf.gz	1.132128 seconds
Concatenating /scratch/rohlfslab/abierly2/LongTR/longTR_pipeline_HG01612/HG01612.chr13.vcf.gz	0.786991 seconds
Concatenating /scratch/rohlfslab/abierly2/LongTR/longTR_pipeline_HG01612/HG01612.chr14.vcf.gz	0.740869 seconds
Concatenating /scratch/rohlfslab/abierly2/LongTR/longTR_pipeline_HG01612/HG01612.chr15.vcf.gz	0.695881 seconds
Concatenating /scratch/rohlfslab/abierly2/LongTR/longTR_pipeline_HG01612/HG01612.chr16.vcf.gz	0.722678 seconds
Concatenating /scratch/rohlfslab/abierly2/LongTR/longTR_pipeline_HG01612/HG01612.chr17.vcf.gz	0.767083 seconds
Concatenating /scratch/rohlfslab/abierly2/LongTR/longTR_pipeline_HG01612/HG01612.chr18.vcf.gz	0.569206 seconds
Concatenating /scratch/rohlfslab/abierly2/LongTR/longTR_pipeline_HG01612/HG01612.chr19.vcf.gz	0.620900 seconds
Concatenating /scratch/rohlfslab/abierly2/LongTR/longTR_pipeline_HG01612/HG01612.chr1.vcf.gz	2.012191 seconds
Concatenating /scratch/rohlfslab/abierly2/LongTR/longTR_pipeline_HG01612/HG01612.chr20.vcf.gz	0.476083 seconds
Concatenating /scratch/rohlfslab/abierly2/LongTR/longTR_pipeline_HG01612/HG01612.chr21.vcf.gz	0.276088 seconds
Concatenating /scratch/rohlfslab/abierly2/LongTR/longTR_pipeline_HG01612/HG01612.chr22.vcf.gz	0.329964 seconds
Concatenating /scratch/rohlfslab/abierly2/LongTR/longTR_pipeline_HG01612/HG01612.chr2.vcf.gz	2.015593 seconds
Concatenating /scratch/rohlfslab/abierly2/LongTR/longTR_pipeline_HG01612/HG01612.chr3.vcf.gz	1.595003 seconds
Concatenating /scratch/rohlfslab/abierly2/LongTR/longTR_pipeline_HG01612/HG01612.chr4.vcf.gz	1.529099 seconds
Concatenating /scratch/rohlfslab/abierly2/LongTR/longTR_pipeline_HG01612/HG01612.chr5.vcf.gz	1.477681 seconds
Concatenating /scratch/rohlfslab/abierly2/LongTR/longTR_pipeline_HG01612/HG01612.chr6.vcf.gz	1.394291 seconds
Concatenating /scratch/rohlfslab/abierly2/LongTR/longTR_pipeline_HG01612/HG01612.chr7.vcf.gz	1.341464 seconds
Concatenating /scratch/rohlfslab/abierly2/LongTR/longTR_pipeline_HG01612/HG01612.chr8.vcf.gz	1.197233 seconds
Concatenating /scratch/rohlfslab/abierly2/LongTR/longTR_pipeline_HG01612/HG01612.chr9.vcf.gz	0.983962 seconds
Concatenating /scratch/rohlfslab/abierly2/LongTR/longTR_pipeline_HG01612/HG01612.chrM.vcf.gz	0.000326 seconds
Concatenating /scratch/rohlfslab/abierly2/LongTR/longTR_pipeline_HG01612/HG01612.chrX.vcf.gz	1.189651 seconds
Concatenating /scratch/rohlfslab/abierly2/LongTR/longTR_pipeline_HG01612/HG01612.chrY.vcf.gz	0.000319 seconds
