Checking the headers and starting positions of 25 files
Concatenating /scratch/rohlfslab/abierly2/LongTR/longTR_pipeline_NA18530/NA18530.chr10.vcf.gz	1.157446 seconds
Concatenating /scratch/rohlfslab/abierly2/LongTR/longTR_pipeline_NA18530/NA18530.chr11.vcf.gz	1.100675 seconds
Concatenating /scratch/rohlfslab/abierly2/LongTR/longTR_pipeline_NA18530/NA18530.chr12.vcf.gz	1.169706 seconds
Concatenating /scratch/rohlfslab/abierly2/LongTR/longTR_pipeline_NA18530/NA18530.chr13.vcf.gz	0.797407 seconds
Concatenating /scratch/rohlfslab/abierly2/LongTR/longTR_pipeline_NA18530/NA18530.chr14.vcf.gz	0.769126 seconds
Concatenating /scratch/rohlfslab/abierly2/LongTR/longTR_pipeline_NA18530/NA18530.chr15.vcf.gz	0.718130 seconds
Concatenating /scratch/rohlfslab/abierly2/LongTR/longTR_pipeline_NA18530/NA18530.chr16.vcf.gz	0.747396 seconds
Concatenating /scratch/rohlfslab/abierly2/LongTR/longTR_pipeline_NA18530/NA18530.chr17.vcf.gz	0.777177 seconds
Concatenating /scratch/rohlfslab/abierly2/LongTR/longTR_pipeline_NA18530/NA18530.chr18.vcf.gz	0.581006 seconds
Concatenating /scratch/rohlfslab/abierly2/LongTR/longTR_pipeline_NA18530/NA18530.chr19.vcf.gz	0.636317 seconds
Concatenating /scratch/rohlfslab/abierly2/LongTR/longTR_pipeline_NA18530/NA18530.chr1.vcf.gz	2.054121 seconds
Concatenating /scratch/rohlfslab/abierly2/LongTR/longTR_pipeline_NA18530/NA18530.chr20.vcf.gz	0.482297 seconds
Concatenating /scratch/rohlfslab/abierly2/LongTR/longTR_pipeline_NA18530/NA18530.chr21.vcf.gz	0.281360 seconds
Concatenating /scratch/rohlfslab/abierly2/LongTR/longTR_pipeline_NA18530/NA18530.chr22.vcf.gz	0.337819 seconds
Concatenating /scratch/rohlfslab/abierly2/LongTR/longTR_pipeline_NA18530/NA18530.chr2.vcf.gz	2.054242 seconds
Concatenating /scratch/rohlfslab/abierly2/LongTR/longTR_pipeline_NA18530/NA18530.chr3.vcf.gz	1.647940 seconds
Concatenating /scratch/rohlfslab/abierly2/LongTR/longTR_pipeline_NA18530/NA18530.chr4.vcf.gz	1.563324 seconds
Concatenating /scratch/rohlfslab/abierly2/LongTR/longTR_pipeline_NA18530/NA18530.chr5.vcf.gz	1.483943 seconds
Concatenating /scratch/rohlfslab/abierly2/LongTR/longTR_pipeline_NA18530/NA18530.chr6.vcf.gz	1.432819 seconds
Concatenating /scratch/rohlfslab/abierly2/LongTR/longTR_pipeline_NA18530/NA18530.chr7.vcf.gz	1.376651 seconds
Concatenating /scratch/rohlfslab/abierly2/LongTR/longTR_pipeline_NA18530/NA18530.chr8.vcf.gz	1.195214 seconds
Concatenating /scratch/rohlfslab/abierly2/LongTR/longTR_pipeline_NA18530/NA18530.chr9.vcf.gz	1.003928 seconds
Concatenating /scratch/rohlfslab/abierly2/LongTR/longTR_pipeline_NA18530/NA18530.chrM.vcf.gz	0.000362 seconds
Concatenating /scratch/rohlfslab/abierly2/LongTR/longTR_pipeline_NA18530/NA18530.chrX.vcf.gz	0.362101 seconds
Concatenating /scratch/rohlfslab/abierly2/LongTR/longTR_pipeline_NA18530/NA18530.chrY.vcf.gz	0.016431 seconds
