Checking the headers and starting positions of 25 files
Concatenating /scratch/rohlfslab/abierly2/LongTR/longTR_pipeline_HG03709/HG03709.chr10.vcf.gz	1.130718 seconds
Concatenating /scratch/rohlfslab/abierly2/LongTR/longTR_pipeline_HG03709/HG03709.chr11.vcf.gz	1.075537 seconds
Concatenating /scratch/rohlfslab/abierly2/LongTR/longTR_pipeline_HG03709/HG03709.chr12.vcf.gz	1.152117 seconds
Concatenating /scratch/rohlfslab/abierly2/LongTR/longTR_pipeline_HG03709/HG03709.chr13.vcf.gz	0.797417 seconds
Concatenating /scratch/rohlfslab/abierly2/LongTR/longTR_pipeline_HG03709/HG03709.chr14.vcf.gz	0.754169 seconds
Concatenating /scratch/rohlfslab/abierly2/LongTR/longTR_pipeline_HG03709/HG03709.chr15.vcf.gz	0.697028 seconds
Concatenating /scratch/rohlfslab/abierly2/LongTR/longTR_pipeline_HG03709/HG03709.chr16.vcf.gz	0.701698 seconds
Concatenating /scratch/rohlfslab/abierly2/LongTR/longTR_pipeline_HG03709/HG03709.chr17.vcf.gz	0.737942 seconds
Concatenating /scratch/rohlfslab/abierly2/LongTR/longTR_pipeline_HG03709/HG03709.chr18.vcf.gz	0.574901 seconds
Concatenating /scratch/rohlfslab/abierly2/LongTR/longTR_pipeline_HG03709/HG03709.chr19.vcf.gz	0.586843 seconds
Concatenating /scratch/rohlfslab/abierly2/LongTR/longTR_pipeline_HG03709/HG03709.chr1.vcf.gz	2.005487 seconds
Concatenating /scratch/rohlfslab/abierly2/LongTR/longTR_pipeline_HG03709/HG03709.chr20.vcf.gz	0.468716 seconds
Concatenating /scratch/rohlfslab/abierly2/LongTR/longTR_pipeline_HG03709/HG03709.chr21.vcf.gz	0.274625 seconds
Concatenating /scratch/rohlfslab/abierly2/LongTR/longTR_pipeline_HG03709/HG03709.chr22.vcf.gz	0.318696 seconds
Concatenating /scratch/rohlfslab/abierly2/LongTR/longTR_pipeline_HG03709/HG03709.chr2.vcf.gz	2.029486 seconds
Concatenating /scratch/rohlfslab/abierly2/LongTR/longTR_pipeline_HG03709/HG03709.chr3.vcf.gz	1.628147 seconds
Concatenating /scratch/rohlfslab/abierly2/LongTR/longTR_pipeline_HG03709/HG03709.chr4.vcf.gz	1.553824 seconds
Concatenating /scratch/rohlfslab/abierly2/LongTR/longTR_pipeline_HG03709/HG03709.chr5.vcf.gz	1.514164 seconds
Concatenating /scratch/rohlfslab/abierly2/LongTR/longTR_pipeline_HG03709/HG03709.chr6.vcf.gz	1.423849 seconds
Concatenating /scratch/rohlfslab/abierly2/LongTR/longTR_pipeline_HG03709/HG03709.chr7.vcf.gz	1.342322 seconds
Concatenating /scratch/rohlfslab/abierly2/LongTR/longTR_pipeline_HG03709/HG03709.chr8.vcf.gz	1.172255 seconds
Concatenating /scratch/rohlfslab/abierly2/LongTR/longTR_pipeline_HG03709/HG03709.chr9.vcf.gz	0.986364 seconds
Concatenating /scratch/rohlfslab/abierly2/LongTR/longTR_pipeline_HG03709/HG03709.chrM.vcf.gz	0.000342 seconds
Concatenating /scratch/rohlfslab/abierly2/LongTR/longTR_pipeline_HG03709/HG03709.chrX.vcf.gz	1.186733 seconds
Concatenating /scratch/rohlfslab/abierly2/LongTR/longTR_pipeline_HG03709/HG03709.chrY.vcf.gz	0.000383 seconds
