Checking the headers and starting positions of 25 files
Concatenating /scratch/rohlfslab/abierly2/LongTR/longTR_pipeline_NA19059/NA19059.chr10.vcf.gz	0.991219 seconds
Concatenating /scratch/rohlfslab/abierly2/LongTR/longTR_pipeline_NA19059/NA19059.chr11.vcf.gz	0.946306 seconds
Concatenating /scratch/rohlfslab/abierly2/LongTR/longTR_pipeline_NA19059/NA19059.chr12.vcf.gz	1.013579 seconds
Concatenating /scratch/rohlfslab/abierly2/LongTR/longTR_pipeline_NA19059/NA19059.chr13.vcf.gz	0.666958 seconds
Concatenating /scratch/rohlfslab/abierly2/LongTR/longTR_pipeline_NA19059/NA19059.chr14.vcf.gz	0.656956 seconds
Concatenating /scratch/rohlfslab/abierly2/LongTR/longTR_pipeline_NA19059/NA19059.chr15.vcf.gz	0.621328 seconds
Concatenating /scratch/rohlfslab/abierly2/LongTR/longTR_pipeline_NA19059/NA19059.chr16.vcf.gz	0.637570 seconds
Concatenating /scratch/rohlfslab/abierly2/LongTR/longTR_pipeline_NA19059/NA19059.chr17.vcf.gz	0.690230 seconds
Concatenating /scratch/rohlfslab/abierly2/LongTR/longTR_pipeline_NA19059/NA19059.chr18.vcf.gz	0.488341 seconds
Concatenating /scratch/rohlfslab/abierly2/LongTR/longTR_pipeline_NA19059/NA19059.chr19.vcf.gz	0.552488 seconds
Concatenating /scratch/rohlfslab/abierly2/LongTR/longTR_pipeline_NA19059/NA19059.chr1.vcf.gz	1.799538 seconds
Concatenating /scratch/rohlfslab/abierly2/LongTR/longTR_pipeline_NA19059/NA19059.chr20.vcf.gz	0.419266 seconds
Concatenating /scratch/rohlfslab/abierly2/LongTR/longTR_pipeline_NA19059/NA19059.chr21.vcf.gz	0.237079 seconds
Concatenating /scratch/rohlfslab/abierly2/LongTR/longTR_pipeline_NA19059/NA19059.chr22.vcf.gz	0.297906 seconds
Concatenating /scratch/rohlfslab/abierly2/LongTR/longTR_pipeline_NA19059/NA19059.chr2.vcf.gz	1.766823 seconds
Concatenating /scratch/rohlfslab/abierly2/LongTR/longTR_pipeline_NA19059/NA19059.chr3.vcf.gz	1.421581 seconds
Concatenating /scratch/rohlfslab/abierly2/LongTR/longTR_pipeline_NA19059/NA19059.chr4.vcf.gz	1.320222 seconds
Concatenating /scratch/rohlfslab/abierly2/LongTR/longTR_pipeline_NA19059/NA19059.chr5.vcf.gz	1.268424 seconds
Concatenating /scratch/rohlfslab/abierly2/LongTR/longTR_pipeline_NA19059/NA19059.chr6.vcf.gz	1.238272 seconds
Concatenating /scratch/rohlfslab/abierly2/LongTR/longTR_pipeline_NA19059/NA19059.chr7.vcf.gz	1.172642 seconds
Concatenating /scratch/rohlfslab/abierly2/LongTR/longTR_pipeline_NA19059/NA19059.chr8.vcf.gz	1.015848 seconds
Concatenating /scratch/rohlfslab/abierly2/LongTR/longTR_pipeline_NA19059/NA19059.chr9.vcf.gz	0.870947 seconds
Concatenating /scratch/rohlfslab/abierly2/LongTR/longTR_pipeline_NA19059/NA19059.chrM.vcf.gz	0.000321 seconds
Concatenating /scratch/rohlfslab/abierly2/LongTR/longTR_pipeline_NA19059/NA19059.chrX.vcf.gz	1.010275 seconds
Concatenating /scratch/rohlfslab/abierly2/LongTR/longTR_pipeline_NA19059/NA19059.chrY.vcf.gz	0.000369 seconds
