Checking the headers and starting positions of 25 files
Concatenating /scratch/rohlfslab/abierly2/LongTR/longTR_pipeline_HG01269/HG01269.chr10.vcf.gz	1.008578 seconds
Concatenating /scratch/rohlfslab/abierly2/LongTR/longTR_pipeline_HG01269/HG01269.chr11.vcf.gz	0.975327 seconds
Concatenating /scratch/rohlfslab/abierly2/LongTR/longTR_pipeline_HG01269/HG01269.chr12.vcf.gz	1.024424 seconds
Concatenating /scratch/rohlfslab/abierly2/LongTR/longTR_pipeline_HG01269/HG01269.chr13.vcf.gz	0.714697 seconds
Concatenating /scratch/rohlfslab/abierly2/LongTR/longTR_pipeline_HG01269/HG01269.chr14.vcf.gz	0.678241 seconds
Concatenating /scratch/rohlfslab/abierly2/LongTR/longTR_pipeline_HG01269/HG01269.chr15.vcf.gz	0.628490 seconds
Concatenating /scratch/rohlfslab/abierly2/LongTR/longTR_pipeline_HG01269/HG01269.chr16.vcf.gz	0.642717 seconds
Concatenating /scratch/rohlfslab/abierly2/LongTR/longTR_pipeline_HG01269/HG01269.chr17.vcf.gz	0.670800 seconds
Concatenating /scratch/rohlfslab/abierly2/LongTR/longTR_pipeline_HG01269/HG01269.chr18.vcf.gz	0.518837 seconds
Concatenating /scratch/rohlfslab/abierly2/LongTR/longTR_pipeline_HG01269/HG01269.chr19.vcf.gz	0.571097 seconds
Concatenating /scratch/rohlfslab/abierly2/LongTR/longTR_pipeline_HG01269/HG01269.chr1.vcf.gz	1.795314 seconds
Concatenating /scratch/rohlfslab/abierly2/LongTR/longTR_pipeline_HG01269/HG01269.chr20.vcf.gz	0.421516 seconds
Concatenating /scratch/rohlfslab/abierly2/LongTR/longTR_pipeline_HG01269/HG01269.chr21.vcf.gz	0.249549 seconds
Concatenating /scratch/rohlfslab/abierly2/LongTR/longTR_pipeline_HG01269/HG01269.chr22.vcf.gz	0.293317 seconds
Concatenating /scratch/rohlfslab/abierly2/LongTR/longTR_pipeline_HG01269/HG01269.chr2.vcf.gz	1.822684 seconds
Concatenating /scratch/rohlfslab/abierly2/LongTR/longTR_pipeline_HG01269/HG01269.chr3.vcf.gz	1.436488 seconds
Concatenating /scratch/rohlfslab/abierly2/LongTR/longTR_pipeline_HG01269/HG01269.chr4.vcf.gz	1.385226 seconds
Concatenating /scratch/rohlfslab/abierly2/LongTR/longTR_pipeline_HG01269/HG01269.chr5.vcf.gz	1.301587 seconds
Concatenating /scratch/rohlfslab/abierly2/LongTR/longTR_pipeline_HG01269/HG01269.chr6.vcf.gz	1.275545 seconds
Concatenating /scratch/rohlfslab/abierly2/LongTR/longTR_pipeline_HG01269/HG01269.chr7.vcf.gz	1.209193 seconds
Concatenating /scratch/rohlfslab/abierly2/LongTR/longTR_pipeline_HG01269/HG01269.chr8.vcf.gz	1.051643 seconds
Concatenating /scratch/rohlfslab/abierly2/LongTR/longTR_pipeline_HG01269/HG01269.chr9.vcf.gz	0.887930 seconds
Concatenating /scratch/rohlfslab/abierly2/LongTR/longTR_pipeline_HG01269/HG01269.chrM.vcf.gz	0.000287 seconds
Concatenating /scratch/rohlfslab/abierly2/LongTR/longTR_pipeline_HG01269/HG01269.chrX.vcf.gz	1.083174 seconds
Concatenating /scratch/rohlfslab/abierly2/LongTR/longTR_pipeline_HG01269/HG01269.chrY.vcf.gz	0.000294 seconds
