Checking the headers and starting positions of 25 files
Concatenating /scratch/rohlfslab/abierly2/LongTR/longTR_pipeline_HG03977/HG03977.chr10.vcf.gz	1.247065 seconds
Concatenating /scratch/rohlfslab/abierly2/LongTR/longTR_pipeline_HG03977/HG03977.chr11.vcf.gz	1.202066 seconds
Concatenating /scratch/rohlfslab/abierly2/LongTR/longTR_pipeline_HG03977/HG03977.chr12.vcf.gz	1.270178 seconds
Concatenating /scratch/rohlfslab/abierly2/LongTR/longTR_pipeline_HG03977/HG03977.chr13.vcf.gz	0.864549 seconds
Concatenating /scratch/rohlfslab/abierly2/LongTR/longTR_pipeline_HG03977/HG03977.chr14.vcf.gz	0.824870 seconds
Concatenating /scratch/rohlfslab/abierly2/LongTR/longTR_pipeline_HG03977/HG03977.chr15.vcf.gz	0.774022 seconds
Concatenating /scratch/rohlfslab/abierly2/LongTR/longTR_pipeline_HG03977/HG03977.chr16.vcf.gz	0.810171 seconds
Concatenating /scratch/rohlfslab/abierly2/LongTR/longTR_pipeline_HG03977/HG03977.chr17.vcf.gz	0.837068 seconds
Concatenating /scratch/rohlfslab/abierly2/LongTR/longTR_pipeline_HG03977/HG03977.chr18.vcf.gz	0.630493 seconds
Concatenating /scratch/rohlfslab/abierly2/LongTR/longTR_pipeline_HG03977/HG03977.chr19.vcf.gz	0.698831 seconds
Concatenating /scratch/rohlfslab/abierly2/LongTR/longTR_pipeline_HG03977/HG03977.chr1.vcf.gz	2.238914 seconds
Concatenating /scratch/rohlfslab/abierly2/LongTR/longTR_pipeline_HG03977/HG03977.chr20.vcf.gz	0.537526 seconds
Concatenating /scratch/rohlfslab/abierly2/LongTR/longTR_pipeline_HG03977/HG03977.chr21.vcf.gz	0.304704 seconds
Concatenating /scratch/rohlfslab/abierly2/LongTR/longTR_pipeline_HG03977/HG03977.chr22.vcf.gz	0.371474 seconds
Concatenating /scratch/rohlfslab/abierly2/LongTR/longTR_pipeline_HG03977/HG03977.chr2.vcf.gz	2.239456 seconds
Concatenating /scratch/rohlfslab/abierly2/LongTR/longTR_pipeline_HG03977/HG03977.chr3.vcf.gz	1.800982 seconds
Concatenating /scratch/rohlfslab/abierly2/LongTR/longTR_pipeline_HG03977/HG03977.chr4.vcf.gz	1.726310 seconds
Concatenating /scratch/rohlfslab/abierly2/LongTR/longTR_pipeline_HG03977/HG03977.chr5.vcf.gz	1.610267 seconds
Concatenating /scratch/rohlfslab/abierly2/LongTR/longTR_pipeline_HG03977/HG03977.chr6.vcf.gz	1.554237 seconds
Concatenating /scratch/rohlfslab/abierly2/LongTR/longTR_pipeline_HG03977/HG03977.chr7.vcf.gz	1.526215 seconds
Concatenating /scratch/rohlfslab/abierly2/LongTR/longTR_pipeline_HG03977/HG03977.chr8.vcf.gz	1.306206 seconds
Concatenating /scratch/rohlfslab/abierly2/LongTR/longTR_pipeline_HG03977/HG03977.chr9.vcf.gz	1.107978 seconds
Concatenating /scratch/rohlfslab/abierly2/LongTR/longTR_pipeline_HG03977/HG03977.chrM.vcf.gz	0.000326 seconds
Concatenating /scratch/rohlfslab/abierly2/LongTR/longTR_pipeline_HG03977/HG03977.chrX.vcf.gz	1.348291 seconds
Concatenating /scratch/rohlfslab/abierly2/LongTR/longTR_pipeline_HG03977/HG03977.chrY.vcf.gz	0.000322 seconds
