Checking the headers and starting positions of 25 files
Concatenating /scratch/rohlfslab/abierly2/LongTR/longTR_pipeline_HG01131/HG01131.chr10.vcf.gz	1.183656 seconds
Concatenating /scratch/rohlfslab/abierly2/LongTR/longTR_pipeline_HG01131/HG01131.chr11.vcf.gz	1.124009 seconds
Concatenating /scratch/rohlfslab/abierly2/LongTR/longTR_pipeline_HG01131/HG01131.chr12.vcf.gz	1.199091 seconds
Concatenating /scratch/rohlfslab/abierly2/LongTR/longTR_pipeline_HG01131/HG01131.chr13.vcf.gz	0.809303 seconds
Concatenating /scratch/rohlfslab/abierly2/LongTR/longTR_pipeline_HG01131/HG01131.chr14.vcf.gz	0.778175 seconds
Concatenating /scratch/rohlfslab/abierly2/LongTR/longTR_pipeline_HG01131/HG01131.chr15.vcf.gz	0.736656 seconds
Concatenating /scratch/rohlfslab/abierly2/LongTR/longTR_pipeline_HG01131/HG01131.chr16.vcf.gz	0.767956 seconds
Concatenating /scratch/rohlfslab/abierly2/LongTR/longTR_pipeline_HG01131/HG01131.chr17.vcf.gz	0.806053 seconds
Concatenating /scratch/rohlfslab/abierly2/LongTR/longTR_pipeline_HG01131/HG01131.chr18.vcf.gz	0.584421 seconds
Concatenating /scratch/rohlfslab/abierly2/LongTR/longTR_pipeline_HG01131/HG01131.chr19.vcf.gz	0.668333 seconds
Concatenating /scratch/rohlfslab/abierly2/LongTR/longTR_pipeline_HG01131/HG01131.chr1.vcf.gz	2.114184 seconds
Concatenating /scratch/rohlfslab/abierly2/LongTR/longTR_pipeline_HG01131/HG01131.chr20.vcf.gz	0.495572 seconds
Concatenating /scratch/rohlfslab/abierly2/LongTR/longTR_pipeline_HG01131/HG01131.chr21.vcf.gz	0.282041 seconds
Concatenating /scratch/rohlfslab/abierly2/LongTR/longTR_pipeline_HG01131/HG01131.chr22.vcf.gz	0.347080 seconds
Concatenating /scratch/rohlfslab/abierly2/LongTR/longTR_pipeline_HG01131/HG01131.chr2.vcf.gz	2.115039 seconds
Concatenating /scratch/rohlfslab/abierly2/LongTR/longTR_pipeline_HG01131/HG01131.chr3.vcf.gz	1.686071 seconds
Concatenating /scratch/rohlfslab/abierly2/LongTR/longTR_pipeline_HG01131/HG01131.chr4.vcf.gz	1.589154 seconds
Concatenating /scratch/rohlfslab/abierly2/LongTR/longTR_pipeline_HG01131/HG01131.chr5.vcf.gz	1.528408 seconds
Concatenating /scratch/rohlfslab/abierly2/LongTR/longTR_pipeline_HG01131/HG01131.chr6.vcf.gz	1.477917 seconds
Concatenating /scratch/rohlfslab/abierly2/LongTR/longTR_pipeline_HG01131/HG01131.chr7.vcf.gz	1.398875 seconds
Concatenating /scratch/rohlfslab/abierly2/LongTR/longTR_pipeline_HG01131/HG01131.chr8.vcf.gz	1.211509 seconds
Concatenating /scratch/rohlfslab/abierly2/LongTR/longTR_pipeline_HG01131/HG01131.chr9.vcf.gz	1.036957 seconds
Concatenating /scratch/rohlfslab/abierly2/LongTR/longTR_pipeline_HG01131/HG01131.chrM.vcf.gz	0.000300 seconds
Concatenating /scratch/rohlfslab/abierly2/LongTR/longTR_pipeline_HG01131/HG01131.chrX.vcf.gz	1.231511 seconds
Concatenating /scratch/rohlfslab/abierly2/LongTR/longTR_pipeline_HG01131/HG01131.chrY.vcf.gz	0.000297 seconds
