Checking the headers and starting positions of 25 files
Concatenating /scratch/rohlfslab/abierly2/LongTR/longTR_pipeline_NA18592/NA18592.chr10.vcf.gz	0.934963 seconds
Concatenating /scratch/rohlfslab/abierly2/LongTR/longTR_pipeline_NA18592/NA18592.chr11.vcf.gz	0.890723 seconds
Concatenating /scratch/rohlfslab/abierly2/LongTR/longTR_pipeline_NA18592/NA18592.chr12.vcf.gz	0.955648 seconds
Concatenating /scratch/rohlfslab/abierly2/LongTR/longTR_pipeline_NA18592/NA18592.chr13.vcf.gz	0.652658 seconds
Concatenating /scratch/rohlfslab/abierly2/LongTR/longTR_pipeline_NA18592/NA18592.chr14.vcf.gz	0.626283 seconds
Concatenating /scratch/rohlfslab/abierly2/LongTR/longTR_pipeline_NA18592/NA18592.chr15.vcf.gz	0.575855 seconds
Concatenating /scratch/rohlfslab/abierly2/LongTR/longTR_pipeline_NA18592/NA18592.chr16.vcf.gz	0.593551 seconds
Concatenating /scratch/rohlfslab/abierly2/LongTR/longTR_pipeline_NA18592/NA18592.chr17.vcf.gz	0.617184 seconds
Concatenating /scratch/rohlfslab/abierly2/LongTR/longTR_pipeline_NA18592/NA18592.chr18.vcf.gz	0.472619 seconds
Concatenating /scratch/rohlfslab/abierly2/LongTR/longTR_pipeline_NA18592/NA18592.chr19.vcf.gz	0.491434 seconds
Concatenating /scratch/rohlfslab/abierly2/LongTR/longTR_pipeline_NA18592/NA18592.chr1.vcf.gz	1.661537 seconds
Concatenating /scratch/rohlfslab/abierly2/LongTR/longTR_pipeline_NA18592/NA18592.chr20.vcf.gz	0.386721 seconds
Concatenating /scratch/rohlfslab/abierly2/LongTR/longTR_pipeline_NA18592/NA18592.chr21.vcf.gz	0.234947 seconds
Concatenating /scratch/rohlfslab/abierly2/LongTR/longTR_pipeline_NA18592/NA18592.chr22.vcf.gz	0.266370 seconds
Concatenating /scratch/rohlfslab/abierly2/LongTR/longTR_pipeline_NA18592/NA18592.chr2.vcf.gz	1.686695 seconds
Concatenating /scratch/rohlfslab/abierly2/LongTR/longTR_pipeline_NA18592/NA18592.chr3.vcf.gz	1.362637 seconds
Concatenating /scratch/rohlfslab/abierly2/LongTR/longTR_pipeline_NA18592/NA18592.chr4.vcf.gz	1.278667 seconds
Concatenating /scratch/rohlfslab/abierly2/LongTR/longTR_pipeline_NA18592/NA18592.chr5.vcf.gz	1.227462 seconds
Concatenating /scratch/rohlfslab/abierly2/LongTR/longTR_pipeline_NA18592/NA18592.chr6.vcf.gz	1.171059 seconds
Concatenating /scratch/rohlfslab/abierly2/LongTR/longTR_pipeline_NA18592/NA18592.chr7.vcf.gz	1.118160 seconds
Concatenating /scratch/rohlfslab/abierly2/LongTR/longTR_pipeline_NA18592/NA18592.chr8.vcf.gz	1.014911 seconds
Concatenating /scratch/rohlfslab/abierly2/LongTR/longTR_pipeline_NA18592/NA18592.chr9.vcf.gz	0.829015 seconds
Concatenating /scratch/rohlfslab/abierly2/LongTR/longTR_pipeline_NA18592/NA18592.chrM.vcf.gz	0.000329 seconds
Concatenating /scratch/rohlfslab/abierly2/LongTR/longTR_pipeline_NA18592/NA18592.chrX.vcf.gz	1.008533 seconds
Concatenating /scratch/rohlfslab/abierly2/LongTR/longTR_pipeline_NA18592/NA18592.chrY.vcf.gz	0.000356 seconds
