Checking the headers and starting positions of 25 files
Concatenating /scratch/rohlfslab/abierly2/LongTR/longTR_pipeline_HG03824/HG03824.chr10.vcf.gz	0.898702 seconds
Concatenating /scratch/rohlfslab/abierly2/LongTR/longTR_pipeline_HG03824/HG03824.chr11.vcf.gz	0.867449 seconds
Concatenating /scratch/rohlfslab/abierly2/LongTR/longTR_pipeline_HG03824/HG03824.chr12.vcf.gz	0.918495 seconds
Concatenating /scratch/rohlfslab/abierly2/LongTR/longTR_pipeline_HG03824/HG03824.chr13.vcf.gz	0.611404 seconds
Concatenating /scratch/rohlfslab/abierly2/LongTR/longTR_pipeline_HG03824/HG03824.chr14.vcf.gz	0.592453 seconds
Concatenating /scratch/rohlfslab/abierly2/LongTR/longTR_pipeline_HG03824/HG03824.chr15.vcf.gz	0.559845 seconds
Concatenating /scratch/rohlfslab/abierly2/LongTR/longTR_pipeline_HG03824/HG03824.chr16.vcf.gz	0.599579 seconds
Concatenating /scratch/rohlfslab/abierly2/LongTR/longTR_pipeline_HG03824/HG03824.chr17.vcf.gz	0.613428 seconds
Concatenating /scratch/rohlfslab/abierly2/LongTR/longTR_pipeline_HG03824/HG03824.chr18.vcf.gz	0.441660 seconds
Concatenating /scratch/rohlfslab/abierly2/LongTR/longTR_pipeline_HG03824/HG03824.chr19.vcf.gz	0.513769 seconds
Concatenating /scratch/rohlfslab/abierly2/LongTR/longTR_pipeline_HG03824/HG03824.chr1.vcf.gz	1.629342 seconds
Concatenating /scratch/rohlfslab/abierly2/LongTR/longTR_pipeline_HG03824/HG03824.chr20.vcf.gz	0.392932 seconds
Concatenating /scratch/rohlfslab/abierly2/LongTR/longTR_pipeline_HG03824/HG03824.chr21.vcf.gz	0.216258 seconds
Concatenating /scratch/rohlfslab/abierly2/LongTR/longTR_pipeline_HG03824/HG03824.chr22.vcf.gz	0.276824 seconds
Concatenating /scratch/rohlfslab/abierly2/LongTR/longTR_pipeline_HG03824/HG03824.chr2.vcf.gz	1.598323 seconds
Concatenating /scratch/rohlfslab/abierly2/LongTR/longTR_pipeline_HG03824/HG03824.chr3.vcf.gz	1.278083 seconds
Concatenating /scratch/rohlfslab/abierly2/LongTR/longTR_pipeline_HG03824/HG03824.chr4.vcf.gz	1.182094 seconds
Concatenating /scratch/rohlfslab/abierly2/LongTR/longTR_pipeline_HG03824/HG03824.chr5.vcf.gz	1.144565 seconds
Concatenating /scratch/rohlfslab/abierly2/LongTR/longTR_pipeline_HG03824/HG03824.chr6.vcf.gz	1.113770 seconds
Concatenating /scratch/rohlfslab/abierly2/LongTR/longTR_pipeline_HG03824/HG03824.chr7.vcf.gz	1.052421 seconds
Concatenating /scratch/rohlfslab/abierly2/LongTR/longTR_pipeline_HG03824/HG03824.chr8.vcf.gz	0.913741 seconds
Concatenating /scratch/rohlfslab/abierly2/LongTR/longTR_pipeline_HG03824/HG03824.chr9.vcf.gz	0.793396 seconds
Concatenating /scratch/rohlfslab/abierly2/LongTR/longTR_pipeline_HG03824/HG03824.chrM.vcf.gz	0.000370 seconds
Concatenating /scratch/rohlfslab/abierly2/LongTR/longTR_pipeline_HG03824/HG03824.chrX.vcf.gz	0.142744 seconds
Concatenating /scratch/rohlfslab/abierly2/LongTR/longTR_pipeline_HG03824/HG03824.chrY.vcf.gz	0.005907 seconds
