Checking the headers and starting positions of 25 files
Concatenating /scratch/rohlfslab/abierly2/LongTR/longTR_pipeline_HG02072/HG02072.chr10.vcf.gz	1.210429 seconds
Concatenating /scratch/rohlfslab/abierly2/LongTR/longTR_pipeline_HG02072/HG02072.chr11.vcf.gz	1.155112 seconds
Concatenating /scratch/rohlfslab/abierly2/LongTR/longTR_pipeline_HG02072/HG02072.chr12.vcf.gz	1.229947 seconds
Concatenating /scratch/rohlfslab/abierly2/LongTR/longTR_pipeline_HG02072/HG02072.chr13.vcf.gz	0.844421 seconds
Concatenating /scratch/rohlfslab/abierly2/LongTR/longTR_pipeline_HG02072/HG02072.chr14.vcf.gz	0.807350 seconds
Concatenating /scratch/rohlfslab/abierly2/LongTR/longTR_pipeline_HG02072/HG02072.chr15.vcf.gz	0.751955 seconds
Concatenating /scratch/rohlfslab/abierly2/LongTR/longTR_pipeline_HG02072/HG02072.chr16.vcf.gz	0.785743 seconds
Concatenating /scratch/rohlfslab/abierly2/LongTR/longTR_pipeline_HG02072/HG02072.chr17.vcf.gz	0.821053 seconds
Concatenating /scratch/rohlfslab/abierly2/LongTR/longTR_pipeline_HG02072/HG02072.chr18.vcf.gz	0.608225 seconds
Concatenating /scratch/rohlfslab/abierly2/LongTR/longTR_pipeline_HG02072/HG02072.chr19.vcf.gz	0.680888 seconds
Concatenating /scratch/rohlfslab/abierly2/LongTR/longTR_pipeline_HG02072/HG02072.chr1.vcf.gz	2.155278 seconds
Concatenating /scratch/rohlfslab/abierly2/LongTR/longTR_pipeline_HG02072/HG02072.chr20.vcf.gz	0.512167 seconds
Concatenating /scratch/rohlfslab/abierly2/LongTR/longTR_pipeline_HG02072/HG02072.chr21.vcf.gz	0.295327 seconds
Concatenating /scratch/rohlfslab/abierly2/LongTR/longTR_pipeline_HG02072/HG02072.chr22.vcf.gz	0.360543 seconds
Concatenating /scratch/rohlfslab/abierly2/LongTR/longTR_pipeline_HG02072/HG02072.chr2.vcf.gz	2.158108 seconds
Concatenating /scratch/rohlfslab/abierly2/LongTR/longTR_pipeline_HG02072/HG02072.chr3.vcf.gz	1.721750 seconds
Concatenating /scratch/rohlfslab/abierly2/LongTR/longTR_pipeline_HG02072/HG02072.chr4.vcf.gz	1.645986 seconds
Concatenating /scratch/rohlfslab/abierly2/LongTR/longTR_pipeline_HG02072/HG02072.chr5.vcf.gz	1.563318 seconds
Concatenating /scratch/rohlfslab/abierly2/LongTR/longTR_pipeline_HG02072/HG02072.chr6.vcf.gz	1.506972 seconds
Concatenating /scratch/rohlfslab/abierly2/LongTR/longTR_pipeline_HG02072/HG02072.chr7.vcf.gz	1.452488 seconds
Concatenating /scratch/rohlfslab/abierly2/LongTR/longTR_pipeline_HG02072/HG02072.chr8.vcf.gz	1.256629 seconds
Concatenating /scratch/rohlfslab/abierly2/LongTR/longTR_pipeline_HG02072/HG02072.chr9.vcf.gz	1.064698 seconds
Concatenating /scratch/rohlfslab/abierly2/LongTR/longTR_pipeline_HG02072/HG02072.chrM.vcf.gz	0.000376 seconds
Concatenating /scratch/rohlfslab/abierly2/LongTR/longTR_pipeline_HG02072/HG02072.chrX.vcf.gz	1.287452 seconds
Concatenating /scratch/rohlfslab/abierly2/LongTR/longTR_pipeline_HG02072/HG02072.chrY.vcf.gz	0.000440 seconds
