Checking the headers and starting positions of 25 files
Concatenating /scratch/rohlfslab/abierly2/LongTR/longTR_pipeline_HG04014/HG04014.chr10.vcf.gz	0.434048 seconds
Concatenating /scratch/rohlfslab/abierly2/LongTR/longTR_pipeline_HG04014/HG04014.chr11.vcf.gz	0.414244 seconds
Concatenating /scratch/rohlfslab/abierly2/LongTR/longTR_pipeline_HG04014/HG04014.chr12.vcf.gz	0.452104 seconds
Concatenating /scratch/rohlfslab/abierly2/LongTR/longTR_pipeline_HG04014/HG04014.chr13.vcf.gz	0.272183 seconds
Concatenating /scratch/rohlfslab/abierly2/LongTR/longTR_pipeline_HG04014/HG04014.chr14.vcf.gz	0.294291 seconds
Concatenating /scratch/rohlfslab/abierly2/LongTR/longTR_pipeline_HG04014/HG04014.chr15.vcf.gz	0.274798 seconds
Concatenating /scratch/rohlfslab/abierly2/LongTR/longTR_pipeline_HG04014/HG04014.chr16.vcf.gz	0.303138 seconds
Concatenating /scratch/rohlfslab/abierly2/LongTR/longTR_pipeline_HG04014/HG04014.chr17.vcf.gz	0.336943 seconds
Concatenating /scratch/rohlfslab/abierly2/LongTR/longTR_pipeline_HG04014/HG04014.chr18.vcf.gz	0.207298 seconds
Concatenating /scratch/rohlfslab/abierly2/LongTR/longTR_pipeline_HG04014/HG04014.chr19.vcf.gz	0.290483 seconds
Concatenating /scratch/rohlfslab/abierly2/LongTR/longTR_pipeline_HG04014/HG04014.chr1.vcf.gz	0.794592 seconds
Concatenating /scratch/rohlfslab/abierly2/LongTR/longTR_pipeline_HG04014/HG04014.chr20.vcf.gz	0.191222 seconds
Concatenating /scratch/rohlfslab/abierly2/LongTR/longTR_pipeline_HG04014/HG04014.chr21.vcf.gz	0.102865 seconds
Concatenating /scratch/rohlfslab/abierly2/LongTR/longTR_pipeline_HG04014/HG04014.chr22.vcf.gz	0.137028 seconds
Concatenating /scratch/rohlfslab/abierly2/LongTR/longTR_pipeline_HG04014/HG04014.chr2.vcf.gz	0.756882 seconds
Concatenating /scratch/rohlfslab/abierly2/LongTR/longTR_pipeline_HG04014/HG04014.chr3.vcf.gz	0.603184 seconds
Concatenating /scratch/rohlfslab/abierly2/LongTR/longTR_pipeline_HG04014/HG04014.chr4.vcf.gz	0.537508 seconds
Concatenating /scratch/rohlfslab/abierly2/LongTR/longTR_pipeline_HG04014/HG04014.chr5.vcf.gz	0.546789 seconds
Concatenating /scratch/rohlfslab/abierly2/LongTR/longTR_pipeline_HG04014/HG04014.chr6.vcf.gz	0.538518 seconds
Concatenating /scratch/rohlfslab/abierly2/LongTR/longTR_pipeline_HG04014/HG04014.chr7.vcf.gz	0.514112 seconds
Concatenating /scratch/rohlfslab/abierly2/LongTR/longTR_pipeline_HG04014/HG04014.chr8.vcf.gz	0.442890 seconds
Concatenating /scratch/rohlfslab/abierly2/LongTR/longTR_pipeline_HG04014/HG04014.chr9.vcf.gz	0.373006 seconds
Concatenating /scratch/rohlfslab/abierly2/LongTR/longTR_pipeline_HG04014/HG04014.chrM.vcf.gz	0.000302 seconds
Concatenating /scratch/rohlfslab/abierly2/LongTR/longTR_pipeline_HG04014/HG04014.chrX.vcf.gz	0.423691 seconds
Concatenating /scratch/rohlfslab/abierly2/LongTR/longTR_pipeline_HG04014/HG04014.chrY.vcf.gz	0.000315 seconds
