Checking the headers and starting positions of 25 files
Concatenating /scratch/rohlfslab/abierly2/LongTR/longTR_pipeline_HG01951/HG01951.chr10.vcf.gz	1.172230 seconds
Concatenating /scratch/rohlfslab/abierly2/LongTR/longTR_pipeline_HG01951/HG01951.chr11.vcf.gz	1.121175 seconds
Concatenating /scratch/rohlfslab/abierly2/LongTR/longTR_pipeline_HG01951/HG01951.chr12.vcf.gz	1.189634 seconds
Concatenating /scratch/rohlfslab/abierly2/LongTR/longTR_pipeline_HG01951/HG01951.chr13.vcf.gz	0.806166 seconds
Concatenating /scratch/rohlfslab/abierly2/LongTR/longTR_pipeline_HG01951/HG01951.chr14.vcf.gz	0.776582 seconds
Concatenating /scratch/rohlfslab/abierly2/LongTR/longTR_pipeline_HG01951/HG01951.chr15.vcf.gz	0.734918 seconds
Concatenating /scratch/rohlfslab/abierly2/LongTR/longTR_pipeline_HG01951/HG01951.chr16.vcf.gz	0.759021 seconds
Concatenating /scratch/rohlfslab/abierly2/LongTR/longTR_pipeline_HG01951/HG01951.chr17.vcf.gz	0.801418 seconds
Concatenating /scratch/rohlfslab/abierly2/LongTR/longTR_pipeline_HG01951/HG01951.chr18.vcf.gz	0.584368 seconds
Concatenating /scratch/rohlfslab/abierly2/LongTR/longTR_pipeline_HG01951/HG01951.chr19.vcf.gz	0.671481 seconds
Concatenating /scratch/rohlfslab/abierly2/LongTR/longTR_pipeline_HG01951/HG01951.chr1.vcf.gz	2.088259 seconds
Concatenating /scratch/rohlfslab/abierly2/LongTR/longTR_pipeline_HG01951/HG01951.chr20.vcf.gz	0.495232 seconds
Concatenating /scratch/rohlfslab/abierly2/LongTR/longTR_pipeline_HG01951/HG01951.chr21.vcf.gz	0.285867 seconds
Concatenating /scratch/rohlfslab/abierly2/LongTR/longTR_pipeline_HG01951/HG01951.chr22.vcf.gz	0.347924 seconds
Concatenating /scratch/rohlfslab/abierly2/LongTR/longTR_pipeline_HG01951/HG01951.chr2.vcf.gz	2.086246 seconds
Concatenating /scratch/rohlfslab/abierly2/LongTR/longTR_pipeline_HG01951/HG01951.chr3.vcf.gz	1.662314 seconds
Concatenating /scratch/rohlfslab/abierly2/LongTR/longTR_pipeline_HG01951/HG01951.chr4.vcf.gz	1.573058 seconds
Concatenating /scratch/rohlfslab/abierly2/LongTR/longTR_pipeline_HG01951/HG01951.chr5.vcf.gz	1.504277 seconds
Concatenating /scratch/rohlfslab/abierly2/LongTR/longTR_pipeline_HG01951/HG01951.chr6.vcf.gz	1.452984 seconds
Concatenating /scratch/rohlfslab/abierly2/LongTR/longTR_pipeline_HG01951/HG01951.chr7.vcf.gz	1.392932 seconds
Concatenating /scratch/rohlfslab/abierly2/LongTR/longTR_pipeline_HG01951/HG01951.chr8.vcf.gz	1.204452 seconds
Concatenating /scratch/rohlfslab/abierly2/LongTR/longTR_pipeline_HG01951/HG01951.chr9.vcf.gz	1.028170 seconds
Concatenating /scratch/rohlfslab/abierly2/LongTR/longTR_pipeline_HG01951/HG01951.chrM.vcf.gz	0.000305 seconds
Concatenating /scratch/rohlfslab/abierly2/LongTR/longTR_pipeline_HG01951/HG01951.chrX.vcf.gz	1.232537 seconds
Concatenating /scratch/rohlfslab/abierly2/LongTR/longTR_pipeline_HG01951/HG01951.chrY.vcf.gz	0.000292 seconds
