Checking the headers and starting positions of 25 files
Concatenating /scratch/rohlfslab/abierly2/LongTR/longTR_pipeline_HG01148/HG01148.chr10.vcf.gz	1.194230 seconds
Concatenating /scratch/rohlfslab/abierly2/LongTR/longTR_pipeline_HG01148/HG01148.chr11.vcf.gz	1.152166 seconds
Concatenating /scratch/rohlfslab/abierly2/LongTR/longTR_pipeline_HG01148/HG01148.chr12.vcf.gz	1.221941 seconds
Concatenating /scratch/rohlfslab/abierly2/LongTR/longTR_pipeline_HG01148/HG01148.chr13.vcf.gz	0.839006 seconds
Concatenating /scratch/rohlfslab/abierly2/LongTR/longTR_pipeline_HG01148/HG01148.chr14.vcf.gz	0.787932 seconds
Concatenating /scratch/rohlfslab/abierly2/LongTR/longTR_pipeline_HG01148/HG01148.chr15.vcf.gz	0.737170 seconds
Concatenating /scratch/rohlfslab/abierly2/LongTR/longTR_pipeline_HG01148/HG01148.chr16.vcf.gz	0.761234 seconds
Concatenating /scratch/rohlfslab/abierly2/LongTR/longTR_pipeline_HG01148/HG01148.chr17.vcf.gz	0.800031 seconds
Concatenating /scratch/rohlfslab/abierly2/LongTR/longTR_pipeline_HG01148/HG01148.chr18.vcf.gz	0.599079 seconds
Concatenating /scratch/rohlfslab/abierly2/LongTR/longTR_pipeline_HG01148/HG01148.chr19.vcf.gz	0.661661 seconds
Concatenating /scratch/rohlfslab/abierly2/LongTR/longTR_pipeline_HG01148/HG01148.chr1.vcf.gz	2.125603 seconds
Concatenating /scratch/rohlfslab/abierly2/LongTR/longTR_pipeline_HG01148/HG01148.chr20.vcf.gz	0.500637 seconds
Concatenating /scratch/rohlfslab/abierly2/LongTR/longTR_pipeline_HG01148/HG01148.chr21.vcf.gz	0.287257 seconds
Concatenating /scratch/rohlfslab/abierly2/LongTR/longTR_pipeline_HG01148/HG01148.chr22.vcf.gz	0.349044 seconds
Concatenating /scratch/rohlfslab/abierly2/LongTR/longTR_pipeline_HG01148/HG01148.chr2.vcf.gz	2.161305 seconds
Concatenating /scratch/rohlfslab/abierly2/LongTR/longTR_pipeline_HG01148/HG01148.chr3.vcf.gz	1.719429 seconds
Concatenating /scratch/rohlfslab/abierly2/LongTR/longTR_pipeline_HG01148/HG01148.chr4.vcf.gz	1.626676 seconds
Concatenating /scratch/rohlfslab/abierly2/LongTR/longTR_pipeline_HG01148/HG01148.chr5.vcf.gz	1.546412 seconds
Concatenating /scratch/rohlfslab/abierly2/LongTR/longTR_pipeline_HG01148/HG01148.chr6.vcf.gz	1.495052 seconds
Concatenating /scratch/rohlfslab/abierly2/LongTR/longTR_pipeline_HG01148/HG01148.chr7.vcf.gz	1.434870 seconds
Concatenating /scratch/rohlfslab/abierly2/LongTR/longTR_pipeline_HG01148/HG01148.chr8.vcf.gz	1.234484 seconds
Concatenating /scratch/rohlfslab/abierly2/LongTR/longTR_pipeline_HG01148/HG01148.chr9.vcf.gz	1.042667 seconds
Concatenating /scratch/rohlfslab/abierly2/LongTR/longTR_pipeline_HG01148/HG01148.chrM.vcf.gz	0.000335 seconds
Concatenating /scratch/rohlfslab/abierly2/LongTR/longTR_pipeline_HG01148/HG01148.chrX.vcf.gz	0.490422 seconds
Concatenating /scratch/rohlfslab/abierly2/LongTR/longTR_pipeline_HG01148/HG01148.chrY.vcf.gz	0.023770 seconds
