Checking the headers and starting positions of 25 files
Concatenating /scratch/rohlfslab/abierly2/LongTR/longTR_pipeline_HG03607/HG03607.chr10.vcf.gz	1.174892 seconds
Concatenating /scratch/rohlfslab/abierly2/LongTR/longTR_pipeline_HG03607/HG03607.chr11.vcf.gz	1.119829 seconds
Concatenating /scratch/rohlfslab/abierly2/LongTR/longTR_pipeline_HG03607/HG03607.chr12.vcf.gz	1.181483 seconds
Concatenating /scratch/rohlfslab/abierly2/LongTR/longTR_pipeline_HG03607/HG03607.chr13.vcf.gz	0.824653 seconds
Concatenating /scratch/rohlfslab/abierly2/LongTR/longTR_pipeline_HG03607/HG03607.chr14.vcf.gz	0.777578 seconds
Concatenating /scratch/rohlfslab/abierly2/LongTR/longTR_pipeline_HG03607/HG03607.chr15.vcf.gz	0.724030 seconds
Concatenating /scratch/rohlfslab/abierly2/LongTR/longTR_pipeline_HG03607/HG03607.chr16.vcf.gz	0.750011 seconds
Concatenating /scratch/rohlfslab/abierly2/LongTR/longTR_pipeline_HG03607/HG03607.chr17.vcf.gz	0.774921 seconds
Concatenating /scratch/rohlfslab/abierly2/LongTR/longTR_pipeline_HG03607/HG03607.chr18.vcf.gz	0.595283 seconds
Concatenating /scratch/rohlfslab/abierly2/LongTR/longTR_pipeline_HG03607/HG03607.chr19.vcf.gz	0.626338 seconds
Concatenating /scratch/rohlfslab/abierly2/LongTR/longTR_pipeline_HG03607/HG03607.chr1.vcf.gz	2.092080 seconds
Concatenating /scratch/rohlfslab/abierly2/LongTR/longTR_pipeline_HG03607/HG03607.chr20.vcf.gz	0.489124 seconds
Concatenating /scratch/rohlfslab/abierly2/LongTR/longTR_pipeline_HG03607/HG03607.chr21.vcf.gz	0.284163 seconds
Concatenating /scratch/rohlfslab/abierly2/LongTR/longTR_pipeline_HG03607/HG03607.chr22.vcf.gz	0.340304 seconds
Concatenating /scratch/rohlfslab/abierly2/LongTR/longTR_pipeline_HG03607/HG03607.chr2.vcf.gz	2.097931 seconds
Concatenating /scratch/rohlfslab/abierly2/LongTR/longTR_pipeline_HG03607/HG03607.chr3.vcf.gz	1.673232 seconds
Concatenating /scratch/rohlfslab/abierly2/LongTR/longTR_pipeline_HG03607/HG03607.chr4.vcf.gz	1.605831 seconds
Concatenating /scratch/rohlfslab/abierly2/LongTR/longTR_pipeline_HG03607/HG03607.chr5.vcf.gz	1.519683 seconds
Concatenating /scratch/rohlfslab/abierly2/LongTR/longTR_pipeline_HG03607/HG03607.chr6.vcf.gz	1.471418 seconds
Concatenating /scratch/rohlfslab/abierly2/LongTR/longTR_pipeline_HG03607/HG03607.chr7.vcf.gz	1.397396 seconds
Concatenating /scratch/rohlfslab/abierly2/LongTR/longTR_pipeline_HG03607/HG03607.chr8.vcf.gz	1.221653 seconds
Concatenating /scratch/rohlfslab/abierly2/LongTR/longTR_pipeline_HG03607/HG03607.chr9.vcf.gz	1.025268 seconds
Concatenating /scratch/rohlfslab/abierly2/LongTR/longTR_pipeline_HG03607/HG03607.chrM.vcf.gz	0.000306 seconds
Concatenating /scratch/rohlfslab/abierly2/LongTR/longTR_pipeline_HG03607/HG03607.chrX.vcf.gz	1.251285 seconds
Concatenating /scratch/rohlfslab/abierly2/LongTR/longTR_pipeline_HG03607/HG03607.chrY.vcf.gz	0.000311 seconds
