Checking the headers and starting positions of 25 files
Concatenating /scratch/rohlfslab/abierly2/LongTR/longTR_pipeline_NA20587/NA20587.chr10.vcf.gz	1.103427 seconds
Concatenating /scratch/rohlfslab/abierly2/LongTR/longTR_pipeline_NA20587/NA20587.chr11.vcf.gz	1.055015 seconds
Concatenating /scratch/rohlfslab/abierly2/LongTR/longTR_pipeline_NA20587/NA20587.chr12.vcf.gz	1.113977 seconds
Concatenating /scratch/rohlfslab/abierly2/LongTR/longTR_pipeline_NA20587/NA20587.chr13.vcf.gz	0.746874 seconds
Concatenating /scratch/rohlfslab/abierly2/LongTR/longTR_pipeline_NA20587/NA20587.chr14.vcf.gz	0.737441 seconds
Concatenating /scratch/rohlfslab/abierly2/LongTR/longTR_pipeline_NA20587/NA20587.chr15.vcf.gz	0.687273 seconds
Concatenating /scratch/rohlfslab/abierly2/LongTR/longTR_pipeline_NA20587/NA20587.chr16.vcf.gz	0.722355 seconds
Concatenating /scratch/rohlfslab/abierly2/LongTR/longTR_pipeline_NA20587/NA20587.chr17.vcf.gz	0.757764 seconds
Concatenating /scratch/rohlfslab/abierly2/LongTR/longTR_pipeline_NA20587/NA20587.chr18.vcf.gz	0.541294 seconds
Concatenating /scratch/rohlfslab/abierly2/LongTR/longTR_pipeline_NA20587/NA20587.chr19.vcf.gz	0.642723 seconds
Concatenating /scratch/rohlfslab/abierly2/LongTR/longTR_pipeline_NA20587/NA20587.chr1.vcf.gz	1.983558 seconds
Concatenating /scratch/rohlfslab/abierly2/LongTR/longTR_pipeline_NA20587/NA20587.chr20.vcf.gz	0.466368 seconds
Concatenating /scratch/rohlfslab/abierly2/LongTR/longTR_pipeline_NA20587/NA20587.chr21.vcf.gz	0.265645 seconds
Concatenating /scratch/rohlfslab/abierly2/LongTR/longTR_pipeline_NA20587/NA20587.chr22.vcf.gz	0.334371 seconds
Concatenating /scratch/rohlfslab/abierly2/LongTR/longTR_pipeline_NA20587/NA20587.chr2.vcf.gz	1.953580 seconds
Concatenating /scratch/rohlfslab/abierly2/LongTR/longTR_pipeline_NA20587/NA20587.chr3.vcf.gz	1.558388 seconds
Concatenating /scratch/rohlfslab/abierly2/LongTR/longTR_pipeline_NA20587/NA20587.chr4.vcf.gz	1.468377 seconds
Concatenating /scratch/rohlfslab/abierly2/LongTR/longTR_pipeline_NA20587/NA20587.chr5.vcf.gz	1.401098 seconds
Concatenating /scratch/rohlfslab/abierly2/LongTR/longTR_pipeline_NA20587/NA20587.chr6.vcf.gz	1.364797 seconds
Concatenating /scratch/rohlfslab/abierly2/LongTR/longTR_pipeline_NA20587/NA20587.chr7.vcf.gz	1.311977 seconds
Concatenating /scratch/rohlfslab/abierly2/LongTR/longTR_pipeline_NA20587/NA20587.chr8.vcf.gz	1.133192 seconds
Concatenating /scratch/rohlfslab/abierly2/LongTR/longTR_pipeline_NA20587/NA20587.chr9.vcf.gz	0.961789 seconds
Concatenating /scratch/rohlfslab/abierly2/LongTR/longTR_pipeline_NA20587/NA20587.chrM.vcf.gz	0.000302 seconds
Concatenating /scratch/rohlfslab/abierly2/LongTR/longTR_pipeline_NA20587/NA20587.chrX.vcf.gz	1.149992 seconds
Concatenating /scratch/rohlfslab/abierly2/LongTR/longTR_pipeline_NA20587/NA20587.chrY.vcf.gz	0.000288 seconds
