Checking the headers and starting positions of 25 files
Concatenating /scratch/rohlfslab/abierly2/LongTR/longTR_pipeline_HG01102/HG01102.chr10.vcf.gz	0.864319 seconds
Concatenating /scratch/rohlfslab/abierly2/LongTR/longTR_pipeline_HG01102/HG01102.chr11.vcf.gz	0.817070 seconds
Concatenating /scratch/rohlfslab/abierly2/LongTR/longTR_pipeline_HG01102/HG01102.chr12.vcf.gz	0.894916 seconds
Concatenating /scratch/rohlfslab/abierly2/LongTR/longTR_pipeline_HG01102/HG01102.chr13.vcf.gz	0.633335 seconds
Concatenating /scratch/rohlfslab/abierly2/LongTR/longTR_pipeline_HG01102/HG01102.chr14.vcf.gz	0.578707 seconds
Concatenating /scratch/rohlfslab/abierly2/LongTR/longTR_pipeline_HG01102/HG01102.chr15.vcf.gz	0.534609 seconds
Concatenating /scratch/rohlfslab/abierly2/LongTR/longTR_pipeline_HG01102/HG01102.chr16.vcf.gz	0.487913 seconds
Concatenating /scratch/rohlfslab/abierly2/LongTR/longTR_pipeline_HG01102/HG01102.chr17.vcf.gz	0.534807 seconds
Concatenating /scratch/rohlfslab/abierly2/LongTR/longTR_pipeline_HG01102/HG01102.chr18.vcf.gz	0.449200 seconds
Concatenating /scratch/rohlfslab/abierly2/LongTR/longTR_pipeline_HG01102/HG01102.chr19.vcf.gz	0.389176 seconds
Concatenating /scratch/rohlfslab/abierly2/LongTR/longTR_pipeline_HG01102/HG01102.chr1.vcf.gz	1.568014 seconds
Concatenating /scratch/rohlfslab/abierly2/LongTR/longTR_pipeline_HG01102/HG01102.chr20.vcf.gz	0.340022 seconds
Concatenating /scratch/rohlfslab/abierly2/LongTR/longTR_pipeline_HG01102/HG01102.chr21.vcf.gz	0.204961 seconds
Concatenating /scratch/rohlfslab/abierly2/LongTR/longTR_pipeline_HG01102/HG01102.chr22.vcf.gz	0.202972 seconds
Concatenating /scratch/rohlfslab/abierly2/LongTR/longTR_pipeline_HG01102/HG01102.chr2.vcf.gz	1.610975 seconds
Concatenating /scratch/rohlfslab/abierly2/LongTR/longTR_pipeline_HG01102/HG01102.chr3.vcf.gz	1.308001 seconds
Concatenating /scratch/rohlfslab/abierly2/LongTR/longTR_pipeline_HG01102/HG01102.chr4.vcf.gz	1.248007 seconds
Concatenating /scratch/rohlfslab/abierly2/LongTR/longTR_pipeline_HG01102/HG01102.chr5.vcf.gz	1.162266 seconds
Concatenating /scratch/rohlfslab/abierly2/LongTR/longTR_pipeline_HG01102/HG01102.chr6.vcf.gz	1.145951 seconds
Concatenating /scratch/rohlfslab/abierly2/LongTR/longTR_pipeline_HG01102/HG01102.chr7.vcf.gz	1.032435 seconds
Concatenating /scratch/rohlfslab/abierly2/LongTR/longTR_pipeline_HG01102/HG01102.chr8.vcf.gz	0.915767 seconds
Concatenating /scratch/rohlfslab/abierly2/LongTR/longTR_pipeline_HG01102/HG01102.chr9.vcf.gz	0.760845 seconds
Concatenating /scratch/rohlfslab/abierly2/LongTR/longTR_pipeline_HG01102/HG01102.chrM.vcf.gz	0.000297 seconds
Concatenating /scratch/rohlfslab/abierly2/LongTR/longTR_pipeline_HG01102/HG01102.chrX.vcf.gz	0.917458 seconds
Concatenating /scratch/rohlfslab/abierly2/LongTR/longTR_pipeline_HG01102/HG01102.chrY.vcf.gz	0.000309 seconds
