Checking the headers and starting positions of 25 files
Concatenating /scratch/rohlfslab/abierly2/LongTR/longTR_pipeline_NA19655/NA19655.chr10.vcf.gz	0.787158 seconds
Concatenating /scratch/rohlfslab/abierly2/LongTR/longTR_pipeline_NA19655/NA19655.chr11.vcf.gz	0.734722 seconds
Concatenating /scratch/rohlfslab/abierly2/LongTR/longTR_pipeline_NA19655/NA19655.chr12.vcf.gz	0.797063 seconds
Concatenating /scratch/rohlfslab/abierly2/LongTR/longTR_pipeline_NA19655/NA19655.chr13.vcf.gz	0.532944 seconds
Concatenating /scratch/rohlfslab/abierly2/LongTR/longTR_pipeline_NA19655/NA19655.chr14.vcf.gz	0.515328 seconds
Concatenating /scratch/rohlfslab/abierly2/LongTR/longTR_pipeline_NA19655/NA19655.chr15.vcf.gz	0.483000 seconds
Concatenating /scratch/rohlfslab/abierly2/LongTR/longTR_pipeline_NA19655/NA19655.chr16.vcf.gz	0.508068 seconds
Concatenating /scratch/rohlfslab/abierly2/LongTR/longTR_pipeline_NA19655/NA19655.chr17.vcf.gz	0.538303 seconds
Concatenating /scratch/rohlfslab/abierly2/LongTR/longTR_pipeline_NA19655/NA19655.chr18.vcf.gz	0.388405 seconds
Concatenating /scratch/rohlfslab/abierly2/LongTR/longTR_pipeline_NA19655/NA19655.chr19.vcf.gz	0.436137 seconds
Concatenating /scratch/rohlfslab/abierly2/LongTR/longTR_pipeline_NA19655/NA19655.chr1.vcf.gz	1.412716 seconds
Concatenating /scratch/rohlfslab/abierly2/LongTR/longTR_pipeline_NA19655/NA19655.chr20.vcf.gz	0.347578 seconds
Concatenating /scratch/rohlfslab/abierly2/LongTR/longTR_pipeline_NA19655/NA19655.chr21.vcf.gz	0.185093 seconds
Concatenating /scratch/rohlfslab/abierly2/LongTR/longTR_pipeline_NA19655/NA19655.chr22.vcf.gz	0.228588 seconds
Concatenating /scratch/rohlfslab/abierly2/LongTR/longTR_pipeline_NA19655/NA19655.chr2.vcf.gz	1.382726 seconds
Concatenating /scratch/rohlfslab/abierly2/LongTR/longTR_pipeline_NA19655/NA19655.chr3.vcf.gz	1.102810 seconds
Concatenating /scratch/rohlfslab/abierly2/LongTR/longTR_pipeline_NA19655/NA19655.chr4.vcf.gz	1.031560 seconds
Concatenating /scratch/rohlfslab/abierly2/LongTR/longTR_pipeline_NA19655/NA19655.chr5.vcf.gz	1.001661 seconds
Concatenating /scratch/rohlfslab/abierly2/LongTR/longTR_pipeline_NA19655/NA19655.chr6.vcf.gz	0.958711 seconds
Concatenating /scratch/rohlfslab/abierly2/LongTR/longTR_pipeline_NA19655/NA19655.chr7.vcf.gz	0.930063 seconds
Concatenating /scratch/rohlfslab/abierly2/LongTR/longTR_pipeline_NA19655/NA19655.chr8.vcf.gz	0.818123 seconds
Concatenating /scratch/rohlfslab/abierly2/LongTR/longTR_pipeline_NA19655/NA19655.chr9.vcf.gz	0.692796 seconds
Concatenating /scratch/rohlfslab/abierly2/LongTR/longTR_pipeline_NA19655/NA19655.chrM.vcf.gz	0.000307 seconds
Concatenating /scratch/rohlfslab/abierly2/LongTR/longTR_pipeline_NA19655/NA19655.chrX.vcf.gz	0.094071 seconds
Concatenating /scratch/rohlfslab/abierly2/LongTR/longTR_pipeline_NA19655/NA19655.chrY.vcf.gz	0.004233 seconds
