Checking the headers and starting positions of 25 files
Concatenating /scratch/rohlfslab/abierly2/LongTR/longTR_pipeline_NA19654/NA19654.chr10.vcf.gz	1.054296 seconds
Concatenating /scratch/rohlfslab/abierly2/LongTR/longTR_pipeline_NA19654/NA19654.chr11.vcf.gz	0.997427 seconds
Concatenating /scratch/rohlfslab/abierly2/LongTR/longTR_pipeline_NA19654/NA19654.chr12.vcf.gz	1.047039 seconds
Concatenating /scratch/rohlfslab/abierly2/LongTR/longTR_pipeline_NA19654/NA19654.chr13.vcf.gz	0.712075 seconds
Concatenating /scratch/rohlfslab/abierly2/LongTR/longTR_pipeline_NA19654/NA19654.chr14.vcf.gz	0.679515 seconds
Concatenating /scratch/rohlfslab/abierly2/LongTR/longTR_pipeline_NA19654/NA19654.chr15.vcf.gz	0.655659 seconds
Concatenating /scratch/rohlfslab/abierly2/LongTR/longTR_pipeline_NA19654/NA19654.chr16.vcf.gz	0.681288 seconds
Concatenating /scratch/rohlfslab/abierly2/LongTR/longTR_pipeline_NA19654/NA19654.chr17.vcf.gz	0.712130 seconds
Concatenating /scratch/rohlfslab/abierly2/LongTR/longTR_pipeline_NA19654/NA19654.chr18.vcf.gz	0.528872 seconds
Concatenating /scratch/rohlfslab/abierly2/LongTR/longTR_pipeline_NA19654/NA19654.chr19.vcf.gz	0.590506 seconds
Concatenating /scratch/rohlfslab/abierly2/LongTR/longTR_pipeline_NA19654/NA19654.chr1.vcf.gz	1.855819 seconds
Concatenating /scratch/rohlfslab/abierly2/LongTR/longTR_pipeline_NA19654/NA19654.chr20.vcf.gz	0.446682 seconds
Concatenating /scratch/rohlfslab/abierly2/LongTR/longTR_pipeline_NA19654/NA19654.chr21.vcf.gz	0.257363 seconds
Concatenating /scratch/rohlfslab/abierly2/LongTR/longTR_pipeline_NA19654/NA19654.chr22.vcf.gz	0.314535 seconds
Concatenating /scratch/rohlfslab/abierly2/LongTR/longTR_pipeline_NA19654/NA19654.chr2.vcf.gz	1.853935 seconds
Concatenating /scratch/rohlfslab/abierly2/LongTR/longTR_pipeline_NA19654/NA19654.chr3.vcf.gz	1.467711 seconds
Concatenating /scratch/rohlfslab/abierly2/LongTR/longTR_pipeline_NA19654/NA19654.chr4.vcf.gz	1.390549 seconds
Concatenating /scratch/rohlfslab/abierly2/LongTR/longTR_pipeline_NA19654/NA19654.chr5.vcf.gz	1.319470 seconds
Concatenating /scratch/rohlfslab/abierly2/LongTR/longTR_pipeline_NA19654/NA19654.chr6.vcf.gz	1.284542 seconds
Concatenating /scratch/rohlfslab/abierly2/LongTR/longTR_pipeline_NA19654/NA19654.chr7.vcf.gz	1.232428 seconds
Concatenating /scratch/rohlfslab/abierly2/LongTR/longTR_pipeline_NA19654/NA19654.chr8.vcf.gz	1.073114 seconds
Concatenating /scratch/rohlfslab/abierly2/LongTR/longTR_pipeline_NA19654/NA19654.chr9.vcf.gz	0.919568 seconds
Concatenating /scratch/rohlfslab/abierly2/LongTR/longTR_pipeline_NA19654/NA19654.chrM.vcf.gz	0.000482 seconds
Concatenating /scratch/rohlfslab/abierly2/LongTR/longTR_pipeline_NA19654/NA19654.chrX.vcf.gz	1.099061 seconds
Concatenating /scratch/rohlfslab/abierly2/LongTR/longTR_pipeline_NA19654/NA19654.chrY.vcf.gz	0.000422 seconds
