Checking the headers and starting positions of 25 files
Concatenating /scratch/rohlfslab/abierly2/LongTR/longTR_pipeline_HG04200/HG04200.chr10.vcf.gz	1.208044 seconds
Concatenating /scratch/rohlfslab/abierly2/LongTR/longTR_pipeline_HG04200/HG04200.chr11.vcf.gz	1.149241 seconds
Concatenating /scratch/rohlfslab/abierly2/LongTR/longTR_pipeline_HG04200/HG04200.chr12.vcf.gz	1.218456 seconds
Concatenating /scratch/rohlfslab/abierly2/LongTR/longTR_pipeline_HG04200/HG04200.chr13.vcf.gz	0.839018 seconds
Concatenating /scratch/rohlfslab/abierly2/LongTR/longTR_pipeline_HG04200/HG04200.chr14.vcf.gz	0.797450 seconds
Concatenating /scratch/rohlfslab/abierly2/LongTR/longTR_pipeline_HG04200/HG04200.chr15.vcf.gz	0.748632 seconds
Concatenating /scratch/rohlfslab/abierly2/LongTR/longTR_pipeline_HG04200/HG04200.chr16.vcf.gz	0.780413 seconds
Concatenating /scratch/rohlfslab/abierly2/LongTR/longTR_pipeline_HG04200/HG04200.chr17.vcf.gz	0.814604 seconds
Concatenating /scratch/rohlfslab/abierly2/LongTR/longTR_pipeline_HG04200/HG04200.chr18.vcf.gz	0.605762 seconds
Concatenating /scratch/rohlfslab/abierly2/LongTR/longTR_pipeline_HG04200/HG04200.chr19.vcf.gz	0.672958 seconds
Concatenating /scratch/rohlfslab/abierly2/LongTR/longTR_pipeline_HG04200/HG04200.chr1.vcf.gz	2.144458 seconds
Concatenating /scratch/rohlfslab/abierly2/LongTR/longTR_pipeline_HG04200/HG04200.chr20.vcf.gz	0.509877 seconds
Concatenating /scratch/rohlfslab/abierly2/LongTR/longTR_pipeline_HG04200/HG04200.chr21.vcf.gz	0.293415 seconds
Concatenating /scratch/rohlfslab/abierly2/LongTR/longTR_pipeline_HG04200/HG04200.chr22.vcf.gz	0.359156 seconds
Concatenating /scratch/rohlfslab/abierly2/LongTR/longTR_pipeline_HG04200/HG04200.chr2.vcf.gz	2.149002 seconds
Concatenating /scratch/rohlfslab/abierly2/LongTR/longTR_pipeline_HG04200/HG04200.chr3.vcf.gz	1.707122 seconds
Concatenating /scratch/rohlfslab/abierly2/LongTR/longTR_pipeline_HG04200/HG04200.chr4.vcf.gz	1.633622 seconds
Concatenating /scratch/rohlfslab/abierly2/LongTR/longTR_pipeline_HG04200/HG04200.chr5.vcf.gz	1.550853 seconds
Concatenating /scratch/rohlfslab/abierly2/LongTR/longTR_pipeline_HG04200/HG04200.chr6.vcf.gz	1.493771 seconds
Concatenating /scratch/rohlfslab/abierly2/LongTR/longTR_pipeline_HG04200/HG04200.chr7.vcf.gz	1.442163 seconds
Concatenating /scratch/rohlfslab/abierly2/LongTR/longTR_pipeline_HG04200/HG04200.chr8.vcf.gz	1.249260 seconds
Concatenating /scratch/rohlfslab/abierly2/LongTR/longTR_pipeline_HG04200/HG04200.chr9.vcf.gz	1.059243 seconds
Concatenating /scratch/rohlfslab/abierly2/LongTR/longTR_pipeline_HG04200/HG04200.chrM.vcf.gz	0.000356 seconds
Concatenating /scratch/rohlfslab/abierly2/LongTR/longTR_pipeline_HG04200/HG04200.chrX.vcf.gz	1.280922 seconds
Concatenating /scratch/rohlfslab/abierly2/LongTR/longTR_pipeline_HG04200/HG04200.chrY.vcf.gz	0.000338 seconds
