Checking the headers and starting positions of 25 files
Concatenating /scratch/rohlfslab/abierly2/LongTR/longTR_pipeline_HG01479/HG01479.chr10.vcf.gz	1.240050 seconds
Concatenating /scratch/rohlfslab/abierly2/LongTR/longTR_pipeline_HG01479/HG01479.chr11.vcf.gz	1.177750 seconds
Concatenating /scratch/rohlfslab/abierly2/LongTR/longTR_pipeline_HG01479/HG01479.chr12.vcf.gz	1.244787 seconds
Concatenating /scratch/rohlfslab/abierly2/LongTR/longTR_pipeline_HG01479/HG01479.chr13.vcf.gz	0.864848 seconds
Concatenating /scratch/rohlfslab/abierly2/LongTR/longTR_pipeline_HG01479/HG01479.chr14.vcf.gz	0.813876 seconds
Concatenating /scratch/rohlfslab/abierly2/LongTR/longTR_pipeline_HG01479/HG01479.chr15.vcf.gz	0.770421 seconds
Concatenating /scratch/rohlfslab/abierly2/LongTR/longTR_pipeline_HG01479/HG01479.chr16.vcf.gz	0.805815 seconds
Concatenating /scratch/rohlfslab/abierly2/LongTR/longTR_pipeline_HG01479/HG01479.chr17.vcf.gz	0.831299 seconds
Concatenating /scratch/rohlfslab/abierly2/LongTR/longTR_pipeline_HG01479/HG01479.chr18.vcf.gz	0.621963 seconds
Concatenating /scratch/rohlfslab/abierly2/LongTR/longTR_pipeline_HG01479/HG01479.chr19.vcf.gz	0.688253 seconds
Concatenating /scratch/rohlfslab/abierly2/LongTR/longTR_pipeline_HG01479/HG01479.chr1.vcf.gz	2.193455 seconds
Concatenating /scratch/rohlfslab/abierly2/LongTR/longTR_pipeline_HG01479/HG01479.chr20.vcf.gz	0.518083 seconds
Concatenating /scratch/rohlfslab/abierly2/LongTR/longTR_pipeline_HG01479/HG01479.chr21.vcf.gz	0.299448 seconds
Concatenating /scratch/rohlfslab/abierly2/LongTR/longTR_pipeline_HG01479/HG01479.chr22.vcf.gz	0.366868 seconds
Concatenating /scratch/rohlfslab/abierly2/LongTR/longTR_pipeline_HG01479/HG01479.chr2.vcf.gz	2.200448 seconds
Concatenating /scratch/rohlfslab/abierly2/LongTR/longTR_pipeline_HG01479/HG01479.chr3.vcf.gz	1.754636 seconds
Concatenating /scratch/rohlfslab/abierly2/LongTR/longTR_pipeline_HG01479/HG01479.chr4.vcf.gz	1.681234 seconds
Concatenating /scratch/rohlfslab/abierly2/LongTR/longTR_pipeline_HG01479/HG01479.chr5.vcf.gz	1.597256 seconds
Concatenating /scratch/rohlfslab/abierly2/LongTR/longTR_pipeline_HG01479/HG01479.chr6.vcf.gz	1.535006 seconds
Concatenating /scratch/rohlfslab/abierly2/LongTR/longTR_pipeline_HG01479/HG01479.chr7.vcf.gz	1.474430 seconds
Concatenating /scratch/rohlfslab/abierly2/LongTR/longTR_pipeline_HG01479/HG01479.chr8.vcf.gz	1.305661 seconds
Concatenating /scratch/rohlfslab/abierly2/LongTR/longTR_pipeline_HG01479/HG01479.chr9.vcf.gz	1.082120 seconds
Concatenating /scratch/rohlfslab/abierly2/LongTR/longTR_pipeline_HG01479/HG01479.chrM.vcf.gz	0.000417 seconds
Concatenating /scratch/rohlfslab/abierly2/LongTR/longTR_pipeline_HG01479/HG01479.chrX.vcf.gz	0.797679 seconds
Concatenating /scratch/rohlfslab/abierly2/LongTR/longTR_pipeline_HG01479/HG01479.chrY.vcf.gz	0.042186 seconds
