Checking the headers and starting positions of 25 files
Concatenating /scratch/rohlfslab/abierly2/LongTR/longTR_pipeline_NA19750/NA19750.chr10.vcf.gz	0.498963 seconds
Concatenating /scratch/rohlfslab/abierly2/LongTR/longTR_pipeline_NA19750/NA19750.chr11.vcf.gz	0.503396 seconds
Concatenating /scratch/rohlfslab/abierly2/LongTR/longTR_pipeline_NA19750/NA19750.chr12.vcf.gz	0.526962 seconds
Concatenating /scratch/rohlfslab/abierly2/LongTR/longTR_pipeline_NA19750/NA19750.chr13.vcf.gz	0.351670 seconds
Concatenating /scratch/rohlfslab/abierly2/LongTR/longTR_pipeline_NA19750/NA19750.chr14.vcf.gz	0.346829 seconds
Concatenating /scratch/rohlfslab/abierly2/LongTR/longTR_pipeline_NA19750/NA19750.chr15.vcf.gz	0.326435 seconds
Concatenating /scratch/rohlfslab/abierly2/LongTR/longTR_pipeline_NA19750/NA19750.chr16.vcf.gz	0.354535 seconds
Concatenating /scratch/rohlfslab/abierly2/LongTR/longTR_pipeline_NA19750/NA19750.chr17.vcf.gz	0.380198 seconds
Concatenating /scratch/rohlfslab/abierly2/LongTR/longTR_pipeline_NA19750/NA19750.chr18.vcf.gz	0.255344 seconds
Concatenating /scratch/rohlfslab/abierly2/LongTR/longTR_pipeline_NA19750/NA19750.chr19.vcf.gz	0.336570 seconds
Concatenating /scratch/rohlfslab/abierly2/LongTR/longTR_pipeline_NA19750/NA19750.chr1.vcf.gz	0.948043 seconds
Concatenating /scratch/rohlfslab/abierly2/LongTR/longTR_pipeline_NA19750/NA19750.chr20.vcf.gz	0.214458 seconds
Concatenating /scratch/rohlfslab/abierly2/LongTR/longTR_pipeline_NA19750/NA19750.chr21.vcf.gz	0.124963 seconds
Concatenating /scratch/rohlfslab/abierly2/LongTR/longTR_pipeline_NA19750/NA19750.chr22.vcf.gz	0.158344 seconds
Concatenating /scratch/rohlfslab/abierly2/LongTR/longTR_pipeline_NA19750/NA19750.chr2.vcf.gz	0.870254 seconds
Concatenating /scratch/rohlfslab/abierly2/LongTR/longTR_pipeline_NA19750/NA19750.chr3.vcf.gz	0.722528 seconds
Concatenating /scratch/rohlfslab/abierly2/LongTR/longTR_pipeline_NA19750/NA19750.chr4.vcf.gz	0.693593 seconds
Concatenating /scratch/rohlfslab/abierly2/LongTR/longTR_pipeline_NA19750/NA19750.chr5.vcf.gz	0.651564 seconds
Concatenating /scratch/rohlfslab/abierly2/LongTR/longTR_pipeline_NA19750/NA19750.chr6.vcf.gz	0.634037 seconds
Concatenating /scratch/rohlfslab/abierly2/LongTR/longTR_pipeline_NA19750/NA19750.chr7.vcf.gz	0.604779 seconds
Concatenating /scratch/rohlfslab/abierly2/LongTR/longTR_pipeline_NA19750/NA19750.chr8.vcf.gz	0.531301 seconds
Concatenating /scratch/rohlfslab/abierly2/LongTR/longTR_pipeline_NA19750/NA19750.chr9.vcf.gz	0.448808 seconds
Concatenating /scratch/rohlfslab/abierly2/LongTR/longTR_pipeline_NA19750/NA19750.chrM.vcf.gz	0.000283 seconds
Concatenating /scratch/rohlfslab/abierly2/LongTR/longTR_pipeline_NA19750/NA19750.chrX.vcf.gz	0.043838 seconds
Concatenating /scratch/rohlfslab/abierly2/LongTR/longTR_pipeline_NA19750/NA19750.chrY.vcf.gz	0.000385 seconds
