Checking the headers and starting positions of 25 files
Concatenating /scratch/rohlfslab/abierly2/LongTR/longTR_pipeline_HG01136/HG01136.chr10.vcf.gz	1.102931 seconds
Concatenating /scratch/rohlfslab/abierly2/LongTR/longTR_pipeline_HG01136/HG01136.chr11.vcf.gz	1.037718 seconds
Concatenating /scratch/rohlfslab/abierly2/LongTR/longTR_pipeline_HG01136/HG01136.chr12.vcf.gz	1.131062 seconds
Concatenating /scratch/rohlfslab/abierly2/LongTR/longTR_pipeline_HG01136/HG01136.chr13.vcf.gz	0.733251 seconds
Concatenating /scratch/rohlfslab/abierly2/LongTR/longTR_pipeline_HG01136/HG01136.chr14.vcf.gz	0.724795 seconds
Concatenating /scratch/rohlfslab/abierly2/LongTR/longTR_pipeline_HG01136/HG01136.chr15.vcf.gz	0.711292 seconds
Concatenating /scratch/rohlfslab/abierly2/LongTR/longTR_pipeline_HG01136/HG01136.chr16.vcf.gz	0.710402 seconds
Concatenating /scratch/rohlfslab/abierly2/LongTR/longTR_pipeline_HG01136/HG01136.chr17.vcf.gz	0.768887 seconds
Concatenating /scratch/rohlfslab/abierly2/LongTR/longTR_pipeline_HG01136/HG01136.chr18.vcf.gz	0.536071 seconds
Concatenating /scratch/rohlfslab/abierly2/LongTR/longTR_pipeline_HG01136/HG01136.chr19.vcf.gz	0.646579 seconds
Concatenating /scratch/rohlfslab/abierly2/LongTR/longTR_pipeline_HG01136/HG01136.chr1.vcf.gz	1.978751 seconds
Concatenating /scratch/rohlfslab/abierly2/LongTR/longTR_pipeline_HG01136/HG01136.chr20.vcf.gz	0.456769 seconds
Concatenating /scratch/rohlfslab/abierly2/LongTR/longTR_pipeline_HG01136/HG01136.chr21.vcf.gz	0.256869 seconds
Concatenating /scratch/rohlfslab/abierly2/LongTR/longTR_pipeline_HG01136/HG01136.chr22.vcf.gz	0.325959 seconds
Concatenating /scratch/rohlfslab/abierly2/LongTR/longTR_pipeline_HG01136/HG01136.chr2.vcf.gz	1.976395 seconds
Concatenating /scratch/rohlfslab/abierly2/LongTR/longTR_pipeline_HG01136/HG01136.chr3.vcf.gz	1.552064 seconds
Concatenating /scratch/rohlfslab/abierly2/LongTR/longTR_pipeline_HG01136/HG01136.chr4.vcf.gz	1.434597 seconds
Concatenating /scratch/rohlfslab/abierly2/LongTR/longTR_pipeline_HG01136/HG01136.chr5.vcf.gz	1.394913 seconds
Concatenating /scratch/rohlfslab/abierly2/LongTR/longTR_pipeline_HG01136/HG01136.chr6.vcf.gz	1.381168 seconds
Concatenating /scratch/rohlfslab/abierly2/LongTR/longTR_pipeline_HG01136/HG01136.chr7.vcf.gz	1.312574 seconds
Concatenating /scratch/rohlfslab/abierly2/LongTR/longTR_pipeline_HG01136/HG01136.chr8.vcf.gz	1.119111 seconds
Concatenating /scratch/rohlfslab/abierly2/LongTR/longTR_pipeline_HG01136/HG01136.chr9.vcf.gz	0.952343 seconds
Concatenating /scratch/rohlfslab/abierly2/LongTR/longTR_pipeline_HG01136/HG01136.chrM.vcf.gz	0.000335 seconds
Concatenating /scratch/rohlfslab/abierly2/LongTR/longTR_pipeline_HG01136/HG01136.chrX.vcf.gz	0.274249 seconds
Concatenating /scratch/rohlfslab/abierly2/LongTR/longTR_pipeline_HG01136/HG01136.chrY.vcf.gz	0.008470 seconds
