Checking the headers and starting positions of 25 files
Concatenating /scratch/rohlfslab/abierly2/LongTR/longTR_pipeline_HG03869/HG03869.chr10.vcf.gz	1.135616 seconds
Concatenating /scratch/rohlfslab/abierly2/LongTR/longTR_pipeline_HG03869/HG03869.chr11.vcf.gz	1.054803 seconds
Concatenating /scratch/rohlfslab/abierly2/LongTR/longTR_pipeline_HG03869/HG03869.chr12.vcf.gz	1.132342 seconds
Concatenating /scratch/rohlfslab/abierly2/LongTR/longTR_pipeline_HG03869/HG03869.chr13.vcf.gz	0.756873 seconds
Concatenating /scratch/rohlfslab/abierly2/LongTR/longTR_pipeline_HG03869/HG03869.chr14.vcf.gz	0.729829 seconds
Concatenating /scratch/rohlfslab/abierly2/LongTR/longTR_pipeline_HG03869/HG03869.chr15.vcf.gz	0.683845 seconds
Concatenating /scratch/rohlfslab/abierly2/LongTR/longTR_pipeline_HG03869/HG03869.chr16.vcf.gz	0.703387 seconds
Concatenating /scratch/rohlfslab/abierly2/LongTR/longTR_pipeline_HG03869/HG03869.chr17.vcf.gz	0.746519 seconds
Concatenating /scratch/rohlfslab/abierly2/LongTR/longTR_pipeline_HG03869/HG03869.chr18.vcf.gz	0.556016 seconds
Concatenating /scratch/rohlfslab/abierly2/LongTR/longTR_pipeline_HG03869/HG03869.chr19.vcf.gz	0.617836 seconds
Concatenating /scratch/rohlfslab/abierly2/LongTR/longTR_pipeline_HG03869/HG03869.chr1.vcf.gz	1.964827 seconds
Concatenating /scratch/rohlfslab/abierly2/LongTR/longTR_pipeline_HG03869/HG03869.chr20.vcf.gz	0.457794 seconds
Concatenating /scratch/rohlfslab/abierly2/LongTR/longTR_pipeline_HG03869/HG03869.chr21.vcf.gz	0.268606 seconds
Concatenating /scratch/rohlfslab/abierly2/LongTR/longTR_pipeline_HG03869/HG03869.chr22.vcf.gz	0.320945 seconds
Concatenating /scratch/rohlfslab/abierly2/LongTR/longTR_pipeline_HG03869/HG03869.chr2.vcf.gz	1.975515 seconds
Concatenating /scratch/rohlfslab/abierly2/LongTR/longTR_pipeline_HG03869/HG03869.chr3.vcf.gz	1.575825 seconds
Concatenating /scratch/rohlfslab/abierly2/LongTR/longTR_pipeline_HG03869/HG03869.chr4.vcf.gz	1.499423 seconds
Concatenating /scratch/rohlfslab/abierly2/LongTR/longTR_pipeline_HG03869/HG03869.chr5.vcf.gz	1.426282 seconds
Concatenating /scratch/rohlfslab/abierly2/LongTR/longTR_pipeline_HG03869/HG03869.chr6.vcf.gz	1.377041 seconds
Concatenating /scratch/rohlfslab/abierly2/LongTR/longTR_pipeline_HG03869/HG03869.chr7.vcf.gz	1.306111 seconds
Concatenating /scratch/rohlfslab/abierly2/LongTR/longTR_pipeline_HG03869/HG03869.chr8.vcf.gz	1.142661 seconds
Concatenating /scratch/rohlfslab/abierly2/LongTR/longTR_pipeline_HG03869/HG03869.chr9.vcf.gz	0.969056 seconds
Concatenating /scratch/rohlfslab/abierly2/LongTR/longTR_pipeline_HG03869/HG03869.chrM.vcf.gz	0.000310 seconds
Concatenating /scratch/rohlfslab/abierly2/LongTR/longTR_pipeline_HG03869/HG03869.chrX.vcf.gz	0.284396 seconds
Concatenating /scratch/rohlfslab/abierly2/LongTR/longTR_pipeline_HG03869/HG03869.chrY.vcf.gz	0.012481 seconds
