Checking the headers and starting positions of 25 files
Concatenating /scratch/rohlfslab/abierly2/LongTR/longTR_pipeline_HG02266/HG02266.chr10.vcf.gz	1.929278 seconds
Concatenating /scratch/rohlfslab/abierly2/LongTR/longTR_pipeline_HG02266/HG02266.chr11.vcf.gz	1.842109 seconds
Concatenating /scratch/rohlfslab/abierly2/LongTR/longTR_pipeline_HG02266/HG02266.chr12.vcf.gz	1.979534 seconds
Concatenating /scratch/rohlfslab/abierly2/LongTR/longTR_pipeline_HG02266/HG02266.chr13.vcf.gz	1.338065 seconds
Concatenating /scratch/rohlfslab/abierly2/LongTR/longTR_pipeline_HG02266/HG02266.chr14.vcf.gz	1.286293 seconds
Concatenating /scratch/rohlfslab/abierly2/LongTR/longTR_pipeline_HG02266/HG02266.chr15.vcf.gz	1.221798 seconds
Concatenating /scratch/rohlfslab/abierly2/LongTR/longTR_pipeline_HG02266/HG02266.chr16.vcf.gz	1.275167 seconds
Concatenating /scratch/rohlfslab/abierly2/LongTR/longTR_pipeline_HG02266/HG02266.chr17.vcf.gz	1.330627 seconds
Concatenating /scratch/rohlfslab/abierly2/LongTR/longTR_pipeline_HG02266/HG02266.chr18.vcf.gz	0.962854 seconds
Concatenating /scratch/rohlfslab/abierly2/LongTR/longTR_pipeline_HG02266/HG02266.chr19.vcf.gz	1.112273 seconds
Concatenating /scratch/rohlfslab/abierly2/LongTR/longTR_pipeline_HG02266/HG02266.chr1.vcf.gz	3.505618 seconds
Concatenating /scratch/rohlfslab/abierly2/LongTR/longTR_pipeline_HG02266/HG02266.chr20.vcf.gz	0.814271 seconds
Concatenating /scratch/rohlfslab/abierly2/LongTR/longTR_pipeline_HG02266/HG02266.chr21.vcf.gz	0.478069 seconds
Concatenating /scratch/rohlfslab/abierly2/LongTR/longTR_pipeline_HG02266/HG02266.chr22.vcf.gz	0.568769 seconds
Concatenating /scratch/rohlfslab/abierly2/LongTR/longTR_pipeline_HG02266/HG02266.chr2.vcf.gz	3.459973 seconds
Concatenating /scratch/rohlfslab/abierly2/LongTR/longTR_pipeline_HG02266/HG02266.chr3.vcf.gz	2.770405 seconds
Concatenating /scratch/rohlfslab/abierly2/LongTR/longTR_pipeline_HG02266/HG02266.chr4.vcf.gz	2.614073 seconds
Concatenating /scratch/rohlfslab/abierly2/LongTR/longTR_pipeline_HG02266/HG02266.chr5.vcf.gz	2.483606 seconds
Concatenating /scratch/rohlfslab/abierly2/LongTR/longTR_pipeline_HG02266/HG02266.chr6.vcf.gz	2.411404 seconds
Concatenating /scratch/rohlfslab/abierly2/LongTR/longTR_pipeline_HG02266/HG02266.chr7.vcf.gz	2.290686 seconds
Concatenating /scratch/rohlfslab/abierly2/LongTR/longTR_pipeline_HG02266/HG02266.chr8.vcf.gz	1.988434 seconds
Concatenating /scratch/rohlfslab/abierly2/LongTR/longTR_pipeline_HG02266/HG02266.chr9.vcf.gz	1.701003 seconds
Concatenating /scratch/rohlfslab/abierly2/LongTR/longTR_pipeline_HG02266/HG02266.chrM.vcf.gz	0.000790 seconds
Concatenating /scratch/rohlfslab/abierly2/LongTR/longTR_pipeline_HG02266/HG02266.chrX.vcf.gz	2.013574 seconds
Concatenating /scratch/rohlfslab/abierly2/LongTR/longTR_pipeline_HG02266/HG02266.chrY.vcf.gz	0.000758 seconds
