Checking the headers and starting positions of 25 files
Concatenating /scratch/rohlfslab/abierly2/LongTR/longTR_pipeline_HG00731/HG00731.chr10.vcf.gz	1.073482 seconds
Concatenating /scratch/rohlfslab/abierly2/LongTR/longTR_pipeline_HG00731/HG00731.chr11.vcf.gz	1.022761 seconds
Concatenating /scratch/rohlfslab/abierly2/LongTR/longTR_pipeline_HG00731/HG00731.chr12.vcf.gz	1.082199 seconds
Concatenating /scratch/rohlfslab/abierly2/LongTR/longTR_pipeline_HG00731/HG00731.chr13.vcf.gz	0.747312 seconds
Concatenating /scratch/rohlfslab/abierly2/LongTR/longTR_pipeline_HG00731/HG00731.chr14.vcf.gz	0.702968 seconds
Concatenating /scratch/rohlfslab/abierly2/LongTR/longTR_pipeline_HG00731/HG00731.chr15.vcf.gz	0.667717 seconds
Concatenating /scratch/rohlfslab/abierly2/LongTR/longTR_pipeline_HG00731/HG00731.chr16.vcf.gz	0.694348 seconds
Concatenating /scratch/rohlfslab/abierly2/LongTR/longTR_pipeline_HG00731/HG00731.chr17.vcf.gz	0.721709 seconds
Concatenating /scratch/rohlfslab/abierly2/LongTR/longTR_pipeline_HG00731/HG00731.chr18.vcf.gz	0.535630 seconds
Concatenating /scratch/rohlfslab/abierly2/LongTR/longTR_pipeline_HG00731/HG00731.chr19.vcf.gz	0.594089 seconds
Concatenating /scratch/rohlfslab/abierly2/LongTR/longTR_pipeline_HG00731/HG00731.chr1.vcf.gz	1.915360 seconds
Concatenating /scratch/rohlfslab/abierly2/LongTR/longTR_pipeline_HG00731/HG00731.chr20.vcf.gz	0.453946 seconds
Concatenating /scratch/rohlfslab/abierly2/LongTR/longTR_pipeline_HG00731/HG00731.chr21.vcf.gz	0.262095 seconds
Concatenating /scratch/rohlfslab/abierly2/LongTR/longTR_pipeline_HG00731/HG00731.chr22.vcf.gz	0.315500 seconds
Concatenating /scratch/rohlfslab/abierly2/LongTR/longTR_pipeline_HG00731/HG00731.chr2.vcf.gz	1.908068 seconds
Concatenating /scratch/rohlfslab/abierly2/LongTR/longTR_pipeline_HG00731/HG00731.chr3.vcf.gz	1.564012 seconds
Concatenating /scratch/rohlfslab/abierly2/LongTR/longTR_pipeline_HG00731/HG00731.chr4.vcf.gz	1.438318 seconds
Concatenating /scratch/rohlfslab/abierly2/LongTR/longTR_pipeline_HG00731/HG00731.chr5.vcf.gz	1.373930 seconds
Concatenating /scratch/rohlfslab/abierly2/LongTR/longTR_pipeline_HG00731/HG00731.chr6.vcf.gz	1.320413 seconds
Concatenating /scratch/rohlfslab/abierly2/LongTR/longTR_pipeline_HG00731/HG00731.chr7.vcf.gz	1.272926 seconds
Concatenating /scratch/rohlfslab/abierly2/LongTR/longTR_pipeline_HG00731/HG00731.chr8.vcf.gz	1.100591 seconds
Concatenating /scratch/rohlfslab/abierly2/LongTR/longTR_pipeline_HG00731/HG00731.chr9.vcf.gz	0.938588 seconds
Concatenating /scratch/rohlfslab/abierly2/LongTR/longTR_pipeline_HG00731/HG00731.chrM.vcf.gz	0.000317 seconds
Concatenating /scratch/rohlfslab/abierly2/LongTR/longTR_pipeline_HG00731/HG00731.chrX.vcf.gz	0.238953 seconds
Concatenating /scratch/rohlfslab/abierly2/LongTR/longTR_pipeline_HG00731/HG00731.chrY.vcf.gz	0.010649 seconds
