Checking the headers and starting positions of 25 files
Concatenating /scratch/rohlfslab/abierly2/LongTR/longTR_pipeline_HG02285/HG02285.chr10.vcf.gz	0.579057 seconds
Concatenating /scratch/rohlfslab/abierly2/LongTR/longTR_pipeline_HG02285/HG02285.chr11.vcf.gz	0.557315 seconds
Concatenating /scratch/rohlfslab/abierly2/LongTR/longTR_pipeline_HG02285/HG02285.chr12.vcf.gz	0.596583 seconds
Concatenating /scratch/rohlfslab/abierly2/LongTR/longTR_pipeline_HG02285/HG02285.chr13.vcf.gz	0.406816 seconds
Concatenating /scratch/rohlfslab/abierly2/LongTR/longTR_pipeline_HG02285/HG02285.chr14.vcf.gz	0.392642 seconds
Concatenating /scratch/rohlfslab/abierly2/LongTR/longTR_pipeline_HG02285/HG02285.chr15.vcf.gz	0.365624 seconds
Concatenating /scratch/rohlfslab/abierly2/LongTR/longTR_pipeline_HG02285/HG02285.chr16.vcf.gz	0.344155 seconds
Concatenating /scratch/rohlfslab/abierly2/LongTR/longTR_pipeline_HG02285/HG02285.chr17.vcf.gz	0.375410 seconds
Concatenating /scratch/rohlfslab/abierly2/LongTR/longTR_pipeline_HG02285/HG02285.chr18.vcf.gz	0.287758 seconds
Concatenating /scratch/rohlfslab/abierly2/LongTR/longTR_pipeline_HG02285/HG02285.chr19.vcf.gz	0.280949 seconds
Concatenating /scratch/rohlfslab/abierly2/LongTR/longTR_pipeline_HG02285/HG02285.chr1.vcf.gz	1.037409 seconds
Concatenating /scratch/rohlfslab/abierly2/LongTR/longTR_pipeline_HG02285/HG02285.chr20.vcf.gz	0.225219 seconds
Concatenating /scratch/rohlfslab/abierly2/LongTR/longTR_pipeline_HG02285/HG02285.chr21.vcf.gz	0.142652 seconds
Concatenating /scratch/rohlfslab/abierly2/LongTR/longTR_pipeline_HG02285/HG02285.chr22.vcf.gz	0.154927 seconds
Concatenating /scratch/rohlfslab/abierly2/LongTR/longTR_pipeline_HG02285/HG02285.chr2.vcf.gz	1.053524 seconds
Concatenating /scratch/rohlfslab/abierly2/LongTR/longTR_pipeline_HG02285/HG02285.chr3.vcf.gz	0.852200 seconds
Concatenating /scratch/rohlfslab/abierly2/LongTR/longTR_pipeline_HG02285/HG02285.chr4.vcf.gz	0.790773 seconds
Concatenating /scratch/rohlfslab/abierly2/LongTR/longTR_pipeline_HG02285/HG02285.chr5.vcf.gz	0.774181 seconds
Concatenating /scratch/rohlfslab/abierly2/LongTR/longTR_pipeline_HG02285/HG02285.chr6.vcf.gz	0.750550 seconds
Concatenating /scratch/rohlfslab/abierly2/LongTR/longTR_pipeline_HG02285/HG02285.chr7.vcf.gz	0.673434 seconds
Concatenating /scratch/rohlfslab/abierly2/LongTR/longTR_pipeline_HG02285/HG02285.chr8.vcf.gz	0.611217 seconds
Concatenating /scratch/rohlfslab/abierly2/LongTR/longTR_pipeline_HG02285/HG02285.chr9.vcf.gz	0.495963 seconds
Concatenating /scratch/rohlfslab/abierly2/LongTR/longTR_pipeline_HG02285/HG02285.chrM.vcf.gz	0.000366 seconds
Concatenating /scratch/rohlfslab/abierly2/LongTR/longTR_pipeline_HG02285/HG02285.chrX.vcf.gz	0.050729 seconds
Concatenating /scratch/rohlfslab/abierly2/LongTR/longTR_pipeline_HG02285/HG02285.chrY.vcf.gz	0.004101 seconds
