Checking the headers and starting positions of 25 files
Concatenating /scratch/rohlfslab/abierly2/LongTR/longTR_pipeline_HG04018/HG04018.chr10.vcf.gz	0.383867 seconds
Concatenating /scratch/rohlfslab/abierly2/LongTR/longTR_pipeline_HG04018/HG04018.chr11.vcf.gz	0.385619 seconds
Concatenating /scratch/rohlfslab/abierly2/LongTR/longTR_pipeline_HG04018/HG04018.chr12.vcf.gz	0.402702 seconds
Concatenating /scratch/rohlfslab/abierly2/LongTR/longTR_pipeline_HG04018/HG04018.chr13.vcf.gz	0.253271 seconds
Concatenating /scratch/rohlfslab/abierly2/LongTR/longTR_pipeline_HG04018/HG04018.chr14.vcf.gz	0.268221 seconds
Concatenating /scratch/rohlfslab/abierly2/LongTR/longTR_pipeline_HG04018/HG04018.chr15.vcf.gz	0.265852 seconds
Concatenating /scratch/rohlfslab/abierly2/LongTR/longTR_pipeline_HG04018/HG04018.chr16.vcf.gz	0.275065 seconds
Concatenating /scratch/rohlfslab/abierly2/LongTR/longTR_pipeline_HG04018/HG04018.chr17.vcf.gz	0.296282 seconds
Concatenating /scratch/rohlfslab/abierly2/LongTR/longTR_pipeline_HG04018/HG04018.chr18.vcf.gz	0.191352 seconds
Concatenating /scratch/rohlfslab/abierly2/LongTR/longTR_pipeline_HG04018/HG04018.chr19.vcf.gz	0.234206 seconds
Concatenating /scratch/rohlfslab/abierly2/LongTR/longTR_pipeline_HG04018/HG04018.chr1.vcf.gz	0.729293 seconds
Concatenating /scratch/rohlfslab/abierly2/LongTR/longTR_pipeline_HG04018/HG04018.chr20.vcf.gz	0.180003 seconds
Concatenating /scratch/rohlfslab/abierly2/LongTR/longTR_pipeline_HG04018/HG04018.chr21.vcf.gz	0.097677 seconds
Concatenating /scratch/rohlfslab/abierly2/LongTR/longTR_pipeline_HG04018/HG04018.chr22.vcf.gz	0.137173 seconds
Concatenating /scratch/rohlfslab/abierly2/LongTR/longTR_pipeline_HG04018/HG04018.chr2.vcf.gz	0.683548 seconds
Concatenating /scratch/rohlfslab/abierly2/LongTR/longTR_pipeline_HG04018/HG04018.chr3.vcf.gz	0.556324 seconds
Concatenating /scratch/rohlfslab/abierly2/LongTR/longTR_pipeline_HG04018/HG04018.chr4.vcf.gz	0.482413 seconds
Concatenating /scratch/rohlfslab/abierly2/LongTR/longTR_pipeline_HG04018/HG04018.chr5.vcf.gz	0.486926 seconds
Concatenating /scratch/rohlfslab/abierly2/LongTR/longTR_pipeline_HG04018/HG04018.chr6.vcf.gz	0.493499 seconds
Concatenating /scratch/rohlfslab/abierly2/LongTR/longTR_pipeline_HG04018/HG04018.chr7.vcf.gz	0.466548 seconds
Concatenating /scratch/rohlfslab/abierly2/LongTR/longTR_pipeline_HG04018/HG04018.chr8.vcf.gz	0.395599 seconds
Concatenating /scratch/rohlfslab/abierly2/LongTR/longTR_pipeline_HG04018/HG04018.chr9.vcf.gz	0.339396 seconds
Concatenating /scratch/rohlfslab/abierly2/LongTR/longTR_pipeline_HG04018/HG04018.chrM.vcf.gz	0.000298 seconds
Concatenating /scratch/rohlfslab/abierly2/LongTR/longTR_pipeline_HG04018/HG04018.chrX.vcf.gz	0.375558 seconds
Concatenating /scratch/rohlfslab/abierly2/LongTR/longTR_pipeline_HG04018/HG04018.chrY.vcf.gz	0.000304 seconds
