Checking the headers and starting positions of 25 files
Concatenating /scratch/rohlfslab/abierly2/LongTR/longTR_pipeline_HG02064/HG02064.chr10.vcf.gz	1.174843 seconds
Concatenating /scratch/rohlfslab/abierly2/LongTR/longTR_pipeline_HG02064/HG02064.chr11.vcf.gz	1.116265 seconds
Concatenating /scratch/rohlfslab/abierly2/LongTR/longTR_pipeline_HG02064/HG02064.chr12.vcf.gz	1.196982 seconds
Concatenating /scratch/rohlfslab/abierly2/LongTR/longTR_pipeline_HG02064/HG02064.chr13.vcf.gz	0.812559 seconds
Concatenating /scratch/rohlfslab/abierly2/LongTR/longTR_pipeline_HG02064/HG02064.chr14.vcf.gz	0.775876 seconds
Concatenating /scratch/rohlfslab/abierly2/LongTR/longTR_pipeline_HG02064/HG02064.chr15.vcf.gz	0.730914 seconds
Concatenating /scratch/rohlfslab/abierly2/LongTR/longTR_pipeline_HG02064/HG02064.chr16.vcf.gz	0.760508 seconds
Concatenating /scratch/rohlfslab/abierly2/LongTR/longTR_pipeline_HG02064/HG02064.chr17.vcf.gz	0.800785 seconds
Concatenating /scratch/rohlfslab/abierly2/LongTR/longTR_pipeline_HG02064/HG02064.chr18.vcf.gz	0.586742 seconds
Concatenating /scratch/rohlfslab/abierly2/LongTR/longTR_pipeline_HG02064/HG02064.chr19.vcf.gz	0.670963 seconds
Concatenating /scratch/rohlfslab/abierly2/LongTR/longTR_pipeline_HG02064/HG02064.chr1.vcf.gz	2.118132 seconds
Concatenating /scratch/rohlfslab/abierly2/LongTR/longTR_pipeline_HG02064/HG02064.chr20.vcf.gz	0.492957 seconds
Concatenating /scratch/rohlfslab/abierly2/LongTR/longTR_pipeline_HG02064/HG02064.chr21.vcf.gz	0.287285 seconds
Concatenating /scratch/rohlfslab/abierly2/LongTR/longTR_pipeline_HG02064/HG02064.chr22.vcf.gz	0.348092 seconds
Concatenating /scratch/rohlfslab/abierly2/LongTR/longTR_pipeline_HG02064/HG02064.chr2.vcf.gz	2.092580 seconds
Concatenating /scratch/rohlfslab/abierly2/LongTR/longTR_pipeline_HG02064/HG02064.chr3.vcf.gz	1.668596 seconds
Concatenating /scratch/rohlfslab/abierly2/LongTR/longTR_pipeline_HG02064/HG02064.chr4.vcf.gz	1.590769 seconds
Concatenating /scratch/rohlfslab/abierly2/LongTR/longTR_pipeline_HG02064/HG02064.chr5.vcf.gz	1.512151 seconds
Concatenating /scratch/rohlfslab/abierly2/LongTR/longTR_pipeline_HG02064/HG02064.chr6.vcf.gz	1.464340 seconds
Concatenating /scratch/rohlfslab/abierly2/LongTR/longTR_pipeline_HG02064/HG02064.chr7.vcf.gz	1.408190 seconds
Concatenating /scratch/rohlfslab/abierly2/LongTR/longTR_pipeline_HG02064/HG02064.chr8.vcf.gz	1.216903 seconds
Concatenating /scratch/rohlfslab/abierly2/LongTR/longTR_pipeline_HG02064/HG02064.chr9.vcf.gz	1.034581 seconds
Concatenating /scratch/rohlfslab/abierly2/LongTR/longTR_pipeline_HG02064/HG02064.chrM.vcf.gz	0.000325 seconds
Concatenating /scratch/rohlfslab/abierly2/LongTR/longTR_pipeline_HG02064/HG02064.chrX.vcf.gz	0.383169 seconds
Concatenating /scratch/rohlfslab/abierly2/LongTR/longTR_pipeline_HG02064/HG02064.chrY.vcf.gz	0.016310 seconds
