Checking the headers and starting positions of 25 files
Concatenating /scratch/rohlfslab/abierly2/LongTR/longTR_pipeline_HG01846/HG01846.chr10.vcf.gz	1.209848 seconds
Concatenating /scratch/rohlfslab/abierly2/LongTR/longTR_pipeline_HG01846/HG01846.chr11.vcf.gz	1.156559 seconds
Concatenating /scratch/rohlfslab/abierly2/LongTR/longTR_pipeline_HG01846/HG01846.chr12.vcf.gz	1.225870 seconds
Concatenating /scratch/rohlfslab/abierly2/LongTR/longTR_pipeline_HG01846/HG01846.chr13.vcf.gz	0.843255 seconds
Concatenating /scratch/rohlfslab/abierly2/LongTR/longTR_pipeline_HG01846/HG01846.chr14.vcf.gz	0.804543 seconds
Concatenating /scratch/rohlfslab/abierly2/LongTR/longTR_pipeline_HG01846/HG01846.chr15.vcf.gz	0.754568 seconds
Concatenating /scratch/rohlfslab/abierly2/LongTR/longTR_pipeline_HG01846/HG01846.chr16.vcf.gz	0.785141 seconds
Concatenating /scratch/rohlfslab/abierly2/LongTR/longTR_pipeline_HG01846/HG01846.chr17.vcf.gz	0.819977 seconds
Concatenating /scratch/rohlfslab/abierly2/LongTR/longTR_pipeline_HG01846/HG01846.chr18.vcf.gz	0.606904 seconds
Concatenating /scratch/rohlfslab/abierly2/LongTR/longTR_pipeline_HG01846/HG01846.chr19.vcf.gz	0.675634 seconds
Concatenating /scratch/rohlfslab/abierly2/LongTR/longTR_pipeline_HG01846/HG01846.chr1.vcf.gz	2.157381 seconds
Concatenating /scratch/rohlfslab/abierly2/LongTR/longTR_pipeline_HG01846/HG01846.chr20.vcf.gz	0.509573 seconds
Concatenating /scratch/rohlfslab/abierly2/LongTR/longTR_pipeline_HG01846/HG01846.chr21.vcf.gz	0.294659 seconds
Concatenating /scratch/rohlfslab/abierly2/LongTR/longTR_pipeline_HG01846/HG01846.chr22.vcf.gz	0.360272 seconds
Concatenating /scratch/rohlfslab/abierly2/LongTR/longTR_pipeline_HG01846/HG01846.chr2.vcf.gz	2.156510 seconds
Concatenating /scratch/rohlfslab/abierly2/LongTR/longTR_pipeline_HG01846/HG01846.chr3.vcf.gz	1.722762 seconds
Concatenating /scratch/rohlfslab/abierly2/LongTR/longTR_pipeline_HG01846/HG01846.chr4.vcf.gz	1.694787 seconds
Concatenating /scratch/rohlfslab/abierly2/LongTR/longTR_pipeline_HG01846/HG01846.chr5.vcf.gz	1.569070 seconds
Concatenating /scratch/rohlfslab/abierly2/LongTR/longTR_pipeline_HG01846/HG01846.chr6.vcf.gz	1.514320 seconds
Concatenating /scratch/rohlfslab/abierly2/LongTR/longTR_pipeline_HG01846/HG01846.chr7.vcf.gz	1.454077 seconds
Concatenating /scratch/rohlfslab/abierly2/LongTR/longTR_pipeline_HG01846/HG01846.chr8.vcf.gz	1.273865 seconds
Concatenating /scratch/rohlfslab/abierly2/LongTR/longTR_pipeline_HG01846/HG01846.chr9.vcf.gz	1.068375 seconds
Concatenating /scratch/rohlfslab/abierly2/LongTR/longTR_pipeline_HG01846/HG01846.chrM.vcf.gz	0.001039 seconds
Concatenating /scratch/rohlfslab/abierly2/LongTR/longTR_pipeline_HG01846/HG01846.chrX.vcf.gz	0.687778 seconds
Concatenating /scratch/rohlfslab/abierly2/LongTR/longTR_pipeline_HG01846/HG01846.chrY.vcf.gz	0.031900 seconds
