Checking the headers and starting positions of 25 files
Concatenating /scratch/rohlfslab/abierly2/LongTR/longTR_pipeline_HG01384/HG01384.chr10.vcf.gz	1.235521 seconds
Concatenating /scratch/rohlfslab/abierly2/LongTR/longTR_pipeline_HG01384/HG01384.chr11.vcf.gz	1.178717 seconds
Concatenating /scratch/rohlfslab/abierly2/LongTR/longTR_pipeline_HG01384/HG01384.chr12.vcf.gz	1.255818 seconds
Concatenating /scratch/rohlfslab/abierly2/LongTR/longTR_pipeline_HG01384/HG01384.chr13.vcf.gz	0.865235 seconds
Concatenating /scratch/rohlfslab/abierly2/LongTR/longTR_pipeline_HG01384/HG01384.chr14.vcf.gz	0.816423 seconds
Concatenating /scratch/rohlfslab/abierly2/LongTR/longTR_pipeline_HG01384/HG01384.chr15.vcf.gz	0.768362 seconds
Concatenating /scratch/rohlfslab/abierly2/LongTR/longTR_pipeline_HG01384/HG01384.chr16.vcf.gz	0.815305 seconds
Concatenating /scratch/rohlfslab/abierly2/LongTR/longTR_pipeline_HG01384/HG01384.chr17.vcf.gz	0.843502 seconds
Concatenating /scratch/rohlfslab/abierly2/LongTR/longTR_pipeline_HG01384/HG01384.chr18.vcf.gz	0.623249 seconds
Concatenating /scratch/rohlfslab/abierly2/LongTR/longTR_pipeline_HG01384/HG01384.chr19.vcf.gz	0.701421 seconds
Concatenating /scratch/rohlfslab/abierly2/LongTR/longTR_pipeline_HG01384/HG01384.chr1.vcf.gz	2.210742 seconds
Concatenating /scratch/rohlfslab/abierly2/LongTR/longTR_pipeline_HG01384/HG01384.chr20.vcf.gz	0.525215 seconds
Concatenating /scratch/rohlfslab/abierly2/LongTR/longTR_pipeline_HG01384/HG01384.chr21.vcf.gz	0.302313 seconds
Concatenating /scratch/rohlfslab/abierly2/LongTR/longTR_pipeline_HG01384/HG01384.chr22.vcf.gz	0.370295 seconds
Concatenating /scratch/rohlfslab/abierly2/LongTR/longTR_pipeline_HG01384/HG01384.chr2.vcf.gz	2.199213 seconds
Concatenating /scratch/rohlfslab/abierly2/LongTR/longTR_pipeline_HG01384/HG01384.chr3.vcf.gz	1.751934 seconds
Concatenating /scratch/rohlfslab/abierly2/LongTR/longTR_pipeline_HG01384/HG01384.chr4.vcf.gz	1.678605 seconds
Concatenating /scratch/rohlfslab/abierly2/LongTR/longTR_pipeline_HG01384/HG01384.chr5.vcf.gz	1.593022 seconds
Concatenating /scratch/rohlfslab/abierly2/LongTR/longTR_pipeline_HG01384/HG01384.chr6.vcf.gz	1.531935 seconds
Concatenating /scratch/rohlfslab/abierly2/LongTR/longTR_pipeline_HG01384/HG01384.chr7.vcf.gz	1.477361 seconds
Concatenating /scratch/rohlfslab/abierly2/LongTR/longTR_pipeline_HG01384/HG01384.chr8.vcf.gz	1.271025 seconds
Concatenating /scratch/rohlfslab/abierly2/LongTR/longTR_pipeline_HG01384/HG01384.chr9.vcf.gz	1.081747 seconds
Concatenating /scratch/rohlfslab/abierly2/LongTR/longTR_pipeline_HG01384/HG01384.chrM.vcf.gz	0.000373 seconds
Concatenating /scratch/rohlfslab/abierly2/LongTR/longTR_pipeline_HG01384/HG01384.chrX.vcf.gz	1.320089 seconds
Concatenating /scratch/rohlfslab/abierly2/LongTR/longTR_pipeline_HG01384/HG01384.chrY.vcf.gz	0.000335 seconds
