Checking the headers and starting positions of 25 files
Concatenating /scratch/rohlfslab/abierly2/LongTR/longTR_pipeline_HG02164/HG02164.chr10.vcf.gz	1.120390 seconds
Concatenating /scratch/rohlfslab/abierly2/LongTR/longTR_pipeline_HG02164/HG02164.chr11.vcf.gz	1.072963 seconds
Concatenating /scratch/rohlfslab/abierly2/LongTR/longTR_pipeline_HG02164/HG02164.chr12.vcf.gz	1.149520 seconds
Concatenating /scratch/rohlfslab/abierly2/LongTR/longTR_pipeline_HG02164/HG02164.chr13.vcf.gz	0.759747 seconds
Concatenating /scratch/rohlfslab/abierly2/LongTR/longTR_pipeline_HG02164/HG02164.chr14.vcf.gz	0.742052 seconds
Concatenating /scratch/rohlfslab/abierly2/LongTR/longTR_pipeline_HG02164/HG02164.chr15.vcf.gz	0.705163 seconds
Concatenating /scratch/rohlfslab/abierly2/LongTR/longTR_pipeline_HG02164/HG02164.chr16.vcf.gz	0.737714 seconds
Concatenating /scratch/rohlfslab/abierly2/LongTR/longTR_pipeline_HG02164/HG02164.chr17.vcf.gz	0.784418 seconds
Concatenating /scratch/rohlfslab/abierly2/LongTR/longTR_pipeline_HG02164/HG02164.chr18.vcf.gz	0.551224 seconds
Concatenating /scratch/rohlfslab/abierly2/LongTR/longTR_pipeline_HG02164/HG02164.chr19.vcf.gz	0.670877 seconds
Concatenating /scratch/rohlfslab/abierly2/LongTR/longTR_pipeline_HG02164/HG02164.chr1.vcf.gz	2.028876 seconds
Concatenating /scratch/rohlfslab/abierly2/LongTR/longTR_pipeline_HG02164/HG02164.chr20.vcf.gz	0.479887 seconds
Concatenating /scratch/rohlfslab/abierly2/LongTR/longTR_pipeline_HG02164/HG02164.chr21.vcf.gz	0.268664 seconds
Concatenating /scratch/rohlfslab/abierly2/LongTR/longTR_pipeline_HG02164/HG02164.chr22.vcf.gz	0.338647 seconds
Concatenating /scratch/rohlfslab/abierly2/LongTR/longTR_pipeline_HG02164/HG02164.chr2.vcf.gz	1.998806 seconds
Concatenating /scratch/rohlfslab/abierly2/LongTR/longTR_pipeline_HG02164/HG02164.chr3.vcf.gz	1.603142 seconds
Concatenating /scratch/rohlfslab/abierly2/LongTR/longTR_pipeline_HG02164/HG02164.chr4.vcf.gz	1.505759 seconds
Concatenating /scratch/rohlfslab/abierly2/LongTR/longTR_pipeline_HG02164/HG02164.chr5.vcf.gz	1.437647 seconds
Concatenating /scratch/rohlfslab/abierly2/LongTR/longTR_pipeline_HG02164/HG02164.chr6.vcf.gz	1.398243 seconds
Concatenating /scratch/rohlfslab/abierly2/LongTR/longTR_pipeline_HG02164/HG02164.chr7.vcf.gz	1.343453 seconds
Concatenating /scratch/rohlfslab/abierly2/LongTR/longTR_pipeline_HG02164/HG02164.chr8.vcf.gz	1.151632 seconds
Concatenating /scratch/rohlfslab/abierly2/LongTR/longTR_pipeline_HG02164/HG02164.chr9.vcf.gz	0.996208 seconds
Concatenating /scratch/rohlfslab/abierly2/LongTR/longTR_pipeline_HG02164/HG02164.chrM.vcf.gz	0.000376 seconds
Concatenating /scratch/rohlfslab/abierly2/LongTR/longTR_pipeline_HG02164/HG02164.chrX.vcf.gz	1.170065 seconds
Concatenating /scratch/rohlfslab/abierly2/LongTR/longTR_pipeline_HG02164/HG02164.chrY.vcf.gz	0.000378 seconds
