Checking the headers and starting positions of 25 files
Concatenating /scratch/rohlfslab/abierly2/LongTR/longTR_pipeline_NA20530/NA20530.chr10.vcf.gz	0.822321 seconds
Concatenating /scratch/rohlfslab/abierly2/LongTR/longTR_pipeline_NA20530/NA20530.chr11.vcf.gz	0.781806 seconds
Concatenating /scratch/rohlfslab/abierly2/LongTR/longTR_pipeline_NA20530/NA20530.chr12.vcf.gz	0.850322 seconds
Concatenating /scratch/rohlfslab/abierly2/LongTR/longTR_pipeline_NA20530/NA20530.chr13.vcf.gz	0.548814 seconds
Concatenating /scratch/rohlfslab/abierly2/LongTR/longTR_pipeline_NA20530/NA20530.chr14.vcf.gz	0.554861 seconds
Concatenating /scratch/rohlfslab/abierly2/LongTR/longTR_pipeline_NA20530/NA20530.chr15.vcf.gz	0.514342 seconds
Concatenating /scratch/rohlfslab/abierly2/LongTR/longTR_pipeline_NA20530/NA20530.chr16.vcf.gz	0.545851 seconds
Concatenating /scratch/rohlfslab/abierly2/LongTR/longTR_pipeline_NA20530/NA20530.chr17.vcf.gz	0.574527 seconds
Concatenating /scratch/rohlfslab/abierly2/LongTR/longTR_pipeline_NA20530/NA20530.chr18.vcf.gz	0.415959 seconds
Concatenating /scratch/rohlfslab/abierly2/LongTR/longTR_pipeline_NA20530/NA20530.chr19.vcf.gz	0.479538 seconds
Concatenating /scratch/rohlfslab/abierly2/LongTR/longTR_pipeline_NA20530/NA20530.chr1.vcf.gz	1.494783 seconds
Concatenating /scratch/rohlfslab/abierly2/LongTR/longTR_pipeline_NA20530/NA20530.chr20.vcf.gz	0.349581 seconds
Concatenating /scratch/rohlfslab/abierly2/LongTR/longTR_pipeline_NA20530/NA20530.chr21.vcf.gz	0.196632 seconds
Concatenating /scratch/rohlfslab/abierly2/LongTR/longTR_pipeline_NA20530/NA20530.chr22.vcf.gz	0.251574 seconds
Concatenating /scratch/rohlfslab/abierly2/LongTR/longTR_pipeline_NA20530/NA20530.chr2.vcf.gz	1.449077 seconds
Concatenating /scratch/rohlfslab/abierly2/LongTR/longTR_pipeline_NA20530/NA20530.chr3.vcf.gz	1.181344 seconds
Concatenating /scratch/rohlfslab/abierly2/LongTR/longTR_pipeline_NA20530/NA20530.chr4.vcf.gz	1.085363 seconds
Concatenating /scratch/rohlfslab/abierly2/LongTR/longTR_pipeline_NA20530/NA20530.chr5.vcf.gz	1.045465 seconds
Concatenating /scratch/rohlfslab/abierly2/LongTR/longTR_pipeline_NA20530/NA20530.chr6.vcf.gz	1.011041 seconds
Concatenating /scratch/rohlfslab/abierly2/LongTR/longTR_pipeline_NA20530/NA20530.chr7.vcf.gz	0.963008 seconds
Concatenating /scratch/rohlfslab/abierly2/LongTR/longTR_pipeline_NA20530/NA20530.chr8.vcf.gz	0.835719 seconds
Concatenating /scratch/rohlfslab/abierly2/LongTR/longTR_pipeline_NA20530/NA20530.chr9.vcf.gz	0.712578 seconds
Concatenating /scratch/rohlfslab/abierly2/LongTR/longTR_pipeline_NA20530/NA20530.chrM.vcf.gz	0.000326 seconds
Concatenating /scratch/rohlfslab/abierly2/LongTR/longTR_pipeline_NA20530/NA20530.chrX.vcf.gz	0.123700 seconds
Concatenating /scratch/rohlfslab/abierly2/LongTR/longTR_pipeline_NA20530/NA20530.chrY.vcf.gz	0.000276 seconds
