Checking the headers and starting positions of 25 files
Concatenating /scratch/rohlfslab/abierly2/LongTR/longTR_pipeline_HG01866/HG01866.chr10.vcf.gz	1.220782 seconds
Concatenating /scratch/rohlfslab/abierly2/LongTR/longTR_pipeline_HG01866/HG01866.chr11.vcf.gz	1.159966 seconds
Concatenating /scratch/rohlfslab/abierly2/LongTR/longTR_pipeline_HG01866/HG01866.chr12.vcf.gz	1.230628 seconds
Concatenating /scratch/rohlfslab/abierly2/LongTR/longTR_pipeline_HG01866/HG01866.chr13.vcf.gz	0.849934 seconds
Concatenating /scratch/rohlfslab/abierly2/LongTR/longTR_pipeline_HG01866/HG01866.chr14.vcf.gz	0.805666 seconds
Concatenating /scratch/rohlfslab/abierly2/LongTR/longTR_pipeline_HG01866/HG01866.chr15.vcf.gz	0.752972 seconds
Concatenating /scratch/rohlfslab/abierly2/LongTR/longTR_pipeline_HG01866/HG01866.chr16.vcf.gz	0.791443 seconds
Concatenating /scratch/rohlfslab/abierly2/LongTR/longTR_pipeline_HG01866/HG01866.chr17.vcf.gz	0.822265 seconds
Concatenating /scratch/rohlfslab/abierly2/LongTR/longTR_pipeline_HG01866/HG01866.chr18.vcf.gz	0.610912 seconds
Concatenating /scratch/rohlfslab/abierly2/LongTR/longTR_pipeline_HG01866/HG01866.chr19.vcf.gz	0.683946 seconds
Concatenating /scratch/rohlfslab/abierly2/LongTR/longTR_pipeline_HG01866/HG01866.chr1.vcf.gz	2.165963 seconds
Concatenating /scratch/rohlfslab/abierly2/LongTR/longTR_pipeline_HG01866/HG01866.chr20.vcf.gz	0.511550 seconds
Concatenating /scratch/rohlfslab/abierly2/LongTR/longTR_pipeline_HG01866/HG01866.chr21.vcf.gz	0.297114 seconds
Concatenating /scratch/rohlfslab/abierly2/LongTR/longTR_pipeline_HG01866/HG01866.chr22.vcf.gz	0.359771 seconds
Concatenating /scratch/rohlfslab/abierly2/LongTR/longTR_pipeline_HG01866/HG01866.chr2.vcf.gz	2.170097 seconds
Concatenating /scratch/rohlfslab/abierly2/LongTR/longTR_pipeline_HG01866/HG01866.chr3.vcf.gz	1.749224 seconds
Concatenating /scratch/rohlfslab/abierly2/LongTR/longTR_pipeline_HG01866/HG01866.chr4.vcf.gz	1.654434 seconds
Concatenating /scratch/rohlfslab/abierly2/LongTR/longTR_pipeline_HG01866/HG01866.chr5.vcf.gz	1.564489 seconds
Concatenating /scratch/rohlfslab/abierly2/LongTR/longTR_pipeline_HG01866/HG01866.chr6.vcf.gz	1.513181 seconds
Concatenating /scratch/rohlfslab/abierly2/LongTR/longTR_pipeline_HG01866/HG01866.chr7.vcf.gz	1.452506 seconds
Concatenating /scratch/rohlfslab/abierly2/LongTR/longTR_pipeline_HG01866/HG01866.chr8.vcf.gz	1.265154 seconds
Concatenating /scratch/rohlfslab/abierly2/LongTR/longTR_pipeline_HG01866/HG01866.chr9.vcf.gz	1.071144 seconds
Concatenating /scratch/rohlfslab/abierly2/LongTR/longTR_pipeline_HG01866/HG01866.chrM.vcf.gz	0.000319 seconds
Concatenating /scratch/rohlfslab/abierly2/LongTR/longTR_pipeline_HG01866/HG01866.chrX.vcf.gz	0.700028 seconds
Concatenating /scratch/rohlfslab/abierly2/LongTR/longTR_pipeline_HG01866/HG01866.chrY.vcf.gz	0.033926 seconds
