Checking the headers and starting positions of 25 files
Concatenating /scratch/rohlfslab/abierly2/LongTR/longTR_pipeline_HG01935/HG01935.chr10.vcf.gz	0.935498 seconds
Concatenating /scratch/rohlfslab/abierly2/LongTR/longTR_pipeline_HG01935/HG01935.chr11.vcf.gz	0.875653 seconds
Concatenating /scratch/rohlfslab/abierly2/LongTR/longTR_pipeline_HG01935/HG01935.chr12.vcf.gz	0.922702 seconds
Concatenating /scratch/rohlfslab/abierly2/LongTR/longTR_pipeline_HG01935/HG01935.chr13.vcf.gz	0.644015 seconds
Concatenating /scratch/rohlfslab/abierly2/LongTR/longTR_pipeline_HG01935/HG01935.chr14.vcf.gz	0.607886 seconds
Concatenating /scratch/rohlfslab/abierly2/LongTR/longTR_pipeline_HG01935/HG01935.chr15.vcf.gz	0.575903 seconds
Concatenating /scratch/rohlfslab/abierly2/LongTR/longTR_pipeline_HG01935/HG01935.chr16.vcf.gz	0.610937 seconds
Concatenating /scratch/rohlfslab/abierly2/LongTR/longTR_pipeline_HG01935/HG01935.chr17.vcf.gz	0.635256 seconds
Concatenating /scratch/rohlfslab/abierly2/LongTR/longTR_pipeline_HG01935/HG01935.chr18.vcf.gz	0.465153 seconds
Concatenating /scratch/rohlfslab/abierly2/LongTR/longTR_pipeline_HG01935/HG01935.chr19.vcf.gz	0.546129 seconds
Concatenating /scratch/rohlfslab/abierly2/LongTR/longTR_pipeline_HG01935/HG01935.chr1.vcf.gz	1.637240 seconds
Concatenating /scratch/rohlfslab/abierly2/LongTR/longTR_pipeline_HG01935/HG01935.chr20.vcf.gz	0.392240 seconds
Concatenating /scratch/rohlfslab/abierly2/LongTR/longTR_pipeline_HG01935/HG01935.chr21.vcf.gz	0.237087 seconds
Concatenating /scratch/rohlfslab/abierly2/LongTR/longTR_pipeline_HG01935/HG01935.chr22.vcf.gz	0.270549 seconds
Concatenating /scratch/rohlfslab/abierly2/LongTR/longTR_pipeline_HG01935/HG01935.chr2.vcf.gz	1.644504 seconds
Concatenating /scratch/rohlfslab/abierly2/LongTR/longTR_pipeline_HG01935/HG01935.chr3.vcf.gz	1.309673 seconds
Concatenating /scratch/rohlfslab/abierly2/LongTR/longTR_pipeline_HG01935/HG01935.chr4.vcf.gz	1.245320 seconds
Concatenating /scratch/rohlfslab/abierly2/LongTR/longTR_pipeline_HG01935/HG01935.chr5.vcf.gz	1.181117 seconds
Concatenating /scratch/rohlfslab/abierly2/LongTR/longTR_pipeline_HG01935/HG01935.chr6.vcf.gz	1.140146 seconds
Concatenating /scratch/rohlfslab/abierly2/LongTR/longTR_pipeline_HG01935/HG01935.chr7.vcf.gz	1.101476 seconds
Concatenating /scratch/rohlfslab/abierly2/LongTR/longTR_pipeline_HG01935/HG01935.chr8.vcf.gz	0.949880 seconds
Concatenating /scratch/rohlfslab/abierly2/LongTR/longTR_pipeline_HG01935/HG01935.chr9.vcf.gz	0.813521 seconds
Concatenating /scratch/rohlfslab/abierly2/LongTR/longTR_pipeline_HG01935/HG01935.chrM.vcf.gz	0.000320 seconds
Concatenating /scratch/rohlfslab/abierly2/LongTR/longTR_pipeline_HG01935/HG01935.chrX.vcf.gz	0.156691 seconds
Concatenating /scratch/rohlfslab/abierly2/LongTR/longTR_pipeline_HG01935/HG01935.chrY.vcf.gz	0.006260 seconds
