Checking the headers and starting positions of 25 files
Concatenating /scratch/rohlfslab/abierly2/LongTR/longTR_pipeline_HG00419/HG00419.chr10.vcf.gz	1.161491 seconds
Concatenating /scratch/rohlfslab/abierly2/LongTR/longTR_pipeline_HG00419/HG00419.chr11.vcf.gz	1.107957 seconds
Concatenating /scratch/rohlfslab/abierly2/LongTR/longTR_pipeline_HG00419/HG00419.chr12.vcf.gz	1.180874 seconds
Concatenating /scratch/rohlfslab/abierly2/LongTR/longTR_pipeline_HG00419/HG00419.chr13.vcf.gz	0.828083 seconds
Concatenating /scratch/rohlfslab/abierly2/LongTR/longTR_pipeline_HG00419/HG00419.chr14.vcf.gz	0.771663 seconds
Concatenating /scratch/rohlfslab/abierly2/LongTR/longTR_pipeline_HG00419/HG00419.chr15.vcf.gz	0.718655 seconds
Concatenating /scratch/rohlfslab/abierly2/LongTR/longTR_pipeline_HG00419/HG00419.chr16.vcf.gz	0.719970 seconds
Concatenating /scratch/rohlfslab/abierly2/LongTR/longTR_pipeline_HG00419/HG00419.chr17.vcf.gz	0.767955 seconds
Concatenating /scratch/rohlfslab/abierly2/LongTR/longTR_pipeline_HG00419/HG00419.chr18.vcf.gz	0.591680 seconds
Concatenating /scratch/rohlfslab/abierly2/LongTR/longTR_pipeline_HG00419/HG00419.chr19.vcf.gz	0.604444 seconds
Concatenating /scratch/rohlfslab/abierly2/LongTR/longTR_pipeline_HG00419/HG00419.chr1.vcf.gz	2.089084 seconds
Concatenating /scratch/rohlfslab/abierly2/LongTR/longTR_pipeline_HG00419/HG00419.chr20.vcf.gz	0.480012 seconds
Concatenating /scratch/rohlfslab/abierly2/LongTR/longTR_pipeline_HG00419/HG00419.chr21.vcf.gz	0.282185 seconds
Concatenating /scratch/rohlfslab/abierly2/LongTR/longTR_pipeline_HG00419/HG00419.chr22.vcf.gz	0.326581 seconds
Concatenating /scratch/rohlfslab/abierly2/LongTR/longTR_pipeline_HG00419/HG00419.chr2.vcf.gz	2.089614 seconds
Concatenating /scratch/rohlfslab/abierly2/LongTR/longTR_pipeline_HG00419/HG00419.chr3.vcf.gz	1.665988 seconds
Concatenating /scratch/rohlfslab/abierly2/LongTR/longTR_pipeline_HG00419/HG00419.chr4.vcf.gz	1.637711 seconds
Concatenating /scratch/rohlfslab/abierly2/LongTR/longTR_pipeline_HG00419/HG00419.chr5.vcf.gz	1.506874 seconds
Concatenating /scratch/rohlfslab/abierly2/LongTR/longTR_pipeline_HG00419/HG00419.chr6.vcf.gz	1.453896 seconds
Concatenating /scratch/rohlfslab/abierly2/LongTR/longTR_pipeline_HG00419/HG00419.chr7.vcf.gz	1.381262 seconds
Concatenating /scratch/rohlfslab/abierly2/LongTR/longTR_pipeline_HG00419/HG00419.chr8.vcf.gz	1.269576 seconds
Concatenating /scratch/rohlfslab/abierly2/LongTR/longTR_pipeline_HG00419/HG00419.chr9.vcf.gz	1.022423 seconds
Concatenating /scratch/rohlfslab/abierly2/LongTR/longTR_pipeline_HG00419/HG00419.chrM.vcf.gz	0.000325 seconds
Concatenating /scratch/rohlfslab/abierly2/LongTR/longTR_pipeline_HG00419/HG00419.chrX.vcf.gz	1.255857 seconds
Concatenating /scratch/rohlfslab/abierly2/LongTR/longTR_pipeline_HG00419/HG00419.chrY.vcf.gz	0.000355 seconds
