Checking the headers and starting positions of 25 files
Concatenating /scratch/rohlfslab/abierly2/LongTR/longTR_pipeline_HG01923/HG01923.chr10.vcf.gz	0.816161 seconds
Concatenating /scratch/rohlfslab/abierly2/LongTR/longTR_pipeline_HG01923/HG01923.chr11.vcf.gz	0.783209 seconds
Concatenating /scratch/rohlfslab/abierly2/LongTR/longTR_pipeline_HG01923/HG01923.chr12.vcf.gz	0.852005 seconds
Concatenating /scratch/rohlfslab/abierly2/LongTR/longTR_pipeline_HG01923/HG01923.chr13.vcf.gz	0.546462 seconds
Concatenating /scratch/rohlfslab/abierly2/LongTR/longTR_pipeline_HG01923/HG01923.chr14.vcf.gz	0.551126 seconds
Concatenating /scratch/rohlfslab/abierly2/LongTR/longTR_pipeline_HG01923/HG01923.chr15.vcf.gz	0.515641 seconds
Concatenating /scratch/rohlfslab/abierly2/LongTR/longTR_pipeline_HG01923/HG01923.chr16.vcf.gz	0.536115 seconds
Concatenating /scratch/rohlfslab/abierly2/LongTR/longTR_pipeline_HG01923/HG01923.chr17.vcf.gz	0.578098 seconds
Concatenating /scratch/rohlfslab/abierly2/LongTR/longTR_pipeline_HG01923/HG01923.chr18.vcf.gz	0.387585 seconds
Concatenating /scratch/rohlfslab/abierly2/LongTR/longTR_pipeline_HG01923/HG01923.chr19.vcf.gz	0.516539 seconds
Concatenating /scratch/rohlfslab/abierly2/LongTR/longTR_pipeline_HG01923/HG01923.chr1.vcf.gz	1.499629 seconds
Concatenating /scratch/rohlfslab/abierly2/LongTR/longTR_pipeline_HG01923/HG01923.chr20.vcf.gz	0.338338 seconds
Concatenating /scratch/rohlfslab/abierly2/LongTR/longTR_pipeline_HG01923/HG01923.chr21.vcf.gz	0.196678 seconds
Concatenating /scratch/rohlfslab/abierly2/LongTR/longTR_pipeline_HG01923/HG01923.chr22.vcf.gz	0.250172 seconds
Concatenating /scratch/rohlfslab/abierly2/LongTR/longTR_pipeline_HG01923/HG01923.chr2.vcf.gz	1.451897 seconds
Concatenating /scratch/rohlfslab/abierly2/LongTR/longTR_pipeline_HG01923/HG01923.chr3.vcf.gz	1.145338 seconds
Concatenating /scratch/rohlfslab/abierly2/LongTR/longTR_pipeline_HG01923/HG01923.chr4.vcf.gz	1.066961 seconds
Concatenating /scratch/rohlfslab/abierly2/LongTR/longTR_pipeline_HG01923/HG01923.chr5.vcf.gz	1.040916 seconds
Concatenating /scratch/rohlfslab/abierly2/LongTR/longTR_pipeline_HG01923/HG01923.chr6.vcf.gz	1.020101 seconds
Concatenating /scratch/rohlfslab/abierly2/LongTR/longTR_pipeline_HG01923/HG01923.chr7.vcf.gz	0.955219 seconds
Concatenating /scratch/rohlfslab/abierly2/LongTR/longTR_pipeline_HG01923/HG01923.chr8.vcf.gz	0.828314 seconds
Concatenating /scratch/rohlfslab/abierly2/LongTR/longTR_pipeline_HG01923/HG01923.chr9.vcf.gz	0.713971 seconds
Concatenating /scratch/rohlfslab/abierly2/LongTR/longTR_pipeline_HG01923/HG01923.chrM.vcf.gz	0.002025 seconds
Concatenating /scratch/rohlfslab/abierly2/LongTR/longTR_pipeline_HG01923/HG01923.chrX.vcf.gz	0.124292 seconds
Concatenating /scratch/rohlfslab/abierly2/LongTR/longTR_pipeline_HG01923/HG01923.chrY.vcf.gz	0.004314 seconds
