Checking the headers and starting positions of 25 files
Concatenating /scratch/rohlfslab/abierly2/LongTR/longTR_pipeline_HG01086/HG01086.chr10.vcf.gz	0.747350 seconds
Concatenating /scratch/rohlfslab/abierly2/LongTR/longTR_pipeline_HG01086/HG01086.chr11.vcf.gz	0.739662 seconds
Concatenating /scratch/rohlfslab/abierly2/LongTR/longTR_pipeline_HG01086/HG01086.chr12.vcf.gz	0.769627 seconds
Concatenating /scratch/rohlfslab/abierly2/LongTR/longTR_pipeline_HG01086/HG01086.chr13.vcf.gz	0.514027 seconds
Concatenating /scratch/rohlfslab/abierly2/LongTR/longTR_pipeline_HG01086/HG01086.chr14.vcf.gz	0.511181 seconds
Concatenating /scratch/rohlfslab/abierly2/LongTR/longTR_pipeline_HG01086/HG01086.chr15.vcf.gz	0.475931 seconds
Concatenating /scratch/rohlfslab/abierly2/LongTR/longTR_pipeline_HG01086/HG01086.chr16.vcf.gz	0.485847 seconds
Concatenating /scratch/rohlfslab/abierly2/LongTR/longTR_pipeline_HG01086/HG01086.chr17.vcf.gz	0.519261 seconds
Concatenating /scratch/rohlfslab/abierly2/LongTR/longTR_pipeline_HG01086/HG01086.chr18.vcf.gz	0.371105 seconds
Concatenating /scratch/rohlfslab/abierly2/LongTR/longTR_pipeline_HG01086/HG01086.chr19.vcf.gz	0.425333 seconds
Concatenating /scratch/rohlfslab/abierly2/LongTR/longTR_pipeline_HG01086/HG01086.chr1.vcf.gz	1.344790 seconds
Concatenating /scratch/rohlfslab/abierly2/LongTR/longTR_pipeline_HG01086/HG01086.chr20.vcf.gz	0.314336 seconds
Concatenating /scratch/rohlfslab/abierly2/LongTR/longTR_pipeline_HG01086/HG01086.chr21.vcf.gz	0.183519 seconds
Concatenating /scratch/rohlfslab/abierly2/LongTR/longTR_pipeline_HG01086/HG01086.chr22.vcf.gz	0.216542 seconds
Concatenating /scratch/rohlfslab/abierly2/LongTR/longTR_pipeline_HG01086/HG01086.chr2.vcf.gz	1.349377 seconds
Concatenating /scratch/rohlfslab/abierly2/LongTR/longTR_pipeline_HG01086/HG01086.chr3.vcf.gz	1.078438 seconds
Concatenating /scratch/rohlfslab/abierly2/LongTR/longTR_pipeline_HG01086/HG01086.chr4.vcf.gz	0.998859 seconds
Concatenating /scratch/rohlfslab/abierly2/LongTR/longTR_pipeline_HG01086/HG01086.chr5.vcf.gz	0.966434 seconds
Concatenating /scratch/rohlfslab/abierly2/LongTR/longTR_pipeline_HG01086/HG01086.chr6.vcf.gz	0.931405 seconds
Concatenating /scratch/rohlfslab/abierly2/LongTR/longTR_pipeline_HG01086/HG01086.chr7.vcf.gz	0.886015 seconds
Concatenating /scratch/rohlfslab/abierly2/LongTR/longTR_pipeline_HG01086/HG01086.chr8.vcf.gz	0.762534 seconds
Concatenating /scratch/rohlfslab/abierly2/LongTR/longTR_pipeline_HG01086/HG01086.chr9.vcf.gz	0.653543 seconds
Concatenating /scratch/rohlfslab/abierly2/LongTR/longTR_pipeline_HG01086/HG01086.chrM.vcf.gz	0.000304 seconds
Concatenating /scratch/rohlfslab/abierly2/LongTR/longTR_pipeline_HG01086/HG01086.chrX.vcf.gz	0.746489 seconds
Concatenating /scratch/rohlfslab/abierly2/LongTR/longTR_pipeline_HG01086/HG01086.chrY.vcf.gz	0.000295 seconds
