Checking the headers and starting positions of 25 files
Concatenating /scratch/rohlfslab/abierly2/LongTR/longTR_pipeline_HG01965/HG01965.chr10.vcf.gz	0.017504 seconds
Concatenating /scratch/rohlfslab/abierly2/LongTR/longTR_pipeline_HG01965/HG01965.chr11.vcf.gz	0.017178 seconds
Concatenating /scratch/rohlfslab/abierly2/LongTR/longTR_pipeline_HG01965/HG01965.chr12.vcf.gz	0.020033 seconds
Concatenating /scratch/rohlfslab/abierly2/LongTR/longTR_pipeline_HG01965/HG01965.chr13.vcf.gz	0.009827 seconds
Concatenating /scratch/rohlfslab/abierly2/LongTR/longTR_pipeline_HG01965/HG01965.chr14.vcf.gz	0.014691 seconds
Concatenating /scratch/rohlfslab/abierly2/LongTR/longTR_pipeline_HG01965/HG01965.chr15.vcf.gz	0.009509 seconds
Concatenating /scratch/rohlfslab/abierly2/LongTR/longTR_pipeline_HG01965/HG01965.chr16.vcf.gz	0.012891 seconds
Concatenating /scratch/rohlfslab/abierly2/LongTR/longTR_pipeline_HG01965/HG01965.chr17.vcf.gz	0.014540 seconds
Concatenating /scratch/rohlfslab/abierly2/LongTR/longTR_pipeline_HG01965/HG01965.chr18.vcf.gz	0.009442 seconds
Concatenating /scratch/rohlfslab/abierly2/LongTR/longTR_pipeline_HG01965/HG01965.chr19.vcf.gz	0.018647 seconds
Concatenating /scratch/rohlfslab/abierly2/LongTR/longTR_pipeline_HG01965/HG01965.chr1.vcf.gz	0.032820 seconds
Concatenating /scratch/rohlfslab/abierly2/LongTR/longTR_pipeline_HG01965/HG01965.chr20.vcf.gz	0.007733 seconds
Concatenating /scratch/rohlfslab/abierly2/LongTR/longTR_pipeline_HG01965/HG01965.chr21.vcf.gz	0.005927 seconds
Concatenating /scratch/rohlfslab/abierly2/LongTR/longTR_pipeline_HG01965/HG01965.chr22.vcf.gz	0.004108 seconds
Concatenating /scratch/rohlfslab/abierly2/LongTR/longTR_pipeline_HG01965/HG01965.chr2.vcf.gz	0.030930 seconds
Concatenating /scratch/rohlfslab/abierly2/LongTR/longTR_pipeline_HG01965/HG01965.chr3.vcf.gz	0.022162 seconds
Concatenating /scratch/rohlfslab/abierly2/LongTR/longTR_pipeline_HG01965/HG01965.chr4.vcf.gz	0.020493 seconds
Concatenating /scratch/rohlfslab/abierly2/LongTR/longTR_pipeline_HG01965/HG01965.chr5.vcf.gz	0.022513 seconds
Concatenating /scratch/rohlfslab/abierly2/LongTR/longTR_pipeline_HG01965/HG01965.chr6.vcf.gz	0.018746 seconds
Concatenating /scratch/rohlfslab/abierly2/LongTR/longTR_pipeline_HG01965/HG01965.chr7.vcf.gz	0.023654 seconds
Concatenating /scratch/rohlfslab/abierly2/LongTR/longTR_pipeline_HG01965/HG01965.chr8.vcf.gz	0.016636 seconds
Concatenating /scratch/rohlfslab/abierly2/LongTR/longTR_pipeline_HG01965/HG01965.chr9.vcf.gz	0.015154 seconds
Concatenating /scratch/rohlfslab/abierly2/LongTR/longTR_pipeline_HG01965/HG01965.chrM.vcf.gz	0.000289 seconds
Concatenating /scratch/rohlfslab/abierly2/LongTR/longTR_pipeline_HG01965/HG01965.chrX.vcf.gz	0.014807 seconds
Concatenating /scratch/rohlfslab/abierly2/LongTR/longTR_pipeline_HG01965/HG01965.chrY.vcf.gz	0.000273 seconds
