Checking the headers and starting positions of 25 files
Concatenating /scratch/rohlfslab/abierly2/LongTR/longTR_pipeline_HG00759/HG00759.chr10.vcf.gz	1.255468 seconds
Concatenating /scratch/rohlfslab/abierly2/LongTR/longTR_pipeline_HG00759/HG00759.chr11.vcf.gz	1.195087 seconds
Concatenating /scratch/rohlfslab/abierly2/LongTR/longTR_pipeline_HG00759/HG00759.chr12.vcf.gz	1.262856 seconds
Concatenating /scratch/rohlfslab/abierly2/LongTR/longTR_pipeline_HG00759/HG00759.chr13.vcf.gz	0.875903 seconds
Concatenating /scratch/rohlfslab/abierly2/LongTR/longTR_pipeline_HG00759/HG00759.chr14.vcf.gz	0.832527 seconds
Concatenating /scratch/rohlfslab/abierly2/LongTR/longTR_pipeline_HG00759/HG00759.chr15.vcf.gz	0.775341 seconds
Concatenating /scratch/rohlfslab/abierly2/LongTR/longTR_pipeline_HG00759/HG00759.chr16.vcf.gz	0.826814 seconds
Concatenating /scratch/rohlfslab/abierly2/LongTR/longTR_pipeline_HG00759/HG00759.chr17.vcf.gz	0.845463 seconds
Concatenating /scratch/rohlfslab/abierly2/LongTR/longTR_pipeline_HG00759/HG00759.chr18.vcf.gz	0.627340 seconds
Concatenating /scratch/rohlfslab/abierly2/LongTR/longTR_pipeline_HG00759/HG00759.chr19.vcf.gz	0.713702 seconds
Concatenating /scratch/rohlfslab/abierly2/LongTR/longTR_pipeline_HG00759/HG00759.chr1.vcf.gz	2.264318 seconds
Concatenating /scratch/rohlfslab/abierly2/LongTR/longTR_pipeline_HG00759/HG00759.chr20.vcf.gz	0.527305 seconds
Concatenating /scratch/rohlfslab/abierly2/LongTR/longTR_pipeline_HG00759/HG00759.chr21.vcf.gz	0.303259 seconds
Concatenating /scratch/rohlfslab/abierly2/LongTR/longTR_pipeline_HG00759/HG00759.chr22.vcf.gz	0.366649 seconds
Concatenating /scratch/rohlfslab/abierly2/LongTR/longTR_pipeline_HG00759/HG00759.chr2.vcf.gz	2.234110 seconds
Concatenating /scratch/rohlfslab/abierly2/LongTR/longTR_pipeline_HG00759/HG00759.chr3.vcf.gz	1.786539 seconds
Concatenating /scratch/rohlfslab/abierly2/LongTR/longTR_pipeline_HG00759/HG00759.chr4.vcf.gz	1.729403 seconds
Concatenating /scratch/rohlfslab/abierly2/LongTR/longTR_pipeline_HG00759/HG00759.chr5.vcf.gz	1.616230 seconds
Concatenating /scratch/rohlfslab/abierly2/LongTR/longTR_pipeline_HG00759/HG00759.chr6.vcf.gz	1.567494 seconds
Concatenating /scratch/rohlfslab/abierly2/LongTR/longTR_pipeline_HG00759/HG00759.chr7.vcf.gz	1.504032 seconds
Concatenating /scratch/rohlfslab/abierly2/LongTR/longTR_pipeline_HG00759/HG00759.chr8.vcf.gz	1.298538 seconds
Concatenating /scratch/rohlfslab/abierly2/LongTR/longTR_pipeline_HG00759/HG00759.chr9.vcf.gz	1.097953 seconds
Concatenating /scratch/rohlfslab/abierly2/LongTR/longTR_pipeline_HG00759/HG00759.chrM.vcf.gz	0.000329 seconds
Concatenating /scratch/rohlfslab/abierly2/LongTR/longTR_pipeline_HG00759/HG00759.chrX.vcf.gz	1.348619 seconds
Concatenating /scratch/rohlfslab/abierly2/LongTR/longTR_pipeline_HG00759/HG00759.chrY.vcf.gz	0.000287 seconds
