Checking the headers and starting positions of 25 files
Concatenating /scratch/rohlfslab/abierly2/LongTR/longTR_pipeline_HG01518/HG01518.chr10.vcf.gz	1.250959 seconds
Concatenating /scratch/rohlfslab/abierly2/LongTR/longTR_pipeline_HG01518/HG01518.chr11.vcf.gz	1.193792 seconds
Concatenating /scratch/rohlfslab/abierly2/LongTR/longTR_pipeline_HG01518/HG01518.chr12.vcf.gz	1.255050 seconds
Concatenating /scratch/rohlfslab/abierly2/LongTR/longTR_pipeline_HG01518/HG01518.chr13.vcf.gz	0.862931 seconds
Concatenating /scratch/rohlfslab/abierly2/LongTR/longTR_pipeline_HG01518/HG01518.chr14.vcf.gz	0.819745 seconds
Concatenating /scratch/rohlfslab/abierly2/LongTR/longTR_pipeline_HG01518/HG01518.chr15.vcf.gz	0.770033 seconds
Concatenating /scratch/rohlfslab/abierly2/LongTR/longTR_pipeline_HG01518/HG01518.chr16.vcf.gz	0.806122 seconds
Concatenating /scratch/rohlfslab/abierly2/LongTR/longTR_pipeline_HG01518/HG01518.chr17.vcf.gz	0.840347 seconds
Concatenating /scratch/rohlfslab/abierly2/LongTR/longTR_pipeline_HG01518/HG01518.chr18.vcf.gz	0.620430 seconds
Concatenating /scratch/rohlfslab/abierly2/LongTR/longTR_pipeline_HG01518/HG01518.chr19.vcf.gz	0.696376 seconds
Concatenating /scratch/rohlfslab/abierly2/LongTR/longTR_pipeline_HG01518/HG01518.chr1.vcf.gz	2.206954 seconds
Concatenating /scratch/rohlfslab/abierly2/LongTR/longTR_pipeline_HG01518/HG01518.chr20.vcf.gz	0.521032 seconds
Concatenating /scratch/rohlfslab/abierly2/LongTR/longTR_pipeline_HG01518/HG01518.chr21.vcf.gz	0.300794 seconds
Concatenating /scratch/rohlfslab/abierly2/LongTR/longTR_pipeline_HG01518/HG01518.chr22.vcf.gz	0.365298 seconds
Concatenating /scratch/rohlfslab/abierly2/LongTR/longTR_pipeline_HG01518/HG01518.chr2.vcf.gz	2.207360 seconds
Concatenating /scratch/rohlfslab/abierly2/LongTR/longTR_pipeline_HG01518/HG01518.chr3.vcf.gz	1.784599 seconds
Concatenating /scratch/rohlfslab/abierly2/LongTR/longTR_pipeline_HG01518/HG01518.chr4.vcf.gz	1.684399 seconds
Concatenating /scratch/rohlfslab/abierly2/LongTR/longTR_pipeline_HG01518/HG01518.chr5.vcf.gz	1.593796 seconds
Concatenating /scratch/rohlfslab/abierly2/LongTR/longTR_pipeline_HG01518/HG01518.chr6.vcf.gz	1.539572 seconds
Concatenating /scratch/rohlfslab/abierly2/LongTR/longTR_pipeline_HG01518/HG01518.chr7.vcf.gz	1.485272 seconds
Concatenating /scratch/rohlfslab/abierly2/LongTR/longTR_pipeline_HG01518/HG01518.chr8.vcf.gz	1.278463 seconds
Concatenating /scratch/rohlfslab/abierly2/LongTR/longTR_pipeline_HG01518/HG01518.chr9.vcf.gz	1.132944 seconds
Concatenating /scratch/rohlfslab/abierly2/LongTR/longTR_pipeline_HG01518/HG01518.chrM.vcf.gz	0.000303 seconds
Concatenating /scratch/rohlfslab/abierly2/LongTR/longTR_pipeline_HG01518/HG01518.chrX.vcf.gz	0.923237 seconds
Concatenating /scratch/rohlfslab/abierly2/LongTR/longTR_pipeline_HG01518/HG01518.chrY.vcf.gz	0.042736 seconds
