Checking the headers and starting positions of 25 files
Concatenating /scratch/rohlfslab/abierly2/LongTR/longTR_pipeline_HG00596/HG00596.chr10.vcf.gz	1.252476 seconds
Concatenating /scratch/rohlfslab/abierly2/LongTR/longTR_pipeline_HG00596/HG00596.chr11.vcf.gz	1.198022 seconds
Concatenating /scratch/rohlfslab/abierly2/LongTR/longTR_pipeline_HG00596/HG00596.chr12.vcf.gz	1.260929 seconds
Concatenating /scratch/rohlfslab/abierly2/LongTR/longTR_pipeline_HG00596/HG00596.chr13.vcf.gz	0.877732 seconds
Concatenating /scratch/rohlfslab/abierly2/LongTR/longTR_pipeline_HG00596/HG00596.chr14.vcf.gz	0.831261 seconds
Concatenating /scratch/rohlfslab/abierly2/LongTR/longTR_pipeline_HG00596/HG00596.chr15.vcf.gz	0.777369 seconds
Concatenating /scratch/rohlfslab/abierly2/LongTR/longTR_pipeline_HG00596/HG00596.chr16.vcf.gz	0.810331 seconds
Concatenating /scratch/rohlfslab/abierly2/LongTR/longTR_pipeline_HG00596/HG00596.chr17.vcf.gz	0.843804 seconds
Concatenating /scratch/rohlfslab/abierly2/LongTR/longTR_pipeline_HG00596/HG00596.chr18.vcf.gz	0.629541 seconds
Concatenating /scratch/rohlfslab/abierly2/LongTR/longTR_pipeline_HG00596/HG00596.chr19.vcf.gz	0.697223 seconds
Concatenating /scratch/rohlfslab/abierly2/LongTR/longTR_pipeline_HG00596/HG00596.chr1.vcf.gz	2.227260 seconds
Concatenating /scratch/rohlfslab/abierly2/LongTR/longTR_pipeline_HG00596/HG00596.chr20.vcf.gz	0.526951 seconds
Concatenating /scratch/rohlfslab/abierly2/LongTR/longTR_pipeline_HG00596/HG00596.chr21.vcf.gz	0.305458 seconds
Concatenating /scratch/rohlfslab/abierly2/LongTR/longTR_pipeline_HG00596/HG00596.chr22.vcf.gz	0.367636 seconds
Concatenating /scratch/rohlfslab/abierly2/LongTR/longTR_pipeline_HG00596/HG00596.chr2.vcf.gz	2.225367 seconds
Concatenating /scratch/rohlfslab/abierly2/LongTR/longTR_pipeline_HG00596/HG00596.chr3.vcf.gz	1.776733 seconds
Concatenating /scratch/rohlfslab/abierly2/LongTR/longTR_pipeline_HG00596/HG00596.chr4.vcf.gz	1.715006 seconds
Concatenating /scratch/rohlfslab/abierly2/LongTR/longTR_pipeline_HG00596/HG00596.chr5.vcf.gz	1.609012 seconds
Concatenating /scratch/rohlfslab/abierly2/LongTR/longTR_pipeline_HG00596/HG00596.chr6.vcf.gz	1.551433 seconds
Concatenating /scratch/rohlfslab/abierly2/LongTR/longTR_pipeline_HG00596/HG00596.chr7.vcf.gz	1.496204 seconds
Concatenating /scratch/rohlfslab/abierly2/LongTR/longTR_pipeline_HG00596/HG00596.chr8.vcf.gz	1.297579 seconds
Concatenating /scratch/rohlfslab/abierly2/LongTR/longTR_pipeline_HG00596/HG00596.chr9.vcf.gz	1.097201 seconds
Concatenating /scratch/rohlfslab/abierly2/LongTR/longTR_pipeline_HG00596/HG00596.chrM.vcf.gz	0.000390 seconds
Concatenating /scratch/rohlfslab/abierly2/LongTR/longTR_pipeline_HG00596/HG00596.chrX.vcf.gz	1.341191 seconds
Concatenating /scratch/rohlfslab/abierly2/LongTR/longTR_pipeline_HG00596/HG00596.chrY.vcf.gz	0.000379 seconds
