Checking the headers and starting positions of 25 files
Concatenating /scratch/rohlfslab/abierly2/LongTR/longTR_pipeline_HG01048/HG01048.chr10.vcf.gz	1.271685 seconds
Concatenating /scratch/rohlfslab/abierly2/LongTR/longTR_pipeline_HG01048/HG01048.chr11.vcf.gz	1.164268 seconds
Concatenating /scratch/rohlfslab/abierly2/LongTR/longTR_pipeline_HG01048/HG01048.chr12.vcf.gz	1.267421 seconds
Concatenating /scratch/rohlfslab/abierly2/LongTR/longTR_pipeline_HG01048/HG01048.chr13.vcf.gz	0.854221 seconds
Concatenating /scratch/rohlfslab/abierly2/LongTR/longTR_pipeline_HG01048/HG01048.chr14.vcf.gz	0.809738 seconds
Concatenating /scratch/rohlfslab/abierly2/LongTR/longTR_pipeline_HG01048/HG01048.chr15.vcf.gz	0.760243 seconds
Concatenating /scratch/rohlfslab/abierly2/LongTR/longTR_pipeline_HG01048/HG01048.chr16.vcf.gz	0.800317 seconds
Concatenating /scratch/rohlfslab/abierly2/LongTR/longTR_pipeline_HG01048/HG01048.chr17.vcf.gz	0.826838 seconds
Concatenating /scratch/rohlfslab/abierly2/LongTR/longTR_pipeline_HG01048/HG01048.chr18.vcf.gz	0.614312 seconds
Concatenating /scratch/rohlfslab/abierly2/LongTR/longTR_pipeline_HG01048/HG01048.chr19.vcf.gz	0.683611 seconds
Concatenating /scratch/rohlfslab/abierly2/LongTR/longTR_pipeline_HG01048/HG01048.chr1.vcf.gz	2.177299 seconds
Concatenating /scratch/rohlfslab/abierly2/LongTR/longTR_pipeline_HG01048/HG01048.chr20.vcf.gz	0.513533 seconds
Concatenating /scratch/rohlfslab/abierly2/LongTR/longTR_pipeline_HG01048/HG01048.chr21.vcf.gz	0.294526 seconds
Concatenating /scratch/rohlfslab/abierly2/LongTR/longTR_pipeline_HG01048/HG01048.chr22.vcf.gz	0.360542 seconds
Concatenating /scratch/rohlfslab/abierly2/LongTR/longTR_pipeline_HG01048/HG01048.chr2.vcf.gz	2.175640 seconds
Concatenating /scratch/rohlfslab/abierly2/LongTR/longTR_pipeline_HG01048/HG01048.chr3.vcf.gz	1.740651 seconds
Concatenating /scratch/rohlfslab/abierly2/LongTR/longTR_pipeline_HG01048/HG01048.chr4.vcf.gz	1.660853 seconds
Concatenating /scratch/rohlfslab/abierly2/LongTR/longTR_pipeline_HG01048/HG01048.chr5.vcf.gz	1.577867 seconds
Concatenating /scratch/rohlfslab/abierly2/LongTR/longTR_pipeline_HG01048/HG01048.chr6.vcf.gz	1.514582 seconds
Concatenating /scratch/rohlfslab/abierly2/LongTR/longTR_pipeline_HG01048/HG01048.chr7.vcf.gz	1.465986 seconds
Concatenating /scratch/rohlfslab/abierly2/LongTR/longTR_pipeline_HG01048/HG01048.chr8.vcf.gz	1.271140 seconds
Concatenating /scratch/rohlfslab/abierly2/LongTR/longTR_pipeline_HG01048/HG01048.chr9.vcf.gz	1.072722 seconds
Concatenating /scratch/rohlfslab/abierly2/LongTR/longTR_pipeline_HG01048/HG01048.chrM.vcf.gz	0.000342 seconds
Concatenating /scratch/rohlfslab/abierly2/LongTR/longTR_pipeline_HG01048/HG01048.chrX.vcf.gz	1.056362 seconds
Concatenating /scratch/rohlfslab/abierly2/LongTR/longTR_pipeline_HG01048/HG01048.chrY.vcf.gz	0.059362 seconds
