Checking the headers and starting positions of 25 files
Concatenating /scratch/rohlfslab/abierly2/LongTR/longTR_pipeline_HG00336/HG00336.chr10.vcf.gz	1.208235 seconds
Concatenating /scratch/rohlfslab/abierly2/LongTR/longTR_pipeline_HG00336/HG00336.chr11.vcf.gz	1.154629 seconds
Concatenating /scratch/rohlfslab/abierly2/LongTR/longTR_pipeline_HG00336/HG00336.chr12.vcf.gz	1.225333 seconds
Concatenating /scratch/rohlfslab/abierly2/LongTR/longTR_pipeline_HG00336/HG00336.chr13.vcf.gz	0.845830 seconds
Concatenating /scratch/rohlfslab/abierly2/LongTR/longTR_pipeline_HG00336/HG00336.chr14.vcf.gz	0.802620 seconds
Concatenating /scratch/rohlfslab/abierly2/LongTR/longTR_pipeline_HG00336/HG00336.chr15.vcf.gz	0.756303 seconds
Concatenating /scratch/rohlfslab/abierly2/LongTR/longTR_pipeline_HG00336/HG00336.chr16.vcf.gz	0.789577 seconds
Concatenating /scratch/rohlfslab/abierly2/LongTR/longTR_pipeline_HG00336/HG00336.chr17.vcf.gz	0.812091 seconds
Concatenating /scratch/rohlfslab/abierly2/LongTR/longTR_pipeline_HG00336/HG00336.chr18.vcf.gz	0.612691 seconds
Concatenating /scratch/rohlfslab/abierly2/LongTR/longTR_pipeline_HG00336/HG00336.chr19.vcf.gz	0.667793 seconds
Concatenating /scratch/rohlfslab/abierly2/LongTR/longTR_pipeline_HG00336/HG00336.chr1.vcf.gz	2.159406 seconds
Concatenating /scratch/rohlfslab/abierly2/LongTR/longTR_pipeline_HG00336/HG00336.chr20.vcf.gz	0.505293 seconds
Concatenating /scratch/rohlfslab/abierly2/LongTR/longTR_pipeline_HG00336/HG00336.chr21.vcf.gz	0.293152 seconds
Concatenating /scratch/rohlfslab/abierly2/LongTR/longTR_pipeline_HG00336/HG00336.chr22.vcf.gz	0.350177 seconds
Concatenating /scratch/rohlfslab/abierly2/LongTR/longTR_pipeline_HG00336/HG00336.chr2.vcf.gz	2.166430 seconds
Concatenating /scratch/rohlfslab/abierly2/LongTR/longTR_pipeline_HG00336/HG00336.chr3.vcf.gz	1.728968 seconds
Concatenating /scratch/rohlfslab/abierly2/LongTR/longTR_pipeline_HG00336/HG00336.chr4.vcf.gz	1.651124 seconds
Concatenating /scratch/rohlfslab/abierly2/LongTR/longTR_pipeline_HG00336/HG00336.chr5.vcf.gz	1.572955 seconds
Concatenating /scratch/rohlfslab/abierly2/LongTR/longTR_pipeline_HG00336/HG00336.chr6.vcf.gz	1.519088 seconds
Concatenating /scratch/rohlfslab/abierly2/LongTR/longTR_pipeline_HG00336/HG00336.chr7.vcf.gz	1.448035 seconds
Concatenating /scratch/rohlfslab/abierly2/LongTR/longTR_pipeline_HG00336/HG00336.chr8.vcf.gz	1.258818 seconds
Concatenating /scratch/rohlfslab/abierly2/LongTR/longTR_pipeline_HG00336/HG00336.chr9.vcf.gz	1.063769 seconds
Concatenating /scratch/rohlfslab/abierly2/LongTR/longTR_pipeline_HG00336/HG00336.chrM.vcf.gz	0.001567 seconds
Concatenating /scratch/rohlfslab/abierly2/LongTR/longTR_pipeline_HG00336/HG00336.chrX.vcf.gz	0.442945 seconds
Concatenating /scratch/rohlfslab/abierly2/LongTR/longTR_pipeline_HG00336/HG00336.chrY.vcf.gz	0.020512 seconds
