Checking the headers and starting positions of 25 files
Concatenating /scratch/rohlfslab/abierly2/LongTR/longTR_pipeline_HG00407/HG00407.chr10.vcf.gz	1.147525 seconds
Concatenating /scratch/rohlfslab/abierly2/LongTR/longTR_pipeline_HG00407/HG00407.chr11.vcf.gz	1.086765 seconds
Concatenating /scratch/rohlfslab/abierly2/LongTR/longTR_pipeline_HG00407/HG00407.chr12.vcf.gz	1.168849 seconds
Concatenating /scratch/rohlfslab/abierly2/LongTR/longTR_pipeline_HG00407/HG00407.chr13.vcf.gz	0.798564 seconds
Concatenating /scratch/rohlfslab/abierly2/LongTR/longTR_pipeline_HG00407/HG00407.chr14.vcf.gz	0.757463 seconds
Concatenating /scratch/rohlfslab/abierly2/LongTR/longTR_pipeline_HG00407/HG00407.chr15.vcf.gz	0.719280 seconds
Concatenating /scratch/rohlfslab/abierly2/LongTR/longTR_pipeline_HG00407/HG00407.chr16.vcf.gz	0.730239 seconds
Concatenating /scratch/rohlfslab/abierly2/LongTR/longTR_pipeline_HG00407/HG00407.chr17.vcf.gz	0.773661 seconds
Concatenating /scratch/rohlfslab/abierly2/LongTR/longTR_pipeline_HG00407/HG00407.chr18.vcf.gz	0.577247 seconds
Concatenating /scratch/rohlfslab/abierly2/LongTR/longTR_pipeline_HG00407/HG00407.chr19.vcf.gz	0.653891 seconds
Concatenating /scratch/rohlfslab/abierly2/LongTR/longTR_pipeline_HG00407/HG00407.chr1.vcf.gz	2.061645 seconds
Concatenating /scratch/rohlfslab/abierly2/LongTR/longTR_pipeline_HG00407/HG00407.chr20.vcf.gz	0.476477 seconds
Concatenating /scratch/rohlfslab/abierly2/LongTR/longTR_pipeline_HG00407/HG00407.chr21.vcf.gz	0.276482 seconds
Concatenating /scratch/rohlfslab/abierly2/LongTR/longTR_pipeline_HG00407/HG00407.chr22.vcf.gz	0.328214 seconds
Concatenating /scratch/rohlfslab/abierly2/LongTR/longTR_pipeline_HG00407/HG00407.chr2.vcf.gz	2.074254 seconds
Concatenating /scratch/rohlfslab/abierly2/LongTR/longTR_pipeline_HG00407/HG00407.chr3.vcf.gz	1.652141 seconds
Concatenating /scratch/rohlfslab/abierly2/LongTR/longTR_pipeline_HG00407/HG00407.chr4.vcf.gz	1.565440 seconds
Concatenating /scratch/rohlfslab/abierly2/LongTR/longTR_pipeline_HG00407/HG00407.chr5.vcf.gz	1.489903 seconds
Concatenating /scratch/rohlfslab/abierly2/LongTR/longTR_pipeline_HG00407/HG00407.chr6.vcf.gz	1.449621 seconds
Concatenating /scratch/rohlfslab/abierly2/LongTR/longTR_pipeline_HG00407/HG00407.chr7.vcf.gz	1.411002 seconds
Concatenating /scratch/rohlfslab/abierly2/LongTR/longTR_pipeline_HG00407/HG00407.chr8.vcf.gz	1.187410 seconds
Concatenating /scratch/rohlfslab/abierly2/LongTR/longTR_pipeline_HG00407/HG00407.chr9.vcf.gz	1.011993 seconds
Concatenating /scratch/rohlfslab/abierly2/LongTR/longTR_pipeline_HG00407/HG00407.chrM.vcf.gz	0.000321 seconds
Concatenating /scratch/rohlfslab/abierly2/LongTR/longTR_pipeline_HG00407/HG00407.chrX.vcf.gz	1.199822 seconds
Concatenating /scratch/rohlfslab/abierly2/LongTR/longTR_pipeline_HG00407/HG00407.chrY.vcf.gz	0.000311 seconds
