Checking the headers and starting positions of 25 files
Concatenating /scratch/rohlfslab/abierly2/LongTR/longTR_pipeline_HG02793/HG02793.chr10.vcf.gz	1.241657 seconds
Concatenating /scratch/rohlfslab/abierly2/LongTR/longTR_pipeline_HG02793/HG02793.chr11.vcf.gz	1.184207 seconds
Concatenating /scratch/rohlfslab/abierly2/LongTR/longTR_pipeline_HG02793/HG02793.chr12.vcf.gz	1.251767 seconds
Concatenating /scratch/rohlfslab/abierly2/LongTR/longTR_pipeline_HG02793/HG02793.chr13.vcf.gz	0.866987 seconds
Concatenating /scratch/rohlfslab/abierly2/LongTR/longTR_pipeline_HG02793/HG02793.chr14.vcf.gz	0.818439 seconds
Concatenating /scratch/rohlfslab/abierly2/LongTR/longTR_pipeline_HG02793/HG02793.chr15.vcf.gz	0.775280 seconds
Concatenating /scratch/rohlfslab/abierly2/LongTR/longTR_pipeline_HG02793/HG02793.chr16.vcf.gz	0.810213 seconds
Concatenating /scratch/rohlfslab/abierly2/LongTR/longTR_pipeline_HG02793/HG02793.chr17.vcf.gz	0.837274 seconds
Concatenating /scratch/rohlfslab/abierly2/LongTR/longTR_pipeline_HG02793/HG02793.chr18.vcf.gz	0.621062 seconds
Concatenating /scratch/rohlfslab/abierly2/LongTR/longTR_pipeline_HG02793/HG02793.chr19.vcf.gz	0.693621 seconds
Concatenating /scratch/rohlfslab/abierly2/LongTR/longTR_pipeline_HG02793/HG02793.chr1.vcf.gz	2.214674 seconds
Concatenating /scratch/rohlfslab/abierly2/LongTR/longTR_pipeline_HG02793/HG02793.chr20.vcf.gz	0.519953 seconds
Concatenating /scratch/rohlfslab/abierly2/LongTR/longTR_pipeline_HG02793/HG02793.chr21.vcf.gz	0.301508 seconds
Concatenating /scratch/rohlfslab/abierly2/LongTR/longTR_pipeline_HG02793/HG02793.chr22.vcf.gz	0.367607 seconds
Concatenating /scratch/rohlfslab/abierly2/LongTR/longTR_pipeline_HG02793/HG02793.chr2.vcf.gz	2.206376 seconds
Concatenating /scratch/rohlfslab/abierly2/LongTR/longTR_pipeline_HG02793/HG02793.chr3.vcf.gz	1.759316 seconds
Concatenating /scratch/rohlfslab/abierly2/LongTR/longTR_pipeline_HG02793/HG02793.chr4.vcf.gz	1.683133 seconds
Concatenating /scratch/rohlfslab/abierly2/LongTR/longTR_pipeline_HG02793/HG02793.chr5.vcf.gz	1.595106 seconds
Concatenating /scratch/rohlfslab/abierly2/LongTR/longTR_pipeline_HG02793/HG02793.chr6.vcf.gz	1.538111 seconds
Concatenating /scratch/rohlfslab/abierly2/LongTR/longTR_pipeline_HG02793/HG02793.chr7.vcf.gz	1.483303 seconds
Concatenating /scratch/rohlfslab/abierly2/LongTR/longTR_pipeline_HG02793/HG02793.chr8.vcf.gz	1.280817 seconds
Concatenating /scratch/rohlfslab/abierly2/LongTR/longTR_pipeline_HG02793/HG02793.chr9.vcf.gz	1.089206 seconds
Concatenating /scratch/rohlfslab/abierly2/LongTR/longTR_pipeline_HG02793/HG02793.chrM.vcf.gz	0.000381 seconds
Concatenating /scratch/rohlfslab/abierly2/LongTR/longTR_pipeline_HG02793/HG02793.chrX.vcf.gz	1.328936 seconds
Concatenating /scratch/rohlfslab/abierly2/LongTR/longTR_pipeline_HG02793/HG02793.chrY.vcf.gz	0.000384 seconds
