Checking the headers and starting positions of 25 files
Concatenating /scratch/rohlfslab/abierly2/LongTR/longTR_pipeline_HG00479/HG00479.chr10.vcf.gz	1.281621 seconds
Concatenating /scratch/rohlfslab/abierly2/LongTR/longTR_pipeline_HG00479/HG00479.chr11.vcf.gz	1.221835 seconds
Concatenating /scratch/rohlfslab/abierly2/LongTR/longTR_pipeline_HG00479/HG00479.chr12.vcf.gz	1.287027 seconds
Concatenating /scratch/rohlfslab/abierly2/LongTR/longTR_pipeline_HG00479/HG00479.chr13.vcf.gz	0.895729 seconds
Concatenating /scratch/rohlfslab/abierly2/LongTR/longTR_pipeline_HG00479/HG00479.chr14.vcf.gz	0.848051 seconds
Concatenating /scratch/rohlfslab/abierly2/LongTR/longTR_pipeline_HG00479/HG00479.chr15.vcf.gz	0.792107 seconds
Concatenating /scratch/rohlfslab/abierly2/LongTR/longTR_pipeline_HG00479/HG00479.chr16.vcf.gz	0.838392 seconds
Concatenating /scratch/rohlfslab/abierly2/LongTR/longTR_pipeline_HG00479/HG00479.chr17.vcf.gz	0.871192 seconds
Concatenating /scratch/rohlfslab/abierly2/LongTR/longTR_pipeline_HG00479/HG00479.chr18.vcf.gz	0.640058 seconds
Concatenating /scratch/rohlfslab/abierly2/LongTR/longTR_pipeline_HG00479/HG00479.chr19.vcf.gz	0.716822 seconds
Concatenating /scratch/rohlfslab/abierly2/LongTR/longTR_pipeline_HG00479/HG00479.chr1.vcf.gz	2.284253 seconds
Concatenating /scratch/rohlfslab/abierly2/LongTR/longTR_pipeline_HG00479/HG00479.chr20.vcf.gz	0.539703 seconds
Concatenating /scratch/rohlfslab/abierly2/LongTR/longTR_pipeline_HG00479/HG00479.chr21.vcf.gz	0.306938 seconds
Concatenating /scratch/rohlfslab/abierly2/LongTR/longTR_pipeline_HG00479/HG00479.chr22.vcf.gz	0.382148 seconds
Concatenating /scratch/rohlfslab/abierly2/LongTR/longTR_pipeline_HG00479/HG00479.chr2.vcf.gz	2.301495 seconds
Concatenating /scratch/rohlfslab/abierly2/LongTR/longTR_pipeline_HG00479/HG00479.chr3.vcf.gz	1.803685 seconds
Concatenating /scratch/rohlfslab/abierly2/LongTR/longTR_pipeline_HG00479/HG00479.chr4.vcf.gz	1.727886 seconds
Concatenating /scratch/rohlfslab/abierly2/LongTR/longTR_pipeline_HG00479/HG00479.chr5.vcf.gz	1.633484 seconds
Concatenating /scratch/rohlfslab/abierly2/LongTR/longTR_pipeline_HG00479/HG00479.chr6.vcf.gz	1.584002 seconds
Concatenating /scratch/rohlfslab/abierly2/LongTR/longTR_pipeline_HG00479/HG00479.chr7.vcf.gz	1.516110 seconds
Concatenating /scratch/rohlfslab/abierly2/LongTR/longTR_pipeline_HG00479/HG00479.chr8.vcf.gz	1.312742 seconds
Concatenating /scratch/rohlfslab/abierly2/LongTR/longTR_pipeline_HG00479/HG00479.chr9.vcf.gz	1.115815 seconds
Concatenating /scratch/rohlfslab/abierly2/LongTR/longTR_pipeline_HG00479/HG00479.chrM.vcf.gz	0.000359 seconds
Concatenating /scratch/rohlfslab/abierly2/LongTR/longTR_pipeline_HG00479/HG00479.chrX.vcf.gz	1.364965 seconds
Concatenating /scratch/rohlfslab/abierly2/LongTR/longTR_pipeline_HG00479/HG00479.chrY.vcf.gz	0.000363 seconds
