Checking the headers and starting positions of 25 files
Concatenating /scratch/rohlfslab/abierly2/LongTR/longTR_pipeline_NA20585/NA20585.chr10.vcf.gz	0.424641 seconds
Concatenating /scratch/rohlfslab/abierly2/LongTR/longTR_pipeline_NA20585/NA20585.chr11.vcf.gz	0.425909 seconds
Concatenating /scratch/rohlfslab/abierly2/LongTR/longTR_pipeline_NA20585/NA20585.chr12.vcf.gz	0.425942 seconds
Concatenating /scratch/rohlfslab/abierly2/LongTR/longTR_pipeline_NA20585/NA20585.chr13.vcf.gz	0.298697 seconds
Concatenating /scratch/rohlfslab/abierly2/LongTR/longTR_pipeline_NA20585/NA20585.chr14.vcf.gz	0.273779 seconds
Concatenating /scratch/rohlfslab/abierly2/LongTR/longTR_pipeline_NA20585/NA20585.chr15.vcf.gz	0.269026 seconds
Concatenating /scratch/rohlfslab/abierly2/LongTR/longTR_pipeline_NA20585/NA20585.chr16.vcf.gz	0.281055 seconds
Concatenating /scratch/rohlfslab/abierly2/LongTR/longTR_pipeline_NA20585/NA20585.chr17.vcf.gz	0.289489 seconds
Concatenating /scratch/rohlfslab/abierly2/LongTR/longTR_pipeline_NA20585/NA20585.chr18.vcf.gz	0.235302 seconds
Concatenating /scratch/rohlfslab/abierly2/LongTR/longTR_pipeline_NA20585/NA20585.chr19.vcf.gz	0.238366 seconds
Concatenating /scratch/rohlfslab/abierly2/LongTR/longTR_pipeline_NA20585/NA20585.chr1.vcf.gz	0.769048 seconds
Concatenating /scratch/rohlfslab/abierly2/LongTR/longTR_pipeline_NA20585/NA20585.chr20.vcf.gz	0.183217 seconds
Concatenating /scratch/rohlfslab/abierly2/LongTR/longTR_pipeline_NA20585/NA20585.chr21.vcf.gz	0.103011 seconds
Concatenating /scratch/rohlfslab/abierly2/LongTR/longTR_pipeline_NA20585/NA20585.chr22.vcf.gz	0.118534 seconds
Concatenating /scratch/rohlfslab/abierly2/LongTR/longTR_pipeline_NA20585/NA20585.chr2.vcf.gz	0.784895 seconds
Concatenating /scratch/rohlfslab/abierly2/LongTR/longTR_pipeline_NA20585/NA20585.chr3.vcf.gz	0.618152 seconds
Concatenating /scratch/rohlfslab/abierly2/LongTR/longTR_pipeline_NA20585/NA20585.chr4.vcf.gz	0.586655 seconds
Concatenating /scratch/rohlfslab/abierly2/LongTR/longTR_pipeline_NA20585/NA20585.chr5.vcf.gz	0.554725 seconds
Concatenating /scratch/rohlfslab/abierly2/LongTR/longTR_pipeline_NA20585/NA20585.chr6.vcf.gz	0.543815 seconds
Concatenating /scratch/rohlfslab/abierly2/LongTR/longTR_pipeline_NA20585/NA20585.chr7.vcf.gz	0.528247 seconds
Concatenating /scratch/rohlfslab/abierly2/LongTR/longTR_pipeline_NA20585/NA20585.chr8.vcf.gz	0.451795 seconds
Concatenating /scratch/rohlfslab/abierly2/LongTR/longTR_pipeline_NA20585/NA20585.chr9.vcf.gz	0.386856 seconds
Concatenating /scratch/rohlfslab/abierly2/LongTR/longTR_pipeline_NA20585/NA20585.chrM.vcf.gz	0.000284 seconds
Concatenating /scratch/rohlfslab/abierly2/LongTR/longTR_pipeline_NA20585/NA20585.chrX.vcf.gz	0.461513 seconds
Concatenating /scratch/rohlfslab/abierly2/LongTR/longTR_pipeline_NA20585/NA20585.chrY.vcf.gz	0.000279 seconds
