Checking the headers and starting positions of 25 files
Concatenating /scratch/rohlfslab/abierly2/LongTR/longTR_pipeline_HG03870/HG03870.chr10.vcf.gz	0.749883 seconds
Concatenating /scratch/rohlfslab/abierly2/LongTR/longTR_pipeline_HG03870/HG03870.chr11.vcf.gz	0.729484 seconds
Concatenating /scratch/rohlfslab/abierly2/LongTR/longTR_pipeline_HG03870/HG03870.chr12.vcf.gz	0.779986 seconds
Concatenating /scratch/rohlfslab/abierly2/LongTR/longTR_pipeline_HG03870/HG03870.chr13.vcf.gz	0.506413 seconds
Concatenating /scratch/rohlfslab/abierly2/LongTR/longTR_pipeline_HG03870/HG03870.chr14.vcf.gz	0.505504 seconds
Concatenating /scratch/rohlfslab/abierly2/LongTR/longTR_pipeline_HG03870/HG03870.chr15.vcf.gz	0.485680 seconds
Concatenating /scratch/rohlfslab/abierly2/LongTR/longTR_pipeline_HG03870/HG03870.chr16.vcf.gz	0.476774 seconds
Concatenating /scratch/rohlfslab/abierly2/LongTR/longTR_pipeline_HG03870/HG03870.chr17.vcf.gz	0.514981 seconds
Concatenating /scratch/rohlfslab/abierly2/LongTR/longTR_pipeline_HG03870/HG03870.chr18.vcf.gz	0.384821 seconds
Concatenating /scratch/rohlfslab/abierly2/LongTR/longTR_pipeline_HG03870/HG03870.chr19.vcf.gz	0.427144 seconds
Concatenating /scratch/rohlfslab/abierly2/LongTR/longTR_pipeline_HG03870/HG03870.chr1.vcf.gz	1.388965 seconds
Concatenating /scratch/rohlfslab/abierly2/LongTR/longTR_pipeline_HG03870/HG03870.chr20.vcf.gz	0.319210 seconds
Concatenating /scratch/rohlfslab/abierly2/LongTR/longTR_pipeline_HG03870/HG03870.chr21.vcf.gz	0.182290 seconds
Concatenating /scratch/rohlfslab/abierly2/LongTR/longTR_pipeline_HG03870/HG03870.chr22.vcf.gz	0.223553 seconds
Concatenating /scratch/rohlfslab/abierly2/LongTR/longTR_pipeline_HG03870/HG03870.chr2.vcf.gz	1.343052 seconds
Concatenating /scratch/rohlfslab/abierly2/LongTR/longTR_pipeline_HG03870/HG03870.chr3.vcf.gz	1.078693 seconds
Concatenating /scratch/rohlfslab/abierly2/LongTR/longTR_pipeline_HG03870/HG03870.chr4.vcf.gz	1.010510 seconds
Concatenating /scratch/rohlfslab/abierly2/LongTR/longTR_pipeline_HG03870/HG03870.chr5.vcf.gz	0.983089 seconds
Concatenating /scratch/rohlfslab/abierly2/LongTR/longTR_pipeline_HG03870/HG03870.chr6.vcf.gz	0.966424 seconds
Concatenating /scratch/rohlfslab/abierly2/LongTR/longTR_pipeline_HG03870/HG03870.chr7.vcf.gz	0.882157 seconds
Concatenating /scratch/rohlfslab/abierly2/LongTR/longTR_pipeline_HG03870/HG03870.chr8.vcf.gz	0.776190 seconds
Concatenating /scratch/rohlfslab/abierly2/LongTR/longTR_pipeline_HG03870/HG03870.chr9.vcf.gz	0.664814 seconds
Concatenating /scratch/rohlfslab/abierly2/LongTR/longTR_pipeline_HG03870/HG03870.chrM.vcf.gz	0.000310 seconds
Concatenating /scratch/rohlfslab/abierly2/LongTR/longTR_pipeline_HG03870/HG03870.chrX.vcf.gz	0.090773 seconds
Concatenating /scratch/rohlfslab/abierly2/LongTR/longTR_pipeline_HG03870/HG03870.chrY.vcf.gz	0.004270 seconds
