Checking the headers and starting positions of 25 files
Concatenating /scratch/rohlfslab/abierly2/LongTR/longTR_pipeline_HG00338/HG00338.chr10.vcf.gz	1.289758 seconds
Concatenating /scratch/rohlfslab/abierly2/LongTR/longTR_pipeline_HG00338/HG00338.chr11.vcf.gz	1.207808 seconds
Concatenating /scratch/rohlfslab/abierly2/LongTR/longTR_pipeline_HG00338/HG00338.chr12.vcf.gz	1.285100 seconds
Concatenating /scratch/rohlfslab/abierly2/LongTR/longTR_pipeline_HG00338/HG00338.chr13.vcf.gz	0.867682 seconds
Concatenating /scratch/rohlfslab/abierly2/LongTR/longTR_pipeline_HG00338/HG00338.chr14.vcf.gz	0.839763 seconds
Concatenating /scratch/rohlfslab/abierly2/LongTR/longTR_pipeline_HG00338/HG00338.chr15.vcf.gz	0.782708 seconds
Concatenating /scratch/rohlfslab/abierly2/LongTR/longTR_pipeline_HG00338/HG00338.chr16.vcf.gz	0.799615 seconds
Concatenating /scratch/rohlfslab/abierly2/LongTR/longTR_pipeline_HG00338/HG00338.chr17.vcf.gz	0.844898 seconds
Concatenating /scratch/rohlfslab/abierly2/LongTR/longTR_pipeline_HG00338/HG00338.chr18.vcf.gz	0.713037 seconds
Concatenating /scratch/rohlfslab/abierly2/LongTR/longTR_pipeline_HG00338/HG00338.chr19.vcf.gz	0.920877 seconds
Concatenating /scratch/rohlfslab/abierly2/LongTR/longTR_pipeline_HG00338/HG00338.chr1.vcf.gz	3.705084 seconds
Concatenating /scratch/rohlfslab/abierly2/LongTR/longTR_pipeline_HG00338/HG00338.chr20.vcf.gz	0.904062 seconds
Concatenating /scratch/rohlfslab/abierly2/LongTR/longTR_pipeline_HG00338/HG00338.chr21.vcf.gz	0.500159 seconds
Concatenating /scratch/rohlfslab/abierly2/LongTR/longTR_pipeline_HG00338/HG00338.chr22.vcf.gz	0.394700 seconds
Concatenating /scratch/rohlfslab/abierly2/LongTR/longTR_pipeline_HG00338/HG00338.chr2.vcf.gz	2.254682 seconds
Concatenating /scratch/rohlfslab/abierly2/LongTR/longTR_pipeline_HG00338/HG00338.chr3.vcf.gz	2.346041 seconds
Concatenating /scratch/rohlfslab/abierly2/LongTR/longTR_pipeline_HG00338/HG00338.chr4.vcf.gz	2.858182 seconds
Concatenating /scratch/rohlfslab/abierly2/LongTR/longTR_pipeline_HG00338/HG00338.chr5.vcf.gz	2.759229 seconds
Concatenating /scratch/rohlfslab/abierly2/LongTR/longTR_pipeline_HG00338/HG00338.chr6.vcf.gz	1.900434 seconds
Concatenating /scratch/rohlfslab/abierly2/LongTR/longTR_pipeline_HG00338/HG00338.chr7.vcf.gz	1.797423 seconds
Concatenating /scratch/rohlfslab/abierly2/LongTR/longTR_pipeline_HG00338/HG00338.chr8.vcf.gz	1.319507 seconds
Concatenating /scratch/rohlfslab/abierly2/LongTR/longTR_pipeline_HG00338/HG00338.chr9.vcf.gz	1.128503 seconds
Concatenating /scratch/rohlfslab/abierly2/LongTR/longTR_pipeline_HG00338/HG00338.chrM.vcf.gz	0.000397 seconds
Concatenating /scratch/rohlfslab/abierly2/LongTR/longTR_pipeline_HG00338/HG00338.chrX.vcf.gz	0.405611 seconds
Concatenating /scratch/rohlfslab/abierly2/LongTR/longTR_pipeline_HG00338/HG00338.chrY.vcf.gz	0.013654 seconds
