Checking the headers and starting positions of 25 files
Concatenating /scratch/rohlfslab/abierly2/LongTR/longTR_pipeline_HG00452/HG00452.chr10.vcf.gz	1.158520 seconds
Concatenating /scratch/rohlfslab/abierly2/LongTR/longTR_pipeline_HG00452/HG00452.chr11.vcf.gz	1.097070 seconds
Concatenating /scratch/rohlfslab/abierly2/LongTR/longTR_pipeline_HG00452/HG00452.chr12.vcf.gz	1.171279 seconds
Concatenating /scratch/rohlfslab/abierly2/LongTR/longTR_pipeline_HG00452/HG00452.chr13.vcf.gz	0.812521 seconds
Concatenating /scratch/rohlfslab/abierly2/LongTR/longTR_pipeline_HG00452/HG00452.chr14.vcf.gz	0.761268 seconds
Concatenating /scratch/rohlfslab/abierly2/LongTR/longTR_pipeline_HG00452/HG00452.chr15.vcf.gz	0.717034 seconds
Concatenating /scratch/rohlfslab/abierly2/LongTR/longTR_pipeline_HG00452/HG00452.chr16.vcf.gz	0.736076 seconds
Concatenating /scratch/rohlfslab/abierly2/LongTR/longTR_pipeline_HG00452/HG00452.chr17.vcf.gz	0.766690 seconds
Concatenating /scratch/rohlfslab/abierly2/LongTR/longTR_pipeline_HG00452/HG00452.chr18.vcf.gz	0.586496 seconds
Concatenating /scratch/rohlfslab/abierly2/LongTR/longTR_pipeline_HG00452/HG00452.chr19.vcf.gz	0.610105 seconds
Concatenating /scratch/rohlfslab/abierly2/LongTR/longTR_pipeline_HG00452/HG00452.chr1.vcf.gz	2.050463 seconds
Concatenating /scratch/rohlfslab/abierly2/LongTR/longTR_pipeline_HG00452/HG00452.chr20.vcf.gz	0.484258 seconds
Concatenating /scratch/rohlfslab/abierly2/LongTR/longTR_pipeline_HG00452/HG00452.chr21.vcf.gz	0.283871 seconds
Concatenating /scratch/rohlfslab/abierly2/LongTR/longTR_pipeline_HG00452/HG00452.chr22.vcf.gz	0.326979 seconds
Concatenating /scratch/rohlfslab/abierly2/LongTR/longTR_pipeline_HG00452/HG00452.chr2.vcf.gz	2.076567 seconds
Concatenating /scratch/rohlfslab/abierly2/LongTR/longTR_pipeline_HG00452/HG00452.chr3.vcf.gz	1.649464 seconds
Concatenating /scratch/rohlfslab/abierly2/LongTR/longTR_pipeline_HG00452/HG00452.chr4.vcf.gz	1.587084 seconds
Concatenating /scratch/rohlfslab/abierly2/LongTR/longTR_pipeline_HG00452/HG00452.chr5.vcf.gz	1.502265 seconds
Concatenating /scratch/rohlfslab/abierly2/LongTR/longTR_pipeline_HG00452/HG00452.chr6.vcf.gz	1.446212 seconds
Concatenating /scratch/rohlfslab/abierly2/LongTR/longTR_pipeline_HG00452/HG00452.chr7.vcf.gz	1.386656 seconds
Concatenating /scratch/rohlfslab/abierly2/LongTR/longTR_pipeline_HG00452/HG00452.chr8.vcf.gz	1.191429 seconds
Concatenating /scratch/rohlfslab/abierly2/LongTR/longTR_pipeline_HG00452/HG00452.chr9.vcf.gz	1.008767 seconds
Concatenating /scratch/rohlfslab/abierly2/LongTR/longTR_pipeline_HG00452/HG00452.chrM.vcf.gz	0.000319 seconds
Concatenating /scratch/rohlfslab/abierly2/LongTR/longTR_pipeline_HG00452/HG00452.chrX.vcf.gz	1.237412 seconds
Concatenating /scratch/rohlfslab/abierly2/LongTR/longTR_pipeline_HG00452/HG00452.chrY.vcf.gz	0.000299 seconds
