Checking the headers and starting positions of 25 files
Concatenating /scratch/rohlfslab/abierly2/LongTR/longTR_pipeline_HG04147/HG04147.chr10.vcf.gz	1.267630 seconds
Concatenating /scratch/rohlfslab/abierly2/LongTR/longTR_pipeline_HG04147/HG04147.chr11.vcf.gz	1.221604 seconds
Concatenating /scratch/rohlfslab/abierly2/LongTR/longTR_pipeline_HG04147/HG04147.chr12.vcf.gz	1.286481 seconds
Concatenating /scratch/rohlfslab/abierly2/LongTR/longTR_pipeline_HG04147/HG04147.chr13.vcf.gz	0.882123 seconds
Concatenating /scratch/rohlfslab/abierly2/LongTR/longTR_pipeline_HG04147/HG04147.chr14.vcf.gz	0.842651 seconds
Concatenating /scratch/rohlfslab/abierly2/LongTR/longTR_pipeline_HG04147/HG04147.chr15.vcf.gz	0.791012 seconds
Concatenating /scratch/rohlfslab/abierly2/LongTR/longTR_pipeline_HG04147/HG04147.chr16.vcf.gz	0.820133 seconds
Concatenating /scratch/rohlfslab/abierly2/LongTR/longTR_pipeline_HG04147/HG04147.chr17.vcf.gz	0.854688 seconds
Concatenating /scratch/rohlfslab/abierly2/LongTR/longTR_pipeline_HG04147/HG04147.chr18.vcf.gz	0.635529 seconds
Concatenating /scratch/rohlfslab/abierly2/LongTR/longTR_pipeline_HG04147/HG04147.chr19.vcf.gz	0.707673 seconds
Concatenating /scratch/rohlfslab/abierly2/LongTR/longTR_pipeline_HG04147/HG04147.chr1.vcf.gz	2.249374 seconds
Concatenating /scratch/rohlfslab/abierly2/LongTR/longTR_pipeline_HG04147/HG04147.chr20.vcf.gz	0.536348 seconds
Concatenating /scratch/rohlfslab/abierly2/LongTR/longTR_pipeline_HG04147/HG04147.chr21.vcf.gz	0.308073 seconds
Concatenating /scratch/rohlfslab/abierly2/LongTR/longTR_pipeline_HG04147/HG04147.chr22.vcf.gz	0.371074 seconds
Concatenating /scratch/rohlfslab/abierly2/LongTR/longTR_pipeline_HG04147/HG04147.chr2.vcf.gz	2.269387 seconds
Concatenating /scratch/rohlfslab/abierly2/LongTR/longTR_pipeline_HG04147/HG04147.chr3.vcf.gz	1.815376 seconds
Concatenating /scratch/rohlfslab/abierly2/LongTR/longTR_pipeline_HG04147/HG04147.chr4.vcf.gz	1.731052 seconds
Concatenating /scratch/rohlfslab/abierly2/LongTR/longTR_pipeline_HG04147/HG04147.chr5.vcf.gz	1.642535 seconds
Concatenating /scratch/rohlfslab/abierly2/LongTR/longTR_pipeline_HG04147/HG04147.chr6.vcf.gz	1.585898 seconds
Concatenating /scratch/rohlfslab/abierly2/LongTR/longTR_pipeline_HG04147/HG04147.chr7.vcf.gz	1.517463 seconds
Concatenating /scratch/rohlfslab/abierly2/LongTR/longTR_pipeline_HG04147/HG04147.chr8.vcf.gz	1.318909 seconds
Concatenating /scratch/rohlfslab/abierly2/LongTR/longTR_pipeline_HG04147/HG04147.chr9.vcf.gz	1.127156 seconds
Concatenating /scratch/rohlfslab/abierly2/LongTR/longTR_pipeline_HG04147/HG04147.chrM.vcf.gz	0.000429 seconds
Concatenating /scratch/rohlfslab/abierly2/LongTR/longTR_pipeline_HG04147/HG04147.chrX.vcf.gz	1.367589 seconds
Concatenating /scratch/rohlfslab/abierly2/LongTR/longTR_pipeline_HG04147/HG04147.chrY.vcf.gz	0.000362 seconds
