Checking the headers and starting positions of 25 files
Concatenating /scratch/rohlfslab/abierly2/LongTR/longTR_pipeline_NA19657/NA19657.chr10.vcf.gz	0.801841 seconds
Concatenating /scratch/rohlfslab/abierly2/LongTR/longTR_pipeline_NA19657/NA19657.chr11.vcf.gz	0.777130 seconds
Concatenating /scratch/rohlfslab/abierly2/LongTR/longTR_pipeline_NA19657/NA19657.chr12.vcf.gz	0.808693 seconds
Concatenating /scratch/rohlfslab/abierly2/LongTR/longTR_pipeline_NA19657/NA19657.chr13.vcf.gz	0.541215 seconds
Concatenating /scratch/rohlfslab/abierly2/LongTR/longTR_pipeline_NA19657/NA19657.chr14.vcf.gz	0.534123 seconds
Concatenating /scratch/rohlfslab/abierly2/LongTR/longTR_pipeline_NA19657/NA19657.chr15.vcf.gz	0.503599 seconds
Concatenating /scratch/rohlfslab/abierly2/LongTR/longTR_pipeline_NA19657/NA19657.chr16.vcf.gz	0.506744 seconds
Concatenating /scratch/rohlfslab/abierly2/LongTR/longTR_pipeline_NA19657/NA19657.chr17.vcf.gz	0.548327 seconds
Concatenating /scratch/rohlfslab/abierly2/LongTR/longTR_pipeline_NA19657/NA19657.chr18.vcf.gz	0.399417 seconds
Concatenating /scratch/rohlfslab/abierly2/LongTR/longTR_pipeline_NA19657/NA19657.chr19.vcf.gz	0.450298 seconds
Concatenating /scratch/rohlfslab/abierly2/LongTR/longTR_pipeline_NA19657/NA19657.chr1.vcf.gz	1.451398 seconds
Concatenating /scratch/rohlfslab/abierly2/LongTR/longTR_pipeline_NA19657/NA19657.chr20.vcf.gz	0.348463 seconds
Concatenating /scratch/rohlfslab/abierly2/LongTR/longTR_pipeline_NA19657/NA19657.chr21.vcf.gz	0.198805 seconds
Concatenating /scratch/rohlfslab/abierly2/LongTR/longTR_pipeline_NA19657/NA19657.chr22.vcf.gz	0.233397 seconds
Concatenating /scratch/rohlfslab/abierly2/LongTR/longTR_pipeline_NA19657/NA19657.chr2.vcf.gz	1.418267 seconds
Concatenating /scratch/rohlfslab/abierly2/LongTR/longTR_pipeline_NA19657/NA19657.chr3.vcf.gz	1.154045 seconds
Concatenating /scratch/rohlfslab/abierly2/LongTR/longTR_pipeline_NA19657/NA19657.chr4.vcf.gz	1.068247 seconds
Concatenating /scratch/rohlfslab/abierly2/LongTR/longTR_pipeline_NA19657/NA19657.chr5.vcf.gz	1.029819 seconds
Concatenating /scratch/rohlfslab/abierly2/LongTR/longTR_pipeline_NA19657/NA19657.chr6.vcf.gz	0.995895 seconds
Concatenating /scratch/rohlfslab/abierly2/LongTR/longTR_pipeline_NA19657/NA19657.chr7.vcf.gz	0.948558 seconds
Concatenating /scratch/rohlfslab/abierly2/LongTR/longTR_pipeline_NA19657/NA19657.chr8.vcf.gz	0.845821 seconds
Concatenating /scratch/rohlfslab/abierly2/LongTR/longTR_pipeline_NA19657/NA19657.chr9.vcf.gz	0.693057 seconds
Concatenating /scratch/rohlfslab/abierly2/LongTR/longTR_pipeline_NA19657/NA19657.chrM.vcf.gz	0.000285 seconds
Concatenating /scratch/rohlfslab/abierly2/LongTR/longTR_pipeline_NA19657/NA19657.chrX.vcf.gz	0.826179 seconds
Concatenating /scratch/rohlfslab/abierly2/LongTR/longTR_pipeline_NA19657/NA19657.chrY.vcf.gz	0.000286 seconds
