Checking the headers and starting positions of 25 files
Concatenating /scratch/rohlfslab/abierly2/LongTR/longTR_pipeline_HG02494/HG02494.chr10.vcf.gz	0.485340 seconds
Concatenating /scratch/rohlfslab/abierly2/LongTR/longTR_pipeline_HG02494/HG02494.chr11.vcf.gz	0.473452 seconds
Concatenating /scratch/rohlfslab/abierly2/LongTR/longTR_pipeline_HG02494/HG02494.chr12.vcf.gz	0.508152 seconds
Concatenating /scratch/rohlfslab/abierly2/LongTR/longTR_pipeline_HG02494/HG02494.chr13.vcf.gz	0.334714 seconds
Concatenating /scratch/rohlfslab/abierly2/LongTR/longTR_pipeline_HG02494/HG02494.chr14.vcf.gz	0.334736 seconds
Concatenating /scratch/rohlfslab/abierly2/LongTR/longTR_pipeline_HG02494/HG02494.chr15.vcf.gz	0.315149 seconds
Concatenating /scratch/rohlfslab/abierly2/LongTR/longTR_pipeline_HG02494/HG02494.chr16.vcf.gz	0.312751 seconds
Concatenating /scratch/rohlfslab/abierly2/LongTR/longTR_pipeline_HG02494/HG02494.chr17.vcf.gz	0.333516 seconds
Concatenating /scratch/rohlfslab/abierly2/LongTR/longTR_pipeline_HG02494/HG02494.chr18.vcf.gz	0.253274 seconds
Concatenating /scratch/rohlfslab/abierly2/LongTR/longTR_pipeline_HG02494/HG02494.chr19.vcf.gz	0.276261 seconds
Concatenating /scratch/rohlfslab/abierly2/LongTR/longTR_pipeline_HG02494/HG02494.chr1.vcf.gz	0.908845 seconds
Concatenating /scratch/rohlfslab/abierly2/LongTR/longTR_pipeline_HG02494/HG02494.chr20.vcf.gz	0.214338 seconds
Concatenating /scratch/rohlfslab/abierly2/LongTR/longTR_pipeline_HG02494/HG02494.chr21.vcf.gz	0.120889 seconds
Concatenating /scratch/rohlfslab/abierly2/LongTR/longTR_pipeline_HG02494/HG02494.chr22.vcf.gz	0.146840 seconds
Concatenating /scratch/rohlfslab/abierly2/LongTR/longTR_pipeline_HG02494/HG02494.chr2.vcf.gz	0.878514 seconds
Concatenating /scratch/rohlfslab/abierly2/LongTR/longTR_pipeline_HG02494/HG02494.chr3.vcf.gz	0.714983 seconds
Concatenating /scratch/rohlfslab/abierly2/LongTR/longTR_pipeline_HG02494/HG02494.chr4.vcf.gz	0.662837 seconds
Concatenating /scratch/rohlfslab/abierly2/LongTR/longTR_pipeline_HG02494/HG02494.chr5.vcf.gz	0.628397 seconds
Concatenating /scratch/rohlfslab/abierly2/LongTR/longTR_pipeline_HG02494/HG02494.chr6.vcf.gz	0.623111 seconds
Concatenating /scratch/rohlfslab/abierly2/LongTR/longTR_pipeline_HG02494/HG02494.chr7.vcf.gz	0.572182 seconds
Concatenating /scratch/rohlfslab/abierly2/LongTR/longTR_pipeline_HG02494/HG02494.chr8.vcf.gz	0.509340 seconds
Concatenating /scratch/rohlfslab/abierly2/LongTR/longTR_pipeline_HG02494/HG02494.chr9.vcf.gz	0.430602 seconds
Concatenating /scratch/rohlfslab/abierly2/LongTR/longTR_pipeline_HG02494/HG02494.chrM.vcf.gz	0.000435 seconds
Concatenating /scratch/rohlfslab/abierly2/LongTR/longTR_pipeline_HG02494/HG02494.chrX.vcf.gz	0.480820 seconds
Concatenating /scratch/rohlfslab/abierly2/LongTR/longTR_pipeline_HG02494/HG02494.chrY.vcf.gz	0.000397 seconds
