Checking the headers and starting positions of 25 files
Concatenating /scratch/rohlfslab/abierly2/LongTR/longTR_pipeline_HG01311/HG01311.chr10.vcf.gz	1.029209 seconds
Concatenating /scratch/rohlfslab/abierly2/LongTR/longTR_pipeline_HG01311/HG01311.chr11.vcf.gz	0.985510 seconds
Concatenating /scratch/rohlfslab/abierly2/LongTR/longTR_pipeline_HG01311/HG01311.chr12.vcf.gz	1.045728 seconds
Concatenating /scratch/rohlfslab/abierly2/LongTR/longTR_pipeline_HG01311/HG01311.chr13.vcf.gz	0.706166 seconds
Concatenating /scratch/rohlfslab/abierly2/LongTR/longTR_pipeline_HG01311/HG01311.chr14.vcf.gz	0.681407 seconds
Concatenating /scratch/rohlfslab/abierly2/LongTR/longTR_pipeline_HG01311/HG01311.chr15.vcf.gz	0.643897 seconds
Concatenating /scratch/rohlfslab/abierly2/LongTR/longTR_pipeline_HG01311/HG01311.chr16.vcf.gz	0.670828 seconds
Concatenating /scratch/rohlfslab/abierly2/LongTR/longTR_pipeline_HG01311/HG01311.chr17.vcf.gz	0.702869 seconds
Concatenating /scratch/rohlfslab/abierly2/LongTR/longTR_pipeline_HG01311/HG01311.chr18.vcf.gz	0.512520 seconds
Concatenating /scratch/rohlfslab/abierly2/LongTR/longTR_pipeline_HG01311/HG01311.chr19.vcf.gz	0.581991 seconds
Concatenating /scratch/rohlfslab/abierly2/LongTR/longTR_pipeline_HG01311/HG01311.chr1.vcf.gz	1.850046 seconds
Concatenating /scratch/rohlfslab/abierly2/LongTR/longTR_pipeline_HG01311/HG01311.chr20.vcf.gz	0.436460 seconds
Concatenating /scratch/rohlfslab/abierly2/LongTR/longTR_pipeline_HG01311/HG01311.chr21.vcf.gz	0.251535 seconds
Concatenating /scratch/rohlfslab/abierly2/LongTR/longTR_pipeline_HG01311/HG01311.chr22.vcf.gz	0.306931 seconds
Concatenating /scratch/rohlfslab/abierly2/LongTR/longTR_pipeline_HG01311/HG01311.chr2.vcf.gz	1.839811 seconds
Concatenating /scratch/rohlfslab/abierly2/LongTR/longTR_pipeline_HG01311/HG01311.chr3.vcf.gz	1.458736 seconds
Concatenating /scratch/rohlfslab/abierly2/LongTR/longTR_pipeline_HG01311/HG01311.chr4.vcf.gz	1.377540 seconds
Concatenating /scratch/rohlfslab/abierly2/LongTR/longTR_pipeline_HG01311/HG01311.chr5.vcf.gz	1.316664 seconds
Concatenating /scratch/rohlfslab/abierly2/LongTR/longTR_pipeline_HG01311/HG01311.chr6.vcf.gz	1.279168 seconds
Concatenating /scratch/rohlfslab/abierly2/LongTR/longTR_pipeline_HG01311/HG01311.chr7.vcf.gz	1.229652 seconds
Concatenating /scratch/rohlfslab/abierly2/LongTR/longTR_pipeline_HG01311/HG01311.chr8.vcf.gz	1.059022 seconds
Concatenating /scratch/rohlfslab/abierly2/LongTR/longTR_pipeline_HG01311/HG01311.chr9.vcf.gz	0.897622 seconds
Concatenating /scratch/rohlfslab/abierly2/LongTR/longTR_pipeline_HG01311/HG01311.chrM.vcf.gz	0.000320 seconds
Concatenating /scratch/rohlfslab/abierly2/LongTR/longTR_pipeline_HG01311/HG01311.chrX.vcf.gz	0.227055 seconds
Concatenating /scratch/rohlfslab/abierly2/LongTR/longTR_pipeline_HG01311/HG01311.chrY.vcf.gz	0.009966 seconds
