Checking the headers and starting positions of 25 files
Concatenating /scratch/rohlfslab/abierly2/LongTR/longTR_pipeline_HG01504/HG01504.chr10.vcf.gz	1.249931 seconds
Concatenating /scratch/rohlfslab/abierly2/LongTR/longTR_pipeline_HG01504/HG01504.chr11.vcf.gz	1.193006 seconds
Concatenating /scratch/rohlfslab/abierly2/LongTR/longTR_pipeline_HG01504/HG01504.chr12.vcf.gz	1.264252 seconds
Concatenating /scratch/rohlfslab/abierly2/LongTR/longTR_pipeline_HG01504/HG01504.chr13.vcf.gz	0.869825 seconds
Concatenating /scratch/rohlfslab/abierly2/LongTR/longTR_pipeline_HG01504/HG01504.chr14.vcf.gz	0.827249 seconds
Concatenating /scratch/rohlfslab/abierly2/LongTR/longTR_pipeline_HG01504/HG01504.chr15.vcf.gz	0.779107 seconds
Concatenating /scratch/rohlfslab/abierly2/LongTR/longTR_pipeline_HG01504/HG01504.chr16.vcf.gz	0.815019 seconds
Concatenating /scratch/rohlfslab/abierly2/LongTR/longTR_pipeline_HG01504/HG01504.chr17.vcf.gz	0.844406 seconds
Concatenating /scratch/rohlfslab/abierly2/LongTR/longTR_pipeline_HG01504/HG01504.chr18.vcf.gz	0.628488 seconds
Concatenating /scratch/rohlfslab/abierly2/LongTR/longTR_pipeline_HG01504/HG01504.chr19.vcf.gz	0.702081 seconds
Concatenating /scratch/rohlfslab/abierly2/LongTR/longTR_pipeline_HG01504/HG01504.chr1.vcf.gz	2.230857 seconds
Concatenating /scratch/rohlfslab/abierly2/LongTR/longTR_pipeline_HG01504/HG01504.chr20.vcf.gz	0.523860 seconds
Concatenating /scratch/rohlfslab/abierly2/LongTR/longTR_pipeline_HG01504/HG01504.chr21.vcf.gz	0.303470 seconds
Concatenating /scratch/rohlfslab/abierly2/LongTR/longTR_pipeline_HG01504/HG01504.chr22.vcf.gz	0.368525 seconds
Concatenating /scratch/rohlfslab/abierly2/LongTR/longTR_pipeline_HG01504/HG01504.chr2.vcf.gz	2.225209 seconds
Concatenating /scratch/rohlfslab/abierly2/LongTR/longTR_pipeline_HG01504/HG01504.chr3.vcf.gz	1.816553 seconds
Concatenating /scratch/rohlfslab/abierly2/LongTR/longTR_pipeline_HG01504/HG01504.chr4.vcf.gz	1.719842 seconds
Concatenating /scratch/rohlfslab/abierly2/LongTR/longTR_pipeline_HG01504/HG01504.chr5.vcf.gz	1.619048 seconds
Concatenating /scratch/rohlfslab/abierly2/LongTR/longTR_pipeline_HG01504/HG01504.chr6.vcf.gz	1.549105 seconds
Concatenating /scratch/rohlfslab/abierly2/LongTR/longTR_pipeline_HG01504/HG01504.chr7.vcf.gz	1.495013 seconds
Concatenating /scratch/rohlfslab/abierly2/LongTR/longTR_pipeline_HG01504/HG01504.chr8.vcf.gz	1.287763 seconds
Concatenating /scratch/rohlfslab/abierly2/LongTR/longTR_pipeline_HG01504/HG01504.chr9.vcf.gz	1.094924 seconds
Concatenating /scratch/rohlfslab/abierly2/LongTR/longTR_pipeline_HG01504/HG01504.chrM.vcf.gz	0.000307 seconds
Concatenating /scratch/rohlfslab/abierly2/LongTR/longTR_pipeline_HG01504/HG01504.chrX.vcf.gz	1.338693 seconds
Concatenating /scratch/rohlfslab/abierly2/LongTR/longTR_pipeline_HG01504/HG01504.chrY.vcf.gz	0.000307 seconds
