Checking the headers and starting positions of 25 files
Concatenating /scratch/rohlfslab/abierly2/LongTR/longTR_pipeline_HG03816/HG03816.chr10.vcf.gz	1.264100 seconds
Concatenating /scratch/rohlfslab/abierly2/LongTR/longTR_pipeline_HG03816/HG03816.chr11.vcf.gz	1.203216 seconds
Concatenating /scratch/rohlfslab/abierly2/LongTR/longTR_pipeline_HG03816/HG03816.chr12.vcf.gz	1.272965 seconds
Concatenating /scratch/rohlfslab/abierly2/LongTR/longTR_pipeline_HG03816/HG03816.chr13.vcf.gz	0.883961 seconds
Concatenating /scratch/rohlfslab/abierly2/LongTR/longTR_pipeline_HG03816/HG03816.chr14.vcf.gz	0.838165 seconds
Concatenating /scratch/rohlfslab/abierly2/LongTR/longTR_pipeline_HG03816/HG03816.chr15.vcf.gz	0.803897 seconds
Concatenating /scratch/rohlfslab/abierly2/LongTR/longTR_pipeline_HG03816/HG03816.chr16.vcf.gz	0.822016 seconds
Concatenating /scratch/rohlfslab/abierly2/LongTR/longTR_pipeline_HG03816/HG03816.chr17.vcf.gz	0.853608 seconds
Concatenating /scratch/rohlfslab/abierly2/LongTR/longTR_pipeline_HG03816/HG03816.chr18.vcf.gz	0.633843 seconds
Concatenating /scratch/rohlfslab/abierly2/LongTR/longTR_pipeline_HG03816/HG03816.chr19.vcf.gz	0.708578 seconds
Concatenating /scratch/rohlfslab/abierly2/LongTR/longTR_pipeline_HG03816/HG03816.chr1.vcf.gz	2.248991 seconds
Concatenating /scratch/rohlfslab/abierly2/LongTR/longTR_pipeline_HG03816/HG03816.chr20.vcf.gz	0.538181 seconds
Concatenating /scratch/rohlfslab/abierly2/LongTR/longTR_pipeline_HG03816/HG03816.chr21.vcf.gz	0.308623 seconds
Concatenating /scratch/rohlfslab/abierly2/LongTR/longTR_pipeline_HG03816/HG03816.chr22.vcf.gz	0.372125 seconds
Concatenating /scratch/rohlfslab/abierly2/LongTR/longTR_pipeline_HG03816/HG03816.chr2.vcf.gz	2.248062 seconds
Concatenating /scratch/rohlfslab/abierly2/LongTR/longTR_pipeline_HG03816/HG03816.chr3.vcf.gz	1.794978 seconds
Concatenating /scratch/rohlfslab/abierly2/LongTR/longTR_pipeline_HG03816/HG03816.chr4.vcf.gz	1.746247 seconds
Concatenating /scratch/rohlfslab/abierly2/LongTR/longTR_pipeline_HG03816/HG03816.chr5.vcf.gz	1.625051 seconds
Concatenating /scratch/rohlfslab/abierly2/LongTR/longTR_pipeline_HG03816/HG03816.chr6.vcf.gz	1.564785 seconds
Concatenating /scratch/rohlfslab/abierly2/LongTR/longTR_pipeline_HG03816/HG03816.chr7.vcf.gz	1.508460 seconds
Concatenating /scratch/rohlfslab/abierly2/LongTR/longTR_pipeline_HG03816/HG03816.chr8.vcf.gz	1.309003 seconds
Concatenating /scratch/rohlfslab/abierly2/LongTR/longTR_pipeline_HG03816/HG03816.chr9.vcf.gz	1.108185 seconds
Concatenating /scratch/rohlfslab/abierly2/LongTR/longTR_pipeline_HG03816/HG03816.chrM.vcf.gz	0.000343 seconds
Concatenating /scratch/rohlfslab/abierly2/LongTR/longTR_pipeline_HG03816/HG03816.chrX.vcf.gz	1.372991 seconds
Concatenating /scratch/rohlfslab/abierly2/LongTR/longTR_pipeline_HG03816/HG03816.chrY.vcf.gz	0.000526 seconds
