Checking the headers and starting positions of 25 files
Concatenating /scratch/rohlfslab/abierly2/LongTR/longTR_pipeline_HG00641/HG00641.chr10.vcf.gz	1.169386 seconds
Concatenating /scratch/rohlfslab/abierly2/LongTR/longTR_pipeline_HG00641/HG00641.chr11.vcf.gz	1.117495 seconds
Concatenating /scratch/rohlfslab/abierly2/LongTR/longTR_pipeline_HG00641/HG00641.chr12.vcf.gz	1.182152 seconds
Concatenating /scratch/rohlfslab/abierly2/LongTR/longTR_pipeline_HG00641/HG00641.chr13.vcf.gz	0.809669 seconds
Concatenating /scratch/rohlfslab/abierly2/LongTR/longTR_pipeline_HG00641/HG00641.chr14.vcf.gz	0.771624 seconds
Concatenating /scratch/rohlfslab/abierly2/LongTR/longTR_pipeline_HG00641/HG00641.chr15.vcf.gz	0.728149 seconds
Concatenating /scratch/rohlfslab/abierly2/LongTR/longTR_pipeline_HG00641/HG00641.chr16.vcf.gz	0.770530 seconds
Concatenating /scratch/rohlfslab/abierly2/LongTR/longTR_pipeline_HG00641/HG00641.chr17.vcf.gz	0.804659 seconds
Concatenating /scratch/rohlfslab/abierly2/LongTR/longTR_pipeline_HG00641/HG00641.chr18.vcf.gz	0.586996 seconds
Concatenating /scratch/rohlfslab/abierly2/LongTR/longTR_pipeline_HG00641/HG00641.chr19.vcf.gz	0.668031 seconds
Concatenating /scratch/rohlfslab/abierly2/LongTR/longTR_pipeline_HG00641/HG00641.chr1.vcf.gz	2.099001 seconds
Concatenating /scratch/rohlfslab/abierly2/LongTR/longTR_pipeline_HG00641/HG00641.chr20.vcf.gz	0.497055 seconds
Concatenating /scratch/rohlfslab/abierly2/LongTR/longTR_pipeline_HG00641/HG00641.chr21.vcf.gz	0.281728 seconds
Concatenating /scratch/rohlfslab/abierly2/LongTR/longTR_pipeline_HG00641/HG00641.chr22.vcf.gz	0.347368 seconds
Concatenating /scratch/rohlfslab/abierly2/LongTR/longTR_pipeline_HG00641/HG00641.chr2.vcf.gz	2.090602 seconds
Concatenating /scratch/rohlfslab/abierly2/LongTR/longTR_pipeline_HG00641/HG00641.chr3.vcf.gz	1.663067 seconds
Concatenating /scratch/rohlfslab/abierly2/LongTR/longTR_pipeline_HG00641/HG00641.chr4.vcf.gz	1.586797 seconds
Concatenating /scratch/rohlfslab/abierly2/LongTR/longTR_pipeline_HG00641/HG00641.chr5.vcf.gz	1.506515 seconds
Concatenating /scratch/rohlfslab/abierly2/LongTR/longTR_pipeline_HG00641/HG00641.chr6.vcf.gz	1.458734 seconds
Concatenating /scratch/rohlfslab/abierly2/LongTR/longTR_pipeline_HG00641/HG00641.chr7.vcf.gz	1.395625 seconds
Concatenating /scratch/rohlfslab/abierly2/LongTR/longTR_pipeline_HG00641/HG00641.chr8.vcf.gz	1.208040 seconds
Concatenating /scratch/rohlfslab/abierly2/LongTR/longTR_pipeline_HG00641/HG00641.chr9.vcf.gz	1.030532 seconds
Concatenating /scratch/rohlfslab/abierly2/LongTR/longTR_pipeline_HG00641/HG00641.chrM.vcf.gz	0.002442 seconds
Concatenating /scratch/rohlfslab/abierly2/LongTR/longTR_pipeline_HG00641/HG00641.chrX.vcf.gz	1.241365 seconds
Concatenating /scratch/rohlfslab/abierly2/LongTR/longTR_pipeline_HG00641/HG00641.chrY.vcf.gz	0.000425 seconds
