Checking the headers and starting positions of 25 files
Concatenating /scratch/rohlfslab/abierly2/LongTR/longTR_pipeline_HG01530/HG01530.chr10.vcf.gz	0.031199 seconds
Concatenating /scratch/rohlfslab/abierly2/LongTR/longTR_pipeline_HG01530/HG01530.chr11.vcf.gz	0.029256 seconds
Concatenating /scratch/rohlfslab/abierly2/LongTR/longTR_pipeline_HG01530/HG01530.chr12.vcf.gz	0.037650 seconds
Concatenating /scratch/rohlfslab/abierly2/LongTR/longTR_pipeline_HG01530/HG01530.chr13.vcf.gz	0.016890 seconds
Concatenating /scratch/rohlfslab/abierly2/LongTR/longTR_pipeline_HG01530/HG01530.chr14.vcf.gz	0.021836 seconds
Concatenating /scratch/rohlfslab/abierly2/LongTR/longTR_pipeline_HG01530/HG01530.chr15.vcf.gz	0.025063 seconds
Concatenating /scratch/rohlfslab/abierly2/LongTR/longTR_pipeline_HG01530/HG01530.chr16.vcf.gz	0.021819 seconds
Concatenating /scratch/rohlfslab/abierly2/LongTR/longTR_pipeline_HG01530/HG01530.chr17.vcf.gz	0.030381 seconds
Concatenating /scratch/rohlfslab/abierly2/LongTR/longTR_pipeline_HG01530/HG01530.chr18.vcf.gz	0.013132 seconds
Concatenating /scratch/rohlfslab/abierly2/LongTR/longTR_pipeline_HG01530/HG01530.chr19.vcf.gz	0.025535 seconds
Concatenating /scratch/rohlfslab/abierly2/LongTR/longTR_pipeline_HG01530/HG01530.chr1.vcf.gz	0.063007 seconds
Concatenating /scratch/rohlfslab/abierly2/LongTR/longTR_pipeline_HG01530/HG01530.chr20.vcf.gz	0.012968 seconds
Concatenating /scratch/rohlfslab/abierly2/LongTR/longTR_pipeline_HG01530/HG01530.chr21.vcf.gz	0.007532 seconds
Concatenating /scratch/rohlfslab/abierly2/LongTR/longTR_pipeline_HG01530/HG01530.chr22.vcf.gz	0.011093 seconds
Concatenating /scratch/rohlfslab/abierly2/LongTR/longTR_pipeline_HG01530/HG01530.chr2.vcf.gz	0.055589 seconds
Concatenating /scratch/rohlfslab/abierly2/LongTR/longTR_pipeline_HG01530/HG01530.chr3.vcf.gz	0.046834 seconds
Concatenating /scratch/rohlfslab/abierly2/LongTR/longTR_pipeline_HG01530/HG01530.chr4.vcf.gz	0.031428 seconds
Concatenating /scratch/rohlfslab/abierly2/LongTR/longTR_pipeline_HG01530/HG01530.chr5.vcf.gz	0.036613 seconds
Concatenating /scratch/rohlfslab/abierly2/LongTR/longTR_pipeline_HG01530/HG01530.chr6.vcf.gz	0.042239 seconds
Concatenating /scratch/rohlfslab/abierly2/LongTR/longTR_pipeline_HG01530/HG01530.chr7.vcf.gz	0.040087 seconds
Concatenating /scratch/rohlfslab/abierly2/LongTR/longTR_pipeline_HG01530/HG01530.chr8.vcf.gz	0.029585 seconds
Concatenating /scratch/rohlfslab/abierly2/LongTR/longTR_pipeline_HG01530/HG01530.chr9.vcf.gz	0.025386 seconds
Concatenating /scratch/rohlfslab/abierly2/LongTR/longTR_pipeline_HG01530/HG01530.chrM.vcf.gz	0.000273 seconds
Concatenating /scratch/rohlfslab/abierly2/LongTR/longTR_pipeline_HG01530/HG01530.chrX.vcf.gz	0.000479 seconds
Concatenating /scratch/rohlfslab/abierly2/LongTR/longTR_pipeline_HG01530/HG01530.chrY.vcf.gz	0.000246 seconds
