Checking the headers and starting positions of 25 files
Concatenating /scratch/rohlfslab/abierly2/LongTR/longTR_pipeline_NA10842/NA10842.chr10.vcf.gz	1.170581 seconds
Concatenating /scratch/rohlfslab/abierly2/LongTR/longTR_pipeline_NA10842/NA10842.chr11.vcf.gz	1.121698 seconds
Concatenating /scratch/rohlfslab/abierly2/LongTR/longTR_pipeline_NA10842/NA10842.chr12.vcf.gz	1.181767 seconds
Concatenating /scratch/rohlfslab/abierly2/LongTR/longTR_pipeline_NA10842/NA10842.chr13.vcf.gz	0.813273 seconds
Concatenating /scratch/rohlfslab/abierly2/LongTR/longTR_pipeline_NA10842/NA10842.chr14.vcf.gz	0.774033 seconds
Concatenating /scratch/rohlfslab/abierly2/LongTR/longTR_pipeline_NA10842/NA10842.chr15.vcf.gz	0.723981 seconds
Concatenating /scratch/rohlfslab/abierly2/LongTR/longTR_pipeline_NA10842/NA10842.chr16.vcf.gz	0.755755 seconds
Concatenating /scratch/rohlfslab/abierly2/LongTR/longTR_pipeline_NA10842/NA10842.chr17.vcf.gz	0.786538 seconds
Concatenating /scratch/rohlfslab/abierly2/LongTR/longTR_pipeline_NA10842/NA10842.chr18.vcf.gz	0.591341 seconds
Concatenating /scratch/rohlfslab/abierly2/LongTR/longTR_pipeline_NA10842/NA10842.chr19.vcf.gz	0.650326 seconds
Concatenating /scratch/rohlfslab/abierly2/LongTR/longTR_pipeline_NA10842/NA10842.chr1.vcf.gz	2.076084 seconds
Concatenating /scratch/rohlfslab/abierly2/LongTR/longTR_pipeline_NA10842/NA10842.chr20.vcf.gz	0.491686 seconds
Concatenating /scratch/rohlfslab/abierly2/LongTR/longTR_pipeline_NA10842/NA10842.chr21.vcf.gz	0.285121 seconds
Concatenating /scratch/rohlfslab/abierly2/LongTR/longTR_pipeline_NA10842/NA10842.chr22.vcf.gz	0.339511 seconds
Concatenating /scratch/rohlfslab/abierly2/LongTR/longTR_pipeline_NA10842/NA10842.chr2.vcf.gz	2.105593 seconds
Concatenating /scratch/rohlfslab/abierly2/LongTR/longTR_pipeline_NA10842/NA10842.chr3.vcf.gz	1.670126 seconds
Concatenating /scratch/rohlfslab/abierly2/LongTR/longTR_pipeline_NA10842/NA10842.chr4.vcf.gz	1.602675 seconds
Concatenating /scratch/rohlfslab/abierly2/LongTR/longTR_pipeline_NA10842/NA10842.chr5.vcf.gz	1.509695 seconds
Concatenating /scratch/rohlfslab/abierly2/LongTR/longTR_pipeline_NA10842/NA10842.chr6.vcf.gz	1.464171 seconds
Concatenating /scratch/rohlfslab/abierly2/LongTR/longTR_pipeline_NA10842/NA10842.chr7.vcf.gz	1.404704 seconds
Concatenating /scratch/rohlfslab/abierly2/LongTR/longTR_pipeline_NA10842/NA10842.chr8.vcf.gz	1.219242 seconds
Concatenating /scratch/rohlfslab/abierly2/LongTR/longTR_pipeline_NA10842/NA10842.chr9.vcf.gz	1.028347 seconds
Concatenating /scratch/rohlfslab/abierly2/LongTR/longTR_pipeline_NA10842/NA10842.chrM.vcf.gz	0.000337 seconds
Concatenating /scratch/rohlfslab/abierly2/LongTR/longTR_pipeline_NA10842/NA10842.chrX.vcf.gz	0.447139 seconds
Concatenating /scratch/rohlfslab/abierly2/LongTR/longTR_pipeline_NA10842/NA10842.chrY.vcf.gz	0.018036 seconds
