Checking the headers and starting positions of 25 files
Concatenating /scratch/rohlfslab/abierly2/LongTR/longTR_pipeline_NA18537/NA18537.chr10.vcf.gz	1.236583 seconds
Concatenating /scratch/rohlfslab/abierly2/LongTR/longTR_pipeline_NA18537/NA18537.chr11.vcf.gz	1.181906 seconds
Concatenating /scratch/rohlfslab/abierly2/LongTR/longTR_pipeline_NA18537/NA18537.chr12.vcf.gz	1.250703 seconds
Concatenating /scratch/rohlfslab/abierly2/LongTR/longTR_pipeline_NA18537/NA18537.chr13.vcf.gz	0.857904 seconds
Concatenating /scratch/rohlfslab/abierly2/LongTR/longTR_pipeline_NA18537/NA18537.chr14.vcf.gz	0.816615 seconds
Concatenating /scratch/rohlfslab/abierly2/LongTR/longTR_pipeline_NA18537/NA18537.chr15.vcf.gz	0.765788 seconds
Concatenating /scratch/rohlfslab/abierly2/LongTR/longTR_pipeline_NA18537/NA18537.chr16.vcf.gz	0.803642 seconds
Concatenating /scratch/rohlfslab/abierly2/LongTR/longTR_pipeline_NA18537/NA18537.chr17.vcf.gz	0.839847 seconds
Concatenating /scratch/rohlfslab/abierly2/LongTR/longTR_pipeline_NA18537/NA18537.chr18.vcf.gz	0.618692 seconds
Concatenating /scratch/rohlfslab/abierly2/LongTR/longTR_pipeline_NA18537/NA18537.chr19.vcf.gz	0.698094 seconds
Concatenating /scratch/rohlfslab/abierly2/LongTR/longTR_pipeline_NA18537/NA18537.chr1.vcf.gz	2.207759 seconds
Concatenating /scratch/rohlfslab/abierly2/LongTR/longTR_pipeline_NA18537/NA18537.chr20.vcf.gz	0.519871 seconds
Concatenating /scratch/rohlfslab/abierly2/LongTR/longTR_pipeline_NA18537/NA18537.chr21.vcf.gz	0.301629 seconds
Concatenating /scratch/rohlfslab/abierly2/LongTR/longTR_pipeline_NA18537/NA18537.chr22.vcf.gz	0.364632 seconds
Concatenating /scratch/rohlfslab/abierly2/LongTR/longTR_pipeline_NA18537/NA18537.chr2.vcf.gz	2.212047 seconds
Concatenating /scratch/rohlfslab/abierly2/LongTR/longTR_pipeline_NA18537/NA18537.chr3.vcf.gz	1.826285 seconds
Concatenating /scratch/rohlfslab/abierly2/LongTR/longTR_pipeline_NA18537/NA18537.chr4.vcf.gz	1.687880 seconds
Concatenating /scratch/rohlfslab/abierly2/LongTR/longTR_pipeline_NA18537/NA18537.chr5.vcf.gz	1.585558 seconds
Concatenating /scratch/rohlfslab/abierly2/LongTR/longTR_pipeline_NA18537/NA18537.chr6.vcf.gz	1.532798 seconds
Concatenating /scratch/rohlfslab/abierly2/LongTR/longTR_pipeline_NA18537/NA18537.chr7.vcf.gz	1.486154 seconds
Concatenating /scratch/rohlfslab/abierly2/LongTR/longTR_pipeline_NA18537/NA18537.chr8.vcf.gz	1.281013 seconds
Concatenating /scratch/rohlfslab/abierly2/LongTR/longTR_pipeline_NA18537/NA18537.chr9.vcf.gz	1.089296 seconds
Concatenating /scratch/rohlfslab/abierly2/LongTR/longTR_pipeline_NA18537/NA18537.chrM.vcf.gz	0.000341 seconds
Concatenating /scratch/rohlfslab/abierly2/LongTR/longTR_pipeline_NA18537/NA18537.chrX.vcf.gz	1.327787 seconds
Concatenating /scratch/rohlfslab/abierly2/LongTR/longTR_pipeline_NA18537/NA18537.chrY.vcf.gz	0.000340 seconds
