Checking the headers and starting positions of 25 files
Concatenating /scratch/rohlfslab/abierly2/LongTR/longTR_pipeline_HG04186/HG04186.chr10.vcf.gz	1.087165 seconds
Concatenating /scratch/rohlfslab/abierly2/LongTR/longTR_pipeline_HG04186/HG04186.chr11.vcf.gz	1.052852 seconds
Concatenating /scratch/rohlfslab/abierly2/LongTR/longTR_pipeline_HG04186/HG04186.chr12.vcf.gz	1.111527 seconds
Concatenating /scratch/rohlfslab/abierly2/LongTR/longTR_pipeline_HG04186/HG04186.chr13.vcf.gz	0.740186 seconds
Concatenating /scratch/rohlfslab/abierly2/LongTR/longTR_pipeline_HG04186/HG04186.chr14.vcf.gz	0.718488 seconds
Concatenating /scratch/rohlfslab/abierly2/LongTR/longTR_pipeline_HG04186/HG04186.chr15.vcf.gz	0.682699 seconds
Concatenating /scratch/rohlfslab/abierly2/LongTR/longTR_pipeline_HG04186/HG04186.chr16.vcf.gz	0.697645 seconds
Concatenating /scratch/rohlfslab/abierly2/LongTR/longTR_pipeline_HG04186/HG04186.chr17.vcf.gz	0.745757 seconds
Concatenating /scratch/rohlfslab/abierly2/LongTR/longTR_pipeline_HG04186/HG04186.chr18.vcf.gz	0.554613 seconds
Concatenating /scratch/rohlfslab/abierly2/LongTR/longTR_pipeline_HG04186/HG04186.chr19.vcf.gz	0.615968 seconds
Concatenating /scratch/rohlfslab/abierly2/LongTR/longTR_pipeline_HG04186/HG04186.chr1.vcf.gz	1.961221 seconds
Concatenating /scratch/rohlfslab/abierly2/LongTR/longTR_pipeline_HG04186/HG04186.chr20.vcf.gz	0.458631 seconds
Concatenating /scratch/rohlfslab/abierly2/LongTR/longTR_pipeline_HG04186/HG04186.chr21.vcf.gz	0.264301 seconds
Concatenating /scratch/rohlfslab/abierly2/LongTR/longTR_pipeline_HG04186/HG04186.chr22.vcf.gz	0.331427 seconds
Concatenating /scratch/rohlfslab/abierly2/LongTR/longTR_pipeline_HG04186/HG04186.chr2.vcf.gz	1.949530 seconds
Concatenating /scratch/rohlfslab/abierly2/LongTR/longTR_pipeline_HG04186/HG04186.chr3.vcf.gz	1.541600 seconds
Concatenating /scratch/rohlfslab/abierly2/LongTR/longTR_pipeline_HG04186/HG04186.chr4.vcf.gz	1.470878 seconds
Concatenating /scratch/rohlfslab/abierly2/LongTR/longTR_pipeline_HG04186/HG04186.chr5.vcf.gz	1.399047 seconds
Concatenating /scratch/rohlfslab/abierly2/LongTR/longTR_pipeline_HG04186/HG04186.chr6.vcf.gz	1.379302 seconds
Concatenating /scratch/rohlfslab/abierly2/LongTR/longTR_pipeline_HG04186/HG04186.chr7.vcf.gz	1.330325 seconds
Concatenating /scratch/rohlfslab/abierly2/LongTR/longTR_pipeline_HG04186/HG04186.chr8.vcf.gz	1.123095 seconds
Concatenating /scratch/rohlfslab/abierly2/LongTR/longTR_pipeline_HG04186/HG04186.chr9.vcf.gz	0.954417 seconds
Concatenating /scratch/rohlfslab/abierly2/LongTR/longTR_pipeline_HG04186/HG04186.chrM.vcf.gz	0.000320 seconds
Concatenating /scratch/rohlfslab/abierly2/LongTR/longTR_pipeline_HG04186/HG04186.chrX.vcf.gz	1.148420 seconds
Concatenating /scratch/rohlfslab/abierly2/LongTR/longTR_pipeline_HG04186/HG04186.chrY.vcf.gz	0.000338 seconds
