Checking the headers and starting positions of 25 files
Concatenating /scratch/rohlfslab/abierly2/LongTR/longTR_pipeline_HG01578/HG01578.chr10.vcf.gz	1.319468 seconds
Concatenating /scratch/rohlfslab/abierly2/LongTR/longTR_pipeline_HG01578/HG01578.chr11.vcf.gz	1.588714 seconds
Concatenating /scratch/rohlfslab/abierly2/LongTR/longTR_pipeline_HG01578/HG01578.chr12.vcf.gz	2.223849 seconds
Concatenating /scratch/rohlfslab/abierly2/LongTR/longTR_pipeline_HG01578/HG01578.chr13.vcf.gz	1.525273 seconds
Concatenating /scratch/rohlfslab/abierly2/LongTR/longTR_pipeline_HG01578/HG01578.chr14.vcf.gz	1.457478 seconds
Concatenating /scratch/rohlfslab/abierly2/LongTR/longTR_pipeline_HG01578/HG01578.chr15.vcf.gz	1.365627 seconds
Concatenating /scratch/rohlfslab/abierly2/LongTR/longTR_pipeline_HG01578/HG01578.chr16.vcf.gz	1.433853 seconds
Concatenating /scratch/rohlfslab/abierly2/LongTR/longTR_pipeline_HG01578/HG01578.chr17.vcf.gz	1.479376 seconds
Concatenating /scratch/rohlfslab/abierly2/LongTR/longTR_pipeline_HG01578/HG01578.chr18.vcf.gz	1.091545 seconds
Concatenating /scratch/rohlfslab/abierly2/LongTR/longTR_pipeline_HG01578/HG01578.chr19.vcf.gz	1.227900 seconds
Concatenating /scratch/rohlfslab/abierly2/LongTR/longTR_pipeline_HG01578/HG01578.chr1.vcf.gz	3.876047 seconds
Concatenating /scratch/rohlfslab/abierly2/LongTR/longTR_pipeline_HG01578/HG01578.chr20.vcf.gz	0.913769 seconds
Concatenating /scratch/rohlfslab/abierly2/LongTR/longTR_pipeline_HG01578/HG01578.chr21.vcf.gz	0.527817 seconds
Concatenating /scratch/rohlfslab/abierly2/LongTR/longTR_pipeline_HG01578/HG01578.chr22.vcf.gz	0.646599 seconds
Concatenating /scratch/rohlfslab/abierly2/LongTR/longTR_pipeline_HG01578/HG01578.chr2.vcf.gz	3.878484 seconds
Concatenating /scratch/rohlfslab/abierly2/LongTR/longTR_pipeline_HG01578/HG01578.chr3.vcf.gz	3.097029 seconds
Concatenating /scratch/rohlfslab/abierly2/LongTR/longTR_pipeline_HG01578/HG01578.chr4.vcf.gz	2.953624 seconds
Concatenating /scratch/rohlfslab/abierly2/LongTR/longTR_pipeline_HG01578/HG01578.chr5.vcf.gz	2.814147 seconds
Concatenating /scratch/rohlfslab/abierly2/LongTR/longTR_pipeline_HG01578/HG01578.chr6.vcf.gz	2.718329 seconds
Concatenating /scratch/rohlfslab/abierly2/LongTR/longTR_pipeline_HG01578/HG01578.chr7.vcf.gz	2.627433 seconds
Concatenating /scratch/rohlfslab/abierly2/LongTR/longTR_pipeline_HG01578/HG01578.chr8.vcf.gz	2.261907 seconds
Concatenating /scratch/rohlfslab/abierly2/LongTR/longTR_pipeline_HG01578/HG01578.chr9.vcf.gz	1.932434 seconds
Concatenating /scratch/rohlfslab/abierly2/LongTR/longTR_pipeline_HG01578/HG01578.chrM.vcf.gz	0.000773 seconds
Concatenating /scratch/rohlfslab/abierly2/LongTR/longTR_pipeline_HG01578/HG01578.chrX.vcf.gz	2.372151 seconds
Concatenating /scratch/rohlfslab/abierly2/LongTR/longTR_pipeline_HG01578/HG01578.chrY.vcf.gz	0.000758 seconds
