Checking the headers and starting positions of 25 files
Concatenating /scratch/rohlfslab/abierly2/LongTR/longTR_pipeline_HG04149/HG04149.chr10.vcf.gz	1.309381 seconds
Concatenating /scratch/rohlfslab/abierly2/LongTR/longTR_pipeline_HG04149/HG04149.chr11.vcf.gz	1.260049 seconds
Concatenating /scratch/rohlfslab/abierly2/LongTR/longTR_pipeline_HG04149/HG04149.chr12.vcf.gz	1.318867 seconds
Concatenating /scratch/rohlfslab/abierly2/LongTR/longTR_pipeline_HG04149/HG04149.chr13.vcf.gz	0.919477 seconds
Concatenating /scratch/rohlfslab/abierly2/LongTR/longTR_pipeline_HG04149/HG04149.chr14.vcf.gz	0.866850 seconds
Concatenating /scratch/rohlfslab/abierly2/LongTR/longTR_pipeline_HG04149/HG04149.chr15.vcf.gz	0.824016 seconds
Concatenating /scratch/rohlfslab/abierly2/LongTR/longTR_pipeline_HG04149/HG04149.chr16.vcf.gz	0.859015 seconds
Concatenating /scratch/rohlfslab/abierly2/LongTR/longTR_pipeline_HG04149/HG04149.chr17.vcf.gz	0.896788 seconds
Concatenating /scratch/rohlfslab/abierly2/LongTR/longTR_pipeline_HG04149/HG04149.chr18.vcf.gz	0.654520 seconds
Concatenating /scratch/rohlfslab/abierly2/LongTR/longTR_pipeline_HG04149/HG04149.chr19.vcf.gz	0.735986 seconds
Concatenating /scratch/rohlfslab/abierly2/LongTR/longTR_pipeline_HG04149/HG04149.chr1.vcf.gz	2.322854 seconds
Concatenating /scratch/rohlfslab/abierly2/LongTR/longTR_pipeline_HG04149/HG04149.chr20.vcf.gz	0.551045 seconds
Concatenating /scratch/rohlfslab/abierly2/LongTR/longTR_pipeline_HG04149/HG04149.chr21.vcf.gz	0.321249 seconds
Concatenating /scratch/rohlfslab/abierly2/LongTR/longTR_pipeline_HG04149/HG04149.chr22.vcf.gz	0.387500 seconds
Concatenating /scratch/rohlfslab/abierly2/LongTR/longTR_pipeline_HG04149/HG04149.chr2.vcf.gz	2.319110 seconds
Concatenating /scratch/rohlfslab/abierly2/LongTR/longTR_pipeline_HG04149/HG04149.chr3.vcf.gz	1.870903 seconds
Concatenating /scratch/rohlfslab/abierly2/LongTR/longTR_pipeline_HG04149/HG04149.chr4.vcf.gz	1.774852 seconds
Concatenating /scratch/rohlfslab/abierly2/LongTR/longTR_pipeline_HG04149/HG04149.chr5.vcf.gz	1.689208 seconds
Concatenating /scratch/rohlfslab/abierly2/LongTR/longTR_pipeline_HG04149/HG04149.chr6.vcf.gz	1.612426 seconds
Concatenating /scratch/rohlfslab/abierly2/LongTR/longTR_pipeline_HG04149/HG04149.chr7.vcf.gz	1.558417 seconds
Concatenating /scratch/rohlfslab/abierly2/LongTR/longTR_pipeline_HG04149/HG04149.chr8.vcf.gz	1.375170 seconds
Concatenating /scratch/rohlfslab/abierly2/LongTR/longTR_pipeline_HG04149/HG04149.chr9.vcf.gz	1.158505 seconds
Concatenating /scratch/rohlfslab/abierly2/LongTR/longTR_pipeline_HG04149/HG04149.chrM.vcf.gz	0.000313 seconds
Concatenating /scratch/rohlfslab/abierly2/LongTR/longTR_pipeline_HG04149/HG04149.chrX.vcf.gz	1.343890 seconds
Concatenating /scratch/rohlfslab/abierly2/LongTR/longTR_pipeline_HG04149/HG04149.chrY.vcf.gz	0.070575 seconds
