Checking the headers and starting positions of 25 files
Concatenating /scratch/rohlfslab/abierly2/LongTR/longTR_pipeline_NA12889/NA12889.chr10.vcf.gz	1.167934 seconds
Concatenating /scratch/rohlfslab/abierly2/LongTR/longTR_pipeline_NA12889/NA12889.chr11.vcf.gz	1.119960 seconds
Concatenating /scratch/rohlfslab/abierly2/LongTR/longTR_pipeline_NA12889/NA12889.chr12.vcf.gz	1.181719 seconds
Concatenating /scratch/rohlfslab/abierly2/LongTR/longTR_pipeline_NA12889/NA12889.chr13.vcf.gz	0.793076 seconds
Concatenating /scratch/rohlfslab/abierly2/LongTR/longTR_pipeline_NA12889/NA12889.chr14.vcf.gz	0.771189 seconds
Concatenating /scratch/rohlfslab/abierly2/LongTR/longTR_pipeline_NA12889/NA12889.chr15.vcf.gz	0.726347 seconds
Concatenating /scratch/rohlfslab/abierly2/LongTR/longTR_pipeline_NA12889/NA12889.chr16.vcf.gz	0.758161 seconds
Concatenating /scratch/rohlfslab/abierly2/LongTR/longTR_pipeline_NA12889/NA12889.chr17.vcf.gz	0.797184 seconds
Concatenating /scratch/rohlfslab/abierly2/LongTR/longTR_pipeline_NA12889/NA12889.chr18.vcf.gz	0.576323 seconds
Concatenating /scratch/rohlfslab/abierly2/LongTR/longTR_pipeline_NA12889/NA12889.chr19.vcf.gz	0.666176 seconds
Concatenating /scratch/rohlfslab/abierly2/LongTR/longTR_pipeline_NA12889/NA12889.chr1.vcf.gz	2.091151 seconds
Concatenating /scratch/rohlfslab/abierly2/LongTR/longTR_pipeline_NA12889/NA12889.chr20.vcf.gz	0.494867 seconds
Concatenating /scratch/rohlfslab/abierly2/LongTR/longTR_pipeline_NA12889/NA12889.chr21.vcf.gz	0.280183 seconds
Concatenating /scratch/rohlfslab/abierly2/LongTR/longTR_pipeline_NA12889/NA12889.chr22.vcf.gz	0.350755 seconds
Concatenating /scratch/rohlfslab/abierly2/LongTR/longTR_pipeline_NA12889/NA12889.chr2.vcf.gz	2.072877 seconds
Concatenating /scratch/rohlfslab/abierly2/LongTR/longTR_pipeline_NA12889/NA12889.chr3.vcf.gz	1.652207 seconds
Concatenating /scratch/rohlfslab/abierly2/LongTR/longTR_pipeline_NA12889/NA12889.chr4.vcf.gz	1.562016 seconds
Concatenating /scratch/rohlfslab/abierly2/LongTR/longTR_pipeline_NA12889/NA12889.chr5.vcf.gz	1.485336 seconds
Concatenating /scratch/rohlfslab/abierly2/LongTR/longTR_pipeline_NA12889/NA12889.chr6.vcf.gz	1.440697 seconds
Concatenating /scratch/rohlfslab/abierly2/LongTR/longTR_pipeline_NA12889/NA12889.chr7.vcf.gz	1.386646 seconds
Concatenating /scratch/rohlfslab/abierly2/LongTR/longTR_pipeline_NA12889/NA12889.chr8.vcf.gz	1.192247 seconds
Concatenating /scratch/rohlfslab/abierly2/LongTR/longTR_pipeline_NA12889/NA12889.chr9.vcf.gz	1.022190 seconds
Concatenating /scratch/rohlfslab/abierly2/LongTR/longTR_pipeline_NA12889/NA12889.chrM.vcf.gz	0.000323 seconds
Concatenating /scratch/rohlfslab/abierly2/LongTR/longTR_pipeline_NA12889/NA12889.chrX.vcf.gz	0.372367 seconds
Concatenating /scratch/rohlfslab/abierly2/LongTR/longTR_pipeline_NA12889/NA12889.chrY.vcf.gz	0.016487 seconds
