Checking the headers and starting positions of 25 files
Concatenating /scratch/rohlfslab/abierly2/LongTR/longTR_pipeline_NA20531/NA20531.chr10.vcf.gz	0.625829 seconds
Concatenating /scratch/rohlfslab/abierly2/LongTR/longTR_pipeline_NA20531/NA20531.chr11.vcf.gz	0.592010 seconds
Concatenating /scratch/rohlfslab/abierly2/LongTR/longTR_pipeline_NA20531/NA20531.chr12.vcf.gz	0.640185 seconds
Concatenating /scratch/rohlfslab/abierly2/LongTR/longTR_pipeline_NA20531/NA20531.chr13.vcf.gz	0.435369 seconds
Concatenating /scratch/rohlfslab/abierly2/LongTR/longTR_pipeline_NA20531/NA20531.chr14.vcf.gz	0.413885 seconds
Concatenating /scratch/rohlfslab/abierly2/LongTR/longTR_pipeline_NA20531/NA20531.chr15.vcf.gz	0.386389 seconds
Concatenating /scratch/rohlfslab/abierly2/LongTR/longTR_pipeline_NA20531/NA20531.chr16.vcf.gz	0.404519 seconds
Concatenating /scratch/rohlfslab/abierly2/LongTR/longTR_pipeline_NA20531/NA20531.chr17.vcf.gz	0.416380 seconds
Concatenating /scratch/rohlfslab/abierly2/LongTR/longTR_pipeline_NA20531/NA20531.chr18.vcf.gz	0.307528 seconds
Concatenating /scratch/rohlfslab/abierly2/LongTR/longTR_pipeline_NA20531/NA20531.chr19.vcf.gz	0.367377 seconds
Concatenating /scratch/rohlfslab/abierly2/LongTR/longTR_pipeline_NA20531/NA20531.chr1.vcf.gz	1.090170 seconds
Concatenating /scratch/rohlfslab/abierly2/LongTR/longTR_pipeline_NA20531/NA20531.chr20.vcf.gz	0.265278 seconds
Concatenating /scratch/rohlfslab/abierly2/LongTR/longTR_pipeline_NA20531/NA20531.chr21.vcf.gz	0.144018 seconds
Concatenating /scratch/rohlfslab/abierly2/LongTR/longTR_pipeline_NA20531/NA20531.chr22.vcf.gz	0.188806 seconds
Concatenating /scratch/rohlfslab/abierly2/LongTR/longTR_pipeline_NA20531/NA20531.chr2.vcf.gz	1.111028 seconds
Concatenating /scratch/rohlfslab/abierly2/LongTR/longTR_pipeline_NA20531/NA20531.chr3.vcf.gz	0.882828 seconds
Concatenating /scratch/rohlfslab/abierly2/LongTR/longTR_pipeline_NA20531/NA20531.chr4.vcf.gz	0.830486 seconds
Concatenating /scratch/rohlfslab/abierly2/LongTR/longTR_pipeline_NA20531/NA20531.chr5.vcf.gz	0.799984 seconds
Concatenating /scratch/rohlfslab/abierly2/LongTR/longTR_pipeline_NA20531/NA20531.chr6.vcf.gz	0.754007 seconds
Concatenating /scratch/rohlfslab/abierly2/LongTR/longTR_pipeline_NA20531/NA20531.chr7.vcf.gz	0.716559 seconds
Concatenating /scratch/rohlfslab/abierly2/LongTR/longTR_pipeline_NA20531/NA20531.chr8.vcf.gz	0.638104 seconds
Concatenating /scratch/rohlfslab/abierly2/LongTR/longTR_pipeline_NA20531/NA20531.chr9.vcf.gz	0.549130 seconds
Concatenating /scratch/rohlfslab/abierly2/LongTR/longTR_pipeline_NA20531/NA20531.chrM.vcf.gz	0.000318 seconds
Concatenating /scratch/rohlfslab/abierly2/LongTR/longTR_pipeline_NA20531/NA20531.chrX.vcf.gz	0.645984 seconds
Concatenating /scratch/rohlfslab/abierly2/LongTR/longTR_pipeline_NA20531/NA20531.chrY.vcf.gz	0.000311 seconds
