Checking the headers and starting positions of 25 files
Concatenating /scratch/rohlfslab/abierly2/LongTR/longTR_pipeline_HG01813/HG01813.chr10.vcf.gz	1.097628 seconds
Concatenating /scratch/rohlfslab/abierly2/LongTR/longTR_pipeline_HG01813/HG01813.chr11.vcf.gz	1.041517 seconds
Concatenating /scratch/rohlfslab/abierly2/LongTR/longTR_pipeline_HG01813/HG01813.chr12.vcf.gz	1.116690 seconds
Concatenating /scratch/rohlfslab/abierly2/LongTR/longTR_pipeline_HG01813/HG01813.chr13.vcf.gz	0.780630 seconds
Concatenating /scratch/rohlfslab/abierly2/LongTR/longTR_pipeline_HG01813/HG01813.chr14.vcf.gz	0.729120 seconds
Concatenating /scratch/rohlfslab/abierly2/LongTR/longTR_pipeline_HG01813/HG01813.chr15.vcf.gz	0.687277 seconds
Concatenating /scratch/rohlfslab/abierly2/LongTR/longTR_pipeline_HG01813/HG01813.chr16.vcf.gz	0.679284 seconds
Concatenating /scratch/rohlfslab/abierly2/LongTR/longTR_pipeline_HG01813/HG01813.chr17.vcf.gz	0.706588 seconds
Concatenating /scratch/rohlfslab/abierly2/LongTR/longTR_pipeline_HG01813/HG01813.chr18.vcf.gz	0.560267 seconds
Concatenating /scratch/rohlfslab/abierly2/LongTR/longTR_pipeline_HG01813/HG01813.chr19.vcf.gz	0.564665 seconds
Concatenating /scratch/rohlfslab/abierly2/LongTR/longTR_pipeline_HG01813/HG01813.chr1.vcf.gz	1.944008 seconds
Concatenating /scratch/rohlfslab/abierly2/LongTR/longTR_pipeline_HG01813/HG01813.chr20.vcf.gz	0.445284 seconds
Concatenating /scratch/rohlfslab/abierly2/LongTR/longTR_pipeline_HG01813/HG01813.chr21.vcf.gz	0.264974 seconds
Concatenating /scratch/rohlfslab/abierly2/LongTR/longTR_pipeline_HG01813/HG01813.chr22.vcf.gz	0.302411 seconds
Concatenating /scratch/rohlfslab/abierly2/LongTR/longTR_pipeline_HG01813/HG01813.chr2.vcf.gz	1.993437 seconds
Concatenating /scratch/rohlfslab/abierly2/LongTR/longTR_pipeline_HG01813/HG01813.chr3.vcf.gz	1.593818 seconds
Concatenating /scratch/rohlfslab/abierly2/LongTR/longTR_pipeline_HG01813/HG01813.chr4.vcf.gz	1.520459 seconds
Concatenating /scratch/rohlfslab/abierly2/LongTR/longTR_pipeline_HG01813/HG01813.chr5.vcf.gz	1.433574 seconds
Concatenating /scratch/rohlfslab/abierly2/LongTR/longTR_pipeline_HG01813/HG01813.chr6.vcf.gz	1.399498 seconds
Concatenating /scratch/rohlfslab/abierly2/LongTR/longTR_pipeline_HG01813/HG01813.chr7.vcf.gz	1.318477 seconds
Concatenating /scratch/rohlfslab/abierly2/LongTR/longTR_pipeline_HG01813/HG01813.chr8.vcf.gz	1.147972 seconds
Concatenating /scratch/rohlfslab/abierly2/LongTR/longTR_pipeline_HG01813/HG01813.chr9.vcf.gz	0.958066 seconds
Concatenating /scratch/rohlfslab/abierly2/LongTR/longTR_pipeline_HG01813/HG01813.chrM.vcf.gz	0.000370 seconds
Concatenating /scratch/rohlfslab/abierly2/LongTR/longTR_pipeline_HG01813/HG01813.chrX.vcf.gz	1.168611 seconds
Concatenating /scratch/rohlfslab/abierly2/LongTR/longTR_pipeline_HG01813/HG01813.chrY.vcf.gz	0.000351 seconds
