Checking the headers and starting positions of 25 files
Concatenating /scratch/rohlfslab/abierly2/LongTR/longTR_pipeline_HG03760/HG03760.chr10.vcf.gz	1.033667 seconds
Concatenating /scratch/rohlfslab/abierly2/LongTR/longTR_pipeline_HG03760/HG03760.chr11.vcf.gz	0.975540 seconds
Concatenating /scratch/rohlfslab/abierly2/LongTR/longTR_pipeline_HG03760/HG03760.chr12.vcf.gz	1.041896 seconds
Concatenating /scratch/rohlfslab/abierly2/LongTR/longTR_pipeline_HG03760/HG03760.chr13.vcf.gz	0.712073 seconds
Concatenating /scratch/rohlfslab/abierly2/LongTR/longTR_pipeline_HG03760/HG03760.chr14.vcf.gz	0.680957 seconds
Concatenating /scratch/rohlfslab/abierly2/LongTR/longTR_pipeline_HG03760/HG03760.chr15.vcf.gz	0.630710 seconds
Concatenating /scratch/rohlfslab/abierly2/LongTR/longTR_pipeline_HG03760/HG03760.chr16.vcf.gz	0.637907 seconds
Concatenating /scratch/rohlfslab/abierly2/LongTR/longTR_pipeline_HG03760/HG03760.chr17.vcf.gz	0.662559 seconds
Concatenating /scratch/rohlfslab/abierly2/LongTR/longTR_pipeline_HG03760/HG03760.chr18.vcf.gz	0.516948 seconds
Concatenating /scratch/rohlfslab/abierly2/LongTR/longTR_pipeline_HG03760/HG03760.chr19.vcf.gz	0.535269 seconds
Concatenating /scratch/rohlfslab/abierly2/LongTR/longTR_pipeline_HG03760/HG03760.chr1.vcf.gz	1.824799 seconds
Concatenating /scratch/rohlfslab/abierly2/LongTR/longTR_pipeline_HG03760/HG03760.chr20.vcf.gz	0.423173 seconds
Concatenating /scratch/rohlfslab/abierly2/LongTR/longTR_pipeline_HG03760/HG03760.chr21.vcf.gz	0.284310 seconds
Concatenating /scratch/rohlfslab/abierly2/LongTR/longTR_pipeline_HG03760/HG03760.chr22.vcf.gz	0.285236 seconds
Concatenating /scratch/rohlfslab/abierly2/LongTR/longTR_pipeline_HG03760/HG03760.chr2.vcf.gz	1.834976 seconds
Concatenating /scratch/rohlfslab/abierly2/LongTR/longTR_pipeline_HG03760/HG03760.chr3.vcf.gz	1.469474 seconds
Concatenating /scratch/rohlfslab/abierly2/LongTR/longTR_pipeline_HG03760/HG03760.chr4.vcf.gz	1.409671 seconds
Concatenating /scratch/rohlfslab/abierly2/LongTR/longTR_pipeline_HG03760/HG03760.chr5.vcf.gz	1.333445 seconds
Concatenating /scratch/rohlfslab/abierly2/LongTR/longTR_pipeline_HG03760/HG03760.chr6.vcf.gz	1.273576 seconds
Concatenating /scratch/rohlfslab/abierly2/LongTR/longTR_pipeline_HG03760/HG03760.chr7.vcf.gz	1.212501 seconds
Concatenating /scratch/rohlfslab/abierly2/LongTR/longTR_pipeline_HG03760/HG03760.chr8.vcf.gz	1.069011 seconds
Concatenating /scratch/rohlfslab/abierly2/LongTR/longTR_pipeline_HG03760/HG03760.chr9.vcf.gz	0.892151 seconds
Concatenating /scratch/rohlfslab/abierly2/LongTR/longTR_pipeline_HG03760/HG03760.chrM.vcf.gz	0.000455 seconds
Concatenating /scratch/rohlfslab/abierly2/LongTR/longTR_pipeline_HG03760/HG03760.chrX.vcf.gz	1.108856 seconds
Concatenating /scratch/rohlfslab/abierly2/LongTR/longTR_pipeline_HG03760/HG03760.chrY.vcf.gz	0.000428 seconds
