Checking the headers and starting positions of 25 files
Concatenating /scratch/rohlfslab/abierly2/LongTR/longTR_pipeline_HG01492/HG01492.chr10.vcf.gz	1.224712 seconds
Concatenating /scratch/rohlfslab/abierly2/LongTR/longTR_pipeline_HG01492/HG01492.chr11.vcf.gz	1.165677 seconds
Concatenating /scratch/rohlfslab/abierly2/LongTR/longTR_pipeline_HG01492/HG01492.chr12.vcf.gz	1.239086 seconds
Concatenating /scratch/rohlfslab/abierly2/LongTR/longTR_pipeline_HG01492/HG01492.chr13.vcf.gz	0.856292 seconds
Concatenating /scratch/rohlfslab/abierly2/LongTR/longTR_pipeline_HG01492/HG01492.chr14.vcf.gz	0.808704 seconds
Concatenating /scratch/rohlfslab/abierly2/LongTR/longTR_pipeline_HG01492/HG01492.chr15.vcf.gz	0.758041 seconds
Concatenating /scratch/rohlfslab/abierly2/LongTR/longTR_pipeline_HG01492/HG01492.chr16.vcf.gz	0.795541 seconds
Concatenating /scratch/rohlfslab/abierly2/LongTR/longTR_pipeline_HG01492/HG01492.chr17.vcf.gz	0.828369 seconds
Concatenating /scratch/rohlfslab/abierly2/LongTR/longTR_pipeline_HG01492/HG01492.chr18.vcf.gz	0.613972 seconds
Concatenating /scratch/rohlfslab/abierly2/LongTR/longTR_pipeline_HG01492/HG01492.chr19.vcf.gz	0.687159 seconds
Concatenating /scratch/rohlfslab/abierly2/LongTR/longTR_pipeline_HG01492/HG01492.chr1.vcf.gz	2.197043 seconds
Concatenating /scratch/rohlfslab/abierly2/LongTR/longTR_pipeline_HG01492/HG01492.chr20.vcf.gz	0.514604 seconds
Concatenating /scratch/rohlfslab/abierly2/LongTR/longTR_pipeline_HG01492/HG01492.chr21.vcf.gz	0.296178 seconds
Concatenating /scratch/rohlfslab/abierly2/LongTR/longTR_pipeline_HG01492/HG01492.chr22.vcf.gz	0.363515 seconds
Concatenating /scratch/rohlfslab/abierly2/LongTR/longTR_pipeline_HG01492/HG01492.chr2.vcf.gz	2.186557 seconds
Concatenating /scratch/rohlfslab/abierly2/LongTR/longTR_pipeline_HG01492/HG01492.chr3.vcf.gz	1.752671 seconds
Concatenating /scratch/rohlfslab/abierly2/LongTR/longTR_pipeline_HG01492/HG01492.chr4.vcf.gz	1.686337 seconds
Concatenating /scratch/rohlfslab/abierly2/LongTR/longTR_pipeline_HG01492/HG01492.chr5.vcf.gz	1.584042 seconds
Concatenating /scratch/rohlfslab/abierly2/LongTR/longTR_pipeline_HG01492/HG01492.chr6.vcf.gz	1.518284 seconds
Concatenating /scratch/rohlfslab/abierly2/LongTR/longTR_pipeline_HG01492/HG01492.chr7.vcf.gz	1.462621 seconds
Concatenating /scratch/rohlfslab/abierly2/LongTR/longTR_pipeline_HG01492/HG01492.chr8.vcf.gz	1.280296 seconds
Concatenating /scratch/rohlfslab/abierly2/LongTR/longTR_pipeline_HG01492/HG01492.chr9.vcf.gz	1.070600 seconds
Concatenating /scratch/rohlfslab/abierly2/LongTR/longTR_pipeline_HG01492/HG01492.chrM.vcf.gz	0.000302 seconds
Concatenating /scratch/rohlfslab/abierly2/LongTR/longTR_pipeline_HG01492/HG01492.chrX.vcf.gz	1.314699 seconds
Concatenating /scratch/rohlfslab/abierly2/LongTR/longTR_pipeline_HG01492/HG01492.chrY.vcf.gz	0.000454 seconds
