Checking the headers and starting positions of 25 files
Concatenating /scratch/rohlfslab/abierly2/LongTR/longTR_pipeline_HG02737/HG02737.chr10.vcf.gz	1.234917 seconds
Concatenating /scratch/rohlfslab/abierly2/LongTR/longTR_pipeline_HG02737/HG02737.chr11.vcf.gz	1.174196 seconds
Concatenating /scratch/rohlfslab/abierly2/LongTR/longTR_pipeline_HG02737/HG02737.chr12.vcf.gz	1.245684 seconds
Concatenating /scratch/rohlfslab/abierly2/LongTR/longTR_pipeline_HG02737/HG02737.chr13.vcf.gz	0.859807 seconds
Concatenating /scratch/rohlfslab/abierly2/LongTR/longTR_pipeline_HG02737/HG02737.chr14.vcf.gz	0.813746 seconds
Concatenating /scratch/rohlfslab/abierly2/LongTR/longTR_pipeline_HG02737/HG02737.chr15.vcf.gz	0.762649 seconds
Concatenating /scratch/rohlfslab/abierly2/LongTR/longTR_pipeline_HG02737/HG02737.chr16.vcf.gz	0.792578 seconds
Concatenating /scratch/rohlfslab/abierly2/LongTR/longTR_pipeline_HG02737/HG02737.chr17.vcf.gz	0.828183 seconds
Concatenating /scratch/rohlfslab/abierly2/LongTR/longTR_pipeline_HG02737/HG02737.chr18.vcf.gz	0.627118 seconds
Concatenating /scratch/rohlfslab/abierly2/LongTR/longTR_pipeline_HG02737/HG02737.chr19.vcf.gz	0.678664 seconds
Concatenating /scratch/rohlfslab/abierly2/LongTR/longTR_pipeline_HG02737/HG02737.chr1.vcf.gz	2.194578 seconds
Concatenating /scratch/rohlfslab/abierly2/LongTR/longTR_pipeline_HG02737/HG02737.chr20.vcf.gz	0.518434 seconds
Concatenating /scratch/rohlfslab/abierly2/LongTR/longTR_pipeline_HG02737/HG02737.chr21.vcf.gz	0.298189 seconds
Concatenating /scratch/rohlfslab/abierly2/LongTR/longTR_pipeline_HG02737/HG02737.chr22.vcf.gz	0.362729 seconds
Concatenating /scratch/rohlfslab/abierly2/LongTR/longTR_pipeline_HG02737/HG02737.chr2.vcf.gz	2.202007 seconds
Concatenating /scratch/rohlfslab/abierly2/LongTR/longTR_pipeline_HG02737/HG02737.chr3.vcf.gz	1.943049 seconds
Concatenating /scratch/rohlfslab/abierly2/LongTR/longTR_pipeline_HG02737/HG02737.chr4.vcf.gz	1.675078 seconds
Concatenating /scratch/rohlfslab/abierly2/LongTR/longTR_pipeline_HG02737/HG02737.chr5.vcf.gz	1.591886 seconds
Concatenating /scratch/rohlfslab/abierly2/LongTR/longTR_pipeline_HG02737/HG02737.chr6.vcf.gz	1.532398 seconds
Concatenating /scratch/rohlfslab/abierly2/LongTR/longTR_pipeline_HG02737/HG02737.chr7.vcf.gz	1.475061 seconds
Concatenating /scratch/rohlfslab/abierly2/LongTR/longTR_pipeline_HG02737/HG02737.chr8.vcf.gz	1.282423 seconds
Concatenating /scratch/rohlfslab/abierly2/LongTR/longTR_pipeline_HG02737/HG02737.chr9.vcf.gz	1.077469 seconds
Concatenating /scratch/rohlfslab/abierly2/LongTR/longTR_pipeline_HG02737/HG02737.chrM.vcf.gz	0.000551 seconds
Concatenating /scratch/rohlfslab/abierly2/LongTR/longTR_pipeline_HG02737/HG02737.chrX.vcf.gz	1.318953 seconds
Concatenating /scratch/rohlfslab/abierly2/LongTR/longTR_pipeline_HG02737/HG02737.chrY.vcf.gz	0.000590 seconds
