Checking the headers and starting positions of 25 files
Concatenating /scratch/rohlfslab/abierly2/LongTR/longTR_pipeline_HG01107/HG01107.chr10.vcf.gz	1.232991 seconds
Concatenating /scratch/rohlfslab/abierly2/LongTR/longTR_pipeline_HG01107/HG01107.chr11.vcf.gz	1.176917 seconds
Concatenating /scratch/rohlfslab/abierly2/LongTR/longTR_pipeline_HG01107/HG01107.chr12.vcf.gz	1.266727 seconds
Concatenating /scratch/rohlfslab/abierly2/LongTR/longTR_pipeline_HG01107/HG01107.chr13.vcf.gz	0.864286 seconds
Concatenating /scratch/rohlfslab/abierly2/LongTR/longTR_pipeline_HG01107/HG01107.chr14.vcf.gz	0.812875 seconds
Concatenating /scratch/rohlfslab/abierly2/LongTR/longTR_pipeline_HG01107/HG01107.chr15.vcf.gz	0.762687 seconds
Concatenating /scratch/rohlfslab/abierly2/LongTR/longTR_pipeline_HG01107/HG01107.chr16.vcf.gz	0.804189 seconds
Concatenating /scratch/rohlfslab/abierly2/LongTR/longTR_pipeline_HG01107/HG01107.chr17.vcf.gz	0.827723 seconds
Concatenating /scratch/rohlfslab/abierly2/LongTR/longTR_pipeline_HG01107/HG01107.chr18.vcf.gz	0.622053 seconds
Concatenating /scratch/rohlfslab/abierly2/LongTR/longTR_pipeline_HG01107/HG01107.chr19.vcf.gz	0.685004 seconds
Concatenating /scratch/rohlfslab/abierly2/LongTR/longTR_pipeline_HG01107/HG01107.chr1.vcf.gz	2.247887 seconds
Concatenating /scratch/rohlfslab/abierly2/LongTR/longTR_pipeline_HG01107/HG01107.chr20.vcf.gz	0.518404 seconds
Concatenating /scratch/rohlfslab/abierly2/LongTR/longTR_pipeline_HG01107/HG01107.chr21.vcf.gz	0.300599 seconds
Concatenating /scratch/rohlfslab/abierly2/LongTR/longTR_pipeline_HG01107/HG01107.chr22.vcf.gz	0.360801 seconds
Concatenating /scratch/rohlfslab/abierly2/LongTR/longTR_pipeline_HG01107/HG01107.chr2.vcf.gz	2.220666 seconds
Concatenating /scratch/rohlfslab/abierly2/LongTR/longTR_pipeline_HG01107/HG01107.chr3.vcf.gz	1.753974 seconds
Concatenating /scratch/rohlfslab/abierly2/LongTR/longTR_pipeline_HG01107/HG01107.chr4.vcf.gz	1.682204 seconds
Concatenating /scratch/rohlfslab/abierly2/LongTR/longTR_pipeline_HG01107/HG01107.chr5.vcf.gz	1.585915 seconds
Concatenating /scratch/rohlfslab/abierly2/LongTR/longTR_pipeline_HG01107/HG01107.chr6.vcf.gz	1.523937 seconds
Concatenating /scratch/rohlfslab/abierly2/LongTR/longTR_pipeline_HG01107/HG01107.chr7.vcf.gz	1.473788 seconds
Concatenating /scratch/rohlfslab/abierly2/LongTR/longTR_pipeline_HG01107/HG01107.chr8.vcf.gz	1.269687 seconds
Concatenating /scratch/rohlfslab/abierly2/LongTR/longTR_pipeline_HG01107/HG01107.chr9.vcf.gz	1.081106 seconds
Concatenating /scratch/rohlfslab/abierly2/LongTR/longTR_pipeline_HG01107/HG01107.chrM.vcf.gz	0.000304 seconds
Concatenating /scratch/rohlfslab/abierly2/LongTR/longTR_pipeline_HG01107/HG01107.chrX.vcf.gz	0.844897 seconds
Concatenating /scratch/rohlfslab/abierly2/LongTR/longTR_pipeline_HG01107/HG01107.chrY.vcf.gz	0.044264 seconds
