Checking the headers and starting positions of 25 files
Concatenating /scratch/rohlfslab/abierly2/LongTR/longTR_pipeline_HG01494/HG01494.chr10.vcf.gz	1.238248 seconds
Concatenating /scratch/rohlfslab/abierly2/LongTR/longTR_pipeline_HG01494/HG01494.chr11.vcf.gz	1.183058 seconds
Concatenating /scratch/rohlfslab/abierly2/LongTR/longTR_pipeline_HG01494/HG01494.chr12.vcf.gz	1.251834 seconds
Concatenating /scratch/rohlfslab/abierly2/LongTR/longTR_pipeline_HG01494/HG01494.chr13.vcf.gz	0.873834 seconds
Concatenating /scratch/rohlfslab/abierly2/LongTR/longTR_pipeline_HG01494/HG01494.chr14.vcf.gz	0.825122 seconds
Concatenating /scratch/rohlfslab/abierly2/LongTR/longTR_pipeline_HG01494/HG01494.chr15.vcf.gz	0.774352 seconds
Concatenating /scratch/rohlfslab/abierly2/LongTR/longTR_pipeline_HG01494/HG01494.chr16.vcf.gz	0.806602 seconds
Concatenating /scratch/rohlfslab/abierly2/LongTR/longTR_pipeline_HG01494/HG01494.chr17.vcf.gz	0.836655 seconds
Concatenating /scratch/rohlfslab/abierly2/LongTR/longTR_pipeline_HG01494/HG01494.chr18.vcf.gz	0.624738 seconds
Concatenating /scratch/rohlfslab/abierly2/LongTR/longTR_pipeline_HG01494/HG01494.chr19.vcf.gz	0.690138 seconds
Concatenating /scratch/rohlfslab/abierly2/LongTR/longTR_pipeline_HG01494/HG01494.chr1.vcf.gz	2.212689 seconds
Concatenating /scratch/rohlfslab/abierly2/LongTR/longTR_pipeline_HG01494/HG01494.chr20.vcf.gz	0.522441 seconds
Concatenating /scratch/rohlfslab/abierly2/LongTR/longTR_pipeline_HG01494/HG01494.chr21.vcf.gz	0.303624 seconds
Concatenating /scratch/rohlfslab/abierly2/LongTR/longTR_pipeline_HG01494/HG01494.chr22.vcf.gz	0.366212 seconds
Concatenating /scratch/rohlfslab/abierly2/LongTR/longTR_pipeline_HG01494/HG01494.chr2.vcf.gz	2.216760 seconds
Concatenating /scratch/rohlfslab/abierly2/LongTR/longTR_pipeline_HG01494/HG01494.chr3.vcf.gz	1.822115 seconds
Concatenating /scratch/rohlfslab/abierly2/LongTR/longTR_pipeline_HG01494/HG01494.chr4.vcf.gz	1.723723 seconds
Concatenating /scratch/rohlfslab/abierly2/LongTR/longTR_pipeline_HG01494/HG01494.chr5.vcf.gz	1.607118 seconds
Concatenating /scratch/rohlfslab/abierly2/LongTR/longTR_pipeline_HG01494/HG01494.chr6.vcf.gz	1.546439 seconds
Concatenating /scratch/rohlfslab/abierly2/LongTR/longTR_pipeline_HG01494/HG01494.chr7.vcf.gz	1.491181 seconds
Concatenating /scratch/rohlfslab/abierly2/LongTR/longTR_pipeline_HG01494/HG01494.chr8.vcf.gz	1.291440 seconds
Concatenating /scratch/rohlfslab/abierly2/LongTR/longTR_pipeline_HG01494/HG01494.chr9.vcf.gz	1.090055 seconds
Concatenating /scratch/rohlfslab/abierly2/LongTR/longTR_pipeline_HG01494/HG01494.chrM.vcf.gz	0.000467 seconds
Concatenating /scratch/rohlfslab/abierly2/LongTR/longTR_pipeline_HG01494/HG01494.chrX.vcf.gz	0.922012 seconds
Concatenating /scratch/rohlfslab/abierly2/LongTR/longTR_pipeline_HG01494/HG01494.chrY.vcf.gz	0.044431 seconds
