Checking the headers and starting positions of 25 files
Concatenating /scratch/rohlfslab/abierly2/LongTR/longTR_pipeline_HG03928/HG03928.chr10.vcf.gz	1.518304 seconds
Concatenating /scratch/rohlfslab/abierly2/LongTR/longTR_pipeline_HG03928/HG03928.chr11.vcf.gz	1.440305 seconds
Concatenating /scratch/rohlfslab/abierly2/LongTR/longTR_pipeline_HG03928/HG03928.chr12.vcf.gz	1.552970 seconds
Concatenating /scratch/rohlfslab/abierly2/LongTR/longTR_pipeline_HG03928/HG03928.chr13.vcf.gz	1.058729 seconds
Concatenating /scratch/rohlfslab/abierly2/LongTR/longTR_pipeline_HG03928/HG03928.chr14.vcf.gz	1.015301 seconds
Concatenating /scratch/rohlfslab/abierly2/LongTR/longTR_pipeline_HG03928/HG03928.chr15.vcf.gz	0.939254 seconds
Concatenating /scratch/rohlfslab/abierly2/LongTR/longTR_pipeline_HG03928/HG03928.chr16.vcf.gz	0.995648 seconds
Concatenating /scratch/rohlfslab/abierly2/LongTR/longTR_pipeline_HG03928/HG03928.chr17.vcf.gz	0.991239 seconds
Concatenating /scratch/rohlfslab/abierly2/LongTR/longTR_pipeline_HG03928/HG03928.chr18.vcf.gz	0.740858 seconds
Concatenating /scratch/rohlfslab/abierly2/LongTR/longTR_pipeline_HG03928/HG03928.chr19.vcf.gz	0.831053 seconds
Concatenating /scratch/rohlfslab/abierly2/LongTR/longTR_pipeline_HG03928/HG03928.chr1.vcf.gz	2.681278 seconds
Concatenating /scratch/rohlfslab/abierly2/LongTR/longTR_pipeline_HG03928/HG03928.chr20.vcf.gz	0.625197 seconds
Concatenating /scratch/rohlfslab/abierly2/LongTR/longTR_pipeline_HG03928/HG03928.chr21.vcf.gz	0.366964 seconds
Concatenating /scratch/rohlfslab/abierly2/LongTR/longTR_pipeline_HG03928/HG03928.chr22.vcf.gz	0.440214 seconds
Concatenating /scratch/rohlfslab/abierly2/LongTR/longTR_pipeline_HG03928/HG03928.chr2.vcf.gz	2.667648 seconds
Concatenating /scratch/rohlfslab/abierly2/LongTR/longTR_pipeline_HG03928/HG03928.chr3.vcf.gz	2.141096 seconds
Concatenating /scratch/rohlfslab/abierly2/LongTR/longTR_pipeline_HG03928/HG03928.chr4.vcf.gz	2.047845 seconds
Concatenating /scratch/rohlfslab/abierly2/LongTR/longTR_pipeline_HG03928/HG03928.chr5.vcf.gz	1.922107 seconds
Concatenating /scratch/rohlfslab/abierly2/LongTR/longTR_pipeline_HG03928/HG03928.chr6.vcf.gz	1.823039 seconds
Concatenating /scratch/rohlfslab/abierly2/LongTR/longTR_pipeline_HG03928/HG03928.chr7.vcf.gz	1.805761 seconds
Concatenating /scratch/rohlfslab/abierly2/LongTR/longTR_pipeline_HG03928/HG03928.chr8.vcf.gz	1.538219 seconds
Concatenating /scratch/rohlfslab/abierly2/LongTR/longTR_pipeline_HG03928/HG03928.chr9.vcf.gz	1.358450 seconds
Concatenating /scratch/rohlfslab/abierly2/LongTR/longTR_pipeline_HG03928/HG03928.chrM.vcf.gz	0.000396 seconds
Concatenating /scratch/rohlfslab/abierly2/LongTR/longTR_pipeline_HG03928/HG03928.chrX.vcf.gz	1.569840 seconds
Concatenating /scratch/rohlfslab/abierly2/LongTR/longTR_pipeline_HG03928/HG03928.chrY.vcf.gz	0.000368 seconds
