Checking the headers and starting positions of 25 files
Concatenating /scratch/rohlfslab/abierly2/LongTR/longTR_pipeline_HG01085/HG01085.chr10.vcf.gz	1.237718 seconds
Concatenating /scratch/rohlfslab/abierly2/LongTR/longTR_pipeline_HG01085/HG01085.chr11.vcf.gz	1.173204 seconds
Concatenating /scratch/rohlfslab/abierly2/LongTR/longTR_pipeline_HG01085/HG01085.chr12.vcf.gz	1.238741 seconds
Concatenating /scratch/rohlfslab/abierly2/LongTR/longTR_pipeline_HG01085/HG01085.chr13.vcf.gz	0.860468 seconds
Concatenating /scratch/rohlfslab/abierly2/LongTR/longTR_pipeline_HG01085/HG01085.chr14.vcf.gz	0.825114 seconds
Concatenating /scratch/rohlfslab/abierly2/LongTR/longTR_pipeline_HG01085/HG01085.chr15.vcf.gz	0.775219 seconds
Concatenating /scratch/rohlfslab/abierly2/LongTR/longTR_pipeline_HG01085/HG01085.chr16.vcf.gz	0.797779 seconds
Concatenating /scratch/rohlfslab/abierly2/LongTR/longTR_pipeline_HG01085/HG01085.chr17.vcf.gz	0.847009 seconds
Concatenating /scratch/rohlfslab/abierly2/LongTR/longTR_pipeline_HG01085/HG01085.chr18.vcf.gz	0.625396 seconds
Concatenating /scratch/rohlfslab/abierly2/LongTR/longTR_pipeline_HG01085/HG01085.chr19.vcf.gz	0.693582 seconds
Concatenating /scratch/rohlfslab/abierly2/LongTR/longTR_pipeline_HG01085/HG01085.chr1.vcf.gz	2.202875 seconds
Concatenating /scratch/rohlfslab/abierly2/LongTR/longTR_pipeline_HG01085/HG01085.chr20.vcf.gz	0.523885 seconds
Concatenating /scratch/rohlfslab/abierly2/LongTR/longTR_pipeline_HG01085/HG01085.chr21.vcf.gz	0.305291 seconds
Concatenating /scratch/rohlfslab/abierly2/LongTR/longTR_pipeline_HG01085/HG01085.chr22.vcf.gz	0.364934 seconds
Concatenating /scratch/rohlfslab/abierly2/LongTR/longTR_pipeline_HG01085/HG01085.chr2.vcf.gz	2.276224 seconds
Concatenating /scratch/rohlfslab/abierly2/LongTR/longTR_pipeline_HG01085/HG01085.chr3.vcf.gz	1.759184 seconds
Concatenating /scratch/rohlfslab/abierly2/LongTR/longTR_pipeline_HG01085/HG01085.chr4.vcf.gz	1.697931 seconds
Concatenating /scratch/rohlfslab/abierly2/LongTR/longTR_pipeline_HG01085/HG01085.chr5.vcf.gz	1.610905 seconds
Concatenating /scratch/rohlfslab/abierly2/LongTR/longTR_pipeline_HG01085/HG01085.chr6.vcf.gz	1.532534 seconds
Concatenating /scratch/rohlfslab/abierly2/LongTR/longTR_pipeline_HG01085/HG01085.chr7.vcf.gz	1.467242 seconds
Concatenating /scratch/rohlfslab/abierly2/LongTR/longTR_pipeline_HG01085/HG01085.chr8.vcf.gz	1.274396 seconds
Concatenating /scratch/rohlfslab/abierly2/LongTR/longTR_pipeline_HG01085/HG01085.chr9.vcf.gz	1.077206 seconds
Concatenating /scratch/rohlfslab/abierly2/LongTR/longTR_pipeline_HG01085/HG01085.chrM.vcf.gz	0.000317 seconds
Concatenating /scratch/rohlfslab/abierly2/LongTR/longTR_pipeline_HG01085/HG01085.chrX.vcf.gz	0.475610 seconds
Concatenating /scratch/rohlfslab/abierly2/LongTR/longTR_pipeline_HG01085/HG01085.chrY.vcf.gz	0.018645 seconds
