Checking the headers and starting positions of 25 files
Concatenating /scratch/rohlfslab/abierly2/LongTR/longTR_pipeline_HG03730/HG03730.chr10.vcf.gz	0.816577 seconds
Concatenating /scratch/rohlfslab/abierly2/LongTR/longTR_pipeline_HG03730/HG03730.chr11.vcf.gz	0.783657 seconds
Concatenating /scratch/rohlfslab/abierly2/LongTR/longTR_pipeline_HG03730/HG03730.chr12.vcf.gz	0.822558 seconds
Concatenating /scratch/rohlfslab/abierly2/LongTR/longTR_pipeline_HG03730/HG03730.chr13.vcf.gz	0.542731 seconds
Concatenating /scratch/rohlfslab/abierly2/LongTR/longTR_pipeline_HG03730/HG03730.chr14.vcf.gz	0.533201 seconds
Concatenating /scratch/rohlfslab/abierly2/LongTR/longTR_pipeline_HG03730/HG03730.chr15.vcf.gz	0.510408 seconds
Concatenating /scratch/rohlfslab/abierly2/LongTR/longTR_pipeline_HG03730/HG03730.chr16.vcf.gz	0.520599 seconds
Concatenating /scratch/rohlfslab/abierly2/LongTR/longTR_pipeline_HG03730/HG03730.chr17.vcf.gz	0.567116 seconds
Concatenating /scratch/rohlfslab/abierly2/LongTR/longTR_pipeline_HG03730/HG03730.chr18.vcf.gz	0.404094 seconds
Concatenating /scratch/rohlfslab/abierly2/LongTR/longTR_pipeline_HG03730/HG03730.chr19.vcf.gz	0.475433 seconds
Concatenating /scratch/rohlfslab/abierly2/LongTR/longTR_pipeline_HG03730/HG03730.chr1.vcf.gz	1.477982 seconds
Concatenating /scratch/rohlfslab/abierly2/LongTR/longTR_pipeline_HG03730/HG03730.chr20.vcf.gz	0.342088 seconds
Concatenating /scratch/rohlfslab/abierly2/LongTR/longTR_pipeline_HG03730/HG03730.chr21.vcf.gz	0.201773 seconds
Concatenating /scratch/rohlfslab/abierly2/LongTR/longTR_pipeline_HG03730/HG03730.chr22.vcf.gz	0.242090 seconds
Concatenating /scratch/rohlfslab/abierly2/LongTR/longTR_pipeline_HG03730/HG03730.chr2.vcf.gz	1.450143 seconds
Concatenating /scratch/rohlfslab/abierly2/LongTR/longTR_pipeline_HG03730/HG03730.chr3.vcf.gz	1.172002 seconds
Concatenating /scratch/rohlfslab/abierly2/LongTR/longTR_pipeline_HG03730/HG03730.chr4.vcf.gz	1.079421 seconds
Concatenating /scratch/rohlfslab/abierly2/LongTR/longTR_pipeline_HG03730/HG03730.chr5.vcf.gz	1.031087 seconds
Concatenating /scratch/rohlfslab/abierly2/LongTR/longTR_pipeline_HG03730/HG03730.chr6.vcf.gz	0.997785 seconds
Concatenating /scratch/rohlfslab/abierly2/LongTR/longTR_pipeline_HG03730/HG03730.chr7.vcf.gz	0.964784 seconds
Concatenating /scratch/rohlfslab/abierly2/LongTR/longTR_pipeline_HG03730/HG03730.chr8.vcf.gz	0.851451 seconds
Concatenating /scratch/rohlfslab/abierly2/LongTR/longTR_pipeline_HG03730/HG03730.chr9.vcf.gz	0.725829 seconds
Concatenating /scratch/rohlfslab/abierly2/LongTR/longTR_pipeline_HG03730/HG03730.chrM.vcf.gz	0.000320 seconds
Concatenating /scratch/rohlfslab/abierly2/LongTR/longTR_pipeline_HG03730/HG03730.chrX.vcf.gz	0.840102 seconds
Concatenating /scratch/rohlfslab/abierly2/LongTR/longTR_pipeline_HG03730/HG03730.chrY.vcf.gz	0.000338 seconds
