Checking the headers and starting positions of 25 files
Concatenating /scratch/rohlfslab/abierly2/LongTR/longTR_pipeline_HG02136/HG02136.chr10.vcf.gz	1.019294 seconds
Concatenating /scratch/rohlfslab/abierly2/LongTR/longTR_pipeline_HG02136/HG02136.chr11.vcf.gz	0.974662 seconds
Concatenating /scratch/rohlfslab/abierly2/LongTR/longTR_pipeline_HG02136/HG02136.chr12.vcf.gz	1.037769 seconds
Concatenating /scratch/rohlfslab/abierly2/LongTR/longTR_pipeline_HG02136/HG02136.chr13.vcf.gz	0.707727 seconds
Concatenating /scratch/rohlfslab/abierly2/LongTR/longTR_pipeline_HG02136/HG02136.chr14.vcf.gz	0.684926 seconds
Concatenating /scratch/rohlfslab/abierly2/LongTR/longTR_pipeline_HG02136/HG02136.chr15.vcf.gz	0.638390 seconds
Concatenating /scratch/rohlfslab/abierly2/LongTR/longTR_pipeline_HG02136/HG02136.chr16.vcf.gz	0.659972 seconds
Concatenating /scratch/rohlfslab/abierly2/LongTR/longTR_pipeline_HG02136/HG02136.chr17.vcf.gz	0.685684 seconds
Concatenating /scratch/rohlfslab/abierly2/LongTR/longTR_pipeline_HG02136/HG02136.chr18.vcf.gz	0.508146 seconds
Concatenating /scratch/rohlfslab/abierly2/LongTR/longTR_pipeline_HG02136/HG02136.chr19.vcf.gz	0.570438 seconds
Concatenating /scratch/rohlfslab/abierly2/LongTR/longTR_pipeline_HG02136/HG02136.chr1.vcf.gz	1.829251 seconds
Concatenating /scratch/rohlfslab/abierly2/LongTR/longTR_pipeline_HG02136/HG02136.chr20.vcf.gz	0.434599 seconds
Concatenating /scratch/rohlfslab/abierly2/LongTR/longTR_pipeline_HG02136/HG02136.chr21.vcf.gz	0.252021 seconds
Concatenating /scratch/rohlfslab/abierly2/LongTR/longTR_pipeline_HG02136/HG02136.chr22.vcf.gz	0.299711 seconds
Concatenating /scratch/rohlfslab/abierly2/LongTR/longTR_pipeline_HG02136/HG02136.chr2.vcf.gz	1.835130 seconds
Concatenating /scratch/rohlfslab/abierly2/LongTR/longTR_pipeline_HG02136/HG02136.chr3.vcf.gz	1.472045 seconds
Concatenating /scratch/rohlfslab/abierly2/LongTR/longTR_pipeline_HG02136/HG02136.chr4.vcf.gz	1.379332 seconds
Concatenating /scratch/rohlfslab/abierly2/LongTR/longTR_pipeline_HG02136/HG02136.chr5.vcf.gz	1.321315 seconds
Concatenating /scratch/rohlfslab/abierly2/LongTR/longTR_pipeline_HG02136/HG02136.chr6.vcf.gz	1.266601 seconds
Concatenating /scratch/rohlfslab/abierly2/LongTR/longTR_pipeline_HG02136/HG02136.chr7.vcf.gz	1.215734 seconds
Concatenating /scratch/rohlfslab/abierly2/LongTR/longTR_pipeline_HG02136/HG02136.chr8.vcf.gz	1.048158 seconds
Concatenating /scratch/rohlfslab/abierly2/LongTR/longTR_pipeline_HG02136/HG02136.chr9.vcf.gz	0.901779 seconds
Concatenating /scratch/rohlfslab/abierly2/LongTR/longTR_pipeline_HG02136/HG02136.chrM.vcf.gz	0.000589 seconds
Concatenating /scratch/rohlfslab/abierly2/LongTR/longTR_pipeline_HG02136/HG02136.chrX.vcf.gz	1.056006 seconds
Concatenating /scratch/rohlfslab/abierly2/LongTR/longTR_pipeline_HG02136/HG02136.chrY.vcf.gz	0.000293 seconds
