Checking the headers and starting positions of 25 files
Concatenating /scratch/rohlfslab/abierly2/LongTR/longTR_pipeline_HG02384/HG02384.chr10.vcf.gz	1.240707 seconds
Concatenating /scratch/rohlfslab/abierly2/LongTR/longTR_pipeline_HG02384/HG02384.chr11.vcf.gz	1.180268 seconds
Concatenating /scratch/rohlfslab/abierly2/LongTR/longTR_pipeline_HG02384/HG02384.chr12.vcf.gz	1.254492 seconds
Concatenating /scratch/rohlfslab/abierly2/LongTR/longTR_pipeline_HG02384/HG02384.chr13.vcf.gz	0.865164 seconds
Concatenating /scratch/rohlfslab/abierly2/LongTR/longTR_pipeline_HG02384/HG02384.chr14.vcf.gz	0.817564 seconds
Concatenating /scratch/rohlfslab/abierly2/LongTR/longTR_pipeline_HG02384/HG02384.chr15.vcf.gz	0.769359 seconds
Concatenating /scratch/rohlfslab/abierly2/LongTR/longTR_pipeline_HG02384/HG02384.chr16.vcf.gz	0.801328 seconds
Concatenating /scratch/rohlfslab/abierly2/LongTR/longTR_pipeline_HG02384/HG02384.chr17.vcf.gz	0.835359 seconds
Concatenating /scratch/rohlfslab/abierly2/LongTR/longTR_pipeline_HG02384/HG02384.chr18.vcf.gz	0.624622 seconds
Concatenating /scratch/rohlfslab/abierly2/LongTR/longTR_pipeline_HG02384/HG02384.chr19.vcf.gz	0.684965 seconds
Concatenating /scratch/rohlfslab/abierly2/LongTR/longTR_pipeline_HG02384/HG02384.chr1.vcf.gz	2.199586 seconds
Concatenating /scratch/rohlfslab/abierly2/LongTR/longTR_pipeline_HG02384/HG02384.chr20.vcf.gz	0.516651 seconds
Concatenating /scratch/rohlfslab/abierly2/LongTR/longTR_pipeline_HG02384/HG02384.chr21.vcf.gz	0.300223 seconds
Concatenating /scratch/rohlfslab/abierly2/LongTR/longTR_pipeline_HG02384/HG02384.chr22.vcf.gz	0.361588 seconds
Concatenating /scratch/rohlfslab/abierly2/LongTR/longTR_pipeline_HG02384/HG02384.chr2.vcf.gz	2.213553 seconds
Concatenating /scratch/rohlfslab/abierly2/LongTR/longTR_pipeline_HG02384/HG02384.chr3.vcf.gz	1.780800 seconds
Concatenating /scratch/rohlfslab/abierly2/LongTR/longTR_pipeline_HG02384/HG02384.chr4.vcf.gz	1.684593 seconds
Concatenating /scratch/rohlfslab/abierly2/LongTR/longTR_pipeline_HG02384/HG02384.chr5.vcf.gz	1.595304 seconds
Concatenating /scratch/rohlfslab/abierly2/LongTR/longTR_pipeline_HG02384/HG02384.chr6.vcf.gz	1.535367 seconds
Concatenating /scratch/rohlfslab/abierly2/LongTR/longTR_pipeline_HG02384/HG02384.chr7.vcf.gz	1.480133 seconds
Concatenating /scratch/rohlfslab/abierly2/LongTR/longTR_pipeline_HG02384/HG02384.chr8.vcf.gz	1.280420 seconds
Concatenating /scratch/rohlfslab/abierly2/LongTR/longTR_pipeline_HG02384/HG02384.chr9.vcf.gz	1.085853 seconds
Concatenating /scratch/rohlfslab/abierly2/LongTR/longTR_pipeline_HG02384/HG02384.chrM.vcf.gz	0.000393 seconds
Concatenating /scratch/rohlfslab/abierly2/LongTR/longTR_pipeline_HG02384/HG02384.chrX.vcf.gz	0.996326 seconds
Concatenating /scratch/rohlfslab/abierly2/LongTR/longTR_pipeline_HG02384/HG02384.chrY.vcf.gz	0.058012 seconds
