Checking the headers and starting positions of 25 files
Concatenating /scratch/rohlfslab/abierly2/LongTR/longTR_pipeline_HG02524/HG02524.chr10.vcf.gz	1.263968 seconds
Concatenating /scratch/rohlfslab/abierly2/LongTR/longTR_pipeline_HG02524/HG02524.chr11.vcf.gz	1.719764 seconds
Concatenating /scratch/rohlfslab/abierly2/LongTR/longTR_pipeline_HG02524/HG02524.chr12.vcf.gz	1.835439 seconds
Concatenating /scratch/rohlfslab/abierly2/LongTR/longTR_pipeline_HG02524/HG02524.chr13.vcf.gz	1.265195 seconds
Concatenating /scratch/rohlfslab/abierly2/LongTR/longTR_pipeline_HG02524/HG02524.chr14.vcf.gz	1.190359 seconds
Concatenating /scratch/rohlfslab/abierly2/LongTR/longTR_pipeline_HG02524/HG02524.chr15.vcf.gz	1.117329 seconds
Concatenating /scratch/rohlfslab/abierly2/LongTR/longTR_pipeline_HG02524/HG02524.chr16.vcf.gz	1.124786 seconds
Concatenating /scratch/rohlfslab/abierly2/LongTR/longTR_pipeline_HG02524/HG02524.chr17.vcf.gz	1.180860 seconds
Concatenating /scratch/rohlfslab/abierly2/LongTR/longTR_pipeline_HG02524/HG02524.chr18.vcf.gz	0.921651 seconds
Concatenating /scratch/rohlfslab/abierly2/LongTR/longTR_pipeline_HG02524/HG02524.chr19.vcf.gz	0.923061 seconds
Concatenating /scratch/rohlfslab/abierly2/LongTR/longTR_pipeline_HG02524/HG02524.chr1.vcf.gz	3.226501 seconds
Concatenating /scratch/rohlfslab/abierly2/LongTR/longTR_pipeline_HG02524/HG02524.chr20.vcf.gz	0.754372 seconds
Concatenating /scratch/rohlfslab/abierly2/LongTR/longTR_pipeline_HG02524/HG02524.chr21.vcf.gz	0.442954 seconds
Concatenating /scratch/rohlfslab/abierly2/LongTR/longTR_pipeline_HG02524/HG02524.chr22.vcf.gz	0.506555 seconds
Concatenating /scratch/rohlfslab/abierly2/LongTR/longTR_pipeline_HG02524/HG02524.chr2.vcf.gz	3.252007 seconds
Concatenating /scratch/rohlfslab/abierly2/LongTR/longTR_pipeline_HG02524/HG02524.chr3.vcf.gz	2.590691 seconds
Concatenating /scratch/rohlfslab/abierly2/LongTR/longTR_pipeline_HG02524/HG02524.chr4.vcf.gz	2.470794 seconds
Concatenating /scratch/rohlfslab/abierly2/LongTR/longTR_pipeline_HG02524/HG02524.chr5.vcf.gz	2.360389 seconds
Concatenating /scratch/rohlfslab/abierly2/LongTR/longTR_pipeline_HG02524/HG02524.chr6.vcf.gz	2.239946 seconds
Concatenating /scratch/rohlfslab/abierly2/LongTR/longTR_pipeline_HG02524/HG02524.chr7.vcf.gz	2.135256 seconds
Concatenating /scratch/rohlfslab/abierly2/LongTR/longTR_pipeline_HG02524/HG02524.chr8.vcf.gz	1.892587 seconds
Concatenating /scratch/rohlfslab/abierly2/LongTR/longTR_pipeline_HG02524/HG02524.chr9.vcf.gz	1.599775 seconds
Concatenating /scratch/rohlfslab/abierly2/LongTR/longTR_pipeline_HG02524/HG02524.chrM.vcf.gz	0.000687 seconds
Concatenating /scratch/rohlfslab/abierly2/LongTR/longTR_pipeline_HG02524/HG02524.chrX.vcf.gz	0.365908 seconds
Concatenating /scratch/rohlfslab/abierly2/LongTR/longTR_pipeline_HG02524/HG02524.chrY.vcf.gz	0.014838 seconds
