Checking the headers and starting positions of 25 files
Concatenating /scratch/rohlfslab/abierly2/LongTR/longTR_pipeline_HG00619/HG00619.chr10.vcf.gz	1.241562 seconds
Concatenating /scratch/rohlfslab/abierly2/LongTR/longTR_pipeline_HG00619/HG00619.chr11.vcf.gz	1.190838 seconds
Concatenating /scratch/rohlfslab/abierly2/LongTR/longTR_pipeline_HG00619/HG00619.chr12.vcf.gz	1.249323 seconds
Concatenating /scratch/rohlfslab/abierly2/LongTR/longTR_pipeline_HG00619/HG00619.chr13.vcf.gz	0.866186 seconds
Concatenating /scratch/rohlfslab/abierly2/LongTR/longTR_pipeline_HG00619/HG00619.chr14.vcf.gz	0.821088 seconds
Concatenating /scratch/rohlfslab/abierly2/LongTR/longTR_pipeline_HG00619/HG00619.chr15.vcf.gz	0.773203 seconds
Concatenating /scratch/rohlfslab/abierly2/LongTR/longTR_pipeline_HG00619/HG00619.chr16.vcf.gz	0.813676 seconds
Concatenating /scratch/rohlfslab/abierly2/LongTR/longTR_pipeline_HG00619/HG00619.chr17.vcf.gz	0.845616 seconds
Concatenating /scratch/rohlfslab/abierly2/LongTR/longTR_pipeline_HG00619/HG00619.chr18.vcf.gz	0.624527 seconds
Concatenating /scratch/rohlfslab/abierly2/LongTR/longTR_pipeline_HG00619/HG00619.chr19.vcf.gz	0.698384 seconds
Concatenating /scratch/rohlfslab/abierly2/LongTR/longTR_pipeline_HG00619/HG00619.chr1.vcf.gz	2.206250 seconds
Concatenating /scratch/rohlfslab/abierly2/LongTR/longTR_pipeline_HG00619/HG00619.chr20.vcf.gz	0.523968 seconds
Concatenating /scratch/rohlfslab/abierly2/LongTR/longTR_pipeline_HG00619/HG00619.chr21.vcf.gz	0.301762 seconds
Concatenating /scratch/rohlfslab/abierly2/LongTR/longTR_pipeline_HG00619/HG00619.chr22.vcf.gz	0.367751 seconds
Concatenating /scratch/rohlfslab/abierly2/LongTR/longTR_pipeline_HG00619/HG00619.chr2.vcf.gz	2.203448 seconds
Concatenating /scratch/rohlfslab/abierly2/LongTR/longTR_pipeline_HG00619/HG00619.chr3.vcf.gz	1.762217 seconds
Concatenating /scratch/rohlfslab/abierly2/LongTR/longTR_pipeline_HG00619/HG00619.chr4.vcf.gz	1.679128 seconds
Concatenating /scratch/rohlfslab/abierly2/LongTR/longTR_pipeline_HG00619/HG00619.chr5.vcf.gz	1.592002 seconds
Concatenating /scratch/rohlfslab/abierly2/LongTR/longTR_pipeline_HG00619/HG00619.chr6.vcf.gz	1.529871 seconds
Concatenating /scratch/rohlfslab/abierly2/LongTR/longTR_pipeline_HG00619/HG00619.chr7.vcf.gz	1.489722 seconds
Concatenating /scratch/rohlfslab/abierly2/LongTR/longTR_pipeline_HG00619/HG00619.chr8.vcf.gz	1.289940 seconds
Concatenating /scratch/rohlfslab/abierly2/LongTR/longTR_pipeline_HG00619/HG00619.chr9.vcf.gz	1.085595 seconds
Concatenating /scratch/rohlfslab/abierly2/LongTR/longTR_pipeline_HG00619/HG00619.chrM.vcf.gz	0.000396 seconds
Concatenating /scratch/rohlfslab/abierly2/LongTR/longTR_pipeline_HG00619/HG00619.chrX.vcf.gz	1.144114 seconds
Concatenating /scratch/rohlfslab/abierly2/LongTR/longTR_pipeline_HG00619/HG00619.chrY.vcf.gz	0.060579 seconds
