Checking the headers and starting positions of 25 files
Concatenating /scratch/rohlfslab/abierly2/LongTR/longTR_pipeline_NA12877/NA12877.chr10.vcf.gz	1.231105 seconds
Concatenating /scratch/rohlfslab/abierly2/LongTR/longTR_pipeline_NA12877/NA12877.chr11.vcf.gz	1.164793 seconds
Concatenating /scratch/rohlfslab/abierly2/LongTR/longTR_pipeline_NA12877/NA12877.chr12.vcf.gz	1.255655 seconds
Concatenating /scratch/rohlfslab/abierly2/LongTR/longTR_pipeline_NA12877/NA12877.chr13.vcf.gz	0.828395 seconds
Concatenating /scratch/rohlfslab/abierly2/LongTR/longTR_pipeline_NA12877/NA12877.chr14.vcf.gz	0.813134 seconds
Concatenating /scratch/rohlfslab/abierly2/LongTR/longTR_pipeline_NA12877/NA12877.chr15.vcf.gz	0.785677 seconds
Concatenating /scratch/rohlfslab/abierly2/LongTR/longTR_pipeline_NA12877/NA12877.chr16.vcf.gz	0.798754 seconds
Concatenating /scratch/rohlfslab/abierly2/LongTR/longTR_pipeline_NA12877/NA12877.chr17.vcf.gz	0.838718 seconds
Concatenating /scratch/rohlfslab/abierly2/LongTR/longTR_pipeline_NA12877/NA12877.chr18.vcf.gz	0.605806 seconds
Concatenating /scratch/rohlfslab/abierly2/LongTR/longTR_pipeline_NA12877/NA12877.chr19.vcf.gz	0.710657 seconds
Concatenating /scratch/rohlfslab/abierly2/LongTR/longTR_pipeline_NA12877/NA12877.chr1.vcf.gz	2.183909 seconds
Concatenating /scratch/rohlfslab/abierly2/LongTR/longTR_pipeline_NA12877/NA12877.chr20.vcf.gz	0.518580 seconds
Concatenating /scratch/rohlfslab/abierly2/LongTR/longTR_pipeline_NA12877/NA12877.chr21.vcf.gz	0.300251 seconds
Concatenating /scratch/rohlfslab/abierly2/LongTR/longTR_pipeline_NA12877/NA12877.chr22.vcf.gz	0.370560 seconds
Concatenating /scratch/rohlfslab/abierly2/LongTR/longTR_pipeline_NA12877/NA12877.chr2.vcf.gz	2.180863 seconds
Concatenating /scratch/rohlfslab/abierly2/LongTR/longTR_pipeline_NA12877/NA12877.chr3.vcf.gz	1.743200 seconds
Concatenating /scratch/rohlfslab/abierly2/LongTR/longTR_pipeline_NA12877/NA12877.chr4.vcf.gz	1.634956 seconds
Concatenating /scratch/rohlfslab/abierly2/LongTR/longTR_pipeline_NA12877/NA12877.chr5.vcf.gz	1.563979 seconds
Concatenating /scratch/rohlfslab/abierly2/LongTR/longTR_pipeline_NA12877/NA12877.chr6.vcf.gz	1.494723 seconds
Concatenating /scratch/rohlfslab/abierly2/LongTR/longTR_pipeline_NA12877/NA12877.chr7.vcf.gz	1.456769 seconds
Concatenating /scratch/rohlfslab/abierly2/LongTR/longTR_pipeline_NA12877/NA12877.chr8.vcf.gz	1.258640 seconds
Concatenating /scratch/rohlfslab/abierly2/LongTR/longTR_pipeline_NA12877/NA12877.chr9.vcf.gz	1.074591 seconds
Concatenating /scratch/rohlfslab/abierly2/LongTR/longTR_pipeline_NA12877/NA12877.chrM.vcf.gz	0.000507 seconds
Concatenating /scratch/rohlfslab/abierly2/LongTR/longTR_pipeline_NA12877/NA12877.chrX.vcf.gz	0.372878 seconds
Concatenating /scratch/rohlfslab/abierly2/LongTR/longTR_pipeline_NA12877/NA12877.chrY.vcf.gz	0.017635 seconds
