Checking the headers and starting positions of 25 files
Concatenating /scratch/rohlfslab/abierly2/LongTR/longTR_pipeline_HG02277/HG02277.chr10.vcf.gz	1.210041 seconds
Concatenating /scratch/rohlfslab/abierly2/LongTR/longTR_pipeline_HG02277/HG02277.chr11.vcf.gz	1.155806 seconds
Concatenating /scratch/rohlfslab/abierly2/LongTR/longTR_pipeline_HG02277/HG02277.chr12.vcf.gz	1.224036 seconds
Concatenating /scratch/rohlfslab/abierly2/LongTR/longTR_pipeline_HG02277/HG02277.chr13.vcf.gz	0.846000 seconds
Concatenating /scratch/rohlfslab/abierly2/LongTR/longTR_pipeline_HG02277/HG02277.chr14.vcf.gz	0.797976 seconds
Concatenating /scratch/rohlfslab/abierly2/LongTR/longTR_pipeline_HG02277/HG02277.chr15.vcf.gz	0.752028 seconds
Concatenating /scratch/rohlfslab/abierly2/LongTR/longTR_pipeline_HG02277/HG02277.chr16.vcf.gz	0.790325 seconds
Concatenating /scratch/rohlfslab/abierly2/LongTR/longTR_pipeline_HG02277/HG02277.chr17.vcf.gz	0.822495 seconds
Concatenating /scratch/rohlfslab/abierly2/LongTR/longTR_pipeline_HG02277/HG02277.chr18.vcf.gz	0.605338 seconds
Concatenating /scratch/rohlfslab/abierly2/LongTR/longTR_pipeline_HG02277/HG02277.chr19.vcf.gz	0.681786 seconds
Concatenating /scratch/rohlfslab/abierly2/LongTR/longTR_pipeline_HG02277/HG02277.chr1.vcf.gz	2.150341 seconds
Concatenating /scratch/rohlfslab/abierly2/LongTR/longTR_pipeline_HG02277/HG02277.chr20.vcf.gz	0.508965 seconds
Concatenating /scratch/rohlfslab/abierly2/LongTR/longTR_pipeline_HG02277/HG02277.chr21.vcf.gz	0.293806 seconds
Concatenating /scratch/rohlfslab/abierly2/LongTR/longTR_pipeline_HG02277/HG02277.chr22.vcf.gz	0.356734 seconds
Concatenating /scratch/rohlfslab/abierly2/LongTR/longTR_pipeline_HG02277/HG02277.chr2.vcf.gz	2.152160 seconds
Concatenating /scratch/rohlfslab/abierly2/LongTR/longTR_pipeline_HG02277/HG02277.chr3.vcf.gz	1.735321 seconds
Concatenating /scratch/rohlfslab/abierly2/LongTR/longTR_pipeline_HG02277/HG02277.chr4.vcf.gz	1.659151 seconds
Concatenating /scratch/rohlfslab/abierly2/LongTR/longTR_pipeline_HG02277/HG02277.chr5.vcf.gz	1.557428 seconds
Concatenating /scratch/rohlfslab/abierly2/LongTR/longTR_pipeline_HG02277/HG02277.chr6.vcf.gz	1.492183 seconds
Concatenating /scratch/rohlfslab/abierly2/LongTR/longTR_pipeline_HG02277/HG02277.chr7.vcf.gz	1.446765 seconds
Concatenating /scratch/rohlfslab/abierly2/LongTR/longTR_pipeline_HG02277/HG02277.chr8.vcf.gz	1.247142 seconds
Concatenating /scratch/rohlfslab/abierly2/LongTR/longTR_pipeline_HG02277/HG02277.chr9.vcf.gz	1.058621 seconds
Concatenating /scratch/rohlfslab/abierly2/LongTR/longTR_pipeline_HG02277/HG02277.chrM.vcf.gz	0.000384 seconds
Concatenating /scratch/rohlfslab/abierly2/LongTR/longTR_pipeline_HG02277/HG02277.chrX.vcf.gz	1.015249 seconds
Concatenating /scratch/rohlfslab/abierly2/LongTR/longTR_pipeline_HG02277/HG02277.chrY.vcf.gz	0.054556 seconds
