Checking the headers and starting positions of 25 files
Concatenating /scratch/rohlfslab/abierly2/LongTR/longTR_pipeline_HG01600/HG01600.chr10.vcf.gz	0.000309 seconds
Concatenating /scratch/rohlfslab/abierly2/LongTR/longTR_pipeline_HG01600/HG01600.chr11.vcf.gz	0.000296 seconds
Concatenating /scratch/rohlfslab/abierly2/LongTR/longTR_pipeline_HG01600/HG01600.chr12.vcf.gz	0.000266 seconds
Concatenating /scratch/rohlfslab/abierly2/LongTR/longTR_pipeline_HG01600/HG01600.chr13.vcf.gz	0.000266 seconds
Concatenating /scratch/rohlfslab/abierly2/LongTR/longTR_pipeline_HG01600/HG01600.chr14.vcf.gz	0.000257 seconds
Concatenating /scratch/rohlfslab/abierly2/LongTR/longTR_pipeline_HG01600/HG01600.chr15.vcf.gz	0.000252 seconds
Concatenating /scratch/rohlfslab/abierly2/LongTR/longTR_pipeline_HG01600/HG01600.chr16.vcf.gz	0.000321 seconds
Concatenating /scratch/rohlfslab/abierly2/LongTR/longTR_pipeline_HG01600/HG01600.chr17.vcf.gz	0.000327 seconds
Concatenating /scratch/rohlfslab/abierly2/LongTR/longTR_pipeline_HG01600/HG01600.chr18.vcf.gz	0.000243 seconds
Concatenating /scratch/rohlfslab/abierly2/LongTR/longTR_pipeline_HG01600/HG01600.chr19.vcf.gz	0.000278 seconds
Concatenating /scratch/rohlfslab/abierly2/LongTR/longTR_pipeline_HG01600/HG01600.chr1.vcf.gz	0.000553 seconds
Concatenating /scratch/rohlfslab/abierly2/LongTR/longTR_pipeline_HG01600/HG01600.chr20.vcf.gz	0.000245 seconds
Concatenating /scratch/rohlfslab/abierly2/LongTR/longTR_pipeline_HG01600/HG01600.chr21.vcf.gz	0.000260 seconds
Concatenating /scratch/rohlfslab/abierly2/LongTR/longTR_pipeline_HG01600/HG01600.chr22.vcf.gz	0.000283 seconds
Concatenating /scratch/rohlfslab/abierly2/LongTR/longTR_pipeline_HG01600/HG01600.chr2.vcf.gz	0.000239 seconds
Concatenating /scratch/rohlfslab/abierly2/LongTR/longTR_pipeline_HG01600/HG01600.chr3.vcf.gz	0.000294 seconds
Concatenating /scratch/rohlfslab/abierly2/LongTR/longTR_pipeline_HG01600/HG01600.chr4.vcf.gz	0.000304 seconds
Concatenating /scratch/rohlfslab/abierly2/LongTR/longTR_pipeline_HG01600/HG01600.chr5.vcf.gz	0.000323 seconds
Concatenating /scratch/rohlfslab/abierly2/LongTR/longTR_pipeline_HG01600/HG01600.chr6.vcf.gz	0.000379 seconds
Concatenating /scratch/rohlfslab/abierly2/LongTR/longTR_pipeline_HG01600/HG01600.chr7.vcf.gz	0.000385 seconds
Concatenating /scratch/rohlfslab/abierly2/LongTR/longTR_pipeline_HG01600/HG01600.chr8.vcf.gz	0.000309 seconds
Concatenating /scratch/rohlfslab/abierly2/LongTR/longTR_pipeline_HG01600/HG01600.chr9.vcf.gz	0.000380 seconds
Concatenating /scratch/rohlfslab/abierly2/LongTR/longTR_pipeline_HG01600/HG01600.chrM.vcf.gz	0.000249 seconds
Concatenating /scratch/rohlfslab/abierly2/LongTR/longTR_pipeline_HG01600/HG01600.chrX.vcf.gz	0.000238 seconds
Concatenating /scratch/rohlfslab/abierly2/LongTR/longTR_pipeline_HG01600/HG01600.chrY.vcf.gz	0.000240 seconds
