Checking the headers and starting positions of 25 files
Concatenating /scratch/rohlfslab/abierly2/LongTR/longTR_pipeline_HG03830/HG03830.chr10.vcf.gz	0.983776 seconds
Concatenating /scratch/rohlfslab/abierly2/LongTR/longTR_pipeline_HG03830/HG03830.chr11.vcf.gz	0.930043 seconds
Concatenating /scratch/rohlfslab/abierly2/LongTR/longTR_pipeline_HG03830/HG03830.chr12.vcf.gz	0.981091 seconds
Concatenating /scratch/rohlfslab/abierly2/LongTR/longTR_pipeline_HG03830/HG03830.chr13.vcf.gz	0.656054 seconds
Concatenating /scratch/rohlfslab/abierly2/LongTR/longTR_pipeline_HG03830/HG03830.chr14.vcf.gz	0.644963 seconds
Concatenating /scratch/rohlfslab/abierly2/LongTR/longTR_pipeline_HG03830/HG03830.chr15.vcf.gz	0.609776 seconds
Concatenating /scratch/rohlfslab/abierly2/LongTR/longTR_pipeline_HG03830/HG03830.chr16.vcf.gz	0.630271 seconds
Concatenating /scratch/rohlfslab/abierly2/LongTR/longTR_pipeline_HG03830/HG03830.chr17.vcf.gz	0.673599 seconds
Concatenating /scratch/rohlfslab/abierly2/LongTR/longTR_pipeline_HG03830/HG03830.chr18.vcf.gz	0.481660 seconds
Concatenating /scratch/rohlfslab/abierly2/LongTR/longTR_pipeline_HG03830/HG03830.chr19.vcf.gz	0.557869 seconds
Concatenating /scratch/rohlfslab/abierly2/LongTR/longTR_pipeline_HG03830/HG03830.chr1.vcf.gz	1.730956 seconds
Concatenating /scratch/rohlfslab/abierly2/LongTR/longTR_pipeline_HG03830/HG03830.chr20.vcf.gz	0.423087 seconds
Concatenating /scratch/rohlfslab/abierly2/LongTR/longTR_pipeline_HG03830/HG03830.chr21.vcf.gz	0.237085 seconds
Concatenating /scratch/rohlfslab/abierly2/LongTR/longTR_pipeline_HG03830/HG03830.chr22.vcf.gz	0.296625 seconds
Concatenating /scratch/rohlfslab/abierly2/LongTR/longTR_pipeline_HG03830/HG03830.chr2.vcf.gz	1.711395 seconds
Concatenating /scratch/rohlfslab/abierly2/LongTR/longTR_pipeline_HG03830/HG03830.chr3.vcf.gz	1.348698 seconds
Concatenating /scratch/rohlfslab/abierly2/LongTR/longTR_pipeline_HG03830/HG03830.chr4.vcf.gz	1.279974 seconds
Concatenating /scratch/rohlfslab/abierly2/LongTR/longTR_pipeline_HG03830/HG03830.chr5.vcf.gz	1.220278 seconds
Concatenating /scratch/rohlfslab/abierly2/LongTR/longTR_pipeline_HG03830/HG03830.chr6.vcf.gz	1.188009 seconds
Concatenating /scratch/rohlfslab/abierly2/LongTR/longTR_pipeline_HG03830/HG03830.chr7.vcf.gz	1.145376 seconds
Concatenating /scratch/rohlfslab/abierly2/LongTR/longTR_pipeline_HG03830/HG03830.chr8.vcf.gz	1.002761 seconds
Concatenating /scratch/rohlfslab/abierly2/LongTR/longTR_pipeline_HG03830/HG03830.chr9.vcf.gz	0.857857 seconds
Concatenating /scratch/rohlfslab/abierly2/LongTR/longTR_pipeline_HG03830/HG03830.chrM.vcf.gz	0.000352 seconds
Concatenating /scratch/rohlfslab/abierly2/LongTR/longTR_pipeline_HG03830/HG03830.chrX.vcf.gz	0.173911 seconds
Concatenating /scratch/rohlfslab/abierly2/LongTR/longTR_pipeline_HG03830/HG03830.chrY.vcf.gz	0.006549 seconds
