Checking the headers and starting positions of 25 files
Concatenating /scratch/rohlfslab/abierly2/LongTR/longTR_pipeline_HG01817/HG01817.chr10.vcf.gz	1.231009 seconds
Concatenating /scratch/rohlfslab/abierly2/LongTR/longTR_pipeline_HG01817/HG01817.chr11.vcf.gz	1.166287 seconds
Concatenating /scratch/rohlfslab/abierly2/LongTR/longTR_pipeline_HG01817/HG01817.chr12.vcf.gz	1.246194 seconds
Concatenating /scratch/rohlfslab/abierly2/LongTR/longTR_pipeline_HG01817/HG01817.chr13.vcf.gz	0.855261 seconds
Concatenating /scratch/rohlfslab/abierly2/LongTR/longTR_pipeline_HG01817/HG01817.chr14.vcf.gz	0.810029 seconds
Concatenating /scratch/rohlfslab/abierly2/LongTR/longTR_pipeline_HG01817/HG01817.chr15.vcf.gz	0.761649 seconds
Concatenating /scratch/rohlfslab/abierly2/LongTR/longTR_pipeline_HG01817/HG01817.chr16.vcf.gz	0.795034 seconds
Concatenating /scratch/rohlfslab/abierly2/LongTR/longTR_pipeline_HG01817/HG01817.chr17.vcf.gz	0.831051 seconds
Concatenating /scratch/rohlfslab/abierly2/LongTR/longTR_pipeline_HG01817/HG01817.chr18.vcf.gz	0.616439 seconds
Concatenating /scratch/rohlfslab/abierly2/LongTR/longTR_pipeline_HG01817/HG01817.chr19.vcf.gz	0.684243 seconds
Concatenating /scratch/rohlfslab/abierly2/LongTR/longTR_pipeline_HG01817/HG01817.chr1.vcf.gz	2.182910 seconds
Concatenating /scratch/rohlfslab/abierly2/LongTR/longTR_pipeline_HG01817/HG01817.chr20.vcf.gz	0.516061 seconds
Concatenating /scratch/rohlfslab/abierly2/LongTR/longTR_pipeline_HG01817/HG01817.chr21.vcf.gz	0.298069 seconds
Concatenating /scratch/rohlfslab/abierly2/LongTR/longTR_pipeline_HG01817/HG01817.chr22.vcf.gz	0.362448 seconds
Concatenating /scratch/rohlfslab/abierly2/LongTR/longTR_pipeline_HG01817/HG01817.chr2.vcf.gz	2.185301 seconds
Concatenating /scratch/rohlfslab/abierly2/LongTR/longTR_pipeline_HG01817/HG01817.chr3.vcf.gz	1.743041 seconds
Concatenating /scratch/rohlfslab/abierly2/LongTR/longTR_pipeline_HG01817/HG01817.chr4.vcf.gz	1.673086 seconds
Concatenating /scratch/rohlfslab/abierly2/LongTR/longTR_pipeline_HG01817/HG01817.chr5.vcf.gz	1.579725 seconds
Concatenating /scratch/rohlfslab/abierly2/LongTR/longTR_pipeline_HG01817/HG01817.chr6.vcf.gz	1.522781 seconds
Concatenating /scratch/rohlfslab/abierly2/LongTR/longTR_pipeline_HG01817/HG01817.chr7.vcf.gz	1.472216 seconds
Concatenating /scratch/rohlfslab/abierly2/LongTR/longTR_pipeline_HG01817/HG01817.chr8.vcf.gz	1.269974 seconds
Concatenating /scratch/rohlfslab/abierly2/LongTR/longTR_pipeline_HG01817/HG01817.chr9.vcf.gz	1.079154 seconds
Concatenating /scratch/rohlfslab/abierly2/LongTR/longTR_pipeline_HG01817/HG01817.chrM.vcf.gz	0.000330 seconds
Concatenating /scratch/rohlfslab/abierly2/LongTR/longTR_pipeline_HG01817/HG01817.chrX.vcf.gz	1.310043 seconds
Concatenating /scratch/rohlfslab/abierly2/LongTR/longTR_pipeline_HG01817/HG01817.chrY.vcf.gz	0.000332 seconds
