Checking the headers and starting positions of 25 files
Concatenating /scratch/rohlfslab/abierly2/LongTR/longTR_pipeline_HG03940/HG03940.chr10.vcf.gz	1.147335 seconds
Concatenating /scratch/rohlfslab/abierly2/LongTR/longTR_pipeline_HG03940/HG03940.chr11.vcf.gz	1.102129 seconds
Concatenating /scratch/rohlfslab/abierly2/LongTR/longTR_pipeline_HG03940/HG03940.chr12.vcf.gz	1.208860 seconds
Concatenating /scratch/rohlfslab/abierly2/LongTR/longTR_pipeline_HG03940/HG03940.chr13.vcf.gz	0.806453 seconds
Concatenating /scratch/rohlfslab/abierly2/LongTR/longTR_pipeline_HG03940/HG03940.chr14.vcf.gz	0.761017 seconds
Concatenating /scratch/rohlfslab/abierly2/LongTR/longTR_pipeline_HG03940/HG03940.chr15.vcf.gz	0.711534 seconds
Concatenating /scratch/rohlfslab/abierly2/LongTR/longTR_pipeline_HG03940/HG03940.chr16.vcf.gz	0.732221 seconds
Concatenating /scratch/rohlfslab/abierly2/LongTR/longTR_pipeline_HG03940/HG03940.chr17.vcf.gz	0.764543 seconds
Concatenating /scratch/rohlfslab/abierly2/LongTR/longTR_pipeline_HG03940/HG03940.chr18.vcf.gz	0.582790 seconds
Concatenating /scratch/rohlfslab/abierly2/LongTR/longTR_pipeline_HG03940/HG03940.chr19.vcf.gz	0.635509 seconds
Concatenating /scratch/rohlfslab/abierly2/LongTR/longTR_pipeline_HG03940/HG03940.chr1.vcf.gz	2.134123 seconds
Concatenating /scratch/rohlfslab/abierly2/LongTR/longTR_pipeline_HG03940/HG03940.chr20.vcf.gz	0.479040 seconds
Concatenating /scratch/rohlfslab/abierly2/LongTR/longTR_pipeline_HG03940/HG03940.chr21.vcf.gz	0.280989 seconds
Concatenating /scratch/rohlfslab/abierly2/LongTR/longTR_pipeline_HG03940/HG03940.chr22.vcf.gz	0.330235 seconds
Concatenating /scratch/rohlfslab/abierly2/LongTR/longTR_pipeline_HG03940/HG03940.chr2.vcf.gz	2.057515 seconds
Concatenating /scratch/rohlfslab/abierly2/LongTR/longTR_pipeline_HG03940/HG03940.chr3.vcf.gz	1.663063 seconds
Concatenating /scratch/rohlfslab/abierly2/LongTR/longTR_pipeline_HG03940/HG03940.chr4.vcf.gz	1.572288 seconds
Concatenating /scratch/rohlfslab/abierly2/LongTR/longTR_pipeline_HG03940/HG03940.chr5.vcf.gz	1.486413 seconds
Concatenating /scratch/rohlfslab/abierly2/LongTR/longTR_pipeline_HG03940/HG03940.chr6.vcf.gz	1.437167 seconds
Concatenating /scratch/rohlfslab/abierly2/LongTR/longTR_pipeline_HG03940/HG03940.chr7.vcf.gz	1.374237 seconds
Concatenating /scratch/rohlfslab/abierly2/LongTR/longTR_pipeline_HG03940/HG03940.chr8.vcf.gz	1.195100 seconds
Concatenating /scratch/rohlfslab/abierly2/LongTR/longTR_pipeline_HG03940/HG03940.chr9.vcf.gz	1.012333 seconds
Concatenating /scratch/rohlfslab/abierly2/LongTR/longTR_pipeline_HG03940/HG03940.chrM.vcf.gz	0.000296 seconds
Concatenating /scratch/rohlfslab/abierly2/LongTR/longTR_pipeline_HG03940/HG03940.chrX.vcf.gz	1.222020 seconds
Concatenating /scratch/rohlfslab/abierly2/LongTR/longTR_pipeline_HG03940/HG03940.chrY.vcf.gz	0.000288 seconds
