Checking the headers and starting positions of 25 files
Concatenating /scratch/rohlfslab/abierly2/LongTR/longTR_pipeline_HG01948/HG01948.chr10.vcf.gz	0.835363 seconds
Concatenating /scratch/rohlfslab/abierly2/LongTR/longTR_pipeline_HG01948/HG01948.chr11.vcf.gz	0.798135 seconds
Concatenating /scratch/rohlfslab/abierly2/LongTR/longTR_pipeline_HG01948/HG01948.chr12.vcf.gz	0.849863 seconds
Concatenating /scratch/rohlfslab/abierly2/LongTR/longTR_pipeline_HG01948/HG01948.chr13.vcf.gz	0.533710 seconds
Concatenating /scratch/rohlfslab/abierly2/LongTR/longTR_pipeline_HG01948/HG01948.chr14.vcf.gz	0.545090 seconds
Concatenating /scratch/rohlfslab/abierly2/LongTR/longTR_pipeline_HG01948/HG01948.chr15.vcf.gz	0.523157 seconds
Concatenating /scratch/rohlfslab/abierly2/LongTR/longTR_pipeline_HG01948/HG01948.chr16.vcf.gz	0.546387 seconds
Concatenating /scratch/rohlfslab/abierly2/LongTR/longTR_pipeline_HG01948/HG01948.chr17.vcf.gz	0.605788 seconds
Concatenating /scratch/rohlfslab/abierly2/LongTR/longTR_pipeline_HG01948/HG01948.chr18.vcf.gz	0.397429 seconds
Concatenating /scratch/rohlfslab/abierly2/LongTR/longTR_pipeline_HG01948/HG01948.chr19.vcf.gz	0.531986 seconds
Concatenating /scratch/rohlfslab/abierly2/LongTR/longTR_pipeline_HG01948/HG01948.chr1.vcf.gz	1.519048 seconds
Concatenating /scratch/rohlfslab/abierly2/LongTR/longTR_pipeline_HG01948/HG01948.chr20.vcf.gz	0.344879 seconds
Concatenating /scratch/rohlfslab/abierly2/LongTR/longTR_pipeline_HG01948/HG01948.chr21.vcf.gz	0.199703 seconds
Concatenating /scratch/rohlfslab/abierly2/LongTR/longTR_pipeline_HG01948/HG01948.chr22.vcf.gz	0.254674 seconds
Concatenating /scratch/rohlfslab/abierly2/LongTR/longTR_pipeline_HG01948/HG01948.chr2.vcf.gz	1.478314 seconds
Concatenating /scratch/rohlfslab/abierly2/LongTR/longTR_pipeline_HG01948/HG01948.chr3.vcf.gz	1.169019 seconds
Concatenating /scratch/rohlfslab/abierly2/LongTR/longTR_pipeline_HG01948/HG01948.chr4.vcf.gz	1.056166 seconds
Concatenating /scratch/rohlfslab/abierly2/LongTR/longTR_pipeline_HG01948/HG01948.chr5.vcf.gz	1.037709 seconds
Concatenating /scratch/rohlfslab/abierly2/LongTR/longTR_pipeline_HG01948/HG01948.chr6.vcf.gz	1.019021 seconds
Concatenating /scratch/rohlfslab/abierly2/LongTR/longTR_pipeline_HG01948/HG01948.chr7.vcf.gz	0.983198 seconds
Concatenating /scratch/rohlfslab/abierly2/LongTR/longTR_pipeline_HG01948/HG01948.chr8.vcf.gz	0.904492 seconds
Concatenating /scratch/rohlfslab/abierly2/LongTR/longTR_pipeline_HG01948/HG01948.chr9.vcf.gz	0.729749 seconds
Concatenating /scratch/rohlfslab/abierly2/LongTR/longTR_pipeline_HG01948/HG01948.chrM.vcf.gz	0.000344 seconds
Concatenating /scratch/rohlfslab/abierly2/LongTR/longTR_pipeline_HG01948/HG01948.chrX.vcf.gz	0.804750 seconds
Concatenating /scratch/rohlfslab/abierly2/LongTR/longTR_pipeline_HG01948/HG01948.chrY.vcf.gz	0.000319 seconds
