Checking the headers and starting positions of 25 files
Concatenating /scratch/rohlfslab/abierly2/LongTR/longTR_pipeline_HG03727/HG03727.chr10.vcf.gz	1.079135 seconds
Concatenating /scratch/rohlfslab/abierly2/LongTR/longTR_pipeline_HG03727/HG03727.chr11.vcf.gz	1.029969 seconds
Concatenating /scratch/rohlfslab/abierly2/LongTR/longTR_pipeline_HG03727/HG03727.chr12.vcf.gz	1.089817 seconds
Concatenating /scratch/rohlfslab/abierly2/LongTR/longTR_pipeline_HG03727/HG03727.chr13.vcf.gz	0.732017 seconds
Concatenating /scratch/rohlfslab/abierly2/LongTR/longTR_pipeline_HG03727/HG03727.chr14.vcf.gz	0.716118 seconds
Concatenating /scratch/rohlfslab/abierly2/LongTR/longTR_pipeline_HG03727/HG03727.chr15.vcf.gz	0.667936 seconds
Concatenating /scratch/rohlfslab/abierly2/LongTR/longTR_pipeline_HG03727/HG03727.chr16.vcf.gz	0.711873 seconds
Concatenating /scratch/rohlfslab/abierly2/LongTR/longTR_pipeline_HG03727/HG03727.chr17.vcf.gz	0.738560 seconds
Concatenating /scratch/rohlfslab/abierly2/LongTR/longTR_pipeline_HG03727/HG03727.chr18.vcf.gz	0.534710 seconds
Concatenating /scratch/rohlfslab/abierly2/LongTR/longTR_pipeline_HG03727/HG03727.chr19.vcf.gz	0.622932 seconds
Concatenating /scratch/rohlfslab/abierly2/LongTR/longTR_pipeline_HG03727/HG03727.chr1.vcf.gz	1.928978 seconds
Concatenating /scratch/rohlfslab/abierly2/LongTR/longTR_pipeline_HG03727/HG03727.chr20.vcf.gz	0.458779 seconds
Concatenating /scratch/rohlfslab/abierly2/LongTR/longTR_pipeline_HG03727/HG03727.chr21.vcf.gz	0.263153 seconds
Concatenating /scratch/rohlfslab/abierly2/LongTR/longTR_pipeline_HG03727/HG03727.chr22.vcf.gz	0.327792 seconds
Concatenating /scratch/rohlfslab/abierly2/LongTR/longTR_pipeline_HG03727/HG03727.chr2.vcf.gz	1.913576 seconds
Concatenating /scratch/rohlfslab/abierly2/LongTR/longTR_pipeline_HG03727/HG03727.chr3.vcf.gz	1.518484 seconds
Concatenating /scratch/rohlfslab/abierly2/LongTR/longTR_pipeline_HG03727/HG03727.chr4.vcf.gz	1.430522 seconds
Concatenating /scratch/rohlfslab/abierly2/LongTR/longTR_pipeline_HG03727/HG03727.chr5.vcf.gz	1.374297 seconds
Concatenating /scratch/rohlfslab/abierly2/LongTR/longTR_pipeline_HG03727/HG03727.chr6.vcf.gz	1.324762 seconds
Concatenating /scratch/rohlfslab/abierly2/LongTR/longTR_pipeline_HG03727/HG03727.chr7.vcf.gz	1.288146 seconds
Concatenating /scratch/rohlfslab/abierly2/LongTR/longTR_pipeline_HG03727/HG03727.chr8.vcf.gz	1.112175 seconds
Concatenating /scratch/rohlfslab/abierly2/LongTR/longTR_pipeline_HG03727/HG03727.chr9.vcf.gz	0.951789 seconds
Concatenating /scratch/rohlfslab/abierly2/LongTR/longTR_pipeline_HG03727/HG03727.chrM.vcf.gz	0.000301 seconds
Concatenating /scratch/rohlfslab/abierly2/LongTR/longTR_pipeline_HG03727/HG03727.chrX.vcf.gz	0.242038 seconds
Concatenating /scratch/rohlfslab/abierly2/LongTR/longTR_pipeline_HG03727/HG03727.chrY.vcf.gz	0.012290 seconds
