Checking the headers and starting positions of 25 files
Concatenating /scratch/rohlfslab/abierly2/LongTR/longTR_pipeline_HG03740/HG03740.chr10.vcf.gz	0.895358 seconds
Concatenating /scratch/rohlfslab/abierly2/LongTR/longTR_pipeline_HG03740/HG03740.chr11.vcf.gz	0.858036 seconds
Concatenating /scratch/rohlfslab/abierly2/LongTR/longTR_pipeline_HG03740/HG03740.chr12.vcf.gz	0.909719 seconds
Concatenating /scratch/rohlfslab/abierly2/LongTR/longTR_pipeline_HG03740/HG03740.chr13.vcf.gz	0.644221 seconds
Concatenating /scratch/rohlfslab/abierly2/LongTR/longTR_pipeline_HG03740/HG03740.chr14.vcf.gz	0.600369 seconds
Concatenating /scratch/rohlfslab/abierly2/LongTR/longTR_pipeline_HG03740/HG03740.chr15.vcf.gz	0.547147 seconds
Concatenating /scratch/rohlfslab/abierly2/LongTR/longTR_pipeline_HG03740/HG03740.chr16.vcf.gz	0.521162 seconds
Concatenating /scratch/rohlfslab/abierly2/LongTR/longTR_pipeline_HG03740/HG03740.chr17.vcf.gz	0.551165 seconds
Concatenating /scratch/rohlfslab/abierly2/LongTR/longTR_pipeline_HG03740/HG03740.chr18.vcf.gz	0.466772 seconds
Concatenating /scratch/rohlfslab/abierly2/LongTR/longTR_pipeline_HG03740/HG03740.chr19.vcf.gz	0.412448 seconds
Concatenating /scratch/rohlfslab/abierly2/LongTR/longTR_pipeline_HG03740/HG03740.chr1.vcf.gz	1.573441 seconds
Concatenating /scratch/rohlfslab/abierly2/LongTR/longTR_pipeline_HG03740/HG03740.chr20.vcf.gz	0.366688 seconds
Concatenating /scratch/rohlfslab/abierly2/LongTR/longTR_pipeline_HG03740/HG03740.chr21.vcf.gz	0.217786 seconds
Concatenating /scratch/rohlfslab/abierly2/LongTR/longTR_pipeline_HG03740/HG03740.chr22.vcf.gz	0.232887 seconds
Concatenating /scratch/rohlfslab/abierly2/LongTR/longTR_pipeline_HG03740/HG03740.chr2.vcf.gz	1.653200 seconds
Concatenating /scratch/rohlfslab/abierly2/LongTR/longTR_pipeline_HG03740/HG03740.chr3.vcf.gz	1.331524 seconds
Concatenating /scratch/rohlfslab/abierly2/LongTR/longTR_pipeline_HG03740/HG03740.chr4.vcf.gz	1.282997 seconds
Concatenating /scratch/rohlfslab/abierly2/LongTR/longTR_pipeline_HG03740/HG03740.chr5.vcf.gz	1.203843 seconds
Concatenating /scratch/rohlfslab/abierly2/LongTR/longTR_pipeline_HG03740/HG03740.chr6.vcf.gz	1.157931 seconds
Concatenating /scratch/rohlfslab/abierly2/LongTR/longTR_pipeline_HG03740/HG03740.chr7.vcf.gz	1.069496 seconds
Concatenating /scratch/rohlfslab/abierly2/LongTR/longTR_pipeline_HG03740/HG03740.chr8.vcf.gz	0.946634 seconds
Concatenating /scratch/rohlfslab/abierly2/LongTR/longTR_pipeline_HG03740/HG03740.chr9.vcf.gz	0.789450 seconds
Concatenating /scratch/rohlfslab/abierly2/LongTR/longTR_pipeline_HG03740/HG03740.chrM.vcf.gz	0.000313 seconds
Concatenating /scratch/rohlfslab/abierly2/LongTR/longTR_pipeline_HG03740/HG03740.chrX.vcf.gz	0.143187 seconds
Concatenating /scratch/rohlfslab/abierly2/LongTR/longTR_pipeline_HG03740/HG03740.chrY.vcf.gz	0.010619 seconds
