Checking the headers and starting positions of 25 files
Concatenating /scratch/rohlfslab/abierly2/LongTR/longTR_pipeline_HG02016/HG02016.chr10.vcf.gz	1.031814 seconds
Concatenating /scratch/rohlfslab/abierly2/LongTR/longTR_pipeline_HG02016/HG02016.chr11.vcf.gz	0.988475 seconds
Concatenating /scratch/rohlfslab/abierly2/LongTR/longTR_pipeline_HG02016/HG02016.chr12.vcf.gz	1.050958 seconds
Concatenating /scratch/rohlfslab/abierly2/LongTR/longTR_pipeline_HG02016/HG02016.chr13.vcf.gz	0.720923 seconds
Concatenating /scratch/rohlfslab/abierly2/LongTR/longTR_pipeline_HG02016/HG02016.chr14.vcf.gz	0.686345 seconds
Concatenating /scratch/rohlfslab/abierly2/LongTR/longTR_pipeline_HG02016/HG02016.chr15.vcf.gz	0.633555 seconds
Concatenating /scratch/rohlfslab/abierly2/LongTR/longTR_pipeline_HG02016/HG02016.chr16.vcf.gz	0.664844 seconds
Concatenating /scratch/rohlfslab/abierly2/LongTR/longTR_pipeline_HG02016/HG02016.chr17.vcf.gz	0.690887 seconds
Concatenating /scratch/rohlfslab/abierly2/LongTR/longTR_pipeline_HG02016/HG02016.chr18.vcf.gz	0.519947 seconds
Concatenating /scratch/rohlfslab/abierly2/LongTR/longTR_pipeline_HG02016/HG02016.chr19.vcf.gz	0.581405 seconds
Concatenating /scratch/rohlfslab/abierly2/LongTR/longTR_pipeline_HG02016/HG02016.chr1.vcf.gz	1.844411 seconds
Concatenating /scratch/rohlfslab/abierly2/LongTR/longTR_pipeline_HG02016/HG02016.chr20.vcf.gz	0.425692 seconds
Concatenating /scratch/rohlfslab/abierly2/LongTR/longTR_pipeline_HG02016/HG02016.chr21.vcf.gz	0.246401 seconds
Concatenating /scratch/rohlfslab/abierly2/LongTR/longTR_pipeline_HG02016/HG02016.chr22.vcf.gz	0.296609 seconds
Concatenating /scratch/rohlfslab/abierly2/LongTR/longTR_pipeline_HG02016/HG02016.chr2.vcf.gz	1.821764 seconds
Concatenating /scratch/rohlfslab/abierly2/LongTR/longTR_pipeline_HG02016/HG02016.chr3.vcf.gz	1.459384 seconds
Concatenating /scratch/rohlfslab/abierly2/LongTR/longTR_pipeline_HG02016/HG02016.chr4.vcf.gz	1.403352 seconds
Concatenating /scratch/rohlfslab/abierly2/LongTR/longTR_pipeline_HG02016/HG02016.chr5.vcf.gz	1.324422 seconds
Concatenating /scratch/rohlfslab/abierly2/LongTR/longTR_pipeline_HG02016/HG02016.chr6.vcf.gz	1.294296 seconds
Concatenating /scratch/rohlfslab/abierly2/LongTR/longTR_pipeline_HG02016/HG02016.chr7.vcf.gz	1.222096 seconds
Concatenating /scratch/rohlfslab/abierly2/LongTR/longTR_pipeline_HG02016/HG02016.chr8.vcf.gz	1.058962 seconds
Concatenating /scratch/rohlfslab/abierly2/LongTR/longTR_pipeline_HG02016/HG02016.chr9.vcf.gz	0.898050 seconds
Concatenating /scratch/rohlfslab/abierly2/LongTR/longTR_pipeline_HG02016/HG02016.chrM.vcf.gz	0.000323 seconds
Concatenating /scratch/rohlfslab/abierly2/LongTR/longTR_pipeline_HG02016/HG02016.chrX.vcf.gz	1.094773 seconds
Concatenating /scratch/rohlfslab/abierly2/LongTR/longTR_pipeline_HG02016/HG02016.chrY.vcf.gz	0.000352 seconds
