Checking the headers and starting positions of 25 files
Concatenating /scratch/rohlfslab/abierly2/LongTR/longTR_pipeline_HG03854/HG03854.chr10.vcf.gz	1.233592 seconds
Concatenating /scratch/rohlfslab/abierly2/LongTR/longTR_pipeline_HG03854/HG03854.chr11.vcf.gz	1.178271 seconds
Concatenating /scratch/rohlfslab/abierly2/LongTR/longTR_pipeline_HG03854/HG03854.chr12.vcf.gz	1.247328 seconds
Concatenating /scratch/rohlfslab/abierly2/LongTR/longTR_pipeline_HG03854/HG03854.chr13.vcf.gz	0.862376 seconds
Concatenating /scratch/rohlfslab/abierly2/LongTR/longTR_pipeline_HG03854/HG03854.chr14.vcf.gz	0.816176 seconds
Concatenating /scratch/rohlfslab/abierly2/LongTR/longTR_pipeline_HG03854/HG03854.chr15.vcf.gz	0.765912 seconds
Concatenating /scratch/rohlfslab/abierly2/LongTR/longTR_pipeline_HG03854/HG03854.chr16.vcf.gz	0.803258 seconds
Concatenating /scratch/rohlfslab/abierly2/LongTR/longTR_pipeline_HG03854/HG03854.chr17.vcf.gz	0.833332 seconds
Concatenating /scratch/rohlfslab/abierly2/LongTR/longTR_pipeline_HG03854/HG03854.chr18.vcf.gz	0.621114 seconds
Concatenating /scratch/rohlfslab/abierly2/LongTR/longTR_pipeline_HG03854/HG03854.chr19.vcf.gz	0.692997 seconds
Concatenating /scratch/rohlfslab/abierly2/LongTR/longTR_pipeline_HG03854/HG03854.chr1.vcf.gz	2.196953 seconds
Concatenating /scratch/rohlfslab/abierly2/LongTR/longTR_pipeline_HG03854/HG03854.chr20.vcf.gz	0.518354 seconds
Concatenating /scratch/rohlfslab/abierly2/LongTR/longTR_pipeline_HG03854/HG03854.chr21.vcf.gz	0.301516 seconds
Concatenating /scratch/rohlfslab/abierly2/LongTR/longTR_pipeline_HG03854/HG03854.chr22.vcf.gz	0.364085 seconds
Concatenating /scratch/rohlfslab/abierly2/LongTR/longTR_pipeline_HG03854/HG03854.chr2.vcf.gz	2.201781 seconds
Concatenating /scratch/rohlfslab/abierly2/LongTR/longTR_pipeline_HG03854/HG03854.chr3.vcf.gz	1.753986 seconds
Concatenating /scratch/rohlfslab/abierly2/LongTR/longTR_pipeline_HG03854/HG03854.chr4.vcf.gz	1.672954 seconds
Concatenating /scratch/rohlfslab/abierly2/LongTR/longTR_pipeline_HG03854/HG03854.chr5.vcf.gz	1.585757 seconds
Concatenating /scratch/rohlfslab/abierly2/LongTR/longTR_pipeline_HG03854/HG03854.chr6.vcf.gz	1.530228 seconds
Concatenating /scratch/rohlfslab/abierly2/LongTR/longTR_pipeline_HG03854/HG03854.chr7.vcf.gz	1.478829 seconds
Concatenating /scratch/rohlfslab/abierly2/LongTR/longTR_pipeline_HG03854/HG03854.chr8.vcf.gz	1.277667 seconds
Concatenating /scratch/rohlfslab/abierly2/LongTR/longTR_pipeline_HG03854/HG03854.chr9.vcf.gz	1.083494 seconds
Concatenating /scratch/rohlfslab/abierly2/LongTR/longTR_pipeline_HG03854/HG03854.chrM.vcf.gz	0.000365 seconds
Concatenating /scratch/rohlfslab/abierly2/LongTR/longTR_pipeline_HG03854/HG03854.chrX.vcf.gz	1.019986 seconds
Concatenating /scratch/rohlfslab/abierly2/LongTR/longTR_pipeline_HG03854/HG03854.chrY.vcf.gz	0.051410 seconds
