Checking the headers and starting positions of 25 files
Concatenating /scratch/rohlfslab/abierly2/LongTR/longTR_pipeline_NA10851/NA10851.chr10.vcf.gz	1.344340 seconds
Concatenating /scratch/rohlfslab/abierly2/LongTR/longTR_pipeline_NA10851/NA10851.chr11.vcf.gz	1.250754 seconds
Concatenating /scratch/rohlfslab/abierly2/LongTR/longTR_pipeline_NA10851/NA10851.chr12.vcf.gz	1.327100 seconds
Concatenating /scratch/rohlfslab/abierly2/LongTR/longTR_pipeline_NA10851/NA10851.chr13.vcf.gz	0.915075 seconds
Concatenating /scratch/rohlfslab/abierly2/LongTR/longTR_pipeline_NA10851/NA10851.chr14.vcf.gz	0.867352 seconds
Concatenating /scratch/rohlfslab/abierly2/LongTR/longTR_pipeline_NA10851/NA10851.chr15.vcf.gz	0.812419 seconds
Concatenating /scratch/rohlfslab/abierly2/LongTR/longTR_pipeline_NA10851/NA10851.chr16.vcf.gz	0.852772 seconds
Concatenating /scratch/rohlfslab/abierly2/LongTR/longTR_pipeline_NA10851/NA10851.chr17.vcf.gz	0.883863 seconds
Concatenating /scratch/rohlfslab/abierly2/LongTR/longTR_pipeline_NA10851/NA10851.chr18.vcf.gz	0.662394 seconds
Concatenating /scratch/rohlfslab/abierly2/LongTR/longTR_pipeline_NA10851/NA10851.chr19.vcf.gz	0.736884 seconds
Concatenating /scratch/rohlfslab/abierly2/LongTR/longTR_pipeline_NA10851/NA10851.chr1.vcf.gz	2.339122 seconds
Concatenating /scratch/rohlfslab/abierly2/LongTR/longTR_pipeline_NA10851/NA10851.chr20.vcf.gz	0.548949 seconds
Concatenating /scratch/rohlfslab/abierly2/LongTR/longTR_pipeline_NA10851/NA10851.chr21.vcf.gz	0.315558 seconds
Concatenating /scratch/rohlfslab/abierly2/LongTR/longTR_pipeline_NA10851/NA10851.chr22.vcf.gz	0.385441 seconds
Concatenating /scratch/rohlfslab/abierly2/LongTR/longTR_pipeline_NA10851/NA10851.chr2.vcf.gz	2.345326 seconds
Concatenating /scratch/rohlfslab/abierly2/LongTR/longTR_pipeline_NA10851/NA10851.chr3.vcf.gz	1.861851 seconds
Concatenating /scratch/rohlfslab/abierly2/LongTR/longTR_pipeline_NA10851/NA10851.chr4.vcf.gz	1.784966 seconds
Concatenating /scratch/rohlfslab/abierly2/LongTR/longTR_pipeline_NA10851/NA10851.chr5.vcf.gz	1.691941 seconds
Concatenating /scratch/rohlfslab/abierly2/LongTR/longTR_pipeline_NA10851/NA10851.chr6.vcf.gz	1.626892 seconds
Concatenating /scratch/rohlfslab/abierly2/LongTR/longTR_pipeline_NA10851/NA10851.chr7.vcf.gz	1.577820 seconds
Concatenating /scratch/rohlfslab/abierly2/LongTR/longTR_pipeline_NA10851/NA10851.chr8.vcf.gz	1.363774 seconds
Concatenating /scratch/rohlfslab/abierly2/LongTR/longTR_pipeline_NA10851/NA10851.chr9.vcf.gz	1.152109 seconds
Concatenating /scratch/rohlfslab/abierly2/LongTR/longTR_pipeline_NA10851/NA10851.chrM.vcf.gz	0.000316 seconds
Concatenating /scratch/rohlfslab/abierly2/LongTR/longTR_pipeline_NA10851/NA10851.chrX.vcf.gz	1.143933 seconds
Concatenating /scratch/rohlfslab/abierly2/LongTR/longTR_pipeline_NA10851/NA10851.chrY.vcf.gz	0.062199 seconds
