Checking the headers and starting positions of 25 files
Concatenating /scratch/rohlfslab/abierly2/LongTR/longTR_pipeline_NA07019/NA07019.chr10.vcf.gz	0.578834 seconds
Concatenating /scratch/rohlfslab/abierly2/LongTR/longTR_pipeline_NA07019/NA07019.chr11.vcf.gz	0.558148 seconds
Concatenating /scratch/rohlfslab/abierly2/LongTR/longTR_pipeline_NA07019/NA07019.chr12.vcf.gz	0.600487 seconds
Concatenating /scratch/rohlfslab/abierly2/LongTR/longTR_pipeline_NA07019/NA07019.chr13.vcf.gz	0.406387 seconds
Concatenating /scratch/rohlfslab/abierly2/LongTR/longTR_pipeline_NA07019/NA07019.chr14.vcf.gz	0.392413 seconds
Concatenating /scratch/rohlfslab/abierly2/LongTR/longTR_pipeline_NA07019/NA07019.chr15.vcf.gz	0.369991 seconds
Concatenating /scratch/rohlfslab/abierly2/LongTR/longTR_pipeline_NA07019/NA07019.chr16.vcf.gz	0.353722 seconds
Concatenating /scratch/rohlfslab/abierly2/LongTR/longTR_pipeline_NA07019/NA07019.chr17.vcf.gz	0.379464 seconds
Concatenating /scratch/rohlfslab/abierly2/LongTR/longTR_pipeline_NA07019/NA07019.chr18.vcf.gz	0.298170 seconds
Concatenating /scratch/rohlfslab/abierly2/LongTR/longTR_pipeline_NA07019/NA07019.chr19.vcf.gz	0.282065 seconds
Concatenating /scratch/rohlfslab/abierly2/LongTR/longTR_pipeline_NA07019/NA07019.chr1.vcf.gz	1.085779 seconds
Concatenating /scratch/rohlfslab/abierly2/LongTR/longTR_pipeline_NA07019/NA07019.chr20.vcf.gz	0.238365 seconds
Concatenating /scratch/rohlfslab/abierly2/LongTR/longTR_pipeline_NA07019/NA07019.chr21.vcf.gz	0.139455 seconds
Concatenating /scratch/rohlfslab/abierly2/LongTR/longTR_pipeline_NA07019/NA07019.chr22.vcf.gz	0.165570 seconds
Concatenating /scratch/rohlfslab/abierly2/LongTR/longTR_pipeline_NA07019/NA07019.chr2.vcf.gz	1.070118 seconds
Concatenating /scratch/rohlfslab/abierly2/LongTR/longTR_pipeline_NA07019/NA07019.chr3.vcf.gz	0.855327 seconds
Concatenating /scratch/rohlfslab/abierly2/LongTR/longTR_pipeline_NA07019/NA07019.chr4.vcf.gz	0.773911 seconds
Concatenating /scratch/rohlfslab/abierly2/LongTR/longTR_pipeline_NA07019/NA07019.chr5.vcf.gz	0.759284 seconds
Concatenating /scratch/rohlfslab/abierly2/LongTR/longTR_pipeline_NA07019/NA07019.chr6.vcf.gz	0.720666 seconds
Concatenating /scratch/rohlfslab/abierly2/LongTR/longTR_pipeline_NA07019/NA07019.chr7.vcf.gz	0.663521 seconds
Concatenating /scratch/rohlfslab/abierly2/LongTR/longTR_pipeline_NA07019/NA07019.chr8.vcf.gz	0.609341 seconds
Concatenating /scratch/rohlfslab/abierly2/LongTR/longTR_pipeline_NA07019/NA07019.chr9.vcf.gz	0.507794 seconds
Concatenating /scratch/rohlfslab/abierly2/LongTR/longTR_pipeline_NA07019/NA07019.chrM.vcf.gz	0.000339 seconds
Concatenating /scratch/rohlfslab/abierly2/LongTR/longTR_pipeline_NA07019/NA07019.chrX.vcf.gz	0.571342 seconds
Concatenating /scratch/rohlfslab/abierly2/LongTR/longTR_pipeline_NA07019/NA07019.chrY.vcf.gz	0.000299 seconds
