Checking the headers and starting positions of 25 files
Concatenating /scratch/rohlfslab/abierly2/LongTR/longTR_pipeline_NA19774/NA19774.chr10.vcf.gz	0.860432 seconds
Concatenating /scratch/rohlfslab/abierly2/LongTR/longTR_pipeline_NA19774/NA19774.chr11.vcf.gz	0.827960 seconds
Concatenating /scratch/rohlfslab/abierly2/LongTR/longTR_pipeline_NA19774/NA19774.chr12.vcf.gz	0.889060 seconds
Concatenating /scratch/rohlfslab/abierly2/LongTR/longTR_pipeline_NA19774/NA19774.chr13.vcf.gz	0.594284 seconds
Concatenating /scratch/rohlfslab/abierly2/LongTR/longTR_pipeline_NA19774/NA19774.chr14.vcf.gz	0.569809 seconds
Concatenating /scratch/rohlfslab/abierly2/LongTR/longTR_pipeline_NA19774/NA19774.chr15.vcf.gz	0.538376 seconds
Concatenating /scratch/rohlfslab/abierly2/LongTR/longTR_pipeline_NA19774/NA19774.chr16.vcf.gz	0.550554 seconds
Concatenating /scratch/rohlfslab/abierly2/LongTR/longTR_pipeline_NA19774/NA19774.chr17.vcf.gz	0.567418 seconds
Concatenating /scratch/rohlfslab/abierly2/LongTR/longTR_pipeline_NA19774/NA19774.chr18.vcf.gz	0.440231 seconds
Concatenating /scratch/rohlfslab/abierly2/LongTR/longTR_pipeline_NA19774/NA19774.chr19.vcf.gz	0.464289 seconds
Concatenating /scratch/rohlfslab/abierly2/LongTR/longTR_pipeline_NA19774/NA19774.chr1.vcf.gz	1.557517 seconds
Concatenating /scratch/rohlfslab/abierly2/LongTR/longTR_pipeline_NA19774/NA19774.chr20.vcf.gz	0.368385 seconds
Concatenating /scratch/rohlfslab/abierly2/LongTR/longTR_pipeline_NA19774/NA19774.chr21.vcf.gz	0.212315 seconds
Concatenating /scratch/rohlfslab/abierly2/LongTR/longTR_pipeline_NA19774/NA19774.chr22.vcf.gz	0.245585 seconds
Concatenating /scratch/rohlfslab/abierly2/LongTR/longTR_pipeline_NA19774/NA19774.chr2.vcf.gz	1.555034 seconds
Concatenating /scratch/rohlfslab/abierly2/LongTR/longTR_pipeline_NA19774/NA19774.chr3.vcf.gz	1.252676 seconds
Concatenating /scratch/rohlfslab/abierly2/LongTR/longTR_pipeline_NA19774/NA19774.chr4.vcf.gz	1.164222 seconds
Concatenating /scratch/rohlfslab/abierly2/LongTR/longTR_pipeline_NA19774/NA19774.chr5.vcf.gz	1.117854 seconds
Concatenating /scratch/rohlfslab/abierly2/LongTR/longTR_pipeline_NA19774/NA19774.chr6.vcf.gz	1.089818 seconds
Concatenating /scratch/rohlfslab/abierly2/LongTR/longTR_pipeline_NA19774/NA19774.chr7.vcf.gz	1.040495 seconds
Concatenating /scratch/rohlfslab/abierly2/LongTR/longTR_pipeline_NA19774/NA19774.chr8.vcf.gz	0.898132 seconds
Concatenating /scratch/rohlfslab/abierly2/LongTR/longTR_pipeline_NA19774/NA19774.chr9.vcf.gz	0.759358 seconds
Concatenating /scratch/rohlfslab/abierly2/LongTR/longTR_pipeline_NA19774/NA19774.chrM.vcf.gz	0.000290 seconds
Concatenating /scratch/rohlfslab/abierly2/LongTR/longTR_pipeline_NA19774/NA19774.chrX.vcf.gz	0.136786 seconds
Concatenating /scratch/rohlfslab/abierly2/LongTR/longTR_pipeline_NA19774/NA19774.chrY.vcf.gz	0.006331 seconds
