Checking the headers and starting positions of 25 files
Concatenating /scratch/rohlfslab/abierly2/LongTR/longTR_pipeline_NA18972/NA18972.chr10.vcf.gz	1.244094 seconds
Concatenating /scratch/rohlfslab/abierly2/LongTR/longTR_pipeline_NA18972/NA18972.chr11.vcf.gz	1.177004 seconds
Concatenating /scratch/rohlfslab/abierly2/LongTR/longTR_pipeline_NA18972/NA18972.chr12.vcf.gz	1.257020 seconds
Concatenating /scratch/rohlfslab/abierly2/LongTR/longTR_pipeline_NA18972/NA18972.chr13.vcf.gz	0.862720 seconds
Concatenating /scratch/rohlfslab/abierly2/LongTR/longTR_pipeline_NA18972/NA18972.chr14.vcf.gz	0.818150 seconds
Concatenating /scratch/rohlfslab/abierly2/LongTR/longTR_pipeline_NA18972/NA18972.chr15.vcf.gz	0.768961 seconds
Concatenating /scratch/rohlfslab/abierly2/LongTR/longTR_pipeline_NA18972/NA18972.chr16.vcf.gz	0.790614 seconds
Concatenating /scratch/rohlfslab/abierly2/LongTR/longTR_pipeline_NA18972/NA18972.chr17.vcf.gz	0.822334 seconds
Concatenating /scratch/rohlfslab/abierly2/LongTR/longTR_pipeline_NA18972/NA18972.chr18.vcf.gz	0.622025 seconds
Concatenating /scratch/rohlfslab/abierly2/LongTR/longTR_pipeline_NA18972/NA18972.chr19.vcf.gz	0.674817 seconds
Concatenating /scratch/rohlfslab/abierly2/LongTR/longTR_pipeline_NA18972/NA18972.chr1.vcf.gz	2.207403 seconds
Concatenating /scratch/rohlfslab/abierly2/LongTR/longTR_pipeline_NA18972/NA18972.chr20.vcf.gz	0.519476 seconds
Concatenating /scratch/rohlfslab/abierly2/LongTR/longTR_pipeline_NA18972/NA18972.chr21.vcf.gz	0.303017 seconds
Concatenating /scratch/rohlfslab/abierly2/LongTR/longTR_pipeline_NA18972/NA18972.chr22.vcf.gz	0.353819 seconds
Concatenating /scratch/rohlfslab/abierly2/LongTR/longTR_pipeline_NA18972/NA18972.chr2.vcf.gz	2.213224 seconds
Concatenating /scratch/rohlfslab/abierly2/LongTR/longTR_pipeline_NA18972/NA18972.chr3.vcf.gz	1.777750 seconds
Concatenating /scratch/rohlfslab/abierly2/LongTR/longTR_pipeline_NA18972/NA18972.chr4.vcf.gz	1.705714 seconds
Concatenating /scratch/rohlfslab/abierly2/LongTR/longTR_pipeline_NA18972/NA18972.chr5.vcf.gz	1.593705 seconds
Concatenating /scratch/rohlfslab/abierly2/LongTR/longTR_pipeline_NA18972/NA18972.chr6.vcf.gz	1.544954 seconds
Concatenating /scratch/rohlfslab/abierly2/LongTR/longTR_pipeline_NA18972/NA18972.chr7.vcf.gz	1.489941 seconds
Concatenating /scratch/rohlfslab/abierly2/LongTR/longTR_pipeline_NA18972/NA18972.chr8.vcf.gz	1.281020 seconds
Concatenating /scratch/rohlfslab/abierly2/LongTR/longTR_pipeline_NA18972/NA18972.chr9.vcf.gz	1.083746 seconds
Concatenating /scratch/rohlfslab/abierly2/LongTR/longTR_pipeline_NA18972/NA18972.chrM.vcf.gz	0.000302 seconds
Concatenating /scratch/rohlfslab/abierly2/LongTR/longTR_pipeline_NA18972/NA18972.chrX.vcf.gz	1.315984 seconds
Concatenating /scratch/rohlfslab/abierly2/LongTR/longTR_pipeline_NA18972/NA18972.chrY.vcf.gz	0.000310 seconds
