Checking the headers and starting positions of 25 files
Concatenating /scratch/rohlfslab/abierly2/LongTR/longTR_pipeline_HG03016/HG03016.chr10.vcf.gz	1.096161 seconds
Concatenating /scratch/rohlfslab/abierly2/LongTR/longTR_pipeline_HG03016/HG03016.chr11.vcf.gz	1.057463 seconds
Concatenating /scratch/rohlfslab/abierly2/LongTR/longTR_pipeline_HG03016/HG03016.chr12.vcf.gz	1.106212 seconds
Concatenating /scratch/rohlfslab/abierly2/LongTR/longTR_pipeline_HG03016/HG03016.chr13.vcf.gz	0.765449 seconds
Concatenating /scratch/rohlfslab/abierly2/LongTR/longTR_pipeline_HG03016/HG03016.chr14.vcf.gz	0.725866 seconds
Concatenating /scratch/rohlfslab/abierly2/LongTR/longTR_pipeline_HG03016/HG03016.chr15.vcf.gz	0.681167 seconds
Concatenating /scratch/rohlfslab/abierly2/LongTR/longTR_pipeline_HG03016/HG03016.chr16.vcf.gz	0.712149 seconds
Concatenating /scratch/rohlfslab/abierly2/LongTR/longTR_pipeline_HG03016/HG03016.chr17.vcf.gz	0.745395 seconds
Concatenating /scratch/rohlfslab/abierly2/LongTR/longTR_pipeline_HG03016/HG03016.chr18.vcf.gz	0.547080 seconds
Concatenating /scratch/rohlfslab/abierly2/LongTR/longTR_pipeline_HG03016/HG03016.chr19.vcf.gz	0.604011 seconds
Concatenating /scratch/rohlfslab/abierly2/LongTR/longTR_pipeline_HG03016/HG03016.chr1.vcf.gz	1.961105 seconds
Concatenating /scratch/rohlfslab/abierly2/LongTR/longTR_pipeline_HG03016/HG03016.chr20.vcf.gz	0.462222 seconds
Concatenating /scratch/rohlfslab/abierly2/LongTR/longTR_pipeline_HG03016/HG03016.chr21.vcf.gz	0.270821 seconds
Concatenating /scratch/rohlfslab/abierly2/LongTR/longTR_pipeline_HG03016/HG03016.chr22.vcf.gz	0.320125 seconds
Concatenating /scratch/rohlfslab/abierly2/LongTR/longTR_pipeline_HG03016/HG03016.chr2.vcf.gz	1.953749 seconds
Concatenating /scratch/rohlfslab/abierly2/LongTR/longTR_pipeline_HG03016/HG03016.chr3.vcf.gz	1.564840 seconds
Concatenating /scratch/rohlfslab/abierly2/LongTR/longTR_pipeline_HG03016/HG03016.chr4.vcf.gz	1.476186 seconds
Concatenating /scratch/rohlfslab/abierly2/LongTR/longTR_pipeline_HG03016/HG03016.chr5.vcf.gz	1.423154 seconds
Concatenating /scratch/rohlfslab/abierly2/LongTR/longTR_pipeline_HG03016/HG03016.chr6.vcf.gz	1.377482 seconds
Concatenating /scratch/rohlfslab/abierly2/LongTR/longTR_pipeline_HG03016/HG03016.chr7.vcf.gz	1.309862 seconds
Concatenating /scratch/rohlfslab/abierly2/LongTR/longTR_pipeline_HG03016/HG03016.chr8.vcf.gz	1.134019 seconds
Concatenating /scratch/rohlfslab/abierly2/LongTR/longTR_pipeline_HG03016/HG03016.chr9.vcf.gz	0.955610 seconds
Concatenating /scratch/rohlfslab/abierly2/LongTR/longTR_pipeline_HG03016/HG03016.chrM.vcf.gz	0.000305 seconds
Concatenating /scratch/rohlfslab/abierly2/LongTR/longTR_pipeline_HG03016/HG03016.chrX.vcf.gz	1.042848 seconds
Concatenating /scratch/rohlfslab/abierly2/LongTR/longTR_pipeline_HG03016/HG03016.chrY.vcf.gz	0.000309 seconds
