Checking the headers and starting positions of 25 files
Concatenating /scratch/rohlfslab/abierly2/LongTR/longTR_pipeline_HG02178/HG02178.chr10.vcf.gz	1.221930 seconds
Concatenating /scratch/rohlfslab/abierly2/LongTR/longTR_pipeline_HG02178/HG02178.chr11.vcf.gz	1.168244 seconds
Concatenating /scratch/rohlfslab/abierly2/LongTR/longTR_pipeline_HG02178/HG02178.chr12.vcf.gz	1.244304 seconds
Concatenating /scratch/rohlfslab/abierly2/LongTR/longTR_pipeline_HG02178/HG02178.chr13.vcf.gz	0.856344 seconds
Concatenating /scratch/rohlfslab/abierly2/LongTR/longTR_pipeline_HG02178/HG02178.chr14.vcf.gz	0.808974 seconds
Concatenating /scratch/rohlfslab/abierly2/LongTR/longTR_pipeline_HG02178/HG02178.chr15.vcf.gz	0.757119 seconds
Concatenating /scratch/rohlfslab/abierly2/LongTR/longTR_pipeline_HG02178/HG02178.chr16.vcf.gz	0.784005 seconds
Concatenating /scratch/rohlfslab/abierly2/LongTR/longTR_pipeline_HG02178/HG02178.chr17.vcf.gz	0.822955 seconds
Concatenating /scratch/rohlfslab/abierly2/LongTR/longTR_pipeline_HG02178/HG02178.chr18.vcf.gz	0.620559 seconds
Concatenating /scratch/rohlfslab/abierly2/LongTR/longTR_pipeline_HG02178/HG02178.chr19.vcf.gz	0.674139 seconds
Concatenating /scratch/rohlfslab/abierly2/LongTR/longTR_pipeline_HG02178/HG02178.chr1.vcf.gz	2.191237 seconds
Concatenating /scratch/rohlfslab/abierly2/LongTR/longTR_pipeline_HG02178/HG02178.chr20.vcf.gz	0.517807 seconds
Concatenating /scratch/rohlfslab/abierly2/LongTR/longTR_pipeline_HG02178/HG02178.chr21.vcf.gz	0.297801 seconds
Concatenating /scratch/rohlfslab/abierly2/LongTR/longTR_pipeline_HG02178/HG02178.chr22.vcf.gz	0.358918 seconds
Concatenating /scratch/rohlfslab/abierly2/LongTR/longTR_pipeline_HG02178/HG02178.chr2.vcf.gz	2.224643 seconds
Concatenating /scratch/rohlfslab/abierly2/LongTR/longTR_pipeline_HG02178/HG02178.chr3.vcf.gz	1.753162 seconds
Concatenating /scratch/rohlfslab/abierly2/LongTR/longTR_pipeline_HG02178/HG02178.chr4.vcf.gz	1.684264 seconds
Concatenating /scratch/rohlfslab/abierly2/LongTR/longTR_pipeline_HG02178/HG02178.chr5.vcf.gz	1.579714 seconds
Concatenating /scratch/rohlfslab/abierly2/LongTR/longTR_pipeline_HG02178/HG02178.chr6.vcf.gz	1.529939 seconds
Concatenating /scratch/rohlfslab/abierly2/LongTR/longTR_pipeline_HG02178/HG02178.chr7.vcf.gz	1.466017 seconds
Concatenating /scratch/rohlfslab/abierly2/LongTR/longTR_pipeline_HG02178/HG02178.chr8.vcf.gz	1.267604 seconds
Concatenating /scratch/rohlfslab/abierly2/LongTR/longTR_pipeline_HG02178/HG02178.chr9.vcf.gz	1.072758 seconds
Concatenating /scratch/rohlfslab/abierly2/LongTR/longTR_pipeline_HG02178/HG02178.chrM.vcf.gz	0.000352 seconds
Concatenating /scratch/rohlfslab/abierly2/LongTR/longTR_pipeline_HG02178/HG02178.chrX.vcf.gz	1.303767 seconds
Concatenating /scratch/rohlfslab/abierly2/LongTR/longTR_pipeline_HG02178/HG02178.chrY.vcf.gz	0.000358 seconds
