Checking the headers and starting positions of 25 files
Concatenating /scratch/rohlfslab/abierly2/LongTR/longTR_pipeline_NA18981/NA18981.chr10.vcf.gz	1.009328 seconds
Concatenating /scratch/rohlfslab/abierly2/LongTR/longTR_pipeline_NA18981/NA18981.chr11.vcf.gz	0.964507 seconds
Concatenating /scratch/rohlfslab/abierly2/LongTR/longTR_pipeline_NA18981/NA18981.chr12.vcf.gz	1.049284 seconds
Concatenating /scratch/rohlfslab/abierly2/LongTR/longTR_pipeline_NA18981/NA18981.chr13.vcf.gz	0.685094 seconds
Concatenating /scratch/rohlfslab/abierly2/LongTR/longTR_pipeline_NA18981/NA18981.chr14.vcf.gz	0.664244 seconds
Concatenating /scratch/rohlfslab/abierly2/LongTR/longTR_pipeline_NA18981/NA18981.chr15.vcf.gz	0.633605 seconds
Concatenating /scratch/rohlfslab/abierly2/LongTR/longTR_pipeline_NA18981/NA18981.chr16.vcf.gz	0.644607 seconds
Concatenating /scratch/rohlfslab/abierly2/LongTR/longTR_pipeline_NA18981/NA18981.chr17.vcf.gz	0.692852 seconds
Concatenating /scratch/rohlfslab/abierly2/LongTR/longTR_pipeline_NA18981/NA18981.chr18.vcf.gz	0.492643 seconds
Concatenating /scratch/rohlfslab/abierly2/LongTR/longTR_pipeline_NA18981/NA18981.chr19.vcf.gz	0.598188 seconds
Concatenating /scratch/rohlfslab/abierly2/LongTR/longTR_pipeline_NA18981/NA18981.chr1.vcf.gz	1.822364 seconds
Concatenating /scratch/rohlfslab/abierly2/LongTR/longTR_pipeline_NA18981/NA18981.chr20.vcf.gz	0.421017 seconds
Concatenating /scratch/rohlfslab/abierly2/LongTR/longTR_pipeline_NA18981/NA18981.chr21.vcf.gz	0.241477 seconds
Concatenating /scratch/rohlfslab/abierly2/LongTR/longTR_pipeline_NA18981/NA18981.chr22.vcf.gz	0.297386 seconds
Concatenating /scratch/rohlfslab/abierly2/LongTR/longTR_pipeline_NA18981/NA18981.chr2.vcf.gz	1.828075 seconds
Concatenating /scratch/rohlfslab/abierly2/LongTR/longTR_pipeline_NA18981/NA18981.chr3.vcf.gz	1.434040 seconds
Concatenating /scratch/rohlfslab/abierly2/LongTR/longTR_pipeline_NA18981/NA18981.chr4.vcf.gz	1.323670 seconds
Concatenating /scratch/rohlfslab/abierly2/LongTR/longTR_pipeline_NA18981/NA18981.chr5.vcf.gz	1.298455 seconds
Concatenating /scratch/rohlfslab/abierly2/LongTR/longTR_pipeline_NA18981/NA18981.chr6.vcf.gz	1.274713 seconds
Concatenating /scratch/rohlfslab/abierly2/LongTR/longTR_pipeline_NA18981/NA18981.chr7.vcf.gz	1.200705 seconds
Concatenating /scratch/rohlfslab/abierly2/LongTR/longTR_pipeline_NA18981/NA18981.chr8.vcf.gz	1.012192 seconds
Concatenating /scratch/rohlfslab/abierly2/LongTR/longTR_pipeline_NA18981/NA18981.chr9.vcf.gz	0.882418 seconds
Concatenating /scratch/rohlfslab/abierly2/LongTR/longTR_pipeline_NA18981/NA18981.chrM.vcf.gz	0.000353 seconds
Concatenating /scratch/rohlfslab/abierly2/LongTR/longTR_pipeline_NA18981/NA18981.chrX.vcf.gz	1.015783 seconds
Concatenating /scratch/rohlfslab/abierly2/LongTR/longTR_pipeline_NA18981/NA18981.chrY.vcf.gz	0.000403 seconds
