Checking the headers and starting positions of 25 files
Concatenating /scratch/rohlfslab/abierly2/LongTR/longTR_pipeline_NA19055/NA19055.chr10.vcf.gz	0.496119 seconds
Concatenating /scratch/rohlfslab/abierly2/LongTR/longTR_pipeline_NA19055/NA19055.chr11.vcf.gz	0.453427 seconds
Concatenating /scratch/rohlfslab/abierly2/LongTR/longTR_pipeline_NA19055/NA19055.chr12.vcf.gz	0.523394 seconds
Concatenating /scratch/rohlfslab/abierly2/LongTR/longTR_pipeline_NA19055/NA19055.chr13.vcf.gz	0.347794 seconds
Concatenating /scratch/rohlfslab/abierly2/LongTR/longTR_pipeline_NA19055/NA19055.chr14.vcf.gz	0.326800 seconds
Concatenating /scratch/rohlfslab/abierly2/LongTR/longTR_pipeline_NA19055/NA19055.chr15.vcf.gz	0.314832 seconds
Concatenating /scratch/rohlfslab/abierly2/LongTR/longTR_pipeline_NA19055/NA19055.chr16.vcf.gz	0.308829 seconds
Concatenating /scratch/rohlfslab/abierly2/LongTR/longTR_pipeline_NA19055/NA19055.chr17.vcf.gz	0.314624 seconds
Concatenating /scratch/rohlfslab/abierly2/LongTR/longTR_pipeline_NA19055/NA19055.chr18.vcf.gz	0.263250 seconds
Concatenating /scratch/rohlfslab/abierly2/LongTR/longTR_pipeline_NA19055/NA19055.chr19.vcf.gz	0.237762 seconds
Concatenating /scratch/rohlfslab/abierly2/LongTR/longTR_pipeline_NA19055/NA19055.chr1.vcf.gz	0.892161 seconds
Concatenating /scratch/rohlfslab/abierly2/LongTR/longTR_pipeline_NA19055/NA19055.chr20.vcf.gz	0.199874 seconds
Concatenating /scratch/rohlfslab/abierly2/LongTR/longTR_pipeline_NA19055/NA19055.chr21.vcf.gz	0.121325 seconds
Concatenating /scratch/rohlfslab/abierly2/LongTR/longTR_pipeline_NA19055/NA19055.chr22.vcf.gz	0.130337 seconds
Concatenating /scratch/rohlfslab/abierly2/LongTR/longTR_pipeline_NA19055/NA19055.chr2.vcf.gz	0.872166 seconds
Concatenating /scratch/rohlfslab/abierly2/LongTR/longTR_pipeline_NA19055/NA19055.chr3.vcf.gz	0.715363 seconds
Concatenating /scratch/rohlfslab/abierly2/LongTR/longTR_pipeline_NA19055/NA19055.chr4.vcf.gz	0.685652 seconds
Concatenating /scratch/rohlfslab/abierly2/LongTR/longTR_pipeline_NA19055/NA19055.chr5.vcf.gz	0.690104 seconds
Concatenating /scratch/rohlfslab/abierly2/LongTR/longTR_pipeline_NA19055/NA19055.chr6.vcf.gz	0.632341 seconds
Concatenating /scratch/rohlfslab/abierly2/LongTR/longTR_pipeline_NA19055/NA19055.chr7.vcf.gz	0.563493 seconds
Concatenating /scratch/rohlfslab/abierly2/LongTR/longTR_pipeline_NA19055/NA19055.chr8.vcf.gz	0.502896 seconds
Concatenating /scratch/rohlfslab/abierly2/LongTR/longTR_pipeline_NA19055/NA19055.chr9.vcf.gz	0.430078 seconds
Concatenating /scratch/rohlfslab/abierly2/LongTR/longTR_pipeline_NA19055/NA19055.chrM.vcf.gz	0.000289 seconds
Concatenating /scratch/rohlfslab/abierly2/LongTR/longTR_pipeline_NA19055/NA19055.chrX.vcf.gz	0.037324 seconds
Concatenating /scratch/rohlfslab/abierly2/LongTR/longTR_pipeline_NA19055/NA19055.chrY.vcf.gz	0.000395 seconds
