Checking the headers and starting positions of 25 files
Concatenating /scratch/rohlfslab/abierly2/LongTR/longTR_pipeline_HG02130/HG02130.chr10.vcf.gz	0.661206 seconds
Concatenating /scratch/rohlfslab/abierly2/LongTR/longTR_pipeline_HG02130/HG02130.chr11.vcf.gz	0.637922 seconds
Concatenating /scratch/rohlfslab/abierly2/LongTR/longTR_pipeline_HG02130/HG02130.chr12.vcf.gz	0.708414 seconds
Concatenating /scratch/rohlfslab/abierly2/LongTR/longTR_pipeline_HG02130/HG02130.chr13.vcf.gz	0.441100 seconds
Concatenating /scratch/rohlfslab/abierly2/LongTR/longTR_pipeline_HG02130/HG02130.chr14.vcf.gz	0.448728 seconds
Concatenating /scratch/rohlfslab/abierly2/LongTR/longTR_pipeline_HG02130/HG02130.chr15.vcf.gz	0.426638 seconds
Concatenating /scratch/rohlfslab/abierly2/LongTR/longTR_pipeline_HG02130/HG02130.chr16.vcf.gz	0.445121 seconds
Concatenating /scratch/rohlfslab/abierly2/LongTR/longTR_pipeline_HG02130/HG02130.chr17.vcf.gz	0.529602 seconds
Concatenating /scratch/rohlfslab/abierly2/LongTR/longTR_pipeline_HG02130/HG02130.chr18.vcf.gz	0.321272 seconds
Concatenating /scratch/rohlfslab/abierly2/LongTR/longTR_pipeline_HG02130/HG02130.chr19.vcf.gz	0.415466 seconds
Concatenating /scratch/rohlfslab/abierly2/LongTR/longTR_pipeline_HG02130/HG02130.chr1.vcf.gz	1.228671 seconds
Concatenating /scratch/rohlfslab/abierly2/LongTR/longTR_pipeline_HG02130/HG02130.chr20.vcf.gz	0.291920 seconds
Concatenating /scratch/rohlfslab/abierly2/LongTR/longTR_pipeline_HG02130/HG02130.chr21.vcf.gz	0.158567 seconds
Concatenating /scratch/rohlfslab/abierly2/LongTR/longTR_pipeline_HG02130/HG02130.chr22.vcf.gz	0.198062 seconds
Concatenating /scratch/rohlfslab/abierly2/LongTR/longTR_pipeline_HG02130/HG02130.chr2.vcf.gz	1.197304 seconds
Concatenating /scratch/rohlfslab/abierly2/LongTR/longTR_pipeline_HG02130/HG02130.chr3.vcf.gz	0.958074 seconds
Concatenating /scratch/rohlfslab/abierly2/LongTR/longTR_pipeline_HG02130/HG02130.chr4.vcf.gz	0.860644 seconds
Concatenating /scratch/rohlfslab/abierly2/LongTR/longTR_pipeline_HG02130/HG02130.chr5.vcf.gz	0.857792 seconds
Concatenating /scratch/rohlfslab/abierly2/LongTR/longTR_pipeline_HG02130/HG02130.chr6.vcf.gz	0.834862 seconds
Concatenating /scratch/rohlfslab/abierly2/LongTR/longTR_pipeline_HG02130/HG02130.chr7.vcf.gz	0.803155 seconds
Concatenating /scratch/rohlfslab/abierly2/LongTR/longTR_pipeline_HG02130/HG02130.chr8.vcf.gz	0.693019 seconds
Concatenating /scratch/rohlfslab/abierly2/LongTR/longTR_pipeline_HG02130/HG02130.chr9.vcf.gz	0.596479 seconds
Concatenating /scratch/rohlfslab/abierly2/LongTR/longTR_pipeline_HG02130/HG02130.chrM.vcf.gz	0.000366 seconds
Concatenating /scratch/rohlfslab/abierly2/LongTR/longTR_pipeline_HG02130/HG02130.chrX.vcf.gz	0.645792 seconds
Concatenating /scratch/rohlfslab/abierly2/LongTR/longTR_pipeline_HG02130/HG02130.chrY.vcf.gz	0.000299 seconds
