Checking the headers and starting positions of 25 files
Concatenating /scratch/rohlfslab/abierly2/LongTR/longTR_pipeline_NA18532/NA18532.chr10.vcf.gz	1.199513 seconds
Concatenating /scratch/rohlfslab/abierly2/LongTR/longTR_pipeline_NA18532/NA18532.chr11.vcf.gz	1.138889 seconds
Concatenating /scratch/rohlfslab/abierly2/LongTR/longTR_pipeline_NA18532/NA18532.chr12.vcf.gz	1.209809 seconds
Concatenating /scratch/rohlfslab/abierly2/LongTR/longTR_pipeline_NA18532/NA18532.chr13.vcf.gz	0.831249 seconds
Concatenating /scratch/rohlfslab/abierly2/LongTR/longTR_pipeline_NA18532/NA18532.chr14.vcf.gz	0.796537 seconds
Concatenating /scratch/rohlfslab/abierly2/LongTR/longTR_pipeline_NA18532/NA18532.chr15.vcf.gz	0.743215 seconds
Concatenating /scratch/rohlfslab/abierly2/LongTR/longTR_pipeline_NA18532/NA18532.chr16.vcf.gz	0.775329 seconds
Concatenating /scratch/rohlfslab/abierly2/LongTR/longTR_pipeline_NA18532/NA18532.chr17.vcf.gz	0.804615 seconds
Concatenating /scratch/rohlfslab/abierly2/LongTR/longTR_pipeline_NA18532/NA18532.chr18.vcf.gz	0.605418 seconds
Concatenating /scratch/rohlfslab/abierly2/LongTR/longTR_pipeline_NA18532/NA18532.chr19.vcf.gz	0.675519 seconds
Concatenating /scratch/rohlfslab/abierly2/LongTR/longTR_pipeline_NA18532/NA18532.chr1.vcf.gz	2.130242 seconds
Concatenating /scratch/rohlfslab/abierly2/LongTR/longTR_pipeline_NA18532/NA18532.chr20.vcf.gz	0.501400 seconds
Concatenating /scratch/rohlfslab/abierly2/LongTR/longTR_pipeline_NA18532/NA18532.chr21.vcf.gz	0.292228 seconds
Concatenating /scratch/rohlfslab/abierly2/LongTR/longTR_pipeline_NA18532/NA18532.chr22.vcf.gz	0.349728 seconds
Concatenating /scratch/rohlfslab/abierly2/LongTR/longTR_pipeline_NA18532/NA18532.chr2.vcf.gz	2.145884 seconds
Concatenating /scratch/rohlfslab/abierly2/LongTR/longTR_pipeline_NA18532/NA18532.chr3.vcf.gz	1.708775 seconds
Concatenating /scratch/rohlfslab/abierly2/LongTR/longTR_pipeline_NA18532/NA18532.chr4.vcf.gz	1.645636 seconds
Concatenating /scratch/rohlfslab/abierly2/LongTR/longTR_pipeline_NA18532/NA18532.chr5.vcf.gz	1.556213 seconds
Concatenating /scratch/rohlfslab/abierly2/LongTR/longTR_pipeline_NA18532/NA18532.chr6.vcf.gz	1.503742 seconds
Concatenating /scratch/rohlfslab/abierly2/LongTR/longTR_pipeline_NA18532/NA18532.chr7.vcf.gz	1.450139 seconds
Concatenating /scratch/rohlfslab/abierly2/LongTR/longTR_pipeline_NA18532/NA18532.chr8.vcf.gz	1.251062 seconds
Concatenating /scratch/rohlfslab/abierly2/LongTR/longTR_pipeline_NA18532/NA18532.chr9.vcf.gz	1.051980 seconds
Concatenating /scratch/rohlfslab/abierly2/LongTR/longTR_pipeline_NA18532/NA18532.chrM.vcf.gz	0.000348 seconds
Concatenating /scratch/rohlfslab/abierly2/LongTR/longTR_pipeline_NA18532/NA18532.chrX.vcf.gz	1.284599 seconds
Concatenating /scratch/rohlfslab/abierly2/LongTR/longTR_pipeline_NA18532/NA18532.chrY.vcf.gz	0.000378 seconds
