Checking the headers and starting positions of 25 files
Concatenating /scratch/rohlfslab/abierly2/LongTR/longTR_pipeline_HG01953/HG01953.chr10.vcf.gz	1.229847 seconds
Concatenating /scratch/rohlfslab/abierly2/LongTR/longTR_pipeline_HG01953/HG01953.chr11.vcf.gz	1.171743 seconds
Concatenating /scratch/rohlfslab/abierly2/LongTR/longTR_pipeline_HG01953/HG01953.chr12.vcf.gz	1.243167 seconds
Concatenating /scratch/rohlfslab/abierly2/LongTR/longTR_pipeline_HG01953/HG01953.chr13.vcf.gz	0.856937 seconds
Concatenating /scratch/rohlfslab/abierly2/LongTR/longTR_pipeline_HG01953/HG01953.chr14.vcf.gz	0.812020 seconds
Concatenating /scratch/rohlfslab/abierly2/LongTR/longTR_pipeline_HG01953/HG01953.chr15.vcf.gz	0.761407 seconds
Concatenating /scratch/rohlfslab/abierly2/LongTR/longTR_pipeline_HG01953/HG01953.chr16.vcf.gz	0.798107 seconds
Concatenating /scratch/rohlfslab/abierly2/LongTR/longTR_pipeline_HG01953/HG01953.chr17.vcf.gz	0.830423 seconds
Concatenating /scratch/rohlfslab/abierly2/LongTR/longTR_pipeline_HG01953/HG01953.chr18.vcf.gz	0.615836 seconds
Concatenating /scratch/rohlfslab/abierly2/LongTR/longTR_pipeline_HG01953/HG01953.chr19.vcf.gz	0.696620 seconds
Concatenating /scratch/rohlfslab/abierly2/LongTR/longTR_pipeline_HG01953/HG01953.chr1.vcf.gz	2.189020 seconds
Concatenating /scratch/rohlfslab/abierly2/LongTR/longTR_pipeline_HG01953/HG01953.chr20.vcf.gz	0.516980 seconds
Concatenating /scratch/rohlfslab/abierly2/LongTR/longTR_pipeline_HG01953/HG01953.chr21.vcf.gz	0.299970 seconds
Concatenating /scratch/rohlfslab/abierly2/LongTR/longTR_pipeline_HG01953/HG01953.chr22.vcf.gz	0.361698 seconds
Concatenating /scratch/rohlfslab/abierly2/LongTR/longTR_pipeline_HG01953/HG01953.chr2.vcf.gz	2.192830 seconds
Concatenating /scratch/rohlfslab/abierly2/LongTR/longTR_pipeline_HG01953/HG01953.chr3.vcf.gz	1.747980 seconds
Concatenating /scratch/rohlfslab/abierly2/LongTR/longTR_pipeline_HG01953/HG01953.chr4.vcf.gz	1.666340 seconds
Concatenating /scratch/rohlfslab/abierly2/LongTR/longTR_pipeline_HG01953/HG01953.chr5.vcf.gz	1.587865 seconds
Concatenating /scratch/rohlfslab/abierly2/LongTR/longTR_pipeline_HG01953/HG01953.chr6.vcf.gz	1.533357 seconds
Concatenating /scratch/rohlfslab/abierly2/LongTR/longTR_pipeline_HG01953/HG01953.chr7.vcf.gz	1.480443 seconds
Concatenating /scratch/rohlfslab/abierly2/LongTR/longTR_pipeline_HG01953/HG01953.chr8.vcf.gz	1.285517 seconds
Concatenating /scratch/rohlfslab/abierly2/LongTR/longTR_pipeline_HG01953/HG01953.chr9.vcf.gz	1.079514 seconds
Concatenating /scratch/rohlfslab/abierly2/LongTR/longTR_pipeline_HG01953/HG01953.chrM.vcf.gz	0.000325 seconds
Concatenating /scratch/rohlfslab/abierly2/LongTR/longTR_pipeline_HG01953/HG01953.chrX.vcf.gz	0.780818 seconds
Concatenating /scratch/rohlfslab/abierly2/LongTR/longTR_pipeline_HG01953/HG01953.chrY.vcf.gz	0.036145 seconds
