Checking the headers and starting positions of 25 files
Concatenating /scratch/rohlfslab/abierly2/LongTR/longTR_pipeline_HG03672/HG03672.chr10.vcf.gz	0.720811 seconds
Concatenating /scratch/rohlfslab/abierly2/LongTR/longTR_pipeline_HG03672/HG03672.chr11.vcf.gz	0.682314 seconds
Concatenating /scratch/rohlfslab/abierly2/LongTR/longTR_pipeline_HG03672/HG03672.chr12.vcf.gz	0.758194 seconds
Concatenating /scratch/rohlfslab/abierly2/LongTR/longTR_pipeline_HG03672/HG03672.chr13.vcf.gz	0.512761 seconds
Concatenating /scratch/rohlfslab/abierly2/LongTR/longTR_pipeline_HG03672/HG03672.chr14.vcf.gz	0.485793 seconds
Concatenating /scratch/rohlfslab/abierly2/LongTR/longTR_pipeline_HG03672/HG03672.chr15.vcf.gz	0.448990 seconds
Concatenating /scratch/rohlfslab/abierly2/LongTR/longTR_pipeline_HG03672/HG03672.chr16.vcf.gz	0.426151 seconds
Concatenating /scratch/rohlfslab/abierly2/LongTR/longTR_pipeline_HG03672/HG03672.chr17.vcf.gz	0.455362 seconds
Concatenating /scratch/rohlfslab/abierly2/LongTR/longTR_pipeline_HG03672/HG03672.chr18.vcf.gz	0.367298 seconds
Concatenating /scratch/rohlfslab/abierly2/LongTR/longTR_pipeline_HG03672/HG03672.chr19.vcf.gz	0.369455 seconds
Concatenating /scratch/rohlfslab/abierly2/LongTR/longTR_pipeline_HG03672/HG03672.chr1.vcf.gz	1.300782 seconds
Concatenating /scratch/rohlfslab/abierly2/LongTR/longTR_pipeline_HG03672/HG03672.chr20.vcf.gz	0.284725 seconds
Concatenating /scratch/rohlfslab/abierly2/LongTR/longTR_pipeline_HG03672/HG03672.chr21.vcf.gz	0.163394 seconds
Concatenating /scratch/rohlfslab/abierly2/LongTR/longTR_pipeline_HG03672/HG03672.chr22.vcf.gz	0.190190 seconds
Concatenating /scratch/rohlfslab/abierly2/LongTR/longTR_pipeline_HG03672/HG03672.chr2.vcf.gz	1.294283 seconds
Concatenating /scratch/rohlfslab/abierly2/LongTR/longTR_pipeline_HG03672/HG03672.chr3.vcf.gz	1.050964 seconds
Concatenating /scratch/rohlfslab/abierly2/LongTR/longTR_pipeline_HG03672/HG03672.chr4.vcf.gz	0.997407 seconds
Concatenating /scratch/rohlfslab/abierly2/LongTR/longTR_pipeline_HG03672/HG03672.chr5.vcf.gz	0.945475 seconds
Concatenating /scratch/rohlfslab/abierly2/LongTR/longTR_pipeline_HG03672/HG03672.chr6.vcf.gz	0.917581 seconds
Concatenating /scratch/rohlfslab/abierly2/LongTR/longTR_pipeline_HG03672/HG03672.chr7.vcf.gz	0.854439 seconds
Concatenating /scratch/rohlfslab/abierly2/LongTR/longTR_pipeline_HG03672/HG03672.chr8.vcf.gz	0.733506 seconds
Concatenating /scratch/rohlfslab/abierly2/LongTR/longTR_pipeline_HG03672/HG03672.chr9.vcf.gz	0.619553 seconds
Concatenating /scratch/rohlfslab/abierly2/LongTR/longTR_pipeline_HG03672/HG03672.chrM.vcf.gz	0.000349 seconds
Concatenating /scratch/rohlfslab/abierly2/LongTR/longTR_pipeline_HG03672/HG03672.chrX.vcf.gz	0.078603 seconds
Concatenating /scratch/rohlfslab/abierly2/LongTR/longTR_pipeline_HG03672/HG03672.chrY.vcf.gz	0.002320 seconds
