Checking the headers and starting positions of 25 files
Concatenating /scratch/rohlfslab/abierly2/LongTR/longTR_pipeline_HG01398/HG01398.chr10.vcf.gz	0.580438 seconds
Concatenating /scratch/rohlfslab/abierly2/LongTR/longTR_pipeline_HG01398/HG01398.chr11.vcf.gz	0.561981 seconds
Concatenating /scratch/rohlfslab/abierly2/LongTR/longTR_pipeline_HG01398/HG01398.chr12.vcf.gz	0.621771 seconds
Concatenating /scratch/rohlfslab/abierly2/LongTR/longTR_pipeline_HG01398/HG01398.chr13.vcf.gz	0.392382 seconds
Concatenating /scratch/rohlfslab/abierly2/LongTR/longTR_pipeline_HG01398/HG01398.chr14.vcf.gz	0.398146 seconds
Concatenating /scratch/rohlfslab/abierly2/LongTR/longTR_pipeline_HG01398/HG01398.chr15.vcf.gz	0.383788 seconds
Concatenating /scratch/rohlfslab/abierly2/LongTR/longTR_pipeline_HG01398/HG01398.chr16.vcf.gz	0.376373 seconds
Concatenating /scratch/rohlfslab/abierly2/LongTR/longTR_pipeline_HG01398/HG01398.chr17.vcf.gz	0.407429 seconds
Concatenating /scratch/rohlfslab/abierly2/LongTR/longTR_pipeline_HG01398/HG01398.chr18.vcf.gz	0.285232 seconds
Concatenating /scratch/rohlfslab/abierly2/LongTR/longTR_pipeline_HG01398/HG01398.chr19.vcf.gz	0.338132 seconds
Concatenating /scratch/rohlfslab/abierly2/LongTR/longTR_pipeline_HG01398/HG01398.chr1.vcf.gz	1.065879 seconds
Concatenating /scratch/rohlfslab/abierly2/LongTR/longTR_pipeline_HG01398/HG01398.chr20.vcf.gz	0.250381 seconds
Concatenating /scratch/rohlfslab/abierly2/LongTR/longTR_pipeline_HG01398/HG01398.chr21.vcf.gz	0.146932 seconds
Concatenating /scratch/rohlfslab/abierly2/LongTR/longTR_pipeline_HG01398/HG01398.chr22.vcf.gz	0.177464 seconds
Concatenating /scratch/rohlfslab/abierly2/LongTR/longTR_pipeline_HG01398/HG01398.chr2.vcf.gz	1.028348 seconds
Concatenating /scratch/rohlfslab/abierly2/LongTR/longTR_pipeline_HG01398/HG01398.chr3.vcf.gz	0.834623 seconds
Concatenating /scratch/rohlfslab/abierly2/LongTR/longTR_pipeline_HG01398/HG01398.chr4.vcf.gz	0.765021 seconds
Concatenating /scratch/rohlfslab/abierly2/LongTR/longTR_pipeline_HG01398/HG01398.chr5.vcf.gz	0.749160 seconds
Concatenating /scratch/rohlfslab/abierly2/LongTR/longTR_pipeline_HG01398/HG01398.chr6.vcf.gz	0.727472 seconds
Concatenating /scratch/rohlfslab/abierly2/LongTR/longTR_pipeline_HG01398/HG01398.chr7.vcf.gz	0.694751 seconds
Concatenating /scratch/rohlfslab/abierly2/LongTR/longTR_pipeline_HG01398/HG01398.chr8.vcf.gz	0.588526 seconds
Concatenating /scratch/rohlfslab/abierly2/LongTR/longTR_pipeline_HG01398/HG01398.chr9.vcf.gz	0.502552 seconds
Concatenating /scratch/rohlfslab/abierly2/LongTR/longTR_pipeline_HG01398/HG01398.chrM.vcf.gz	0.000301 seconds
Concatenating /scratch/rohlfslab/abierly2/LongTR/longTR_pipeline_HG01398/HG01398.chrX.vcf.gz	0.058430 seconds
Concatenating /scratch/rohlfslab/abierly2/LongTR/longTR_pipeline_HG01398/HG01398.chrY.vcf.gz	0.002384 seconds
