Checking the headers and starting positions of 25 files
Concatenating /scratch/rohlfslab/abierly2/LongTR/longTR_pipeline_HG02367/HG02367.chr10.vcf.gz	1.279518 seconds
Concatenating /scratch/rohlfslab/abierly2/LongTR/longTR_pipeline_HG02367/HG02367.chr11.vcf.gz	1.206502 seconds
Concatenating /scratch/rohlfslab/abierly2/LongTR/longTR_pipeline_HG02367/HG02367.chr12.vcf.gz	1.280965 seconds
Concatenating /scratch/rohlfslab/abierly2/LongTR/longTR_pipeline_HG02367/HG02367.chr13.vcf.gz	0.881834 seconds
Concatenating /scratch/rohlfslab/abierly2/LongTR/longTR_pipeline_HG02367/HG02367.chr14.vcf.gz	0.831957 seconds
Concatenating /scratch/rohlfslab/abierly2/LongTR/longTR_pipeline_HG02367/HG02367.chr15.vcf.gz	0.793804 seconds
Concatenating /scratch/rohlfslab/abierly2/LongTR/longTR_pipeline_HG02367/HG02367.chr16.vcf.gz	0.821136 seconds
Concatenating /scratch/rohlfslab/abierly2/LongTR/longTR_pipeline_HG02367/HG02367.chr17.vcf.gz	0.857120 seconds
Concatenating /scratch/rohlfslab/abierly2/LongTR/longTR_pipeline_HG02367/HG02367.chr18.vcf.gz	0.643425 seconds
Concatenating /scratch/rohlfslab/abierly2/LongTR/longTR_pipeline_HG02367/HG02367.chr19.vcf.gz	0.709176 seconds
Concatenating /scratch/rohlfslab/abierly2/LongTR/longTR_pipeline_HG02367/HG02367.chr1.vcf.gz	2.249862 seconds
Concatenating /scratch/rohlfslab/abierly2/LongTR/longTR_pipeline_HG02367/HG02367.chr20.vcf.gz	0.530566 seconds
Concatenating /scratch/rohlfslab/abierly2/LongTR/longTR_pipeline_HG02367/HG02367.chr21.vcf.gz	0.303706 seconds
Concatenating /scratch/rohlfslab/abierly2/LongTR/longTR_pipeline_HG02367/HG02367.chr22.vcf.gz	0.370180 seconds
Concatenating /scratch/rohlfslab/abierly2/LongTR/longTR_pipeline_HG02367/HG02367.chr2.vcf.gz	2.242456 seconds
Concatenating /scratch/rohlfslab/abierly2/LongTR/longTR_pipeline_HG02367/HG02367.chr3.vcf.gz	1.778199 seconds
Concatenating /scratch/rohlfslab/abierly2/LongTR/longTR_pipeline_HG02367/HG02367.chr4.vcf.gz	1.723111 seconds
Concatenating /scratch/rohlfslab/abierly2/LongTR/longTR_pipeline_HG02367/HG02367.chr5.vcf.gz	1.621676 seconds
Concatenating /scratch/rohlfslab/abierly2/LongTR/longTR_pipeline_HG02367/HG02367.chr6.vcf.gz	1.568424 seconds
Concatenating /scratch/rohlfslab/abierly2/LongTR/longTR_pipeline_HG02367/HG02367.chr7.vcf.gz	1.510450 seconds
Concatenating /scratch/rohlfslab/abierly2/LongTR/longTR_pipeline_HG02367/HG02367.chr8.vcf.gz	1.309710 seconds
Concatenating /scratch/rohlfslab/abierly2/LongTR/longTR_pipeline_HG02367/HG02367.chr9.vcf.gz	1.106591 seconds
Concatenating /scratch/rohlfslab/abierly2/LongTR/longTR_pipeline_HG02367/HG02367.chrM.vcf.gz	0.000486 seconds
Concatenating /scratch/rohlfslab/abierly2/LongTR/longTR_pipeline_HG02367/HG02367.chrX.vcf.gz	0.728905 seconds
Concatenating /scratch/rohlfslab/abierly2/LongTR/longTR_pipeline_HG02367/HG02367.chrY.vcf.gz	0.035074 seconds
