Checking the headers and starting positions of 25 files
Concatenating /scratch/rohlfslab/abierly2/LongTR/longTR_pipeline_HG00361/HG00361.chr10.vcf.gz	1.245756 seconds
Concatenating /scratch/rohlfslab/abierly2/LongTR/longTR_pipeline_HG00361/HG00361.chr11.vcf.gz	1.166035 seconds
Concatenating /scratch/rohlfslab/abierly2/LongTR/longTR_pipeline_HG00361/HG00361.chr12.vcf.gz	1.232537 seconds
Concatenating /scratch/rohlfslab/abierly2/LongTR/longTR_pipeline_HG00361/HG00361.chr13.vcf.gz	0.851514 seconds
Concatenating /scratch/rohlfslab/abierly2/LongTR/longTR_pipeline_HG00361/HG00361.chr14.vcf.gz	0.801500 seconds
Concatenating /scratch/rohlfslab/abierly2/LongTR/longTR_pipeline_HG00361/HG00361.chr15.vcf.gz	0.759149 seconds
Concatenating /scratch/rohlfslab/abierly2/LongTR/longTR_pipeline_HG00361/HG00361.chr16.vcf.gz	0.794846 seconds
Concatenating /scratch/rohlfslab/abierly2/LongTR/longTR_pipeline_HG00361/HG00361.chr17.vcf.gz	0.827117 seconds
Concatenating /scratch/rohlfslab/abierly2/LongTR/longTR_pipeline_HG00361/HG00361.chr18.vcf.gz	0.615281 seconds
Concatenating /scratch/rohlfslab/abierly2/LongTR/longTR_pipeline_HG00361/HG00361.chr19.vcf.gz	0.685381 seconds
Concatenating /scratch/rohlfslab/abierly2/LongTR/longTR_pipeline_HG00361/HG00361.chr1.vcf.gz	2.193293 seconds
Concatenating /scratch/rohlfslab/abierly2/LongTR/longTR_pipeline_HG00361/HG00361.chr20.vcf.gz	0.513928 seconds
Concatenating /scratch/rohlfslab/abierly2/LongTR/longTR_pipeline_HG00361/HG00361.chr21.vcf.gz	0.295783 seconds
Concatenating /scratch/rohlfslab/abierly2/LongTR/longTR_pipeline_HG00361/HG00361.chr22.vcf.gz	0.363657 seconds
Concatenating /scratch/rohlfslab/abierly2/LongTR/longTR_pipeline_HG00361/HG00361.chr2.vcf.gz	2.222356 seconds
Concatenating /scratch/rohlfslab/abierly2/LongTR/longTR_pipeline_HG00361/HG00361.chr3.vcf.gz	1.733563 seconds
Concatenating /scratch/rohlfslab/abierly2/LongTR/longTR_pipeline_HG00361/HG00361.chr4.vcf.gz	1.691921 seconds
Concatenating /scratch/rohlfslab/abierly2/LongTR/longTR_pipeline_HG00361/HG00361.chr5.vcf.gz	1.576414 seconds
Concatenating /scratch/rohlfslab/abierly2/LongTR/longTR_pipeline_HG00361/HG00361.chr6.vcf.gz	1.514760 seconds
Concatenating /scratch/rohlfslab/abierly2/LongTR/longTR_pipeline_HG00361/HG00361.chr7.vcf.gz	1.463842 seconds
Concatenating /scratch/rohlfslab/abierly2/LongTR/longTR_pipeline_HG00361/HG00361.chr8.vcf.gz	1.265671 seconds
Concatenating /scratch/rohlfslab/abierly2/LongTR/longTR_pipeline_HG00361/HG00361.chr9.vcf.gz	1.100585 seconds
Concatenating /scratch/rohlfslab/abierly2/LongTR/longTR_pipeline_HG00361/HG00361.chrM.vcf.gz	0.000307 seconds
Concatenating /scratch/rohlfslab/abierly2/LongTR/longTR_pipeline_HG00361/HG00361.chrX.vcf.gz	0.870493 seconds
Concatenating /scratch/rohlfslab/abierly2/LongTR/longTR_pipeline_HG00361/HG00361.chrY.vcf.gz	0.000329 seconds
