Checking the headers and starting positions of 25 files
Concatenating /scratch/rohlfslab/abierly2/LongTR/longTR_pipeline_NA12801/NA12801.chr10.vcf.gz	1.018555 seconds
Concatenating /scratch/rohlfslab/abierly2/LongTR/longTR_pipeline_NA12801/NA12801.chr11.vcf.gz	0.974671 seconds
Concatenating /scratch/rohlfslab/abierly2/LongTR/longTR_pipeline_NA12801/NA12801.chr12.vcf.gz	1.028279 seconds
Concatenating /scratch/rohlfslab/abierly2/LongTR/longTR_pipeline_NA12801/NA12801.chr13.vcf.gz	0.667293 seconds
Concatenating /scratch/rohlfslab/abierly2/LongTR/longTR_pipeline_NA12801/NA12801.chr14.vcf.gz	0.661051 seconds
Concatenating /scratch/rohlfslab/abierly2/LongTR/longTR_pipeline_NA12801/NA12801.chr15.vcf.gz	0.634709 seconds
Concatenating /scratch/rohlfslab/abierly2/LongTR/longTR_pipeline_NA12801/NA12801.chr16.vcf.gz	0.657542 seconds
Concatenating /scratch/rohlfslab/abierly2/LongTR/longTR_pipeline_NA12801/NA12801.chr17.vcf.gz	0.682453 seconds
Concatenating /scratch/rohlfslab/abierly2/LongTR/longTR_pipeline_NA12801/NA12801.chr18.vcf.gz	0.494868 seconds
Concatenating /scratch/rohlfslab/abierly2/LongTR/longTR_pipeline_NA12801/NA12801.chr19.vcf.gz	0.578668 seconds
Concatenating /scratch/rohlfslab/abierly2/LongTR/longTR_pipeline_NA12801/NA12801.chr1.vcf.gz	1.815126 seconds
Concatenating /scratch/rohlfslab/abierly2/LongTR/longTR_pipeline_NA12801/NA12801.chr20.vcf.gz	0.430194 seconds
Concatenating /scratch/rohlfslab/abierly2/LongTR/longTR_pipeline_NA12801/NA12801.chr21.vcf.gz	0.237849 seconds
Concatenating /scratch/rohlfslab/abierly2/LongTR/longTR_pipeline_NA12801/NA12801.chr22.vcf.gz	0.310335 seconds
Concatenating /scratch/rohlfslab/abierly2/LongTR/longTR_pipeline_NA12801/NA12801.chr2.vcf.gz	1.783846 seconds
Concatenating /scratch/rohlfslab/abierly2/LongTR/longTR_pipeline_NA12801/NA12801.chr3.vcf.gz	1.420158 seconds
Concatenating /scratch/rohlfslab/abierly2/LongTR/longTR_pipeline_NA12801/NA12801.chr4.vcf.gz	1.304041 seconds
Concatenating /scratch/rohlfslab/abierly2/LongTR/longTR_pipeline_NA12801/NA12801.chr5.vcf.gz	1.293814 seconds
Concatenating /scratch/rohlfslab/abierly2/LongTR/longTR_pipeline_NA12801/NA12801.chr6.vcf.gz	1.244153 seconds
Concatenating /scratch/rohlfslab/abierly2/LongTR/longTR_pipeline_NA12801/NA12801.chr7.vcf.gz	1.189835 seconds
Concatenating /scratch/rohlfslab/abierly2/LongTR/longTR_pipeline_NA12801/NA12801.chr8.vcf.gz	1.015201 seconds
Concatenating /scratch/rohlfslab/abierly2/LongTR/longTR_pipeline_NA12801/NA12801.chr9.vcf.gz	0.874828 seconds
Concatenating /scratch/rohlfslab/abierly2/LongTR/longTR_pipeline_NA12801/NA12801.chrM.vcf.gz	0.000324 seconds
Concatenating /scratch/rohlfslab/abierly2/LongTR/longTR_pipeline_NA12801/NA12801.chrX.vcf.gz	0.172583 seconds
Concatenating /scratch/rohlfslab/abierly2/LongTR/longTR_pipeline_NA12801/NA12801.chrY.vcf.gz	0.008526 seconds
