Checking the headers and starting positions of 25 files
Concatenating /scratch/rohlfslab/abierly2/LongTR/longTR_pipeline_HG01991/HG01991.chr10.vcf.gz	2.136152 seconds
Concatenating /scratch/rohlfslab/abierly2/LongTR/longTR_pipeline_HG01991/HG01991.chr11.vcf.gz	2.027792 seconds
Concatenating /scratch/rohlfslab/abierly2/LongTR/longTR_pipeline_HG01991/HG01991.chr12.vcf.gz	2.142122 seconds
Concatenating /scratch/rohlfslab/abierly2/LongTR/longTR_pipeline_HG01991/HG01991.chr13.vcf.gz	1.472739 seconds
Concatenating /scratch/rohlfslab/abierly2/LongTR/longTR_pipeline_HG01991/HG01991.chr14.vcf.gz	1.411497 seconds
Concatenating /scratch/rohlfslab/abierly2/LongTR/longTR_pipeline_HG01991/HG01991.chr15.vcf.gz	1.322493 seconds
Concatenating /scratch/rohlfslab/abierly2/LongTR/longTR_pipeline_HG01991/HG01991.chr16.vcf.gz	1.381388 seconds
Concatenating /scratch/rohlfslab/abierly2/LongTR/longTR_pipeline_HG01991/HG01991.chr17.vcf.gz	1.441481 seconds
Concatenating /scratch/rohlfslab/abierly2/LongTR/longTR_pipeline_HG01991/HG01991.chr18.vcf.gz	1.013193 seconds
Concatenating /scratch/rohlfslab/abierly2/LongTR/longTR_pipeline_HG01991/HG01991.chr19.vcf.gz	1.178845 seconds
Concatenating /scratch/rohlfslab/abierly2/LongTR/longTR_pipeline_HG01991/HG01991.chr1.vcf.gz	3.782976 seconds
Concatenating /scratch/rohlfslab/abierly2/LongTR/longTR_pipeline_HG01991/HG01991.chr20.vcf.gz	0.895923 seconds
Concatenating /scratch/rohlfslab/abierly2/LongTR/longTR_pipeline_HG01991/HG01991.chr21.vcf.gz	0.511018 seconds
Concatenating /scratch/rohlfslab/abierly2/LongTR/longTR_pipeline_HG01991/HG01991.chr22.vcf.gz	0.619590 seconds
Concatenating /scratch/rohlfslab/abierly2/LongTR/longTR_pipeline_HG01991/HG01991.chr2.vcf.gz	3.779973 seconds
Concatenating /scratch/rohlfslab/abierly2/LongTR/longTR_pipeline_HG01991/HG01991.chr3.vcf.gz	3.009748 seconds
Concatenating /scratch/rohlfslab/abierly2/LongTR/longTR_pipeline_HG01991/HG01991.chr4.vcf.gz	2.876940 seconds
Concatenating /scratch/rohlfslab/abierly2/LongTR/longTR_pipeline_HG01991/HG01991.chr5.vcf.gz	2.725180 seconds
Concatenating /scratch/rohlfslab/abierly2/LongTR/longTR_pipeline_HG01991/HG01991.chr6.vcf.gz	2.629714 seconds
Concatenating /scratch/rohlfslab/abierly2/LongTR/longTR_pipeline_HG01991/HG01991.chr7.vcf.gz	2.534930 seconds
Concatenating /scratch/rohlfslab/abierly2/LongTR/longTR_pipeline_HG01991/HG01991.chr8.vcf.gz	2.182150 seconds
Concatenating /scratch/rohlfslab/abierly2/LongTR/longTR_pipeline_HG01991/HG01991.chr9.vcf.gz	1.852598 seconds
Concatenating /scratch/rohlfslab/abierly2/LongTR/longTR_pipeline_HG01991/HG01991.chrM.vcf.gz	0.000649 seconds
Concatenating /scratch/rohlfslab/abierly2/LongTR/longTR_pipeline_HG01991/HG01991.chrX.vcf.gz	0.869212 seconds
Concatenating /scratch/rohlfslab/abierly2/LongTR/longTR_pipeline_HG01991/HG01991.chrY.vcf.gz	0.038492 seconds
