Checking the headers and starting positions of 25 files
Concatenating /scratch/rohlfslab/abierly2/LongTR/longTR_pipeline_NA20540/NA20540.chr10.vcf.gz	0.643148 seconds
Concatenating /scratch/rohlfslab/abierly2/LongTR/longTR_pipeline_NA20540/NA20540.chr11.vcf.gz	0.620209 seconds
Concatenating /scratch/rohlfslab/abierly2/LongTR/longTR_pipeline_NA20540/NA20540.chr12.vcf.gz	0.647215 seconds
Concatenating /scratch/rohlfslab/abierly2/LongTR/longTR_pipeline_NA20540/NA20540.chr13.vcf.gz	0.434525 seconds
Concatenating /scratch/rohlfslab/abierly2/LongTR/longTR_pipeline_NA20540/NA20540.chr14.vcf.gz	0.444284 seconds
Concatenating /scratch/rohlfslab/abierly2/LongTR/longTR_pipeline_NA20540/NA20540.chr15.vcf.gz	0.419619 seconds
Concatenating /scratch/rohlfslab/abierly2/LongTR/longTR_pipeline_NA20540/NA20540.chr16.vcf.gz	0.426070 seconds
Concatenating /scratch/rohlfslab/abierly2/LongTR/longTR_pipeline_NA20540/NA20540.chr17.vcf.gz	0.449035 seconds
Concatenating /scratch/rohlfslab/abierly2/LongTR/longTR_pipeline_NA20540/NA20540.chr18.vcf.gz	0.312811 seconds
Concatenating /scratch/rohlfslab/abierly2/LongTR/longTR_pipeline_NA20540/NA20540.chr19.vcf.gz	0.382096 seconds
Concatenating /scratch/rohlfslab/abierly2/LongTR/longTR_pipeline_NA20540/NA20540.chr1.vcf.gz	1.158710 seconds
Concatenating /scratch/rohlfslab/abierly2/LongTR/longTR_pipeline_NA20540/NA20540.chr20.vcf.gz	0.271418 seconds
Concatenating /scratch/rohlfslab/abierly2/LongTR/longTR_pipeline_NA20540/NA20540.chr21.vcf.gz	0.164764 seconds
Concatenating /scratch/rohlfslab/abierly2/LongTR/longTR_pipeline_NA20540/NA20540.chr22.vcf.gz	0.206870 seconds
Concatenating /scratch/rohlfslab/abierly2/LongTR/longTR_pipeline_NA20540/NA20540.chr2.vcf.gz	1.144537 seconds
Concatenating /scratch/rohlfslab/abierly2/LongTR/longTR_pipeline_NA20540/NA20540.chr3.vcf.gz	0.914264 seconds
Concatenating /scratch/rohlfslab/abierly2/LongTR/longTR_pipeline_NA20540/NA20540.chr4.vcf.gz	0.820333 seconds
Concatenating /scratch/rohlfslab/abierly2/LongTR/longTR_pipeline_NA20540/NA20540.chr5.vcf.gz	0.803503 seconds
Concatenating /scratch/rohlfslab/abierly2/LongTR/longTR_pipeline_NA20540/NA20540.chr6.vcf.gz	0.800281 seconds
Concatenating /scratch/rohlfslab/abierly2/LongTR/longTR_pipeline_NA20540/NA20540.chr7.vcf.gz	0.742897 seconds
Concatenating /scratch/rohlfslab/abierly2/LongTR/longTR_pipeline_NA20540/NA20540.chr8.vcf.gz	0.664693 seconds
Concatenating /scratch/rohlfslab/abierly2/LongTR/longTR_pipeline_NA20540/NA20540.chr9.vcf.gz	0.572345 seconds
Concatenating /scratch/rohlfslab/abierly2/LongTR/longTR_pipeline_NA20540/NA20540.chrM.vcf.gz	0.000305 seconds
Concatenating /scratch/rohlfslab/abierly2/LongTR/longTR_pipeline_NA20540/NA20540.chrX.vcf.gz	0.531565 seconds
Concatenating /scratch/rohlfslab/abierly2/LongTR/longTR_pipeline_NA20540/NA20540.chrY.vcf.gz	0.000283 seconds
