Checking the headers and starting positions of 25 files
Concatenating /scratch/rohlfslab/abierly2/LongTR/longTR_pipeline_HG00657/HG00657.chr10.vcf.gz	1.217068 seconds
Concatenating /scratch/rohlfslab/abierly2/LongTR/longTR_pipeline_HG00657/HG00657.chr11.vcf.gz	1.149514 seconds
Concatenating /scratch/rohlfslab/abierly2/LongTR/longTR_pipeline_HG00657/HG00657.chr12.vcf.gz	1.221031 seconds
Concatenating /scratch/rohlfslab/abierly2/LongTR/longTR_pipeline_HG00657/HG00657.chr13.vcf.gz	0.842509 seconds
Concatenating /scratch/rohlfslab/abierly2/LongTR/longTR_pipeline_HG00657/HG00657.chr14.vcf.gz	0.801671 seconds
Concatenating /scratch/rohlfslab/abierly2/LongTR/longTR_pipeline_HG00657/HG00657.chr15.vcf.gz	0.751786 seconds
Concatenating /scratch/rohlfslab/abierly2/LongTR/longTR_pipeline_HG00657/HG00657.chr16.vcf.gz	0.783004 seconds
Concatenating /scratch/rohlfslab/abierly2/LongTR/longTR_pipeline_HG00657/HG00657.chr17.vcf.gz	0.814659 seconds
Concatenating /scratch/rohlfslab/abierly2/LongTR/longTR_pipeline_HG00657/HG00657.chr18.vcf.gz	0.607752 seconds
Concatenating /scratch/rohlfslab/abierly2/LongTR/longTR_pipeline_HG00657/HG00657.chr19.vcf.gz	0.673096 seconds
Concatenating /scratch/rohlfslab/abierly2/LongTR/longTR_pipeline_HG00657/HG00657.chr1.vcf.gz	2.147379 seconds
Concatenating /scratch/rohlfslab/abierly2/LongTR/longTR_pipeline_HG00657/HG00657.chr20.vcf.gz	0.508042 seconds
Concatenating /scratch/rohlfslab/abierly2/LongTR/longTR_pipeline_HG00657/HG00657.chr21.vcf.gz	0.293512 seconds
Concatenating /scratch/rohlfslab/abierly2/LongTR/longTR_pipeline_HG00657/HG00657.chr22.vcf.gz	0.353947 seconds
Concatenating /scratch/rohlfslab/abierly2/LongTR/longTR_pipeline_HG00657/HG00657.chr2.vcf.gz	2.149088 seconds
Concatenating /scratch/rohlfslab/abierly2/LongTR/longTR_pipeline_HG00657/HG00657.chr3.vcf.gz	1.721111 seconds
Concatenating /scratch/rohlfslab/abierly2/LongTR/longTR_pipeline_HG00657/HG00657.chr4.vcf.gz	1.664947 seconds
Concatenating /scratch/rohlfslab/abierly2/LongTR/longTR_pipeline_HG00657/HG00657.chr5.vcf.gz	1.557737 seconds
Concatenating /scratch/rohlfslab/abierly2/LongTR/longTR_pipeline_HG00657/HG00657.chr6.vcf.gz	1.498233 seconds
Concatenating /scratch/rohlfslab/abierly2/LongTR/longTR_pipeline_HG00657/HG00657.chr7.vcf.gz	1.445340 seconds
Concatenating /scratch/rohlfslab/abierly2/LongTR/longTR_pipeline_HG00657/HG00657.chr8.vcf.gz	1.257464 seconds
Concatenating /scratch/rohlfslab/abierly2/LongTR/longTR_pipeline_HG00657/HG00657.chr9.vcf.gz	1.059608 seconds
Concatenating /scratch/rohlfslab/abierly2/LongTR/longTR_pipeline_HG00657/HG00657.chrM.vcf.gz	0.000311 seconds
Concatenating /scratch/rohlfslab/abierly2/LongTR/longTR_pipeline_HG00657/HG00657.chrX.vcf.gz	1.303492 seconds
Concatenating /scratch/rohlfslab/abierly2/LongTR/longTR_pipeline_HG00657/HG00657.chrY.vcf.gz	0.000297 seconds
