Checking the headers and starting positions of 25 files
Concatenating /scratch/rohlfslab/abierly2/LongTR/longTR_pipeline_NA19679/NA19679.chr10.vcf.gz	0.902327 seconds
Concatenating /scratch/rohlfslab/abierly2/LongTR/longTR_pipeline_NA19679/NA19679.chr11.vcf.gz	0.856785 seconds
Concatenating /scratch/rohlfslab/abierly2/LongTR/longTR_pipeline_NA19679/NA19679.chr12.vcf.gz	0.924079 seconds
Concatenating /scratch/rohlfslab/abierly2/LongTR/longTR_pipeline_NA19679/NA19679.chr13.vcf.gz	0.609414 seconds
Concatenating /scratch/rohlfslab/abierly2/LongTR/longTR_pipeline_NA19679/NA19679.chr14.vcf.gz	0.603914 seconds
Concatenating /scratch/rohlfslab/abierly2/LongTR/longTR_pipeline_NA19679/NA19679.chr15.vcf.gz	0.566115 seconds
Concatenating /scratch/rohlfslab/abierly2/LongTR/longTR_pipeline_NA19679/NA19679.chr16.vcf.gz	0.591883 seconds
Concatenating /scratch/rohlfslab/abierly2/LongTR/longTR_pipeline_NA19679/NA19679.chr17.vcf.gz	0.638202 seconds
Concatenating /scratch/rohlfslab/abierly2/LongTR/longTR_pipeline_NA19679/NA19679.chr18.vcf.gz	0.445746 seconds
Concatenating /scratch/rohlfslab/abierly2/LongTR/longTR_pipeline_NA19679/NA19679.chr19.vcf.gz	0.547116 seconds
Concatenating /scratch/rohlfslab/abierly2/LongTR/longTR_pipeline_NA19679/NA19679.chr1.vcf.gz	1.627778 seconds
Concatenating /scratch/rohlfslab/abierly2/LongTR/longTR_pipeline_NA19679/NA19679.chr20.vcf.gz	0.393730 seconds
Concatenating /scratch/rohlfslab/abierly2/LongTR/longTR_pipeline_NA19679/NA19679.chr21.vcf.gz	0.213097 seconds
Concatenating /scratch/rohlfslab/abierly2/LongTR/longTR_pipeline_NA19679/NA19679.chr22.vcf.gz	0.279276 seconds
Concatenating /scratch/rohlfslab/abierly2/LongTR/longTR_pipeline_NA19679/NA19679.chr2.vcf.gz	1.582372 seconds
Concatenating /scratch/rohlfslab/abierly2/LongTR/longTR_pipeline_NA19679/NA19679.chr3.vcf.gz	1.262998 seconds
Concatenating /scratch/rohlfslab/abierly2/LongTR/longTR_pipeline_NA19679/NA19679.chr4.vcf.gz	1.189888 seconds
Concatenating /scratch/rohlfslab/abierly2/LongTR/longTR_pipeline_NA19679/NA19679.chr5.vcf.gz	1.144306 seconds
Concatenating /scratch/rohlfslab/abierly2/LongTR/longTR_pipeline_NA19679/NA19679.chr6.vcf.gz	1.093654 seconds
Concatenating /scratch/rohlfslab/abierly2/LongTR/longTR_pipeline_NA19679/NA19679.chr7.vcf.gz	1.064525 seconds
Concatenating /scratch/rohlfslab/abierly2/LongTR/longTR_pipeline_NA19679/NA19679.chr8.vcf.gz	0.911949 seconds
Concatenating /scratch/rohlfslab/abierly2/LongTR/longTR_pipeline_NA19679/NA19679.chr9.vcf.gz	0.786228 seconds
Concatenating /scratch/rohlfslab/abierly2/LongTR/longTR_pipeline_NA19679/NA19679.chrM.vcf.gz	0.000345 seconds
Concatenating /scratch/rohlfslab/abierly2/LongTR/longTR_pipeline_NA19679/NA19679.chrX.vcf.gz	0.149554 seconds
Concatenating /scratch/rohlfslab/abierly2/LongTR/longTR_pipeline_NA19679/NA19679.chrY.vcf.gz	0.006533 seconds
