Checking the headers and starting positions of 25 files
Concatenating /scratch/rohlfslab/abierly2/LongTR/longTR_pipeline_NA18965/NA18965.chr10.vcf.gz	1.197964 seconds
Concatenating /scratch/rohlfslab/abierly2/LongTR/longTR_pipeline_NA18965/NA18965.chr11.vcf.gz	1.136428 seconds
Concatenating /scratch/rohlfslab/abierly2/LongTR/longTR_pipeline_NA18965/NA18965.chr12.vcf.gz	1.210317 seconds
Concatenating /scratch/rohlfslab/abierly2/LongTR/longTR_pipeline_NA18965/NA18965.chr13.vcf.gz	0.839994 seconds
Concatenating /scratch/rohlfslab/abierly2/LongTR/longTR_pipeline_NA18965/NA18965.chr14.vcf.gz	0.796422 seconds
Concatenating /scratch/rohlfslab/abierly2/LongTR/longTR_pipeline_NA18965/NA18965.chr15.vcf.gz	0.741897 seconds
Concatenating /scratch/rohlfslab/abierly2/LongTR/longTR_pipeline_NA18965/NA18965.chr16.vcf.gz	0.763099 seconds
Concatenating /scratch/rohlfslab/abierly2/LongTR/longTR_pipeline_NA18965/NA18965.chr17.vcf.gz	0.791991 seconds
Concatenating /scratch/rohlfslab/abierly2/LongTR/longTR_pipeline_NA18965/NA18965.chr18.vcf.gz	0.604589 seconds
Concatenating /scratch/rohlfslab/abierly2/LongTR/longTR_pipeline_NA18965/NA18965.chr19.vcf.gz	0.644358 seconds
Concatenating /scratch/rohlfslab/abierly2/LongTR/longTR_pipeline_NA18965/NA18965.chr1.vcf.gz	2.127951 seconds
Concatenating /scratch/rohlfslab/abierly2/LongTR/longTR_pipeline_NA18965/NA18965.chr20.vcf.gz	0.500258 seconds
Concatenating /scratch/rohlfslab/abierly2/LongTR/longTR_pipeline_NA18965/NA18965.chr21.vcf.gz	0.301417 seconds
Concatenating /scratch/rohlfslab/abierly2/LongTR/longTR_pipeline_NA18965/NA18965.chr22.vcf.gz	0.341876 seconds
Concatenating /scratch/rohlfslab/abierly2/LongTR/longTR_pipeline_NA18965/NA18965.chr2.vcf.gz	2.151958 seconds
Concatenating /scratch/rohlfslab/abierly2/LongTR/longTR_pipeline_NA18965/NA18965.chr3.vcf.gz	1.703655 seconds
Concatenating /scratch/rohlfslab/abierly2/LongTR/longTR_pipeline_NA18965/NA18965.chr4.vcf.gz	1.631909 seconds
Concatenating /scratch/rohlfslab/abierly2/LongTR/longTR_pipeline_NA18965/NA18965.chr5.vcf.gz	1.549789 seconds
Concatenating /scratch/rohlfslab/abierly2/LongTR/longTR_pipeline_NA18965/NA18965.chr6.vcf.gz	1.486805 seconds
Concatenating /scratch/rohlfslab/abierly2/LongTR/longTR_pipeline_NA18965/NA18965.chr7.vcf.gz	1.432565 seconds
Concatenating /scratch/rohlfslab/abierly2/LongTR/longTR_pipeline_NA18965/NA18965.chr8.vcf.gz	1.241978 seconds
Concatenating /scratch/rohlfslab/abierly2/LongTR/longTR_pipeline_NA18965/NA18965.chr9.vcf.gz	1.053822 seconds
Concatenating /scratch/rohlfslab/abierly2/LongTR/longTR_pipeline_NA18965/NA18965.chrM.vcf.gz	0.002043 seconds
Concatenating /scratch/rohlfslab/abierly2/LongTR/longTR_pipeline_NA18965/NA18965.chrX.vcf.gz	0.496521 seconds
Concatenating /scratch/rohlfslab/abierly2/LongTR/longTR_pipeline_NA18965/NA18965.chrY.vcf.gz	0.024512 seconds
