Checking the headers and starting positions of 25 files
Concatenating /scratch/rohlfslab/abierly2/LongTR/longTR_pipeline_HG01130/HG01130.chr10.vcf.gz	1.251804 seconds
Concatenating /scratch/rohlfslab/abierly2/LongTR/longTR_pipeline_HG01130/HG01130.chr11.vcf.gz	1.196179 seconds
Concatenating /scratch/rohlfslab/abierly2/LongTR/longTR_pipeline_HG01130/HG01130.chr12.vcf.gz	1.275385 seconds
Concatenating /scratch/rohlfslab/abierly2/LongTR/longTR_pipeline_HG01130/HG01130.chr13.vcf.gz	0.879260 seconds
Concatenating /scratch/rohlfslab/abierly2/LongTR/longTR_pipeline_HG01130/HG01130.chr14.vcf.gz	0.832785 seconds
Concatenating /scratch/rohlfslab/abierly2/LongTR/longTR_pipeline_HG01130/HG01130.chr15.vcf.gz	0.790509 seconds
Concatenating /scratch/rohlfslab/abierly2/LongTR/longTR_pipeline_HG01130/HG01130.chr16.vcf.gz	0.806545 seconds
Concatenating /scratch/rohlfslab/abierly2/LongTR/longTR_pipeline_HG01130/HG01130.chr17.vcf.gz	0.846417 seconds
Concatenating /scratch/rohlfslab/abierly2/LongTR/longTR_pipeline_HG01130/HG01130.chr18.vcf.gz	0.634838 seconds
Concatenating /scratch/rohlfslab/abierly2/LongTR/longTR_pipeline_HG01130/HG01130.chr19.vcf.gz	0.686486 seconds
Concatenating /scratch/rohlfslab/abierly2/LongTR/longTR_pipeline_HG01130/HG01130.chr1.vcf.gz	2.233770 seconds
Concatenating /scratch/rohlfslab/abierly2/LongTR/longTR_pipeline_HG01130/HG01130.chr20.vcf.gz	0.525198 seconds
Concatenating /scratch/rohlfslab/abierly2/LongTR/longTR_pipeline_HG01130/HG01130.chr21.vcf.gz	0.305318 seconds
Concatenating /scratch/rohlfslab/abierly2/LongTR/longTR_pipeline_HG01130/HG01130.chr22.vcf.gz	0.364354 seconds
Concatenating /scratch/rohlfslab/abierly2/LongTR/longTR_pipeline_HG01130/HG01130.chr2.vcf.gz	2.231166 seconds
Concatenating /scratch/rohlfslab/abierly2/LongTR/longTR_pipeline_HG01130/HG01130.chr3.vcf.gz	1.780111 seconds
Concatenating /scratch/rohlfslab/abierly2/LongTR/longTR_pipeline_HG01130/HG01130.chr4.vcf.gz	1.703366 seconds
Concatenating /scratch/rohlfslab/abierly2/LongTR/longTR_pipeline_HG01130/HG01130.chr5.vcf.gz	1.613020 seconds
Concatenating /scratch/rohlfslab/abierly2/LongTR/longTR_pipeline_HG01130/HG01130.chr6.vcf.gz	1.555978 seconds
Concatenating /scratch/rohlfslab/abierly2/LongTR/longTR_pipeline_HG01130/HG01130.chr7.vcf.gz	1.512908 seconds
Concatenating /scratch/rohlfslab/abierly2/LongTR/longTR_pipeline_HG01130/HG01130.chr8.vcf.gz	1.296526 seconds
Concatenating /scratch/rohlfslab/abierly2/LongTR/longTR_pipeline_HG01130/HG01130.chr9.vcf.gz	1.093830 seconds
Concatenating /scratch/rohlfslab/abierly2/LongTR/longTR_pipeline_HG01130/HG01130.chrM.vcf.gz	0.000377 seconds
Concatenating /scratch/rohlfslab/abierly2/LongTR/longTR_pipeline_HG01130/HG01130.chrX.vcf.gz	0.454874 seconds
Concatenating /scratch/rohlfslab/abierly2/LongTR/longTR_pipeline_HG01130/HG01130.chrY.vcf.gz	0.025503 seconds
