Checking the headers and starting positions of 25 files
Concatenating /scratch/rohlfslab/abierly2/LongTR/longTR_pipeline_HG04099/HG04099.chr10.vcf.gz	0.638702 seconds
Concatenating /scratch/rohlfslab/abierly2/LongTR/longTR_pipeline_HG04099/HG04099.chr11.vcf.gz	0.616956 seconds
Concatenating /scratch/rohlfslab/abierly2/LongTR/longTR_pipeline_HG04099/HG04099.chr12.vcf.gz	0.649422 seconds
Concatenating /scratch/rohlfslab/abierly2/LongTR/longTR_pipeline_HG04099/HG04099.chr13.vcf.gz	0.447261 seconds
Concatenating /scratch/rohlfslab/abierly2/LongTR/longTR_pipeline_HG04099/HG04099.chr14.vcf.gz	0.425241 seconds
Concatenating /scratch/rohlfslab/abierly2/LongTR/longTR_pipeline_HG04099/HG04099.chr15.vcf.gz	0.397174 seconds
Concatenating /scratch/rohlfslab/abierly2/LongTR/longTR_pipeline_HG04099/HG04099.chr16.vcf.gz	0.371074 seconds
Concatenating /scratch/rohlfslab/abierly2/LongTR/longTR_pipeline_HG04099/HG04099.chr17.vcf.gz	0.398954 seconds
Concatenating /scratch/rohlfslab/abierly2/LongTR/longTR_pipeline_HG04099/HG04099.chr18.vcf.gz	0.326319 seconds
Concatenating /scratch/rohlfslab/abierly2/LongTR/longTR_pipeline_HG04099/HG04099.chr19.vcf.gz	0.287734 seconds
Concatenating /scratch/rohlfslab/abierly2/LongTR/longTR_pipeline_HG04099/HG04099.chr1.vcf.gz	1.148588 seconds
Concatenating /scratch/rohlfslab/abierly2/LongTR/longTR_pipeline_HG04099/HG04099.chr20.vcf.gz	0.259846 seconds
Concatenating /scratch/rohlfslab/abierly2/LongTR/longTR_pipeline_HG04099/HG04099.chr21.vcf.gz	0.152805 seconds
Concatenating /scratch/rohlfslab/abierly2/LongTR/longTR_pipeline_HG04099/HG04099.chr22.vcf.gz	0.158517 seconds
Concatenating /scratch/rohlfslab/abierly2/LongTR/longTR_pipeline_HG04099/HG04099.chr2.vcf.gz	1.177077 seconds
Concatenating /scratch/rohlfslab/abierly2/LongTR/longTR_pipeline_HG04099/HG04099.chr3.vcf.gz	0.952716 seconds
Concatenating /scratch/rohlfslab/abierly2/LongTR/longTR_pipeline_HG04099/HG04099.chr4.vcf.gz	0.893666 seconds
Concatenating /scratch/rohlfslab/abierly2/LongTR/longTR_pipeline_HG04099/HG04099.chr5.vcf.gz	0.846255 seconds
Concatenating /scratch/rohlfslab/abierly2/LongTR/longTR_pipeline_HG04099/HG04099.chr6.vcf.gz	0.827433 seconds
Concatenating /scratch/rohlfslab/abierly2/LongTR/longTR_pipeline_HG04099/HG04099.chr7.vcf.gz	0.766283 seconds
Concatenating /scratch/rohlfslab/abierly2/LongTR/longTR_pipeline_HG04099/HG04099.chr8.vcf.gz	0.671950 seconds
Concatenating /scratch/rohlfslab/abierly2/LongTR/longTR_pipeline_HG04099/HG04099.chr9.vcf.gz	0.555306 seconds
Concatenating /scratch/rohlfslab/abierly2/LongTR/longTR_pipeline_HG04099/HG04099.chrM.vcf.gz	0.000321 seconds
Concatenating /scratch/rohlfslab/abierly2/LongTR/longTR_pipeline_HG04099/HG04099.chrX.vcf.gz	0.649850 seconds
Concatenating /scratch/rohlfslab/abierly2/LongTR/longTR_pipeline_HG04099/HG04099.chrY.vcf.gz	0.000334 seconds
