make bams list
split up catalog
start longTR process
Starting /scratch/rohlfslab/abierly2/LongTR_fgneg1_haplotagged_allsamps/vcf_per_chrom_parallel/tmp/catalog_filesan
Starting /scratch/rohlfslab/abierly2/LongTR_fgneg1_haplotagged_allsamps/vcf_per_chrom_parallel/tmp/catalog_filesas
Starting /scratch/rohlfslab/abierly2/LongTR_fgneg1_haplotagged_allsamps/vcf_per_chrom_parallel/tmp/catalog_filesak
Starting /scratch/rohlfslab/abierly2/LongTR_fgneg1_haplotagged_allsamps/vcf_per_chrom_parallel/tmp/catalog_filesap
Starting /scratch/rohlfslab/abierly2/LongTR_fgneg1_haplotagged_allsamps/vcf_per_chrom_parallel/tmp/catalog_filesat
Starting /scratch/rohlfslab/abierly2/LongTR_fgneg1_haplotagged_allsamps/vcf_per_chrom_parallel/tmp/catalog_filesaf
Starting /scratch/rohlfslab/abierly2/LongTR_fgneg1_haplotagged_allsamps/vcf_per_chrom_parallel/tmp/catalog_filesac
Starting /scratch/rohlfslab/abierly2/LongTR_fgneg1_haplotagged_allsamps/vcf_per_chrom_parallel/tmp/catalog_filesad
Starting /scratch/rohlfslab/abierly2/LongTR_fgneg1_haplotagged_allsamps/vcf_per_chrom_parallel/tmp/catalog_filesae
Starting /scratch/rohlfslab/abierly2/LongTR_fgneg1_haplotagged_allsamps/vcf_per_chrom_parallel/tmp/catalog_filesah
Starting /scratch/rohlfslab/abierly2/LongTR_fgneg1_haplotagged_allsamps/vcf_per_chrom_parallel/tmp/catalog_filesau
Starting /scratch/rohlfslab/abierly2/LongTR_fgneg1_haplotagged_allsamps/vcf_per_chrom_parallel/tmp/catalog_filesav
Starting /scratch/rohlfslab/abierly2/LongTR_fgneg1_haplotagged_allsamps/vcf_per_chrom_parallel/tmp/catalog_filesaq
Starting /scratch/rohlfslab/abierly2/LongTR_fgneg1_haplotagged_allsamps/vcf_per_chrom_parallel/tmp/catalog_filesal
Starting /scratch/rohlfslab/abierly2/LongTR_fgneg1_haplotagged_allsamps/vcf_per_chrom_parallel/tmp/catalog_filesaa
Starting /scratch/rohlfslab/abierly2/LongTR_fgneg1_haplotagged_allsamps/vcf_per_chrom_parallel/tmp/catalog_filesao
Starting /scratch/rohlfslab/abierly2/LongTR_fgneg1_haplotagged_allsamps/vcf_per_chrom_parallel/tmp/catalog_filesai
Starting /scratch/rohlfslab/abierly2/LongTR_fgneg1_haplotagged_allsamps/vcf_per_chrom_parallel/tmp/catalog_filesam
Starting /scratch/rohlfslab/abierly2/LongTR_fgneg1_haplotagged_allsamps/vcf_per_chrom_parallel/tmp/catalog_filesab
Starting /scratch/rohlfslab/abierly2/LongTR_fgneg1_haplotagged_allsamps/vcf_per_chrom_parallel/tmp/catalog_filesaj
Starting /scratch/rohlfslab/abierly2/LongTR_fgneg1_haplotagged_allsamps/vcf_per_chrom_parallel/tmp/catalog_filesar
Starting /scratch/rohlfslab/abierly2/LongTR_fgneg1_haplotagged_allsamps/vcf_per_chrom_parallel/tmp/catalog_filesag
