[E::cram_uncompress_block] Block CRC32 failure
[E::cram_next_slice] Failure to decode slice
samtools view: retrieval of region #0 failed
Checking the headers and starting positions of 25 files
Concatenating /scratch/rohlfslab/abierly2/LongTR_indel2/longTR_pipeline_HG00157/HG00157.chr10.vcf.gz	1.032947 seconds
Concatenating /scratch/rohlfslab/abierly2/LongTR_indel2/longTR_pipeline_HG00157/HG00157.chr11.vcf.gz	0.975212 seconds
Concatenating /scratch/rohlfslab/abierly2/LongTR_indel2/longTR_pipeline_HG00157/HG00157.chr12.vcf.gz	1.049099 seconds
Concatenating /scratch/rohlfslab/abierly2/LongTR_indel2/longTR_pipeline_HG00157/HG00157.chr13.vcf.gz	0.715318 seconds
Concatenating /scratch/rohlfslab/abierly2/LongTR_indel2/longTR_pipeline_HG00157/HG00157.chr14.vcf.gz	0.677465 seconds
Concatenating /scratch/rohlfslab/abierly2/LongTR_indel2/longTR_pipeline_HG00157/HG00157.chr15.vcf.gz	0.643274 seconds
Concatenating /scratch/rohlfslab/abierly2/LongTR_indel2/longTR_pipeline_HG00157/HG00157.chr16.vcf.gz	0.170101 seconds
Concatenating /scratch/rohlfslab/abierly2/LongTR_indel2/longTR_pipeline_HG00157/HG00157.chr17.vcf.gz	0.704188 seconds
Concatenating /scratch/rohlfslab/abierly2/LongTR_indel2/longTR_pipeline_HG00157/HG00157.chr18.vcf.gz	0.521085 seconds
Concatenating /scratch/rohlfslab/abierly2/LongTR_indel2/longTR_pipeline_HG00157/HG00157.chr19.vcf.gz	0.585418 seconds
Concatenating /scratch/rohlfslab/abierly2/LongTR_indel2/longTR_pipeline_HG00157/HG00157.chr1.vcf.gz	1.864009 seconds
Concatenating /scratch/rohlfslab/abierly2/LongTR_indel2/longTR_pipeline_HG00157/HG00157.chr20.vcf.gz	0.428847 seconds
Concatenating /scratch/rohlfslab/abierly2/LongTR_indel2/longTR_pipeline_HG00157/HG00157.chr21.vcf.gz	0.249791 seconds
Concatenating /scratch/rohlfslab/abierly2/LongTR_indel2/longTR_pipeline_HG00157/HG00157.chr22.vcf.gz	0.300477 seconds
Concatenating /scratch/rohlfslab/abierly2/LongTR_indel2/longTR_pipeline_HG00157/HG00157.chr2.vcf.gz	1.865190 seconds
Concatenating /scratch/rohlfslab/abierly2/LongTR_indel2/longTR_pipeline_HG00157/HG00157.chr3.vcf.gz	1.486526 seconds
Concatenating /scratch/rohlfslab/abierly2/LongTR_indel2/longTR_pipeline_HG00157/HG00157.chr4.vcf.gz	1.417158 seconds
Concatenating /scratch/rohlfslab/abierly2/LongTR_indel2/longTR_pipeline_HG00157/HG00157.chr5.vcf.gz	1.360449 seconds
Concatenating /scratch/rohlfslab/abierly2/LongTR_indel2/longTR_pipeline_HG00157/HG00157.chr6.vcf.gz	1.315284 seconds
Concatenating /scratch/rohlfslab/abierly2/LongTR_indel2/longTR_pipeline_HG00157/HG00157.chr7.vcf.gz	1.245382 seconds
Concatenating /scratch/rohlfslab/abierly2/LongTR_indel2/longTR_pipeline_HG00157/HG00157.chr8.vcf.gz	1.081504 seconds
Concatenating /scratch/rohlfslab/abierly2/LongTR_indel2/longTR_pipeline_HG00157/HG00157.chr9.vcf.gz	0.908798 seconds
Concatenating /scratch/rohlfslab/abierly2/LongTR_indel2/longTR_pipeline_HG00157/HG00157.chrM.vcf.gz	0.000336 seconds
Concatenating /scratch/rohlfslab/abierly2/LongTR_indel2/longTR_pipeline_HG00157/HG00157.chrX.vcf.gz	0.218481 seconds
Concatenating /scratch/rohlfslab/abierly2/LongTR_indel2/longTR_pipeline_HG00157/HG00157.chrY.vcf.gz	0.010559 seconds
