[E::cram_uncompress_block] Block CRC32 failure
[E::cram_next_slice] Failure to decode slice
samtools view: retrieval of region #0 failed
Checking the headers and starting positions of 25 files
Concatenating /scratch/rohlfslab/abierly2/LongTR_indel25/longTR_pipeline_HG00099/HG00099.chr10.vcf.gz	2.419493 seconds
Concatenating /scratch/rohlfslab/abierly2/LongTR_indel25/longTR_pipeline_HG00099/HG00099.chr11.vcf.gz	2.297777 seconds
Concatenating /scratch/rohlfslab/abierly2/LongTR_indel25/longTR_pipeline_HG00099/HG00099.chr12.vcf.gz	2.435110 seconds
Concatenating /scratch/rohlfslab/abierly2/LongTR_indel25/longTR_pipeline_HG00099/HG00099.chr13.vcf.gz	0.000636 seconds
Concatenating /scratch/rohlfslab/abierly2/LongTR_indel25/longTR_pipeline_HG00099/HG00099.chr14.vcf.gz	1.604912 seconds
Concatenating /scratch/rohlfslab/abierly2/LongTR_indel25/longTR_pipeline_HG00099/HG00099.chr15.vcf.gz	1.480563 seconds
Concatenating /scratch/rohlfslab/abierly2/LongTR_indel25/longTR_pipeline_HG00099/HG00099.chr16.vcf.gz	1.532060 seconds
Concatenating /scratch/rohlfslab/abierly2/LongTR_indel25/longTR_pipeline_HG00099/HG00099.chr17.vcf.gz	1.665363 seconds
Concatenating /scratch/rohlfslab/abierly2/LongTR_indel25/longTR_pipeline_HG00099/HG00099.chr18.vcf.gz	1.226201 seconds
Concatenating /scratch/rohlfslab/abierly2/LongTR_indel25/longTR_pipeline_HG00099/HG00099.chr19.vcf.gz	1.324135 seconds
Concatenating /scratch/rohlfslab/abierly2/LongTR_indel25/longTR_pipeline_HG00099/HG00099.chr1.vcf.gz	4.294254 seconds
Concatenating /scratch/rohlfslab/abierly2/LongTR_indel25/longTR_pipeline_HG00099/HG00099.chr20.vcf.gz	1.012856 seconds
Concatenating /scratch/rohlfslab/abierly2/LongTR_indel25/longTR_pipeline_HG00099/HG00099.chr21.vcf.gz	0.582714 seconds
Concatenating /scratch/rohlfslab/abierly2/LongTR_indel25/longTR_pipeline_HG00099/HG00099.chr22.vcf.gz	0.705429 seconds
Concatenating /scratch/rohlfslab/abierly2/LongTR_indel25/longTR_pipeline_HG00099/HG00099.chr2.vcf.gz	4.358052 seconds
Concatenating /scratch/rohlfslab/abierly2/LongTR_indel25/longTR_pipeline_HG00099/HG00099.chr3.vcf.gz	3.464768 seconds
Concatenating /scratch/rohlfslab/abierly2/LongTR_indel25/longTR_pipeline_HG00099/HG00099.chr4.vcf.gz	3.298656 seconds
Concatenating /scratch/rohlfslab/abierly2/LongTR_indel25/longTR_pipeline_HG00099/HG00099.chr5.vcf.gz	3.165887 seconds
Concatenating /scratch/rohlfslab/abierly2/LongTR_indel25/longTR_pipeline_HG00099/HG00099.chr6.vcf.gz	3.045475 seconds
Concatenating /scratch/rohlfslab/abierly2/LongTR_indel25/longTR_pipeline_HG00099/HG00099.chr7.vcf.gz	2.956982 seconds
Concatenating /scratch/rohlfslab/abierly2/LongTR_indel25/longTR_pipeline_HG00099/HG00099.chr8.vcf.gz	2.561517 seconds
Concatenating /scratch/rohlfslab/abierly2/LongTR_indel25/longTR_pipeline_HG00099/HG00099.chr9.vcf.gz	2.192218 seconds
Concatenating /scratch/rohlfslab/abierly2/LongTR_indel25/longTR_pipeline_HG00099/HG00099.chrM.vcf.gz	0.000737 seconds
Concatenating /scratch/rohlfslab/abierly2/LongTR_indel25/longTR_pipeline_HG00099/HG00099.chrX.vcf.gz	2.689025 seconds
Concatenating /scratch/rohlfslab/abierly2/LongTR_indel25/longTR_pipeline_HG00099/HG00099.chrY.vcf.gz	0.000693 seconds
