[E::cram_uncompress_block] Block CRC32 failure
[E::cram_next_slice] Failure to decode slice
samtools view: retrieval of region #0 failed
double free or corruption (out)
/usr/bin/bash: line 33: 2754267 Aborted                 (core dumped) LongTR --bams $TEMP_BAM --fasta /projects/rohlfslab/shared/reference_genomes/1KG_ONT_VIENNA_t2t_REFERENCE.fa --regions $BED --tr-vcf ${VCF_OUT} --min-mean-qual 0 --indel-flank-len 0 --log /dev/null
[tabix] the compression of '/scratch/rohlfslab/abierly2/LongTR/longTR_pipeline_HG00099/HG00099.chr22.vcf.gz' is not BGZF
free(): invalid next size (fast)
/usr/bin/bash: line 33: 2753453 Aborted                 (core dumped) LongTR --bams $TEMP_BAM --fasta /projects/rohlfslab/shared/reference_genomes/1KG_ONT_VIENNA_t2t_REFERENCE.fa --regions $BED --tr-vcf ${VCF_OUT} --min-mean-qual 0 --indel-flank-len 0 --log /dev/null
[tabix] the compression of '/scratch/rohlfslab/abierly2/LongTR/longTR_pipeline_HG00099/HG00099.chr21.vcf.gz' is not BGZF
double free or corruption (out)
/usr/bin/bash: line 33: 2756890 Aborted                 (core dumped) LongTR --bams $TEMP_BAM --fasta /projects/rohlfslab/shared/reference_genomes/1KG_ONT_VIENNA_t2t_REFERENCE.fa --regions $BED --tr-vcf ${VCF_OUT} --min-mean-qual 0 --indel-flank-len 0 --log /dev/null
[tabix] the compression of '/scratch/rohlfslab/abierly2/LongTR/longTR_pipeline_HG00099/HG00099.chr19.vcf.gz' is not BGZF
double free or corruption (out)
/usr/bin/bash: line 33: 2757500 Aborted                 (core dumped) LongTR --bams $TEMP_BAM --fasta /projects/rohlfslab/shared/reference_genomes/1KG_ONT_VIENNA_t2t_REFERENCE.fa --regions $BED --tr-vcf ${VCF_OUT} --min-mean-qual 0 --indel-flank-len 0 --log /dev/null
[tabix] the compression of '/scratch/rohlfslab/abierly2/LongTR/longTR_pipeline_HG00099/HG00099.chr20.vcf.gz' is not BGZF
double free or corruption (out)
/usr/bin/bash: line 33: 2763394 Aborted                 (core dumped) LongTR --bams $TEMP_BAM --fasta /projects/rohlfslab/shared/reference_genomes/1KG_ONT_VIENNA_t2t_REFERENCE.fa --regions $BED --tr-vcf ${VCF_OUT} --min-mean-qual 0 --indel-flank-len 0 --log /dev/null
[tabix] the compression of '/scratch/rohlfslab/abierly2/LongTR/longTR_pipeline_HG00099/HG00099.chr18.vcf.gz' is not BGZF
double free or corruption (out)
/usr/bin/bash: line 33: 2765431 Aborted                 (core dumped) LongTR --bams $TEMP_BAM --fasta /projects/rohlfslab/shared/reference_genomes/1KG_ONT_VIENNA_t2t_REFERENCE.fa --regions $BED --tr-vcf ${VCF_OUT} --min-mean-qual 0 --indel-flank-len 0 --log /dev/null
[tabix] the compression of '/scratch/rohlfslab/abierly2/LongTR/longTR_pipeline_HG00099/HG00099.chr17.vcf.gz' is not BGZF
double free or corruption (out)
/usr/bin/bash: line 33: 2769755 Aborted                 (core dumped) LongTR --bams $TEMP_BAM --fasta /projects/rohlfslab/shared/reference_genomes/1KG_ONT_VIENNA_t2t_REFERENCE.fa --regions $BED --tr-vcf ${VCF_OUT} --min-mean-qual 0 --indel-flank-len 0 --log /dev/null
[tabix] the compression of '/scratch/rohlfslab/abierly2/LongTR/longTR_pipeline_HG00099/HG00099.chr16.vcf.gz' is not BGZF
double free or corruption (out)
/usr/bin/bash: line 33: 2773335 Aborted                 (core dumped) LongTR --bams $TEMP_BAM --fasta /projects/rohlfslab/shared/reference_genomes/1KG_ONT_VIENNA_t2t_REFERENCE.fa --regions $BED --tr-vcf ${VCF_OUT} --min-mean-qual 0 --indel-flank-len 0 --log /dev/null
[tabix] the compression of '/scratch/rohlfslab/abierly2/LongTR/longTR_pipeline_HG00099/HG00099.chr14.vcf.gz' is not BGZF
slurmstepd: error: *** JOB 46005311 ON n0134 CANCELLED AT 2026-08-05T12:12:03 ***
