Checking the headers and starting positions of 25 files
Concatenating /scratch/rohlfslab/abierly2/LongTR_indel2/longTR_pipeline_HG00100/HG00100.chr10.vcf.gz	1.260034 seconds
Concatenating /scratch/rohlfslab/abierly2/LongTR_indel2/longTR_pipeline_HG00100/HG00100.chr11.vcf.gz	1.212287 seconds
Concatenating /scratch/rohlfslab/abierly2/LongTR_indel2/longTR_pipeline_HG00100/HG00100.chr12.vcf.gz	1.285816 seconds
Concatenating /scratch/rohlfslab/abierly2/LongTR_indel2/longTR_pipeline_HG00100/HG00100.chr13.vcf.gz	0.865764 seconds
Concatenating /scratch/rohlfslab/abierly2/LongTR_indel2/longTR_pipeline_HG00100/HG00100.chr14.vcf.gz	0.835546 seconds
Concatenating /scratch/rohlfslab/abierly2/LongTR_indel2/longTR_pipeline_HG00100/HG00100.chr15.vcf.gz	0.780399 seconds
Concatenating /scratch/rohlfslab/abierly2/LongTR_indel2/longTR_pipeline_HG00100/HG00100.chr16.vcf.gz	0.817260 seconds
Concatenating /scratch/rohlfslab/abierly2/LongTR_indel2/longTR_pipeline_HG00100/HG00100.chr17.vcf.gz	0.863084 seconds
Concatenating /scratch/rohlfslab/abierly2/LongTR_indel2/longTR_pipeline_HG00100/HG00100.chr18.vcf.gz	0.628801 seconds
Concatenating /scratch/rohlfslab/abierly2/LongTR_indel2/longTR_pipeline_HG00100/HG00100.chr19.vcf.gz	0.724773 seconds
Concatenating /scratch/rohlfslab/abierly2/LongTR_indel2/longTR_pipeline_HG00100/HG00100.chr1.vcf.gz	2.256448 seconds
Concatenating /scratch/rohlfslab/abierly2/LongTR_indel2/longTR_pipeline_HG00100/HG00100.chr20.vcf.gz	0.531272 seconds
Concatenating /scratch/rohlfslab/abierly2/LongTR_indel2/longTR_pipeline_HG00100/HG00100.chr21.vcf.gz	0.304084 seconds
Concatenating /scratch/rohlfslab/abierly2/LongTR_indel2/longTR_pipeline_HG00100/HG00100.chr22.vcf.gz	0.374351 seconds
Concatenating /scratch/rohlfslab/abierly2/LongTR_indel2/longTR_pipeline_HG00100/HG00100.chr2.vcf.gz	2.251383 seconds
Concatenating /scratch/rohlfslab/abierly2/LongTR_indel2/longTR_pipeline_HG00100/HG00100.chr3.vcf.gz	1.791442 seconds
Concatenating /scratch/rohlfslab/abierly2/LongTR_indel2/longTR_pipeline_HG00100/HG00100.chr4.vcf.gz	1.681500 seconds
Concatenating /scratch/rohlfslab/abierly2/LongTR_indel2/longTR_pipeline_HG00100/HG00100.chr5.vcf.gz	1.604753 seconds
Concatenating /scratch/rohlfslab/abierly2/LongTR_indel2/longTR_pipeline_HG00100/HG00100.chr6.vcf.gz	1.565861 seconds
Concatenating /scratch/rohlfslab/abierly2/LongTR_indel2/longTR_pipeline_HG00100/HG00100.chr7.vcf.gz	1.506437 seconds
Concatenating /scratch/rohlfslab/abierly2/LongTR_indel2/longTR_pipeline_HG00100/HG00100.chr8.vcf.gz	1.307864 seconds
Concatenating /scratch/rohlfslab/abierly2/LongTR_indel2/longTR_pipeline_HG00100/HG00100.chr9.vcf.gz	1.102699 seconds
Concatenating /scratch/rohlfslab/abierly2/LongTR_indel2/longTR_pipeline_HG00100/HG00100.chrM.vcf.gz	0.000381 seconds
Concatenating /scratch/rohlfslab/abierly2/LongTR_indel2/longTR_pipeline_HG00100/HG00100.chrX.vcf.gz	1.322791 seconds
Concatenating /scratch/rohlfslab/abierly2/LongTR_indel2/longTR_pipeline_HG00100/HG00100.chrY.vcf.gz	0.000328 seconds
