LongTR full pipeline starting
Wed Aug  5 15:16:08 PDT 2026
Processing sample: HG00131
Missing or unindexed: /scratch/rohlfslab/abierly2/LongTR_indel2/longTR_pipeline_HG00131/HG00131.chr1.vcf.gz
Some per-chromosome VCFs missing. Running genotyping...
Processing chromosome chrM...
Chromosome chrM complete.
Processing chromosome chrY...
Chromosome chrY complete.
Processing chromosome chr21...
Chromosome chr21 complete.
Processing chromosome chr22...
Chromosome chr22 complete.
Processing chromosome chr20...
Chromosome chr20 complete.
Processing chromosome chr18...
Chromosome chr18 complete.
Processing chromosome chr19...
Chromosome chr19 complete.
Processing chromosome chrX...
Chromosome chrX complete.
Processing chromosome chr17...
Chromosome chr17 complete.
Processing chromosome chr15...
Chromosome chr15 complete.
Processing chromosome chr16...
Chromosome chr16 complete.
Processing chromosome chr14...
Chromosome chr14 complete.
Processing chromosome chr13...
Chromosome chr13 complete.
