Checking the headers and starting positions of 25 files
Concatenating /scratch/rohlfslab/abierly2/LongTR_indel2/longTR_pipeline_HG00101/HG00101.chr10.vcf.gz	0.909383 seconds
Concatenating /scratch/rohlfslab/abierly2/LongTR_indel2/longTR_pipeline_HG00101/HG00101.chr11.vcf.gz	0.873575 seconds
Concatenating /scratch/rohlfslab/abierly2/LongTR_indel2/longTR_pipeline_HG00101/HG00101.chr12.vcf.gz	0.926262 seconds
Concatenating /scratch/rohlfslab/abierly2/LongTR_indel2/longTR_pipeline_HG00101/HG00101.chr13.vcf.gz	0.621579 seconds
Concatenating /scratch/rohlfslab/abierly2/LongTR_indel2/longTR_pipeline_HG00101/HG00101.chr14.vcf.gz	0.600912 seconds
Concatenating /scratch/rohlfslab/abierly2/LongTR_indel2/longTR_pipeline_HG00101/HG00101.chr15.vcf.gz	0.562492 seconds
Concatenating /scratch/rohlfslab/abierly2/LongTR_indel2/longTR_pipeline_HG00101/HG00101.chr16.vcf.gz	0.580683 seconds
Concatenating /scratch/rohlfslab/abierly2/LongTR_indel2/longTR_pipeline_HG00101/HG00101.chr17.vcf.gz	0.596696 seconds
Concatenating /scratch/rohlfslab/abierly2/LongTR_indel2/longTR_pipeline_HG00101/HG00101.chr18.vcf.gz	0.453626 seconds
Concatenating /scratch/rohlfslab/abierly2/LongTR_indel2/longTR_pipeline_HG00101/HG00101.chr19.vcf.gz	0.497514 seconds
Concatenating /scratch/rohlfslab/abierly2/LongTR_indel2/longTR_pipeline_HG00101/HG00101.chr1.vcf.gz	1.643228 seconds
Concatenating /scratch/rohlfslab/abierly2/LongTR_indel2/longTR_pipeline_HG00101/HG00101.chr20.vcf.gz	0.379226 seconds
Concatenating /scratch/rohlfslab/abierly2/LongTR_indel2/longTR_pipeline_HG00101/HG00101.chr21.vcf.gz	0.214185 seconds
Concatenating /scratch/rohlfslab/abierly2/LongTR_indel2/longTR_pipeline_HG00101/HG00101.chr22.vcf.gz	0.261435 seconds
Concatenating /scratch/rohlfslab/abierly2/LongTR_indel2/longTR_pipeline_HG00101/HG00101.chr2.vcf.gz	1.629347 seconds
Concatenating /scratch/rohlfslab/abierly2/LongTR_indel2/longTR_pipeline_HG00101/HG00101.chr3.vcf.gz	1.291303 seconds
Concatenating /scratch/rohlfslab/abierly2/LongTR_indel2/longTR_pipeline_HG00101/HG00101.chr4.vcf.gz	1.235918 seconds
Concatenating /scratch/rohlfslab/abierly2/LongTR_indel2/longTR_pipeline_HG00101/HG00101.chr5.vcf.gz	1.174669 seconds
Concatenating /scratch/rohlfslab/abierly2/LongTR_indel2/longTR_pipeline_HG00101/HG00101.chr6.vcf.gz	1.133694 seconds
Concatenating /scratch/rohlfslab/abierly2/LongTR_indel2/longTR_pipeline_HG00101/HG00101.chr7.vcf.gz	1.087835 seconds
Concatenating /scratch/rohlfslab/abierly2/LongTR_indel2/longTR_pipeline_HG00101/HG00101.chr8.vcf.gz	0.939397 seconds
Concatenating /scratch/rohlfslab/abierly2/LongTR_indel2/longTR_pipeline_HG00101/HG00101.chr9.vcf.gz	0.794025 seconds
Concatenating /scratch/rohlfslab/abierly2/LongTR_indel2/longTR_pipeline_HG00101/HG00101.chrM.vcf.gz	0.000308 seconds
Concatenating /scratch/rohlfslab/abierly2/LongTR_indel2/longTR_pipeline_HG00101/HG00101.chrX.vcf.gz	0.148642 seconds
Concatenating /scratch/rohlfslab/abierly2/LongTR_indel2/longTR_pipeline_HG00101/HG00101.chrY.vcf.gz	0.006355 seconds
