[E::cram_uncompress_block] Block CRC32 failure
[E::cram_next_slice] Failure to decode slice
samtools view: retrieval of region #0 failed
Checking the headers and starting positions of 25 files
Concatenating /scratch/rohlfslab/abierly2/LongTR_indel25/longTR_pipeline_HG00096/HG00096.chr10.vcf.gz	1.295617 seconds
Concatenating /scratch/rohlfslab/abierly2/LongTR_indel25/longTR_pipeline_HG00096/HG00096.chr11.vcf.gz	1.232561 seconds
Concatenating /scratch/rohlfslab/abierly2/LongTR_indel25/longTR_pipeline_HG00096/HG00096.chr12.vcf.gz	1.386330 seconds
Concatenating /scratch/rohlfslab/abierly2/LongTR_indel25/longTR_pipeline_HG00096/HG00096.chr13.vcf.gz	0.904611 seconds
Concatenating /scratch/rohlfslab/abierly2/LongTR_indel25/longTR_pipeline_HG00096/HG00096.chr14.vcf.gz	0.856723 seconds
Concatenating /scratch/rohlfslab/abierly2/LongTR_indel25/longTR_pipeline_HG00096/HG00096.chr15.vcf.gz	0.800860 seconds
Concatenating /scratch/rohlfslab/abierly2/LongTR_indel25/longTR_pipeline_HG00096/HG00096.chr16.vcf.gz	0.840451 seconds
Concatenating /scratch/rohlfslab/abierly2/LongTR_indel25/longTR_pipeline_HG00096/HG00096.chr17.vcf.gz	0.240404 seconds
Concatenating /scratch/rohlfslab/abierly2/LongTR_indel25/longTR_pipeline_HG00096/HG00096.chr18.vcf.gz	0.651202 seconds
Concatenating /scratch/rohlfslab/abierly2/LongTR_indel25/longTR_pipeline_HG00096/HG00096.chr19.vcf.gz	0.722628 seconds
Concatenating /scratch/rohlfslab/abierly2/LongTR_indel25/longTR_pipeline_HG00096/HG00096.chr1.vcf.gz	2.301389 seconds
Concatenating /scratch/rohlfslab/abierly2/LongTR_indel25/longTR_pipeline_HG00096/HG00096.chr20.vcf.gz	0.546388 seconds
Concatenating /scratch/rohlfslab/abierly2/LongTR_indel25/longTR_pipeline_HG00096/HG00096.chr21.vcf.gz	0.317257 seconds
Concatenating /scratch/rohlfslab/abierly2/LongTR_indel25/longTR_pipeline_HG00096/HG00096.chr22.vcf.gz	0.386193 seconds
Concatenating /scratch/rohlfslab/abierly2/LongTR_indel25/longTR_pipeline_HG00096/HG00096.chr2.vcf.gz	2.297975 seconds
Concatenating /scratch/rohlfslab/abierly2/LongTR_indel25/longTR_pipeline_HG00096/HG00096.chr3.vcf.gz	1.845860 seconds
Concatenating /scratch/rohlfslab/abierly2/LongTR_indel25/longTR_pipeline_HG00096/HG00096.chr4.vcf.gz	1.762109 seconds
Concatenating /scratch/rohlfslab/abierly2/LongTR_indel25/longTR_pipeline_HG00096/HG00096.chr5.vcf.gz	1.658967 seconds
Concatenating /scratch/rohlfslab/abierly2/LongTR_indel25/longTR_pipeline_HG00096/HG00096.chr6.vcf.gz	1.599868 seconds
Concatenating /scratch/rohlfslab/abierly2/LongTR_indel25/longTR_pipeline_HG00096/HG00096.chr7.vcf.gz	1.541531 seconds
Concatenating /scratch/rohlfslab/abierly2/LongTR_indel25/longTR_pipeline_HG00096/HG00096.chr8.vcf.gz	1.338759 seconds
Concatenating /scratch/rohlfslab/abierly2/LongTR_indel25/longTR_pipeline_HG00096/HG00096.chr9.vcf.gz	1.159011 seconds
Concatenating /scratch/rohlfslab/abierly2/LongTR_indel25/longTR_pipeline_HG00096/HG00096.chrM.vcf.gz	0.000379 seconds
Concatenating /scratch/rohlfslab/abierly2/LongTR_indel25/longTR_pipeline_HG00096/HG00096.chrX.vcf.gz	1.194001 seconds
Concatenating /scratch/rohlfslab/abierly2/LongTR_indel25/longTR_pipeline_HG00096/HG00096.chrY.vcf.gz	0.070534 seconds
