Checking the headers and starting positions of 25 files
Concatenating /scratch/rohlfslab/abierly2/LongTR_indel2/longTR_pipeline_HG00107/HG00107.chr10.vcf.gz	0.914451 seconds
Concatenating /scratch/rohlfslab/abierly2/LongTR_indel2/longTR_pipeline_HG00107/HG00107.chr11.vcf.gz	0.870136 seconds
Concatenating /scratch/rohlfslab/abierly2/LongTR_indel2/longTR_pipeline_HG00107/HG00107.chr12.vcf.gz	0.940159 seconds
Concatenating /scratch/rohlfslab/abierly2/LongTR_indel2/longTR_pipeline_HG00107/HG00107.chr13.vcf.gz	0.645031 seconds
Concatenating /scratch/rohlfslab/abierly2/LongTR_indel2/longTR_pipeline_HG00107/HG00107.chr14.vcf.gz	0.603284 seconds
Concatenating /scratch/rohlfslab/abierly2/LongTR_indel2/longTR_pipeline_HG00107/HG00107.chr15.vcf.gz	0.575234 seconds
Concatenating /scratch/rohlfslab/abierly2/LongTR_indel2/longTR_pipeline_HG00107/HG00107.chr16.vcf.gz	0.581809 seconds
Concatenating /scratch/rohlfslab/abierly2/LongTR_indel2/longTR_pipeline_HG00107/HG00107.chr17.vcf.gz	0.603199 seconds
Concatenating /scratch/rohlfslab/abierly2/LongTR_indel2/longTR_pipeline_HG00107/HG00107.chr18.vcf.gz	0.471989 seconds
Concatenating /scratch/rohlfslab/abierly2/LongTR_indel2/longTR_pipeline_HG00107/HG00107.chr19.vcf.gz	0.479522 seconds
Concatenating /scratch/rohlfslab/abierly2/LongTR_indel2/longTR_pipeline_HG00107/HG00107.chr1.vcf.gz	1.618649 seconds
Concatenating /scratch/rohlfslab/abierly2/LongTR_indel2/longTR_pipeline_HG00107/HG00107.chr20.vcf.gz	0.381304 seconds
Concatenating /scratch/rohlfslab/abierly2/LongTR_indel2/longTR_pipeline_HG00107/HG00107.chr21.vcf.gz	0.224181 seconds
Concatenating /scratch/rohlfslab/abierly2/LongTR_indel2/longTR_pipeline_HG00107/HG00107.chr22.vcf.gz	0.263554 seconds
Concatenating /scratch/rohlfslab/abierly2/LongTR_indel2/longTR_pipeline_HG00107/HG00107.chr2.vcf.gz	1.647842 seconds
Concatenating /scratch/rohlfslab/abierly2/LongTR_indel2/longTR_pipeline_HG00107/HG00107.chr3.vcf.gz	1.321576 seconds
Concatenating /scratch/rohlfslab/abierly2/LongTR_indel2/longTR_pipeline_HG00107/HG00107.chr4.vcf.gz	1.263334 seconds
Concatenating /scratch/rohlfslab/abierly2/LongTR_indel2/longTR_pipeline_HG00107/HG00107.chr5.vcf.gz	1.194606 seconds
Concatenating /scratch/rohlfslab/abierly2/LongTR_indel2/longTR_pipeline_HG00107/HG00107.chr6.vcf.gz	1.155453 seconds
Concatenating /scratch/rohlfslab/abierly2/LongTR_indel2/longTR_pipeline_HG00107/HG00107.chr7.vcf.gz	1.090268 seconds
Concatenating /scratch/rohlfslab/abierly2/LongTR_indel2/longTR_pipeline_HG00107/HG00107.chr8.vcf.gz	0.958457 seconds
Concatenating /scratch/rohlfslab/abierly2/LongTR_indel2/longTR_pipeline_HG00107/HG00107.chr9.vcf.gz	0.808253 seconds
Concatenating /scratch/rohlfslab/abierly2/LongTR_indel2/longTR_pipeline_HG00107/HG00107.chrM.vcf.gz	0.000301 seconds
Concatenating /scratch/rohlfslab/abierly2/LongTR_indel2/longTR_pipeline_HG00107/HG00107.chrX.vcf.gz	0.147631 seconds
Concatenating /scratch/rohlfslab/abierly2/LongTR_indel2/longTR_pipeline_HG00107/HG00107.chrY.vcf.gz	0.010040 seconds
