[E::cram_uncompress_block] Block CRC32 failure
[E::cram_next_slice] Failure to decode slice
samtools view: retrieval of region #0 failed
Checking the headers and starting positions of 25 files
Concatenating /scratch/rohlfslab/abierly2/LongTR_indel2/longTR_pipeline_HG00096/HG00096.chr10.vcf.gz	1.269592 seconds
Concatenating /scratch/rohlfslab/abierly2/LongTR_indel2/longTR_pipeline_HG00096/HG00096.chr11.vcf.gz	1.245430 seconds
Concatenating /scratch/rohlfslab/abierly2/LongTR_indel2/longTR_pipeline_HG00096/HG00096.chr12.vcf.gz	1.272534 seconds
Concatenating /scratch/rohlfslab/abierly2/LongTR_indel2/longTR_pipeline_HG00096/HG00096.chr13.vcf.gz	0.879353 seconds
Concatenating /scratch/rohlfslab/abierly2/LongTR_indel2/longTR_pipeline_HG00096/HG00096.chr14.vcf.gz	0.836947 seconds
Concatenating /scratch/rohlfslab/abierly2/LongTR_indel2/longTR_pipeline_HG00096/HG00096.chr15.vcf.gz	0.781363 seconds
Concatenating /scratch/rohlfslab/abierly2/LongTR_indel2/longTR_pipeline_HG00096/HG00096.chr16.vcf.gz	0.812487 seconds
Concatenating /scratch/rohlfslab/abierly2/LongTR_indel2/longTR_pipeline_HG00096/HG00096.chr17.vcf.gz	0.233079 seconds
Concatenating /scratch/rohlfslab/abierly2/LongTR_indel2/longTR_pipeline_HG00096/HG00096.chr18.vcf.gz	0.632691 seconds
Concatenating /scratch/rohlfslab/abierly2/LongTR_indel2/longTR_pipeline_HG00096/HG00096.chr19.vcf.gz	0.695750 seconds
Concatenating /scratch/rohlfslab/abierly2/LongTR_indel2/longTR_pipeline_HG00096/HG00096.chr1.vcf.gz	2.242749 seconds
Concatenating /scratch/rohlfslab/abierly2/LongTR_indel2/longTR_pipeline_HG00096/HG00096.chr20.vcf.gz	0.526979 seconds
Concatenating /scratch/rohlfslab/abierly2/LongTR_indel2/longTR_pipeline_HG00096/HG00096.chr21.vcf.gz	0.304894 seconds
Concatenating /scratch/rohlfslab/abierly2/LongTR_indel2/longTR_pipeline_HG00096/HG00096.chr22.vcf.gz	0.368058 seconds
Concatenating /scratch/rohlfslab/abierly2/LongTR_indel2/longTR_pipeline_HG00096/HG00096.chr2.vcf.gz	2.247774 seconds
Concatenating /scratch/rohlfslab/abierly2/LongTR_indel2/longTR_pipeline_HG00096/HG00096.chr3.vcf.gz	1.791436 seconds
Concatenating /scratch/rohlfslab/abierly2/LongTR_indel2/longTR_pipeline_HG00096/HG00096.chr4.vcf.gz	1.713436 seconds
Concatenating /scratch/rohlfslab/abierly2/LongTR_indel2/longTR_pipeline_HG00096/HG00096.chr5.vcf.gz	1.622526 seconds
Concatenating /scratch/rohlfslab/abierly2/LongTR_indel2/longTR_pipeline_HG00096/HG00096.chr6.vcf.gz	1.564356 seconds
Concatenating /scratch/rohlfslab/abierly2/LongTR_indel2/longTR_pipeline_HG00096/HG00096.chr7.vcf.gz	1.502663 seconds
Concatenating /scratch/rohlfslab/abierly2/LongTR_indel2/longTR_pipeline_HG00096/HG00096.chr8.vcf.gz	1.302178 seconds
Concatenating /scratch/rohlfslab/abierly2/LongTR_indel2/longTR_pipeline_HG00096/HG00096.chr9.vcf.gz	1.105557 seconds
Concatenating /scratch/rohlfslab/abierly2/LongTR_indel2/longTR_pipeline_HG00096/HG00096.chrM.vcf.gz	0.000418 seconds
Concatenating /scratch/rohlfslab/abierly2/LongTR_indel2/longTR_pipeline_HG00096/HG00096.chrX.vcf.gz	1.003943 seconds
Concatenating /scratch/rohlfslab/abierly2/LongTR_indel2/longTR_pipeline_HG00096/HG00096.chrY.vcf.gz	0.052914 seconds
