Checking the headers and starting positions of 25 files
Concatenating /scratch/rohlfslab/abierly2/LongTR_indel2/longTR_pipeline_HG00146/HG00146.chr10.vcf.gz	1.228433 seconds
Concatenating /scratch/rohlfslab/abierly2/LongTR_indel2/longTR_pipeline_HG00146/HG00146.chr11.vcf.gz	1.176297 seconds
Concatenating /scratch/rohlfslab/abierly2/LongTR_indel2/longTR_pipeline_HG00146/HG00146.chr12.vcf.gz	1.276539 seconds
Concatenating /scratch/rohlfslab/abierly2/LongTR_indel2/longTR_pipeline_HG00146/HG00146.chr13.vcf.gz	0.860887 seconds
Concatenating /scratch/rohlfslab/abierly2/LongTR_indel2/longTR_pipeline_HG00146/HG00146.chr14.vcf.gz	0.823830 seconds
Concatenating /scratch/rohlfslab/abierly2/LongTR_indel2/longTR_pipeline_HG00146/HG00146.chr15.vcf.gz	0.765225 seconds
Concatenating /scratch/rohlfslab/abierly2/LongTR_indel2/longTR_pipeline_HG00146/HG00146.chr16.vcf.gz	0.800903 seconds
Concatenating /scratch/rohlfslab/abierly2/LongTR_indel2/longTR_pipeline_HG00146/HG00146.chr17.vcf.gz	0.832838 seconds
Concatenating /scratch/rohlfslab/abierly2/LongTR_indel2/longTR_pipeline_HG00146/HG00146.chr18.vcf.gz	0.618324 seconds
Concatenating /scratch/rohlfslab/abierly2/LongTR_indel2/longTR_pipeline_HG00146/HG00146.chr19.vcf.gz	0.686448 seconds
Concatenating /scratch/rohlfslab/abierly2/LongTR_indel2/longTR_pipeline_HG00146/HG00146.chr1.vcf.gz	2.188919 seconds
Concatenating /scratch/rohlfslab/abierly2/LongTR_indel2/longTR_pipeline_HG00146/HG00146.chr20.vcf.gz	0.517745 seconds
Concatenating /scratch/rohlfslab/abierly2/LongTR_indel2/longTR_pipeline_HG00146/HG00146.chr21.vcf.gz	0.298946 seconds
Concatenating /scratch/rohlfslab/abierly2/LongTR_indel2/longTR_pipeline_HG00146/HG00146.chr22.vcf.gz	0.364399 seconds
Concatenating /scratch/rohlfslab/abierly2/LongTR_indel2/longTR_pipeline_HG00146/HG00146.chr2.vcf.gz	2.194606 seconds
Concatenating /scratch/rohlfslab/abierly2/LongTR_indel2/longTR_pipeline_HG00146/HG00146.chr3.vcf.gz	1.749686 seconds
Concatenating /scratch/rohlfslab/abierly2/LongTR_indel2/longTR_pipeline_HG00146/HG00146.chr4.vcf.gz	1.672734 seconds
Concatenating /scratch/rohlfslab/abierly2/LongTR_indel2/longTR_pipeline_HG00146/HG00146.chr5.vcf.gz	1.586413 seconds
Concatenating /scratch/rohlfslab/abierly2/LongTR_indel2/longTR_pipeline_HG00146/HG00146.chr6.vcf.gz	1.524477 seconds
Concatenating /scratch/rohlfslab/abierly2/LongTR_indel2/longTR_pipeline_HG00146/HG00146.chr7.vcf.gz	1.490661 seconds
Concatenating /scratch/rohlfslab/abierly2/LongTR_indel2/longTR_pipeline_HG00146/HG00146.chr8.vcf.gz	1.274647 seconds
Concatenating /scratch/rohlfslab/abierly2/LongTR_indel2/longTR_pipeline_HG00146/HG00146.chr9.vcf.gz	1.078196 seconds
Concatenating /scratch/rohlfslab/abierly2/LongTR_indel2/longTR_pipeline_HG00146/HG00146.chrM.vcf.gz	0.000305 seconds
Concatenating /scratch/rohlfslab/abierly2/LongTR_indel2/longTR_pipeline_HG00146/HG00146.chrX.vcf.gz	1.327970 seconds
Concatenating /scratch/rohlfslab/abierly2/LongTR_indel2/longTR_pipeline_HG00146/HG00146.chrY.vcf.gz	0.000293 seconds
