Checking the headers and starting positions of 25 files
Concatenating /scratch/rohlfslab/abierly2/LongTR_indel2/longTR_pipeline_HG00190/HG00190.chr10.vcf.gz	1.053752 seconds
Concatenating /scratch/rohlfslab/abierly2/LongTR_indel2/longTR_pipeline_HG00190/HG00190.chr11.vcf.gz	1.009891 seconds
Concatenating /scratch/rohlfslab/abierly2/LongTR_indel2/longTR_pipeline_HG00190/HG00190.chr12.vcf.gz	1.115124 seconds
Concatenating /scratch/rohlfslab/abierly2/LongTR_indel2/longTR_pipeline_HG00190/HG00190.chr13.vcf.gz	0.732734 seconds
Concatenating /scratch/rohlfslab/abierly2/LongTR_indel2/longTR_pipeline_HG00190/HG00190.chr14.vcf.gz	0.704708 seconds
Concatenating /scratch/rohlfslab/abierly2/LongTR_indel2/longTR_pipeline_HG00190/HG00190.chr15.vcf.gz	0.663729 seconds
Concatenating /scratch/rohlfslab/abierly2/LongTR_indel2/longTR_pipeline_HG00190/HG00190.chr16.vcf.gz	0.674177 seconds
Concatenating /scratch/rohlfslab/abierly2/LongTR_indel2/longTR_pipeline_HG00190/HG00190.chr17.vcf.gz	0.707261 seconds
Concatenating /scratch/rohlfslab/abierly2/LongTR_indel2/longTR_pipeline_HG00190/HG00190.chr18.vcf.gz	0.537390 seconds
Concatenating /scratch/rohlfslab/abierly2/LongTR_indel2/longTR_pipeline_HG00190/HG00190.chr19.vcf.gz	0.583090 seconds
Concatenating /scratch/rohlfslab/abierly2/LongTR_indel2/longTR_pipeline_HG00190/HG00190.chr1.vcf.gz	1.870187 seconds
Concatenating /scratch/rohlfslab/abierly2/LongTR_indel2/longTR_pipeline_HG00190/HG00190.chr20.vcf.gz	0.438486 seconds
Concatenating /scratch/rohlfslab/abierly2/LongTR_indel2/longTR_pipeline_HG00190/HG00190.chr21.vcf.gz	0.259002 seconds
Concatenating /scratch/rohlfslab/abierly2/LongTR_indel2/longTR_pipeline_HG00190/HG00190.chr22.vcf.gz	0.301601 seconds
Concatenating /scratch/rohlfslab/abierly2/LongTR_indel2/longTR_pipeline_HG00190/HG00190.chr2.vcf.gz	1.901055 seconds
Concatenating /scratch/rohlfslab/abierly2/LongTR_indel2/longTR_pipeline_HG00190/HG00190.chr3.vcf.gz	1.499195 seconds
Concatenating /scratch/rohlfslab/abierly2/LongTR_indel2/longTR_pipeline_HG00190/HG00190.chr4.vcf.gz	1.437924 seconds
Concatenating /scratch/rohlfslab/abierly2/LongTR_indel2/longTR_pipeline_HG00190/HG00190.chr5.vcf.gz	1.414513 seconds
Concatenating /scratch/rohlfslab/abierly2/LongTR_indel2/longTR_pipeline_HG00190/HG00190.chr6.vcf.gz	1.315845 seconds
Concatenating /scratch/rohlfslab/abierly2/LongTR_indel2/longTR_pipeline_HG00190/HG00190.chr7.vcf.gz	1.259820 seconds
Concatenating /scratch/rohlfslab/abierly2/LongTR_indel2/longTR_pipeline_HG00190/HG00190.chr8.vcf.gz	1.087897 seconds
Concatenating /scratch/rohlfslab/abierly2/LongTR_indel2/longTR_pipeline_HG00190/HG00190.chr9.vcf.gz	0.926778 seconds
Concatenating /scratch/rohlfslab/abierly2/LongTR_indel2/longTR_pipeline_HG00190/HG00190.chrM.vcf.gz	0.000344 seconds
Concatenating /scratch/rohlfslab/abierly2/LongTR_indel2/longTR_pipeline_HG00190/HG00190.chrX.vcf.gz	0.276250 seconds
Concatenating /scratch/rohlfslab/abierly2/LongTR_indel2/longTR_pipeline_HG00190/HG00190.chrY.vcf.gz	0.013403 seconds
