[E::cram_uncompress_block] Block CRC32 failure
[E::cram_next_slice] Failure to decode slice
samtools view: retrieval of region #0 failed
Checking the headers and starting positions of 25 files
Concatenating /scratch/rohlfslab/abierly2/LongTR_indel2/longTR_pipeline_HG00099/HG00099.chr10.vcf.gz	1.235053 seconds
Concatenating /scratch/rohlfslab/abierly2/LongTR_indel2/longTR_pipeline_HG00099/HG00099.chr11.vcf.gz	1.165955 seconds
Concatenating /scratch/rohlfslab/abierly2/LongTR_indel2/longTR_pipeline_HG00099/HG00099.chr12.vcf.gz	1.232662 seconds
Concatenating /scratch/rohlfslab/abierly2/LongTR_indel2/longTR_pipeline_HG00099/HG00099.chr13.vcf.gz	0.000296 seconds
Concatenating /scratch/rohlfslab/abierly2/LongTR_indel2/longTR_pipeline_HG00099/HG00099.chr14.vcf.gz	0.806034 seconds
Concatenating /scratch/rohlfslab/abierly2/LongTR_indel2/longTR_pipeline_HG00099/HG00099.chr15.vcf.gz	0.761252 seconds
Concatenating /scratch/rohlfslab/abierly2/LongTR_indel2/longTR_pipeline_HG00099/HG00099.chr16.vcf.gz	0.796326 seconds
Concatenating /scratch/rohlfslab/abierly2/LongTR_indel2/longTR_pipeline_HG00099/HG00099.chr17.vcf.gz	0.843105 seconds
Concatenating /scratch/rohlfslab/abierly2/LongTR_indel2/longTR_pipeline_HG00099/HG00099.chr18.vcf.gz	0.632056 seconds
Concatenating /scratch/rohlfslab/abierly2/LongTR_indel2/longTR_pipeline_HG00099/HG00099.chr19.vcf.gz	0.691716 seconds
Concatenating /scratch/rohlfslab/abierly2/LongTR_indel2/longTR_pipeline_HG00099/HG00099.chr1.vcf.gz	2.251896 seconds
Concatenating /scratch/rohlfslab/abierly2/LongTR_indel2/longTR_pipeline_HG00099/HG00099.chr20.vcf.gz	0.536196 seconds
Concatenating /scratch/rohlfslab/abierly2/LongTR_indel2/longTR_pipeline_HG00099/HG00099.chr21.vcf.gz	0.311793 seconds
Concatenating /scratch/rohlfslab/abierly2/LongTR_indel2/longTR_pipeline_HG00099/HG00099.chr22.vcf.gz	0.377696 seconds
Concatenating /scratch/rohlfslab/abierly2/LongTR_indel2/longTR_pipeline_HG00099/HG00099.chr2.vcf.gz	2.287667 seconds
Concatenating /scratch/rohlfslab/abierly2/LongTR_indel2/longTR_pipeline_HG00099/HG00099.chr3.vcf.gz	1.847909 seconds
Concatenating /scratch/rohlfslab/abierly2/LongTR_indel2/longTR_pipeline_HG00099/HG00099.chr4.vcf.gz	1.761997 seconds
Concatenating /scratch/rohlfslab/abierly2/LongTR_indel2/longTR_pipeline_HG00099/HG00099.chr5.vcf.gz	1.679123 seconds
Concatenating /scratch/rohlfslab/abierly2/LongTR_indel2/longTR_pipeline_HG00099/HG00099.chr6.vcf.gz	1.623310 seconds
Concatenating /scratch/rohlfslab/abierly2/LongTR_indel2/longTR_pipeline_HG00099/HG00099.chr7.vcf.gz	1.549655 seconds
Concatenating /scratch/rohlfslab/abierly2/LongTR_indel2/longTR_pipeline_HG00099/HG00099.chr8.vcf.gz	1.329468 seconds
Concatenating /scratch/rohlfslab/abierly2/LongTR_indel2/longTR_pipeline_HG00099/HG00099.chr9.vcf.gz	1.123000 seconds
Concatenating /scratch/rohlfslab/abierly2/LongTR_indel2/longTR_pipeline_HG00099/HG00099.chrM.vcf.gz	0.000338 seconds
Concatenating /scratch/rohlfslab/abierly2/LongTR_indel2/longTR_pipeline_HG00099/HG00099.chrX.vcf.gz	1.352246 seconds
Concatenating /scratch/rohlfslab/abierly2/LongTR_indel2/longTR_pipeline_HG00099/HG00099.chrY.vcf.gz	0.000327 seconds
