Checking the headers and starting positions of 25 files
Concatenating /scratch/rohlfslab/abierly2/LongTR_indel2/longTR_pipeline_HG00173/HG00173.chr10.vcf.gz	1.214305 seconds
Concatenating /scratch/rohlfslab/abierly2/LongTR_indel2/longTR_pipeline_HG00173/HG00173.chr11.vcf.gz	1.157119 seconds
Concatenating /scratch/rohlfslab/abierly2/LongTR_indel2/longTR_pipeline_HG00173/HG00173.chr12.vcf.gz	1.228747 seconds
Concatenating /scratch/rohlfslab/abierly2/LongTR_indel2/longTR_pipeline_HG00173/HG00173.chr13.vcf.gz	0.845286 seconds
Concatenating /scratch/rohlfslab/abierly2/LongTR_indel2/longTR_pipeline_HG00173/HG00173.chr14.vcf.gz	0.809455 seconds
Concatenating /scratch/rohlfslab/abierly2/LongTR_indel2/longTR_pipeline_HG00173/HG00173.chr15.vcf.gz	0.754827 seconds
Concatenating /scratch/rohlfslab/abierly2/LongTR_indel2/longTR_pipeline_HG00173/HG00173.chr16.vcf.gz	0.804508 seconds
Concatenating /scratch/rohlfslab/abierly2/LongTR_indel2/longTR_pipeline_HG00173/HG00173.chr17.vcf.gz	0.823500 seconds
Concatenating /scratch/rohlfslab/abierly2/LongTR_indel2/longTR_pipeline_HG00173/HG00173.chr18.vcf.gz	0.610044 seconds
Concatenating /scratch/rohlfslab/abierly2/LongTR_indel2/longTR_pipeline_HG00173/HG00173.chr19.vcf.gz	0.677506 seconds
Concatenating /scratch/rohlfslab/abierly2/LongTR_indel2/longTR_pipeline_HG00173/HG00173.chr1.vcf.gz	2.160641 seconds
Concatenating /scratch/rohlfslab/abierly2/LongTR_indel2/longTR_pipeline_HG00173/HG00173.chr20.vcf.gz	0.510126 seconds
Concatenating /scratch/rohlfslab/abierly2/LongTR_indel2/longTR_pipeline_HG00173/HG00173.chr21.vcf.gz	0.295429 seconds
Concatenating /scratch/rohlfslab/abierly2/LongTR_indel2/longTR_pipeline_HG00173/HG00173.chr22.vcf.gz	0.357233 seconds
Concatenating /scratch/rohlfslab/abierly2/LongTR_indel2/longTR_pipeline_HG00173/HG00173.chr2.vcf.gz	2.168877 seconds
Concatenating /scratch/rohlfslab/abierly2/LongTR_indel2/longTR_pipeline_HG00173/HG00173.chr3.vcf.gz	1.748559 seconds
Concatenating /scratch/rohlfslab/abierly2/LongTR_indel2/longTR_pipeline_HG00173/HG00173.chr4.vcf.gz	1.702495 seconds
Concatenating /scratch/rohlfslab/abierly2/LongTR_indel2/longTR_pipeline_HG00173/HG00173.chr5.vcf.gz	1.615577 seconds
Concatenating /scratch/rohlfslab/abierly2/LongTR_indel2/longTR_pipeline_HG00173/HG00173.chr6.vcf.gz	1.509513 seconds
Concatenating /scratch/rohlfslab/abierly2/LongTR_indel2/longTR_pipeline_HG00173/HG00173.chr7.vcf.gz	1.453339 seconds
Concatenating /scratch/rohlfslab/abierly2/LongTR_indel2/longTR_pipeline_HG00173/HG00173.chr8.vcf.gz	1.256348 seconds
Concatenating /scratch/rohlfslab/abierly2/LongTR_indel2/longTR_pipeline_HG00173/HG00173.chr9.vcf.gz	1.066250 seconds
Concatenating /scratch/rohlfslab/abierly2/LongTR_indel2/longTR_pipeline_HG00173/HG00173.chrM.vcf.gz	0.000296 seconds
Concatenating /scratch/rohlfslab/abierly2/LongTR_indel2/longTR_pipeline_HG00173/HG00173.chrX.vcf.gz	1.295366 seconds
Concatenating /scratch/rohlfslab/abierly2/LongTR_indel2/longTR_pipeline_HG00173/HG00173.chrY.vcf.gz	0.000274 seconds
