Checking the headers and starting positions of 25 files
Concatenating /scratch/rohlfslab/abierly2/LongTR_indel2/longTR_pipeline_HG00188/HG00188.chr10.vcf.gz	1.059985 seconds
Concatenating /scratch/rohlfslab/abierly2/LongTR_indel2/longTR_pipeline_HG00188/HG00188.chr11.vcf.gz	1.020960 seconds
Concatenating /scratch/rohlfslab/abierly2/LongTR_indel2/longTR_pipeline_HG00188/HG00188.chr12.vcf.gz	1.099000 seconds
Concatenating /scratch/rohlfslab/abierly2/LongTR_indel2/longTR_pipeline_HG00188/HG00188.chr13.vcf.gz	0.738221 seconds
Concatenating /scratch/rohlfslab/abierly2/LongTR_indel2/longTR_pipeline_HG00188/HG00188.chr14.vcf.gz	0.711644 seconds
Concatenating /scratch/rohlfslab/abierly2/LongTR_indel2/longTR_pipeline_HG00188/HG00188.chr15.vcf.gz	0.670078 seconds
Concatenating /scratch/rohlfslab/abierly2/LongTR_indel2/longTR_pipeline_HG00188/HG00188.chr16.vcf.gz	0.692855 seconds
Concatenating /scratch/rohlfslab/abierly2/LongTR_indel2/longTR_pipeline_HG00188/HG00188.chr17.vcf.gz	0.710563 seconds
Concatenating /scratch/rohlfslab/abierly2/LongTR_indel2/longTR_pipeline_HG00188/HG00188.chr18.vcf.gz	0.532581 seconds
Concatenating /scratch/rohlfslab/abierly2/LongTR_indel2/longTR_pipeline_HG00188/HG00188.chr19.vcf.gz	0.571316 seconds
Concatenating /scratch/rohlfslab/abierly2/LongTR_indel2/longTR_pipeline_HG00188/HG00188.chr1.vcf.gz	1.947314 seconds
Concatenating /scratch/rohlfslab/abierly2/LongTR_indel2/longTR_pipeline_HG00188/HG00188.chr20.vcf.gz	0.447794 seconds
Concatenating /scratch/rohlfslab/abierly2/LongTR_indel2/longTR_pipeline_HG00188/HG00188.chr21.vcf.gz	0.259675 seconds
Concatenating /scratch/rohlfslab/abierly2/LongTR_indel2/longTR_pipeline_HG00188/HG00188.chr22.vcf.gz	0.312795 seconds
Concatenating /scratch/rohlfslab/abierly2/LongTR_indel2/longTR_pipeline_HG00188/HG00188.chr2.vcf.gz	1.946655 seconds
Concatenating /scratch/rohlfslab/abierly2/LongTR_indel2/longTR_pipeline_HG00188/HG00188.chr3.vcf.gz	1.534045 seconds
Concatenating /scratch/rohlfslab/abierly2/LongTR_indel2/longTR_pipeline_HG00188/HG00188.chr4.vcf.gz	1.497353 seconds
Concatenating /scratch/rohlfslab/abierly2/LongTR_indel2/longTR_pipeline_HG00188/HG00188.chr5.vcf.gz	1.375087 seconds
Concatenating /scratch/rohlfslab/abierly2/LongTR_indel2/longTR_pipeline_HG00188/HG00188.chr6.vcf.gz	1.340675 seconds
Concatenating /scratch/rohlfslab/abierly2/LongTR_indel2/longTR_pipeline_HG00188/HG00188.chr7.vcf.gz	1.288950 seconds
Concatenating /scratch/rohlfslab/abierly2/LongTR_indel2/longTR_pipeline_HG00188/HG00188.chr8.vcf.gz	1.113905 seconds
Concatenating /scratch/rohlfslab/abierly2/LongTR_indel2/longTR_pipeline_HG00188/HG00188.chr9.vcf.gz	0.936307 seconds
Concatenating /scratch/rohlfslab/abierly2/LongTR_indel2/longTR_pipeline_HG00188/HG00188.chrM.vcf.gz	0.000310 seconds
Concatenating /scratch/rohlfslab/abierly2/LongTR_indel2/longTR_pipeline_HG00188/HG00188.chrX.vcf.gz	0.280910 seconds
Concatenating /scratch/rohlfslab/abierly2/LongTR_indel2/longTR_pipeline_HG00188/HG00188.chrY.vcf.gz	0.013873 seconds
