Checking the headers and starting positions of 25 files
Concatenating /scratch/rohlfslab/abierly2/LongTR_indel2/longTR_pipeline_HG00103/HG00103.chr10.vcf.gz	0.676938 seconds
Concatenating /scratch/rohlfslab/abierly2/LongTR_indel2/longTR_pipeline_HG00103/HG00103.chr11.vcf.gz	0.642400 seconds
Concatenating /scratch/rohlfslab/abierly2/LongTR_indel2/longTR_pipeline_HG00103/HG00103.chr12.vcf.gz	0.676325 seconds
Concatenating /scratch/rohlfslab/abierly2/LongTR_indel2/longTR_pipeline_HG00103/HG00103.chr13.vcf.gz	0.472653 seconds
Concatenating /scratch/rohlfslab/abierly2/LongTR_indel2/longTR_pipeline_HG00103/HG00103.chr14.vcf.gz	0.450521 seconds
Concatenating /scratch/rohlfslab/abierly2/LongTR_indel2/longTR_pipeline_HG00103/HG00103.chr15.vcf.gz	0.417421 seconds
Concatenating /scratch/rohlfslab/abierly2/LongTR_indel2/longTR_pipeline_HG00103/HG00103.chr16.vcf.gz	0.382017 seconds
Concatenating /scratch/rohlfslab/abierly2/LongTR_indel2/longTR_pipeline_HG00103/HG00103.chr17.vcf.gz	0.437029 seconds
Concatenating /scratch/rohlfslab/abierly2/LongTR_indel2/longTR_pipeline_HG00103/HG00103.chr18.vcf.gz	0.342835 seconds
Concatenating /scratch/rohlfslab/abierly2/LongTR_indel2/longTR_pipeline_HG00103/HG00103.chr19.vcf.gz	0.277316 seconds
Concatenating /scratch/rohlfslab/abierly2/LongTR_indel2/longTR_pipeline_HG00103/HG00103.chr1.vcf.gz	1.201775 seconds
Concatenating /scratch/rohlfslab/abierly2/LongTR_indel2/longTR_pipeline_HG00103/HG00103.chr20.vcf.gz	0.274416 seconds
Concatenating /scratch/rohlfslab/abierly2/LongTR_indel2/longTR_pipeline_HG00103/HG00103.chr21.vcf.gz	0.158389 seconds
Concatenating /scratch/rohlfslab/abierly2/LongTR_indel2/longTR_pipeline_HG00103/HG00103.chr22.vcf.gz	0.174819 seconds
Concatenating /scratch/rohlfslab/abierly2/LongTR_indel2/longTR_pipeline_HG00103/HG00103.chr2.vcf.gz	1.234778 seconds
Concatenating /scratch/rohlfslab/abierly2/LongTR_indel2/longTR_pipeline_HG00103/HG00103.chr3.vcf.gz	0.998030 seconds
Concatenating /scratch/rohlfslab/abierly2/LongTR_indel2/longTR_pipeline_HG00103/HG00103.chr4.vcf.gz	0.972665 seconds
Concatenating /scratch/rohlfslab/abierly2/LongTR_indel2/longTR_pipeline_HG00103/HG00103.chr5.vcf.gz	0.880473 seconds
Concatenating /scratch/rohlfslab/abierly2/LongTR_indel2/longTR_pipeline_HG00103/HG00103.chr6.vcf.gz	0.851993 seconds
Concatenating /scratch/rohlfslab/abierly2/LongTR_indel2/longTR_pipeline_HG00103/HG00103.chr7.vcf.gz	0.795449 seconds
Concatenating /scratch/rohlfslab/abierly2/LongTR_indel2/longTR_pipeline_HG00103/HG00103.chr8.vcf.gz	0.706993 seconds
Concatenating /scratch/rohlfslab/abierly2/LongTR_indel2/longTR_pipeline_HG00103/HG00103.chr9.vcf.gz	0.590509 seconds
Concatenating /scratch/rohlfslab/abierly2/LongTR_indel2/longTR_pipeline_HG00103/HG00103.chrM.vcf.gz	0.000320 seconds
Concatenating /scratch/rohlfslab/abierly2/LongTR_indel2/longTR_pipeline_HG00103/HG00103.chrX.vcf.gz	0.074349 seconds
Concatenating /scratch/rohlfslab/abierly2/LongTR_indel2/longTR_pipeline_HG00103/HG00103.chrY.vcf.gz	0.002476 seconds
