Checking the headers and starting positions of 25 files
Concatenating /scratch/rohlfslab/abierly2/LongTR_indel2/longTR_pipeline_HG00106/HG00106.chr10.vcf.gz	0.911372 seconds
Concatenating /scratch/rohlfslab/abierly2/LongTR_indel2/longTR_pipeline_HG00106/HG00106.chr11.vcf.gz	0.872454 seconds
Concatenating /scratch/rohlfslab/abierly2/LongTR_indel2/longTR_pipeline_HG00106/HG00106.chr12.vcf.gz	0.928620 seconds
Concatenating /scratch/rohlfslab/abierly2/LongTR_indel2/longTR_pipeline_HG00106/HG00106.chr13.vcf.gz	0.640703 seconds
Concatenating /scratch/rohlfslab/abierly2/LongTR_indel2/longTR_pipeline_HG00106/HG00106.chr14.vcf.gz	0.617953 seconds
Concatenating /scratch/rohlfslab/abierly2/LongTR_indel2/longTR_pipeline_HG00106/HG00106.chr15.vcf.gz	0.584356 seconds
Concatenating /scratch/rohlfslab/abierly2/LongTR_indel2/longTR_pipeline_HG00106/HG00106.chr16.vcf.gz	0.581883 seconds
Concatenating /scratch/rohlfslab/abierly2/LongTR_indel2/longTR_pipeline_HG00106/HG00106.chr17.vcf.gz	0.604462 seconds
Concatenating /scratch/rohlfslab/abierly2/LongTR_indel2/longTR_pipeline_HG00106/HG00106.chr18.vcf.gz	0.459803 seconds
Concatenating /scratch/rohlfslab/abierly2/LongTR_indel2/longTR_pipeline_HG00106/HG00106.chr19.vcf.gz	0.507564 seconds
Concatenating /scratch/rohlfslab/abierly2/LongTR_indel2/longTR_pipeline_HG00106/HG00106.chr1.vcf.gz	1.653034 seconds
Concatenating /scratch/rohlfslab/abierly2/LongTR_indel2/longTR_pipeline_HG00106/HG00106.chr20.vcf.gz	0.390479 seconds
Concatenating /scratch/rohlfslab/abierly2/LongTR_indel2/longTR_pipeline_HG00106/HG00106.chr21.vcf.gz	0.224398 seconds
Concatenating /scratch/rohlfslab/abierly2/LongTR_indel2/longTR_pipeline_HG00106/HG00106.chr22.vcf.gz	0.269119 seconds
Concatenating /scratch/rohlfslab/abierly2/LongTR_indel2/longTR_pipeline_HG00106/HG00106.chr2.vcf.gz	1.695980 seconds
Concatenating /scratch/rohlfslab/abierly2/LongTR_indel2/longTR_pipeline_HG00106/HG00106.chr3.vcf.gz	1.315063 seconds
Concatenating /scratch/rohlfslab/abierly2/LongTR_indel2/longTR_pipeline_HG00106/HG00106.chr4.vcf.gz	1.276181 seconds
Concatenating /scratch/rohlfslab/abierly2/LongTR_indel2/longTR_pipeline_HG00106/HG00106.chr5.vcf.gz	1.200734 seconds
Concatenating /scratch/rohlfslab/abierly2/LongTR_indel2/longTR_pipeline_HG00106/HG00106.chr6.vcf.gz	1.174165 seconds
Concatenating /scratch/rohlfslab/abierly2/LongTR_indel2/longTR_pipeline_HG00106/HG00106.chr7.vcf.gz	1.097849 seconds
Concatenating /scratch/rohlfslab/abierly2/LongTR_indel2/longTR_pipeline_HG00106/HG00106.chr8.vcf.gz	0.965817 seconds
Concatenating /scratch/rohlfslab/abierly2/LongTR_indel2/longTR_pipeline_HG00106/HG00106.chr9.vcf.gz	0.808599 seconds
Concatenating /scratch/rohlfslab/abierly2/LongTR_indel2/longTR_pipeline_HG00106/HG00106.chrM.vcf.gz	0.000337 seconds
Concatenating /scratch/rohlfslab/abierly2/LongTR_indel2/longTR_pipeline_HG00106/HG00106.chrX.vcf.gz	0.976625 seconds
Concatenating /scratch/rohlfslab/abierly2/LongTR_indel2/longTR_pipeline_HG00106/HG00106.chrY.vcf.gz	0.000303 seconds
