Writing to /tmp/bcftools.XRlLp7
Merging 2 temporary files
Cleaning
Done
Writing to /tmp/bcftools.4jth8L
Merging 2 temporary files
Cleaning
Done
Writing to /tmp/bcftools.XxfW6P
Merging 2 temporary files
Cleaning
Done
Writing to /tmp/bcftools.NSNLxn
Merging 2 temporary files
Cleaning
Done
Writing to /tmp/bcftools.rd5gtt
Merging 1 temporary files
Cleaning
Done
Writing to /tmp/bcftools.RzIT46
Merging 2 temporary files
Cleaning
Done
Writing to /tmp/bcftools.jfBSV8
Merging 2 temporary files
Cleaning
Done
Writing to /tmp/bcftools.aXGC5I
Merging 2 temporary files
Cleaning
Done
Writing to /tmp/bcftools.FK4mZC
Merging 2 temporary files
Cleaning
Done
Writing to /tmp/bcftools.JcHfMw
Merging 2 temporary files
Cleaning
Done
Writing to /tmp/bcftools.vtHrMe
Merging 2 temporary files
slurmstepd: error: *** JOB 46005738 ON n0135 CANCELLED AT 2026-08-05T14:49:30 ***
