Writing to /tmp/bcftools.2IwDAj
Merging 2 temporary files
Cleaning
Done
Writing to /tmp/bcftools.3GPErS
Merging 2 temporary files
Cleaning
Done
Writing to /tmp/bcftools.dYwoGJ
Merging 2 temporary files
Cleaning
Done
Writing to /tmp/bcftools.uJOURb
Merging 2 temporary files
Cleaning
Done
Writing to /tmp/bcftools.IFW96b
Merging 1 temporary files
Cleaning
Done
Writing to /tmp/bcftools.L9YbvN
Merging 2 temporary files
Cleaning
Done
Writing to /tmp/bcftools.kW0lV7
Merging 2 temporary files
Cleaning
Done
Writing to /tmp/bcftools.ak4Ag0
Merging 2 temporary files
Cleaning
Done
Writing to /tmp/bcftools.0FU5Cc
Merging 2 temporary files
Cleaning
Done
Writing to /tmp/bcftools.S4TJuB
Merging 2 temporary files
Cleaning
Done
Writing to /tmp/bcftools.jWaV9J
Merging 2 temporary files
Cleaning
Done
Writing to /tmp/bcftools.2KsftJ
Merging 2 temporary files
Cleaning
Done
Writing to /tmp/bcftools.3LpLCw
Merging 2 temporary files
Cleaning
Done
Writing to /tmp/bcftools.xSJ9CX
Merging 2 temporary files
Cleaning
Done
Writing to /tmp/bcftools.kOsQM8
Merging 2 temporary files
Cleaning
Done
Writing to /tmp/bcftools.rdmCSG
Merging 2 temporary files
Cleaning
Done
Writing to /tmp/bcftools.I2QJf2
Merging 2 temporary files
Cleaning
Done
Writing to /tmp/bcftools.SZdYlM
Merging 2 temporary files
Cleaning
Done
Writing to /tmp/bcftools.RDl0Oq
Merging 2 temporary files
Cleaning
Done
Writing to /tmp/bcftools.1pCtr0
Merging 2 temporary files
Cleaning
Done
Writing to /tmp/bcftools.UGhIHf
Merging 2 temporary files
Cleaning
Done
Writing to /tmp/bcftools.uWgXxe
Merging 2 temporary files
Cleaning
Done
Writing to /tmp/bcftools.Y4gVmG
Merging 2 temporary files
Cleaning
Done
Writing to /tmp/bcftools.lLVB6w
Merging 2 temporary files
Cleaning
Done
Writing to /tmp/bcftools.DhXUhj
Merging 2 temporary files
Cleaning
Done
Writing to /tmp/bcftools.XuQESl
Merging 2 temporary files
Cleaning
Done
Writing to /tmp/bcftools.Z52gEC
Merging 2 temporary files
Cleaning
Done
Writing to /tmp/bcftools.q0cIsq
Merging 2 temporary files
Cleaning
Done
Writing to /tmp/bcftools.hn0yT6
Merging 2 temporary files
Cleaning
Done
Writing to /tmp/bcftools.AqmF6n
Merging 2 temporary files
Cleaning
Done
Writing to /tmp/bcftools.wmnYyf
Merging 2 temporary files
Cleaning
Done
Writing to /tmp/bcftools.GfvSpX
